task 1 -> n=20 set=mixed seed=2000
== n20_mixed_roberta_linear_lam0_seed2000 ==
 device=cuda arch=roberta readout=linear lambda=0.0 params=6,326,804
 step    5000 loss=0.25873 bce=0.25873 lap=0.00 lam=0.0e+00 val=0.4294 2ch=0.000 2cl=1.000 34s
 step   10000 loss=0.08029 bce=0.08029 lap=0.00 lam=0.0e+00 val=0.6784 2ch=0.000 2cl=1.000 33s
 step   15000 loss=0.04619 bce=0.04619 lap=0.00 lam=0.0e+00 val=0.7744 2ch=0.000 2cl=1.000 33s
 step   20000 loss=0.03162 bce=0.03162 lap=0.00 lam=0.0e+00 val=0.7850 2ch=0.000 2cl=1.000 34s
 step   25000 loss=0.02467 bce=0.02467 lap=0.00 lam=0.0e+00 val=0.8110 2ch=0.130 2cl=1.000 34s
 step   30000 loss=0.02083 bce=0.02083 lap=0.00 lam=0.0e+00 val=0.9098 2ch=0.839 2cl=1.000 34s
 step   35000 loss=0.01835 bce=0.01835 lap=0.00 lam=0.0e+00 val=0.9238 2ch=0.943 2cl=1.000 34s
 step   40000 loss=0.01642 bce=0.01642 lap=0.00 lam=0.0e+00 val=0.9328 2ch=0.998 2cl=1.000 34s
 step   45000 loss=0.01471 bce=0.01471 lap=0.00 lam=0.0e+00 val=0.9402 2ch=0.998 2cl=1.000 34s
 step   50000 loss=0.01178 bce=0.01178 lap=0.00 lam=0.0e+00 val=0.9604 2ch=1.000 2cl=1.000 34s
 step   55000 loss=0.01011 bce=0.01011 lap=0.00 lam=0.0e+00 val=0.9656 2ch=1.000 2cl=1.000 34s
 step   60000 loss=0.00927 bce=0.00927 lap=0.00 lam=0.0e+00 val=0.9638 2ch=1.000 2cl=1.000 34s
 step   65000 loss=0.00868 bce=0.00868 lap=0.00 lam=0.0e+00 val=0.9636 2ch=1.000 2cl=1.000 34s
 step   70000 loss=0.00821 bce=0.00821 lap=0.00 lam=0.0e+00 val=0.9664 2ch=1.000 2cl=1.000 34s
 step   75000 loss=0.00781 bce=0.00781 lap=0.00 lam=0.0e+00 val=0.9670 2ch=1.000 2cl=1.000 34s
 step   80000 loss=0.00749 bce=0.00749 lap=0.00 lam=0.0e+00 val=0.9664 2ch=0.999 2cl=1.000 34s
 step   85000 loss=0.00721 bce=0.00721 lap=0.00 lam=0.0e+00 val=0.9688 2ch=1.000 2cl=1.000 34s
 step   90000 loss=0.00693 bce=0.00693 lap=0.00 lam=0.0e+00 val=0.9686 2ch=1.000 2cl=1.000 34s
 step   95000 loss=0.00671 bce=0.00671 lap=0.00 lam=0.0e+00 val=0.9686 2ch=1.000 2cl=1.000 34s
 step  100000 loss=0.00655 bce=0.00655 lap=0.00 lam=0.0e+00 val=0.9716 2ch=1.000 2cl=1.000 34s
 step  105000 loss=0.00630 bce=0.00630 lap=0.00 lam=0.0e+00 val=0.9686 2ch=1.000 2cl=1.000 34s
 step  110000 loss=0.00618 bce=0.00618 lap=0.00 lam=0.0e+00 val=0.9730 2ch=1.000 2cl=1.000 34s
 step  115000 loss=0.00603 bce=0.00603 lap=0.00 lam=0.0e+00 val=0.9748 2ch=1.000 2cl=1.000 34s
 step  120000 loss=0.00590 bce=0.00590 lap=0.00 lam=0.0e+00 val=0.9730 2ch=1.000 2cl=1.000 34s
 step  125000 loss=0.00578 bce=0.00578 lap=0.00 lam=0.0e+00 val=0.9762 2ch=1.000 2cl=1.000 34s
 step  130000 loss=0.00567 bce=0.00567 lap=0.00 lam=0.0e+00 val=0.9752 2ch=1.000 2cl=1.000 34s
 step  135000 loss=0.00559 bce=0.00559 lap=0.00 lam=0.0e+00 val=0.9754 2ch=1.000 2cl=1.000 34s
 step  140000 loss=0.00549 bce=0.00549 lap=0.00 lam=0.0e+00 val=0.9744 2ch=1.000 2cl=1.000 34s
 step  145000 loss=0.00541 bce=0.00541 lap=0.00 lam=0.0e+00 val=0.9772 2ch=1.000 2cl=1.000 34s
 step  150000 loss=0.00533 bce=0.00533 lap=0.00 lam=0.0e+00 val=0.9768 2ch=1.000 2cl=1.000 34s
 step  155000 loss=0.00528 bce=0.00528 lap=0.00 lam=0.0e+00 val=0.9784 2ch=1.000 2cl=1.000 33s
 step  160000 loss=0.00520 bce=0.00520 lap=0.00 lam=0.0e+00 val=0.9762 2ch=1.000 2cl=1.000 34s
 step  165000 loss=0.00515 bce=0.00515 lap=0.00 lam=0.0e+00 val=0.9776 2ch=1.000 2cl=1.000 34s
 step  170000 loss=0.00507 bce=0.00507 lap=0.00 lam=0.0e+00 val=0.9788 2ch=1.000 2cl=1.000 33s
 step  175000 loss=0.00505 bce=0.00505 lap=0.00 lam=0.0e+00 val=0.9716 2ch=0.997 2cl=1.000 34s
 step  180000 loss=0.00501 bce=0.00501 lap=0.00 lam=0.0e+00 val=0.9776 2ch=1.000 2cl=1.000 34s
 step  185000 loss=0.00492 bce=0.00492 lap=0.00 lam=0.0e+00 val=0.9782 2ch=1.000 2cl=1.000 33s
 step  190000 loss=0.00488 bce=0.00488 lap=0.00 lam=0.0e+00 val=0.9778 2ch=1.000 2cl=1.000 34s
 step  195000 loss=0.00484 bce=0.00484 lap=0.00 lam=0.0e+00 val=0.9782 2ch=1.000 2cl=1.000 34s
 step  200000 loss=0.00480 bce=0.00480 lap=0.00 lam=0.0e+00 val=0.9778 2ch=1.000 2cl=1.000 34s
 step  205000 loss=0.00476 bce=0.00476 lap=0.00 lam=0.0e+00 val=0.9778 2ch=1.000 2cl=1.000 33s
 step  210000 loss=0.00474 bce=0.00474 lap=0.00 lam=0.0e+00 val=0.9782 2ch=1.000 2cl=1.000 34s
 step  215000 loss=0.00468 bce=0.00468 lap=0.00 lam=0.0e+00 val=0.9786 2ch=1.000 2cl=1.000 33s
 step  220000 loss=0.00464 bce=0.00464 lap=0.00 lam=0.0e+00 val=0.9786 2ch=1.000 2cl=1.000 34s
 step  225000 loss=0.00461 bce=0.00461 lap=0.00 lam=0.0e+00 val=0.9786 2ch=1.000 2cl=1.000 34s
 step  230000 loss=0.00458 bce=0.00458 lap=0.00 lam=0.0e+00 val=0.9780 2ch=1.000 2cl=1.000 34s
 step  235000 loss=0.00454 bce=0.00454 lap=0.00 lam=0.0e+00 val=0.9784 2ch=1.000 2cl=1.000 33s
 step  240000 loss=0.00452 bce=0.00452 lap=0.00 lam=0.0e+00 val=0.9782 2ch=1.000 2cl=1.000 33s
 step  245000 loss=0.00447 bce=0.00447 lap=0.00 lam=0.0e+00 val=0.9792 2ch=1.000 2cl=1.000 33s
 step  250000 loss=0.00444 bce=0.00444 lap=0.00 lam=0.0e+00 val=0.9786 2ch=1.000 2cl=1.000 34s
 step  255000 loss=0.00445 bce=0.00445 lap=0.00 lam=0.0e+00 val=0.9320 2ch=0.913 2cl=1.000 33s
 step  260000 loss=0.00436 bce=0.00436 lap=0.00 lam=0.0e+00 val=0.9790 2ch=1.000 2cl=1.000 33s
 step  265000 loss=0.00433 bce=0.00433 lap=0.00 lam=0.0e+00 val=0.9788 2ch=1.000 2cl=1.000 34s
 step  270000 loss=0.00429 bce=0.00429 lap=0.00 lam=0.0e+00 val=0.9778 2ch=1.000 2cl=1.000 34s
 step  275000 loss=0.00428 bce=0.00428 lap=0.00 lam=0.0e+00 val=0.9798 2ch=1.000 2cl=1.000 34s
 step  280000 loss=0.00422 bce=0.00422 lap=0.00 lam=0.0e+00 val=0.9790 2ch=1.000 2cl=1.000 34s
 step  285000 loss=0.00420 bce=0.00420 lap=0.00 lam=0.0e+00 val=0.9786 2ch=1.000 2cl=1.000 34s
 step  290000 loss=0.00417 bce=0.00417 lap=0.00 lam=0.0e+00 val=0.9780 2ch=1.000 2cl=1.000 34s
 step  295000 loss=0.00415 bce=0.00415 lap=0.00 lam=0.0e+00 val=0.9784 2ch=1.000 2cl=1.000 34s
 step  300000 loss=0.00410 bce=0.00410 lap=0.00 lam=0.0e+00 val=0.9796 2ch=1.000 2cl=1.000 34s
 step  305000 loss=0.00407 bce=0.00407 lap=0.00 lam=0.0e+00 val=0.9796 2ch=1.000 2cl=1.000 34s
 step  310000 loss=0.00405 bce=0.00405 lap=0.00 lam=0.0e+00 val=0.9792 2ch=1.000 2cl=1.000 34s
 step  315000 loss=0.00402 bce=0.00402 lap=0.00 lam=0.0e+00 val=0.9800 2ch=1.000 2cl=1.000 33s
 step  320000 loss=0.00400 bce=0.00400 lap=0.00 lam=0.0e+00 val=0.9792 2ch=1.000 2cl=1.000 34s
 step  325000 loss=0.00395 bce=0.00395 lap=0.00 lam=0.0e+00 val=0.9796 2ch=1.000 2cl=1.000 34s
 step  330000 loss=0.00394 bce=0.00394 lap=0.00 lam=0.0e+00 val=0.9796 2ch=1.000 2cl=1.000 33s
 step  335000 loss=0.00390 bce=0.00390 lap=0.00 lam=0.0e+00 val=0.9796 2ch=1.000 2cl=1.000 34s
 step  340000 loss=0.00387 bce=0.00387 lap=0.00 lam=0.0e+00 val=0.9800 2ch=1.000 2cl=1.000 33s
 step  345000 loss=0.00384 bce=0.00384 lap=0.00 lam=0.0e+00 val=0.9790 2ch=1.000 2cl=1.000 33s
 step  350000 loss=0.00379 bce=0.00379 lap=0.00 lam=0.0e+00 val=0.9802 2ch=1.000 2cl=1.000 33s
 step  355000 loss=0.00374 bce=0.00374 lap=0.00 lam=0.0e+00 val=0.9792 2ch=1.000 2cl=1.000 34s
 step  360000 loss=0.00368 bce=0.00368 lap=0.00 lam=0.0e+00 val=0.9808 2ch=1.000 2cl=1.000 33s
 step  365000 loss=0.00363 bce=0.00363 lap=0.00 lam=0.0e+00 val=0.9806 2ch=1.000 2cl=1.000 34s
 step  370000 loss=0.00357 bce=0.00357 lap=0.00 lam=0.0e+00 val=0.9796 2ch=1.000 2cl=1.000 33s
 step  375000 loss=0.00353 bce=0.00353 lap=0.00 lam=0.0e+00 val=0.9812 2ch=1.000 2cl=1.000 34s
 step  380000 loss=0.00347 bce=0.00347 lap=0.00 lam=0.0e+00 val=0.9810 2ch=1.000 2cl=1.000 34s
 step  385000 loss=0.00342 bce=0.00342 lap=0.00 lam=0.0e+00 val=0.9822 2ch=1.000 2cl=1.000 34s
 step  390000 loss=0.00335 bce=0.00335 lap=0.00 lam=0.0e+00 val=0.9836 2ch=1.000 2cl=1.000 34s
 step  395000 loss=0.00331 bce=0.00331 lap=0.00 lam=0.0e+00 val=0.9828 2ch=1.000 2cl=1.000 34s
 step  400000 loss=0.00327 bce=0.00327 lap=0.00 lam=0.0e+00 val=0.9826 2ch=1.000 2cl=1.000 34s
 step  405000 loss=0.00322 bce=0.00322 lap=0.00 lam=0.0e+00 val=0.9832 2ch=1.000 2cl=1.000 34s
 step  410000 loss=0.00317 bce=0.00317 lap=0.00 lam=0.0e+00 val=0.9840 2ch=1.000 2cl=1.000 34s
 step  415000 loss=0.00314 bce=0.00314 lap=0.00 lam=0.0e+00 val=0.9838 2ch=1.000 2cl=1.000 34s
 step  420000 loss=0.00311 bce=0.00311 lap=0.00 lam=0.0e+00 val=0.9830 2ch=1.000 2cl=1.000 33s
 step  425000 loss=0.00305 bce=0.00305 lap=0.00 lam=0.0e+00 val=0.9850 2ch=1.000 2cl=1.000 33s
 step  430000 loss=0.00301 bce=0.00301 lap=0.00 lam=0.0e+00 val=0.9840 2ch=1.000 2cl=1.000 34s
 step  435000 loss=0.00298 bce=0.00298 lap=0.00 lam=0.0e+00 val=0.9836 2ch=1.000 2cl=1.000 34s
 step  440000 loss=0.00295 bce=0.00295 lap=0.00 lam=0.0e+00 val=0.9842 2ch=1.000 2cl=1.000 34s
 step  445000 loss=0.00291 bce=0.00291 lap=0.00 lam=0.0e+00 val=0.9866 2ch=1.000 2cl=1.000 33s
 step  450000 loss=0.00289 bce=0.00289 lap=0.00 lam=0.0e+00 val=0.9854 2ch=1.000 2cl=1.000 34s
 step  455000 loss=0.00285 bce=0.00285 lap=0.00 lam=0.0e+00 val=0.9844 2ch=1.000 2cl=1.000 33s
 step  460000 loss=0.00282 bce=0.00282 lap=0.00 lam=0.0e+00 val=0.9862 2ch=1.000 2cl=1.000 34s
 step  465000 loss=0.00279 bce=0.00279 lap=0.00 lam=0.0e+00 val=0.9848 2ch=1.000 2cl=1.000 34s
 step  470000 loss=0.00277 bce=0.00277 lap=0.00 lam=0.0e+00 val=0.9870 2ch=1.000 2cl=1.000 34s
 step  475000 loss=0.00273 bce=0.00273 lap=0.00 lam=0.0e+00 val=0.9864 2ch=1.000 2cl=1.000 34s
 step  480000 loss=0.00271 bce=0.00271 lap=0.00 lam=0.0e+00 val=0.9860 2ch=1.000 2cl=1.000 33s
 step  485000 loss=0.00268 bce=0.00268 lap=0.00 lam=0.0e+00 val=0.9860 2ch=1.000 2cl=1.000 34s
 step  490000 loss=0.00266 bce=0.00266 lap=0.00 lam=0.0e+00 val=0.9862 2ch=1.000 2cl=1.000 33s
 step  495000 loss=0.00263 bce=0.00263 lap=0.00 lam=0.0e+00 val=0.9866 2ch=1.000 2cl=1.000 33s
 step  500000 loss=0.00260 bce=0.00260 lap=0.00 lam=0.0e+00 val=0.9854 2ch=1.000 2cl=1.000 33s
 step  505000 loss=0.00259 bce=0.00259 lap=0.00 lam=0.0e+00 val=0.9862 2ch=1.000 2cl=1.000 33s
 step  510000 loss=0.00257 bce=0.00257 lap=0.00 lam=0.0e+00 val=0.9862 2ch=1.000 2cl=1.000 33s
 step  515000 loss=0.00254 bce=0.00254 lap=0.00 lam=0.0e+00 val=0.9872 2ch=1.000 2cl=1.000 34s
 step  520000 loss=0.00252 bce=0.00252 lap=0.00 lam=0.0e+00 val=0.9864 2ch=1.000 2cl=1.000 33s
 step  525000 loss=0.00250 bce=0.00250 lap=0.00 lam=0.0e+00 val=0.9868 2ch=1.000 2cl=1.000 34s
 step  530000 loss=0.00249 bce=0.00249 lap=0.00 lam=0.0e+00 val=0.9858 2ch=1.000 2cl=1.000 33s
 step  535000 loss=0.00246 bce=0.00246 lap=0.00 lam=0.0e+00 val=0.9870 2ch=1.000 2cl=1.000 33s
 step  540000 loss=0.00243 bce=0.00243 lap=0.00 lam=0.0e+00 val=0.9876 2ch=1.000 2cl=1.000 33s
 step  545000 loss=0.00242 bce=0.00242 lap=0.00 lam=0.0e+00 val=0.9876 2ch=1.000 2cl=1.000 33s
 step  550000 loss=0.00241 bce=0.00241 lap=0.00 lam=0.0e+00 val=0.9860 2ch=1.000 2cl=1.000 33s
 step  555000 loss=0.00237 bce=0.00237 lap=0.00 lam=0.0e+00 val=0.9874 2ch=1.000 2cl=1.000 33s
 step  560000 loss=0.00237 bce=0.00237 lap=0.00 lam=0.0e+00 val=0.9882 2ch=1.000 2cl=1.000 34s
 step  565000 loss=0.00235 bce=0.00235 lap=0.00 lam=0.0e+00 val=0.9882 2ch=1.000 2cl=1.000 34s
 step  570000 loss=0.00233 bce=0.00233 lap=0.00 lam=0.0e+00 val=0.9896 2ch=1.000 2cl=1.000 33s
 step  575000 loss=0.00231 bce=0.00231 lap=0.00 lam=0.0e+00 val=0.9888 2ch=1.000 2cl=1.000 33s
 step  580000 loss=0.00230 bce=0.00230 lap=0.00 lam=0.0e+00 val=0.9882 2ch=1.000 2cl=1.000 33s
 step  585000 loss=0.00228 bce=0.00228 lap=0.00 lam=0.0e+00 val=0.9876 2ch=1.000 2cl=1.000 33s
 step  590000 loss=0.00226 bce=0.00226 lap=0.00 lam=0.0e+00 val=0.9880 2ch=1.000 2cl=1.000 34s
 step  595000 loss=0.00224 bce=0.00224 lap=0.00 lam=0.0e+00 val=0.9892 2ch=1.000 2cl=1.000 33s
 step  600000 loss=0.00223 bce=0.00223 lap=0.00 lam=0.0e+00 val=0.9896 2ch=1.000 2cl=1.000 33s
 step  605000 loss=0.00222 bce=0.00222 lap=0.00 lam=0.0e+00 val=0.9886 2ch=1.000 2cl=1.000 33s
 step  610000 loss=0.00220 bce=0.00220 lap=0.00 lam=0.0e+00 val=0.9878 2ch=1.000 2cl=1.000 33s
 step  615000 loss=0.00217 bce=0.00217 lap=0.00 lam=0.0e+00 val=0.9892 2ch=1.000 2cl=1.000 33s
 step  620000 loss=0.00217 bce=0.00217 lap=0.00 lam=0.0e+00 val=0.9884 2ch=1.000 2cl=1.000 33s
 step  625000 loss=0.00215 bce=0.00215 lap=0.00 lam=0.0e+00 val=0.9888 2ch=1.000 2cl=1.000 33s
 step  630000 loss=0.00214 bce=0.00214 lap=0.00 lam=0.0e+00 val=0.9882 2ch=1.000 2cl=1.000 33s
 step  635000 loss=0.00213 bce=0.00213 lap=0.00 lam=0.0e+00 val=0.9892 2ch=1.000 2cl=1.000 34s
 step  640000 loss=0.00212 bce=0.00212 lap=0.00 lam=0.0e+00 val=0.9900 2ch=1.000 2cl=1.000 33s
 step  645000 loss=0.00210 bce=0.00210 lap=0.00 lam=0.0e+00 val=0.9900 2ch=1.000 2cl=1.000 33s
 step  650000 loss=0.00209 bce=0.00209 lap=0.00 lam=0.0e+00 val=0.9896 2ch=1.000 2cl=1.000 33s
 step  655000 loss=0.00207 bce=0.00207 lap=0.00 lam=0.0e+00 val=0.9912 2ch=1.000 2cl=1.000 33s
 step  660000 loss=0.00207 bce=0.00207 lap=0.00 lam=0.0e+00 val=0.9886 2ch=1.000 2cl=1.000 34s
 step  665000 loss=0.00205 bce=0.00205 lap=0.00 lam=0.0e+00 val=0.9900 2ch=1.000 2cl=1.000 33s
 step  670000 loss=0.00204 bce=0.00204 lap=0.00 lam=0.0e+00 val=0.9900 2ch=1.000 2cl=1.000 33s
 step  675000 loss=0.00202 bce=0.00202 lap=0.00 lam=0.0e+00 val=0.9896 2ch=1.000 2cl=1.000 33s
 step  680000 loss=0.00201 bce=0.00201 lap=0.00 lam=0.0e+00 val=0.9906 2ch=1.000 2cl=1.000 33s
 step  685000 loss=0.00200 bce=0.00200 lap=0.00 lam=0.0e+00 val=0.9896 2ch=1.000 2cl=1.000 33s
 step  690000 loss=0.00199 bce=0.00199 lap=0.00 lam=0.0e+00 val=0.9902 2ch=1.000 2cl=1.000 33s
 step  695000 loss=0.00198 bce=0.00198 lap=0.00 lam=0.0e+00 val=0.9894 2ch=1.000 2cl=1.000 34s
 step  700000 loss=0.00196 bce=0.00196 lap=0.00 lam=0.0e+00 val=0.9898 2ch=1.000 2cl=1.000 33s
 step  705000 loss=0.00195 bce=0.00195 lap=0.00 lam=0.0e+00 val=0.9904 2ch=1.000 2cl=1.000 33s
 step  710000 loss=0.00195 bce=0.00195 lap=0.00 lam=0.0e+00 val=0.9910 2ch=1.000 2cl=1.000 33s
 step  715000 loss=0.00193 bce=0.00193 lap=0.00 lam=0.0e+00 val=0.9890 2ch=1.000 2cl=1.000 33s
 step  720000 loss=0.00194 bce=0.00194 lap=0.00 lam=0.0e+00 val=0.9898 2ch=1.000 2cl=1.000 33s
 step  725000 loss=0.00191 bce=0.00191 lap=0.00 lam=0.0e+00 val=0.9898 2ch=1.000 2cl=1.000 33s
 step  730000 loss=0.00191 bce=0.00191 lap=0.00 lam=0.0e+00 val=0.9904 2ch=1.000 2cl=1.000 33s
 step  735000 loss=0.00191 bce=0.00191 lap=0.00 lam=0.0e+00 val=0.9902 2ch=1.000 2cl=1.000 33s
 step  740000 loss=0.00190 bce=0.00190 lap=0.00 lam=0.0e+00 val=0.9916 2ch=1.000 2cl=1.000 33s
 step  745000 loss=0.00188 bce=0.00188 lap=0.00 lam=0.0e+00 val=0.9916 2ch=1.000 2cl=1.000 34s
 step  750000 loss=0.00187 bce=0.00187 lap=0.00 lam=0.0e+00 val=0.9914 2ch=1.000 2cl=1.000 33s
 step  755000 loss=0.00186 bce=0.00186 lap=0.00 lam=0.0e+00 val=0.9910 2ch=1.000 2cl=1.000 33s
 step  760000 loss=0.00186 bce=0.00186 lap=0.00 lam=0.0e+00 val=0.9914 2ch=1.000 2cl=1.000 34s
 step  765000 loss=0.00185 bce=0.00185 lap=0.00 lam=0.0e+00 val=0.9920 2ch=1.000 2cl=1.000 33s
 step  770000 loss=0.00185 bce=0.00185 lap=0.00 lam=0.0e+00 val=0.9904 2ch=1.000 2cl=1.000 34s
 step  775000 loss=0.00184 bce=0.00184 lap=0.00 lam=0.0e+00 val=0.9912 2ch=1.000 2cl=1.000 34s
 step  780000 loss=0.00183 bce=0.00183 lap=0.00 lam=0.0e+00 val=0.9912 2ch=1.000 2cl=1.000 34s
 step  785000 loss=0.00181 bce=0.00181 lap=0.00 lam=0.0e+00 val=0.9910 2ch=1.000 2cl=1.000 34s
 step  790000 loss=0.00181 bce=0.00181 lap=0.00 lam=0.0e+00 val=0.9916 2ch=1.000 2cl=1.000 33s
 step  795000 loss=0.00181 bce=0.00181 lap=0.00 lam=0.0e+00 val=0.9912 2ch=1.000 2cl=1.000 33s
 step  800000 loss=0.00180 bce=0.00180 lap=0.00 lam=0.0e+00 val=0.9916 2ch=1.000 2cl=1.000 34s
 step  805000 loss=0.00179 bce=0.00179 lap=0.00 lam=0.0e+00 val=0.9918 2ch=1.000 2cl=1.000 33s
 step  810000 loss=0.00179 bce=0.00179 lap=0.00 lam=0.0e+00 val=0.9922 2ch=1.000 2cl=1.000 34s
 step  815000 loss=0.00179 bce=0.00179 lap=0.00 lam=0.0e+00 val=0.9920 2ch=1.000 2cl=1.000 33s
 step  820000 loss=0.00178 bce=0.00178 lap=0.00 lam=0.0e+00 val=0.9916 2ch=1.000 2cl=1.000 34s
 step  825000 loss=0.00177 bce=0.00177 lap=0.00 lam=0.0e+00 val=0.9926 2ch=1.000 2cl=1.000 33s
 step  830000 loss=0.00177 bce=0.00177 lap=0.00 lam=0.0e+00 val=0.9918 2ch=1.000 2cl=1.000 33s
 step  835000 loss=0.00176 bce=0.00176 lap=0.00 lam=0.0e+00 val=0.9922 2ch=1.000 2cl=1.000 33s
 step  840000 loss=0.00176 bce=0.00176 lap=0.00 lam=0.0e+00 val=0.9924 2ch=1.000 2cl=1.000 33s
 step  845000 loss=0.00175 bce=0.00175 lap=0.00 lam=0.0e+00 val=0.9920 2ch=1.000 2cl=1.000 33s
 step  850000 loss=0.00174 bce=0.00174 lap=0.00 lam=0.0e+00 val=0.9922 2ch=1.000 2cl=1.000 34s
 step  855000 loss=0.00174 bce=0.00174 lap=0.00 lam=0.0e+00 val=0.9922 2ch=1.000 2cl=1.000 33s
 step  860000 loss=0.00173 bce=0.00173 lap=0.00 lam=0.0e+00 val=0.9914 2ch=1.000 2cl=1.000 33s
 step  865000 loss=0.00174 bce=0.00174 lap=0.00 lam=0.0e+00 val=0.9918 2ch=1.000 2cl=1.000 33s
 step  870000 loss=0.00174 bce=0.00174 lap=0.00 lam=0.0e+00 val=0.9926 2ch=1.000 2cl=1.000 33s
 step  875000 loss=0.00172 bce=0.00172 lap=0.00 lam=0.0e+00 val=0.9920 2ch=1.000 2cl=1.000 33s
 step  880000 loss=0.00171 bce=0.00171 lap=0.00 lam=0.0e+00 val=0.9922 2ch=1.000 2cl=1.000 33s
 step  885000 loss=0.00172 bce=0.00172 lap=0.00 lam=0.0e+00 val=0.9922 2ch=1.000 2cl=1.000 33s
 step  890000 loss=0.00171 bce=0.00171 lap=0.00 lam=0.0e+00 val=0.9926 2ch=1.000 2cl=1.000 33s
 step  895000 loss=0.00172 bce=0.00172 lap=0.00 lam=0.0e+00 val=0.9920 2ch=1.000 2cl=1.000 33s
 step  900000 loss=0.00172 bce=0.00172 lap=0.00 lam=0.0e+00 val=0.9924 2ch=1.000 2cl=1.000 33s
 step  905000 loss=0.00171 bce=0.00171 lap=0.00 lam=0.0e+00 val=0.9928 2ch=1.000 2cl=1.000 34s
 step  910000 loss=0.00171 bce=0.00171 lap=0.00 lam=0.0e+00 val=0.9924 2ch=1.000 2cl=1.000 33s
 step  915000 loss=0.00171 bce=0.00171 lap=0.00 lam=0.0e+00 val=0.9926 2ch=1.000 2cl=1.000 33s
 step  920000 loss=0.00170 bce=0.00170 lap=0.00 lam=0.0e+00 val=0.9926 2ch=1.000 2cl=1.000 33s
 step  925000 loss=0.00170 bce=0.00170 lap=0.00 lam=0.0e+00 val=0.9930 2ch=1.000 2cl=1.000 34s
 step  930000 loss=0.00170 bce=0.00170 lap=0.00 lam=0.0e+00 val=0.9930 2ch=1.000 2cl=1.000 34s
 step  935000 loss=0.00170 bce=0.00170 lap=0.00 lam=0.0e+00 val=0.9926 2ch=1.000 2cl=1.000 33s
 step  940000 loss=0.00169 bce=0.00169 lap=0.00 lam=0.0e+00 val=0.9926 2ch=1.000 2cl=1.000 33s
 step  945000 loss=0.00169 bce=0.00169 lap=0.00 lam=0.0e+00 val=0.9930 2ch=1.000 2cl=1.000 33s
 step  950000 loss=0.00169 bce=0.00169 lap=0.00 lam=0.0e+00 val=0.9928 2ch=1.000 2cl=1.000 33s
 step  955000 loss=0.00169 bce=0.00169 lap=0.00 lam=0.0e+00 val=0.9924 2ch=1.000 2cl=1.000 34s
 step  960000 loss=0.00168 bce=0.00168 lap=0.00 lam=0.0e+00 val=0.9926 2ch=1.000 2cl=1.000 33s
 step  965000 loss=0.00169 bce=0.00169 lap=0.00 lam=0.0e+00 val=0.9928 2ch=1.000 2cl=1.000 33s
 step  970000 loss=0.00169 bce=0.00169 lap=0.00 lam=0.0e+00 val=0.9928 2ch=1.000 2cl=1.000 34s
 step  975000 loss=0.00169 bce=0.00169 lap=0.00 lam=0.0e+00 val=0.9926 2ch=1.000 2cl=1.000 33s
 step  980000 loss=0.00169 bce=0.00169 lap=0.00 lam=0.0e+00 val=0.9928 2ch=1.000 2cl=1.000 33s
 step  985000 loss=0.00168 bce=0.00168 lap=0.00 lam=0.0e+00 val=0.9928 2ch=1.000 2cl=1.000 33s
 step  990000 loss=0.00168 bce=0.00168 lap=0.00 lam=0.0e+00 val=0.9928 2ch=1.000 2cl=1.000 33s
 step  995000 loss=0.00169 bce=0.00169 lap=0.00 lam=0.0e+00 val=0.9930 2ch=1.000 2cl=1.000 33s
 step 1000000 loss=0.00169 bce=0.00169 lap=0.00 lam=0.0e+00 val=0.9928 2ch=1.000 2cl=1.000 34s
done. best in-dist exact=0.9930  -> runs/report5/base_n20/n20_mixed_roberta_linear_lam0_seed2000
auto-eval bridged: runs/report5/base_n20/n20_mixed_roberta_linear_lam0_seed2000/last.pt
checkpoint=runs/report5/base_n20/n20_mixed_roberta_linear_lam0_seed2000/last.pt
  arch=roberta readout=linear n=20 L=2 device=cuda
  [bridged] exact=0.000 withinA=1.000 withinB=1.000 cross=0.005 crossPredConn=0.005
  [split] exact=1.000 withinA=1.000 withinB=1.000 cross=1.000 crossPredConn=0.000
  discrimination acc=0.500 (bridged->conn 0.00, split->conn 0.00)
  c= 2  model cross=1.000 disc=1.000 | MP=1.00 BFS(b=c)=0.19 DFS(b=c)=0.19
  c= 3  model cross=1.000 disc=1.000 | MP=1.00 BFS(b=c)=0.10 DFS(b=c)=0.31
  c= 4  model cross=1.000 disc=1.000 | MP=1.00 BFS(b=c)=0.06 DFS(b=c)=0.44
  c= 5  model cross=1.000 disc=1.000 | MP=1.00 BFS(b=c)=0.04 DFS(b=c)=0.47
  c= 6  model cross=0.899 disc=0.996 | MP=1.00 BFS(b=c)=0.03 DFS(b=c)=0.54
  c= 7  model cross=0.265 disc=0.500 | MP=1.00 BFS(b=c)=0.02 DFS(b=c)=0.56
  c= 8  model cross=0.130 disc=0.500 | MP=1.00 BFS(b=c)=0.02 DFS(b=c)=0.59
  c= 9  model cross=0.066 disc=0.500 | MP=1.00 BFS(b=c)=0.01 DFS(b=c)=0.61
  c=10  model cross=0.005 disc=0.500 | MP=1.00 BFS(b=c)=0.01 DFS(b=c)=0.62
  saved -> runs/report5/bridged_cliques/n20_mixed_seed2000/bridged_cliques.json
loaded roberta/linear n=20 L=2 from runs/report5/base_n20/n20_mixed_roberta_linear_lam0_seed2000/last.pt
  er             exact=0.998 pairwise=1.000 reach=1.000 disc=1.000
  er_blocks      exact=1.000 pairwise=1.000 reach=1.000 disc=1.000
  clique_blocks  exact=1.000 pairwise=1.000 reach=1.000 disc=1.000
  path_union     exact=0.933 pairwise=0.999 reach=1.000 disc=0.999
  2chains        exact=1.000 pairwise=1.000 reach=1.000 disc=1.000
  2cliques       exact=1.000 pairwise=1.000 reach=1.000 disc=1.000
  1cycle         exact=1.000 pairwise=1.000 reach=1.000 disc=  n/a
  2cycle         exact=1.000 pairwise=1.000 reach=1.000 disc=1.000
  1chain         exact=1.000 pairwise=1.000 reach=1.000 disc=  n/a
  chain_plus     exact=0.788 pairwise=0.997 reach=1.000 disc=0.993
  barbell        exact=0.000 pairwise=0.710 reach=0.710 disc=  n/a
  barbell_var    exact=0.295 pairwise=0.739 reach=0.739 disc=  n/a
  expander       exact=1.000 pairwise=1.000 reach=1.000 disc=  n/a
  expander_var   exact=1.000 pairwise=1.000 reach=1.000 disc=  n/a
saved -> runs/report5/base_n20/n20_mixed_roberta_linear_lam0_seed2000/families/families_eval.json (+ png)
