task 1 -> n=40 set=mixed seed=1000
== n40_mixed_roberta_linear_lam0_seed1000 ==
 device=cuda arch=roberta readout=linear lambda=0.0 params=6,347,304
 step    5000 loss=0.32698 bce=0.32698 lap=0.00 lam=0.0e+00 val=0.5990 2ch=0.000 2cl=1.000 60s
 step   10000 loss=0.24519 bce=0.24519 lap=0.00 lam=0.0e+00 val=0.6318 2ch=0.000 2cl=1.000 60s
 step   15000 loss=0.22800 bce=0.22800 lap=0.00 lam=0.0e+00 val=0.6076 2ch=0.000 2cl=1.000 60s
 step   20000 loss=0.21093 bce=0.21093 lap=0.00 lam=0.0e+00 val=0.5176 2ch=0.000 2cl=1.000 60s
 step   25000 loss=0.20281 bce=0.20281 lap=0.00 lam=0.0e+00 val=0.6214 2ch=0.000 2cl=1.000 60s
 step   30000 loss=0.19623 bce=0.19623 lap=0.00 lam=0.0e+00 val=0.5860 2ch=0.000 2cl=1.000 60s
 step   35000 loss=0.18902 bce=0.18902 lap=0.00 lam=0.0e+00 val=0.5084 2ch=0.000 2cl=1.000 60s
 step   40000 loss=0.18212 bce=0.18212 lap=0.00 lam=0.0e+00 val=0.5210 2ch=0.000 2cl=1.000 60s
 step   45000 loss=0.17664 bce=0.17664 lap=0.00 lam=0.0e+00 val=0.5202 2ch=0.000 2cl=1.000 60s
 step   50000 loss=0.17270 bce=0.17270 lap=0.00 lam=0.0e+00 val=0.5206 2ch=0.000 2cl=1.000 60s
 step   55000 loss=0.17000 bce=0.17000 lap=0.00 lam=0.0e+00 val=0.5030 2ch=0.000 2cl=1.000 60s
 step   60000 loss=0.16831 bce=0.16831 lap=0.00 lam=0.0e+00 val=0.5120 2ch=0.000 2cl=1.000 60s
 step   65000 loss=0.16688 bce=0.16688 lap=0.00 lam=0.0e+00 val=0.5154 2ch=0.000 2cl=1.000 60s
 step   70000 loss=0.16593 bce=0.16593 lap=0.00 lam=0.0e+00 val=0.5164 2ch=0.000 2cl=1.000 60s
 step   75000 loss=0.16494 bce=0.16494 lap=0.00 lam=0.0e+00 val=0.5166 2ch=0.000 2cl=1.000 60s
 step   80000 loss=0.16427 bce=0.16427 lap=0.00 lam=0.0e+00 val=0.5226 2ch=0.000 2cl=1.000 60s
 step   85000 loss=0.16342 bce=0.16342 lap=0.00 lam=0.0e+00 val=0.5102 2ch=0.000 2cl=1.000 60s
 step   90000 loss=0.16274 bce=0.16274 lap=0.00 lam=0.0e+00 val=0.5120 2ch=0.000 2cl=1.000 60s
 step   95000 loss=0.16220 bce=0.16220 lap=0.00 lam=0.0e+00 val=0.5068 2ch=0.000 2cl=1.000 60s
 step  100000 loss=0.16143 bce=0.16143 lap=0.00 lam=0.0e+00 val=0.5218 2ch=0.000 2cl=1.000 60s
 step  105000 loss=0.16107 bce=0.16107 lap=0.00 lam=0.0e+00 val=0.5226 2ch=0.000 2cl=1.000 60s
 step  110000 loss=0.16056 bce=0.16056 lap=0.00 lam=0.0e+00 val=0.5178 2ch=0.000 2cl=1.000 60s
 step  115000 loss=0.16030 bce=0.16030 lap=0.00 lam=0.0e+00 val=0.5212 2ch=0.000 2cl=1.000 60s
 step  120000 loss=0.15968 bce=0.15968 lap=0.00 lam=0.0e+00 val=0.5294 2ch=0.000 2cl=1.000 60s
 step  125000 loss=0.15930 bce=0.15930 lap=0.00 lam=0.0e+00 val=0.5162 2ch=0.000 2cl=1.000 60s
 step  130000 loss=0.15900 bce=0.15900 lap=0.00 lam=0.0e+00 val=0.5284 2ch=0.000 2cl=1.000 60s
 step  135000 loss=0.15862 bce=0.15862 lap=0.00 lam=0.0e+00 val=0.5250 2ch=0.000 2cl=1.000 60s
 step  140000 loss=0.15831 bce=0.15831 lap=0.00 lam=0.0e+00 val=0.5380 2ch=0.000 2cl=1.000 60s
 step  145000 loss=0.15794 bce=0.15794 lap=0.00 lam=0.0e+00 val=0.5316 2ch=0.000 2cl=1.000 60s
 step  150000 loss=0.15752 bce=0.15752 lap=0.00 lam=0.0e+00 val=0.6072 2ch=0.000 2cl=1.000 60s
 step  155000 loss=0.15734 bce=0.15734 lap=0.00 lam=0.0e+00 val=0.5346 2ch=0.000 2cl=1.000 60s
 step  160000 loss=0.15704 bce=0.15704 lap=0.00 lam=0.0e+00 val=0.5202 2ch=0.000 2cl=1.000 60s
 step  165000 loss=0.15662 bce=0.15662 lap=0.00 lam=0.0e+00 val=0.5368 2ch=0.000 2cl=1.000 60s
 step  170000 loss=0.15625 bce=0.15625 lap=0.00 lam=0.0e+00 val=0.5358 2ch=0.000 2cl=1.000 60s
 step  175000 loss=0.15601 bce=0.15601 lap=0.00 lam=0.0e+00 val=0.5280 2ch=0.000 2cl=1.000 60s
 step  180000 loss=0.15574 bce=0.15574 lap=0.00 lam=0.0e+00 val=0.5344 2ch=0.000 2cl=1.000 60s
 step  185000 loss=0.15542 bce=0.15542 lap=0.00 lam=0.0e+00 val=0.5416 2ch=0.000 2cl=1.000 60s
 step  190000 loss=0.15511 bce=0.15511 lap=0.00 lam=0.0e+00 val=0.5312 2ch=0.000 2cl=1.000 60s
 step  195000 loss=0.15499 bce=0.15499 lap=0.00 lam=0.0e+00 val=0.5290 2ch=0.000 2cl=1.000 60s
 step  200000 loss=0.15463 bce=0.15463 lap=0.00 lam=0.0e+00 val=0.5382 2ch=0.000 2cl=1.000 60s
 step  205000 loss=0.15451 bce=0.15451 lap=0.00 lam=0.0e+00 val=0.5358 2ch=0.000 2cl=1.000 60s
 step  210000 loss=0.15417 bce=0.15417 lap=0.00 lam=0.0e+00 val=0.5318 2ch=0.000 2cl=1.000 60s
 step  215000 loss=0.15377 bce=0.15377 lap=0.00 lam=0.0e+00 val=0.5348 2ch=0.000 2cl=1.000 60s
 step  220000 loss=0.15372 bce=0.15372 lap=0.00 lam=0.0e+00 val=0.5256 2ch=0.000 2cl=1.000 60s
 step  225000 loss=0.15349 bce=0.15349 lap=0.00 lam=0.0e+00 val=0.5350 2ch=0.000 2cl=1.000 60s
 step  230000 loss=0.15327 bce=0.15327 lap=0.00 lam=0.0e+00 val=0.5378 2ch=0.000 2cl=1.000 60s
 step  235000 loss=0.15301 bce=0.15301 lap=0.00 lam=0.0e+00 val=0.5368 2ch=0.000 2cl=1.000 60s
 step  240000 loss=0.15281 bce=0.15281 lap=0.00 lam=0.0e+00 val=0.5294 2ch=0.000 2cl=1.000 60s
 step  245000 loss=0.15268 bce=0.15268 lap=0.00 lam=0.0e+00 val=0.5414 2ch=0.000 2cl=1.000 60s
 step  250000 loss=0.15247 bce=0.15247 lap=0.00 lam=0.0e+00 val=0.5314 2ch=0.000 2cl=1.000 60s
 step  255000 loss=0.15236 bce=0.15236 lap=0.00 lam=0.0e+00 val=0.5328 2ch=0.000 2cl=1.000 60s
 step  260000 loss=0.15219 bce=0.15219 lap=0.00 lam=0.0e+00 val=0.5410 2ch=0.000 2cl=1.000 60s
 step  265000 loss=0.15209 bce=0.15209 lap=0.00 lam=0.0e+00 val=0.5360 2ch=0.000 2cl=1.000 60s
 step  270000 loss=0.15171 bce=0.15171 lap=0.00 lam=0.0e+00 val=0.5406 2ch=0.000 2cl=1.000 60s
 step  275000 loss=0.15153 bce=0.15153 lap=0.00 lam=0.0e+00 val=0.5424 2ch=0.000 2cl=1.000 60s
 step  280000 loss=0.15164 bce=0.15164 lap=0.00 lam=0.0e+00 val=0.5380 2ch=0.000 2cl=1.000 60s
 step  285000 loss=0.15146 bce=0.15146 lap=0.00 lam=0.0e+00 val=0.5420 2ch=0.000 2cl=1.000 60s
 step  290000 loss=0.15125 bce=0.15125 lap=0.00 lam=0.0e+00 val=0.5328 2ch=0.000 2cl=1.000 60s
 step  295000 loss=0.15124 bce=0.15124 lap=0.00 lam=0.0e+00 val=0.5450 2ch=0.000 2cl=1.000 60s
 step  300000 loss=0.15086 bce=0.15086 lap=0.00 lam=0.0e+00 val=0.5472 2ch=0.000 2cl=1.000 60s
 step  305000 loss=0.15082 bce=0.15082 lap=0.00 lam=0.0e+00 val=0.5452 2ch=0.000 2cl=1.000 60s
 step  310000 loss=0.15077 bce=0.15077 lap=0.00 lam=0.0e+00 val=0.5380 2ch=0.000 2cl=1.000 60s
 step  315000 loss=0.15047 bce=0.15047 lap=0.00 lam=0.0e+00 val=0.5412 2ch=0.000 2cl=1.000 60s
 step  320000 loss=0.15048 bce=0.15048 lap=0.00 lam=0.0e+00 val=0.5402 2ch=0.000 2cl=1.000 60s
 step  325000 loss=0.15042 bce=0.15042 lap=0.00 lam=0.0e+00 val=0.5418 2ch=0.000 2cl=1.000 60s
 step  330000 loss=0.15019 bce=0.15019 lap=0.00 lam=0.0e+00 val=0.5398 2ch=0.000 2cl=1.000 60s
 step  335000 loss=0.15025 bce=0.15025 lap=0.00 lam=0.0e+00 val=0.5340 2ch=0.000 2cl=1.000 60s
 step  340000 loss=0.15012 bce=0.15012 lap=0.00 lam=0.0e+00 val=0.5328 2ch=0.000 2cl=1.000 60s
 step  345000 loss=0.14998 bce=0.14998 lap=0.00 lam=0.0e+00 val=0.5410 2ch=0.000 2cl=1.000 60s
 step  350000 loss=0.14979 bce=0.14979 lap=0.00 lam=0.0e+00 val=0.5444 2ch=0.000 2cl=1.000 60s
 step  355000 loss=0.14973 bce=0.14973 lap=0.00 lam=0.0e+00 val=0.5490 2ch=0.000 2cl=1.000 60s
 step  360000 loss=0.14963 bce=0.14963 lap=0.00 lam=0.0e+00 val=0.5496 2ch=0.000 2cl=1.000 60s
 step  365000 loss=0.14946 bce=0.14946 lap=0.00 lam=0.0e+00 val=0.5466 2ch=0.000 2cl=1.000 60s
 step  370000 loss=0.14941 bce=0.14941 lap=0.00 lam=0.0e+00 val=0.5434 2ch=0.000 2cl=1.000 60s
 step  375000 loss=0.14936 bce=0.14936 lap=0.00 lam=0.0e+00 val=0.5426 2ch=0.000 2cl=1.000 60s
 step  380000 loss=0.14935 bce=0.14935 lap=0.00 lam=0.0e+00 val=0.5452 2ch=0.000 2cl=1.000 60s
 step  385000 loss=0.14916 bce=0.14916 lap=0.00 lam=0.0e+00 val=0.5510 2ch=0.000 2cl=1.000 60s
 step  390000 loss=0.14907 bce=0.14907 lap=0.00 lam=0.0e+00 val=0.5470 2ch=0.000 2cl=1.000 60s
 step  395000 loss=0.14885 bce=0.14885 lap=0.00 lam=0.0e+00 val=0.5502 2ch=0.000 2cl=1.000 60s
 step  400000 loss=0.14886 bce=0.14886 lap=0.00 lam=0.0e+00 val=0.5422 2ch=0.000 2cl=1.000 60s
 step  405000 loss=0.14887 bce=0.14887 lap=0.00 lam=0.0e+00 val=0.5410 2ch=0.000 2cl=1.000 60s
 step  410000 loss=0.14877 bce=0.14877 lap=0.00 lam=0.0e+00 val=0.5464 2ch=0.000 2cl=1.000 60s
 step  415000 loss=0.14867 bce=0.14867 lap=0.00 lam=0.0e+00 val=0.5430 2ch=0.000 2cl=1.000 60s
 step  420000 loss=0.14870 bce=0.14870 lap=0.00 lam=0.0e+00 val=0.5486 2ch=0.000 2cl=1.000 60s
 step  425000 loss=0.14852 bce=0.14852 lap=0.00 lam=0.0e+00 val=0.5466 2ch=0.000 2cl=1.000 60s
 step  430000 loss=0.14854 bce=0.14854 lap=0.00 lam=0.0e+00 val=0.5522 2ch=0.000 2cl=1.000 60s
 step  435000 loss=0.14837 bce=0.14837 lap=0.00 lam=0.0e+00 val=0.5486 2ch=0.000 2cl=1.000 60s
 step  440000 loss=0.14828 bce=0.14828 lap=0.00 lam=0.0e+00 val=0.5468 2ch=0.000 2cl=1.000 60s
 step  445000 loss=0.14822 bce=0.14822 lap=0.00 lam=0.0e+00 val=0.5466 2ch=0.000 2cl=1.000 60s
 step  450000 loss=0.14820 bce=0.14820 lap=0.00 lam=0.0e+00 val=0.5464 2ch=0.000 2cl=1.000 60s
 step  455000 loss=0.14799 bce=0.14799 lap=0.00 lam=0.0e+00 val=0.5450 2ch=0.000 2cl=1.000 60s
 step  460000 loss=0.14803 bce=0.14803 lap=0.00 lam=0.0e+00 val=0.5518 2ch=0.000 2cl=1.000 60s
 step  465000 loss=0.14789 bce=0.14789 lap=0.00 lam=0.0e+00 val=0.5526 2ch=0.000 2cl=1.000 60s
 step  470000 loss=0.14804 bce=0.14804 lap=0.00 lam=0.0e+00 val=0.5466 2ch=0.000 2cl=1.000 60s
 step  475000 loss=0.14774 bce=0.14774 lap=0.00 lam=0.0e+00 val=0.5480 2ch=0.000 2cl=1.000 60s
 step  480000 loss=0.14786 bce=0.14786 lap=0.00 lam=0.0e+00 val=0.5474 2ch=0.000 2cl=1.000 60s
 step  485000 loss=0.14761 bce=0.14761 lap=0.00 lam=0.0e+00 val=0.5484 2ch=0.000 2cl=1.000 60s
 step  490000 loss=0.14751 bce=0.14751 lap=0.00 lam=0.0e+00 val=0.5536 2ch=0.000 2cl=1.000 60s
 step  495000 loss=0.14737 bce=0.14737 lap=0.00 lam=0.0e+00 val=0.5446 2ch=0.000 2cl=1.000 60s
 step  500000 loss=0.14737 bce=0.14737 lap=0.00 lam=0.0e+00 val=0.5422 2ch=0.000 2cl=1.000 60s
 step  505000 loss=0.14736 bce=0.14736 lap=0.00 lam=0.0e+00 val=0.5432 2ch=0.000 2cl=1.000 60s
 step  510000 loss=0.14725 bce=0.14725 lap=0.00 lam=0.0e+00 val=0.5510 2ch=0.000 2cl=1.000 60s
 step  515000 loss=0.14729 bce=0.14729 lap=0.00 lam=0.0e+00 val=0.5462 2ch=0.000 2cl=1.000 60s
 step  520000 loss=0.14708 bce=0.14708 lap=0.00 lam=0.0e+00 val=0.5520 2ch=0.000 2cl=1.000 60s
 step  525000 loss=0.14706 bce=0.14706 lap=0.00 lam=0.0e+00 val=0.5502 2ch=0.000 2cl=1.000 60s
 step  530000 loss=0.14693 bce=0.14693 lap=0.00 lam=0.0e+00 val=0.5484 2ch=0.000 2cl=1.000 60s
 step  535000 loss=0.14700 bce=0.14700 lap=0.00 lam=0.0e+00 val=0.5424 2ch=0.000 2cl=1.000 60s
 step  540000 loss=0.14672 bce=0.14672 lap=0.00 lam=0.0e+00 val=0.5530 2ch=0.000 2cl=1.000 60s
 step  545000 loss=0.14672 bce=0.14672 lap=0.00 lam=0.0e+00 val=0.5478 2ch=0.000 2cl=1.000 60s
 step  550000 loss=0.14675 bce=0.14675 lap=0.00 lam=0.0e+00 val=0.5510 2ch=0.000 2cl=1.000 60s
 step  555000 loss=0.14673 bce=0.14673 lap=0.00 lam=0.0e+00 val=0.5504 2ch=0.000 2cl=1.000 60s
 step  560000 loss=0.14661 bce=0.14661 lap=0.00 lam=0.0e+00 val=0.5542 2ch=0.000 2cl=1.000 60s
 step  565000 loss=0.14651 bce=0.14651 lap=0.00 lam=0.0e+00 val=0.5516 2ch=0.000 2cl=1.000 60s
 step  570000 loss=0.14640 bce=0.14640 lap=0.00 lam=0.0e+00 val=0.5474 2ch=0.000 2cl=1.000 60s
 step  575000 loss=0.14635 bce=0.14635 lap=0.00 lam=0.0e+00 val=0.5532 2ch=0.000 2cl=1.000 60s
 step  580000 loss=0.14643 bce=0.14643 lap=0.00 lam=0.0e+00 val=0.5532 2ch=0.000 2cl=1.000 60s
 step  585000 loss=0.14616 bce=0.14616 lap=0.00 lam=0.0e+00 val=0.5522 2ch=0.000 2cl=1.000 60s
 step  590000 loss=0.14623 bce=0.14623 lap=0.00 lam=0.0e+00 val=0.5560 2ch=0.000 2cl=1.000 60s
 step  595000 loss=0.14606 bce=0.14606 lap=0.00 lam=0.0e+00 val=0.5510 2ch=0.000 2cl=1.000 60s
 step  600000 loss=0.14608 bce=0.14608 lap=0.00 lam=0.0e+00 val=0.5560 2ch=0.000 2cl=1.000 60s
 step  605000 loss=0.14598 bce=0.14598 lap=0.00 lam=0.0e+00 val=0.5506 2ch=0.000 2cl=1.000 60s
 step  610000 loss=0.14593 bce=0.14593 lap=0.00 lam=0.0e+00 val=0.5548 2ch=0.000 2cl=1.000 60s
 step  615000 loss=0.14591 bce=0.14591 lap=0.00 lam=0.0e+00 val=0.5572 2ch=0.000 2cl=1.000 60s
 step  620000 loss=0.14593 bce=0.14593 lap=0.00 lam=0.0e+00 val=0.5530 2ch=0.000 2cl=1.000 60s
 step  625000 loss=0.14577 bce=0.14577 lap=0.00 lam=0.0e+00 val=0.5570 2ch=0.000 2cl=1.000 60s
 step  630000 loss=0.14583 bce=0.14583 lap=0.00 lam=0.0e+00 val=0.5542 2ch=0.000 2cl=1.000 60s
 step  635000 loss=0.14579 bce=0.14579 lap=0.00 lam=0.0e+00 val=0.5582 2ch=0.000 2cl=1.000 60s
 step  640000 loss=0.14553 bce=0.14553 lap=0.00 lam=0.0e+00 val=0.5524 2ch=0.000 2cl=1.000 60s
 step  645000 loss=0.14556 bce=0.14556 lap=0.00 lam=0.0e+00 val=0.5554 2ch=0.000 2cl=1.000 60s
 step  650000 loss=0.14568 bce=0.14568 lap=0.00 lam=0.0e+00 val=0.5572 2ch=0.000 2cl=1.000 60s
 step  655000 loss=0.14545 bce=0.14545 lap=0.00 lam=0.0e+00 val=0.5552 2ch=0.000 2cl=1.000 60s
 step  660000 loss=0.14538 bce=0.14538 lap=0.00 lam=0.0e+00 val=0.5566 2ch=0.000 2cl=1.000 60s
 step  665000 loss=0.14539 bce=0.14539 lap=0.00 lam=0.0e+00 val=0.5536 2ch=0.000 2cl=1.000 60s
 step  670000 loss=0.14539 bce=0.14539 lap=0.00 lam=0.0e+00 val=0.5524 2ch=0.000 2cl=1.000 60s
 step  675000 loss=0.14536 bce=0.14536 lap=0.00 lam=0.0e+00 val=0.5538 2ch=0.000 2cl=1.000 60s
 step  680000 loss=0.14534 bce=0.14534 lap=0.00 lam=0.0e+00 val=0.5556 2ch=0.000 2cl=1.000 60s
 step  685000 loss=0.14511 bce=0.14511 lap=0.00 lam=0.0e+00 val=0.5562 2ch=0.000 2cl=1.000 60s
 step  690000 loss=0.14512 bce=0.14512 lap=0.00 lam=0.0e+00 val=0.5582 2ch=0.000 2cl=1.000 60s
 step  695000 loss=0.14505 bce=0.14505 lap=0.00 lam=0.0e+00 val=0.5546 2ch=0.000 2cl=1.000 60s
 step  700000 loss=0.14507 bce=0.14507 lap=0.00 lam=0.0e+00 val=0.5570 2ch=0.000 2cl=1.000 60s
 step  705000 loss=0.14503 bce=0.14503 lap=0.00 lam=0.0e+00 val=0.5546 2ch=0.000 2cl=1.000 60s
 step  710000 loss=0.14486 bce=0.14486 lap=0.00 lam=0.0e+00 val=0.5534 2ch=0.000 2cl=1.000 60s
 step  715000 loss=0.14498 bce=0.14498 lap=0.00 lam=0.0e+00 val=0.5530 2ch=0.000 2cl=1.000 60s
 step  720000 loss=0.14492 bce=0.14492 lap=0.00 lam=0.0e+00 val=0.5540 2ch=0.000 2cl=1.000 60s
 step  725000 loss=0.14479 bce=0.14479 lap=0.00 lam=0.0e+00 val=0.5554 2ch=0.000 2cl=1.000 60s
 step  730000 loss=0.14476 bce=0.14476 lap=0.00 lam=0.0e+00 val=0.5568 2ch=0.000 2cl=1.000 60s
 step  735000 loss=0.14486 bce=0.14486 lap=0.00 lam=0.0e+00 val=0.5544 2ch=0.000 2cl=1.000 60s
 step  740000 loss=0.14471 bce=0.14471 lap=0.00 lam=0.0e+00 val=0.5564 2ch=0.000 2cl=1.000 60s
 step  745000 loss=0.14471 bce=0.14471 lap=0.00 lam=0.0e+00 val=0.5534 2ch=0.000 2cl=1.000 60s
 step  750000 loss=0.14468 bce=0.14468 lap=0.00 lam=0.0e+00 val=0.5560 2ch=0.000 2cl=1.000 60s
 step  755000 loss=0.14471 bce=0.14471 lap=0.00 lam=0.0e+00 val=0.5574 2ch=0.000 2cl=1.000 60s
 step  760000 loss=0.14461 bce=0.14461 lap=0.00 lam=0.0e+00 val=0.5600 2ch=0.000 2cl=1.000 60s
 step  765000 loss=0.14473 bce=0.14473 lap=0.00 lam=0.0e+00 val=0.5548 2ch=0.000 2cl=1.000 60s
 step  770000 loss=0.14457 bce=0.14457 lap=0.00 lam=0.0e+00 val=0.5570 2ch=0.000 2cl=1.000 60s
 step  775000 loss=0.14456 bce=0.14456 lap=0.00 lam=0.0e+00 val=0.5540 2ch=0.000 2cl=1.000 60s
 step  780000 loss=0.14462 bce=0.14462 lap=0.00 lam=0.0e+00 val=0.5598 2ch=0.000 2cl=1.000 60s
 step  785000 loss=0.14431 bce=0.14431 lap=0.00 lam=0.0e+00 val=0.5558 2ch=0.000 2cl=1.000 60s
 step  790000 loss=0.14443 bce=0.14443 lap=0.00 lam=0.0e+00 val=0.5572 2ch=0.000 2cl=1.000 60s
 step  795000 loss=0.14435 bce=0.14435 lap=0.00 lam=0.0e+00 val=0.5574 2ch=0.000 2cl=1.000 60s
 step  800000 loss=0.14423 bce=0.14423 lap=0.00 lam=0.0e+00 val=0.5590 2ch=0.000 2cl=1.000 60s
 step  805000 loss=0.14439 bce=0.14439 lap=0.00 lam=0.0e+00 val=0.5584 2ch=0.000 2cl=1.000 60s
 step  810000 loss=0.14431 bce=0.14431 lap=0.00 lam=0.0e+00 val=0.5554 2ch=0.000 2cl=1.000 60s
 step  815000 loss=0.14415 bce=0.14415 lap=0.00 lam=0.0e+00 val=0.5566 2ch=0.000 2cl=1.000 60s
 step  820000 loss=0.14418 bce=0.14418 lap=0.00 lam=0.0e+00 val=0.5578 2ch=0.000 2cl=1.000 60s
 step  825000 loss=0.14428 bce=0.14428 lap=0.00 lam=0.0e+00 val=0.5552 2ch=0.000 2cl=1.000 60s
 step  830000 loss=0.14413 bce=0.14413 lap=0.00 lam=0.0e+00 val=0.5572 2ch=0.000 2cl=1.000 60s
 step  835000 loss=0.14419 bce=0.14419 lap=0.00 lam=0.0e+00 val=0.5576 2ch=0.000 2cl=1.000 60s
 step  840000 loss=0.14404 bce=0.14404 lap=0.00 lam=0.0e+00 val=0.5580 2ch=0.000 2cl=1.000 60s
 step  845000 loss=0.14429 bce=0.14429 lap=0.00 lam=0.0e+00 val=0.5576 2ch=0.000 2cl=1.000 60s
 step  850000 loss=0.14404 bce=0.14404 lap=0.00 lam=0.0e+00 val=0.5594 2ch=0.000 2cl=1.000 60s
 step  855000 loss=0.14406 bce=0.14406 lap=0.00 lam=0.0e+00 val=0.5612 2ch=0.000 2cl=1.000 60s
 step  860000 loss=0.14402 bce=0.14402 lap=0.00 lam=0.0e+00 val=0.5562 2ch=0.000 2cl=1.000 60s
 step  865000 loss=0.14404 bce=0.14404 lap=0.00 lam=0.0e+00 val=0.5574 2ch=0.000 2cl=1.000 60s
 step  870000 loss=0.14408 bce=0.14408 lap=0.00 lam=0.0e+00 val=0.5564 2ch=0.000 2cl=1.000 60s
 step  875000 loss=0.14395 bce=0.14395 lap=0.00 lam=0.0e+00 val=0.5608 2ch=0.000 2cl=1.000 60s
 step  880000 loss=0.14402 bce=0.14402 lap=0.00 lam=0.0e+00 val=0.5604 2ch=0.000 2cl=1.000 60s
 step  885000 loss=0.14398 bce=0.14398 lap=0.00 lam=0.0e+00 val=0.5596 2ch=0.000 2cl=1.000 60s
 step  890000 loss=0.14393 bce=0.14393 lap=0.00 lam=0.0e+00 val=0.5586 2ch=0.000 2cl=1.000 60s
 step  895000 loss=0.14394 bce=0.14394 lap=0.00 lam=0.0e+00 val=0.5580 2ch=0.000 2cl=1.000 60s
 step  900000 loss=0.14381 bce=0.14381 lap=0.00 lam=0.0e+00 val=0.5600 2ch=0.000 2cl=1.000 60s
 step  905000 loss=0.14395 bce=0.14395 lap=0.00 lam=0.0e+00 val=0.5592 2ch=0.000 2cl=1.000 60s
 step  910000 loss=0.14401 bce=0.14401 lap=0.00 lam=0.0e+00 val=0.5592 2ch=0.000 2cl=1.000 60s
 step  915000 loss=0.14386 bce=0.14386 lap=0.00 lam=0.0e+00 val=0.5588 2ch=0.000 2cl=1.000 60s
 step  920000 loss=0.14383 bce=0.14383 lap=0.00 lam=0.0e+00 val=0.5596 2ch=0.000 2cl=1.000 60s
 step  925000 loss=0.14391 bce=0.14391 lap=0.00 lam=0.0e+00 val=0.5594 2ch=0.000 2cl=1.000 60s
 step  930000 loss=0.14386 bce=0.14386 lap=0.00 lam=0.0e+00 val=0.5570 2ch=0.000 2cl=1.000 60s
 step  935000 loss=0.14385 bce=0.14385 lap=0.00 lam=0.0e+00 val=0.5590 2ch=0.000 2cl=1.000 60s
 step  940000 loss=0.14381 bce=0.14381 lap=0.00 lam=0.0e+00 val=0.5590 2ch=0.000 2cl=1.000 60s
 step  945000 loss=0.14392 bce=0.14392 lap=0.00 lam=0.0e+00 val=0.5580 2ch=0.000 2cl=1.000 60s
 step  950000 loss=0.14380 bce=0.14380 lap=0.00 lam=0.0e+00 val=0.5586 2ch=0.000 2cl=1.000 60s
 step  955000 loss=0.14376 bce=0.14376 lap=0.00 lam=0.0e+00 val=0.5594 2ch=0.000 2cl=1.000 60s
 step  960000 loss=0.14371 bce=0.14371 lap=0.00 lam=0.0e+00 val=0.5590 2ch=0.000 2cl=1.000 60s
 step  965000 loss=0.14373 bce=0.14373 lap=0.00 lam=0.0e+00 val=0.5592 2ch=0.000 2cl=1.000 60s
 step  970000 loss=0.14377 bce=0.14377 lap=0.00 lam=0.0e+00 val=0.5582 2ch=0.000 2cl=1.000 60s
 step  975000 loss=0.14383 bce=0.14383 lap=0.00 lam=0.0e+00 val=0.5594 2ch=0.000 2cl=1.000 60s
 step  980000 loss=0.14371 bce=0.14371 lap=0.00 lam=0.0e+00 val=0.5592 2ch=0.000 2cl=1.000 60s
 step  985000 loss=0.14382 bce=0.14382 lap=0.00 lam=0.0e+00 val=0.5588 2ch=0.000 2cl=1.000 60s
 step  990000 loss=0.14381 bce=0.14381 lap=0.00 lam=0.0e+00 val=0.5584 2ch=0.000 2cl=1.000 60s
 step  995000 loss=0.14391 bce=0.14391 lap=0.00 lam=0.0e+00 val=0.5588 2ch=0.000 2cl=1.000 60s
 step 1000000 loss=0.14380 bce=0.14380 lap=0.00 lam=0.0e+00 val=0.5586 2ch=0.000 2cl=1.000 60s
done. best in-dist exact=0.6318  -> runs/report5/base_n40/n40_mixed_roberta_linear_lam0_seed1000
auto-eval bridged: runs/report5/base_n40/n40_mixed_roberta_linear_lam0_seed1000/last.pt
checkpoint=runs/report5/base_n40/n40_mixed_roberta_linear_lam0_seed1000/last.pt
  arch=roberta readout=linear n=40 L=2 device=cuda
  [bridged] exact=0.000 withinA=1.000 withinB=1.000 cross=0.000 crossPredConn=0.000
  [split] exact=1.000 withinA=1.000 withinB=1.000 cross=1.000 crossPredConn=0.000
  discrimination acc=0.500 (bridged->conn 0.00, split->conn 0.00)
  c= 2  model cross=1.000 disc=1.000 | MP=1.00 BFS(b=c)=0.18 DFS(b=c)=0.18
  c= 3  model cross=1.000 disc=0.983 | MP=1.00 BFS(b=c)=0.10 DFS(b=c)=0.32
  c= 4  model cross=1.000 disc=1.000 | MP=1.00 BFS(b=c)=0.06 DFS(b=c)=0.44
  c= 5  model cross=1.000 disc=1.000 | MP=1.00 BFS(b=c)=0.04 DFS(b=c)=0.49
  c= 6  model cross=0.996 disc=1.000 | MP=1.00 BFS(b=c)=0.03 DFS(b=c)=0.53
  c= 7  model cross=0.813 disc=0.994 | MP=1.00 BFS(b=c)=0.02 DFS(b=c)=0.57
  c= 8  model cross=0.255 disc=0.505 | MP=1.00 BFS(b=c)=0.02 DFS(b=c)=0.58
  c= 9  model cross=0.151 disc=0.500 | MP=1.00 BFS(b=c)=0.01 DFS(b=c)=0.62
  c=10  model cross=0.091 disc=0.500 | MP=1.00 BFS(b=c)=0.01 DFS(b=c)=0.64
  c=11  model cross=0.070 disc=0.500 | MP=1.00 BFS(b=c)=0.01 DFS(b=c)=0.63
  c=12  model cross=0.047 disc=0.500 | MP=1.00 BFS(b=c)=0.01 DFS(b=c)=0.65
  c=13  model cross=0.022 disc=0.500 | MP=1.00 BFS(b=c)=0.01 DFS(b=c)=0.67
  c=14  model cross=0.007 disc=0.500 | MP=1.00 BFS(b=c)=0.01 DFS(b=c)=0.65
  c=15  model cross=0.002 disc=0.500 | MP=1.00 BFS(b=c)=0.00 DFS(b=c)=0.67
  c=16  model cross=0.000 disc=0.500 | MP=1.00 BFS(b=c)=0.00 DFS(b=c)=0.67
  c=17  model cross=0.000 disc=0.500 | MP=1.00 BFS(b=c)=0.00 DFS(b=c)=0.68
  c=18  model cross=0.000 disc=0.500 | MP=1.00 BFS(b=c)=0.00 DFS(b=c)=0.69
  c=19  model cross=0.000 disc=0.500 | MP=1.00 BFS(b=c)=0.00 DFS(b=c)=0.70
  c=20  model cross=0.000 disc=0.500 | MP=1.00 BFS(b=c)=0.00 DFS(b=c)=0.69
  saved -> runs/report5/bridged_cliques/n40_mixed_seed1000/bridged_cliques.json
loaded roberta/linear n=40 L=2 from runs/report5/base_n40/n40_mixed_roberta_linear_lam0_seed1000/last.pt
  er             exact=0.994 pairwise=1.000 reach=1.000 disc=1.000
  er_blocks      exact=0.984 pairwise=1.000 reach=1.000 disc=0.999
  clique_blocks  exact=1.000 pairwise=1.000 reach=1.000 disc=1.000
  path_union     exact=0.248 pairwise=0.919 reach=0.895 disc=0.960
  2chains        exact=0.000 pairwise=0.856 reach=0.716 disc=0.989
  2cliques       exact=1.000 pairwise=1.000 reach=1.000 disc=1.000
  1cycle         exact=0.000 pairwise=0.462 reach=0.462 disc=  n/a
  2cycle         exact=0.000 pairwise=0.974 reach=0.947 disc=1.000
  1chain         exact=1.000 pairwise=1.000 reach=1.000 disc=  n/a
  chain_plus     exact=0.004 pairwise=0.831 reach=0.818 disc=0.860
  barbell        exact=0.000 pairwise=0.466 reach=0.466 disc=  n/a
  barbell_var    exact=0.059 pairwise=0.566 reach=0.566 disc=  n/a
  expander       exact=0.998 pairwise=1.000 reach=1.000 disc=  n/a
  expander_var   exact=0.950 pairwise=0.973 reach=0.973 disc=  n/a
saved -> runs/report5/base_n40/n40_mixed_roberta_linear_lam0_seed1000/families/families_eval.json (+ png)
