task 3 -> n=40 set=mixed seed=2000
== n40_mixed_roberta_linear_lam0_seed2000 ==
 device=cuda arch=roberta readout=linear lambda=0.0 params=6,347,304
 step    5000 loss=0.32659 bce=0.32659 lap=0.00 lam=0.0e+00 val=0.4616 2ch=0.000 2cl=1.000 60s
 step   10000 loss=0.24514 bce=0.24514 lap=0.00 lam=0.0e+00 val=0.5860 2ch=0.000 2cl=1.000 60s
 step   15000 loss=0.22882 bce=0.22882 lap=0.00 lam=0.0e+00 val=0.6198 2ch=0.000 2cl=1.000 60s
 step   20000 loss=0.21126 bce=0.21126 lap=0.00 lam=0.0e+00 val=0.5952 2ch=0.000 2cl=1.000 60s
 step   25000 loss=0.20274 bce=0.20274 lap=0.00 lam=0.0e+00 val=0.5108 2ch=0.000 2cl=1.000 60s
 step   30000 loss=0.19569 bce=0.19569 lap=0.00 lam=0.0e+00 val=0.5138 2ch=0.000 2cl=1.000 60s
 step   35000 loss=0.18830 bce=0.18830 lap=0.00 lam=0.0e+00 val=0.5130 2ch=0.000 2cl=1.000 60s
 step   40000 loss=0.18142 bce=0.18142 lap=0.00 lam=0.0e+00 val=0.6020 2ch=0.000 2cl=1.000 60s
 step   45000 loss=0.17619 bce=0.17619 lap=0.00 lam=0.0e+00 val=0.5152 2ch=0.000 2cl=1.000 60s
 step   50000 loss=0.17245 bce=0.17245 lap=0.00 lam=0.0e+00 val=0.5196 2ch=0.000 2cl=1.000 60s
 step   55000 loss=0.16995 bce=0.16995 lap=0.00 lam=0.0e+00 val=0.5094 2ch=0.000 2cl=1.000 60s
 step   60000 loss=0.16836 bce=0.16836 lap=0.00 lam=0.0e+00 val=0.5046 2ch=0.000 2cl=1.000 60s
 step   65000 loss=0.16706 bce=0.16706 lap=0.00 lam=0.0e+00 val=0.5130 2ch=0.000 2cl=1.000 60s
 step   70000 loss=0.16612 bce=0.16612 lap=0.00 lam=0.0e+00 val=0.5164 2ch=0.000 2cl=1.000 60s
 step   75000 loss=0.16505 bce=0.16505 lap=0.00 lam=0.0e+00 val=0.5196 2ch=0.000 2cl=1.000 60s
 step   80000 loss=0.16449 bce=0.16449 lap=0.00 lam=0.0e+00 val=0.5074 2ch=0.000 2cl=1.000 60s
 step   85000 loss=0.16369 bce=0.16369 lap=0.00 lam=0.0e+00 val=0.5168 2ch=0.000 2cl=1.000 60s
 step   90000 loss=0.16291 bce=0.16291 lap=0.00 lam=0.0e+00 val=0.5088 2ch=0.000 2cl=1.000 60s
 step   95000 loss=0.16238 bce=0.16238 lap=0.00 lam=0.0e+00 val=0.5188 2ch=0.000 2cl=1.000 60s
 step  100000 loss=0.16178 bce=0.16178 lap=0.00 lam=0.0e+00 val=0.5228 2ch=0.000 2cl=1.000 60s
 step  105000 loss=0.16133 bce=0.16133 lap=0.00 lam=0.0e+00 val=0.5180 2ch=0.000 2cl=1.000 60s
 step  110000 loss=0.16092 bce=0.16092 lap=0.00 lam=0.0e+00 val=0.5236 2ch=0.000 2cl=1.000 60s
 step  115000 loss=0.16049 bce=0.16049 lap=0.00 lam=0.0e+00 val=0.5288 2ch=0.000 2cl=1.000 60s
 step  120000 loss=0.15998 bce=0.15998 lap=0.00 lam=0.0e+00 val=0.5296 2ch=0.000 2cl=1.000 60s
 step  125000 loss=0.15971 bce=0.15971 lap=0.00 lam=0.0e+00 val=0.5248 2ch=0.000 2cl=1.000 60s
 step  130000 loss=0.15927 bce=0.15927 lap=0.00 lam=0.0e+00 val=0.5172 2ch=0.000 2cl=1.000 60s
 step  135000 loss=0.15896 bce=0.15896 lap=0.00 lam=0.0e+00 val=0.5290 2ch=0.000 2cl=1.000 60s
 step  140000 loss=0.15871 bce=0.15871 lap=0.00 lam=0.0e+00 val=0.5300 2ch=0.000 2cl=1.000 60s
 step  145000 loss=0.15830 bce=0.15830 lap=0.00 lam=0.0e+00 val=0.5210 2ch=0.000 2cl=1.000 60s
 step  150000 loss=0.15808 bce=0.15808 lap=0.00 lam=0.0e+00 val=0.5400 2ch=0.000 2cl=1.000 60s
 step  155000 loss=0.15776 bce=0.15776 lap=0.00 lam=0.0e+00 val=0.5188 2ch=0.000 2cl=1.000 60s
 step  160000 loss=0.15732 bce=0.15732 lap=0.00 lam=0.0e+00 val=0.5202 2ch=0.000 2cl=1.000 60s
 step  165000 loss=0.15707 bce=0.15707 lap=0.00 lam=0.0e+00 val=0.5342 2ch=0.000 2cl=1.000 60s
 step  170000 loss=0.15686 bce=0.15686 lap=0.00 lam=0.0e+00 val=0.5352 2ch=0.000 2cl=1.000 61s
 step  175000 loss=0.15655 bce=0.15655 lap=0.00 lam=0.0e+00 val=0.5332 2ch=0.000 2cl=1.000 60s
 step  180000 loss=0.15623 bce=0.15623 lap=0.00 lam=0.0e+00 val=0.5326 2ch=0.000 2cl=1.000 60s
 step  185000 loss=0.15601 bce=0.15601 lap=0.00 lam=0.0e+00 val=0.5356 2ch=0.000 2cl=1.000 60s
 step  190000 loss=0.15569 bce=0.15569 lap=0.00 lam=0.0e+00 val=0.5280 2ch=0.000 2cl=1.000 60s
 step  195000 loss=0.15548 bce=0.15548 lap=0.00 lam=0.0e+00 val=0.5300 2ch=0.000 2cl=1.000 60s
 step  200000 loss=0.15517 bce=0.15517 lap=0.00 lam=0.0e+00 val=0.5208 2ch=0.000 2cl=1.000 60s
 step  205000 loss=0.15475 bce=0.15475 lap=0.00 lam=0.0e+00 val=0.5380 2ch=0.000 2cl=1.000 60s
 step  210000 loss=0.15482 bce=0.15482 lap=0.00 lam=0.0e+00 val=0.5398 2ch=0.000 2cl=1.000 60s
 step  215000 loss=0.15424 bce=0.15424 lap=0.00 lam=0.0e+00 val=0.5398 2ch=0.000 2cl=1.000 60s
 step  220000 loss=0.15410 bce=0.15410 lap=0.00 lam=0.0e+00 val=0.5318 2ch=0.000 2cl=1.000 60s
 step  225000 loss=0.15382 bce=0.15382 lap=0.00 lam=0.0e+00 val=0.5332 2ch=0.000 2cl=1.000 60s
 step  230000 loss=0.15364 bce=0.15364 lap=0.00 lam=0.0e+00 val=0.5376 2ch=0.000 2cl=1.000 60s
 step  235000 loss=0.15340 bce=0.15340 lap=0.00 lam=0.0e+00 val=0.5380 2ch=0.000 2cl=1.000 60s
 step  240000 loss=0.15319 bce=0.15319 lap=0.00 lam=0.0e+00 val=0.5404 2ch=0.000 2cl=1.000 60s
 step  245000 loss=0.15293 bce=0.15293 lap=0.00 lam=0.0e+00 val=0.5420 2ch=0.000 2cl=1.000 60s
 step  250000 loss=0.15294 bce=0.15294 lap=0.00 lam=0.0e+00 val=0.5388 2ch=0.000 2cl=1.000 60s
 step  255000 loss=0.15281 bce=0.15281 lap=0.00 lam=0.0e+00 val=0.5372 2ch=0.000 2cl=1.000 60s
 step  260000 loss=0.15246 bce=0.15246 lap=0.00 lam=0.0e+00 val=0.5434 2ch=0.000 2cl=1.000 60s
 step  265000 loss=0.15229 bce=0.15229 lap=0.00 lam=0.0e+00 val=0.5334 2ch=0.000 2cl=1.000 60s
 step  270000 loss=0.15214 bce=0.15214 lap=0.00 lam=0.0e+00 val=0.5288 2ch=0.000 2cl=1.000 60s
 step  275000 loss=0.15199 bce=0.15199 lap=0.00 lam=0.0e+00 val=0.5438 2ch=0.000 2cl=1.000 60s
 step  280000 loss=0.15172 bce=0.15172 lap=0.00 lam=0.0e+00 val=0.5362 2ch=0.000 2cl=1.000 60s
 step  285000 loss=0.15171 bce=0.15171 lap=0.00 lam=0.0e+00 val=0.5396 2ch=0.000 2cl=1.000 60s
 step  290000 loss=0.15165 bce=0.15165 lap=0.00 lam=0.0e+00 val=0.5410 2ch=0.000 2cl=1.000 60s
 step  295000 loss=0.15127 bce=0.15127 lap=0.00 lam=0.0e+00 val=0.5422 2ch=0.000 2cl=1.000 60s
 step  300000 loss=0.15114 bce=0.15114 lap=0.00 lam=0.0e+00 val=0.5300 2ch=0.000 2cl=1.000 60s
 step  305000 loss=0.15098 bce=0.15098 lap=0.00 lam=0.0e+00 val=0.5394 2ch=0.000 2cl=1.000 61s
 step  310000 loss=0.15099 bce=0.15099 lap=0.00 lam=0.0e+00 val=0.5318 2ch=0.000 2cl=1.000 60s
 step  315000 loss=0.15070 bce=0.15070 lap=0.00 lam=0.0e+00 val=0.5384 2ch=0.000 2cl=1.000 60s
 step  320000 loss=0.15070 bce=0.15070 lap=0.00 lam=0.0e+00 val=0.5372 2ch=0.000 2cl=1.000 60s
 step  325000 loss=0.15059 bce=0.15059 lap=0.00 lam=0.0e+00 val=0.5392 2ch=0.000 2cl=1.000 60s
 step  330000 loss=0.15045 bce=0.15045 lap=0.00 lam=0.0e+00 val=0.5488 2ch=0.000 2cl=1.000 60s
 step  335000 loss=0.15042 bce=0.15042 lap=0.00 lam=0.0e+00 val=0.5408 2ch=0.000 2cl=1.000 60s
 step  340000 loss=0.15029 bce=0.15029 lap=0.00 lam=0.0e+00 val=0.5416 2ch=0.000 2cl=1.000 61s
 step  345000 loss=0.15014 bce=0.15014 lap=0.00 lam=0.0e+00 val=0.5390 2ch=0.000 2cl=1.000 60s
 step  350000 loss=0.15010 bce=0.15010 lap=0.00 lam=0.0e+00 val=0.5462 2ch=0.000 2cl=1.000 60s
 step  355000 loss=0.14985 bce=0.14985 lap=0.00 lam=0.0e+00 val=0.5378 2ch=0.000 2cl=1.000 61s
 step  360000 loss=0.14983 bce=0.14983 lap=0.00 lam=0.0e+00 val=0.5466 2ch=0.000 2cl=1.000 60s
 step  365000 loss=0.14983 bce=0.14983 lap=0.00 lam=0.0e+00 val=0.5414 2ch=0.000 2cl=1.000 60s
 step  370000 loss=0.14964 bce=0.14964 lap=0.00 lam=0.0e+00 val=0.5414 2ch=0.000 2cl=1.000 60s
 step  375000 loss=0.14964 bce=0.14964 lap=0.00 lam=0.0e+00 val=0.5426 2ch=0.000 2cl=1.000 60s
 step  380000 loss=0.14939 bce=0.14939 lap=0.00 lam=0.0e+00 val=0.5430 2ch=0.000 2cl=1.000 60s
 step  385000 loss=0.14937 bce=0.14937 lap=0.00 lam=0.0e+00 val=0.5496 2ch=0.000 2cl=1.000 60s
 step  390000 loss=0.14934 bce=0.14934 lap=0.00 lam=0.0e+00 val=0.5440 2ch=0.000 2cl=1.000 60s
 step  395000 loss=0.14926 bce=0.14926 lap=0.00 lam=0.0e+00 val=0.5402 2ch=0.000 2cl=1.000 60s
 step  400000 loss=0.14913 bce=0.14913 lap=0.00 lam=0.0e+00 val=0.5388 2ch=0.000 2cl=1.000 60s
 step  405000 loss=0.14896 bce=0.14896 lap=0.00 lam=0.0e+00 val=0.5440 2ch=0.000 2cl=1.000 60s
 step  410000 loss=0.14893 bce=0.14893 lap=0.00 lam=0.0e+00 val=0.5442 2ch=0.000 2cl=1.000 60s
 step  415000 loss=0.14891 bce=0.14891 lap=0.00 lam=0.0e+00 val=0.5454 2ch=0.000 2cl=1.000 60s
 step  420000 loss=0.14881 bce=0.14881 lap=0.00 lam=0.0e+00 val=0.5454 2ch=0.000 2cl=1.000 60s
 step  425000 loss=0.14876 bce=0.14876 lap=0.00 lam=0.0e+00 val=0.5464 2ch=0.000 2cl=1.000 60s
 step  430000 loss=0.14864 bce=0.14864 lap=0.00 lam=0.0e+00 val=0.5436 2ch=0.000 2cl=1.000 60s
 step  435000 loss=0.14858 bce=0.14858 lap=0.00 lam=0.0e+00 val=0.5426 2ch=0.000 2cl=1.000 60s
 step  440000 loss=0.14860 bce=0.14860 lap=0.00 lam=0.0e+00 val=0.5476 2ch=0.000 2cl=1.000 60s
 step  445000 loss=0.14832 bce=0.14832 lap=0.00 lam=0.0e+00 val=0.5428 2ch=0.000 2cl=1.000 60s
 step  450000 loss=0.14831 bce=0.14831 lap=0.00 lam=0.0e+00 val=0.5516 2ch=0.000 2cl=1.000 60s
 step  455000 loss=0.14830 bce=0.14830 lap=0.00 lam=0.0e+00 val=0.5438 2ch=0.000 2cl=1.000 60s
 step  460000 loss=0.14808 bce=0.14808 lap=0.00 lam=0.0e+00 val=0.5494 2ch=0.000 2cl=1.000 60s
 step  465000 loss=0.14814 bce=0.14814 lap=0.00 lam=0.0e+00 val=0.5460 2ch=0.000 2cl=1.000 60s
 step  470000 loss=0.14808 bce=0.14808 lap=0.00 lam=0.0e+00 val=0.5514 2ch=0.000 2cl=1.000 60s
 step  475000 loss=0.14808 bce=0.14808 lap=0.00 lam=0.0e+00 val=0.5496 2ch=0.000 2cl=1.000 60s
 step  480000 loss=0.14796 bce=0.14796 lap=0.00 lam=0.0e+00 val=0.5482 2ch=0.000 2cl=1.000 60s
 step  485000 loss=0.14794 bce=0.14794 lap=0.00 lam=0.0e+00 val=0.5496 2ch=0.000 2cl=1.000 60s
 step  490000 loss=0.14778 bce=0.14778 lap=0.00 lam=0.0e+00 val=0.5436 2ch=0.000 2cl=1.000 60s
 step  495000 loss=0.14773 bce=0.14773 lap=0.00 lam=0.0e+00 val=0.5484 2ch=0.000 2cl=1.000 60s
 step  500000 loss=0.14769 bce=0.14769 lap=0.00 lam=0.0e+00 val=0.5474 2ch=0.000 2cl=1.000 60s
 step  505000 loss=0.14764 bce=0.14764 lap=0.00 lam=0.0e+00 val=0.5410 2ch=0.000 2cl=1.000 60s
 step  510000 loss=0.14764 bce=0.14764 lap=0.00 lam=0.0e+00 val=0.5536 2ch=0.000 2cl=1.000 60s
 step  515000 loss=0.14744 bce=0.14744 lap=0.00 lam=0.0e+00 val=0.5546 2ch=0.000 2cl=1.000 60s
 step  520000 loss=0.14758 bce=0.14758 lap=0.00 lam=0.0e+00 val=0.5480 2ch=0.000 2cl=1.000 60s
 step  525000 loss=0.14732 bce=0.14732 lap=0.00 lam=0.0e+00 val=0.5480 2ch=0.000 2cl=1.000 60s
 step  530000 loss=0.14750 bce=0.14750 lap=0.00 lam=0.0e+00 val=0.5510 2ch=0.000 2cl=1.000 60s
 step  535000 loss=0.14728 bce=0.14728 lap=0.00 lam=0.0e+00 val=0.5540 2ch=0.000 2cl=1.000 60s
 step  540000 loss=0.14720 bce=0.14720 lap=0.00 lam=0.0e+00 val=0.5508 2ch=0.000 2cl=1.000 60s
 step  545000 loss=0.14718 bce=0.14718 lap=0.00 lam=0.0e+00 val=0.5476 2ch=0.000 2cl=1.000 60s
 step  550000 loss=0.14706 bce=0.14706 lap=0.00 lam=0.0e+00 val=0.5504 2ch=0.000 2cl=1.000 60s
 step  555000 loss=0.14690 bce=0.14690 lap=0.00 lam=0.0e+00 val=0.5514 2ch=0.000 2cl=1.000 60s
 step  560000 loss=0.14692 bce=0.14692 lap=0.00 lam=0.0e+00 val=0.5510 2ch=0.000 2cl=1.000 60s
 step  565000 loss=0.14684 bce=0.14684 lap=0.00 lam=0.0e+00 val=0.5550 2ch=0.000 2cl=1.000 60s
 step  570000 loss=0.14676 bce=0.14676 lap=0.00 lam=0.0e+00 val=0.5468 2ch=0.000 2cl=1.000 60s
 step  575000 loss=0.14688 bce=0.14688 lap=0.00 lam=0.0e+00 val=0.5526 2ch=0.000 2cl=1.000 61s
 step  580000 loss=0.14674 bce=0.14674 lap=0.00 lam=0.0e+00 val=0.5452 2ch=0.000 2cl=1.000 60s
 step  585000 loss=0.14657 bce=0.14657 lap=0.00 lam=0.0e+00 val=0.5462 2ch=0.000 2cl=1.000 60s
 step  590000 loss=0.14675 bce=0.14675 lap=0.00 lam=0.0e+00 val=0.5532 2ch=0.000 2cl=1.000 60s
 step  595000 loss=0.14651 bce=0.14651 lap=0.00 lam=0.0e+00 val=0.5498 2ch=0.000 2cl=1.000 60s
 step  600000 loss=0.14642 bce=0.14642 lap=0.00 lam=0.0e+00 val=0.5570 2ch=0.000 2cl=1.000 60s
 step  605000 loss=0.14656 bce=0.14656 lap=0.00 lam=0.0e+00 val=0.5554 2ch=0.000 2cl=1.000 60s
 step  610000 loss=0.14632 bce=0.14632 lap=0.00 lam=0.0e+00 val=0.5536 2ch=0.000 2cl=1.000 60s
 step  615000 loss=0.14625 bce=0.14625 lap=0.00 lam=0.0e+00 val=0.5512 2ch=0.000 2cl=1.000 60s
 step  620000 loss=0.14620 bce=0.14620 lap=0.00 lam=0.0e+00 val=0.5450 2ch=0.000 2cl=1.000 60s
 step  625000 loss=0.14618 bce=0.14618 lap=0.00 lam=0.0e+00 val=0.5546 2ch=0.000 2cl=1.000 60s
 step  630000 loss=0.14620 bce=0.14620 lap=0.00 lam=0.0e+00 val=0.5472 2ch=0.000 2cl=1.000 60s
 step  635000 loss=0.14623 bce=0.14623 lap=0.00 lam=0.0e+00 val=0.5502 2ch=0.000 2cl=1.000 60s
 step  640000 loss=0.14601 bce=0.14601 lap=0.00 lam=0.0e+00 val=0.5466 2ch=0.000 2cl=1.000 60s
 step  645000 loss=0.14607 bce=0.14607 lap=0.00 lam=0.0e+00 val=0.5496 2ch=0.000 2cl=1.000 60s
 step  650000 loss=0.14584 bce=0.14584 lap=0.00 lam=0.0e+00 val=0.5514 2ch=0.000 2cl=1.000 60s
 step  655000 loss=0.14601 bce=0.14601 lap=0.00 lam=0.0e+00 val=0.5516 2ch=0.000 2cl=1.000 60s
 step  660000 loss=0.14588 bce=0.14588 lap=0.00 lam=0.0e+00 val=0.5502 2ch=0.000 2cl=1.000 60s
 step  665000 loss=0.14582 bce=0.14582 lap=0.00 lam=0.0e+00 val=0.5488 2ch=0.000 2cl=0.998 60s
 step  670000 loss=0.14589 bce=0.14589 lap=0.00 lam=0.0e+00 val=0.5546 2ch=0.000 2cl=1.000 60s
 step  675000 loss=0.14574 bce=0.14574 lap=0.00 lam=0.0e+00 val=0.5528 2ch=0.000 2cl=1.000 60s
 step  680000 loss=0.14573 bce=0.14573 lap=0.00 lam=0.0e+00 val=0.5542 2ch=0.000 2cl=1.000 60s
 step  685000 loss=0.14568 bce=0.14568 lap=0.00 lam=0.0e+00 val=0.5538 2ch=0.000 2cl=1.000 60s
 step  690000 loss=0.14558 bce=0.14558 lap=0.00 lam=0.0e+00 val=0.5482 2ch=0.000 2cl=1.000 60s
 step  695000 loss=0.14568 bce=0.14568 lap=0.00 lam=0.0e+00 val=0.5516 2ch=0.000 2cl=1.000 60s
 step  700000 loss=0.14550 bce=0.14550 lap=0.00 lam=0.0e+00 val=0.5518 2ch=0.000 2cl=1.000 61s
 step  705000 loss=0.14564 bce=0.14564 lap=0.00 lam=0.0e+00 val=0.5536 2ch=0.000 2cl=1.000 60s
 step  710000 loss=0.14537 bce=0.14537 lap=0.00 lam=0.0e+00 val=0.5520 2ch=0.000 2cl=1.000 60s
 step  715000 loss=0.14547 bce=0.14547 lap=0.00 lam=0.0e+00 val=0.5512 2ch=0.000 2cl=1.000 60s
 step  720000 loss=0.14537 bce=0.14537 lap=0.00 lam=0.0e+00 val=0.5492 2ch=0.000 2cl=1.000 60s
 step  725000 loss=0.14533 bce=0.14533 lap=0.00 lam=0.0e+00 val=0.5524 2ch=0.000 2cl=1.000 60s
 step  730000 loss=0.14535 bce=0.14535 lap=0.00 lam=0.0e+00 val=0.5534 2ch=0.000 2cl=1.000 60s
 step  735000 loss=0.14521 bce=0.14521 lap=0.00 lam=0.0e+00 val=0.5532 2ch=0.000 2cl=1.000 60s
 step  740000 loss=0.14517 bce=0.14517 lap=0.00 lam=0.0e+00 val=0.5512 2ch=0.000 2cl=1.000 60s
 step  745000 loss=0.14515 bce=0.14515 lap=0.00 lam=0.0e+00 val=0.5536 2ch=0.000 2cl=1.000 60s
 step  750000 loss=0.14515 bce=0.14515 lap=0.00 lam=0.0e+00 val=0.5530 2ch=0.000 2cl=1.000 60s
 step  755000 loss=0.14509 bce=0.14509 lap=0.00 lam=0.0e+00 val=0.5540 2ch=0.000 2cl=1.000 60s
 step  760000 loss=0.14506 bce=0.14506 lap=0.00 lam=0.0e+00 val=0.5516 2ch=0.000 2cl=1.000 60s
 step  765000 loss=0.14514 bce=0.14514 lap=0.00 lam=0.0e+00 val=0.5532 2ch=0.000 2cl=1.000 60s
 step  770000 loss=0.14503 bce=0.14503 lap=0.00 lam=0.0e+00 val=0.5558 2ch=0.000 2cl=1.000 60s
 step  775000 loss=0.14494 bce=0.14494 lap=0.00 lam=0.0e+00 val=0.5536 2ch=0.000 2cl=1.000 60s
 step  780000 loss=0.14490 bce=0.14490 lap=0.00 lam=0.0e+00 val=0.5546 2ch=0.000 2cl=1.000 60s
 step  785000 loss=0.14500 bce=0.14500 lap=0.00 lam=0.0e+00 val=0.5544 2ch=0.000 2cl=1.000 60s
 step  790000 loss=0.14486 bce=0.14486 lap=0.00 lam=0.0e+00 val=0.5530 2ch=0.000 2cl=1.000 60s
 step  795000 loss=0.14490 bce=0.14490 lap=0.00 lam=0.0e+00 val=0.5524 2ch=0.000 2cl=1.000 60s
 step  800000 loss=0.14487 bce=0.14487 lap=0.00 lam=0.0e+00 val=0.5580 2ch=0.000 2cl=1.000 60s
 step  805000 loss=0.14484 bce=0.14484 lap=0.00 lam=0.0e+00 val=0.5544 2ch=0.000 2cl=1.000 60s
 step  810000 loss=0.14474 bce=0.14474 lap=0.00 lam=0.0e+00 val=0.5518 2ch=0.000 2cl=1.000 60s
 step  815000 loss=0.14474 bce=0.14474 lap=0.00 lam=0.0e+00 val=0.5518 2ch=0.000 2cl=1.000 60s
 step  820000 loss=0.14462 bce=0.14462 lap=0.00 lam=0.0e+00 val=0.5546 2ch=0.000 2cl=1.000 60s
 step  825000 loss=0.14472 bce=0.14472 lap=0.00 lam=0.0e+00 val=0.5552 2ch=0.000 2cl=1.000 60s
 step  830000 loss=0.14471 bce=0.14471 lap=0.00 lam=0.0e+00 val=0.5526 2ch=0.000 2cl=1.000 60s
 step  835000 loss=0.14476 bce=0.14476 lap=0.00 lam=0.0e+00 val=0.5554 2ch=0.000 2cl=1.000 60s
 step  840000 loss=0.14460 bce=0.14460 lap=0.00 lam=0.0e+00 val=0.5532 2ch=0.000 2cl=1.000 60s
 step  845000 loss=0.14458 bce=0.14458 lap=0.00 lam=0.0e+00 val=0.5506 2ch=0.000 2cl=1.000 60s
 step  850000 loss=0.14466 bce=0.14466 lap=0.00 lam=0.0e+00 val=0.5544 2ch=0.000 2cl=1.000 60s
 step  855000 loss=0.14462 bce=0.14462 lap=0.00 lam=0.0e+00 val=0.5566 2ch=0.000 2cl=1.000 60s
 step  860000 loss=0.14460 bce=0.14460 lap=0.00 lam=0.0e+00 val=0.5540 2ch=0.000 2cl=1.000 60s
 step  865000 loss=0.14438 bce=0.14438 lap=0.00 lam=0.0e+00 val=0.5542 2ch=0.000 2cl=1.000 60s
 step  870000 loss=0.14452 bce=0.14452 lap=0.00 lam=0.0e+00 val=0.5538 2ch=0.000 2cl=1.000 60s
 step  875000 loss=0.14453 bce=0.14453 lap=0.00 lam=0.0e+00 val=0.5550 2ch=0.000 2cl=1.000 60s
 step  880000 loss=0.14452 bce=0.14452 lap=0.00 lam=0.0e+00 val=0.5554 2ch=0.000 2cl=1.000 60s
 step  885000 loss=0.14450 bce=0.14450 lap=0.00 lam=0.0e+00 val=0.5542 2ch=0.000 2cl=1.000 61s
 step  890000 loss=0.14430 bce=0.14430 lap=0.00 lam=0.0e+00 val=0.5548 2ch=0.000 2cl=1.000 61s
 step  895000 loss=0.14457 bce=0.14457 lap=0.00 lam=0.0e+00 val=0.5564 2ch=0.000 2cl=1.000 61s
 step  900000 loss=0.14438 bce=0.14438 lap=0.00 lam=0.0e+00 val=0.5536 2ch=0.000 2cl=1.000 60s
 step  905000 loss=0.14444 bce=0.14444 lap=0.00 lam=0.0e+00 val=0.5544 2ch=0.000 2cl=1.000 60s
 step  910000 loss=0.14442 bce=0.14442 lap=0.00 lam=0.0e+00 val=0.5552 2ch=0.000 2cl=0.999 60s
 step  915000 loss=0.14434 bce=0.14434 lap=0.00 lam=0.0e+00 val=0.5538 2ch=0.000 2cl=1.000 60s
 step  920000 loss=0.14423 bce=0.14423 lap=0.00 lam=0.0e+00 val=0.5544 2ch=0.000 2cl=0.999 60s
 step  925000 loss=0.14434 bce=0.14434 lap=0.00 lam=0.0e+00 val=0.5550 2ch=0.000 2cl=0.999 60s
 step  930000 loss=0.14452 bce=0.14452 lap=0.00 lam=0.0e+00 val=0.5530 2ch=0.000 2cl=1.000 60s
 step  935000 loss=0.14445 bce=0.14445 lap=0.00 lam=0.0e+00 val=0.5548 2ch=0.000 2cl=1.000 60s
 step  940000 loss=0.14424 bce=0.14424 lap=0.00 lam=0.0e+00 val=0.5554 2ch=0.000 2cl=1.000 60s
 step  945000 loss=0.14429 bce=0.14429 lap=0.00 lam=0.0e+00 val=0.5546 2ch=0.000 2cl=1.000 60s
 step  950000 loss=0.14425 bce=0.14425 lap=0.00 lam=0.0e+00 val=0.5542 2ch=0.000 2cl=1.000 60s
 step  955000 loss=0.14418 bce=0.14418 lap=0.00 lam=0.0e+00 val=0.5532 2ch=0.000 2cl=1.000 60s
 step  960000 loss=0.14433 bce=0.14433 lap=0.00 lam=0.0e+00 val=0.5544 2ch=0.000 2cl=1.000 60s
 step  965000 loss=0.14421 bce=0.14421 lap=0.00 lam=0.0e+00 val=0.5542 2ch=0.000 2cl=1.000 60s
 step  970000 loss=0.14426 bce=0.14426 lap=0.00 lam=0.0e+00 val=0.5550 2ch=0.000 2cl=1.000 60s
 step  975000 loss=0.14445 bce=0.14445 lap=0.00 lam=0.0e+00 val=0.5548 2ch=0.000 2cl=1.000 60s
 step  980000 loss=0.14426 bce=0.14426 lap=0.00 lam=0.0e+00 val=0.5540 2ch=0.000 2cl=1.000 60s
 step  985000 loss=0.14449 bce=0.14449 lap=0.00 lam=0.0e+00 val=0.5542 2ch=0.000 2cl=1.000 60s
 step  990000 loss=0.14415 bce=0.14415 lap=0.00 lam=0.0e+00 val=0.5552 2ch=0.000 2cl=1.000 60s
 step  995000 loss=0.14418 bce=0.14418 lap=0.00 lam=0.0e+00 val=0.5544 2ch=0.000 2cl=1.000 60s
 step 1000000 loss=0.14427 bce=0.14427 lap=0.00 lam=0.0e+00 val=0.5548 2ch=0.000 2cl=1.000 60s
done. best in-dist exact=0.6198  -> runs/report5/base_n40/n40_mixed_roberta_linear_lam0_seed2000
auto-eval bridged: runs/report5/base_n40/n40_mixed_roberta_linear_lam0_seed2000/last.pt
checkpoint=runs/report5/base_n40/n40_mixed_roberta_linear_lam0_seed2000/last.pt
  arch=roberta readout=linear n=40 L=2 device=cuda
  [bridged] exact=0.000 withinA=1.000 withinB=1.000 cross=0.000 crossPredConn=0.000
  [split] exact=1.000 withinA=1.000 withinB=1.000 cross=1.000 crossPredConn=0.000
  discrimination acc=0.500 (bridged->conn 0.00, split->conn 0.00)
  c= 2  model cross=0.998 disc=1.000 | MP=1.00 BFS(b=c)=0.18 DFS(b=c)=0.18
  c= 3  model cross=1.000 disc=1.000 | MP=1.00 BFS(b=c)=0.10 DFS(b=c)=0.32
  c= 4  model cross=1.000 disc=1.000 | MP=1.00 BFS(b=c)=0.06 DFS(b=c)=0.44
  c= 5  model cross=1.000 disc=1.000 | MP=1.00 BFS(b=c)=0.04 DFS(b=c)=0.49
  c= 6  model cross=0.988 disc=1.000 | MP=1.00 BFS(b=c)=0.03 DFS(b=c)=0.53
  c= 7  model cross=0.687 disc=0.954 | MP=1.00 BFS(b=c)=0.02 DFS(b=c)=0.57
  c= 8  model cross=0.244 disc=0.501 | MP=1.00 BFS(b=c)=0.02 DFS(b=c)=0.58
  c= 9  model cross=0.140 disc=0.500 | MP=1.00 BFS(b=c)=0.01 DFS(b=c)=0.62
  c=10  model cross=0.079 disc=0.500 | MP=1.00 BFS(b=c)=0.01 DFS(b=c)=0.64
  c=11  model cross=0.050 disc=0.500 | MP=1.00 BFS(b=c)=0.01 DFS(b=c)=0.63
  c=12  model cross=0.025 disc=0.500 | MP=1.00 BFS(b=c)=0.01 DFS(b=c)=0.65
  c=13  model cross=0.009 disc=0.500 | MP=1.00 BFS(b=c)=0.01 DFS(b=c)=0.67
  c=14  model cross=0.002 disc=0.500 | MP=1.00 BFS(b=c)=0.01 DFS(b=c)=0.65
  c=15  model cross=0.001 disc=0.500 | MP=1.00 BFS(b=c)=0.00 DFS(b=c)=0.67
  c=16  model cross=0.000 disc=0.500 | MP=1.00 BFS(b=c)=0.00 DFS(b=c)=0.67
  c=17  model cross=0.000 disc=0.500 | MP=1.00 BFS(b=c)=0.00 DFS(b=c)=0.68
  c=18  model cross=0.000 disc=0.500 | MP=1.00 BFS(b=c)=0.00 DFS(b=c)=0.69
  c=19  model cross=0.000 disc=0.500 | MP=1.00 BFS(b=c)=0.00 DFS(b=c)=0.70
  c=20  model cross=0.000 disc=0.500 | MP=1.00 BFS(b=c)=0.00 DFS(b=c)=0.69
  saved -> runs/report5/bridged_cliques/n40_mixed_seed2000/bridged_cliques.json
loaded roberta/linear n=40 L=2 from runs/report5/base_n40/n40_mixed_roberta_linear_lam0_seed2000/last.pt
  er             exact=0.994 pairwise=1.000 reach=1.000 disc=1.000
  er_blocks      exact=0.974 pairwise=1.000 reach=1.000 disc=0.999
  clique_blocks  exact=0.993 pairwise=1.000 reach=1.000 disc=1.000
  path_union     exact=0.252 pairwise=0.918 reach=0.887 disc=0.969
  2chains        exact=0.000 pairwise=0.858 reach=0.713 disc=0.996
  2cliques       exact=1.000 pairwise=1.000 reach=1.000 disc=1.000
  1cycle         exact=0.000 pairwise=0.462 reach=0.462 disc=  n/a
  2cycle         exact=0.000 pairwise=0.974 reach=0.947 disc=1.000
  1chain         exact=1.000 pairwise=1.000 reach=1.000 disc=  n/a
  chain_plus     exact=0.022 pairwise=0.823 reach=0.794 disc=0.889
  barbell        exact=0.000 pairwise=0.463 reach=0.463 disc=  n/a
  barbell_var    exact=0.059 pairwise=0.572 reach=0.572 disc=  n/a
  expander       exact=0.997 pairwise=1.000 reach=1.000 disc=  n/a
  expander_var   exact=0.951 pairwise=0.973 reach=0.973 disc=  n/a
saved -> runs/report5/base_n40/n40_mixed_roberta_linear_lam0_seed2000/families/families_eval.json (+ png)
