== runs/report5/bridged_blocks_trained/n20_seed1000  (runs/report5/train_bridged_in_stream/n20_mixedbr_roberta_linear_lam0_seed1000/last.pt) ==
checkpoint=runs/report5/train_bridged_in_stream/n20_mixedbr_roberta_linear_lam0_seed1000/last.pt
  arch=roberta readout=linear n=20 L=2 device=cuda
  [bridged] exact=1.000 withinA=1.000 withinB=1.000 cross=1.000 crossPredConn=1.000
  [split] exact=1.000 withinA=1.000 withinB=1.000 cross=1.000 crossPredConn=0.000
  discrimination acc=1.000 (bridged->conn 1.00, split->conn 0.00)
  c= 2  model cross=1.000 disc=1.000 | MP=1.00 BFS(b=c)=0.19 DFS(b=c)=0.19
  c= 3  model cross=1.000 disc=1.000 | MP=1.00 BFS(b=c)=0.13 DFS(b=c)=0.29
  c= 4  model cross=1.000 disc=1.000 | MP=1.00 BFS(b=c)=0.11 DFS(b=c)=0.40
  c= 5  model cross=1.000 disc=1.000 | MP=1.00 BFS(b=c)=0.09 DFS(b=c)=0.45
  c= 6  model cross=1.000 disc=1.000 | MP=1.00 BFS(b=c)=0.08 DFS(b=c)=0.50
  c= 7  model cross=1.000 disc=1.000 | MP=1.00 BFS(b=c)=0.07 DFS(b=c)=0.52
  c= 8  model cross=1.000 disc=1.000 | MP=1.00 BFS(b=c)=0.06 DFS(b=c)=0.54
  c= 9  model cross=1.000 disc=1.000 | MP=1.00 BFS(b=c)=0.05 DFS(b=c)=0.55
  c=10  model cross=1.000 disc=1.000 | MP=1.00 BFS(b=c)=0.04 DFS(b=c)=0.56
  saved -> runs/report5/bridged_blocks_trained/n20_seed1000/bridged_cliques.json
== runs/report5/bridged_blocks_heldout/n20_seed1000  (runs/report5/base_n20/n20_mixed_roberta_linear_lam0_seed1000/last.pt) ==
checkpoint=runs/report5/base_n20/n20_mixed_roberta_linear_lam0_seed1000/last.pt
  arch=roberta readout=linear n=20 L=2 device=cuda
  [bridged] exact=0.000 withinA=1.000 withinB=1.000 cross=0.106 crossPredConn=0.106
  [split] exact=1.000 withinA=1.000 withinB=1.000 cross=1.000 crossPredConn=0.000
  discrimination acc=0.500 (bridged->conn 0.00, split->conn 0.00)
  c= 2  model cross=1.000 disc=1.000 | MP=1.00 BFS(b=c)=0.19 DFS(b=c)=0.19
  c= 3  model cross=1.000 disc=1.000 | MP=1.00 BFS(b=c)=0.13 DFS(b=c)=0.29
  c= 4  model cross=1.000 disc=1.000 | MP=1.00 BFS(b=c)=0.11 DFS(b=c)=0.40
  c= 5  model cross=1.000 disc=1.000 | MP=1.00 BFS(b=c)=0.09 DFS(b=c)=0.45
  c= 6  model cross=1.000 disc=1.000 | MP=1.00 BFS(b=c)=0.08 DFS(b=c)=0.50
  c= 7  model cross=0.942 disc=0.991 | MP=1.00 BFS(b=c)=0.07 DFS(b=c)=0.52
  c= 8  model cross=0.501 disc=0.715 | MP=1.00 BFS(b=c)=0.06 DFS(b=c)=0.54
  c= 9  model cross=0.185 disc=0.509 | MP=1.00 BFS(b=c)=0.05 DFS(b=c)=0.55
  c=10  model cross=0.107 disc=0.500 | MP=1.00 BFS(b=c)=0.04 DFS(b=c)=0.56
  saved -> runs/report5/bridged_blocks_heldout/n20_seed1000/bridged_cliques.json
== runs/report5/bridged_blocks_trained/n20_seed2000  (runs/report5/train_bridged_in_stream/n20_mixedbr_roberta_linear_lam0_seed2000/last.pt) ==
checkpoint=runs/report5/train_bridged_in_stream/n20_mixedbr_roberta_linear_lam0_seed2000/last.pt
  arch=roberta readout=linear n=20 L=2 device=cuda
  [bridged] exact=1.000 withinA=1.000 withinB=1.000 cross=1.000 crossPredConn=1.000
  [split] exact=1.000 withinA=1.000 withinB=1.000 cross=1.000 crossPredConn=0.000
  discrimination acc=1.000 (bridged->conn 1.00, split->conn 0.00)
  c= 2  model cross=1.000 disc=1.000 | MP=1.00 BFS(b=c)=0.19 DFS(b=c)=0.19
  c= 3  model cross=1.000 disc=1.000 | MP=1.00 BFS(b=c)=0.13 DFS(b=c)=0.29
  c= 4  model cross=1.000 disc=1.000 | MP=1.00 BFS(b=c)=0.11 DFS(b=c)=0.40
  c= 5  model cross=1.000 disc=1.000 | MP=1.00 BFS(b=c)=0.09 DFS(b=c)=0.45
  c= 6  model cross=1.000 disc=1.000 | MP=1.00 BFS(b=c)=0.08 DFS(b=c)=0.50
  c= 7  model cross=1.000 disc=1.000 | MP=1.00 BFS(b=c)=0.07 DFS(b=c)=0.52
  c= 8  model cross=1.000 disc=1.000 | MP=1.00 BFS(b=c)=0.06 DFS(b=c)=0.54
  c= 9  model cross=1.000 disc=1.000 | MP=1.00 BFS(b=c)=0.05 DFS(b=c)=0.55
  c=10  model cross=1.000 disc=1.000 | MP=1.00 BFS(b=c)=0.04 DFS(b=c)=0.56
  saved -> runs/report5/bridged_blocks_trained/n20_seed2000/bridged_cliques.json
== runs/report5/bridged_blocks_heldout/n20_seed2000  (runs/report5/base_n20/n20_mixed_roberta_linear_lam0_seed2000/last.pt) ==
checkpoint=runs/report5/base_n20/n20_mixed_roberta_linear_lam0_seed2000/last.pt
  arch=roberta readout=linear n=20 L=2 device=cuda
  [bridged] exact=0.000 withinA=1.000 withinB=1.000 cross=0.102 crossPredConn=0.102
  [split] exact=1.000 withinA=1.000 withinB=1.000 cross=1.000 crossPredConn=0.000
  discrimination acc=0.500 (bridged->conn 0.00, split->conn 0.00)
  c= 2  model cross=1.000 disc=1.000 | MP=1.00 BFS(b=c)=0.19 DFS(b=c)=0.19
  c= 3  model cross=1.000 disc=1.000 | MP=1.00 BFS(b=c)=0.13 DFS(b=c)=0.29
  c= 4  model cross=1.000 disc=1.000 | MP=1.00 BFS(b=c)=0.11 DFS(b=c)=0.40
  c= 5  model cross=1.000 disc=1.000 | MP=1.00 BFS(b=c)=0.09 DFS(b=c)=0.45
  c= 6  model cross=1.000 disc=1.000 | MP=1.00 BFS(b=c)=0.08 DFS(b=c)=0.50
  c= 7  model cross=0.914 disc=0.978 | MP=1.00 BFS(b=c)=0.07 DFS(b=c)=0.52
  c= 8  model cross=0.416 disc=0.633 | MP=1.00 BFS(b=c)=0.06 DFS(b=c)=0.54
  c= 9  model cross=0.171 disc=0.502 | MP=1.00 BFS(b=c)=0.05 DFS(b=c)=0.55
  c=10  model cross=0.103 disc=0.500 | MP=1.00 BFS(b=c)=0.04 DFS(b=c)=0.56
  saved -> runs/report5/bridged_blocks_heldout/n20_seed2000/bridged_cliques.json
== runs/report5/bridged_blocks_trained/n20_seed3000  (runs/report5/train_bridged_in_stream/n20_mixedbr_roberta_linear_lam0_seed3000/last.pt) ==
checkpoint=runs/report5/train_bridged_in_stream/n20_mixedbr_roberta_linear_lam0_seed3000/last.pt
  arch=roberta readout=linear n=20 L=2 device=cuda
  [bridged] exact=1.000 withinA=1.000 withinB=1.000 cross=1.000 crossPredConn=1.000
  [split] exact=1.000 withinA=1.000 withinB=1.000 cross=1.000 crossPredConn=0.000
  discrimination acc=1.000 (bridged->conn 1.00, split->conn 0.00)
  c= 2  model cross=1.000 disc=1.000 | MP=1.00 BFS(b=c)=0.19 DFS(b=c)=0.19
  c= 3  model cross=1.000 disc=1.000 | MP=1.00 BFS(b=c)=0.13 DFS(b=c)=0.29
  c= 4  model cross=1.000 disc=1.000 | MP=1.00 BFS(b=c)=0.11 DFS(b=c)=0.40
  c= 5  model cross=1.000 disc=1.000 | MP=1.00 BFS(b=c)=0.09 DFS(b=c)=0.45
  c= 6  model cross=1.000 disc=1.000 | MP=1.00 BFS(b=c)=0.08 DFS(b=c)=0.50
  c= 7  model cross=1.000 disc=1.000 | MP=1.00 BFS(b=c)=0.07 DFS(b=c)=0.52
  c= 8  model cross=1.000 disc=1.000 | MP=1.00 BFS(b=c)=0.06 DFS(b=c)=0.54
  c= 9  model cross=1.000 disc=1.000 | MP=1.00 BFS(b=c)=0.05 DFS(b=c)=0.55
  c=10  model cross=1.000 disc=1.000 | MP=1.00 BFS(b=c)=0.04 DFS(b=c)=0.56
  saved -> runs/report5/bridged_blocks_trained/n20_seed3000/bridged_cliques.json
== runs/report5/bridged_blocks_heldout/n20_seed3000  (runs/report5/base_n20/n20_mixed_roberta_linear_lam0_seed3000/last.pt) ==
checkpoint=runs/report5/base_n20/n20_mixed_roberta_linear_lam0_seed3000/last.pt
  arch=roberta readout=linear n=20 L=2 device=cuda
  [bridged] exact=0.000 withinA=1.000 withinB=1.000 cross=0.106 crossPredConn=0.106
  [split] exact=1.000 withinA=1.000 withinB=1.000 cross=1.000 crossPredConn=0.000
  discrimination acc=0.500 (bridged->conn 0.00, split->conn 0.00)
  c= 2  model cross=1.000 disc=1.000 | MP=1.00 BFS(b=c)=0.19 DFS(b=c)=0.19
  c= 3  model cross=1.000 disc=1.000 | MP=1.00 BFS(b=c)=0.13 DFS(b=c)=0.29
  c= 4  model cross=1.000 disc=1.000 | MP=1.00 BFS(b=c)=0.11 DFS(b=c)=0.40
  c= 5  model cross=1.000 disc=1.000 | MP=1.00 BFS(b=c)=0.09 DFS(b=c)=0.45
  c= 6  model cross=0.999 disc=1.000 | MP=1.00 BFS(b=c)=0.08 DFS(b=c)=0.50
  c= 7  model cross=0.951 disc=0.993 | MP=1.00 BFS(b=c)=0.07 DFS(b=c)=0.52
  c= 8  model cross=0.522 disc=0.735 | MP=1.00 BFS(b=c)=0.06 DFS(b=c)=0.54
  c= 9  model cross=0.185 disc=0.504 | MP=1.00 BFS(b=c)=0.05 DFS(b=c)=0.55
  c=10  model cross=0.106 disc=0.500 | MP=1.00 BFS(b=c)=0.04 DFS(b=c)=0.56
  saved -> runs/report5/bridged_blocks_heldout/n20_seed3000/bridged_cliques.json
== runs/report5/bridged_blocks_trained/n20_seed4000  (runs/report5/train_bridged_in_stream/n20_mixedbr_roberta_linear_lam0_seed4000/last.pt) ==
checkpoint=runs/report5/train_bridged_in_stream/n20_mixedbr_roberta_linear_lam0_seed4000/last.pt
  arch=roberta readout=linear n=20 L=2 device=cuda
  [bridged] exact=1.000 withinA=1.000 withinB=1.000 cross=1.000 crossPredConn=1.000
  [split] exact=1.000 withinA=1.000 withinB=1.000 cross=1.000 crossPredConn=0.000
  discrimination acc=1.000 (bridged->conn 1.00, split->conn 0.00)
  c= 2  model cross=1.000 disc=1.000 | MP=1.00 BFS(b=c)=0.19 DFS(b=c)=0.19
  c= 3  model cross=1.000 disc=1.000 | MP=1.00 BFS(b=c)=0.13 DFS(b=c)=0.29
  c= 4  model cross=1.000 disc=1.000 | MP=1.00 BFS(b=c)=0.11 DFS(b=c)=0.40
  c= 5  model cross=1.000 disc=1.000 | MP=1.00 BFS(b=c)=0.09 DFS(b=c)=0.45
  c= 6  model cross=1.000 disc=1.000 | MP=1.00 BFS(b=c)=0.08 DFS(b=c)=0.50
  c= 7  model cross=1.000 disc=1.000 | MP=1.00 BFS(b=c)=0.07 DFS(b=c)=0.52
  c= 8  model cross=1.000 disc=1.000 | MP=1.00 BFS(b=c)=0.06 DFS(b=c)=0.54
  c= 9  model cross=1.000 disc=1.000 | MP=1.00 BFS(b=c)=0.05 DFS(b=c)=0.55
  c=10  model cross=1.000 disc=1.000 | MP=1.00 BFS(b=c)=0.04 DFS(b=c)=0.56
  saved -> runs/report5/bridged_blocks_trained/n20_seed4000/bridged_cliques.json
== runs/report5/bridged_blocks_heldout/n20_seed4000  (runs/report5/base_n20/n20_mixed_roberta_linear_lam0_seed4000/last.pt) ==
checkpoint=runs/report5/base_n20/n20_mixed_roberta_linear_lam0_seed4000/last.pt
  arch=roberta readout=linear n=20 L=2 device=cuda
  [bridged] exact=0.000 withinA=1.000 withinB=1.000 cross=0.110 crossPredConn=0.110
  [split] exact=1.000 withinA=1.000 withinB=1.000 cross=1.000 crossPredConn=0.000
  discrimination acc=0.500 (bridged->conn 0.00, split->conn 0.00)
  c= 2  model cross=1.000 disc=1.000 | MP=1.00 BFS(b=c)=0.19 DFS(b=c)=0.19
  c= 3  model cross=1.000 disc=1.000 | MP=1.00 BFS(b=c)=0.13 DFS(b=c)=0.29
  c= 4  model cross=1.000 disc=1.000 | MP=1.00 BFS(b=c)=0.11 DFS(b=c)=0.40
  c= 5  model cross=1.000 disc=1.000 | MP=1.00 BFS(b=c)=0.09 DFS(b=c)=0.45
  c= 6  model cross=0.999 disc=1.000 | MP=1.00 BFS(b=c)=0.08 DFS(b=c)=0.50
  c= 7  model cross=0.949 disc=0.992 | MP=1.00 BFS(b=c)=0.07 DFS(b=c)=0.52
  c= 8  model cross=0.543 disc=0.752 | MP=1.00 BFS(b=c)=0.06 DFS(b=c)=0.54
  c= 9  model cross=0.205 disc=0.512 | MP=1.00 BFS(b=c)=0.05 DFS(b=c)=0.55
  c=10  model cross=0.110 disc=0.500 | MP=1.00 BFS(b=c)=0.04 DFS(b=c)=0.56
  saved -> runs/report5/bridged_blocks_heldout/n20_seed4000/bridged_cliques.json
== runs/report5/bridged_blocks_trained/n40_seed1000  (runs/report5/train_bridged_in_stream/n40_mixedbr_roberta_linear_lam0_seed1000/last.pt) ==
checkpoint=runs/report5/train_bridged_in_stream/n40_mixedbr_roberta_linear_lam0_seed1000/last.pt
  arch=roberta readout=linear n=40 L=2 device=cuda
  [bridged] exact=0.000 withinA=0.956 withinB=0.956 cross=0.121 crossPredConn=0.121
  [split] exact=1.000 withinA=1.000 withinB=1.000 cross=1.000 crossPredConn=0.000
  discrimination acc=0.504 (bridged->conn 0.01, split->conn 0.00)
  c= 2  model cross=1.000 disc=1.000 | MP=1.00 BFS(b=c)=0.19 DFS(b=c)=0.19
  c= 3  model cross=0.975 disc=1.000 | MP=1.00 BFS(b=c)=0.14 DFS(b=c)=0.31
  c= 4  model cross=1.000 disc=1.000 | MP=1.00 BFS(b=c)=0.11 DFS(b=c)=0.40
  c= 5  model cross=1.000 disc=1.000 | MP=1.00 BFS(b=c)=0.10 DFS(b=c)=0.46
  c= 6  model cross=1.000 disc=1.000 | MP=1.00 BFS(b=c)=0.08 DFS(b=c)=0.49
  c= 7  model cross=1.000 disc=1.000 | MP=1.00 BFS(b=c)=0.07 DFS(b=c)=0.54
  c= 8  model cross=0.999 disc=1.000 | MP=1.00 BFS(b=c)=0.06 DFS(b=c)=0.54
  c= 9  model cross=0.995 disc=1.000 | MP=1.00 BFS(b=c)=0.05 DFS(b=c)=0.56
  c=10  model cross=0.987 disc=0.996 | MP=1.00 BFS(b=c)=0.04 DFS(b=c)=0.57
  c=11  model cross=0.980 disc=0.998 | MP=1.00 BFS(b=c)=0.04 DFS(b=c)=0.58
  c=12  model cross=0.962 disc=0.999 | MP=1.00 BFS(b=c)=0.03 DFS(b=c)=0.57
  c=13  model cross=0.905 disc=0.996 | MP=1.00 BFS(b=c)=0.03 DFS(b=c)=0.58
  c=14  model cross=0.835 disc=0.986 | MP=1.00 BFS(b=c)=0.03 DFS(b=c)=0.59
  c=15  model cross=0.713 disc=0.939 | MP=1.00 BFS(b=c)=0.02 DFS(b=c)=0.59
  c=16  model cross=0.499 disc=0.734 | MP=1.00 BFS(b=c)=0.02 DFS(b=c)=0.61
  c=17  model cross=0.345 disc=0.574 | MP=1.00 BFS(b=c)=0.02 DFS(b=c)=0.60
  c=18  model cross=0.240 disc=0.530 | MP=1.00 BFS(b=c)=0.02 DFS(b=c)=0.60
  c=19  model cross=0.184 disc=0.518 | MP=1.00 BFS(b=c)=0.02 DFS(b=c)=0.60
  c=20  model cross=0.119 disc=0.501 | MP=1.00 BFS(b=c)=0.02 DFS(b=c)=0.60
  saved -> runs/report5/bridged_blocks_trained/n40_seed1000/bridged_cliques.json
== runs/report5/bridged_blocks_heldout/n40_seed1000  (runs/report5/base_n40/n40_mixed_roberta_linear_lam0_seed1000/last.pt) ==
checkpoint=runs/report5/base_n40/n40_mixed_roberta_linear_lam0_seed1000/last.pt
  arch=roberta readout=linear n=40 L=2 device=cuda
  [bridged] exact=0.000 withinA=1.000 withinB=1.000 cross=0.000 crossPredConn=0.000
  [split] exact=1.000 withinA=1.000 withinB=1.000 cross=1.000 crossPredConn=0.000
  discrimination acc=0.500 (bridged->conn 0.00, split->conn 0.00)
  c= 2  model cross=1.000 disc=1.000 | MP=1.00 BFS(b=c)=0.19 DFS(b=c)=0.19
  c= 3  model cross=0.997 disc=0.991 | MP=1.00 BFS(b=c)=0.14 DFS(b=c)=0.31
  c= 4  model cross=1.000 disc=0.997 | MP=1.00 BFS(b=c)=0.11 DFS(b=c)=0.40
  c= 5  model cross=1.000 disc=0.999 | MP=1.00 BFS(b=c)=0.10 DFS(b=c)=0.46
  c= 6  model cross=0.999 disc=1.000 | MP=1.00 BFS(b=c)=0.08 DFS(b=c)=0.49
  c= 7  model cross=0.969 disc=0.998 | MP=1.00 BFS(b=c)=0.07 DFS(b=c)=0.54
  c= 8  model cross=0.707 disc=0.883 | MP=1.00 BFS(b=c)=0.06 DFS(b=c)=0.54
  c= 9  model cross=0.323 disc=0.564 | MP=1.00 BFS(b=c)=0.05 DFS(b=c)=0.56
  c=10  model cross=0.164 disc=0.500 | MP=1.00 BFS(b=c)=0.04 DFS(b=c)=0.57
  c=11  model cross=0.106 disc=0.500 | MP=1.00 BFS(b=c)=0.04 DFS(b=c)=0.58
  c=12  model cross=0.081 disc=0.500 | MP=1.00 BFS(b=c)=0.03 DFS(b=c)=0.57
  c=13  model cross=0.073 disc=0.500 | MP=1.00 BFS(b=c)=0.03 DFS(b=c)=0.58
  c=14  model cross=0.062 disc=0.500 | MP=1.00 BFS(b=c)=0.03 DFS(b=c)=0.59
  c=15  model cross=0.046 disc=0.500 | MP=1.00 BFS(b=c)=0.02 DFS(b=c)=0.59
  c=16  model cross=0.027 disc=0.500 | MP=1.00 BFS(b=c)=0.02 DFS(b=c)=0.61
  c=17  model cross=0.011 disc=0.500 | MP=1.00 BFS(b=c)=0.02 DFS(b=c)=0.60
  c=18  model cross=0.003 disc=0.500 | MP=1.00 BFS(b=c)=0.02 DFS(b=c)=0.60
  c=19  model cross=0.001 disc=0.500 | MP=1.00 BFS(b=c)=0.02 DFS(b=c)=0.60
  c=20  model cross=0.000 disc=0.500 | MP=1.00 BFS(b=c)=0.02 DFS(b=c)=0.60
  saved -> runs/report5/bridged_blocks_heldout/n40_seed1000/bridged_cliques.json
== runs/report5/bridged_blocks_trained/n40_seed2000  (runs/report5/train_bridged_in_stream/n40_mixedbr_roberta_linear_lam0_seed2000/last.pt) ==
checkpoint=runs/report5/train_bridged_in_stream/n40_mixedbr_roberta_linear_lam0_seed2000/last.pt
  arch=roberta readout=linear n=40 L=2 device=cuda
  [bridged] exact=0.000 withinA=0.984 withinB=0.983 cross=0.347 crossPredConn=0.347
  [split] exact=1.000 withinA=1.000 withinB=1.000 cross=1.000 crossPredConn=0.000
  discrimination acc=0.589 (bridged->conn 0.18, split->conn 0.00)
  c= 2  model cross=1.000 disc=1.000 | MP=1.00 BFS(b=c)=0.19 DFS(b=c)=0.19
  c= 3  model cross=0.984 disc=1.000 | MP=1.00 BFS(b=c)=0.14 DFS(b=c)=0.31
  c= 4  model cross=1.000 disc=1.000 | MP=1.00 BFS(b=c)=0.11 DFS(b=c)=0.40
  c= 5  model cross=1.000 disc=1.000 | MP=1.00 BFS(b=c)=0.10 DFS(b=c)=0.46
  c= 6  model cross=1.000 disc=1.000 | MP=1.00 BFS(b=c)=0.08 DFS(b=c)=0.49
  c= 7  model cross=1.000 disc=1.000 | MP=1.00 BFS(b=c)=0.07 DFS(b=c)=0.54
  c= 8  model cross=0.998 disc=1.000 | MP=1.00 BFS(b=c)=0.06 DFS(b=c)=0.54
  c= 9  model cross=0.986 disc=0.999 | MP=1.00 BFS(b=c)=0.05 DFS(b=c)=0.56
  c=10  model cross=0.957 disc=0.995 | MP=1.00 BFS(b=c)=0.04 DFS(b=c)=0.57
  c=11  model cross=0.893 disc=0.989 | MP=1.00 BFS(b=c)=0.04 DFS(b=c)=0.58
  c=12  model cross=0.841 disc=0.951 | MP=1.00 BFS(b=c)=0.03 DFS(b=c)=0.57
  c=13  model cross=0.838 disc=0.958 | MP=1.00 BFS(b=c)=0.03 DFS(b=c)=0.58
  c=14  model cross=0.848 disc=0.982 | MP=1.00 BFS(b=c)=0.03 DFS(b=c)=0.59
  c=15  model cross=0.807 disc=0.965 | MP=1.00 BFS(b=c)=0.02 DFS(b=c)=0.59
  c=16  model cross=0.732 disc=0.935 | MP=1.00 BFS(b=c)=0.02 DFS(b=c)=0.61
  c=17  model cross=0.665 disc=0.901 | MP=1.00 BFS(b=c)=0.02 DFS(b=c)=0.60
  c=18  model cross=0.594 disc=0.836 | MP=1.00 BFS(b=c)=0.02 DFS(b=c)=0.60
  c=19  model cross=0.501 disc=0.731 | MP=1.00 BFS(b=c)=0.02 DFS(b=c)=0.60
  c=20  model cross=0.346 disc=0.578 | MP=1.00 BFS(b=c)=0.02 DFS(b=c)=0.60
  saved -> runs/report5/bridged_blocks_trained/n40_seed2000/bridged_cliques.json
== runs/report5/bridged_blocks_heldout/n40_seed2000  (runs/report5/base_n40/n40_mixed_roberta_linear_lam0_seed2000/last.pt) ==
checkpoint=runs/report5/base_n40/n40_mixed_roberta_linear_lam0_seed2000/last.pt
  arch=roberta readout=linear n=40 L=2 device=cuda
  [bridged] exact=0.000 withinA=1.000 withinB=1.000 cross=0.000 crossPredConn=0.000
  [split] exact=1.000 withinA=1.000 withinB=1.000 cross=1.000 crossPredConn=0.000
  discrimination acc=0.500 (bridged->conn 0.00, split->conn 0.00)
  c= 2  model cross=0.999 disc=1.000 | MP=1.00 BFS(b=c)=0.19 DFS(b=c)=0.19
  c= 3  model cross=0.994 disc=1.000 | MP=1.00 BFS(b=c)=0.14 DFS(b=c)=0.31
  c= 4  model cross=1.000 disc=1.000 | MP=1.00 BFS(b=c)=0.11 DFS(b=c)=0.40
  c= 5  model cross=1.000 disc=1.000 | MP=1.00 BFS(b=c)=0.10 DFS(b=c)=0.46
  c= 6  model cross=0.999 disc=1.000 | MP=1.00 BFS(b=c)=0.08 DFS(b=c)=0.49
  c= 7  model cross=0.959 disc=0.998 | MP=1.00 BFS(b=c)=0.07 DFS(b=c)=0.54
  c= 8  model cross=0.635 disc=0.830 | MP=1.00 BFS(b=c)=0.06 DFS(b=c)=0.54
  c= 9  model cross=0.272 disc=0.539 | MP=1.00 BFS(b=c)=0.05 DFS(b=c)=0.56
  c=10  model cross=0.149 disc=0.500 | MP=1.00 BFS(b=c)=0.04 DFS(b=c)=0.57
  c=11  model cross=0.098 disc=0.500 | MP=1.00 BFS(b=c)=0.04 DFS(b=c)=0.58
  c=12  model cross=0.075 disc=0.500 | MP=1.00 BFS(b=c)=0.03 DFS(b=c)=0.57
  c=13  model cross=0.062 disc=0.500 | MP=1.00 BFS(b=c)=0.03 DFS(b=c)=0.58
  c=14  model cross=0.043 disc=0.500 | MP=1.00 BFS(b=c)=0.03 DFS(b=c)=0.59
  c=15  model cross=0.025 disc=0.500 | MP=1.00 BFS(b=c)=0.02 DFS(b=c)=0.59
  c=16  model cross=0.010 disc=0.500 | MP=1.00 BFS(b=c)=0.02 DFS(b=c)=0.61
  c=17  model cross=0.002 disc=0.500 | MP=1.00 BFS(b=c)=0.02 DFS(b=c)=0.60
  c=18  model cross=0.001 disc=0.500 | MP=1.00 BFS(b=c)=0.02 DFS(b=c)=0.60
  c=19  model cross=0.000 disc=0.500 | MP=1.00 BFS(b=c)=0.02 DFS(b=c)=0.60
  c=20  model cross=0.000 disc=0.500 | MP=1.00 BFS(b=c)=0.02 DFS(b=c)=0.60
  saved -> runs/report5/bridged_blocks_heldout/n40_seed2000/bridged_cliques.json
== runs/report5/bridged_blocks_trained/n40_seed3000  (runs/report5/train_bridged_in_stream/n40_mixedbr_roberta_linear_lam0_seed3000/last.pt) ==
checkpoint=runs/report5/train_bridged_in_stream/n40_mixedbr_roberta_linear_lam0_seed3000/last.pt
  arch=roberta readout=linear n=40 L=2 device=cuda
  [bridged] exact=0.000 withinA=0.966 withinB=0.966 cross=0.552 crossPredConn=0.552
  [split] exact=1.000 withinA=1.000 withinB=1.000 cross=1.000 crossPredConn=0.000
  discrimination acc=0.801 (bridged->conn 0.60, split->conn 0.00)
  c= 2  model cross=1.000 disc=1.000 | MP=1.00 BFS(b=c)=0.19 DFS(b=c)=0.19
  c= 3  model cross=0.996 disc=1.000 | MP=1.00 BFS(b=c)=0.14 DFS(b=c)=0.31
  c= 4  model cross=1.000 disc=1.000 | MP=1.00 BFS(b=c)=0.11 DFS(b=c)=0.40
  c= 5  model cross=1.000 disc=0.999 | MP=1.00 BFS(b=c)=0.10 DFS(b=c)=0.46
  c= 6  model cross=1.000 disc=1.000 | MP=1.00 BFS(b=c)=0.08 DFS(b=c)=0.49
  c= 7  model cross=0.999 disc=1.000 | MP=1.00 BFS(b=c)=0.07 DFS(b=c)=0.54
  c= 8  model cross=0.999 disc=1.000 | MP=1.00 BFS(b=c)=0.06 DFS(b=c)=0.54
  c= 9  model cross=0.997 disc=1.000 | MP=1.00 BFS(b=c)=0.05 DFS(b=c)=0.56
  c=10  model cross=0.995 disc=0.999 | MP=1.00 BFS(b=c)=0.04 DFS(b=c)=0.57
  c=11  model cross=0.991 disc=1.000 | MP=1.00 BFS(b=c)=0.04 DFS(b=c)=0.58
  c=12  model cross=0.991 disc=1.000 | MP=1.00 BFS(b=c)=0.03 DFS(b=c)=0.57
  c=13  model cross=0.980 disc=0.999 | MP=1.00 BFS(b=c)=0.03 DFS(b=c)=0.58
  c=14  model cross=0.964 disc=0.999 | MP=1.00 BFS(b=c)=0.03 DFS(b=c)=0.59
  c=15  model cross=0.968 disc=0.999 | MP=1.00 BFS(b=c)=0.02 DFS(b=c)=0.59
  c=16  model cross=0.971 disc=1.000 | MP=1.00 BFS(b=c)=0.02 DFS(b=c)=0.61
  c=17  model cross=0.974 disc=0.999 | MP=1.00 BFS(b=c)=0.02 DFS(b=c)=0.60
  c=18  model cross=0.916 disc=0.995 | MP=1.00 BFS(b=c)=0.02 DFS(b=c)=0.60
  c=19  model cross=0.737 disc=0.951 | MP=1.00 BFS(b=c)=0.02 DFS(b=c)=0.60
  c=20  model cross=0.549 disc=0.789 | MP=1.00 BFS(b=c)=0.02 DFS(b=c)=0.60
  saved -> runs/report5/bridged_blocks_trained/n40_seed3000/bridged_cliques.json
== runs/report5/bridged_blocks_heldout/n40_seed3000  (runs/report5/base_n40/n40_mixed_roberta_linear_lam0_seed3000/last.pt) ==
checkpoint=runs/report5/base_n40/n40_mixed_roberta_linear_lam0_seed3000/last.pt
  arch=roberta readout=linear n=40 L=2 device=cuda
  [bridged] exact=0.000 withinA=1.000 withinB=1.000 cross=0.000 crossPredConn=0.000
  [split] exact=1.000 withinA=1.000 withinB=1.000 cross=1.000 crossPredConn=0.000
  discrimination acc=0.500 (bridged->conn 0.00, split->conn 0.00)
  c= 2  model cross=0.587 disc=0.777 | MP=1.00 BFS(b=c)=0.19 DFS(b=c)=0.19
  c= 3  model cross=0.934 disc=0.971 | MP=1.00 BFS(b=c)=0.14 DFS(b=c)=0.31
  c= 4  model cross=0.997 disc=0.999 | MP=1.00 BFS(b=c)=0.11 DFS(b=c)=0.40
  c= 5  model cross=1.000 disc=1.000 | MP=1.00 BFS(b=c)=0.10 DFS(b=c)=0.46
  c= 6  model cross=0.982 disc=1.000 | MP=1.00 BFS(b=c)=0.08 DFS(b=c)=0.49
  c= 7  model cross=0.798 disc=0.935 | MP=1.00 BFS(b=c)=0.07 DFS(b=c)=0.54
  c= 8  model cross=0.415 disc=0.632 | MP=1.00 BFS(b=c)=0.06 DFS(b=c)=0.54
  c= 9  model cross=0.231 disc=0.507 | MP=1.00 BFS(b=c)=0.05 DFS(b=c)=0.56
  c=10  model cross=0.163 disc=0.500 | MP=1.00 BFS(b=c)=0.04 DFS(b=c)=0.57
  c=11  model cross=0.108 disc=0.500 | MP=1.00 BFS(b=c)=0.04 DFS(b=c)=0.58
  c=12  model cross=0.084 disc=0.500 | MP=1.00 BFS(b=c)=0.03 DFS(b=c)=0.57
  c=13  model cross=0.074 disc=0.500 | MP=1.00 BFS(b=c)=0.03 DFS(b=c)=0.58
  c=14  model cross=0.063 disc=0.500 | MP=1.00 BFS(b=c)=0.03 DFS(b=c)=0.59
  c=15  model cross=0.041 disc=0.500 | MP=1.00 BFS(b=c)=0.02 DFS(b=c)=0.59
  c=16  model cross=0.021 disc=0.500 | MP=1.00 BFS(b=c)=0.02 DFS(b=c)=0.61
  c=17  model cross=0.005 disc=0.500 | MP=1.00 BFS(b=c)=0.02 DFS(b=c)=0.60
  c=18  model cross=0.001 disc=0.500 | MP=1.00 BFS(b=c)=0.02 DFS(b=c)=0.60
  c=19  model cross=0.000 disc=0.500 | MP=1.00 BFS(b=c)=0.02 DFS(b=c)=0.60
  c=20  model cross=0.000 disc=0.500 | MP=1.00 BFS(b=c)=0.02 DFS(b=c)=0.60
  saved -> runs/report5/bridged_blocks_heldout/n40_seed3000/bridged_cliques.json
== runs/report5/bridged_blocks_trained/n40_seed4000  (runs/report5/train_bridged_in_stream/n40_mixedbr_roberta_linear_lam0_seed4000/last.pt) ==
checkpoint=runs/report5/train_bridged_in_stream/n40_mixedbr_roberta_linear_lam0_seed4000/last.pt
  arch=roberta readout=linear n=40 L=2 device=cuda
  [bridged] exact=0.000 withinA=0.976 withinB=0.975 cross=0.393 crossPredConn=0.393
  [split] exact=1.000 withinA=1.000 withinB=1.000 cross=1.000 crossPredConn=0.000
  discrimination acc=0.616 (bridged->conn 0.23, split->conn 0.00)
  c= 2  model cross=1.000 disc=1.000 | MP=1.00 BFS(b=c)=0.19 DFS(b=c)=0.19
  c= 3  model cross=0.987 disc=1.000 | MP=1.00 BFS(b=c)=0.14 DFS(b=c)=0.31
  c= 4  model cross=1.000 disc=1.000 | MP=1.00 BFS(b=c)=0.11 DFS(b=c)=0.40
  c= 5  model cross=1.000 disc=1.000 | MP=1.00 BFS(b=c)=0.10 DFS(b=c)=0.46
  c= 6  model cross=1.000 disc=1.000 | MP=1.00 BFS(b=c)=0.08 DFS(b=c)=0.49
  c= 7  model cross=1.000 disc=1.000 | MP=1.00 BFS(b=c)=0.07 DFS(b=c)=0.54
  c= 8  model cross=0.999 disc=1.000 | MP=1.00 BFS(b=c)=0.06 DFS(b=c)=0.54
  c= 9  model cross=0.996 disc=1.000 | MP=1.00 BFS(b=c)=0.05 DFS(b=c)=0.56
  c=10  model cross=0.992 disc=0.998 | MP=1.00 BFS(b=c)=0.04 DFS(b=c)=0.57
  c=11  model cross=0.981 disc=0.999 | MP=1.00 BFS(b=c)=0.04 DFS(b=c)=0.58
  c=12  model cross=0.965 disc=0.999 | MP=1.00 BFS(b=c)=0.03 DFS(b=c)=0.57
  c=13  model cross=0.953 disc=0.998 | MP=1.00 BFS(b=c)=0.03 DFS(b=c)=0.58
  c=14  model cross=0.950 disc=0.999 | MP=1.00 BFS(b=c)=0.03 DFS(b=c)=0.59
  c=15  model cross=0.946 disc=0.999 | MP=1.00 BFS(b=c)=0.02 DFS(b=c)=0.59
  c=16  model cross=0.907 disc=0.995 | MP=1.00 BFS(b=c)=0.02 DFS(b=c)=0.61
  c=17  model cross=0.840 disc=0.989 | MP=1.00 BFS(b=c)=0.02 DFS(b=c)=0.60
  c=18  model cross=0.731 disc=0.935 | MP=1.00 BFS(b=c)=0.02 DFS(b=c)=0.60
  c=19  model cross=0.558 disc=0.791 | MP=1.00 BFS(b=c)=0.02 DFS(b=c)=0.60
  c=20  model cross=0.390 disc=0.600 | MP=1.00 BFS(b=c)=0.02 DFS(b=c)=0.60
  saved -> runs/report5/bridged_blocks_trained/n40_seed4000/bridged_cliques.json
== runs/report5/bridged_blocks_heldout/n40_seed4000  (runs/report5/base_n40/n40_mixed_roberta_linear_lam0_seed4000/last.pt) ==
checkpoint=runs/report5/base_n40/n40_mixed_roberta_linear_lam0_seed4000/last.pt
  arch=roberta readout=linear n=40 L=2 device=cuda
  [bridged] exact=0.000 withinA=1.000 withinB=1.000 cross=0.000 crossPredConn=0.000
  [split] exact=1.000 withinA=1.000 withinB=1.000 cross=1.000 crossPredConn=0.000
  discrimination acc=0.500 (bridged->conn 0.00, split->conn 0.00)
  c= 2  model cross=1.000 disc=1.000 | MP=1.00 BFS(b=c)=0.19 DFS(b=c)=0.19
  c= 3  model cross=0.996 disc=1.000 | MP=1.00 BFS(b=c)=0.14 DFS(b=c)=0.31
  c= 4  model cross=1.000 disc=0.999 | MP=1.00 BFS(b=c)=0.11 DFS(b=c)=0.40
  c= 5  model cross=1.000 disc=1.000 | MP=1.00 BFS(b=c)=0.10 DFS(b=c)=0.46
  c= 6  model cross=0.999 disc=1.000 | MP=1.00 BFS(b=c)=0.08 DFS(b=c)=0.49
  c= 7  model cross=0.972 disc=0.999 | MP=1.00 BFS(b=c)=0.07 DFS(b=c)=0.54
  c= 8  model cross=0.731 disc=0.914 | MP=1.00 BFS(b=c)=0.06 DFS(b=c)=0.54
  c= 9  model cross=0.302 disc=0.552 | MP=1.00 BFS(b=c)=0.05 DFS(b=c)=0.56
  c=10  model cross=0.145 disc=0.500 | MP=1.00 BFS(b=c)=0.04 DFS(b=c)=0.57
  c=11  model cross=0.098 disc=0.500 | MP=1.00 BFS(b=c)=0.04 DFS(b=c)=0.58
  c=12  model cross=0.081 disc=0.500 | MP=1.00 BFS(b=c)=0.03 DFS(b=c)=0.57
  c=13  model cross=0.070 disc=0.500 | MP=1.00 BFS(b=c)=0.03 DFS(b=c)=0.58
  c=14  model cross=0.056 disc=0.500 | MP=1.00 BFS(b=c)=0.03 DFS(b=c)=0.59
  c=15  model cross=0.034 disc=0.500 | MP=1.00 BFS(b=c)=0.02 DFS(b=c)=0.59
  c=16  model cross=0.014 disc=0.500 | MP=1.00 BFS(b=c)=0.02 DFS(b=c)=0.61
  c=17  model cross=0.004 disc=0.500 | MP=1.00 BFS(b=c)=0.02 DFS(b=c)=0.60
  c=18  model cross=0.001 disc=0.500 | MP=1.00 BFS(b=c)=0.02 DFS(b=c)=0.60
  c=19  model cross=0.000 disc=0.500 | MP=1.00 BFS(b=c)=0.02 DFS(b=c)=0.60
  c=20  model cross=0.000 disc=0.500 | MP=1.00 BFS(b=c)=0.02 DFS(b=c)=0.60
  saved -> runs/report5/bridged_blocks_heldout/n40_seed4000/bridged_cliques.json
bridged-BLOCKS eval done -> runs/report5/bridged_blocks_{trained,heldout}
