task 0 -> n=40 clique_size=-1 seed=1000
== bridged_clf_n40_rand_seed1000 == device=cuda params=6,327,297
 test set 7600 graphs over clique sizes [2, 3, 4, 5, 6, 7, 8, 9, 10, 11, 12, 13, 14, 15, 16, 17, 18, 19, 20]
 step    2000 loss=0.68783 acc=0.6180 (bridged=0.344 split=0.892) 21s
 step    4000 loss=0.49460 acc=0.7670 (bridged=0.851 split=0.683) 21s
 step    6000 loss=0.31289 acc=0.8299 (bridged=0.912 split=0.748) 22s
 step    8000 loss=0.29212 acc=0.8145 (bridged=0.857 split=0.772) 21s
 step   10000 loss=0.29352 acc=0.8380 (bridged=0.889 split=0.787) 21s
 step   12000 loss=0.31901 acc=0.7962 (bridged=0.651 split=0.942) 21s
 step   14000 loss=0.32749 acc=0.8017 (bridged=0.929 split=0.674) 21s
 step   16000 loss=0.39007 acc=0.7788 (bridged=0.694 split=0.864) 21s
 step   18000 loss=0.30049 acc=0.9729 (bridged=0.961 split=0.985) 21s
 step   20000 loss=0.20929 acc=0.9901 (bridged=0.992 split=0.988) 21s
 step   22000 loss=0.24594 acc=0.9609 (bridged=0.992 split=0.930) 21s
 step   24000 loss=0.20126 acc=0.9928 (bridged=0.988 split=0.997) 21s
 step   26000 loss=0.15250 acc=0.9932 (bridged=0.989 split=0.997) 21s
 step   28000 loss=0.10699 acc=0.9982 (bridged=0.997 split=1.000) 21s
 step   30000 loss=0.09098 acc=0.9929 (bridged=0.989 split=0.996) 21s
 step   32000 loss=0.07581 acc=0.9932 (bridged=0.987 split=0.999) 21s
 step   34000 loss=0.06314 acc=0.9934 (bridged=0.991 split=0.996) 21s
 step   36000 loss=0.06277 acc=0.9955 (bridged=0.994 split=0.997) 21s
 step   38000 loss=0.06527 acc=0.9942 (bridged=0.993 split=0.996) 21s
 step   40000 loss=0.09139 acc=0.9833 (bridged=0.974 split=0.992) 21s
 step   42000 loss=0.10302 acc=0.9901 (bridged=0.986 split=0.994) 21s
 step   44000 loss=0.27997 acc=0.6796 (bridged=0.753 split=0.606) 21s
 step   46000 loss=0.42019 acc=0.7888 (bridged=0.637 split=0.940) 21s
 step   48000 loss=0.27278 acc=0.8368 (bridged=0.948 split=0.725) 21s
 step   50000 loss=0.21468 acc=0.9263 (bridged=0.896 split=0.957) 21s
 step   52000 loss=0.12686 acc=0.9863 (bridged=0.983 split=0.989) 21s
 step   54000 loss=0.11571 acc=0.9909 (bridged=0.993 split=0.989) 21s
 step   56000 loss=0.10659 acc=0.9936 (bridged=0.992 split=0.995) 21s
 step   58000 loss=0.19000 acc=0.7368 (bridged=0.829 split=0.645) 21s
 step   60000 loss=0.25260 acc=0.7783 (bridged=0.974 split=0.582) 21s
 step   62000 loss=0.11735 acc=0.9712 (bridged=0.950 split=0.992) 21s
 step   64000 loss=0.18514 acc=0.9422 (bridged=0.950 split=0.934) 21s
 step   66000 loss=0.18952 acc=0.8159 (bridged=0.859 split=0.772) 21s
 step   68000 loss=0.22432 acc=0.9353 (bridged=0.982 split=0.888) 21s
 step   70000 loss=0.19289 acc=0.8396 (bridged=0.933 split=0.746) 21s
 step   72000 loss=0.13127 acc=0.9971 (bridged=0.996 split=0.998) 21s
 step   74000 loss=0.03636 acc=0.9986 (bridged=0.997 split=1.000) 21s
 step   76000 loss=0.03795 acc=0.9976 (bridged=0.997 split=0.998) 21s
 step   78000 loss=0.05662 acc=0.9941 (bridged=0.990 split=0.998) 21s
 step   80000 loss=0.06768 acc=0.9933 (bridged=0.992 split=0.995) 21s
 step   82000 loss=0.39074 acc=0.6233 (bridged=0.705 split=0.542) 21s
 step   84000 loss=0.52068 acc=0.6725 (bridged=0.836 split=0.509) 21s
 step   86000 loss=0.48439 acc=0.6907 (bridged=0.796 split=0.586) 21s
 step   88000 loss=0.45777 acc=0.7395 (bridged=0.711 split=0.768) 21s
 step   90000 loss=0.41802 acc=0.8057 (bridged=0.699 split=0.912) 22s
 step   92000 loss=0.37241 acc=0.8468 (bridged=0.902 split=0.792) 22s
 step   94000 loss=0.34061 acc=0.8909 (bridged=0.836 split=0.946) 21s
 step   96000 loss=0.33843 acc=0.8796 (bridged=0.952 split=0.808) 21s
 step   98000 loss=0.28954 acc=0.9725 (bridged=0.969 split=0.976) 21s
 step  100000 loss=0.23938 acc=0.9821 (bridged=0.975 split=0.989) 21s
 step  102000 loss=0.18507 acc=0.9896 (bridged=0.982 split=0.998) 21s
 step  104000 loss=0.13952 acc=0.9575 (bridged=0.916 split=0.999) 21s
 step  106000 loss=0.13397 acc=0.9937 (bridged=0.988 split=0.999) 21s
 step  108000 loss=0.12470 acc=0.9945 (bridged=0.990 split=0.999) 21s
 step  110000 loss=0.09727 acc=0.9929 (bridged=0.987 split=0.999) 21s
 step  112000 loss=0.09304 acc=0.9943 (bridged=0.992 split=0.997) 21s
 step  114000 loss=0.19560 acc=0.9929 (bridged=0.986 split=0.999) 21s
 step  116000 loss=0.39791 acc=0.9995 (bridged=0.999 split=1.000) 21s
 step  118000 loss=0.00622 acc=0.9988 (bridged=0.998 split=1.000) 21s
 step  120000 loss=0.01983 acc=1.0000 (bridged=1.000 split=1.000) 20s
 step  122000 loss=0.00206 acc=0.9996 (bridged=0.999 split=1.000) 21s
 step  124000 loss=0.05399 acc=1.0000 (bridged=1.000 split=1.000) 20s
 step  126000 loss=0.00037 acc=1.0000 (bridged=1.000 split=1.000) 20s
 step  128000 loss=0.02959 acc=1.0000 (bridged=1.000 split=1.000) 20s
 step  130000 loss=0.00004 acc=1.0000 (bridged=1.000 split=1.000) 20s
 step  132000 loss=0.00094 acc=1.0000 (bridged=1.000 split=1.000) 20s
 step  134000 loss=0.00000 acc=1.0000 (bridged=1.000 split=1.000) 20s
 step  136000 loss=0.01456 acc=0.9999 (bridged=1.000 split=1.000) 20s
 step  138000 loss=0.00006 acc=1.0000 (bridged=1.000 split=1.000) 21s
 step  140000 loss=0.00002 acc=1.0000 (bridged=1.000 split=1.000) 21s
 step  142000 loss=0.00019 acc=1.0000 (bridged=1.000 split=1.000) 20s
 step  144000 loss=0.00003 acc=1.0000 (bridged=1.000 split=1.000) 20s
 step  146000 loss=0.00005 acc=1.0000 (bridged=1.000 split=1.000) 20s
 step  148000 loss=0.00002 acc=1.0000 (bridged=1.000 split=1.000) 20s
 step  150000 loss=0.00000 acc=1.0000 (bridged=1.000 split=1.000) 20s
 step  152000 loss=0.00000 acc=1.0000 (bridged=1.000 split=1.000) 20s
 step  154000 loss=0.00000 acc=1.0000 (bridged=1.000 split=1.000) 20s
 step  156000 loss=0.00000 acc=1.0000 (bridged=1.000 split=1.000) 20s
 step  158000 loss=0.00000 acc=1.0000 (bridged=1.000 split=1.000) 20s
 step  160000 loss=0.00000 acc=1.0000 (bridged=1.000 split=1.000) 20s
 step  162000 loss=0.00000 acc=1.0000 (bridged=1.000 split=1.000) 20s
 step  164000 loss=0.00000 acc=1.0000 (bridged=1.000 split=1.000) 20s
 step  166000 loss=0.00000 acc=1.0000 (bridged=1.000 split=1.000) 20s
 step  168000 loss=0.00000 acc=1.0000 (bridged=1.000 split=1.000) 20s
 step  170000 loss=0.00000 acc=1.0000 (bridged=1.000 split=1.000) 20s
 step  172000 loss=0.00000 acc=1.0000 (bridged=1.000 split=1.000) 20s
 step  174000 loss=0.00000 acc=1.0000 (bridged=1.000 split=1.000) 20s
 step  176000 loss=0.00000 acc=1.0000 (bridged=1.000 split=1.000) 20s
 step  178000 loss=0.00000 acc=1.0000 (bridged=1.000 split=1.000) 20s
 step  180000 loss=0.00000 acc=1.0000 (bridged=1.000 split=1.000) 20s
 step  182000 loss=0.00000 acc=1.0000 (bridged=1.000 split=1.000) 20s
 step  184000 loss=0.00000 acc=1.0000 (bridged=1.000 split=1.000) 20s
 step  186000 loss=0.00000 acc=1.0000 (bridged=1.000 split=1.000) 20s
 step  188000 loss=0.00000 acc=1.0000 (bridged=1.000 split=1.000) 20s
 step  190000 loss=0.00001 acc=1.0000 (bridged=1.000 split=1.000) 20s
 step  192000 loss=0.00000 acc=1.0000 (bridged=1.000 split=1.000) 20s
 step  194000 loss=0.00000 acc=1.0000 (bridged=1.000 split=1.000) 20s
 step  196000 loss=0.00000 acc=1.0000 (bridged=1.000 split=1.000) 20s
 step  198000 loss=0.00000 acc=1.0000 (bridged=1.000 split=1.000) 20s
 step  200000 loss=0.00000 acc=1.0000 (bridged=1.000 split=1.000) 20s
done. best acc=1.0000 -> runs/report5/bridged_clf/bridged_clf_n40_rand_seed1000
