task 3 -> n=20 clique_size=-1 seed=4000
== bridged_clf_n20_rand_seed4000 == device=cuda params=6,317,057
 test set 3600 graphs over clique sizes [2, 3, 4, 5, 6, 7, 8, 9, 10]
 step    2000 loss=0.28813 acc=0.9928 (bridged=0.986 split=1.000) 13s
 step    4000 loss=0.04412 acc=0.9994 (bridged=0.999 split=1.000) 13s
 step    6000 loss=0.00632 acc=1.0000 (bridged=1.000 split=1.000) 13s
 step    8000 loss=0.00000 acc=1.0000 (bridged=1.000 split=1.000) 12s
 step   10000 loss=0.00000 acc=1.0000 (bridged=1.000 split=1.000) 12s
 step   12000 loss=0.00000 acc=1.0000 (bridged=1.000 split=1.000) 12s
 step   14000 loss=0.00000 acc=1.0000 (bridged=1.000 split=1.000) 12s
 step   16000 loss=0.52488 acc=0.5050 (bridged=0.163 split=0.847) 12s
 step   18000 loss=0.46391 acc=0.8675 (bridged=0.821 split=0.914) 13s
 step   20000 loss=0.11044 acc=0.9886 (bridged=0.982 split=0.995) 13s
 step   22000 loss=0.04874 acc=0.9936 (bridged=0.991 split=0.997) 12s
 step   24000 loss=0.03686 acc=0.9914 (bridged=0.988 split=0.994) 12s
 step   26000 loss=0.02918 acc=0.9864 (bridged=0.995 split=0.978) 12s
 step   28000 loss=0.03792 acc=0.9933 (bridged=0.990 split=0.997) 12s
 step   30000 loss=0.04133 acc=0.9908 (bridged=0.986 split=0.996) 12s
 step   32000 loss=0.04214 acc=0.9969 (bridged=0.995 split=0.999) 12s
 step   34000 loss=0.03566 acc=0.9964 (bridged=0.993 split=0.999) 12s
 step   36000 loss=0.04082 acc=0.9950 (bridged=0.992 split=0.998) 12s
 step   38000 loss=0.04525 acc=0.9981 (bridged=0.996 split=1.000) 12s
 step   40000 loss=0.05699 acc=0.9925 (bridged=0.993 split=0.992) 12s
 step   42000 loss=0.07199 acc=0.9978 (bridged=0.997 split=0.999) 12s
 step   44000 loss=0.03606 acc=0.9975 (bridged=0.997 split=0.998) 12s
 step   46000 loss=0.02672 acc=0.9947 (bridged=0.991 split=0.998) 12s
 step   48000 loss=0.03602 acc=0.9967 (bridged=0.994 split=0.999) 12s
 step   50000 loss=0.03810 acc=0.9911 (bridged=0.999 split=0.983) 12s
 step   52000 loss=0.03109 acc=0.9956 (bridged=0.992 split=0.999) 12s
 step   54000 loss=0.03911 acc=0.9981 (bridged=0.997 split=0.999) 13s
 step   56000 loss=0.02782 acc=0.9989 (bridged=0.998 split=1.000) 13s
 step   58000 loss=0.03034 acc=0.9989 (bridged=0.998 split=1.000) 12s
 step   60000 loss=0.03257 acc=0.9992 (bridged=1.000 split=0.998) 12s
 step   62000 loss=0.02907 acc=0.9967 (bridged=0.993 split=1.000) 12s
 step   64000 loss=0.03463 acc=0.9969 (bridged=0.997 split=0.997) 12s
 step   66000 loss=0.02653 acc=0.9983 (bridged=0.997 split=0.999) 12s
 step   68000 loss=0.02470 acc=0.9981 (bridged=0.997 split=0.999) 12s
 step   70000 loss=0.02408 acc=0.9983 (bridged=0.997 split=1.000) 12s
 step   72000 loss=0.02551 acc=0.9975 (bridged=0.995 split=1.000) 12s
 step   74000 loss=0.02583 acc=0.9981 (bridged=0.997 split=0.999) 12s
 step   76000 loss=0.01446 acc=0.9983 (bridged=0.999 split=0.997) 12s
 step   78000 loss=0.02335 acc=0.9981 (bridged=0.997 split=0.999) 12s
 step   80000 loss=0.03057 acc=0.9981 (bridged=0.997 split=0.999) 12s
 step   82000 loss=0.02051 acc=0.9983 (bridged=0.998 split=0.999) 12s
 step   84000 loss=0.02548 acc=0.9975 (bridged=0.996 split=0.999) 12s
 step   86000 loss=0.02770 acc=1.0000 (bridged=1.000 split=1.000) 12s
 step   88000 loss=0.02823 acc=0.9981 (bridged=0.996 split=1.000) 12s
 step   90000 loss=0.02757 acc=0.9983 (bridged=0.998 split=0.999) 12s
 step   92000 loss=0.02871 acc=0.9992 (bridged=0.999 split=0.999) 12s
 step   94000 loss=0.02082 acc=0.9992 (bridged=0.999 split=0.999) 12s
 step   96000 loss=0.02662 acc=0.9981 (bridged=0.998 split=0.998) 12s
 step   98000 loss=0.02284 acc=0.9994 (bridged=1.000 split=0.999) 12s
 step  100000 loss=0.02940 acc=0.9989 (bridged=0.999 split=0.998) 12s
 step  102000 loss=0.02282 acc=0.9981 (bridged=0.997 split=0.999) 12s
 step  104000 loss=0.02017 acc=0.9989 (bridged=0.999 split=0.999) 12s
 step  106000 loss=0.02181 acc=0.9989 (bridged=0.999 split=0.999) 12s
 step  108000 loss=0.02236 acc=0.9989 (bridged=0.998 split=0.999) 13s
 step  110000 loss=0.02166 acc=0.9983 (bridged=0.998 split=0.999) 13s
 step  112000 loss=0.02451 acc=0.9989 (bridged=0.998 split=1.000) 13s
 step  114000 loss=0.02326 acc=0.9989 (bridged=0.998 split=1.000) 12s
 step  116000 loss=0.02177 acc=0.9997 (bridged=0.999 split=1.000) 12s
 step  118000 loss=0.02388 acc=0.9983 (bridged=0.997 split=0.999) 12s
 step  120000 loss=0.02457 acc=0.9994 (bridged=0.999 split=1.000) 12s
 step  122000 loss=0.02091 acc=0.9994 (bridged=0.999 split=1.000) 12s
 step  124000 loss=0.02043 acc=0.9983 (bridged=0.998 split=0.999) 12s
 step  126000 loss=0.02622 acc=0.9983 (bridged=0.998 split=0.999) 12s
 step  128000 loss=0.02614 acc=0.9989 (bridged=0.999 split=0.999) 12s
 step  130000 loss=0.02452 acc=0.9983 (bridged=0.997 split=0.999) 12s
 step  132000 loss=0.02221 acc=0.9994 (bridged=0.999 split=1.000) 12s
 step  134000 loss=0.02378 acc=0.9978 (bridged=0.996 split=1.000) 12s
 step  136000 loss=0.02278 acc=0.9978 (bridged=0.999 split=0.996) 12s
 step  138000 loss=0.02279 acc=0.9983 (bridged=0.998 split=0.999) 12s
 step  140000 loss=0.02098 acc=0.9981 (bridged=0.997 split=0.999) 12s
 step  142000 loss=0.02295 acc=0.9978 (bridged=0.996 split=0.999) 12s
 step  144000 loss=0.02358 acc=0.9969 (bridged=0.996 split=0.998) 12s
 step  146000 loss=0.02030 acc=0.9983 (bridged=0.998 split=0.999) 12s
 step  148000 loss=0.01666 acc=0.9983 (bridged=0.997 split=0.999) 12s
 step  150000 loss=0.01728 acc=0.9992 (bridged=0.998 split=1.000) 12s
 step  152000 loss=0.01575 acc=0.9975 (bridged=0.996 split=0.999) 12s
 step  154000 loss=0.01911 acc=0.9969 (bridged=0.998 split=0.996) 12s
 step  156000 loss=0.01661 acc=0.9981 (bridged=0.997 split=0.999) 12s
 step  158000 loss=0.01568 acc=0.9981 (bridged=0.997 split=0.999) 12s
 step  160000 loss=0.01462 acc=0.9989 (bridged=0.999 split=0.998) 12s
 step  162000 loss=0.01433 acc=0.9989 (bridged=0.998 split=0.999) 12s
 step  164000 loss=0.01408 acc=0.9986 (bridged=0.997 split=1.000) 12s
 step  166000 loss=0.01197 acc=0.9992 (bridged=0.999 split=0.999) 12s
 step  168000 loss=0.01228 acc=0.9997 (bridged=0.999 split=1.000) 12s
 step  170000 loss=0.01274 acc=0.9992 (bridged=1.000 split=0.998) 12s
 step  172000 loss=0.01217 acc=0.9989 (bridged=0.998 split=0.999) 12s
 step  174000 loss=0.01199 acc=0.9983 (bridged=0.997 split=0.999) 12s
 step  176000 loss=0.01155 acc=0.9986 (bridged=0.997 split=1.000) 12s
 step  178000 loss=0.01181 acc=0.9986 (bridged=0.998 split=0.999) 12s
 step  180000 loss=0.01062 acc=0.9981 (bridged=0.997 split=0.999) 12s
 step  182000 loss=0.01043 acc=0.9986 (bridged=0.999 split=0.998) 12s
 step  184000 loss=0.01050 acc=0.9978 (bridged=0.999 split=0.997) 12s
 step  186000 loss=0.00984 acc=0.9994 (bridged=0.999 split=0.999) 12s
 step  188000 loss=0.00969 acc=0.9978 (bridged=0.999 split=0.997) 12s
 step  190000 loss=0.01002 acc=0.9997 (bridged=0.999 split=1.000) 12s
 step  192000 loss=0.00885 acc=0.9983 (bridged=0.998 split=0.999) 12s
 step  194000 loss=0.00876 acc=0.9989 (bridged=0.998 split=0.999) 12s
 step  196000 loss=0.00875 acc=0.9992 (bridged=0.999 split=0.999) 12s
 step  198000 loss=0.00785 acc=0.9994 (bridged=0.999 split=0.999) 12s
 step  200000 loss=0.00857 acc=0.9989 (bridged=0.998 split=0.999) 12s
done. best acc=1.0000 -> runs/report5/bridged_clf/bridged_clf_n20_rand_seed4000
