task 1 -> n=40 clique_size=-1 seed=2000
== bridged_clf_n40_rand_seed2000 == device=cuda params=6,327,297
 test set 7600 graphs over clique sizes [2, 3, 4, 5, 6, 7, 8, 9, 10, 11, 12, 13, 14, 15, 16, 17, 18, 19, 20]
 step    2000 loss=0.69388 acc=0.5150 (bridged=0.492 split=0.538) 21s
 step    4000 loss=0.48691 acc=0.9996 (bridged=1.000 split=0.999) 21s
 step    6000 loss=0.00255 acc=1.0000 (bridged=1.000 split=1.000) 21s
 step    8000 loss=0.00133 acc=1.0000 (bridged=1.000 split=1.000) 21s
 step   10000 loss=0.00305 acc=0.9999 (bridged=1.000 split=1.000) 21s
 step   12000 loss=0.00057 acc=1.0000 (bridged=1.000 split=1.000) 21s
 step   14000 loss=0.00508 acc=1.0000 (bridged=1.000 split=1.000) 21s
 step   16000 loss=0.00162 acc=1.0000 (bridged=1.000 split=1.000) 21s
 step   18000 loss=0.00006 acc=1.0000 (bridged=1.000 split=1.000) 21s
 step   20000 loss=0.00527 acc=0.9999 (bridged=1.000 split=1.000) 21s
 step   22000 loss=0.00048 acc=1.0000 (bridged=1.000 split=1.000) 21s
 step   24000 loss=0.00595 acc=1.0000 (bridged=1.000 split=1.000) 21s
 step   26000 loss=0.00125 acc=1.0000 (bridged=1.000 split=1.000) 21s
 step   28000 loss=0.00001 acc=1.0000 (bridged=1.000 split=1.000) 21s
 step   30000 loss=0.00685 acc=0.9992 (bridged=0.998 split=1.000) 21s
 step   32000 loss=0.00013 acc=1.0000 (bridged=1.000 split=1.000) 21s
 step   34000 loss=0.00001 acc=1.0000 (bridged=1.000 split=1.000) 21s
 step   36000 loss=0.00000 acc=1.0000 (bridged=1.000 split=1.000) 21s
 step   38000 loss=0.00286 acc=1.0000 (bridged=1.000 split=1.000) 21s
 step   40000 loss=0.00003 acc=1.0000 (bridged=1.000 split=1.000) 21s
 step   42000 loss=0.00000 acc=1.0000 (bridged=1.000 split=1.000) 21s
 step   44000 loss=0.00308 acc=1.0000 (bridged=1.000 split=1.000) 21s
 step   46000 loss=0.00084 acc=1.0000 (bridged=1.000 split=1.000) 21s
 step   48000 loss=0.00003 acc=1.0000 (bridged=1.000 split=1.000) 21s
 step   50000 loss=0.00001 acc=1.0000 (bridged=1.000 split=1.000) 21s
 step   52000 loss=0.01383 acc=1.0000 (bridged=1.000 split=1.000) 21s
 step   54000 loss=0.00029 acc=1.0000 (bridged=1.000 split=1.000) 21s
 step   56000 loss=0.00119 acc=1.0000 (bridged=1.000 split=1.000) 21s
 step   58000 loss=0.00003 acc=1.0000 (bridged=1.000 split=1.000) 21s
 step   60000 loss=0.00001 acc=1.0000 (bridged=1.000 split=1.000) 21s
 step   62000 loss=0.00150 acc=1.0000 (bridged=1.000 split=1.000) 21s
 step   64000 loss=0.00004 acc=1.0000 (bridged=1.000 split=1.000) 21s
 step   66000 loss=0.00001 acc=1.0000 (bridged=1.000 split=1.000) 21s
 step   68000 loss=0.00000 acc=1.0000 (bridged=1.000 split=1.000) 20s
 step   70000 loss=0.00000 acc=1.0000 (bridged=1.000 split=1.000) 20s
 step   72000 loss=0.00231 acc=1.0000 (bridged=1.000 split=1.000) 21s
 step   74000 loss=0.00001 acc=1.0000 (bridged=1.000 split=1.000) 21s
 step   76000 loss=0.00000 acc=1.0000 (bridged=1.000 split=1.000) 21s
 step   78000 loss=0.00000 acc=1.0000 (bridged=1.000 split=1.000) 21s
 step   80000 loss=0.00000 acc=1.0000 (bridged=1.000 split=1.000) 20s
 step   82000 loss=0.00000 acc=1.0000 (bridged=1.000 split=1.000) 20s
 step   84000 loss=0.00000 acc=1.0000 (bridged=1.000 split=1.000) 20s
 step   86000 loss=0.00153 acc=1.0000 (bridged=1.000 split=1.000) 21s
 step   88000 loss=0.00000 acc=1.0000 (bridged=1.000 split=1.000) 21s
 step   90000 loss=0.00000 acc=1.0000 (bridged=1.000 split=1.000) 21s
 step   92000 loss=0.00000 acc=1.0000 (bridged=1.000 split=1.000) 20s
 step   94000 loss=0.00000 acc=1.0000 (bridged=1.000 split=1.000) 20s
 step   96000 loss=0.00000 acc=1.0000 (bridged=1.000 split=1.000) 20s
 step   98000 loss=0.00000 acc=1.0000 (bridged=1.000 split=1.000) 20s
 step  100000 loss=0.00000 acc=1.0000 (bridged=1.000 split=1.000) 20s
 step  102000 loss=0.00000 acc=1.0000 (bridged=1.000 split=1.000) 20s
 step  104000 loss=0.00000 acc=1.0000 (bridged=1.000 split=1.000) 21s
 step  106000 loss=0.00000 acc=1.0000 (bridged=1.000 split=1.000) 20s
 step  108000 loss=0.00017 acc=1.0000 (bridged=1.000 split=1.000) 21s
 step  110000 loss=0.00000 acc=1.0000 (bridged=1.000 split=1.000) 21s
 step  112000 loss=0.00000 acc=1.0000 (bridged=1.000 split=1.000) 21s
 step  114000 loss=0.00011 acc=1.0000 (bridged=1.000 split=1.000) 21s
 step  116000 loss=0.00000 acc=1.0000 (bridged=1.000 split=1.000) 21s
 step  118000 loss=0.00000 acc=1.0000 (bridged=1.000 split=1.000) 21s
 step  120000 loss=0.00000 acc=1.0000 (bridged=1.000 split=1.000) 21s
 step  122000 loss=0.00000 acc=1.0000 (bridged=1.000 split=1.000) 21s
 step  124000 loss=0.00000 acc=1.0000 (bridged=1.000 split=1.000) 20s
 step  126000 loss=0.00000 acc=1.0000 (bridged=1.000 split=1.000) 20s
 step  128000 loss=0.00000 acc=1.0000 (bridged=1.000 split=1.000) 20s
 step  130000 loss=0.00000 acc=1.0000 (bridged=1.000 split=1.000) 20s
 step  132000 loss=0.00000 acc=1.0000 (bridged=1.000 split=1.000) 20s
 step  134000 loss=0.00000 acc=1.0000 (bridged=1.000 split=1.000) 20s
 step  136000 loss=0.00000 acc=1.0000 (bridged=1.000 split=1.000) 20s
 step  138000 loss=0.00000 acc=1.0000 (bridged=1.000 split=1.000) 20s
 step  140000 loss=0.00000 acc=1.0000 (bridged=1.000 split=1.000) 20s
 step  142000 loss=0.00000 acc=1.0000 (bridged=1.000 split=1.000) 20s
 step  144000 loss=0.00000 acc=1.0000 (bridged=1.000 split=1.000) 20s
 step  146000 loss=0.00000 acc=1.0000 (bridged=1.000 split=1.000) 20s
 step  148000 loss=0.00000 acc=1.0000 (bridged=1.000 split=1.000) 20s
 step  150000 loss=0.00000 acc=1.0000 (bridged=1.000 split=1.000) 20s
 step  152000 loss=0.00000 acc=1.0000 (bridged=1.000 split=1.000) 21s
 step  154000 loss=0.00000 acc=1.0000 (bridged=1.000 split=1.000) 20s
 step  156000 loss=0.00000 acc=1.0000 (bridged=1.000 split=1.000) 20s
 step  158000 loss=0.00000 acc=1.0000 (bridged=1.000 split=1.000) 20s
 step  160000 loss=0.00000 acc=1.0000 (bridged=1.000 split=1.000) 20s
 step  162000 loss=0.00000 acc=1.0000 (bridged=1.000 split=1.000) 20s
 step  164000 loss=0.00000 acc=1.0000 (bridged=1.000 split=1.000) 20s
 step  166000 loss=0.00000 acc=1.0000 (bridged=1.000 split=1.000) 20s
 step  168000 loss=0.00000 acc=1.0000 (bridged=1.000 split=1.000) 20s
 step  170000 loss=0.00000 acc=1.0000 (bridged=1.000 split=1.000) 20s
 step  172000 loss=0.00000 acc=1.0000 (bridged=1.000 split=1.000) 20s
 step  174000 loss=0.00000 acc=1.0000 (bridged=1.000 split=1.000) 20s
 step  176000 loss=0.00000 acc=1.0000 (bridged=1.000 split=1.000) 20s
 step  178000 loss=0.00000 acc=1.0000 (bridged=1.000 split=1.000) 20s
 step  180000 loss=0.00000 acc=1.0000 (bridged=1.000 split=1.000) 20s
 step  182000 loss=0.00000 acc=1.0000 (bridged=1.000 split=1.000) 20s
 step  184000 loss=0.00000 acc=1.0000 (bridged=1.000 split=1.000) 20s
 step  186000 loss=0.00000 acc=1.0000 (bridged=1.000 split=1.000) 20s
 step  188000 loss=0.00000 acc=1.0000 (bridged=1.000 split=1.000) 20s
 step  190000 loss=0.00000 acc=1.0000 (bridged=1.000 split=1.000) 20s
 step  192000 loss=0.00000 acc=1.0000 (bridged=1.000 split=1.000) 20s
 step  194000 loss=0.00000 acc=1.0000 (bridged=1.000 split=1.000) 20s
 step  196000 loss=0.00000 acc=1.0000 (bridged=1.000 split=1.000) 20s
 step  198000 loss=0.00000 acc=1.0000 (bridged=1.000 split=1.000) 21s
 step  200000 loss=0.00000 acc=1.0000 (bridged=1.000 split=1.000) 21s
done. best acc=1.0000 -> runs/report5/bridged_clf/bridged_clf_n40_rand_seed2000
