task 2 -> n=40 clique_size=-1 seed=3000
== bridged_clf_n40_rand_seed3000 == device=cuda params=6,327,297
 test set 7600 graphs over clique sizes [2, 3, 4, 5, 6, 7, 8, 9, 10, 11, 12, 13, 14, 15, 16, 17, 18, 19, 20]
 step    2000 loss=0.66112 acc=0.5955 (bridged=0.221 split=0.970) 21s
 step    4000 loss=0.44997 acc=0.7529 (bridged=0.573 split=0.933) 21s
 step    6000 loss=0.31982 acc=0.8464 (bridged=0.794 split=0.899) 21s
 step    8000 loss=0.26842 acc=0.8642 (bridged=0.752 split=0.977) 21s
 step   10000 loss=0.26140 acc=0.8133 (bridged=0.848 split=0.779) 21s
 step   12000 loss=0.26204 acc=0.8475 (bridged=0.974 split=0.721) 21s
 step   14000 loss=0.18592 acc=0.7755 (bridged=0.805 split=0.746) 21s
 step   16000 loss=0.28246 acc=0.9367 (bridged=0.887 split=0.987) 21s
 step   18000 loss=0.10987 acc=0.9824 (bridged=0.965 split=1.000) 21s
 step   20000 loss=0.04996 acc=0.9917 (bridged=0.986 split=0.998) 21s
 step   22000 loss=0.03993 acc=0.9987 (bridged=0.997 split=1.000) 21s
 step   24000 loss=0.03100 acc=0.9964 (bridged=0.993 split=1.000) 21s
 step   26000 loss=0.03793 acc=0.9984 (bridged=0.997 split=0.999) 21s
 step   28000 loss=0.01904 acc=0.9989 (bridged=0.998 split=1.000) 21s
 step   30000 loss=0.00756 acc=0.9963 (bridged=0.995 split=0.998) 21s
 step   32000 loss=0.00721 acc=0.9984 (bridged=0.997 split=0.999) 20s
 step   34000 loss=0.00147 acc=0.9999 (bridged=1.000 split=1.000) 20s
 step   36000 loss=0.00340 acc=0.9999 (bridged=1.000 split=1.000) 21s
 step   38000 loss=0.00217 acc=0.9989 (bridged=0.998 split=1.000) 21s
 step   40000 loss=0.00074 acc=1.0000 (bridged=1.000 split=1.000) 21s
 step   42000 loss=0.00050 acc=0.9999 (bridged=1.000 split=1.000) 21s
 step   44000 loss=0.00261 acc=1.0000 (bridged=1.000 split=1.000) 21s
 step   46000 loss=0.00069 acc=1.0000 (bridged=1.000 split=1.000) 21s
 step   48000 loss=0.00005 acc=1.0000 (bridged=1.000 split=1.000) 21s
 step   50000 loss=0.00136 acc=1.0000 (bridged=1.000 split=1.000) 21s
 step   52000 loss=0.00028 acc=1.0000 (bridged=1.000 split=1.000) 21s
 step   54000 loss=0.00068 acc=1.0000 (bridged=1.000 split=1.000) 21s
 step   56000 loss=0.00085 acc=0.9999 (bridged=1.000 split=1.000) 21s
 step   58000 loss=0.00007 acc=1.0000 (bridged=1.000 split=1.000) 21s
 step   60000 loss=0.00056 acc=1.0000 (bridged=1.000 split=1.000) 21s
 step   62000 loss=0.00001 acc=1.0000 (bridged=1.000 split=1.000) 21s
 step   64000 loss=0.00146 acc=1.0000 (bridged=1.000 split=1.000) 21s
 step   66000 loss=0.00001 acc=1.0000 (bridged=1.000 split=1.000) 21s
 step   68000 loss=0.00001 acc=1.0000 (bridged=1.000 split=1.000) 21s
 step   70000 loss=0.00086 acc=1.0000 (bridged=1.000 split=1.000) 21s
 step   72000 loss=0.00004 acc=1.0000 (bridged=1.000 split=1.000) 21s
 step   74000 loss=0.00159 acc=1.0000 (bridged=1.000 split=1.000) 21s
 step   76000 loss=0.00002 acc=1.0000 (bridged=1.000 split=1.000) 21s
 step   78000 loss=0.00065 acc=1.0000 (bridged=1.000 split=1.000) 21s
 step   80000 loss=0.00020 acc=1.0000 (bridged=1.000 split=1.000) 21s
 step   82000 loss=0.00046 acc=1.0000 (bridged=1.000 split=1.000) 21s
 step   84000 loss=0.00007 acc=1.0000 (bridged=1.000 split=1.000) 21s
 step   86000 loss=0.00035 acc=0.9997 (bridged=1.000 split=0.999) 21s
 step   88000 loss=0.00048 acc=0.9991 (bridged=0.998 split=1.000) 21s
 step   90000 loss=0.00396 acc=0.9972 (bridged=0.995 split=0.999) 21s
 step   92000 loss=0.00596 acc=0.9991 (bridged=1.000 split=0.998) 21s
 step   94000 loss=0.00657 acc=0.9976 (bridged=0.995 split=1.000) 21s
 step   96000 loss=0.00372 acc=0.9993 (bridged=0.999 split=1.000) 21s
 step   98000 loss=0.00323 acc=1.0000 (bridged=1.000 split=1.000) 21s
 step  100000 loss=0.00192 acc=0.9991 (bridged=0.998 split=1.000) 21s
 step  102000 loss=0.00282 acc=0.9997 (bridged=0.999 split=1.000) 21s
 step  104000 loss=0.00204 acc=0.9997 (bridged=1.000 split=1.000) 21s
 step  106000 loss=0.00101 acc=0.9997 (bridged=0.999 split=1.000) 21s
 step  108000 loss=0.00113 acc=1.0000 (bridged=1.000 split=1.000) 20s
 step  110000 loss=0.00079 acc=0.9996 (bridged=0.999 split=1.000) 20s
 step  112000 loss=0.00092 acc=0.9995 (bridged=1.000 split=0.999) 20s
 step  114000 loss=0.00104 acc=1.0000 (bridged=1.000 split=1.000) 20s
 step  116000 loss=0.00101 acc=0.9997 (bridged=1.000 split=0.999) 20s
 step  118000 loss=0.00050 acc=0.9997 (bridged=0.999 split=1.000) 20s
 step  120000 loss=0.00083 acc=0.9999 (bridged=1.000 split=1.000) 20s
 step  122000 loss=0.00057 acc=0.9999 (bridged=1.000 split=1.000) 20s
 step  124000 loss=0.00054 acc=1.0000 (bridged=1.000 split=1.000) 20s
 step  126000 loss=0.00028 acc=1.0000 (bridged=1.000 split=1.000) 20s
 step  128000 loss=0.00071 acc=0.9999 (bridged=1.000 split=1.000) 20s
 step  130000 loss=0.00039 acc=1.0000 (bridged=1.000 split=1.000) 20s
 step  132000 loss=0.00028 acc=1.0000 (bridged=1.000 split=1.000) 20s
 step  134000 loss=0.00012 acc=1.0000 (bridged=1.000 split=1.000) 20s
 step  136000 loss=0.00011 acc=1.0000 (bridged=1.000 split=1.000) 20s
 step  138000 loss=0.00003 acc=1.0000 (bridged=1.000 split=1.000) 20s
 step  140000 loss=0.00013 acc=1.0000 (bridged=1.000 split=1.000) 20s
 step  142000 loss=0.00020 acc=0.9999 (bridged=1.000 split=1.000) 20s
 step  144000 loss=0.00009 acc=1.0000 (bridged=1.000 split=1.000) 20s
 step  146000 loss=0.00001 acc=1.0000 (bridged=1.000 split=1.000) 20s
 step  148000 loss=0.00008 acc=1.0000 (bridged=1.000 split=1.000) 20s
 step  150000 loss=0.00018 acc=1.0000 (bridged=1.000 split=1.000) 20s
 step  152000 loss=0.00015 acc=1.0000 (bridged=1.000 split=1.000) 20s
 step  154000 loss=0.00012 acc=1.0000 (bridged=1.000 split=1.000) 20s
 step  156000 loss=0.00010 acc=1.0000 (bridged=1.000 split=1.000) 20s
 step  158000 loss=0.00001 acc=1.0000 (bridged=1.000 split=1.000) 20s
 step  160000 loss=0.00002 acc=1.0000 (bridged=1.000 split=1.000) 20s
 step  162000 loss=0.00005 acc=1.0000 (bridged=1.000 split=1.000) 20s
 step  164000 loss=0.00002 acc=1.0000 (bridged=1.000 split=1.000) 20s
 step  166000 loss=0.00000 acc=1.0000 (bridged=1.000 split=1.000) 20s
 step  168000 loss=0.00000 acc=1.0000 (bridged=1.000 split=1.000) 20s
 step  170000 loss=0.00005 acc=1.0000 (bridged=1.000 split=1.000) 20s
 step  172000 loss=0.00000 acc=1.0000 (bridged=1.000 split=1.000) 20s
 step  174000 loss=0.00000 acc=1.0000 (bridged=1.000 split=1.000) 20s
 step  176000 loss=0.00001 acc=1.0000 (bridged=1.000 split=1.000) 20s
 step  178000 loss=0.00000 acc=1.0000 (bridged=1.000 split=1.000) 20s
 step  180000 loss=0.00000 acc=1.0000 (bridged=1.000 split=1.000) 20s
 step  182000 loss=0.00000 acc=1.0000 (bridged=1.000 split=1.000) 20s
 step  184000 loss=0.00000 acc=1.0000 (bridged=1.000 split=1.000) 20s
 step  186000 loss=0.00000 acc=1.0000 (bridged=1.000 split=1.000) 20s
 step  188000 loss=0.00000 acc=1.0000 (bridged=1.000 split=1.000) 20s
 step  190000 loss=0.00000 acc=1.0000 (bridged=1.000 split=1.000) 20s
 step  192000 loss=0.00000 acc=1.0000 (bridged=1.000 split=1.000) 20s
 step  194000 loss=0.00000 acc=1.0000 (bridged=1.000 split=1.000) 20s
 step  196000 loss=0.00000 acc=1.0000 (bridged=1.000 split=1.000) 20s
 step  198000 loss=0.00000 acc=1.0000 (bridged=1.000 split=1.000) 20s
 step  200000 loss=0.00000 acc=1.0000 (bridged=1.000 split=1.000) 20s
done. best acc=1.0000 -> runs/report5/bridged_clf/bridged_clf_n40_rand_seed3000
