task 9 -> n=20 clique_size=10 seed=2000
== bridged_clf_n20_c10_seed2000 == device=cuda params=6,317,057
 test set 400 graphs over clique sizes [10]
 step    2000 loss=0.26676 acc=1.0000 (bridged=1.000 split=1.000) 13s
 step    4000 loss=0.00000 acc=1.0000 (bridged=1.000 split=1.000) 12s
 step    6000 loss=0.00000 acc=1.0000 (bridged=1.000 split=1.000) 12s
 step    8000 loss=0.00000 acc=1.0000 (bridged=1.000 split=1.000) 12s
 step   10000 loss=0.00000 acc=1.0000 (bridged=1.000 split=1.000) 12s
 step   12000 loss=0.00000 acc=1.0000 (bridged=1.000 split=1.000) 12s
 step   14000 loss=0.00000 acc=1.0000 (bridged=1.000 split=1.000) 12s
 step   16000 loss=0.00000 acc=1.0000 (bridged=1.000 split=1.000) 12s
 step   18000 loss=0.00000 acc=1.0000 (bridged=1.000 split=1.000) 12s
 step   20000 loss=0.00000 acc=1.0000 (bridged=1.000 split=1.000) 12s
 step   22000 loss=0.00000 acc=1.0000 (bridged=1.000 split=1.000) 12s
 step   24000 loss=0.00000 acc=1.0000 (bridged=1.000 split=1.000) 12s
 step   26000 loss=0.00000 acc=1.0000 (bridged=1.000 split=1.000) 12s
 step   28000 loss=0.00000 acc=1.0000 (bridged=1.000 split=1.000) 12s
 step   30000 loss=0.00000 acc=1.0000 (bridged=1.000 split=1.000) 12s
 step   32000 loss=0.00000 acc=1.0000 (bridged=1.000 split=1.000) 12s
 step   34000 loss=0.00000 acc=1.0000 (bridged=1.000 split=1.000) 12s
 step   36000 loss=0.00000 acc=1.0000 (bridged=1.000 split=1.000) 12s
 step   38000 loss=0.00000 acc=1.0000 (bridged=1.000 split=1.000) 12s
 step   40000 loss=0.00000 acc=1.0000 (bridged=1.000 split=1.000) 12s
 step   42000 loss=0.00000 acc=1.0000 (bridged=1.000 split=1.000) 12s
 step   44000 loss=0.00000 acc=1.0000 (bridged=1.000 split=1.000) 12s
 step   46000 loss=0.00000 acc=1.0000 (bridged=1.000 split=1.000) 12s
 step   48000 loss=0.00000 acc=1.0000 (bridged=1.000 split=1.000) 12s
 step   50000 loss=0.00000 acc=1.0000 (bridged=1.000 split=1.000) 12s
 step   52000 loss=0.00000 acc=1.0000 (bridged=1.000 split=1.000) 12s
 step   54000 loss=0.00000 acc=1.0000 (bridged=1.000 split=1.000) 12s
 step   56000 loss=0.00000 acc=1.0000 (bridged=1.000 split=1.000) 12s
 step   58000 loss=0.00000 acc=1.0000 (bridged=1.000 split=1.000) 12s
 step   60000 loss=0.00000 acc=1.0000 (bridged=1.000 split=1.000) 12s
 step   62000 loss=0.00000 acc=1.0000 (bridged=1.000 split=1.000) 12s
 step   64000 loss=0.00000 acc=1.0000 (bridged=1.000 split=1.000) 12s
 step   66000 loss=0.00000 acc=1.0000 (bridged=1.000 split=1.000) 12s
 step   68000 loss=0.00000 acc=1.0000 (bridged=1.000 split=1.000) 12s
 step   70000 loss=0.00000 acc=1.0000 (bridged=1.000 split=1.000) 12s
 step   72000 loss=0.00000 acc=1.0000 (bridged=1.000 split=1.000) 12s
 step   74000 loss=0.00000 acc=1.0000 (bridged=1.000 split=1.000) 12s
 step   76000 loss=0.00000 acc=1.0000 (bridged=1.000 split=1.000) 12s
 step   78000 loss=0.00000 acc=1.0000 (bridged=1.000 split=1.000) 12s
 step   80000 loss=0.00000 acc=1.0000 (bridged=1.000 split=1.000) 12s
 step   82000 loss=0.00000 acc=1.0000 (bridged=1.000 split=1.000) 12s
 step   84000 loss=0.00000 acc=1.0000 (bridged=1.000 split=1.000) 12s
 step   86000 loss=0.00000 acc=1.0000 (bridged=1.000 split=1.000) 12s
 step   88000 loss=0.00000 acc=1.0000 (bridged=1.000 split=1.000) 12s
 step   90000 loss=0.00000 acc=1.0000 (bridged=1.000 split=1.000) 12s
 step   92000 loss=0.00000 acc=1.0000 (bridged=1.000 split=1.000) 12s
 step   94000 loss=0.00000 acc=1.0000 (bridged=1.000 split=1.000) 12s
 step   96000 loss=0.00000 acc=1.0000 (bridged=1.000 split=1.000) 12s
 step   98000 loss=0.00000 acc=1.0000 (bridged=1.000 split=1.000) 12s
 step  100000 loss=0.00000 acc=1.0000 (bridged=1.000 split=1.000) 12s
 step  102000 loss=0.00000 acc=1.0000 (bridged=1.000 split=1.000) 12s
 step  104000 loss=0.00000 acc=1.0000 (bridged=1.000 split=1.000) 12s
 step  106000 loss=0.00000 acc=1.0000 (bridged=1.000 split=1.000) 12s
 step  108000 loss=0.00000 acc=1.0000 (bridged=1.000 split=1.000) 12s
 step  110000 loss=0.00000 acc=1.0000 (bridged=1.000 split=1.000) 12s
 step  112000 loss=0.00000 acc=1.0000 (bridged=1.000 split=1.000) 12s
 step  114000 loss=0.00000 acc=1.0000 (bridged=1.000 split=1.000) 12s
 step  116000 loss=0.00000 acc=1.0000 (bridged=1.000 split=1.000) 12s
 step  118000 loss=0.00000 acc=1.0000 (bridged=1.000 split=1.000) 12s
 step  120000 loss=0.00000 acc=1.0000 (bridged=1.000 split=1.000) 12s
 step  122000 loss=0.00000 acc=1.0000 (bridged=1.000 split=1.000) 12s
 step  124000 loss=0.00000 acc=1.0000 (bridged=1.000 split=1.000) 12s
 step  126000 loss=0.00000 acc=1.0000 (bridged=1.000 split=1.000) 12s
 step  128000 loss=0.00000 acc=1.0000 (bridged=1.000 split=1.000) 12s
 step  130000 loss=0.00000 acc=1.0000 (bridged=1.000 split=1.000) 12s
 step  132000 loss=0.00000 acc=1.0000 (bridged=1.000 split=1.000) 12s
 step  134000 loss=0.00000 acc=1.0000 (bridged=1.000 split=1.000) 12s
 step  136000 loss=0.00000 acc=1.0000 (bridged=1.000 split=1.000) 12s
 step  138000 loss=0.00000 acc=1.0000 (bridged=1.000 split=1.000) 12s
 step  140000 loss=0.00000 acc=1.0000 (bridged=1.000 split=1.000) 12s
 step  142000 loss=0.00000 acc=1.0000 (bridged=1.000 split=1.000) 12s
 step  144000 loss=0.00000 acc=1.0000 (bridged=1.000 split=1.000) 12s
 step  146000 loss=0.00000 acc=1.0000 (bridged=1.000 split=1.000) 12s
 step  148000 loss=0.00000 acc=1.0000 (bridged=1.000 split=1.000) 12s
 step  150000 loss=0.00000 acc=1.0000 (bridged=1.000 split=1.000) 12s
 step  152000 loss=0.00000 acc=1.0000 (bridged=1.000 split=1.000) 12s
 step  154000 loss=0.00000 acc=1.0000 (bridged=1.000 split=1.000) 12s
 step  156000 loss=0.00000 acc=1.0000 (bridged=1.000 split=1.000) 12s
 step  158000 loss=0.00000 acc=1.0000 (bridged=1.000 split=1.000) 12s
 step  160000 loss=0.00000 acc=1.0000 (bridged=1.000 split=1.000) 12s
 step  162000 loss=0.00000 acc=1.0000 (bridged=1.000 split=1.000) 12s
 step  164000 loss=0.00000 acc=1.0000 (bridged=1.000 split=1.000) 12s
 step  166000 loss=0.00000 acc=1.0000 (bridged=1.000 split=1.000) 12s
 step  168000 loss=0.00000 acc=1.0000 (bridged=1.000 split=1.000) 12s
 step  170000 loss=0.00000 acc=1.0000 (bridged=1.000 split=1.000) 12s
 step  172000 loss=0.00000 acc=1.0000 (bridged=1.000 split=1.000) 12s
 step  174000 loss=0.00000 acc=1.0000 (bridged=1.000 split=1.000) 12s
 step  176000 loss=0.00000 acc=1.0000 (bridged=1.000 split=1.000) 12s
 step  178000 loss=0.00000 acc=1.0000 (bridged=1.000 split=1.000) 12s
 step  180000 loss=0.00000 acc=1.0000 (bridged=1.000 split=1.000) 12s
 step  182000 loss=0.00000 acc=1.0000 (bridged=1.000 split=1.000) 12s
 step  184000 loss=0.00000 acc=1.0000 (bridged=1.000 split=1.000) 12s
 step  186000 loss=0.00000 acc=1.0000 (bridged=1.000 split=1.000) 12s
 step  188000 loss=0.00000 acc=1.0000 (bridged=1.000 split=1.000) 12s
 step  190000 loss=0.00000 acc=1.0000 (bridged=1.000 split=1.000) 12s
 step  192000 loss=0.00000 acc=1.0000 (bridged=1.000 split=1.000) 12s
 step  194000 loss=0.00000 acc=1.0000 (bridged=1.000 split=1.000) 12s
 step  196000 loss=0.00000 acc=1.0000 (bridged=1.000 split=1.000) 12s
 step  198000 loss=0.00000 acc=1.0000 (bridged=1.000 split=1.000) 12s
 step  200000 loss=0.00000 acc=1.0000 (bridged=1.000 split=1.000) 12s
done. best acc=1.0000 -> runs/report5/bridged_clf/bridged_clf_n20_c10_seed2000
