task 4 -> n=40 p=0.05 L=1 seed=1000  (mixed, bridged held out)
== n40_mixed_roberta_linear_lam0_L1_seed1000 ==
 device=cuda arch=roberta readout=linear lambda=0.0 params=3,194,920
 step    5000 loss=0.38755 bce=0.38755 lap=0.00 lam=0.0e+00 val=0.3850 2ch=0.000 2cl=1.000 48s
 step   10000 loss=0.33566 bce=0.33566 lap=0.00 lam=0.0e+00 val=0.3496 2ch=0.000 2cl=1.000 47s
 step   15000 loss=0.31994 bce=0.31994 lap=0.00 lam=0.0e+00 val=0.3498 2ch=0.000 2cl=1.000 47s
 step   20000 loss=0.31361 bce=0.31361 lap=0.00 lam=0.0e+00 val=0.4892 2ch=0.000 2cl=1.000 47s
 step   25000 loss=0.30723 bce=0.30723 lap=0.00 lam=0.0e+00 val=0.5046 2ch=0.000 2cl=1.000 48s
 step   30000 loss=0.30441 bce=0.30441 lap=0.00 lam=0.0e+00 val=0.5048 2ch=0.000 2cl=1.000 47s
 step   35000 loss=0.30244 bce=0.30244 lap=0.00 lam=0.0e+00 val=0.3542 2ch=0.000 2cl=1.000 48s
 step   40000 loss=0.30117 bce=0.30117 lap=0.00 lam=0.0e+00 val=0.4876 2ch=0.000 2cl=1.000 48s
 step   45000 loss=0.29907 bce=0.29907 lap=0.00 lam=0.0e+00 val=0.4962 2ch=0.000 2cl=1.000 48s
 step   50000 loss=0.29769 bce=0.29769 lap=0.00 lam=0.0e+00 val=0.5028 2ch=0.000 2cl=1.000 48s
 step   55000 loss=0.29694 bce=0.29694 lap=0.00 lam=0.0e+00 val=0.4224 2ch=0.000 2cl=1.000 48s
 step   60000 loss=0.29505 bce=0.29505 lap=0.00 lam=0.0e+00 val=0.3838 2ch=0.000 2cl=1.000 48s
 step   65000 loss=0.29603 bce=0.29603 lap=0.00 lam=0.0e+00 val=0.5044 2ch=0.000 2cl=1.000 48s
 step   70000 loss=0.29392 bce=0.29392 lap=0.00 lam=0.0e+00 val=0.5070 2ch=0.000 2cl=1.000 47s
 step   75000 loss=0.29275 bce=0.29275 lap=0.00 lam=0.0e+00 val=0.5082 2ch=0.000 2cl=1.000 48s
 step   80000 loss=0.29124 bce=0.29124 lap=0.00 lam=0.0e+00 val=0.5090 2ch=0.000 2cl=1.000 48s
 step   85000 loss=0.29016 bce=0.29016 lap=0.00 lam=0.0e+00 val=0.5084 2ch=0.000 2cl=1.000 48s
 step   90000 loss=0.29022 bce=0.29022 lap=0.00 lam=0.0e+00 val=0.5060 2ch=0.000 2cl=1.000 48s
 step   95000 loss=0.28940 bce=0.28940 lap=0.00 lam=0.0e+00 val=0.5072 2ch=0.000 2cl=1.000 48s
 step  100000 loss=0.28829 bce=0.28829 lap=0.00 lam=0.0e+00 val=0.5014 2ch=0.000 2cl=1.000 48s
 step  105000 loss=0.28827 bce=0.28827 lap=0.00 lam=0.0e+00 val=0.5118 2ch=0.000 2cl=1.000 48s
 step  110000 loss=0.28767 bce=0.28767 lap=0.00 lam=0.0e+00 val=0.5122 2ch=0.000 2cl=1.000 48s
 step  115000 loss=0.28676 bce=0.28676 lap=0.00 lam=0.0e+00 val=0.5112 2ch=0.000 2cl=1.000 48s
 step  120000 loss=0.28473 bce=0.28473 lap=0.00 lam=0.0e+00 val=0.5120 2ch=0.000 2cl=1.000 48s
 step  125000 loss=0.28481 bce=0.28481 lap=0.00 lam=0.0e+00 val=0.5114 2ch=0.000 2cl=1.000 48s
 step  130000 loss=0.28437 bce=0.28437 lap=0.00 lam=0.0e+00 val=0.5132 2ch=0.000 2cl=1.000 48s
 step  135000 loss=0.28385 bce=0.28385 lap=0.00 lam=0.0e+00 val=0.5146 2ch=0.000 2cl=1.000 48s
 step  140000 loss=0.28394 bce=0.28394 lap=0.00 lam=0.0e+00 val=0.5106 2ch=0.000 2cl=1.000 47s
 step  145000 loss=0.28314 bce=0.28314 lap=0.00 lam=0.0e+00 val=0.5168 2ch=0.000 2cl=1.000 48s
 step  150000 loss=0.28250 bce=0.28250 lap=0.00 lam=0.0e+00 val=0.5074 2ch=0.000 2cl=1.000 48s
 step  155000 loss=0.28214 bce=0.28214 lap=0.00 lam=0.0e+00 val=0.5150 2ch=0.000 2cl=1.000 48s
 step  160000 loss=0.28179 bce=0.28179 lap=0.00 lam=0.0e+00 val=0.5172 2ch=0.000 2cl=1.000 47s
 step  165000 loss=0.28062 bce=0.28062 lap=0.00 lam=0.0e+00 val=0.5160 2ch=0.000 2cl=1.000 48s
 step  170000 loss=0.28006 bce=0.28006 lap=0.00 lam=0.0e+00 val=0.5182 2ch=0.000 2cl=1.000 48s
 step  175000 loss=0.28020 bce=0.28020 lap=0.00 lam=0.0e+00 val=0.5162 2ch=0.000 2cl=1.000 48s
 step  180000 loss=0.27947 bce=0.27947 lap=0.00 lam=0.0e+00 val=0.5112 2ch=0.000 2cl=1.000 48s
 step  185000 loss=0.27981 bce=0.27981 lap=0.00 lam=0.0e+00 val=0.5152 2ch=0.000 2cl=1.000 48s
 step  190000 loss=0.27862 bce=0.27862 lap=0.00 lam=0.0e+00 val=0.5214 2ch=0.000 2cl=1.000 48s
 step  195000 loss=0.27874 bce=0.27874 lap=0.00 lam=0.0e+00 val=0.5202 2ch=0.000 2cl=1.000 48s
 step  200000 loss=0.27884 bce=0.27884 lap=0.00 lam=0.0e+00 val=0.5130 2ch=0.000 2cl=1.000 48s
 step  205000 loss=0.27745 bce=0.27745 lap=0.00 lam=0.0e+00 val=0.5194 2ch=0.000 2cl=1.000 47s
 step  210000 loss=0.27712 bce=0.27712 lap=0.00 lam=0.0e+00 val=0.5252 2ch=0.000 2cl=1.000 48s
 step  215000 loss=0.27778 bce=0.27778 lap=0.00 lam=0.0e+00 val=0.5184 2ch=0.000 2cl=1.000 48s
 step  220000 loss=0.27797 bce=0.27797 lap=0.00 lam=0.0e+00 val=0.5280 2ch=0.000 2cl=1.000 48s
 step  225000 loss=0.27731 bce=0.27731 lap=0.00 lam=0.0e+00 val=0.5142 2ch=0.000 2cl=1.000 47s
 step  230000 loss=0.27741 bce=0.27741 lap=0.00 lam=0.0e+00 val=0.5194 2ch=0.000 2cl=1.000 48s
 step  235000 loss=0.27561 bce=0.27561 lap=0.00 lam=0.0e+00 val=0.5268 2ch=0.000 2cl=1.000 48s
 step  240000 loss=0.27572 bce=0.27572 lap=0.00 lam=0.0e+00 val=0.5056 2ch=0.000 2cl=1.000 48s
 step  245000 loss=0.27532 bce=0.27532 lap=0.00 lam=0.0e+00 val=0.5288 2ch=0.000 2cl=1.000 48s
 step  250000 loss=0.27545 bce=0.27545 lap=0.00 lam=0.0e+00 val=0.5290 2ch=0.000 2cl=1.000 48s
 step  255000 loss=0.27508 bce=0.27508 lap=0.00 lam=0.0e+00 val=0.5270 2ch=0.000 2cl=1.000 48s
 step  260000 loss=0.27454 bce=0.27454 lap=0.00 lam=0.0e+00 val=0.5194 2ch=0.000 2cl=1.000 48s
 step  265000 loss=0.27409 bce=0.27409 lap=0.00 lam=0.0e+00 val=0.5278 2ch=0.000 2cl=1.000 48s
 step  270000 loss=0.27510 bce=0.27510 lap=0.00 lam=0.0e+00 val=0.5164 2ch=0.000 2cl=1.000 48s
 step  275000 loss=0.27393 bce=0.27393 lap=0.00 lam=0.0e+00 val=0.5326 2ch=0.000 2cl=1.000 48s
 step  280000 loss=0.27464 bce=0.27464 lap=0.00 lam=0.0e+00 val=0.5318 2ch=0.000 2cl=1.000 47s
 step  285000 loss=0.27322 bce=0.27322 lap=0.00 lam=0.0e+00 val=0.5316 2ch=0.000 2cl=1.000 47s
 step  290000 loss=0.27306 bce=0.27306 lap=0.00 lam=0.0e+00 val=0.5302 2ch=0.000 2cl=1.000 47s
 step  295000 loss=0.27373 bce=0.27373 lap=0.00 lam=0.0e+00 val=0.4036 2ch=0.000 2cl=1.000 48s
 step  300000 loss=0.27186 bce=0.27186 lap=0.00 lam=0.0e+00 val=0.5252 2ch=0.000 2cl=1.000 48s
 step  305000 loss=0.27282 bce=0.27282 lap=0.00 lam=0.0e+00 val=0.5118 2ch=0.000 2cl=1.000 48s
 step  310000 loss=0.27140 bce=0.27140 lap=0.00 lam=0.0e+00 val=0.5270 2ch=0.000 2cl=1.000 48s
 step  315000 loss=0.27255 bce=0.27255 lap=0.00 lam=0.0e+00 val=0.5362 2ch=0.000 2cl=1.000 48s
 step  320000 loss=0.27109 bce=0.27109 lap=0.00 lam=0.0e+00 val=0.5176 2ch=0.000 2cl=1.000 48s
 step  325000 loss=0.27135 bce=0.27135 lap=0.00 lam=0.0e+00 val=0.5332 2ch=0.000 2cl=1.000 47s
 step  330000 loss=0.27019 bce=0.27019 lap=0.00 lam=0.0e+00 val=0.5310 2ch=0.000 2cl=1.000 48s
 step  335000 loss=0.27139 bce=0.27139 lap=0.00 lam=0.0e+00 val=0.5268 2ch=0.000 2cl=1.000 48s
 step  340000 loss=0.27113 bce=0.27113 lap=0.00 lam=0.0e+00 val=0.5342 2ch=0.000 2cl=1.000 48s
 step  345000 loss=0.27190 bce=0.27190 lap=0.00 lam=0.0e+00 val=0.5230 2ch=0.000 2cl=1.000 48s
 step  350000 loss=0.27098 bce=0.27098 lap=0.00 lam=0.0e+00 val=0.5296 2ch=0.000 2cl=1.000 48s
 step  355000 loss=0.26997 bce=0.26997 lap=0.00 lam=0.0e+00 val=0.5236 2ch=0.000 2cl=1.000 47s
 step  360000 loss=0.26973 bce=0.26973 lap=0.00 lam=0.0e+00 val=0.5334 2ch=0.000 2cl=1.000 47s
 step  365000 loss=0.26899 bce=0.26899 lap=0.00 lam=0.0e+00 val=0.5372 2ch=0.000 2cl=1.000 47s
 step  370000 loss=0.26939 bce=0.26939 lap=0.00 lam=0.0e+00 val=0.5328 2ch=0.000 2cl=1.000 48s
 step  375000 loss=0.26932 bce=0.26932 lap=0.00 lam=0.0e+00 val=0.5336 2ch=0.000 2cl=1.000 48s
 step  380000 loss=0.26901 bce=0.26901 lap=0.00 lam=0.0e+00 val=0.5326 2ch=0.000 2cl=1.000 48s
 step  385000 loss=0.26988 bce=0.26988 lap=0.00 lam=0.0e+00 val=0.5326 2ch=0.000 2cl=1.000 48s
 step  390000 loss=0.26944 bce=0.26944 lap=0.00 lam=0.0e+00 val=0.5310 2ch=0.000 2cl=1.000 48s
 step  395000 loss=0.26897 bce=0.26897 lap=0.00 lam=0.0e+00 val=0.5184 2ch=0.000 2cl=1.000 48s
 step  400000 loss=0.26868 bce=0.26868 lap=0.00 lam=0.0e+00 val=0.5190 2ch=0.000 2cl=1.000 48s
 step  405000 loss=0.26783 bce=0.26783 lap=0.00 lam=0.0e+00 val=0.5282 2ch=0.000 2cl=1.000 48s
 step  410000 loss=0.26763 bce=0.26763 lap=0.00 lam=0.0e+00 val=0.5328 2ch=0.000 2cl=1.000 48s
 step  415000 loss=0.26827 bce=0.26827 lap=0.00 lam=0.0e+00 val=0.5270 2ch=0.000 2cl=1.000 48s
 step  420000 loss=0.26707 bce=0.26707 lap=0.00 lam=0.0e+00 val=0.5182 2ch=0.000 2cl=1.000 48s
 step  425000 loss=0.26680 bce=0.26680 lap=0.00 lam=0.0e+00 val=0.5278 2ch=0.000 2cl=1.000 48s
 step  430000 loss=0.26889 bce=0.26889 lap=0.00 lam=0.0e+00 val=0.5364 2ch=0.000 2cl=1.000 47s
 step  435000 loss=0.26785 bce=0.26785 lap=0.00 lam=0.0e+00 val=0.5298 2ch=0.000 2cl=1.000 47s
 step  440000 loss=0.26791 bce=0.26791 lap=0.00 lam=0.0e+00 val=0.5302 2ch=0.000 2cl=1.000 48s
 step  445000 loss=0.26716 bce=0.26716 lap=0.00 lam=0.0e+00 val=0.5242 2ch=0.000 2cl=1.000 48s
 step  450000 loss=0.26696 bce=0.26696 lap=0.00 lam=0.0e+00 val=0.5400 2ch=0.000 2cl=1.000 47s
 step  455000 loss=0.26554 bce=0.26554 lap=0.00 lam=0.0e+00 val=0.5330 2ch=0.000 2cl=1.000 48s
 step  460000 loss=0.26616 bce=0.26616 lap=0.00 lam=0.0e+00 val=0.5304 2ch=0.000 2cl=1.000 48s
 step  465000 loss=0.26561 bce=0.26561 lap=0.00 lam=0.0e+00 val=0.5304 2ch=0.000 2cl=1.000 48s
 step  470000 loss=0.26766 bce=0.26766 lap=0.00 lam=0.0e+00 val=0.5414 2ch=0.000 2cl=1.000 48s
 step  475000 loss=0.26717 bce=0.26717 lap=0.00 lam=0.0e+00 val=0.5400 2ch=0.000 2cl=1.000 48s
 step  480000 loss=0.26646 bce=0.26646 lap=0.00 lam=0.0e+00 val=0.5348 2ch=0.000 2cl=1.000 47s
 step  485000 loss=0.26563 bce=0.26563 lap=0.00 lam=0.0e+00 val=0.5296 2ch=0.000 2cl=1.000 48s
 step  490000 loss=0.26656 bce=0.26656 lap=0.00 lam=0.0e+00 val=0.5262 2ch=0.000 2cl=1.000 48s
 step  495000 loss=0.26646 bce=0.26646 lap=0.00 lam=0.0e+00 val=0.5318 2ch=0.000 2cl=1.000 48s
 step  500000 loss=0.26589 bce=0.26589 lap=0.00 lam=0.0e+00 val=0.5372 2ch=0.000 2cl=1.000 48s
 step  505000 loss=0.26603 bce=0.26603 lap=0.00 lam=0.0e+00 val=0.5332 2ch=0.000 2cl=1.000 47s
 step  510000 loss=0.26663 bce=0.26663 lap=0.00 lam=0.0e+00 val=0.5346 2ch=0.000 2cl=1.000 47s
 step  515000 loss=0.26682 bce=0.26682 lap=0.00 lam=0.0e+00 val=0.5362 2ch=0.000 2cl=1.000 47s
 step  520000 loss=0.26419 bce=0.26419 lap=0.00 lam=0.0e+00 val=0.5362 2ch=0.000 2cl=1.000 47s
 step  525000 loss=0.26348 bce=0.26348 lap=0.00 lam=0.0e+00 val=0.5388 2ch=0.000 2cl=1.000 47s
 step  530000 loss=0.26363 bce=0.26363 lap=0.00 lam=0.0e+00 val=0.5378 2ch=0.000 2cl=1.000 48s
 step  535000 loss=0.26418 bce=0.26418 lap=0.00 lam=0.0e+00 val=0.5316 2ch=0.000 2cl=1.000 48s
 step  540000 loss=0.26469 bce=0.26469 lap=0.00 lam=0.0e+00 val=0.5440 2ch=0.000 2cl=1.000 47s
 step  545000 loss=0.26457 bce=0.26457 lap=0.00 lam=0.0e+00 val=0.5394 2ch=0.000 2cl=1.000 48s
 step  550000 loss=0.26327 bce=0.26327 lap=0.00 lam=0.0e+00 val=0.5358 2ch=0.000 2cl=1.000 48s
 step  555000 loss=0.26331 bce=0.26331 lap=0.00 lam=0.0e+00 val=0.5374 2ch=0.000 2cl=1.000 47s
 step  560000 loss=0.26350 bce=0.26350 lap=0.00 lam=0.0e+00 val=0.5370 2ch=0.000 2cl=1.000 48s
 step  565000 loss=0.26480 bce=0.26480 lap=0.00 lam=0.0e+00 val=0.5264 2ch=0.000 2cl=1.000 48s
 step  570000 loss=0.26421 bce=0.26421 lap=0.00 lam=0.0e+00 val=0.5312 2ch=0.000 2cl=1.000 48s
 step  575000 loss=0.26476 bce=0.26476 lap=0.00 lam=0.0e+00 val=0.5386 2ch=0.000 2cl=1.000 47s
 step  580000 loss=0.26442 bce=0.26442 lap=0.00 lam=0.0e+00 val=0.5366 2ch=0.000 2cl=1.000 47s
 step  585000 loss=0.26264 bce=0.26264 lap=0.00 lam=0.0e+00 val=0.5352 2ch=0.000 2cl=1.000 47s
 step  590000 loss=0.26295 bce=0.26295 lap=0.00 lam=0.0e+00 val=0.5414 2ch=0.000 2cl=1.000 48s
 step  595000 loss=0.26231 bce=0.26231 lap=0.00 lam=0.0e+00 val=0.5376 2ch=0.000 2cl=1.000 48s
 step  600000 loss=0.26237 bce=0.26237 lap=0.00 lam=0.0e+00 val=0.5316 2ch=0.000 2cl=1.000 48s
 step  605000 loss=0.26397 bce=0.26397 lap=0.00 lam=0.0e+00 val=0.5392 2ch=0.000 2cl=1.000 47s
 step  610000 loss=0.26467 bce=0.26467 lap=0.00 lam=0.0e+00 val=0.5336 2ch=0.000 2cl=1.000 48s
 step  615000 loss=0.26294 bce=0.26294 lap=0.00 lam=0.0e+00 val=0.5372 2ch=0.000 2cl=1.000 48s
 step  620000 loss=0.26281 bce=0.26281 lap=0.00 lam=0.0e+00 val=0.5390 2ch=0.000 2cl=1.000 48s
 step  625000 loss=0.26228 bce=0.26228 lap=0.00 lam=0.0e+00 val=0.5402 2ch=0.000 2cl=1.000 48s
 step  630000 loss=0.26307 bce=0.26307 lap=0.00 lam=0.0e+00 val=0.5412 2ch=0.000 2cl=1.000 47s
 step  635000 loss=0.26255 bce=0.26255 lap=0.00 lam=0.0e+00 val=0.5406 2ch=0.000 2cl=1.000 47s
 step  640000 loss=0.26142 bce=0.26142 lap=0.00 lam=0.0e+00 val=0.5404 2ch=0.000 2cl=1.000 48s
 step  645000 loss=0.26226 bce=0.26226 lap=0.00 lam=0.0e+00 val=0.5442 2ch=0.000 2cl=1.000 47s
 step  650000 loss=0.26242 bce=0.26242 lap=0.00 lam=0.0e+00 val=0.5370 2ch=0.000 2cl=1.000 48s
 step  655000 loss=0.26378 bce=0.26378 lap=0.00 lam=0.0e+00 val=0.5392 2ch=0.000 2cl=1.000 47s
 step  660000 loss=0.26467 bce=0.26467 lap=0.00 lam=0.0e+00 val=0.5448 2ch=0.000 2cl=1.000 47s
 step  665000 loss=0.26232 bce=0.26232 lap=0.00 lam=0.0e+00 val=0.5442 2ch=0.000 2cl=1.000 48s
 step  670000 loss=0.26228 bce=0.26228 lap=0.00 lam=0.0e+00 val=0.5454 2ch=0.000 2cl=1.000 48s
 step  675000 loss=0.26205 bce=0.26205 lap=0.00 lam=0.0e+00 val=0.5396 2ch=0.000 2cl=1.000 48s
 step  680000 loss=0.26176 bce=0.26176 lap=0.00 lam=0.0e+00 val=0.5458 2ch=0.000 2cl=1.000 48s
 step  685000 loss=0.26090 bce=0.26090 lap=0.00 lam=0.0e+00 val=0.5452 2ch=0.000 2cl=1.000 48s
 step  690000 loss=0.26089 bce=0.26089 lap=0.00 lam=0.0e+00 val=0.5432 2ch=0.000 2cl=1.000 48s
 step  695000 loss=0.26071 bce=0.26071 lap=0.00 lam=0.0e+00 val=0.5402 2ch=0.000 2cl=1.000 48s
 step  700000 loss=0.26064 bce=0.26064 lap=0.00 lam=0.0e+00 val=0.5450 2ch=0.000 2cl=1.000 47s
 step  705000 loss=0.26046 bce=0.26046 lap=0.00 lam=0.0e+00 val=0.5460 2ch=0.000 2cl=1.000 47s
 step  710000 loss=0.26056 bce=0.26056 lap=0.00 lam=0.0e+00 val=0.5440 2ch=0.000 2cl=1.000 47s
 step  715000 loss=0.26082 bce=0.26082 lap=0.00 lam=0.0e+00 val=0.5446 2ch=0.000 2cl=1.000 47s
 step  720000 loss=0.26104 bce=0.26104 lap=0.00 lam=0.0e+00 val=0.5418 2ch=0.000 2cl=1.000 47s
 step  725000 loss=0.26113 bce=0.26113 lap=0.00 lam=0.0e+00 val=0.5430 2ch=0.000 2cl=1.000 47s
 step  730000 loss=0.26037 bce=0.26037 lap=0.00 lam=0.0e+00 val=0.5472 2ch=0.000 2cl=1.000 47s
 step  735000 loss=0.26050 bce=0.26050 lap=0.00 lam=0.0e+00 val=0.5436 2ch=0.000 2cl=1.000 47s
 step  740000 loss=0.25996 bce=0.25996 lap=0.00 lam=0.0e+00 val=0.5450 2ch=0.000 2cl=1.000 47s
 step  745000 loss=0.26011 bce=0.26011 lap=0.00 lam=0.0e+00 val=0.5440 2ch=0.000 2cl=1.000 47s
 step  750000 loss=0.25991 bce=0.25991 lap=0.00 lam=0.0e+00 val=0.5486 2ch=0.000 2cl=1.000 47s
 step  755000 loss=0.26029 bce=0.26029 lap=0.00 lam=0.0e+00 val=0.5486 2ch=0.000 2cl=1.000 47s
 step  760000 loss=0.26035 bce=0.26035 lap=0.00 lam=0.0e+00 val=0.5480 2ch=0.000 2cl=1.000 47s
 step  765000 loss=0.26071 bce=0.26071 lap=0.00 lam=0.0e+00 val=0.5474 2ch=0.000 2cl=1.000 47s
 step  770000 loss=0.26017 bce=0.26017 lap=0.00 lam=0.0e+00 val=0.5496 2ch=0.000 2cl=1.000 47s
 step  775000 loss=0.26032 bce=0.26032 lap=0.00 lam=0.0e+00 val=0.5464 2ch=0.000 2cl=1.000 47s
 step  780000 loss=0.26045 bce=0.26045 lap=0.00 lam=0.0e+00 val=0.5490 2ch=0.000 2cl=1.000 47s
 step  785000 loss=0.25971 bce=0.25971 lap=0.00 lam=0.0e+00 val=0.5480 2ch=0.000 2cl=1.000 47s
 step  790000 loss=0.26009 bce=0.26009 lap=0.00 lam=0.0e+00 val=0.5476 2ch=0.000 2cl=1.000 47s
 step  795000 loss=0.26040 bce=0.26040 lap=0.00 lam=0.0e+00 val=0.5506 2ch=0.000 2cl=1.000 47s
 step  800000 loss=0.25970 bce=0.25970 lap=0.00 lam=0.0e+00 val=0.5474 2ch=0.000 2cl=1.000 47s
 step  805000 loss=0.25986 bce=0.25986 lap=0.00 lam=0.0e+00 val=0.5474 2ch=0.000 2cl=1.000 47s
 step  810000 loss=0.25947 bce=0.25947 lap=0.00 lam=0.0e+00 val=0.5476 2ch=0.000 2cl=1.000 47s
 step  815000 loss=0.25915 bce=0.25915 lap=0.00 lam=0.0e+00 val=0.5476 2ch=0.000 2cl=1.000 47s
 step  820000 loss=0.25935 bce=0.25935 lap=0.00 lam=0.0e+00 val=0.5478 2ch=0.000 2cl=1.000 47s
 step  825000 loss=0.25932 bce=0.25932 lap=0.00 lam=0.0e+00 val=0.5482 2ch=0.000 2cl=1.000 47s
 step  830000 loss=0.25919 bce=0.25919 lap=0.00 lam=0.0e+00 val=0.5480 2ch=0.000 2cl=1.000 47s
 step  835000 loss=0.25919 bce=0.25919 lap=0.00 lam=0.0e+00 val=0.5502 2ch=0.000 2cl=1.000 47s
 step  840000 loss=0.25916 bce=0.25916 lap=0.00 lam=0.0e+00 val=0.5496 2ch=0.000 2cl=1.000 47s
 step  845000 loss=0.25943 bce=0.25943 lap=0.00 lam=0.0e+00 val=0.5488 2ch=0.000 2cl=1.000 47s
 step  850000 loss=0.25910 bce=0.25910 lap=0.00 lam=0.0e+00 val=0.5494 2ch=0.000 2cl=1.000 47s
 step  855000 loss=0.25917 bce=0.25917 lap=0.00 lam=0.0e+00 val=0.5498 2ch=0.000 2cl=1.000 47s
 step  860000 loss=0.25901 bce=0.25901 lap=0.00 lam=0.0e+00 val=0.5490 2ch=0.000 2cl=1.000 47s
 step  865000 loss=0.25919 bce=0.25919 lap=0.00 lam=0.0e+00 val=0.5482 2ch=0.000 2cl=1.000 47s
 step  870000 loss=0.25913 bce=0.25913 lap=0.00 lam=0.0e+00 val=0.5500 2ch=0.000 2cl=1.000 47s
 step  875000 loss=0.25890 bce=0.25890 lap=0.00 lam=0.0e+00 val=0.5508 2ch=0.000 2cl=1.000 47s
 step  880000 loss=0.25916 bce=0.25916 lap=0.00 lam=0.0e+00 val=0.5494 2ch=0.000 2cl=1.000 47s
 step  885000 loss=0.25895 bce=0.25895 lap=0.00 lam=0.0e+00 val=0.5514 2ch=0.000 2cl=1.000 47s
 step  890000 loss=0.25878 bce=0.25878 lap=0.00 lam=0.0e+00 val=0.5492 2ch=0.000 2cl=1.000 47s
 step  895000 loss=0.25892 bce=0.25892 lap=0.00 lam=0.0e+00 val=0.5508 2ch=0.000 2cl=1.000 47s
 step  900000 loss=0.25860 bce=0.25860 lap=0.00 lam=0.0e+00 val=0.5506 2ch=0.000 2cl=1.000 47s
 step  905000 loss=0.25883 bce=0.25883 lap=0.00 lam=0.0e+00 val=0.5512 2ch=0.000 2cl=1.000 47s
 step  910000 loss=0.25898 bce=0.25898 lap=0.00 lam=0.0e+00 val=0.5498 2ch=0.000 2cl=1.000 47s
 step  915000 loss=0.25884 bce=0.25884 lap=0.00 lam=0.0e+00 val=0.5514 2ch=0.000 2cl=1.000 47s
 step  920000 loss=0.25872 bce=0.25872 lap=0.00 lam=0.0e+00 val=0.5506 2ch=0.000 2cl=1.000 47s
 step  925000 loss=0.25879 bce=0.25879 lap=0.00 lam=0.0e+00 val=0.5504 2ch=0.000 2cl=1.000 47s
 step  930000 loss=0.25880 bce=0.25880 lap=0.00 lam=0.0e+00 val=0.5512 2ch=0.000 2cl=1.000 47s
 step  935000 loss=0.25868 bce=0.25868 lap=0.00 lam=0.0e+00 val=0.5508 2ch=0.000 2cl=1.000 47s
 step  940000 loss=0.25865 bce=0.25865 lap=0.00 lam=0.0e+00 val=0.5512 2ch=0.000 2cl=1.000 47s
 step  945000 loss=0.25880 bce=0.25880 lap=0.00 lam=0.0e+00 val=0.5500 2ch=0.000 2cl=1.000 47s
 step  950000 loss=0.25864 bce=0.25864 lap=0.00 lam=0.0e+00 val=0.5508 2ch=0.000 2cl=1.000 47s
 step  955000 loss=0.25854 bce=0.25854 lap=0.00 lam=0.0e+00 val=0.5510 2ch=0.000 2cl=1.000 47s
 step  960000 loss=0.25852 bce=0.25852 lap=0.00 lam=0.0e+00 val=0.5502 2ch=0.000 2cl=1.000 47s
 step  965000 loss=0.25857 bce=0.25857 lap=0.00 lam=0.0e+00 val=0.5512 2ch=0.000 2cl=1.000 47s
 step  970000 loss=0.25851 bce=0.25851 lap=0.00 lam=0.0e+00 val=0.5506 2ch=0.000 2cl=1.000 47s
 step  975000 loss=0.25873 bce=0.25873 lap=0.00 lam=0.0e+00 val=0.5516 2ch=0.000 2cl=1.000 47s
 step  980000 loss=0.25844 bce=0.25844 lap=0.00 lam=0.0e+00 val=0.5506 2ch=0.000 2cl=1.000 47s
 step  985000 loss=0.25862 bce=0.25862 lap=0.00 lam=0.0e+00 val=0.5510 2ch=0.000 2cl=1.000 47s
 step  990000 loss=0.25858 bce=0.25858 lap=0.00 lam=0.0e+00 val=0.5506 2ch=0.000 2cl=1.000 47s
 step  995000 loss=0.25865 bce=0.25865 lap=0.00 lam=0.0e+00 val=0.5516 2ch=0.000 2cl=1.000 47s
 step 1000000 loss=0.25835 bce=0.25835 lap=0.00 lam=0.0e+00 val=0.5508 2ch=0.000 2cl=1.000 47s
done. best in-dist exact=0.5516  -> runs/report5/depth_sweep/n40_mixed_roberta_linear_lam0_L1_seed1000
auto-eval bridged: runs/report5/depth_sweep/n40_mixed_roberta_linear_lam0_L1_seed1000/last.pt
checkpoint=runs/report5/depth_sweep/n40_mixed_roberta_linear_lam0_L1_seed1000/last.pt
  arch=roberta readout=linear n=40 L=1 device=cuda
  [bridged] exact=0.000 withinA=1.000 withinB=1.000 cross=0.000 crossPredConn=0.000
  [split] exact=1.000 withinA=1.000 withinB=1.000 cross=1.000 crossPredConn=0.000
  discrimination acc=0.500 (bridged->conn 0.00, split->conn 0.00)
  c= 2  model cross=0.641 disc=0.904 | MP=1.00 BFS(b=c)=0.18 DFS(b=c)=0.18
  c= 3  model cross=0.142 disc=0.500 | MP=1.00 BFS(b=c)=0.10 DFS(b=c)=0.32
  c= 4  model cross=0.414 disc=0.500 | MP=1.00 BFS(b=c)=0.06 DFS(b=c)=0.44
  c= 5  model cross=0.360 disc=0.500 | MP=1.00 BFS(b=c)=0.04 DFS(b=c)=0.49
  c= 6  model cross=0.306 disc=0.500 | MP=1.00 BFS(b=c)=0.03 DFS(b=c)=0.53
  c= 7  model cross=0.265 disc=0.500 | MP=1.00 BFS(b=c)=0.02 DFS(b=c)=0.57
  c= 8  model cross=0.234 disc=0.500 | MP=1.00 BFS(b=c)=0.02 DFS(b=c)=0.58
  c= 9  model cross=0.204 disc=0.500 | MP=1.00 BFS(b=c)=0.01 DFS(b=c)=0.62
  c=10  model cross=0.021 disc=0.500 | MP=1.00 BFS(b=c)=0.01 DFS(b=c)=0.64
  c=11  model cross=0.001 disc=0.500 | MP=1.00 BFS(b=c)=0.01 DFS(b=c)=0.63
  c=12  model cross=0.000 disc=0.500 | MP=1.00 BFS(b=c)=0.01 DFS(b=c)=0.65
  c=13  model cross=0.000 disc=0.500 | MP=1.00 BFS(b=c)=0.01 DFS(b=c)=0.67
  c=14  model cross=0.000 disc=0.500 | MP=1.00 BFS(b=c)=0.01 DFS(b=c)=0.65
  c=15  model cross=0.000 disc=0.500 | MP=1.00 BFS(b=c)=0.00 DFS(b=c)=0.67
  c=16  model cross=0.000 disc=0.500 | MP=1.00 BFS(b=c)=0.00 DFS(b=c)=0.67
  c=17  model cross=0.000 disc=0.500 | MP=1.00 BFS(b=c)=0.00 DFS(b=c)=0.68
  c=18  model cross=0.000 disc=0.500 | MP=1.00 BFS(b=c)=0.00 DFS(b=c)=0.69
  c=19  model cross=0.000 disc=0.500 | MP=1.00 BFS(b=c)=0.00 DFS(b=c)=0.70
  c=20  model cross=0.000 disc=0.500 | MP=1.00 BFS(b=c)=0.00 DFS(b=c)=0.69
  saved -> runs/report5/bridged_cliques_depth/n40_L1_seed1000/bridged_cliques.json
