task 3 -> n=20 p=0.08 L=3 seed=2000  (mixed, bridged held out)
== n20_mixed_roberta_linear_lam0_L3_seed2000 ==
 device=cuda arch=roberta readout=linear lambda=0.0 params=9,479,188
 step    5000 loss=0.15506 bce=0.15506 lap=0.00 lam=0.0e+00 val=0.8834 2ch=0.726 2cl=1.000 49s
 step   10000 loss=0.02583 bce=0.02583 lap=0.00 lam=0.0e+00 val=0.9762 2ch=1.000 2cl=1.000 48s
 step   15000 loss=0.00475 bce=0.00475 lap=0.00 lam=0.0e+00 val=0.9914 2ch=1.000 2cl=1.000 48s
 step   20000 loss=0.00212 bce=0.00212 lap=0.00 lam=0.0e+00 val=0.9996 2ch=1.000 2cl=1.000 49s
 step   25000 loss=0.00137 bce=0.00137 lap=0.00 lam=0.0e+00 val=0.9998 2ch=1.000 2cl=1.000 48s
 step   30000 loss=0.00103 bce=0.00103 lap=0.00 lam=0.0e+00 val=0.9998 2ch=1.000 2cl=1.000 48s
 step   35000 loss=0.00076 bce=0.00076 lap=0.00 lam=0.0e+00 val=0.9996 2ch=1.000 2cl=1.000 48s
 step   40000 loss=0.00073 bce=0.00073 lap=0.00 lam=0.0e+00 val=0.9998 2ch=1.000 2cl=1.000 48s
 step   45000 loss=0.00058 bce=0.00058 lap=0.00 lam=0.0e+00 val=1.0000 2ch=1.000 2cl=1.000 48s
 step   50000 loss=0.00057 bce=0.00057 lap=0.00 lam=0.0e+00 val=1.0000 2ch=1.000 2cl=1.000 48s
 step   55000 loss=0.00053 bce=0.00053 lap=0.00 lam=0.0e+00 val=1.0000 2ch=1.000 2cl=1.000 48s
 step   60000 loss=0.00048 bce=0.00048 lap=0.00 lam=0.0e+00 val=0.9994 2ch=1.000 2cl=1.000 48s
 step   65000 loss=0.00048 bce=0.00048 lap=0.00 lam=0.0e+00 val=1.0000 2ch=1.000 2cl=1.000 48s
 step   70000 loss=0.00042 bce=0.00042 lap=0.00 lam=0.0e+00 val=0.9998 2ch=1.000 2cl=1.000 48s
 step   75000 loss=0.00041 bce=0.00041 lap=0.00 lam=0.0e+00 val=0.9996 2ch=1.000 2cl=1.000 48s
 step   80000 loss=0.00036 bce=0.00036 lap=0.00 lam=0.0e+00 val=0.9996 2ch=1.000 2cl=1.000 48s
 step   85000 loss=0.00040 bce=0.00040 lap=0.00 lam=0.0e+00 val=0.9996 2ch=1.000 2cl=1.000 48s
 step   90000 loss=0.00034 bce=0.00034 lap=0.00 lam=0.0e+00 val=1.0000 2ch=1.000 2cl=1.000 48s
 step   95000 loss=0.00031 bce=0.00031 lap=0.00 lam=0.0e+00 val=0.9998 2ch=1.000 2cl=1.000 48s
 step  100000 loss=0.00031 bce=0.00031 lap=0.00 lam=0.0e+00 val=0.9998 2ch=1.000 2cl=1.000 48s
 step  105000 loss=0.00031 bce=0.00031 lap=0.00 lam=0.0e+00 val=1.0000 2ch=1.000 2cl=1.000 48s
 step  110000 loss=0.00028 bce=0.00028 lap=0.00 lam=0.0e+00 val=0.9964 2ch=1.000 2cl=1.000 48s
 step  115000 loss=0.00026 bce=0.00026 lap=0.00 lam=0.0e+00 val=0.9994 2ch=1.000 2cl=1.000 48s
 step  120000 loss=0.00025 bce=0.00025 lap=0.00 lam=0.0e+00 val=1.0000 2ch=1.000 2cl=1.000 48s
 step  125000 loss=0.00024 bce=0.00024 lap=0.00 lam=0.0e+00 val=1.0000 2ch=1.000 2cl=1.000 48s
 step  130000 loss=0.00023 bce=0.00023 lap=0.00 lam=0.0e+00 val=0.9998 2ch=1.000 2cl=1.000 48s
 step  135000 loss=0.00022 bce=0.00022 lap=0.00 lam=0.0e+00 val=0.9998 2ch=1.000 2cl=1.000 48s
 step  140000 loss=0.00022 bce=0.00022 lap=0.00 lam=0.0e+00 val=1.0000 2ch=1.000 2cl=1.000 48s
 step  145000 loss=0.00022 bce=0.00022 lap=0.00 lam=0.0e+00 val=0.9970 2ch=0.999 2cl=1.000 49s
 step  150000 loss=0.00021 bce=0.00021 lap=0.00 lam=0.0e+00 val=1.0000 2ch=1.000 2cl=1.000 49s
 step  155000 loss=0.00017 bce=0.00017 lap=0.00 lam=0.0e+00 val=1.0000 2ch=1.000 2cl=1.000 48s
 step  160000 loss=0.00021 bce=0.00021 lap=0.00 lam=0.0e+00 val=1.0000 2ch=1.000 2cl=1.000 48s
 step  165000 loss=0.00017 bce=0.00017 lap=0.00 lam=0.0e+00 val=1.0000 2ch=1.000 2cl=1.000 48s
 step  170000 loss=0.00017 bce=0.00017 lap=0.00 lam=0.0e+00 val=1.0000 2ch=1.000 2cl=1.000 48s
 step  175000 loss=0.00016 bce=0.00016 lap=0.00 lam=0.0e+00 val=1.0000 2ch=1.000 2cl=1.000 48s
 step  180000 loss=0.00014 bce=0.00014 lap=0.00 lam=0.0e+00 val=0.9998 2ch=1.000 2cl=1.000 48s
 step  185000 loss=0.00015 bce=0.00015 lap=0.00 lam=0.0e+00 val=1.0000 2ch=1.000 2cl=1.000 48s
 step  190000 loss=0.00015 bce=0.00015 lap=0.00 lam=0.0e+00 val=1.0000 2ch=1.000 2cl=1.000 48s
 step  195000 loss=0.00014 bce=0.00014 lap=0.00 lam=0.0e+00 val=1.0000 2ch=1.000 2cl=1.000 48s
 step  200000 loss=0.00014 bce=0.00014 lap=0.00 lam=0.0e+00 val=0.9968 2ch=1.000 2cl=0.999 49s
 step  205000 loss=0.00013 bce=0.00013 lap=0.00 lam=0.0e+00 val=0.9998 2ch=1.000 2cl=1.000 48s
 step  210000 loss=0.00013 bce=0.00013 lap=0.00 lam=0.0e+00 val=1.0000 2ch=1.000 2cl=1.000 49s
 step  215000 loss=0.00014 bce=0.00014 lap=0.00 lam=0.0e+00 val=1.0000 2ch=1.000 2cl=1.000 49s
 step  220000 loss=0.00012 bce=0.00012 lap=0.00 lam=0.0e+00 val=1.0000 2ch=1.000 2cl=1.000 49s
 step  225000 loss=0.00013 bce=0.00013 lap=0.00 lam=0.0e+00 val=1.0000 2ch=1.000 2cl=1.000 49s
 step  230000 loss=0.00012 bce=0.00012 lap=0.00 lam=0.0e+00 val=0.9998 2ch=1.000 2cl=1.000 49s
 step  235000 loss=0.00011 bce=0.00011 lap=0.00 lam=0.0e+00 val=0.9996 2ch=1.000 2cl=1.000 49s
 step  240000 loss=0.00011 bce=0.00011 lap=0.00 lam=0.0e+00 val=1.0000 2ch=1.000 2cl=1.000 49s
 step  245000 loss=0.00010 bce=0.00010 lap=0.00 lam=0.0e+00 val=1.0000 2ch=1.000 2cl=1.000 49s
 step  250000 loss=0.00010 bce=0.00010 lap=0.00 lam=0.0e+00 val=1.0000 2ch=1.000 2cl=1.000 49s
 step  255000 loss=0.00010 bce=0.00010 lap=0.00 lam=0.0e+00 val=1.0000 2ch=1.000 2cl=1.000 49s
 step  260000 loss=0.00010 bce=0.00010 lap=0.00 lam=0.0e+00 val=1.0000 2ch=1.000 2cl=1.000 48s
 step  265000 loss=0.00008 bce=0.00008 lap=0.00 lam=0.0e+00 val=1.0000 2ch=1.000 2cl=1.000 49s
 step  270000 loss=0.00011 bce=0.00011 lap=0.00 lam=0.0e+00 val=1.0000 2ch=1.000 2cl=1.000 49s
 step  275000 loss=0.00008 bce=0.00008 lap=0.00 lam=0.0e+00 val=1.0000 2ch=1.000 2cl=1.000 48s
 step  280000 loss=0.00009 bce=0.00009 lap=0.00 lam=0.0e+00 val=1.0000 2ch=1.000 2cl=1.000 48s
 step  285000 loss=0.00009 bce=0.00009 lap=0.00 lam=0.0e+00 val=0.9998 2ch=1.000 2cl=1.000 49s
 step  290000 loss=0.00007 bce=0.00007 lap=0.00 lam=0.0e+00 val=0.9992 2ch=1.000 2cl=1.000 49s
 step  295000 loss=0.00008 bce=0.00008 lap=0.00 lam=0.0e+00 val=1.0000 2ch=1.000 2cl=1.000 48s
 step  300000 loss=0.00008 bce=0.00008 lap=0.00 lam=0.0e+00 val=1.0000 2ch=1.000 2cl=1.000 48s
 step  305000 loss=0.00008 bce=0.00008 lap=0.00 lam=0.0e+00 val=0.9998 2ch=1.000 2cl=1.000 48s
 step  310000 loss=0.00007 bce=0.00007 lap=0.00 lam=0.0e+00 val=1.0000 2ch=1.000 2cl=1.000 48s
 step  315000 loss=0.00007 bce=0.00007 lap=0.00 lam=0.0e+00 val=1.0000 2ch=1.000 2cl=1.000 48s
 step  320000 loss=0.00008 bce=0.00008 lap=0.00 lam=0.0e+00 val=1.0000 2ch=1.000 2cl=1.000 48s
 step  325000 loss=0.00006 bce=0.00006 lap=0.00 lam=0.0e+00 val=1.0000 2ch=1.000 2cl=1.000 48s
 step  330000 loss=0.00007 bce=0.00007 lap=0.00 lam=0.0e+00 val=1.0000 2ch=1.000 2cl=1.000 48s
 step  335000 loss=0.00008 bce=0.00008 lap=0.00 lam=0.0e+00 val=1.0000 2ch=1.000 2cl=1.000 49s
 step  340000 loss=0.00006 bce=0.00006 lap=0.00 lam=0.0e+00 val=0.9998 2ch=0.999 2cl=1.000 49s
 step  345000 loss=0.00006 bce=0.00006 lap=0.00 lam=0.0e+00 val=1.0000 2ch=1.000 2cl=1.000 48s
 step  350000 loss=0.00006 bce=0.00006 lap=0.00 lam=0.0e+00 val=0.9998 2ch=1.000 2cl=1.000 49s
 step  355000 loss=0.00006 bce=0.00006 lap=0.00 lam=0.0e+00 val=1.0000 2ch=1.000 2cl=1.000 48s
 step  360000 loss=0.00006 bce=0.00006 lap=0.00 lam=0.0e+00 val=1.0000 2ch=1.000 2cl=1.000 48s
 step  365000 loss=0.00005 bce=0.00005 lap=0.00 lam=0.0e+00 val=1.0000 2ch=1.000 2cl=1.000 48s
 step  370000 loss=0.00005 bce=0.00005 lap=0.00 lam=0.0e+00 val=0.9998 2ch=1.000 2cl=1.000 48s
 step  375000 loss=0.00005 bce=0.00005 lap=0.00 lam=0.0e+00 val=1.0000 2ch=1.000 2cl=1.000 48s
 step  380000 loss=0.00006 bce=0.00006 lap=0.00 lam=0.0e+00 val=1.0000 2ch=1.000 2cl=1.000 48s
 step  385000 loss=0.00005 bce=0.00005 lap=0.00 lam=0.0e+00 val=1.0000 2ch=1.000 2cl=1.000 48s
 step  390000 loss=0.00006 bce=0.00006 lap=0.00 lam=0.0e+00 val=0.9998 2ch=1.000 2cl=1.000 48s
 step  395000 loss=0.00005 bce=0.00005 lap=0.00 lam=0.0e+00 val=1.0000 2ch=1.000 2cl=1.000 48s
 step  400000 loss=0.00005 bce=0.00005 lap=0.00 lam=0.0e+00 val=1.0000 2ch=1.000 2cl=1.000 48s
 step  405000 loss=0.00005 bce=0.00005 lap=0.00 lam=0.0e+00 val=1.0000 2ch=1.000 2cl=1.000 48s
 step  410000 loss=0.00005 bce=0.00005 lap=0.00 lam=0.0e+00 val=1.0000 2ch=1.000 2cl=1.000 49s
 step  415000 loss=0.00004 bce=0.00004 lap=0.00 lam=0.0e+00 val=1.0000 2ch=1.000 2cl=1.000 48s
 step  420000 loss=0.00004 bce=0.00004 lap=0.00 lam=0.0e+00 val=1.0000 2ch=1.000 2cl=1.000 48s
 step  425000 loss=0.00004 bce=0.00004 lap=0.00 lam=0.0e+00 val=1.0000 2ch=1.000 2cl=1.000 48s
 step  430000 loss=0.00005 bce=0.00005 lap=0.00 lam=0.0e+00 val=1.0000 2ch=1.000 2cl=1.000 48s
 step  435000 loss=0.00004 bce=0.00004 lap=0.00 lam=0.0e+00 val=1.0000 2ch=1.000 2cl=1.000 48s
 step  440000 loss=0.00004 bce=0.00004 lap=0.00 lam=0.0e+00 val=0.9998 2ch=1.000 2cl=1.000 48s
 step  445000 loss=0.00004 bce=0.00004 lap=0.00 lam=0.0e+00 val=1.0000 2ch=1.000 2cl=1.000 48s
 step  450000 loss=0.00004 bce=0.00004 lap=0.00 lam=0.0e+00 val=1.0000 2ch=1.000 2cl=1.000 49s
 step  455000 loss=0.00003 bce=0.00003 lap=0.00 lam=0.0e+00 val=1.0000 2ch=1.000 2cl=1.000 48s
 step  460000 loss=0.00004 bce=0.00004 lap=0.00 lam=0.0e+00 val=0.9994 2ch=1.000 2cl=1.000 49s
 step  465000 loss=0.00003 bce=0.00003 lap=0.00 lam=0.0e+00 val=1.0000 2ch=1.000 2cl=1.000 48s
 step  470000 loss=0.00003 bce=0.00003 lap=0.00 lam=0.0e+00 val=1.0000 2ch=1.000 2cl=1.000 48s
 step  475000 loss=0.00004 bce=0.00004 lap=0.00 lam=0.0e+00 val=1.0000 2ch=1.000 2cl=1.000 48s
 step  480000 loss=0.00003 bce=0.00003 lap=0.00 lam=0.0e+00 val=1.0000 2ch=1.000 2cl=1.000 48s
 step  485000 loss=0.00003 bce=0.00003 lap=0.00 lam=0.0e+00 val=1.0000 2ch=1.000 2cl=1.000 48s
 step  490000 loss=0.00003 bce=0.00003 lap=0.00 lam=0.0e+00 val=1.0000 2ch=1.000 2cl=1.000 48s
 step  495000 loss=0.00003 bce=0.00003 lap=0.00 lam=0.0e+00 val=1.0000 2ch=1.000 2cl=1.000 48s
 step  500000 loss=0.00003 bce=0.00003 lap=0.00 lam=0.0e+00 val=1.0000 2ch=1.000 2cl=1.000 48s
 step  505000 loss=0.00002 bce=0.00002 lap=0.00 lam=0.0e+00 val=1.0000 2ch=1.000 2cl=1.000 47s
 step  510000 loss=0.00003 bce=0.00003 lap=0.00 lam=0.0e+00 val=1.0000 2ch=1.000 2cl=1.000 48s
 step  515000 loss=0.00003 bce=0.00003 lap=0.00 lam=0.0e+00 val=1.0000 2ch=1.000 2cl=1.000 48s
 step  520000 loss=0.00002 bce=0.00002 lap=0.00 lam=0.0e+00 val=1.0000 2ch=1.000 2cl=1.000 48s
 step  525000 loss=0.00003 bce=0.00003 lap=0.00 lam=0.0e+00 val=1.0000 2ch=1.000 2cl=1.000 48s
 step  530000 loss=0.00003 bce=0.00003 lap=0.00 lam=0.0e+00 val=1.0000 2ch=1.000 2cl=1.000 48s
 step  535000 loss=0.00002 bce=0.00002 lap=0.00 lam=0.0e+00 val=0.9998 2ch=1.000 2cl=1.000 47s
 step  540000 loss=0.00002 bce=0.00002 lap=0.00 lam=0.0e+00 val=1.0000 2ch=1.000 2cl=1.000 48s
 step  545000 loss=0.00002 bce=0.00002 lap=0.00 lam=0.0e+00 val=0.9998 2ch=1.000 2cl=1.000 48s
 step  550000 loss=0.00002 bce=0.00002 lap=0.00 lam=0.0e+00 val=1.0000 2ch=1.000 2cl=1.000 48s
 step  555000 loss=0.00003 bce=0.00003 lap=0.00 lam=0.0e+00 val=0.9998 2ch=1.000 2cl=1.000 48s
 step  560000 loss=0.00002 bce=0.00002 lap=0.00 lam=0.0e+00 val=1.0000 2ch=1.000 2cl=1.000 48s
 step  565000 loss=0.00002 bce=0.00002 lap=0.00 lam=0.0e+00 val=1.0000 2ch=1.000 2cl=1.000 48s
 step  570000 loss=0.00002 bce=0.00002 lap=0.00 lam=0.0e+00 val=0.9996 2ch=1.000 2cl=1.000 48s
 step  575000 loss=0.00002 bce=0.00002 lap=0.00 lam=0.0e+00 val=1.0000 2ch=1.000 2cl=1.000 48s
 step  580000 loss=0.00002 bce=0.00002 lap=0.00 lam=0.0e+00 val=1.0000 2ch=1.000 2cl=1.000 48s
 step  585000 loss=0.00002 bce=0.00002 lap=0.00 lam=0.0e+00 val=1.0000 2ch=1.000 2cl=1.000 48s
 step  590000 loss=0.00001 bce=0.00001 lap=0.00 lam=0.0e+00 val=0.9998 2ch=1.000 2cl=1.000 48s
 step  595000 loss=0.00002 bce=0.00002 lap=0.00 lam=0.0e+00 val=1.0000 2ch=1.000 2cl=1.000 47s
 step  600000 loss=0.00001 bce=0.00001 lap=0.00 lam=0.0e+00 val=0.9998 2ch=1.000 2cl=1.000 48s
 step  605000 loss=0.00002 bce=0.00002 lap=0.00 lam=0.0e+00 val=0.9996 2ch=1.000 2cl=1.000 48s
 step  610000 loss=0.00001 bce=0.00001 lap=0.00 lam=0.0e+00 val=1.0000 2ch=1.000 2cl=1.000 48s
 step  615000 loss=0.00002 bce=0.00002 lap=0.00 lam=0.0e+00 val=1.0000 2ch=1.000 2cl=1.000 48s
 step  620000 loss=0.00001 bce=0.00001 lap=0.00 lam=0.0e+00 val=1.0000 2ch=1.000 2cl=1.000 47s
 step  625000 loss=0.00001 bce=0.00001 lap=0.00 lam=0.0e+00 val=1.0000 2ch=1.000 2cl=1.000 48s
 step  630000 loss=0.00001 bce=0.00001 lap=0.00 lam=0.0e+00 val=1.0000 2ch=1.000 2cl=1.000 48s
 step  635000 loss=0.00001 bce=0.00001 lap=0.00 lam=0.0e+00 val=0.9998 2ch=1.000 2cl=1.000 47s
 step  640000 loss=0.00002 bce=0.00002 lap=0.00 lam=0.0e+00 val=0.9996 2ch=1.000 2cl=1.000 48s
 step  645000 loss=0.00001 bce=0.00001 lap=0.00 lam=0.0e+00 val=0.9998 2ch=1.000 2cl=1.000 47s
 step  650000 loss=0.00001 bce=0.00001 lap=0.00 lam=0.0e+00 val=1.0000 2ch=1.000 2cl=1.000 48s
 step  655000 loss=0.00001 bce=0.00001 lap=0.00 lam=0.0e+00 val=1.0000 2ch=1.000 2cl=1.000 48s
 step  660000 loss=0.00001 bce=0.00001 lap=0.00 lam=0.0e+00 val=0.9998 2ch=1.000 2cl=1.000 48s
 step  665000 loss=0.00001 bce=0.00001 lap=0.00 lam=0.0e+00 val=1.0000 2ch=1.000 2cl=1.000 48s
 step  670000 loss=0.00001 bce=0.00001 lap=0.00 lam=0.0e+00 val=1.0000 2ch=1.000 2cl=1.000 48s
 step  675000 loss=0.00001 bce=0.00001 lap=0.00 lam=0.0e+00 val=1.0000 2ch=1.000 2cl=1.000 48s
 step  680000 loss=0.00001 bce=0.00001 lap=0.00 lam=0.0e+00 val=1.0000 2ch=1.000 2cl=1.000 48s
 step  685000 loss=0.00001 bce=0.00001 lap=0.00 lam=0.0e+00 val=1.0000 2ch=1.000 2cl=1.000 48s
 step  690000 loss=0.00001 bce=0.00001 lap=0.00 lam=0.0e+00 val=1.0000 2ch=1.000 2cl=1.000 48s
 step  695000 loss=0.00001 bce=0.00001 lap=0.00 lam=0.0e+00 val=1.0000 2ch=1.000 2cl=1.000 48s
 step  700000 loss=0.00001 bce=0.00001 lap=0.00 lam=0.0e+00 val=0.9998 2ch=1.000 2cl=1.000 48s
 step  705000 loss=0.00001 bce=0.00001 lap=0.00 lam=0.0e+00 val=0.9998 2ch=1.000 2cl=1.000 48s
 step  710000 loss=0.00001 bce=0.00001 lap=0.00 lam=0.0e+00 val=0.9996 2ch=1.000 2cl=1.000 48s
 step  715000 loss=0.00001 bce=0.00001 lap=0.00 lam=0.0e+00 val=1.0000 2ch=1.000 2cl=1.000 48s
 step  720000 loss=0.00001 bce=0.00001 lap=0.00 lam=0.0e+00 val=1.0000 2ch=1.000 2cl=1.000 48s
 step  725000 loss=0.00001 bce=0.00001 lap=0.00 lam=0.0e+00 val=1.0000 2ch=1.000 2cl=1.000 47s
 step  730000 loss=0.00001 bce=0.00001 lap=0.00 lam=0.0e+00 val=1.0000 2ch=1.000 2cl=1.000 48s
 step  735000 loss=0.00001 bce=0.00001 lap=0.00 lam=0.0e+00 val=1.0000 2ch=1.000 2cl=1.000 47s
 step  740000 loss=0.00000 bce=0.00000 lap=0.00 lam=0.0e+00 val=0.9998 2ch=1.000 2cl=1.000 47s
 step  745000 loss=0.00001 bce=0.00001 lap=0.00 lam=0.0e+00 val=1.0000 2ch=1.000 2cl=1.000 47s
 step  750000 loss=0.00000 bce=0.00000 lap=0.00 lam=0.0e+00 val=1.0000 2ch=1.000 2cl=1.000 47s
 step  755000 loss=0.00000 bce=0.00000 lap=0.00 lam=0.0e+00 val=1.0000 2ch=1.000 2cl=1.000 47s
 step  760000 loss=0.00000 bce=0.00000 lap=0.00 lam=0.0e+00 val=1.0000 2ch=1.000 2cl=1.000 47s
 step  765000 loss=0.00001 bce=0.00001 lap=0.00 lam=0.0e+00 val=1.0000 2ch=1.000 2cl=1.000 48s
 step  770000 loss=0.00000 bce=0.00000 lap=0.00 lam=0.0e+00 val=1.0000 2ch=1.000 2cl=1.000 48s
 step  775000 loss=0.00000 bce=0.00000 lap=0.00 lam=0.0e+00 val=1.0000 2ch=1.000 2cl=1.000 47s
 step  780000 loss=0.00000 bce=0.00000 lap=0.00 lam=0.0e+00 val=1.0000 2ch=1.000 2cl=1.000 48s
 step  785000 loss=0.00000 bce=0.00000 lap=0.00 lam=0.0e+00 val=1.0000 2ch=1.000 2cl=1.000 47s
 step  790000 loss=0.00000 bce=0.00000 lap=0.00 lam=0.0e+00 val=1.0000 2ch=1.000 2cl=1.000 47s
 step  795000 loss=0.00000 bce=0.00000 lap=0.00 lam=0.0e+00 val=0.9996 2ch=1.000 2cl=1.000 47s
 step  800000 loss=0.00000 bce=0.00000 lap=0.00 lam=0.0e+00 val=1.0000 2ch=1.000 2cl=1.000 47s
 step  805000 loss=0.00000 bce=0.00000 lap=0.00 lam=0.0e+00 val=1.0000 2ch=1.000 2cl=1.000 47s
 step  810000 loss=0.00000 bce=0.00000 lap=0.00 lam=0.0e+00 val=1.0000 2ch=1.000 2cl=1.000 47s
 step  815000 loss=0.00000 bce=0.00000 lap=0.00 lam=0.0e+00 val=1.0000 2ch=1.000 2cl=1.000 47s
 step  820000 loss=0.00000 bce=0.00000 lap=0.00 lam=0.0e+00 val=1.0000 2ch=1.000 2cl=1.000 47s
 step  825000 loss=0.00000 bce=0.00000 lap=0.00 lam=0.0e+00 val=1.0000 2ch=1.000 2cl=1.000 47s
 step  830000 loss=0.00000 bce=0.00000 lap=0.00 lam=0.0e+00 val=1.0000 2ch=1.000 2cl=1.000 48s
 step  835000 loss=0.00000 bce=0.00000 lap=0.00 lam=0.0e+00 val=1.0000 2ch=1.000 2cl=1.000 47s
 step  840000 loss=0.00000 bce=0.00000 lap=0.00 lam=0.0e+00 val=1.0000 2ch=1.000 2cl=1.000 47s
 step  845000 loss=0.00000 bce=0.00000 lap=0.00 lam=0.0e+00 val=1.0000 2ch=1.000 2cl=1.000 47s
 step  850000 loss=0.00000 bce=0.00000 lap=0.00 lam=0.0e+00 val=1.0000 2ch=1.000 2cl=1.000 47s
 step  855000 loss=0.00000 bce=0.00000 lap=0.00 lam=0.0e+00 val=1.0000 2ch=1.000 2cl=1.000 48s
 step  860000 loss=0.00000 bce=0.00000 lap=0.00 lam=0.0e+00 val=1.0000 2ch=1.000 2cl=1.000 48s
 step  865000 loss=0.00000 bce=0.00000 lap=0.00 lam=0.0e+00 val=1.0000 2ch=1.000 2cl=1.000 47s
 step  870000 loss=0.00000 bce=0.00000 lap=0.00 lam=0.0e+00 val=1.0000 2ch=1.000 2cl=1.000 47s
 step  875000 loss=0.00000 bce=0.00000 lap=0.00 lam=0.0e+00 val=1.0000 2ch=1.000 2cl=1.000 47s
 step  880000 loss=0.00000 bce=0.00000 lap=0.00 lam=0.0e+00 val=1.0000 2ch=1.000 2cl=1.000 47s
 step  885000 loss=0.00000 bce=0.00000 lap=0.00 lam=0.0e+00 val=1.0000 2ch=1.000 2cl=1.000 47s
 step  890000 loss=0.00000 bce=0.00000 lap=0.00 lam=0.0e+00 val=1.0000 2ch=1.000 2cl=1.000 47s
 step  895000 loss=0.00000 bce=0.00000 lap=0.00 lam=0.0e+00 val=1.0000 2ch=1.000 2cl=1.000 47s
 step  900000 loss=0.00000 bce=0.00000 lap=0.00 lam=0.0e+00 val=1.0000 2ch=1.000 2cl=1.000 47s
 step  905000 loss=0.00000 bce=0.00000 lap=0.00 lam=0.0e+00 val=1.0000 2ch=1.000 2cl=1.000 47s
 step  910000 loss=0.00000 bce=0.00000 lap=0.00 lam=0.0e+00 val=1.0000 2ch=1.000 2cl=1.000 47s
 step  915000 loss=0.00000 bce=0.00000 lap=0.00 lam=0.0e+00 val=1.0000 2ch=1.000 2cl=1.000 47s
 step  920000 loss=0.00000 bce=0.00000 lap=0.00 lam=0.0e+00 val=1.0000 2ch=1.000 2cl=1.000 47s
 step  925000 loss=0.00000 bce=0.00000 lap=0.00 lam=0.0e+00 val=1.0000 2ch=1.000 2cl=1.000 47s
 step  930000 loss=0.00000 bce=0.00000 lap=0.00 lam=0.0e+00 val=1.0000 2ch=1.000 2cl=1.000 47s
 step  935000 loss=0.00000 bce=0.00000 lap=0.00 lam=0.0e+00 val=1.0000 2ch=1.000 2cl=1.000 47s
 step  940000 loss=0.00000 bce=0.00000 lap=0.00 lam=0.0e+00 val=1.0000 2ch=1.000 2cl=1.000 47s
 step  945000 loss=0.00000 bce=0.00000 lap=0.00 lam=0.0e+00 val=1.0000 2ch=1.000 2cl=1.000 47s
 step  950000 loss=0.00000 bce=0.00000 lap=0.00 lam=0.0e+00 val=1.0000 2ch=1.000 2cl=1.000 47s
 step  955000 loss=0.00000 bce=0.00000 lap=0.00 lam=0.0e+00 val=1.0000 2ch=1.000 2cl=1.000 48s
 step  960000 loss=0.00000 bce=0.00000 lap=0.00 lam=0.0e+00 val=1.0000 2ch=1.000 2cl=1.000 48s
 step  965000 loss=0.00000 bce=0.00000 lap=0.00 lam=0.0e+00 val=1.0000 2ch=1.000 2cl=1.000 48s
 step  970000 loss=0.00000 bce=0.00000 lap=0.00 lam=0.0e+00 val=1.0000 2ch=1.000 2cl=1.000 48s
 step  975000 loss=0.00000 bce=0.00000 lap=0.00 lam=0.0e+00 val=1.0000 2ch=1.000 2cl=1.000 48s
 step  980000 loss=0.00000 bce=0.00000 lap=0.00 lam=0.0e+00 val=1.0000 2ch=1.000 2cl=1.000 48s
 step  985000 loss=0.00000 bce=0.00000 lap=0.00 lam=0.0e+00 val=1.0000 2ch=1.000 2cl=1.000 48s
 step  990000 loss=0.00000 bce=0.00000 lap=0.00 lam=0.0e+00 val=1.0000 2ch=1.000 2cl=1.000 48s
 step  995000 loss=0.00000 bce=0.00000 lap=0.00 lam=0.0e+00 val=1.0000 2ch=1.000 2cl=1.000 48s
 step 1000000 loss=0.00000 bce=0.00000 lap=0.00 lam=0.0e+00 val=1.0000 2ch=1.000 2cl=1.000 48s
done. best in-dist exact=1.0000  -> runs/report5/depth_sweep/n20_mixed_roberta_linear_lam0_L3_seed2000
auto-eval bridged: runs/report5/depth_sweep/n20_mixed_roberta_linear_lam0_L3_seed2000/last.pt
checkpoint=runs/report5/depth_sweep/n20_mixed_roberta_linear_lam0_L3_seed2000/last.pt
  arch=roberta readout=linear n=20 L=3 device=cuda
  [bridged] exact=0.000 withinA=1.000 withinB=1.000 cross=0.000 crossPredConn=0.000
  [split] exact=1.000 withinA=1.000 withinB=1.000 cross=1.000 crossPredConn=0.000
  discrimination acc=0.500 (bridged->conn 0.00, split->conn 0.00)
  c= 2  model cross=1.000 disc=1.000 | MP=1.00 BFS(b=c)=0.19 DFS(b=c)=0.19
  c= 3  model cross=1.000 disc=1.000 | MP=1.00 BFS(b=c)=0.10 DFS(b=c)=0.31
  c= 4  model cross=1.000 disc=1.000 | MP=1.00 BFS(b=c)=0.06 DFS(b=c)=0.44
  c= 5  model cross=1.000 disc=1.000 | MP=1.00 BFS(b=c)=0.04 DFS(b=c)=0.47
  c= 6  model cross=0.416 disc=0.624 | MP=1.00 BFS(b=c)=0.03 DFS(b=c)=0.54
  c= 7  model cross=0.123 disc=0.500 | MP=1.00 BFS(b=c)=0.02 DFS(b=c)=0.56
  c= 8  model cross=0.034 disc=0.500 | MP=1.00 BFS(b=c)=0.02 DFS(b=c)=0.59
  c= 9  model cross=0.001 disc=0.500 | MP=1.00 BFS(b=c)=0.01 DFS(b=c)=0.61
  c=10  model cross=0.000 disc=0.500 | MP=1.00 BFS(b=c)=0.01 DFS(b=c)=0.62
  saved -> runs/report5/bridged_cliques_depth/n20_L3_seed2000/bridged_cliques.json
