== n20_er_seed1000  (runs/report5/density_sweep/p08/n20_er_roberta_linear_lam0_seed1000/last.pt) ==
checkpoint=runs/report5/density_sweep/p08/n20_er_roberta_linear_lam0_seed1000/last.pt
  arch=roberta readout=linear n=20 L=2 device=cuda
  [bridged] exact=0.000 withinA=1.000 withinB=1.000 cross=0.094 crossPredConn=0.094
  [split] exact=0.775 withinA=1.000 withinB=1.000 cross=0.988 crossPredConn=0.012
  discrimination acc=0.500 (bridged->conn 0.00, split->conn 0.00)
  c= 2  model cross=1.000 disc=1.000 | MP=1.00 BFS(b=c)=0.19 DFS(b=c)=0.19
  c= 3  model cross=1.000 disc=1.000 | MP=1.00 BFS(b=c)=0.10 DFS(b=c)=0.31
  c= 4  model cross=1.000 disc=1.000 | MP=1.00 BFS(b=c)=0.06 DFS(b=c)=0.44
  c= 5  model cross=1.000 disc=1.000 | MP=1.00 BFS(b=c)=0.04 DFS(b=c)=0.47
  c= 6  model cross=0.658 disc=0.892 | MP=1.00 BFS(b=c)=0.03 DFS(b=c)=0.54
  c= 7  model cross=0.296 disc=0.505 | MP=1.00 BFS(b=c)=0.02 DFS(b=c)=0.56
  c= 8  model cross=0.202 disc=0.500 | MP=1.00 BFS(b=c)=0.02 DFS(b=c)=0.59
  c= 9  model cross=0.131 disc=0.500 | MP=1.00 BFS(b=c)=0.01 DFS(b=c)=0.61
  c=10  model cross=0.091 disc=0.500 | MP=1.00 BFS(b=c)=0.01 DFS(b=c)=0.62
  saved -> runs/report5/bridged_cliques/n20_er_seed1000/bridged_cliques.json
== n20_er_seed2000  (runs/report5/density_sweep/p08/n20_er_roberta_linear_lam0_seed2000/last.pt) ==
checkpoint=runs/report5/density_sweep/p08/n20_er_roberta_linear_lam0_seed2000/last.pt
  arch=roberta readout=linear n=20 L=2 device=cuda
  [bridged] exact=0.000 withinA=0.259 withinB=0.252 cross=0.176 crossPredConn=0.176
  [split] exact=0.000 withinA=0.150 withinB=0.139 cross=0.923 crossPredConn=0.077
  discrimination acc=0.500 (bridged->conn 0.00, split->conn 0.00)
  c= 2  model cross=1.000 disc=1.000 | MP=1.00 BFS(b=c)=0.19 DFS(b=c)=0.19
  c= 3  model cross=1.000 disc=1.000 | MP=1.00 BFS(b=c)=0.10 DFS(b=c)=0.31
  c= 4  model cross=1.000 disc=1.000 | MP=1.00 BFS(b=c)=0.06 DFS(b=c)=0.44
  c= 5  model cross=1.000 disc=0.845 | MP=1.00 BFS(b=c)=0.04 DFS(b=c)=0.47
  c= 6  model cross=1.000 disc=0.999 | MP=1.00 BFS(b=c)=0.03 DFS(b=c)=0.54
  c= 7  model cross=0.928 disc=0.909 | MP=1.00 BFS(b=c)=0.02 DFS(b=c)=0.56
  c= 8  model cross=0.742 disc=0.713 | MP=1.00 BFS(b=c)=0.02 DFS(b=c)=0.59
  c= 9  model cross=0.698 disc=0.673 | MP=1.00 BFS(b=c)=0.01 DFS(b=c)=0.61
  c=10  model cross=0.174 disc=0.500 | MP=1.00 BFS(b=c)=0.01 DFS(b=c)=0.62
  saved -> runs/report5/bridged_cliques/n20_er_seed2000/bridged_cliques.json
== n20_er_seed3000  (runs/report5/density_sweep/p08/n20_er_roberta_linear_lam0_seed3000/last.pt) ==
checkpoint=runs/report5/density_sweep/p08/n20_er_roberta_linear_lam0_seed3000/last.pt
  arch=roberta readout=linear n=20 L=2 device=cuda
  [bridged] exact=0.000 withinA=0.620 withinB=0.615 cross=0.040 crossPredConn=0.040
  [split] exact=0.009 withinA=0.827 withinB=0.824 cross=0.997 crossPredConn=0.003
  discrimination acc=0.500 (bridged->conn 0.00, split->conn 0.00)
  c= 2  model cross=1.000 disc=1.000 | MP=1.00 BFS(b=c)=0.19 DFS(b=c)=0.19
  c= 3  model cross=1.000 disc=1.000 | MP=1.00 BFS(b=c)=0.10 DFS(b=c)=0.31
  c= 4  model cross=1.000 disc=1.000 | MP=1.00 BFS(b=c)=0.06 DFS(b=c)=0.44
  c= 5  model cross=1.000 disc=1.000 | MP=1.00 BFS(b=c)=0.04 DFS(b=c)=0.47
  c= 6  model cross=1.000 disc=1.000 | MP=1.00 BFS(b=c)=0.03 DFS(b=c)=0.54
  c= 7  model cross=0.957 disc=0.998 | MP=1.00 BFS(b=c)=0.02 DFS(b=c)=0.56
  c= 8  model cross=0.410 disc=0.655 | MP=1.00 BFS(b=c)=0.02 DFS(b=c)=0.59
  c= 9  model cross=0.202 disc=0.503 | MP=1.00 BFS(b=c)=0.01 DFS(b=c)=0.61
  c=10  model cross=0.039 disc=0.500 | MP=1.00 BFS(b=c)=0.01 DFS(b=c)=0.62
  saved -> runs/report5/bridged_cliques/n20_er_seed3000/bridged_cliques.json
== n20_er_seed4000  (runs/report5/density_sweep/p08/n20_er_roberta_linear_lam0_seed4000/last.pt) ==
checkpoint=runs/report5/density_sweep/p08/n20_er_roberta_linear_lam0_seed4000/last.pt
  arch=roberta readout=linear n=20 L=2 device=cuda
  [bridged] exact=0.000 withinA=0.693 withinB=0.698 cross=0.656 crossPredConn=0.656
  [split] exact=0.000 withinA=0.544 withinB=0.543 cross=0.454 crossPredConn=0.546
  discrimination acc=0.650 (bridged->conn 0.92, split->conn 0.62)
  c= 2  model cross=1.000 disc=1.000 | MP=1.00 BFS(b=c)=0.19 DFS(b=c)=0.19
  c= 3  model cross=1.000 disc=1.000 | MP=1.00 BFS(b=c)=0.10 DFS(b=c)=0.31
  c= 4  model cross=1.000 disc=1.000 | MP=1.00 BFS(b=c)=0.06 DFS(b=c)=0.44
  c= 5  model cross=1.000 disc=0.500 | MP=1.00 BFS(b=c)=0.04 DFS(b=c)=0.47
  c= 6  model cross=0.988 disc=1.000 | MP=1.00 BFS(b=c)=0.03 DFS(b=c)=0.54
  c= 7  model cross=0.343 disc=0.605 | MP=1.00 BFS(b=c)=0.02 DFS(b=c)=0.56
  c= 8  model cross=0.330 disc=0.558 | MP=1.00 BFS(b=c)=0.02 DFS(b=c)=0.59
  c= 9  model cross=0.617 disc=0.866 | MP=1.00 BFS(b=c)=0.01 DFS(b=c)=0.61
  c=10  model cross=0.651 disc=0.671 | MP=1.00 BFS(b=c)=0.01 DFS(b=c)=0.62
  saved -> runs/report5/bridged_cliques/n20_er_seed4000/bridged_cliques.json
-- skip n20_mixed_seed1000 (no checkpoint at runs/report5/base_n20/n20_mixed_roberta_linear_lam0_seed1000/last.pt)
-- skip n40_er_seed1000 (no checkpoint at runs/report5/base_n40/n40_er_roberta_linear_lam0_seed1000/last.pt)
-- skip n40_mixed_seed1000 (no checkpoint at runs/report5/base_n40/n40_mixed_roberta_linear_lam0_seed1000/last.pt)
-- skip n20_mixed_seed2000 (no checkpoint at runs/report5/base_n20/n20_mixed_roberta_linear_lam0_seed2000/last.pt)
-- skip n40_er_seed2000 (no checkpoint at runs/report5/base_n40/n40_er_roberta_linear_lam0_seed2000/last.pt)
-- skip n40_mixed_seed2000 (no checkpoint at runs/report5/base_n40/n40_mixed_roberta_linear_lam0_seed2000/last.pt)
-- skip n20_mixed_seed3000 (no checkpoint at runs/report5/base_n20/n20_mixed_roberta_linear_lam0_seed3000/last.pt)
-- skip n40_er_seed3000 (no checkpoint at runs/report5/base_n40/n40_er_roberta_linear_lam0_seed3000/last.pt)
-- skip n40_mixed_seed3000 (no checkpoint at runs/report5/base_n40/n40_mixed_roberta_linear_lam0_seed3000/last.pt)
-- skip n20_mixed_seed4000 (no checkpoint at runs/report5/base_n20/n20_mixed_roberta_linear_lam0_seed4000/last.pt)
-- skip n40_er_seed4000 (no checkpoint at runs/report5/base_n40/n40_er_roberta_linear_lam0_seed4000/last.pt)
-- skip n40_mixed_seed4000 (no checkpoint at runs/report5/base_n40/n40_mixed_roberta_linear_lam0_seed4000/last.pt)
bridged-cliques eval done -> runs/report5/bridged_cliques
