=== Job info ===
Node:  gnode12
NVIDIA H200 NVL, 143771 MiB
PyTorch 2.11.0+cu130 | CUDA: True | bf16: True
================

========================================================================
  Big ER curriculum: ER(n=40, p=0.05), 4 phases (D≤7→9→10→11)
  d_model=512, normalized-ReLU, online data, bf16
  Output: runs/curriculum_er_n40_big_494470/n40_p005_curriculum_big
========================================================================

Generating 10,000 test graphs (D≤11) with 32 workers …
  done in 5.3s
  device: cuda
  parameters: 6,347,304
  Starting curriculum training: total budget 1,000,000 steps
  Initial phase: phase1_d7 (D ≤ 7)
  step    5000 | phase 1 (phase1_d7) | lr=1.00e-04 | loss=0.058470 | exact=0.5350 | pair=0.9770 | 377.0s/5000
  step   10000 | phase 1 (phase1_d7) | lr=1.00e-04 | loss=0.001138 | exact=0.2794 | pair=0.9460 | 374.1s/5000
  step   15000 | phase 1 (phase1_d7) | lr=1.00e-04 | loss=0.000706 | exact=0.5630 | pair=0.9779 | 373.1s/5000
  step   20000 | phase 1 (phase1_d7) | lr=9.99e-05 | loss=0.000409 | exact=0.5917 | pair=0.9807 | 371.9s/5000
  >>> PHASE ADVANCE at step 20000: phase1_d7 -> phase2_d9 (D ≤ 9) — reason=loss steps_in_old=20,000
  step   25000 | phase 2 (phase2_d9) | lr=9.99e-05 | loss=0.002184 | exact=0.9201 | pair=0.9984 | 108.7s/5000
  >>> PHASE ADVANCE at step 25000: phase2_d9 -> phase3_d10 (D ≤ 10) — reason=loss steps_in_old=5,000
  step   30000 | phase 3 (phase3_d10) | lr=9.98e-05 | loss=0.001762 | exact=0.9477 | pair=0.9991 | 85.6s/5000
  >>> PHASE ADVANCE at step 30000: phase3_d10 -> phase4_d11 (D ≤ 11) — reason=loss steps_in_old=5,000
  step   35000 | phase 4 (phase4_d11) | lr=9.97e-05 | loss=0.001874 | exact=0.9439 | pair=0.9992 | 77.0s/5000
  step   40000 | phase 4 (phase4_d11) | lr=9.96e-05 | loss=0.001487 | exact=0.9715 | pair=0.9997 | 75.3s/5000
  step   45000 | phase 4 (phase4_d11) | lr=9.95e-05 | loss=0.001281 | exact=0.9750 | pair=0.9996 | 75.4s/5000
  step   50000 | phase 4 (phase4_d11) | lr=9.94e-05 | loss=0.001132 | exact=0.9685 | pair=0.9997 | 75.3s/5000
  step   55000 | phase 4 (phase4_d11) | lr=9.93e-05 | loss=0.000999 | exact=0.9786 | pair=0.9998 | 75.3s/5000
  step   60000 | phase 4 (phase4_d11) | lr=9.91e-05 | loss=0.000896 | exact=0.9689 | pair=0.9996 | 75.6s/5000
  step   65000 | phase 4 (phase4_d11) | lr=9.90e-05 | loss=0.000833 | exact=0.9809 | pair=0.9998 | 75.3s/5000
  step   70000 | phase 4 (phase4_d11) | lr=9.88e-05 | loss=0.000753 | exact=0.9849 | pair=0.9999 | 75.5s/5000
  step   75000 | phase 4 (phase4_d11) | lr=9.87e-05 | loss=0.000695 | exact=0.9815 | pair=0.9998 | 75.2s/5000
  step   80000 | phase 4 (phase4_d11) | lr=9.85e-05 | loss=0.000651 | exact=0.9898 | pair=0.9999 | 75.6s/5000
  step   85000 | phase 4 (phase4_d11) | lr=9.83e-05 | loss=0.000564 | exact=0.9768 | pair=0.9997 | 75.5s/5000
  step   90000 | phase 4 (phase4_d11) | lr=9.81e-05 | loss=0.000495 | exact=0.9770 | pair=0.9997 | 75.7s/5000
  step   95000 | phase 4 (phase4_d11) | lr=9.78e-05 | loss=0.000468 | exact=0.9889 | pair=0.9999 | 75.4s/5000
  step  100000 | phase 4 (phase4_d11) | lr=9.76e-05 | loss=0.000385 | exact=0.9878 | pair=0.9999 | 75.6s/5000
  step  105000 | phase 4 (phase4_d11) | lr=9.73e-05 | loss=0.000346 | exact=0.9847 | pair=0.9999 | 75.5s/5000
  step  110000 | phase 4 (phase4_d11) | lr=9.71e-05 | loss=0.000320 | exact=0.9935 | pair=1.0000 | 75.7s/5000
  step  115000 | phase 4 (phase4_d11) | lr=9.68e-05 | loss=0.000296 | exact=0.9926 | pair=1.0000 | 75.5s/5000
  step  120000 | phase 4 (phase4_d11) | lr=9.65e-05 | loss=0.000261 | exact=0.9916 | pair=0.9999 | 75.5s/5000
  step  125000 | phase 4 (phase4_d11) | lr=9.62e-05 | loss=0.000248 | exact=0.9861 | pair=0.9999 | 75.3s/5000
  step  130000 | phase 4 (phase4_d11) | lr=9.59e-05 | loss=0.000237 | exact=0.9953 | pair=1.0000 | 75.3s/5000
  step  135000 | phase 4 (phase4_d11) | lr=9.56e-05 | loss=0.000216 | exact=0.9893 | pair=0.9999 | 75.7s/5000
  step  140000 | phase 4 (phase4_d11) | lr=9.53e-05 | loss=0.000210 | exact=0.9934 | pair=1.0000 | 75.5s/5000
  step  145000 | phase 4 (phase4_d11) | lr=9.50e-05 | loss=0.000203 | exact=0.9838 | pair=0.9999 | 75.8s/5000
  step  150000 | phase 4 (phase4_d11) | lr=9.46e-05 | loss=0.000203 | exact=0.9946 | pair=1.0000 | 75.6s/5000
  step  155000 | phase 4 (phase4_d11) | lr=9.43e-05 | loss=0.000179 | exact=0.9963 | pair=1.0000 | 75.6s/5000
  step  160000 | phase 4 (phase4_d11) | lr=9.39e-05 | loss=0.000174 | exact=0.9885 | pair=0.9999 | 75.8s/5000
  step  165000 | phase 4 (phase4_d11) | lr=9.35e-05 | loss=0.000169 | exact=0.9948 | pair=1.0000 | 75.5s/5000
  step  170000 | phase 4 (phase4_d11) | lr=9.31e-05 | loss=0.000167 | exact=0.9891 | pair=0.9999 | 75.6s/5000
  step  175000 | phase 4 (phase4_d11) | lr=9.27e-05 | loss=0.000156 | exact=0.9956 | pair=1.0000 | 75.5s/5000
  step  180000 | phase 4 (phase4_d11) | lr=9.23e-05 | loss=0.000152 | exact=0.9935 | pair=1.0000 | 75.4s/5000
  step  185000 | phase 4 (phase4_d11) | lr=9.19e-05 | loss=0.000133 | exact=0.9942 | pair=1.0000 | 75.3s/5000
  step  190000 | phase 4 (phase4_d11) | lr=9.14e-05 | loss=0.000148 | exact=0.9965 | pair=1.0000 | 75.9s/5000
  step  195000 | phase 4 (phase4_d11) | lr=9.10e-05 | loss=0.000135 | exact=0.9958 | pair=1.0000 | 75.4s/5000
  step  200000 | phase 4 (phase4_d11) | lr=9.05e-05 | loss=0.000140 | exact=0.9912 | pair=0.9999 | 75.4s/5000
  step  205000 | phase 4 (phase4_d11) | lr=9.01e-05 | loss=0.000114 | exact=0.9900 | pair=0.9999 | 75.7s/5000
  step  210000 | phase 4 (phase4_d11) | lr=8.96e-05 | loss=0.000122 | exact=0.9969 | pair=1.0000 | 75.8s/5000
  step  215000 | phase 4 (phase4_d11) | lr=8.91e-05 | loss=0.000128 | exact=0.9966 | pair=1.0000 | 75.7s/5000
  step  220000 | phase 4 (phase4_d11) | lr=8.86e-05 | loss=0.000116 | exact=0.9967 | pair=1.0000 | 75.4s/5000
  step  225000 | phase 4 (phase4_d11) | lr=8.81e-05 | loss=0.000114 | exact=0.9973 | pair=1.0000 | 75.4s/5000
  step  230000 | phase 4 (phase4_d11) | lr=8.76e-05 | loss=0.000125 | exact=0.9959 | pair=1.0000 | 75.4s/5000
  step  235000 | phase 4 (phase4_d11) | lr=8.71e-05 | loss=0.000110 | exact=0.9936 | pair=1.0000 | 75.4s/5000
  step  240000 | phase 4 (phase4_d11) | lr=8.65e-05 | loss=0.000108 | exact=0.9970 | pair=1.0000 | 75.1s/5000
  step  245000 | phase 4 (phase4_d11) | lr=8.60e-05 | loss=0.000092 | exact=0.9953 | pair=1.0000 | 74.9s/5000
  step  250000 | phase 4 (phase4_d11) | lr=8.54e-05 | loss=0.000112 | exact=0.9919 | pair=0.9999 | 75.6s/5000
  step  255000 | phase 4 (phase4_d11) | lr=8.49e-05 | loss=0.000094 | exact=0.9964 | pair=1.0000 | 75.5s/5000
  step  260000 | phase 4 (phase4_d11) | lr=8.43e-05 | loss=0.000101 | exact=0.9977 | pair=1.0000 | 75.3s/5000
  step  265000 | phase 4 (phase4_d11) | lr=8.37e-05 | loss=0.000090 | exact=0.9941 | pair=1.0000 | 75.4s/5000
  step  270000 | phase 4 (phase4_d11) | lr=8.32e-05 | loss=0.000093 | exact=0.9909 | pair=0.9999 | 75.5s/5000
  step  275000 | phase 4 (phase4_d11) | lr=8.26e-05 | loss=0.000091 | exact=0.9857 | pair=0.9996 | 75.1s/5000
  step  280000 | phase 4 (phase4_d11) | lr=8.20e-05 | loss=0.000091 | exact=0.9966 | pair=1.0000 | 75.3s/5000
  step  285000 | phase 4 (phase4_d11) | lr=8.13e-05 | loss=0.000081 | exact=0.9964 | pair=1.0000 | 75.4s/5000
  step  290000 | phase 4 (phase4_d11) | lr=8.07e-05 | loss=0.000089 | exact=0.9976 | pair=1.0000 | 75.4s/5000
  step  295000 | phase 4 (phase4_d11) | lr=8.01e-05 | loss=0.000079 | exact=0.9940 | pair=1.0000 | 75.7s/5000
  step  300000 | phase 4 (phase4_d11) | lr=7.95e-05 | loss=0.000076 | exact=0.9966 | pair=1.0000 | 75.3s/5000
  step  305000 | phase 4 (phase4_d11) | lr=7.88e-05 | loss=0.000078 | exact=0.9937 | pair=1.0000 | 75.4s/5000
  step  310000 | phase 4 (phase4_d11) | lr=7.82e-05 | loss=0.000078 | exact=0.9945 | pair=1.0000 | 75.1s/5000
  step  315000 | phase 4 (phase4_d11) | lr=7.75e-05 | loss=0.000062 | exact=0.9880 | pair=0.9999 | 75.3s/5000
  step  320000 | phase 4 (phase4_d11) | lr=7.69e-05 | loss=0.000068 | exact=0.9979 | pair=1.0000 | 75.3s/5000
  step  325000 | phase 4 (phase4_d11) | lr=7.62e-05 | loss=0.000070 | exact=0.9973 | pair=1.0000 | 75.4s/5000
  step  330000 | phase 4 (phase4_d11) | lr=7.55e-05 | loss=0.000075 | exact=0.9965 | pair=1.0000 | 75.5s/5000
  step  335000 | phase 4 (phase4_d11) | lr=7.49e-05 | loss=0.000063 | exact=0.9959 | pair=1.0000 | 75.3s/5000
  step  340000 | phase 4 (phase4_d11) | lr=7.42e-05 | loss=0.000065 | exact=0.9975 | pair=1.0000 | 75.8s/5000
  step  345000 | phase 4 (phase4_d11) | lr=7.35e-05 | loss=0.000058 | exact=0.9977 | pair=1.0000 | 75.5s/5000
  step  350000 | phase 4 (phase4_d11) | lr=7.28e-05 | loss=0.000064 | exact=0.9982 | pair=1.0000 | 75.7s/5000
  step  355000 | phase 4 (phase4_d11) | lr=7.21e-05 | loss=0.000064 | exact=0.9975 | pair=1.0000 | 75.6s/5000
  step  360000 | phase 4 (phase4_d11) | lr=7.14e-05 | loss=0.000050 | exact=0.9986 | pair=1.0000 | 75.5s/5000
  step  365000 | phase 4 (phase4_d11) | lr=7.07e-05 | loss=0.000060 | exact=0.9979 | pair=1.0000 | 75.0s/5000
  step  370000 | phase 4 (phase4_d11) | lr=6.99e-05 | loss=0.000060 | exact=0.9986 | pair=1.0000 | 75.6s/5000
  step  375000 | phase 4 (phase4_d11) | lr=6.92e-05 | loss=0.000056 | exact=0.9972 | pair=1.0000 | 75.5s/5000
  step  380000 | phase 4 (phase4_d11) | lr=6.85e-05 | loss=0.000051 | exact=0.9969 | pair=1.0000 | 75.2s/5000
  step  385000 | phase 4 (phase4_d11) | lr=6.78e-05 | loss=0.000053 | exact=0.9979 | pair=1.0000 | 75.5s/5000
  step  390000 | phase 4 (phase4_d11) | lr=6.70e-05 | loss=0.000041 | exact=0.9980 | pair=1.0000 | 75.3s/5000
  step  395000 | phase 4 (phase4_d11) | lr=6.63e-05 | loss=0.000049 | exact=0.9982 | pair=1.0000 | 75.0s/5000
  step  400000 | phase 4 (phase4_d11) | lr=6.55e-05 | loss=0.000046 | exact=0.9978 | pair=1.0000 | 75.3s/5000
  step  405000 | phase 4 (phase4_d11) | lr=6.48e-05 | loss=0.000039 | exact=0.9984 | pair=1.0000 | 75.3s/5000
  step  410000 | phase 4 (phase4_d11) | lr=6.40e-05 | loss=0.000053 | exact=0.9980 | pair=1.0000 | 75.3s/5000
  step  415000 | phase 4 (phase4_d11) | lr=6.33e-05 | loss=0.000040 | exact=0.9959 | pair=1.0000 | 75.3s/5000
  step  420000 | phase 4 (phase4_d11) | lr=6.25e-05 | loss=0.000035 | exact=0.9988 | pair=1.0000 | 75.4s/5000
  step  425000 | phase 4 (phase4_d11) | lr=6.18e-05 | loss=0.000037 | exact=0.9986 | pair=1.0000 | 75.5s/5000
  step  430000 | phase 4 (phase4_d11) | lr=6.10e-05 | loss=0.000041 | exact=0.9965 | pair=1.0000 | 75.6s/5000
  step  435000 | phase 4 (phase4_d11) | lr=6.02e-05 | loss=0.000039 | exact=0.9980 | pair=1.0000 | 75.7s/5000
  step  440000 | phase 4 (phase4_d11) | lr=5.95e-05 | loss=0.000034 | exact=0.9984 | pair=1.0000 | 75.6s/5000
  step  445000 | phase 4 (phase4_d11) | lr=5.87e-05 | loss=0.000032 | exact=0.9982 | pair=1.0000 | 75.7s/5000
  step  450000 | phase 4 (phase4_d11) | lr=5.79e-05 | loss=0.000032 | exact=0.9983 | pair=1.0000 | 75.9s/5000
  step  455000 | phase 4 (phase4_d11) | lr=5.71e-05 | loss=0.000041 | exact=0.9979 | pair=1.0000 | 75.6s/5000
  step  460000 | phase 4 (phase4_d11) | lr=5.64e-05 | loss=0.000033 | exact=0.9984 | pair=1.0000 | 75.5s/5000
  step  465000 | phase 4 (phase4_d11) | lr=5.56e-05 | loss=0.000034 | exact=0.9986 | pair=1.0000 | 75.5s/5000
  step  470000 | phase 4 (phase4_d11) | lr=5.48e-05 | loss=0.000030 | exact=0.9986 | pair=1.0000 | 75.3s/5000
  step  475000 | phase 4 (phase4_d11) | lr=5.40e-05 | loss=0.000032 | exact=0.9982 | pair=1.0000 | 75.3s/5000
  step  480000 | phase 4 (phase4_d11) | lr=5.32e-05 | loss=0.000031 | exact=0.9947 | pair=1.0000 | 75.5s/5000
  step  485000 | phase 4 (phase4_d11) | lr=5.24e-05 | loss=0.000030 | exact=0.9992 | pair=1.0000 | 75.3s/5000
  step  490000 | phase 4 (phase4_d11) | lr=5.17e-05 | loss=0.000029 | exact=0.9957 | pair=1.0000 | 75.4s/5000
  step  495000 | phase 4 (phase4_d11) | lr=5.09e-05 | loss=0.000030 | exact=0.9984 | pair=1.0000 | 75.2s/5000
  step  500000 | phase 4 (phase4_d11) | lr=5.01e-05 | loss=0.000029 | exact=0.9984 | pair=1.0000 | 75.4s/5000
  step  505000 | phase 4 (phase4_d11) | lr=4.93e-05 | loss=0.000021 | exact=0.9983 | pair=1.0000 | 75.5s/5000
  step  510000 | phase 4 (phase4_d11) | lr=4.85e-05 | loss=0.000026 | exact=0.9987 | pair=1.0000 | 75.8s/5000
  step  515000 | phase 4 (phase4_d11) | lr=4.77e-05 | loss=0.000022 | exact=0.9984 | pair=1.0000 | 74.8s/5000
  step  520000 | phase 4 (phase4_d11) | lr=4.69e-05 | loss=0.000020 | exact=0.9986 | pair=1.0000 | 75.3s/5000
  step  525000 | phase 4 (phase4_d11) | lr=4.62e-05 | loss=0.000019 | exact=0.9990 | pair=1.0000 | 75.3s/5000
  step  530000 | phase 4 (phase4_d11) | lr=4.54e-05 | loss=0.000030 | exact=0.9984 | pair=1.0000 | 75.3s/5000
  step  535000 | phase 4 (phase4_d11) | lr=4.46e-05 | loss=0.000015 | exact=0.9991 | pair=1.0000 | 75.4s/5000
  step  540000 | phase 4 (phase4_d11) | lr=4.38e-05 | loss=0.000019 | exact=0.9987 | pair=1.0000 | 75.4s/5000
  step  545000 | phase 4 (phase4_d11) | lr=4.30e-05 | loss=0.000023 | exact=0.9985 | pair=1.0000 | 75.3s/5000
  step  550000 | phase 4 (phase4_d11) | lr=4.22e-05 | loss=0.000021 | exact=0.9985 | pair=1.0000 | 75.4s/5000
  step  555000 | phase 4 (phase4_d11) | lr=4.15e-05 | loss=0.000017 | exact=0.9986 | pair=1.0000 | 75.2s/5000
  step  560000 | phase 4 (phase4_d11) | lr=4.07e-05 | loss=0.000020 | exact=0.9981 | pair=1.0000 | 75.3s/5000
  step  565000 | phase 4 (phase4_d11) | lr=3.99e-05 | loss=0.000020 | exact=0.9989 | pair=1.0000 | 75.6s/5000
  step  570000 | phase 4 (phase4_d11) | lr=3.92e-05 | loss=0.000016 | exact=0.9926 | pair=0.9999 | 75.2s/5000
  step  575000 | phase 4 (phase4_d11) | lr=3.84e-05 | loss=0.000020 | exact=0.9985 | pair=1.0000 | 75.1s/5000
  step  580000 | phase 4 (phase4_d11) | lr=3.76e-05 | loss=0.000015 | exact=0.9984 | pair=1.0000 | 75.2s/5000
  step  585000 | phase 4 (phase4_d11) | lr=3.69e-05 | loss=0.000017 | exact=0.9990 | pair=1.0000 | 75.4s/5000
  step  590000 | phase 4 (phase4_d11) | lr=3.61e-05 | loss=0.000014 | exact=0.9988 | pair=1.0000 | 75.2s/5000
  step  595000 | phase 4 (phase4_d11) | lr=3.54e-05 | loss=0.000015 | exact=0.9984 | pair=1.0000 | 75.2s/5000
  step  600000 | phase 4 (phase4_d11) | lr=3.46e-05 | loss=0.000014 | exact=0.9991 | pair=1.0000 | 75.5s/5000
  step  605000 | phase 4 (phase4_d11) | lr=3.39e-05 | loss=0.000014 | exact=0.9988 | pair=1.0000 | 75.3s/5000
  step  610000 | phase 4 (phase4_d11) | lr=3.31e-05 | loss=0.000012 | exact=0.9994 | pair=1.0000 | 75.2s/5000
  step  615000 | phase 4 (phase4_d11) | lr=3.24e-05 | loss=0.000012 | exact=0.9989 | pair=1.0000 | 75.1s/5000
  step  620000 | phase 4 (phase4_d11) | lr=3.16e-05 | loss=0.000013 | exact=0.9991 | pair=1.0000 | 75.3s/5000
  step  625000 | phase 4 (phase4_d11) | lr=3.09e-05 | loss=0.000012 | exact=0.9994 | pair=1.0000 | 75.4s/5000
  step  630000 | phase 4 (phase4_d11) | lr=3.02e-05 | loss=0.000011 | exact=0.9992 | pair=1.0000 | 75.1s/5000
  step  635000 | phase 4 (phase4_d11) | lr=2.95e-05 | loss=0.000011 | exact=0.9995 | pair=1.0000 | 75.1s/5000
  step  640000 | phase 4 (phase4_d11) | lr=2.88e-05 | loss=0.000010 | exact=0.9992 | pair=1.0000 | 75.2s/5000
  step  645000 | phase 4 (phase4_d11) | lr=2.81e-05 | loss=0.000012 | exact=0.9995 | pair=1.0000 | 75.4s/5000
  step  650000 | phase 4 (phase4_d11) | lr=2.73e-05 | loss=0.000010 | exact=0.9992 | pair=1.0000 | 75.7s/5000
  step  655000 | phase 4 (phase4_d11) | lr=2.67e-05 | loss=0.000010 | exact=0.9993 | pair=1.0000 | 75.1s/5000
  step  660000 | phase 4 (phase4_d11) | lr=2.60e-05 | loss=0.000010 | exact=0.9991 | pair=1.0000 | 75.0s/5000
  step  665000 | phase 4 (phase4_d11) | lr=2.53e-05 | loss=0.000009 | exact=0.9991 | pair=1.0000 | 75.4s/5000
  step  670000 | phase 4 (phase4_d11) | lr=2.46e-05 | loss=0.000009 | exact=0.9995 | pair=1.0000 | 75.2s/5000
  step  675000 | phase 4 (phase4_d11) | lr=2.39e-05 | loss=0.000009 | exact=0.9991 | pair=1.0000 | 75.1s/5000
  step  680000 | phase 4 (phase4_d11) | lr=2.33e-05 | loss=0.000009 | exact=0.9994 | pair=1.0000 | 75.3s/5000
  step  685000 | phase 4 (phase4_d11) | lr=2.26e-05 | loss=0.000009 | exact=0.9995 | pair=1.0000 | 75.2s/5000
  step  690000 | phase 4 (phase4_d11) | lr=2.19e-05 | loss=0.000008 | exact=0.9992 | pair=1.0000 | 75.6s/5000
  step  695000 | phase 4 (phase4_d11) | lr=2.13e-05 | loss=0.000008 | exact=0.9992 | pair=1.0000 | 75.2s/5000
  step  700000 | phase 4 (phase4_d11) | lr=2.06e-05 | loss=0.000008 | exact=0.9996 | pair=1.0000 | 75.2s/5000
  step  705000 | phase 4 (phase4_d11) | lr=2.00e-05 | loss=0.000008 | exact=0.9993 | pair=1.0000 | 75.0s/5000
  step  710000 | phase 4 (phase4_d11) | lr=1.94e-05 | loss=0.000007 | exact=0.9995 | pair=1.0000 | 75.1s/5000
  step  715000 | phase 4 (phase4_d11) | lr=1.88e-05 | loss=0.000007 | exact=0.9996 | pair=1.0000 | 75.3s/5000
  step  720000 | phase 4 (phase4_d11) | lr=1.82e-05 | loss=0.000007 | exact=0.9996 | pair=1.0000 | 75.2s/5000
  step  725000 | phase 4 (phase4_d11) | lr=1.76e-05 | loss=0.000007 | exact=0.9998 | pair=1.0000 | 75.1s/5000
  step  730000 | phase 4 (phase4_d11) | lr=1.70e-05 | loss=0.000007 | exact=0.9996 | pair=1.0000 | 75.4s/5000
  step  735000 | phase 4 (phase4_d11) | lr=1.64e-05 | loss=0.000007 | exact=0.9994 | pair=1.0000 | 75.1s/5000
  step  740000 | phase 4 (phase4_d11) | lr=1.58e-05 | loss=0.000006 | exact=0.9998 | pair=1.0000 | 75.1s/5000
  step  745000 | phase 4 (phase4_d11) | lr=1.52e-05 | loss=0.000007 | exact=0.9996 | pair=1.0000 | 75.3s/5000
  step  750000 | phase 4 (phase4_d11) | lr=1.47e-05 | loss=0.000007 | exact=0.9996 | pair=1.0000 | 75.1s/5000
  step  755000 | phase 4 (phase4_d11) | lr=1.41e-05 | loss=0.000006 | exact=0.9998 | pair=1.0000 | 75.6s/5000
  step  760000 | phase 4 (phase4_d11) | lr=1.36e-05 | loss=0.000006 | exact=0.9995 | pair=1.0000 | 75.3s/5000
  step  765000 | phase 4 (phase4_d11) | lr=1.30e-05 | loss=0.000006 | exact=0.9997 | pair=1.0000 | 75.3s/5000
  step  770000 | phase 4 (phase4_d11) | lr=1.25e-05 | loss=0.000006 | exact=0.9996 | pair=1.0000 | 75.6s/5000
  step  775000 | phase 4 (phase4_d11) | lr=1.20e-05 | loss=0.000006 | exact=0.9998 | pair=1.0000 | 75.6s/5000
  step  780000 | phase 4 (phase4_d11) | lr=1.15e-05 | loss=0.000006 | exact=0.9998 | pair=1.0000 | 75.5s/5000
  step  785000 | phase 4 (phase4_d11) | lr=1.10e-05 | loss=0.000006 | exact=0.9998 | pair=1.0000 | 75.3s/5000
  step  790000 | phase 4 (phase4_d11) | lr=1.05e-05 | loss=0.000005 | exact=0.9997 | pair=1.0000 | 75.7s/5000
  step  795000 | phase 4 (phase4_d11) | lr=1.00e-05 | loss=0.000005 | exact=0.9995 | pair=1.0000 | 75.5s/5000
  step  800000 | phase 4 (phase4_d11) | lr=9.57e-06 | loss=0.000005 | exact=0.9995 | pair=1.0000 | 75.1s/5000
  step  805000 | phase 4 (phase4_d11) | lr=9.11e-06 | loss=0.000005 | exact=0.9994 | pair=1.0000 | 75.2s/5000
  step  810000 | phase 4 (phase4_d11) | lr=8.66e-06 | loss=0.000005 | exact=0.9997 | pair=1.0000 | 75.3s/5000
  step  815000 | phase 4 (phase4_d11) | lr=8.23e-06 | loss=0.000005 | exact=0.9996 | pair=1.0000 | 75.4s/5000
  step  820000 | phase 4 (phase4_d11) | lr=7.80e-06 | loss=0.000005 | exact=0.9998 | pair=1.0000 | 74.9s/5000
  step  825000 | phase 4 (phase4_d11) | lr=7.38e-06 | loss=0.000005 | exact=0.9998 | pair=1.0000 | 75.1s/5000
  step  830000 | phase 4 (phase4_d11) | lr=6.98e-06 | loss=0.000005 | exact=0.9997 | pair=1.0000 | 75.3s/5000
  step  835000 | phase 4 (phase4_d11) | lr=6.58e-06 | loss=0.000004 | exact=0.9998 | pair=1.0000 | 74.9s/5000
  step  840000 | phase 4 (phase4_d11) | lr=6.20e-06 | loss=0.000004 | exact=0.9998 | pair=1.0000 | 75.0s/5000
  step  845000 | phase 4 (phase4_d11) | lr=5.82e-06 | loss=0.000005 | exact=0.9998 | pair=1.0000 | 75.0s/5000
  step  850000 | phase 4 (phase4_d11) | lr=5.46e-06 | loss=0.000004 | exact=0.9996 | pair=1.0000 | 75.2s/5000
  step  855000 | phase 4 (phase4_d11) | lr=5.11e-06 | loss=0.000004 | exact=0.9997 | pair=1.0000 | 75.0s/5000
  step  860000 | phase 4 (phase4_d11) | lr=4.77e-06 | loss=0.000004 | exact=0.9998 | pair=1.0000 | 75.5s/5000
  step  865000 | phase 4 (phase4_d11) | lr=4.44e-06 | loss=0.000004 | exact=0.9998 | pair=1.0000 | 75.6s/5000
  step  870000 | phase 4 (phase4_d11) | lr=4.12e-06 | loss=0.000004 | exact=0.9998 | pair=1.0000 | 75.8s/5000
  step  875000 | phase 4 (phase4_d11) | lr=3.81e-06 | loss=0.000004 | exact=0.9998 | pair=1.0000 | 75.3s/5000
  step  880000 | phase 4 (phase4_d11) | lr=3.52e-06 | loss=0.000004 | exact=0.9998 | pair=1.0000 | 75.1s/5000
  step  885000 | phase 4 (phase4_d11) | lr=3.23e-06 | loss=0.000004 | exact=0.9998 | pair=1.0000 | 75.3s/5000
  step  890000 | phase 4 (phase4_d11) | lr=2.96e-06 | loss=0.000004 | exact=0.9998 | pair=1.0000 | 75.2s/5000
  step  895000 | phase 4 (phase4_d11) | lr=2.70e-06 | loss=0.000004 | exact=0.9998 | pair=1.0000 | 75.3s/5000
  step  900000 | phase 4 (phase4_d11) | lr=2.45e-06 | loss=0.000004 | exact=0.9998 | pair=1.0000 | 75.1s/5000
  step  905000 | phase 4 (phase4_d11) | lr=2.21e-06 | loss=0.000004 | exact=0.9998 | pair=1.0000 | 75.2s/5000
  step  910000 | phase 4 (phase4_d11) | lr=1.99e-06 | loss=0.000004 | exact=0.9998 | pair=1.0000 | 75.3s/5000
  step  915000 | phase 4 (phase4_d11) | lr=1.78e-06 | loss=0.000004 | exact=0.9998 | pair=1.0000 | 75.3s/5000
  step  920000 | phase 4 (phase4_d11) | lr=1.57e-06 | loss=0.000004 | exact=0.9998 | pair=1.0000 | 75.4s/5000
  step  925000 | phase 4 (phase4_d11) | lr=1.38e-06 | loss=0.000004 | exact=0.9998 | pair=1.0000 | 75.3s/5000
  step  930000 | phase 4 (phase4_d11) | lr=1.21e-06 | loss=0.000004 | exact=0.9998 | pair=1.0000 | 75.7s/5000
  step  935000 | phase 4 (phase4_d11) | lr=1.04e-06 | loss=0.000004 | exact=0.9998 | pair=1.0000 | 75.4s/5000
  step  940000 | phase 4 (phase4_d11) | lr=8.87e-07 | loss=0.000003 | exact=0.9998 | pair=1.0000 | 75.7s/5000
  step  945000 | phase 4 (phase4_d11) | lr=7.46e-07 | loss=0.000004 | exact=0.9998 | pair=1.0000 | 75.3s/5000
  step  950000 | phase 4 (phase4_d11) | lr=6.17e-07 | loss=0.000003 | exact=0.9998 | pair=1.0000 | 75.4s/5000
  step  955000 | phase 4 (phase4_d11) | lr=5.00e-07 | loss=0.000003 | exact=0.9998 | pair=1.0000 | 75.2s/5000
  step  960000 | phase 4 (phase4_d11) | lr=3.95e-07 | loss=0.000004 | exact=0.9998 | pair=1.0000 | 75.7s/5000
  step  965000 | phase 4 (phase4_d11) | lr=3.03e-07 | loss=0.000003 | exact=0.9998 | pair=1.0000 | 75.2s/5000
  step  970000 | phase 4 (phase4_d11) | lr=2.22e-07 | loss=0.000003 | exact=0.9998 | pair=1.0000 | 75.4s/5000
  step  975000 | phase 4 (phase4_d11) | lr=1.54e-07 | loss=0.000003 | exact=0.9998 | pair=1.0000 | 75.6s/5000
  step  980000 | phase 4 (phase4_d11) | lr=9.89e-08 | loss=0.000003 | exact=0.9998 | pair=1.0000 | 75.3s/5000
  step  985000 | phase 4 (phase4_d11) | lr=5.56e-08 | loss=0.000004 | exact=0.9998 | pair=1.0000 | 75.3s/5000
  step  990000 | phase 4 (phase4_d11) | lr=2.47e-08 | loss=0.000003 | exact=0.9998 | pair=1.0000 | 75.3s/5000
  step  995000 | phase 4 (phase4_d11) | lr=6.18e-09 | loss=0.000003 | exact=0.9998 | pair=1.0000 | 75.4s/5000
  step 1000000 | phase 4 (phase4_d11) | lr=0.00e+00 | loss=0.000003 | exact=0.9998 | pair=1.0000 | 75.4s/5000

Done. Best exact match: 0.9998
Phase transitions (3):
  step  20000: phase1_d7 -> phase2_d9 (reason=loss, steps_in_old=20,000)
  step  25000: phase2_d9 -> phase3_d10 (reason=loss, steps_in_old=5,000)
  step  30000: phase3_d10 -> phase4_d11 (reason=loss, steps_in_old=5,000)
