task 2 -> n=20 p=0.05 seed=3000  (out: runs/report5/density_sweep/p05)
== n20_er_roberta_linear_lam0_seed3000 ==
 device=cuda arch=roberta readout=linear lambda=0.0 params=6,326,804
 step    5000 loss=0.09298 bce=0.09298 lap=0.00 lam=0.0e+00 val=0.7870 2ch=0.000 2cl=0.000 35s
 step   10000 loss=0.02576 bce=0.02576 lap=0.00 lam=0.0e+00 val=0.9050 2ch=0.000 2cl=0.000 35s
 step   15000 loss=0.01922 bce=0.01922 lap=0.00 lam=0.0e+00 val=0.9218 2ch=0.000 2cl=0.000 35s
 step   20000 loss=0.01620 bce=0.01620 lap=0.00 lam=0.0e+00 val=0.9494 2ch=0.000 2cl=0.000 35s
 step   25000 loss=0.01424 bce=0.01424 lap=0.00 lam=0.0e+00 val=0.9504 2ch=0.000 2cl=0.000 35s
 step   30000 loss=0.01272 bce=0.01272 lap=0.00 lam=0.0e+00 val=0.9658 2ch=0.000 2cl=0.000 35s
 step   35000 loss=0.01146 bce=0.01146 lap=0.00 lam=0.0e+00 val=0.9574 2ch=0.000 2cl=0.000 35s
 step   40000 loss=0.01044 bce=0.01044 lap=0.00 lam=0.0e+00 val=0.9720 2ch=0.000 2cl=0.000 35s
 step   45000 loss=0.00965 bce=0.00965 lap=0.00 lam=0.0e+00 val=0.9768 2ch=0.000 2cl=0.000 35s
 step   50000 loss=0.00902 bce=0.00902 lap=0.00 lam=0.0e+00 val=0.9610 2ch=0.000 2cl=0.000 35s
 step   55000 loss=0.00850 bce=0.00850 lap=0.00 lam=0.0e+00 val=0.9734 2ch=0.000 2cl=0.000 35s
 step   60000 loss=0.00805 bce=0.00805 lap=0.00 lam=0.0e+00 val=0.9660 2ch=0.000 2cl=0.000 35s
 step   65000 loss=0.00771 bce=0.00771 lap=0.00 lam=0.0e+00 val=0.9842 2ch=0.000 2cl=0.000 35s
 step   70000 loss=0.00740 bce=0.00740 lap=0.00 lam=0.0e+00 val=0.9810 2ch=0.000 2cl=0.000 35s
 step   75000 loss=0.00715 bce=0.00715 lap=0.00 lam=0.0e+00 val=0.9792 2ch=0.000 2cl=0.000 35s
 step   80000 loss=0.00691 bce=0.00691 lap=0.00 lam=0.0e+00 val=0.9830 2ch=0.000 2cl=0.000 35s
 step   85000 loss=0.00671 bce=0.00671 lap=0.00 lam=0.0e+00 val=0.9778 2ch=0.000 2cl=0.000 35s
 step   90000 loss=0.00653 bce=0.00653 lap=0.00 lam=0.0e+00 val=0.9842 2ch=0.000 2cl=0.000 35s
 step   95000 loss=0.00636 bce=0.00636 lap=0.00 lam=0.0e+00 val=0.9800 2ch=0.000 2cl=0.000 35s
 step  100000 loss=0.00620 bce=0.00620 lap=0.00 lam=0.0e+00 val=0.9826 2ch=0.000 2cl=0.000 35s
 step  105000 loss=0.00603 bce=0.00603 lap=0.00 lam=0.0e+00 val=0.9800 2ch=0.000 2cl=0.000 35s
 step  110000 loss=0.00586 bce=0.00586 lap=0.00 lam=0.0e+00 val=0.9836 2ch=0.000 2cl=0.000 35s
 step  115000 loss=0.00574 bce=0.00574 lap=0.00 lam=0.0e+00 val=0.9810 2ch=0.000 2cl=0.000 35s
 step  120000 loss=0.00558 bce=0.00558 lap=0.00 lam=0.0e+00 val=0.9854 2ch=0.000 2cl=0.000 35s
 step  125000 loss=0.00547 bce=0.00547 lap=0.00 lam=0.0e+00 val=0.9852 2ch=0.000 2cl=0.000 35s
 step  130000 loss=0.00535 bce=0.00535 lap=0.00 lam=0.0e+00 val=0.9816 2ch=0.000 2cl=0.000 35s
 step  135000 loss=0.00521 bce=0.00521 lap=0.00 lam=0.0e+00 val=0.9872 2ch=0.000 2cl=0.000 35s
 step  140000 loss=0.00511 bce=0.00511 lap=0.00 lam=0.0e+00 val=0.9838 2ch=0.000 2cl=0.000 35s
 step  145000 loss=0.00502 bce=0.00502 lap=0.00 lam=0.0e+00 val=0.9866 2ch=0.000 2cl=0.000 35s
 step  150000 loss=0.00493 bce=0.00493 lap=0.00 lam=0.0e+00 val=0.9906 2ch=0.000 2cl=0.000 35s
 step  155000 loss=0.00483 bce=0.00483 lap=0.00 lam=0.0e+00 val=0.9902 2ch=0.000 2cl=0.000 35s
 step  160000 loss=0.00476 bce=0.00476 lap=0.00 lam=0.0e+00 val=0.9850 2ch=0.000 2cl=0.000 35s
 step  165000 loss=0.00466 bce=0.00466 lap=0.00 lam=0.0e+00 val=0.9894 2ch=0.000 2cl=0.000 35s
 step  170000 loss=0.00458 bce=0.00458 lap=0.00 lam=0.0e+00 val=0.9850 2ch=0.000 2cl=0.000 35s
 step  175000 loss=0.00452 bce=0.00452 lap=0.00 lam=0.0e+00 val=0.9890 2ch=0.000 2cl=0.000 35s
 step  180000 loss=0.00444 bce=0.00444 lap=0.00 lam=0.0e+00 val=0.9908 2ch=0.000 2cl=0.000 35s
 step  185000 loss=0.00437 bce=0.00437 lap=0.00 lam=0.0e+00 val=0.9924 2ch=0.000 2cl=0.000 35s
 step  190000 loss=0.00431 bce=0.00431 lap=0.00 lam=0.0e+00 val=0.9894 2ch=0.000 2cl=0.000 35s
 step  195000 loss=0.00425 bce=0.00425 lap=0.00 lam=0.0e+00 val=0.9900 2ch=0.000 2cl=0.000 35s
 step  200000 loss=0.00419 bce=0.00419 lap=0.00 lam=0.0e+00 val=0.9910 2ch=0.000 2cl=0.000 35s
 step  205000 loss=0.00413 bce=0.00413 lap=0.00 lam=0.0e+00 val=0.9932 2ch=0.000 2cl=0.000 35s
 step  210000 loss=0.00408 bce=0.00408 lap=0.00 lam=0.0e+00 val=0.9928 2ch=0.000 2cl=0.000 35s
 step  215000 loss=0.00401 bce=0.00401 lap=0.00 lam=0.0e+00 val=0.9924 2ch=0.000 2cl=0.000 35s
 step  220000 loss=0.00397 bce=0.00397 lap=0.00 lam=0.0e+00 val=0.9914 2ch=0.000 2cl=0.000 35s
 step  225000 loss=0.00388 bce=0.00388 lap=0.00 lam=0.0e+00 val=0.9888 2ch=0.000 2cl=0.000 35s
 step  230000 loss=0.00386 bce=0.00386 lap=0.00 lam=0.0e+00 val=0.9934 2ch=0.000 2cl=0.005 35s
 step  235000 loss=0.00382 bce=0.00382 lap=0.00 lam=0.0e+00 val=0.9920 2ch=0.000 2cl=0.000 35s
 step  240000 loss=0.00378 bce=0.00378 lap=0.00 lam=0.0e+00 val=0.9850 2ch=0.000 2cl=0.000 35s
 step  245000 loss=0.00375 bce=0.00375 lap=0.00 lam=0.0e+00 val=0.9920 2ch=0.000 2cl=0.000 35s
 step  250000 loss=0.00368 bce=0.00368 lap=0.00 lam=0.0e+00 val=0.9890 2ch=0.000 2cl=0.000 35s
 step  255000 loss=0.00365 bce=0.00365 lap=0.00 lam=0.0e+00 val=0.9912 2ch=0.000 2cl=0.000 35s
 step  260000 loss=0.00362 bce=0.00362 lap=0.00 lam=0.0e+00 val=0.9894 2ch=0.000 2cl=0.000 35s
 step  265000 loss=0.00358 bce=0.00358 lap=0.00 lam=0.0e+00 val=0.9924 2ch=0.000 2cl=0.000 35s
 step  270000 loss=0.00352 bce=0.00352 lap=0.00 lam=0.0e+00 val=0.9908 2ch=0.000 2cl=0.000 35s
 step  275000 loss=0.00349 bce=0.00349 lap=0.00 lam=0.0e+00 val=0.9932 2ch=0.000 2cl=0.000 35s
 step  280000 loss=0.00348 bce=0.00348 lap=0.00 lam=0.0e+00 val=0.9904 2ch=0.000 2cl=0.000 35s
 step  285000 loss=0.00343 bce=0.00343 lap=0.00 lam=0.0e+00 val=0.9944 2ch=0.000 2cl=0.000 35s
 step  290000 loss=0.00338 bce=0.00338 lap=0.00 lam=0.0e+00 val=0.9922 2ch=0.000 2cl=0.000 35s
 step  295000 loss=0.00334 bce=0.00334 lap=0.00 lam=0.0e+00 val=0.9908 2ch=0.000 2cl=0.000 35s
 step  300000 loss=0.00331 bce=0.00331 lap=0.00 lam=0.0e+00 val=0.9900 2ch=0.000 2cl=0.000 35s
 step  305000 loss=0.00328 bce=0.00328 lap=0.00 lam=0.0e+00 val=0.9936 2ch=0.000 2cl=0.000 35s
 step  310000 loss=0.00324 bce=0.00324 lap=0.00 lam=0.0e+00 val=0.9930 2ch=0.000 2cl=0.000 35s
 step  315000 loss=0.00323 bce=0.00323 lap=0.00 lam=0.0e+00 val=0.9916 2ch=0.000 2cl=0.000 35s
 step  320000 loss=0.00319 bce=0.00319 lap=0.00 lam=0.0e+00 val=0.9916 2ch=0.000 2cl=0.000 35s
 step  325000 loss=0.00314 bce=0.00314 lap=0.00 lam=0.0e+00 val=0.9928 2ch=0.000 2cl=0.000 35s
 step  330000 loss=0.00311 bce=0.00311 lap=0.00 lam=0.0e+00 val=0.9940 2ch=0.000 2cl=0.000 35s
 step  335000 loss=0.00309 bce=0.00309 lap=0.00 lam=0.0e+00 val=0.9924 2ch=0.000 2cl=0.000 35s
 step  340000 loss=0.00305 bce=0.00305 lap=0.00 lam=0.0e+00 val=0.9946 2ch=0.000 2cl=0.000 35s
 step  345000 loss=0.00302 bce=0.00302 lap=0.00 lam=0.0e+00 val=0.9906 2ch=0.000 2cl=0.000 35s
 step  350000 loss=0.00299 bce=0.00299 lap=0.00 lam=0.0e+00 val=0.9930 2ch=0.000 2cl=0.000 35s
 step  355000 loss=0.00294 bce=0.00294 lap=0.00 lam=0.0e+00 val=0.9882 2ch=0.000 2cl=0.000 35s
 step  360000 loss=0.00293 bce=0.00293 lap=0.00 lam=0.0e+00 val=0.9906 2ch=0.000 2cl=0.000 35s
 step  365000 loss=0.00289 bce=0.00289 lap=0.00 lam=0.0e+00 val=0.9938 2ch=0.000 2cl=0.000 35s
 step  370000 loss=0.00287 bce=0.00287 lap=0.00 lam=0.0e+00 val=0.9928 2ch=0.000 2cl=0.000 35s
 step  375000 loss=0.00283 bce=0.00283 lap=0.00 lam=0.0e+00 val=0.9912 2ch=0.000 2cl=0.000 35s
 step  380000 loss=0.00280 bce=0.00280 lap=0.00 lam=0.0e+00 val=0.9940 2ch=0.000 2cl=0.000 35s
 step  385000 loss=0.00279 bce=0.00279 lap=0.00 lam=0.0e+00 val=0.9946 2ch=0.000 2cl=0.000 35s
 step  390000 loss=0.00276 bce=0.00276 lap=0.00 lam=0.0e+00 val=0.9920 2ch=0.000 2cl=0.099 35s
 step  395000 loss=0.00271 bce=0.00271 lap=0.00 lam=0.0e+00 val=0.9930 2ch=0.000 2cl=0.000 35s
 step  400000 loss=0.00271 bce=0.00271 lap=0.00 lam=0.0e+00 val=0.9928 2ch=0.000 2cl=0.052 35s
 step  405000 loss=0.00267 bce=0.00267 lap=0.00 lam=0.0e+00 val=0.9918 2ch=0.000 2cl=0.000 35s
 step  410000 loss=0.00265 bce=0.00265 lap=0.00 lam=0.0e+00 val=0.9918 2ch=0.000 2cl=0.000 35s
 step  415000 loss=0.00262 bce=0.00262 lap=0.00 lam=0.0e+00 val=0.9928 2ch=0.000 2cl=0.004 35s
 step  420000 loss=0.00259 bce=0.00259 lap=0.00 lam=0.0e+00 val=0.9920 2ch=0.000 2cl=0.001 35s
 step  425000 loss=0.00258 bce=0.00258 lap=0.00 lam=0.0e+00 val=0.9918 2ch=0.000 2cl=0.161 35s
 step  430000 loss=0.00255 bce=0.00255 lap=0.00 lam=0.0e+00 val=0.9910 2ch=0.000 2cl=0.000 35s
 step  435000 loss=0.00254 bce=0.00254 lap=0.00 lam=0.0e+00 val=0.9936 2ch=0.000 2cl=0.130 35s
 step  440000 loss=0.00250 bce=0.00250 lap=0.00 lam=0.0e+00 val=0.9914 2ch=0.000 2cl=0.005 35s
 step  445000 loss=0.00247 bce=0.00247 lap=0.00 lam=0.0e+00 val=0.9916 2ch=0.000 2cl=0.000 35s
 step  450000 loss=0.00246 bce=0.00246 lap=0.00 lam=0.0e+00 val=0.9932 2ch=0.000 2cl=0.000 35s
 step  455000 loss=0.00244 bce=0.00244 lap=0.00 lam=0.0e+00 val=0.9922 2ch=0.000 2cl=0.000 35s
 step  460000 loss=0.00242 bce=0.00242 lap=0.00 lam=0.0e+00 val=0.9912 2ch=0.000 2cl=0.025 35s
 step  465000 loss=0.00241 bce=0.00241 lap=0.00 lam=0.0e+00 val=0.9938 2ch=0.000 2cl=0.000 35s
 step  470000 loss=0.00238 bce=0.00238 lap=0.00 lam=0.0e+00 val=0.9916 2ch=0.000 2cl=0.000 35s
 step  475000 loss=0.00237 bce=0.00237 lap=0.00 lam=0.0e+00 val=0.9910 2ch=0.000 2cl=0.014 35s
 step  480000 loss=0.00234 bce=0.00234 lap=0.00 lam=0.0e+00 val=0.9912 2ch=0.000 2cl=0.000 35s
 step  485000 loss=0.00232 bce=0.00232 lap=0.00 lam=0.0e+00 val=0.9920 2ch=0.000 2cl=0.000 35s
 step  490000 loss=0.00231 bce=0.00231 lap=0.00 lam=0.0e+00 val=0.9916 2ch=0.000 2cl=0.000 35s
 step  495000 loss=0.00230 bce=0.00230 lap=0.00 lam=0.0e+00 val=0.9924 2ch=0.000 2cl=0.000 35s
 step  500000 loss=0.00226 bce=0.00226 lap=0.00 lam=0.0e+00 val=0.9930 2ch=0.000 2cl=0.000 35s
 step  505000 loss=0.00225 bce=0.00225 lap=0.00 lam=0.0e+00 val=0.9902 2ch=0.000 2cl=0.000 35s
 step  510000 loss=0.00224 bce=0.00224 lap=0.00 lam=0.0e+00 val=0.9908 2ch=0.000 2cl=0.000 35s
 step  515000 loss=0.00222 bce=0.00222 lap=0.00 lam=0.0e+00 val=0.9920 2ch=0.000 2cl=0.000 35s
 step  520000 loss=0.00219 bce=0.00219 lap=0.00 lam=0.0e+00 val=0.9914 2ch=0.000 2cl=0.000 35s
 step  525000 loss=0.00219 bce=0.00219 lap=0.00 lam=0.0e+00 val=0.9934 2ch=0.000 2cl=0.000 35s
 step  530000 loss=0.00217 bce=0.00217 lap=0.00 lam=0.0e+00 val=0.9916 2ch=0.000 2cl=0.000 35s
 step  535000 loss=0.00215 bce=0.00215 lap=0.00 lam=0.0e+00 val=0.9922 2ch=0.000 2cl=0.000 35s
 step  540000 loss=0.00213 bce=0.00213 lap=0.00 lam=0.0e+00 val=0.9918 2ch=0.000 2cl=0.206 35s
 step  545000 loss=0.00213 bce=0.00213 lap=0.00 lam=0.0e+00 val=0.9882 2ch=0.000 2cl=0.000 35s
 step  550000 loss=0.00210 bce=0.00210 lap=0.00 lam=0.0e+00 val=0.9928 2ch=0.000 2cl=0.000 35s
 step  555000 loss=0.00210 bce=0.00210 lap=0.00 lam=0.0e+00 val=0.9914 2ch=0.000 2cl=0.000 35s
 step  560000 loss=0.00208 bce=0.00208 lap=0.00 lam=0.0e+00 val=0.9932 2ch=0.000 2cl=0.000 35s
 step  565000 loss=0.00205 bce=0.00205 lap=0.00 lam=0.0e+00 val=0.9912 2ch=0.000 2cl=0.000 35s
 step  570000 loss=0.00205 bce=0.00205 lap=0.00 lam=0.0e+00 val=0.9928 2ch=0.000 2cl=0.000 35s
 step  575000 loss=0.00204 bce=0.00204 lap=0.00 lam=0.0e+00 val=0.9926 2ch=0.000 2cl=0.001 35s
 step  580000 loss=0.00203 bce=0.00203 lap=0.00 lam=0.0e+00 val=0.9912 2ch=0.000 2cl=0.000 35s
 step  585000 loss=0.00201 bce=0.00201 lap=0.00 lam=0.0e+00 val=0.9940 2ch=0.000 2cl=0.000 35s
 step  590000 loss=0.00199 bce=0.00199 lap=0.00 lam=0.0e+00 val=0.9916 2ch=0.000 2cl=0.000 35s
 step  595000 loss=0.00197 bce=0.00197 lap=0.00 lam=0.0e+00 val=0.9914 2ch=0.000 2cl=0.000 35s
 step  600000 loss=0.00197 bce=0.00197 lap=0.00 lam=0.0e+00 val=0.9942 2ch=0.000 2cl=0.000 35s
 step  605000 loss=0.00195 bce=0.00195 lap=0.00 lam=0.0e+00 val=0.9926 2ch=0.000 2cl=0.000 35s
 step  610000 loss=0.00194 bce=0.00194 lap=0.00 lam=0.0e+00 val=0.9918 2ch=0.000 2cl=0.000 35s
 step  615000 loss=0.00194 bce=0.00194 lap=0.00 lam=0.0e+00 val=0.9946 2ch=0.000 2cl=0.000 35s
 step  620000 loss=0.00190 bce=0.00190 lap=0.00 lam=0.0e+00 val=0.9932 2ch=0.000 2cl=0.000 35s
 step  625000 loss=0.00192 bce=0.00192 lap=0.00 lam=0.0e+00 val=0.9934 2ch=0.000 2cl=0.000 35s
 step  630000 loss=0.00188 bce=0.00188 lap=0.00 lam=0.0e+00 val=0.9922 2ch=0.000 2cl=0.112 35s
 step  635000 loss=0.00188 bce=0.00188 lap=0.00 lam=0.0e+00 val=0.9930 2ch=0.000 2cl=0.000 35s
 step  640000 loss=0.00187 bce=0.00187 lap=0.00 lam=0.0e+00 val=0.9938 2ch=0.000 2cl=0.020 36s
 step  645000 loss=0.00186 bce=0.00186 lap=0.00 lam=0.0e+00 val=0.9936 2ch=0.000 2cl=0.000 35s
 step  650000 loss=0.00185 bce=0.00185 lap=0.00 lam=0.0e+00 val=0.9918 2ch=0.000 2cl=0.000 35s
 step  655000 loss=0.00184 bce=0.00184 lap=0.00 lam=0.0e+00 val=0.9930 2ch=0.000 2cl=0.000 35s
 step  660000 loss=0.00182 bce=0.00182 lap=0.00 lam=0.0e+00 val=0.9936 2ch=0.000 2cl=0.000 35s
 step  665000 loss=0.00182 bce=0.00182 lap=0.00 lam=0.0e+00 val=0.9932 2ch=0.000 2cl=0.000 35s
 step  670000 loss=0.00180 bce=0.00180 lap=0.00 lam=0.0e+00 val=0.9934 2ch=0.000 2cl=0.000 35s
 step  675000 loss=0.00180 bce=0.00180 lap=0.00 lam=0.0e+00 val=0.9946 2ch=0.000 2cl=0.000 35s
 step  680000 loss=0.00180 bce=0.00180 lap=0.00 lam=0.0e+00 val=0.9948 2ch=0.000 2cl=0.000 35s
 step  685000 loss=0.00178 bce=0.00178 lap=0.00 lam=0.0e+00 val=0.9938 2ch=0.000 2cl=0.000 36s
 step  690000 loss=0.00176 bce=0.00176 lap=0.00 lam=0.0e+00 val=0.9928 2ch=0.000 2cl=0.000 35s
 step  695000 loss=0.00176 bce=0.00176 lap=0.00 lam=0.0e+00 val=0.9938 2ch=0.000 2cl=0.000 35s
 step  700000 loss=0.00175 bce=0.00175 lap=0.00 lam=0.0e+00 val=0.9944 2ch=0.000 2cl=0.000 35s
 step  705000 loss=0.00174 bce=0.00174 lap=0.00 lam=0.0e+00 val=0.9932 2ch=0.000 2cl=0.000 35s
 step  710000 loss=0.00172 bce=0.00172 lap=0.00 lam=0.0e+00 val=0.9918 2ch=0.000 2cl=0.000 35s
 step  715000 loss=0.00171 bce=0.00171 lap=0.00 lam=0.0e+00 val=0.9952 2ch=0.000 2cl=0.000 35s
 step  720000 loss=0.00171 bce=0.00171 lap=0.00 lam=0.0e+00 val=0.9936 2ch=0.000 2cl=0.000 35s
 step  725000 loss=0.00168 bce=0.00168 lap=0.00 lam=0.0e+00 val=0.9922 2ch=0.000 2cl=0.000 35s
 step  730000 loss=0.00171 bce=0.00171 lap=0.00 lam=0.0e+00 val=0.9928 2ch=0.000 2cl=0.000 35s
 step  735000 loss=0.00168 bce=0.00168 lap=0.00 lam=0.0e+00 val=0.9942 2ch=0.000 2cl=0.000 35s
 step  740000 loss=0.00166 bce=0.00166 lap=0.00 lam=0.0e+00 val=0.9942 2ch=0.000 2cl=0.000 35s
 step  745000 loss=0.00166 bce=0.00166 lap=0.00 lam=0.0e+00 val=0.9910 2ch=0.000 2cl=0.000 35s
 step  750000 loss=0.00167 bce=0.00167 lap=0.00 lam=0.0e+00 val=0.9944 2ch=0.000 2cl=0.000 35s
 step  755000 loss=0.00164 bce=0.00164 lap=0.00 lam=0.0e+00 val=0.9938 2ch=0.000 2cl=0.000 35s
 step  760000 loss=0.00163 bce=0.00163 lap=0.00 lam=0.0e+00 val=0.9932 2ch=0.000 2cl=0.002 35s
 step  765000 loss=0.00163 bce=0.00163 lap=0.00 lam=0.0e+00 val=0.9942 2ch=0.000 2cl=0.000 35s
 step  770000 loss=0.00162 bce=0.00162 lap=0.00 lam=0.0e+00 val=0.9948 2ch=0.000 2cl=0.000 35s
 step  775000 loss=0.00162 bce=0.00162 lap=0.00 lam=0.0e+00 val=0.9944 2ch=0.000 2cl=0.000 35s
 step  780000 loss=0.00161 bce=0.00161 lap=0.00 lam=0.0e+00 val=0.9940 2ch=0.000 2cl=0.000 35s
 step  785000 loss=0.00160 bce=0.00160 lap=0.00 lam=0.0e+00 val=0.9934 2ch=0.000 2cl=0.000 35s
 step  790000 loss=0.00160 bce=0.00160 lap=0.00 lam=0.0e+00 val=0.9934 2ch=0.000 2cl=0.000 35s
 step  795000 loss=0.00159 bce=0.00159 lap=0.00 lam=0.0e+00 val=0.9932 2ch=0.000 2cl=0.000 35s
 step  800000 loss=0.00158 bce=0.00158 lap=0.00 lam=0.0e+00 val=0.9932 2ch=0.000 2cl=0.000 35s
 step  805000 loss=0.00158 bce=0.00158 lap=0.00 lam=0.0e+00 val=0.9942 2ch=0.000 2cl=0.000 35s
 step  810000 loss=0.00157 bce=0.00157 lap=0.00 lam=0.0e+00 val=0.9940 2ch=0.000 2cl=0.000 35s
 step  815000 loss=0.00156 bce=0.00156 lap=0.00 lam=0.0e+00 val=0.9934 2ch=0.000 2cl=0.000 35s
 step  820000 loss=0.00156 bce=0.00156 lap=0.00 lam=0.0e+00 val=0.9936 2ch=0.000 2cl=0.000 34s
 step  825000 loss=0.00156 bce=0.00156 lap=0.00 lam=0.0e+00 val=0.9940 2ch=0.000 2cl=0.000 35s
 step  830000 loss=0.00155 bce=0.00155 lap=0.00 lam=0.0e+00 val=0.9934 2ch=0.000 2cl=0.000 35s
 step  835000 loss=0.00154 bce=0.00154 lap=0.00 lam=0.0e+00 val=0.9944 2ch=0.000 2cl=0.000 35s
 step  840000 loss=0.00154 bce=0.00154 lap=0.00 lam=0.0e+00 val=0.9952 2ch=0.000 2cl=0.000 35s
 step  845000 loss=0.00153 bce=0.00153 lap=0.00 lam=0.0e+00 val=0.9944 2ch=0.000 2cl=0.000 35s
 step  850000 loss=0.00153 bce=0.00153 lap=0.00 lam=0.0e+00 val=0.9948 2ch=0.000 2cl=0.000 35s
 step  855000 loss=0.00152 bce=0.00152 lap=0.00 lam=0.0e+00 val=0.9950 2ch=0.000 2cl=0.000 35s
 step  860000 loss=0.00151 bce=0.00151 lap=0.00 lam=0.0e+00 val=0.9952 2ch=0.000 2cl=0.000 35s
 step  865000 loss=0.00152 bce=0.00152 lap=0.00 lam=0.0e+00 val=0.9950 2ch=0.000 2cl=0.000 35s
 step  870000 loss=0.00151 bce=0.00151 lap=0.00 lam=0.0e+00 val=0.9946 2ch=0.000 2cl=0.000 35s
 step  875000 loss=0.00152 bce=0.00152 lap=0.00 lam=0.0e+00 val=0.9946 2ch=0.000 2cl=0.000 35s
 step  880000 loss=0.00150 bce=0.00150 lap=0.00 lam=0.0e+00 val=0.9938 2ch=0.000 2cl=0.000 35s
 step  885000 loss=0.00151 bce=0.00151 lap=0.00 lam=0.0e+00 val=0.9952 2ch=0.000 2cl=0.000 35s
 step  890000 loss=0.00150 bce=0.00150 lap=0.00 lam=0.0e+00 val=0.9948 2ch=0.000 2cl=0.000 35s
 step  895000 loss=0.00150 bce=0.00150 lap=0.00 lam=0.0e+00 val=0.9946 2ch=0.000 2cl=0.000 35s
 step  900000 loss=0.00149 bce=0.00149 lap=0.00 lam=0.0e+00 val=0.9946 2ch=0.000 2cl=0.000 35s
 step  905000 loss=0.00149 bce=0.00149 lap=0.00 lam=0.0e+00 val=0.9946 2ch=0.000 2cl=0.000 35s
 step  910000 loss=0.00149 bce=0.00149 lap=0.00 lam=0.0e+00 val=0.9946 2ch=0.000 2cl=0.000 34s
 step  915000 loss=0.00148 bce=0.00148 lap=0.00 lam=0.0e+00 val=0.9942 2ch=0.000 2cl=0.000 35s
 step  920000 loss=0.00147 bce=0.00147 lap=0.00 lam=0.0e+00 val=0.9940 2ch=0.000 2cl=0.000 35s
 step  925000 loss=0.00148 bce=0.00148 lap=0.00 lam=0.0e+00 val=0.9946 2ch=0.000 2cl=0.000 35s
 step  930000 loss=0.00147 bce=0.00147 lap=0.00 lam=0.0e+00 val=0.9942 2ch=0.000 2cl=0.000 35s
 step  935000 loss=0.00148 bce=0.00148 lap=0.00 lam=0.0e+00 val=0.9942 2ch=0.000 2cl=0.000 35s
 step  940000 loss=0.00147 bce=0.00147 lap=0.00 lam=0.0e+00 val=0.9940 2ch=0.000 2cl=0.000 35s
 step  945000 loss=0.00148 bce=0.00148 lap=0.00 lam=0.0e+00 val=0.9942 2ch=0.000 2cl=0.000 35s
 step  950000 loss=0.00147 bce=0.00147 lap=0.00 lam=0.0e+00 val=0.9944 2ch=0.000 2cl=0.000 35s
 step  955000 loss=0.00146 bce=0.00146 lap=0.00 lam=0.0e+00 val=0.9942 2ch=0.000 2cl=0.000 35s
 step  960000 loss=0.00147 bce=0.00147 lap=0.00 lam=0.0e+00 val=0.9944 2ch=0.000 2cl=0.000 35s
 step  965000 loss=0.00147 bce=0.00147 lap=0.00 lam=0.0e+00 val=0.9946 2ch=0.000 2cl=0.000 35s
 step  970000 loss=0.00146 bce=0.00146 lap=0.00 lam=0.0e+00 val=0.9946 2ch=0.000 2cl=0.000 35s
 step  975000 loss=0.00146 bce=0.00146 lap=0.00 lam=0.0e+00 val=0.9942 2ch=0.000 2cl=0.000 35s
 step  980000 loss=0.00146 bce=0.00146 lap=0.00 lam=0.0e+00 val=0.9942 2ch=0.000 2cl=0.000 35s
 step  985000 loss=0.00146 bce=0.00146 lap=0.00 lam=0.0e+00 val=0.9942 2ch=0.000 2cl=0.000 35s
 step  990000 loss=0.00146 bce=0.00146 lap=0.00 lam=0.0e+00 val=0.9942 2ch=0.000 2cl=0.000 35s
 step  995000 loss=0.00147 bce=0.00147 lap=0.00 lam=0.0e+00 val=0.9942 2ch=0.000 2cl=0.000 35s
 step 1000000 loss=0.00147 bce=0.00147 lap=0.00 lam=0.0e+00 val=0.9944 2ch=0.000 2cl=0.000 34s
done. best in-dist exact=0.9952  -> runs/report5/density_sweep/p05/n20_er_roberta_linear_lam0_seed3000
auto-eval (OOD families): runs/report5/density_sweep/p05/n20_er_roberta_linear_lam0_seed3000/last.pt
loaded roberta/linear n=20 L=2 from runs/report5/density_sweep/p05/n20_er_roberta_linear_lam0_seed3000/last.pt
  er             exact=0.963 pairwise=0.999 reach=0.999 disc=0.999
  er_blocks      exact=0.007 pairwise=0.446 reach=0.305 disc=0.663
  clique_blocks  exact=0.240 pairwise=0.705 reach=0.535 disc=0.957
  path_union     exact=0.019 pairwise=0.666 reach=0.455 disc=0.980
  2chains        exact=0.000 pairwise=0.717 reach=0.599 disc=0.822
  2cliques       exact=0.000 pairwise=0.712 reach=0.392 disc=1.000
  1cycle         exact=0.000 pairwise=0.105 reach=0.105 disc=  n/a
  2cycle         exact=0.000 pairwise=0.632 reach=0.222 disc=1.000
  1chain         exact=0.000 pairwise=0.126 reach=0.126 disc=  n/a
  chain_plus     exact=0.000 pairwise=0.687 reach=0.514 disc=0.990
  barbell        exact=0.000 pairwise=0.192 reach=0.192 disc=  n/a
  barbell_var    exact=0.095 pairwise=0.294 reach=0.294 disc=  n/a
  expander       exact=0.405 pairwise=0.790 reach=0.790 disc=  n/a
  expander_var   exact=0.093 pairwise=0.179 reach=0.179 disc=  n/a
saved -> runs/report5/density_sweep/p05/n20_er_roberta_linear_lam0_seed3000/families/families_eval.json (+ png)
