=== Job info ===
Node:     gnode13
NVIDIA H200 NVL, 143771 MiB
PyTorch 2.11.0+cu130
CUDA available: True
================

============================================================
Experiment: ER(n=40, p=0.05)  filter=diam11
Output:     runs/retrain_er_n40_485352/n40_p005_diam11
============================================================

Generating 6,000,000 train samples (D≤11) with 16 workers …
  train    25,000/6,000,000
  train    50,000/6,000,000
  train    75,000/6,000,000
  train   100,000/6,000,000
  train   125,000/6,000,000
  train   150,000/6,000,000
  train   175,000/6,000,000
  train   200,000/6,000,000
  train   225,000/6,000,000
  train   250,000/6,000,000
  train   275,000/6,000,000
  train   300,000/6,000,000
  train   325,000/6,000,000
  train   350,000/6,000,000
  train   375,000/6,000,000
  train   400,000/6,000,000
  train   425,000/6,000,000
  train   450,000/6,000,000
  train   475,000/6,000,000
  train   500,000/6,000,000
  train   525,000/6,000,000
  train   550,000/6,000,000
  train   575,000/6,000,000
  train   600,000/6,000,000
  train   625,000/6,000,000
  train   650,000/6,000,000
  train   675,000/6,000,000
  train   700,000/6,000,000
  train   725,000/6,000,000
  train   750,000/6,000,000
  train   775,000/6,000,000
  train   800,000/6,000,000
  train   825,000/6,000,000
  train   850,000/6,000,000
  train   875,000/6,000,000
  train   900,000/6,000,000
  train   925,000/6,000,000
  train   950,000/6,000,000
  train   975,000/6,000,000
  train 1,000,000/6,000,000
  train 1,025,000/6,000,000
  train 1,050,000/6,000,000
  train 1,075,000/6,000,000
  train 1,100,000/6,000,000
  train 1,125,000/6,000,000
  train 1,150,000/6,000,000
  train 1,175,000/6,000,000
  train 1,200,000/6,000,000
  train 1,225,000/6,000,000
  train 1,250,000/6,000,000
  train 1,275,000/6,000,000
  train 1,300,000/6,000,000
  train 1,325,000/6,000,000
  train 1,350,000/6,000,000
  train 1,375,000/6,000,000
  train 1,400,000/6,000,000
  train 1,425,000/6,000,000
  train 1,450,000/6,000,000
  train 1,475,000/6,000,000
  train 1,500,000/6,000,000
  train 1,525,000/6,000,000
  train 1,550,000/6,000,000
  train 1,575,000/6,000,000
  train 1,600,000/6,000,000
  train 1,625,000/6,000,000
  train 1,650,000/6,000,000
  train 1,675,000/6,000,000
  train 1,700,000/6,000,000
  train 1,725,000/6,000,000
  train 1,750,000/6,000,000
  train 1,775,000/6,000,000
  train 1,800,000/6,000,000
  train 1,825,000/6,000,000
  train 1,850,000/6,000,000
  train 1,875,000/6,000,000
  train 1,900,000/6,000,000
  train 1,925,000/6,000,000
  train 1,950,000/6,000,000
  train 1,975,000/6,000,000
  train 2,000,000/6,000,000
  train 2,025,000/6,000,000
  train 2,050,000/6,000,000
  train 2,075,000/6,000,000
  train 2,100,000/6,000,000
  train 2,125,000/6,000,000
  train 2,150,000/6,000,000
  train 2,175,000/6,000,000
  train 2,200,000/6,000,000
  train 2,225,000/6,000,000
  train 2,250,000/6,000,000
  train 2,275,000/6,000,000
  train 2,300,000/6,000,000
  train 2,325,000/6,000,000
  train 2,350,000/6,000,000
  train 2,375,000/6,000,000
  train 2,400,000/6,000,000
  train 2,425,000/6,000,000
  train 2,450,000/6,000,000
  train 2,475,000/6,000,000
  train 2,500,000/6,000,000
  train 2,525,000/6,000,000
  train 2,550,000/6,000,000
  train 2,575,000/6,000,000
  train 2,600,000/6,000,000
  train 2,625,000/6,000,000
  train 2,650,000/6,000,000
  train 2,675,000/6,000,000
  train 2,700,000/6,000,000
  train 2,725,000/6,000,000
  train 2,750,000/6,000,000
  train 2,775,000/6,000,000
  train 2,800,000/6,000,000
  train 2,825,000/6,000,000
  train 2,850,000/6,000,000
  train 2,875,000/6,000,000
  train 2,900,000/6,000,000
  train 2,925,000/6,000,000
  train 2,950,000/6,000,000
  train 2,975,000/6,000,000
  train 3,000,000/6,000,000
  train 3,025,000/6,000,000
  train 3,050,000/6,000,000
  train 3,075,000/6,000,000
  train 3,100,000/6,000,000
  train 3,125,000/6,000,000
  train 3,150,000/6,000,000
  train 3,175,000/6,000,000
  train 3,200,000/6,000,000
  train 3,225,000/6,000,000
  train 3,250,000/6,000,000
  train 3,275,000/6,000,000
  train 3,300,000/6,000,000
  train 3,325,000/6,000,000
  train 3,350,000/6,000,000
  train 3,375,000/6,000,000
  train 3,400,000/6,000,000
  train 3,425,000/6,000,000
  train 3,450,000/6,000,000
  train 3,475,000/6,000,000
  train 3,500,000/6,000,000
  train 3,525,000/6,000,000
  train 3,550,000/6,000,000
  train 3,575,000/6,000,000
  train 3,600,000/6,000,000
  train 3,625,000/6,000,000
  train 3,650,000/6,000,000
  train 3,675,000/6,000,000
  train 3,700,000/6,000,000
  train 3,725,000/6,000,000
  train 3,750,000/6,000,000
  train 3,775,000/6,000,000
  train 3,800,000/6,000,000
  train 3,825,000/6,000,000
  train 3,850,000/6,000,000
  train 3,875,000/6,000,000
  train 3,900,000/6,000,000
  train 3,925,000/6,000,000
  train 3,950,000/6,000,000
  train 3,975,000/6,000,000
  train 4,000,000/6,000,000
  train 4,025,000/6,000,000
  train 4,050,000/6,000,000
  train 4,075,000/6,000,000
  train 4,100,000/6,000,000
  train 4,125,000/6,000,000
  train 4,150,000/6,000,000
  train 4,175,000/6,000,000
  train 4,200,000/6,000,000
  train 4,225,000/6,000,000
  train 4,250,000/6,000,000
  train 4,275,000/6,000,000
  train 4,300,000/6,000,000
  train 4,325,000/6,000,000
  train 4,350,000/6,000,000
  train 4,375,000/6,000,000
  train 4,400,000/6,000,000
  train 4,425,000/6,000,000
  train 4,450,000/6,000,000
  train 4,475,000/6,000,000
  train 4,500,000/6,000,000
  train 4,525,000/6,000,000
  train 4,550,000/6,000,000
  train 4,575,000/6,000,000
  train 4,600,000/6,000,000
  train 4,625,000/6,000,000
  train 4,650,000/6,000,000
  train 4,675,000/6,000,000
  train 4,700,000/6,000,000
  train 4,725,000/6,000,000
  train 4,750,000/6,000,000
  train 4,775,000/6,000,000
  train 4,800,000/6,000,000
  train 4,825,000/6,000,000
  train 4,850,000/6,000,000
  train 4,875,000/6,000,000
  train 4,900,000/6,000,000
  train 4,925,000/6,000,000
  train 4,950,000/6,000,000
  train 4,975,000/6,000,000
  train 5,000,000/6,000,000
  train 5,025,000/6,000,000
  train 5,050,000/6,000,000
  train 5,075,000/6,000,000
  train 5,100,000/6,000,000
  train 5,125,000/6,000,000
  train 5,150,000/6,000,000
  train 5,175,000/6,000,000
  train 5,200,000/6,000,000
  train 5,225,000/6,000,000
  train 5,250,000/6,000,000
  train 5,275,000/6,000,000
  train 5,300,000/6,000,000
  train 5,325,000/6,000,000
  train 5,350,000/6,000,000
  train 5,375,000/6,000,000
  train 5,400,000/6,000,000
  train 5,425,000/6,000,000
  train 5,450,000/6,000,000
  train 5,475,000/6,000,000
  train 5,500,000/6,000,000
  train 5,525,000/6,000,000
  train 5,550,000/6,000,000
  train 5,575,000/6,000,000
  train 5,600,000/6,000,000
  train 5,625,000/6,000,000
  train 5,650,000/6,000,000
  train 5,675,000/6,000,000
  train 5,700,000/6,000,000
  train 5,725,000/6,000,000
  train 5,750,000/6,000,000
  train 5,775,000/6,000,000
  train 5,800,000/6,000,000
  train 5,825,000/6,000,000
  train 5,850,000/6,000,000
  train 5,875,000/6,000,000
  train 5,900,000/6,000,000
  train 5,925,000/6,000,000
  train 5,950,000/6,000,000
  train 5,975,000/6,000,000
  train 6,000,000/6,000,000
  train done in 726.6s (12.1 min)
Generating 10,000 test samples (D≤11) …
  test  done in 18.2s
RAM after generation: 18.6 GB

  device: cuda
  parameters: 72,296
  step   1000  loss=0.21506  exact=0.1261  pairwise=0.9568
  step   2000  loss=0.10966  exact=0.3378  pairwise=0.9651
  step   3000  loss=0.08752  exact=0.5514  pairwise=0.9713
  step   4000  loss=0.07530  exact=0.4521  pairwise=0.9713
  step   5000  loss=0.06786  exact=0.5798  pairwise=0.9764
  step   6000  loss=0.06417  exact=0.5685  pairwise=0.9772
  step   7000  loss=0.06105  exact=0.5881  pairwise=0.9787
  step   8000  loss=0.05812  exact=0.6150  pairwise=0.9796
  step   9000  loss=0.05699  exact=0.6730  pairwise=0.9800
  step  10000  loss=0.05355  exact=0.6381  pairwise=0.9804
  step  11000  loss=0.05342  exact=0.5328  pairwise=0.9782
  step  12000  loss=0.05176  exact=0.6035  pairwise=0.9815
  step  13000  loss=0.05011  exact=0.7000  pairwise=0.9816
  step  14000  loss=0.04925  exact=0.6770  pairwise=0.9821
  step  15000  loss=0.04849  exact=0.6403  pairwise=0.9821
  step  16000  loss=0.04742  exact=0.6361  pairwise=0.9828
  step  17000  loss=0.04715  exact=0.6740  pairwise=0.9832
  step  18000  loss=0.04590  exact=0.7271  pairwise=0.9831
  step  19000  loss=0.04513  exact=0.6951  pairwise=0.9836
  step  20000  loss=0.04491  exact=0.6787  pairwise=0.9840
  step  21000  loss=0.04455  exact=0.6747  pairwise=0.9839
  step  22000  loss=0.04374  exact=0.6985  pairwise=0.9838
  step  23000  loss=0.04358  exact=0.6677  pairwise=0.9840
  step  24000  loss=0.04265  exact=0.6835  pairwise=0.9845
  step  25000  loss=0.04202  exact=0.6383  pairwise=0.9837
  step  26000  loss=0.04154  exact=0.7034  pairwise=0.9848
  step  27000  loss=0.04147  exact=0.6757  pairwise=0.9851
  step  28000  loss=0.04080  exact=0.6750  pairwise=0.9847
  step  29000  loss=0.03999  exact=0.7312  pairwise=0.9848
  step  30000  loss=0.03957  exact=0.7112  pairwise=0.9854
  step  31000  loss=0.03925  exact=0.7095  pairwise=0.9847
  step  32000  loss=0.03870  exact=0.7319  pairwise=0.9860
  step  33000  loss=0.03867  exact=0.6905  pairwise=0.9852
  step  34000  loss=0.03772  exact=0.6953  pairwise=0.9861
  step  35000  loss=0.03749  exact=0.7299  pairwise=0.9856
  step  36000  loss=0.03710  exact=0.6968  pairwise=0.9863
  step  37000  loss=0.03692  exact=0.7266  pairwise=0.9864
  step  38000  loss=0.03664  exact=0.6336  pairwise=0.9857
  step  39000  loss=0.03614  exact=0.7216  pairwise=0.9862
  step  40000  loss=0.03571  exact=0.7194  pairwise=0.9858
  step  41000  loss=0.03541  exact=0.7064  pairwise=0.9872
  step  42000  loss=0.03527  exact=0.7277  pairwise=0.9871
  step  43000  loss=0.03515  exact=0.6744  pairwise=0.9870
  step  44000  loss=0.03447  exact=0.6837  pairwise=0.9866
  step  45000  loss=0.03455  exact=0.7239  pairwise=0.9871
  step  46000  loss=0.03409  exact=0.7114  pairwise=0.9872
  step  47000  loss=0.03352  exact=0.7263  pairwise=0.9871
  step  48000  loss=0.03373  exact=0.7338  pairwise=0.9875
  step  49000  loss=0.03240  exact=0.7162  pairwise=0.9878
  step  50000  loss=0.03280  exact=0.7181  pairwise=0.9881
  step  51000  loss=0.03243  exact=0.7403  pairwise=0.9876
  step  52000  loss=0.03221  exact=0.7484  pairwise=0.9882
  step  53000  loss=0.03218  exact=0.7328  pairwise=0.9879
  step  54000  loss=0.03154  exact=0.7446  pairwise=0.9883
  step  55000  loss=0.03145  exact=0.7664  pairwise=0.9876
  step  56000  loss=0.03135  exact=0.7552  pairwise=0.9885
  step  57000  loss=0.03116  exact=0.7202  pairwise=0.9883
  step  58000  loss=0.03088  exact=0.7529  pairwise=0.9886
  step  59000  loss=0.03017  exact=0.7521  pairwise=0.9879
  step  60000  loss=0.03024  exact=0.7372  pairwise=0.9884
  step  61000  loss=0.03013  exact=0.7582  pairwise=0.9887
  step  62000  loss=0.03009  exact=0.7417  pairwise=0.9896
  step  63000  loss=0.02966  exact=0.7320  pairwise=0.9884
  step  64000  loss=0.02926  exact=0.7267  pairwise=0.9888
  step  65000  loss=0.02936  exact=0.7528  pairwise=0.9885
  step  66000  loss=0.02922  exact=0.7292  pairwise=0.9892
  step  67000  loss=0.02918  exact=0.7069  pairwise=0.9891
  step  68000  loss=0.02871  exact=0.7227  pairwise=0.9890
  step  69000  loss=0.02848  exact=0.7409  pairwise=0.9891
  step  70000  loss=0.02890  exact=0.7162  pairwise=0.9895
  step  71000  loss=0.02784  exact=0.7566  pairwise=0.9892
  step  72000  loss=0.02810  exact=0.7486  pairwise=0.9894
  step  73000  loss=0.02785  exact=0.7331  pairwise=0.9897
  step  74000  loss=0.02784  exact=0.7290  pairwise=0.9892
  step  75000  loss=0.02806  exact=0.7304  pairwise=0.9894
  step  76000  loss=0.02758  exact=0.7562  pairwise=0.9894
  step  77000  loss=0.02746  exact=0.6880  pairwise=0.9896
  step  78000  loss=0.02768  exact=0.7431  pairwise=0.9902
  step  79000  loss=0.02710  exact=0.7300  pairwise=0.9900
  step  80000  loss=0.02692  exact=0.7449  pairwise=0.9897
  step  81000  loss=0.02743  exact=0.7331  pairwise=0.9899
  step  82000  loss=0.02680  exact=0.7449  pairwise=0.9904
  step  83000  loss=0.02672  exact=0.7600  pairwise=0.9902
  step  84000  loss=0.02707  exact=0.7413  pairwise=0.9901
  step  85000  loss=0.02657  exact=0.7469  pairwise=0.9904
  step  86000  loss=0.02621  exact=0.7642  pairwise=0.9904
  step  87000  loss=0.02646  exact=0.7248  pairwise=0.9899
  step  88000  loss=0.02619  exact=0.7832  pairwise=0.9901
  step  89000  loss=0.02581  exact=0.7380  pairwise=0.9905
  step  90000  loss=0.02599  exact=0.7034  pairwise=0.9897
  step  91000  loss=0.02611  exact=0.7744  pairwise=0.9901
  step  92000  loss=0.02596  exact=0.7561  pairwise=0.9904
  step  93000  loss=0.02553  exact=0.7714  pairwise=0.9908
  step  94000  loss=0.02555  exact=0.7603  pairwise=0.9904
  step  95000  loss=0.02565  exact=0.7382  pairwise=0.9907
  step  96000  loss=0.02545  exact=0.7653  pairwise=0.9905
  step  97000  loss=0.02544  exact=0.7597  pairwise=0.9907
  step  98000  loss=0.02559  exact=0.7701  pairwise=0.9905
  step  99000  loss=0.02562  exact=0.7207  pairwise=0.9901
  step 100000  loss=0.02553  exact=0.7575  pairwise=0.9905
  step 101000  loss=0.02513  exact=0.7644  pairwise=0.9908
  step 102000  loss=0.02508  exact=0.7932  pairwise=0.9885
  step 103000  loss=0.02516  exact=0.7731  pairwise=0.9910
  step 104000  loss=0.02463  exact=0.7613  pairwise=0.9914
  step 105000  loss=0.02498  exact=0.7443  pairwise=0.9910
  step 106000  loss=0.02509  exact=0.7794  pairwise=0.9905
  step 107000  loss=0.02500  exact=0.7727  pairwise=0.9902
  step 108000  loss=0.02455  exact=0.7707  pairwise=0.9907
  step 109000  loss=0.02495  exact=0.7647  pairwise=0.9901
  step 110000  loss=0.02531  exact=0.7544  pairwise=0.9909
  step 111000  loss=0.02445  exact=0.7819  pairwise=0.9909
  step 112000  loss=0.02458  exact=0.7661  pairwise=0.9912
  step 113000  loss=0.02417  exact=0.7580  pairwise=0.9910
  step 114000  loss=0.02432  exact=0.7207  pairwise=0.9909
  step 115000  loss=0.02453  exact=0.6915  pairwise=0.9896
  step 116000  loss=0.02419  exact=0.7362  pairwise=0.9909
  step 117000  loss=0.02420  exact=0.7311  pairwise=0.9909
  step 118000  loss=0.02409  exact=0.7407  pairwise=0.9910
  step 119000  loss=0.02428  exact=0.7558  pairwise=0.9905
  step 120000  loss=0.02417  exact=0.7771  pairwise=0.9906
  step 121000  loss=0.02385  exact=0.7781  pairwise=0.9905
  step 122000  loss=0.02428  exact=0.7627  pairwise=0.9913
  step 123000  loss=0.02413  exact=0.7408  pairwise=0.9913
  step 124000  loss=0.02389  exact=0.7577  pairwise=0.9910
  step 125000  loss=0.02401  exact=0.7623  pairwise=0.9915
  step 126000  loss=0.02351  exact=0.7564  pairwise=0.9903
  step 127000  loss=0.02377  exact=0.7721  pairwise=0.9912
  step 128000  loss=0.02337  exact=0.7644  pairwise=0.9910
  step 129000  loss=0.02500  exact=0.7576  pairwise=0.9915
  step 130000  loss=0.02366  exact=0.7262  pairwise=0.9908
  step 131000  loss=0.02364  exact=0.7454  pairwise=0.9910
  step 132000  loss=0.02353  exact=0.7532  pairwise=0.9909
  step 133000  loss=0.02362  exact=0.7672  pairwise=0.9913
  step 134000  loss=0.02342  exact=0.7746  pairwise=0.9915
  step 135000  loss=0.02364  exact=0.7791  pairwise=0.9912
  step 136000  loss=0.02315  exact=0.7603  pairwise=0.9917
  step 137000  loss=0.02337  exact=0.7713  pairwise=0.9917
  step 138000  loss=0.02351  exact=0.7663  pairwise=0.9916
  step 139000  loss=0.02378  exact=0.7348  pairwise=0.9913
  step 140000  loss=0.02342  exact=0.7457  pairwise=0.9912
  step 141000  loss=0.02315  exact=0.7754  pairwise=0.9919
  step 142000  loss=0.02318  exact=0.7170  pairwise=0.9909
  step 143000  loss=0.02332  exact=0.7425  pairwise=0.9913
  step 144000  loss=0.02372  exact=0.7558  pairwise=0.9913
  step 145000  loss=0.02328  exact=0.7551  pairwise=0.9916
  step 146000  loss=0.02300  exact=0.7834  pairwise=0.9910
  step 147000  loss=0.02321  exact=0.7445  pairwise=0.9910
  step 148000  loss=0.02308  exact=0.7361  pairwise=0.9913
  step 149000  loss=0.02352  exact=0.7297  pairwise=0.9914
  step 150000  loss=0.02292  exact=0.7348  pairwise=0.9913
  step 151000  loss=0.02276  exact=0.7472  pairwise=0.9916
  step 152000  loss=0.02271  exact=0.7388  pairwise=0.9916
  step 153000  loss=0.02311  exact=0.7590  pairwise=0.9917
  step 154000  loss=0.02300  exact=0.7630  pairwise=0.9919
  step 155000  loss=0.02260  exact=0.7558  pairwise=0.9917
  step 156000  loss=0.02271  exact=0.7708  pairwise=0.9920
  step 157000  loss=0.02307  exact=0.7753  pairwise=0.9909
  step 158000  loss=0.02306  exact=0.7648  pairwise=0.9915
  step 159000  loss=0.02284  exact=0.7600  pairwise=0.9920
  step 160000  loss=0.02245  exact=0.7643  pairwise=0.9916
  step 161000  loss=0.02311  exact=0.7718  pairwise=0.9912
  step 162000  loss=0.02289  exact=0.7845  pairwise=0.9916
  step 163000  loss=0.02266  exact=0.7243  pairwise=0.9916
  step 164000  loss=0.02261  exact=0.7401  pairwise=0.9919
  step 165000  loss=0.02266  exact=0.7874  pairwise=0.9911
  step 166000  loss=0.02284  exact=0.7513  pairwise=0.9915
  step 167000  loss=0.02263  exact=0.7507  pairwise=0.9918
  step 168000  loss=0.02261  exact=0.7736  pairwise=0.9913
  step 169000  loss=0.02258  exact=0.7682  pairwise=0.9918
  step 170000  loss=0.02268  exact=0.7386  pairwise=0.9917
  step 171000  loss=0.02250  exact=0.7342  pairwise=0.9916
  step 172000  loss=0.02276  exact=0.7944  pairwise=0.9915
  step 173000  loss=0.02263  exact=0.7739  pairwise=0.9915
  step 174000  loss=0.02234  exact=0.7767  pairwise=0.9915
  step 175000  loss=0.02255  exact=0.7685  pairwise=0.9918
  step 176000  loss=0.02257  exact=0.7552  pairwise=0.9923
  step 177000  loss=0.02303  exact=0.7411  pairwise=0.9914
  step 178000  loss=0.02226  exact=0.7496  pairwise=0.9915
  step 179000  loss=0.02251  exact=0.7479  pairwise=0.9916
  step 180000  loss=0.02201  exact=0.7669  pairwise=0.9918
  step 181000  loss=0.02285  exact=0.7454  pairwise=0.9915
  step 182000  loss=0.02213  exact=0.7695  pairwise=0.9918
  step 183000  loss=0.02240  exact=0.7363  pairwise=0.9916
  step 184000  loss=0.02230  exact=0.7667  pairwise=0.9920
  step 185000  loss=0.02249  exact=0.7533  pairwise=0.9918
  step 186000  loss=0.02223  exact=0.7331  pairwise=0.9920
  step 187000  loss=0.02218  exact=0.7817  pairwise=0.9921
  step 188000  loss=0.02250  exact=0.7738  pairwise=0.9924
  step 189000  loss=0.02192  exact=0.7863  pairwise=0.9913
  step 190000  loss=0.02215  exact=0.7510  pairwise=0.9921
  step 191000  loss=0.02202  exact=0.7549  pairwise=0.9923
  step 192000  loss=0.02188  exact=0.7766  pairwise=0.9920
  step 193000  loss=0.02263  exact=0.7874  pairwise=0.9917
  step 194000  loss=0.02236  exact=0.8054  pairwise=0.9914
  step 195000  loss=0.02177  exact=0.7564  pairwise=0.9920
  step 196000  loss=0.02204  exact=0.7379  pairwise=0.9921
  step 197000  loss=0.02198  exact=0.7471  pairwise=0.9917
  step 198000  loss=0.02198  exact=0.7559  pairwise=0.9919
  step 199000  loss=0.02198  exact=0.7991  pairwise=0.9917
  step 200000  loss=0.02206  exact=0.7713  pairwise=0.9918
  step 201000  loss=0.02171  exact=0.7059  pairwise=0.9910
  step 202000  loss=0.02208  exact=0.7802  pairwise=0.9919
  step 203000  loss=0.02199  exact=0.7822  pairwise=0.9920
  step 204000  loss=0.02217  exact=0.7784  pairwise=0.9915
  step 205000  loss=0.02247  exact=0.7503  pairwise=0.9920
  step 206000  loss=0.02168  exact=0.7690  pairwise=0.9915
  step 207000  loss=0.02185  exact=0.7722  pairwise=0.9911
  step 208000  loss=0.02156  exact=0.7649  pairwise=0.9926
  step 209000  loss=0.02185  exact=0.7810  pairwise=0.9918
  step 210000  loss=0.02190  exact=0.7799  pairwise=0.9917
  step 211000  loss=0.02235  exact=0.7405  pairwise=0.9922
  step 212000  loss=0.02154  exact=0.7380  pairwise=0.9915
  step 213000  loss=0.02177  exact=0.6914  pairwise=0.9916
  step 214000  loss=0.02185  exact=0.7818  pairwise=0.9923
  step 215000  loss=0.02178  exact=0.7591  pairwise=0.9920
  step 216000  loss=0.02155  exact=0.7718  pairwise=0.9921
  step 217000  loss=0.02210  exact=0.7808  pairwise=0.9914
  step 218000  loss=0.02141  exact=0.7763  pairwise=0.9924
  step 219000  loss=0.02149  exact=0.7781  pairwise=0.9922
  step 220000  loss=0.02151  exact=0.7641  pairwise=0.9917
  step 221000  loss=0.02187  exact=0.7458  pairwise=0.9924
  step 222000  loss=0.02158  exact=0.7495  pairwise=0.9922
  step 223000  loss=0.02168  exact=0.7563  pairwise=0.9921
  step 224000  loss=0.02115  exact=0.7557  pairwise=0.9921
  step 225000  loss=0.02124  exact=0.7489  pairwise=0.9917
  step 226000  loss=0.02206  exact=0.7579  pairwise=0.9925
  step 227000  loss=0.02162  exact=0.7769  pairwise=0.9921
  step 228000  loss=0.02153  exact=0.7676  pairwise=0.9915
  step 229000  loss=0.02159  exact=0.7402  pairwise=0.9923
  step 230000  loss=0.02147  exact=0.7382  pairwise=0.9918
  step 231000  loss=0.02144  exact=0.7508  pairwise=0.9919
  step 232000  loss=0.02136  exact=0.7479  pairwise=0.9923
  step 233000  loss=0.02163  exact=0.7954  pairwise=0.9915
  step 234000  loss=0.02146  exact=0.7602  pairwise=0.9924
  step 235000  loss=0.02130  exact=0.7256  pairwise=0.9922
  step 236000  loss=0.02135  exact=0.7754  pairwise=0.9920
  step 237000  loss=0.02132  exact=0.7460  pairwise=0.9922
  step 238000  loss=0.02121  exact=0.7612  pairwise=0.9917
  step 239000  loss=0.02130  exact=0.7494  pairwise=0.9926
  step 240000  loss=0.02104  exact=0.7421  pairwise=0.9918
  step 241000  loss=0.02119  exact=0.7387  pairwise=0.9920
  step 242000  loss=0.02150  exact=0.7619  pairwise=0.9925
  step 243000  loss=0.02117  exact=0.7330  pairwise=0.9918
  step 244000  loss=0.02156  exact=0.7342  pairwise=0.9921
  step 245000  loss=0.02130  exact=0.7466  pairwise=0.9925
  step 246000  loss=0.02115  exact=0.7189  pairwise=0.9921
  step 247000  loss=0.02160  exact=0.7585  pairwise=0.9923
  step 248000  loss=0.02093  exact=0.7590  pairwise=0.9924
  step 249000  loss=0.02087  exact=0.7738  pairwise=0.9923
  step 250000  loss=0.02107  exact=0.7482  pairwise=0.9924
  step 251000  loss=0.02098  exact=0.7563  pairwise=0.9920
  step 252000  loss=0.02128  exact=0.7837  pairwise=0.9917
  step 253000  loss=0.02146  exact=0.7359  pairwise=0.9922
  step 254000  loss=0.02104  exact=0.7633  pairwise=0.9923
  step 255000  loss=0.02105  exact=0.7431  pairwise=0.9920
  step 256000  loss=0.02119  exact=0.7651  pairwise=0.9926
  step 257000  loss=0.02083  exact=0.7322  pairwise=0.9927
  step 258000  loss=0.02088  exact=0.7511  pairwise=0.9924
  step 259000  loss=0.02082  exact=0.7723  pairwise=0.9923
  step 260000  loss=0.02094  exact=0.7638  pairwise=0.9924
  step 261000  loss=0.02081  exact=0.7663  pairwise=0.9923
  step 262000  loss=0.02110  exact=0.7870  pairwise=0.9919
  step 263000  loss=0.02073  exact=0.7318  pairwise=0.9923
  step 264000  loss=0.02093  exact=0.7248  pairwise=0.9929
  step 265000  loss=0.02079  exact=0.7684  pairwise=0.9922
  step 266000  loss=0.02136  exact=0.7699  pairwise=0.9928
  step 267000  loss=0.02096  exact=0.7349  pairwise=0.9925
  step 268000  loss=0.02117  exact=0.7538  pairwise=0.9923
  step 269000  loss=0.02076  exact=0.7527  pairwise=0.9922
  step 270000  loss=0.02074  exact=0.7784  pairwise=0.9924
  step 271000  loss=0.02073  exact=0.6988  pairwise=0.9915
  step 272000  loss=0.02086  exact=0.7703  pairwise=0.9927
  step 273000  loss=0.02056  exact=0.7704  pairwise=0.9925
  step 274000  loss=0.02050  exact=0.7784  pairwise=0.9928
  step 275000  loss=0.02102  exact=0.7944  pairwise=0.9913
  step 276000  loss=0.02094  exact=0.7567  pairwise=0.9927
  step 277000  loss=0.02063  exact=0.7470  pairwise=0.9927
  step 278000  loss=0.02084  exact=0.7558  pairwise=0.9930
  step 279000  loss=0.02064  exact=0.7201  pairwise=0.9925
  step 280000  loss=0.02078  exact=0.7365  pairwise=0.9925
  step 281000  loss=0.02056  exact=0.7749  pairwise=0.9917
  step 282000  loss=0.02059  exact=0.7685  pairwise=0.9922
  step 283000  loss=0.02066  exact=0.7614  pairwise=0.9926
  step 284000  loss=0.02071  exact=0.7384  pairwise=0.9925
  step 285000  loss=0.02045  exact=0.7615  pairwise=0.9923
  step 286000  loss=0.02063  exact=0.7693  pairwise=0.9917
  step 287000  loss=0.02071  exact=0.7554  pairwise=0.9928
  step 288000  loss=0.02071  exact=0.7629  pairwise=0.9925
  step 289000  loss=0.02041  exact=0.7381  pairwise=0.9927
  step 290000  loss=0.02051  exact=0.7692  pairwise=0.9924
  step 291000  loss=0.02078  exact=0.7555  pairwise=0.9931
  step 292000  loss=0.02030  exact=0.7459  pairwise=0.9923
  step 293000  loss=0.02055  exact=0.7806  pairwise=0.9928
  step 294000  loss=0.02035  exact=0.7336  pairwise=0.9928
  step 295000  loss=0.02088  exact=0.7540  pairwise=0.9927
  step 296000  loss=0.02070  exact=0.7478  pairwise=0.9926
  step 297000  loss=0.02062  exact=0.7779  pairwise=0.9925
  step 298000  loss=0.02025  exact=0.7534  pairwise=0.9928
  step 299000  loss=0.02028  exact=0.7858  pairwise=0.9918
  step 300000  loss=0.02050  exact=0.7637  pairwise=0.9924
  step 301000  loss=0.02058  exact=0.7642  pairwise=0.9930
  step 302000  loss=0.02034  exact=0.7722  pairwise=0.9920
  step 303000  loss=0.02046  exact=0.7825  pairwise=0.9919
  step 304000  loss=0.02062  exact=0.7750  pairwise=0.9927
  step 305000  loss=0.02025  exact=0.7242  pairwise=0.9920
  step 306000  loss=0.02064  exact=0.7692  pairwise=0.9927
  step 307000  loss=0.02026  exact=0.7515  pairwise=0.9926
  step 308000  loss=0.02060  exact=0.7650  pairwise=0.9929
  step 309000  loss=0.02023  exact=0.7231  pairwise=0.9924
  step 310000  loss=0.02025  exact=0.7506  pairwise=0.9924
  step 311000  loss=0.02050  exact=0.7678  pairwise=0.9931
  step 312000  loss=0.02009  exact=0.7315  pairwise=0.9929
  step 313000  loss=0.02033  exact=0.7445  pairwise=0.9927
  step 314000  loss=0.02050  exact=0.7578  pairwise=0.9927
  step 315000  loss=0.02070  exact=0.7619  pairwise=0.9920
  step 316000  loss=0.02022  exact=0.7827  pairwise=0.9918
  step 317000  loss=0.02024  exact=0.7415  pairwise=0.9930
  step 318000  loss=0.02006  exact=0.7582  pairwise=0.9921
  step 319000  loss=0.02029  exact=0.7858  pairwise=0.9922
  step 320000  loss=0.02022  exact=0.7735  pairwise=0.9919
  step 321000  loss=0.01982  exact=0.7611  pairwise=0.9927
  step 322000  loss=0.02042  exact=0.7722  pairwise=0.9927
  step 323000  loss=0.02045  exact=0.7648  pairwise=0.9928
  step 324000  loss=0.02029  exact=0.7158  pairwise=0.9926
  step 325000  loss=0.02024  exact=0.7576  pairwise=0.9927
  step 326000  loss=0.02051  exact=0.7421  pairwise=0.9928
  step 327000  loss=0.01957  exact=0.7332  pairwise=0.9928
  step 328000  loss=0.01998  exact=0.7425  pairwise=0.9926
  step 329000  loss=0.02015  exact=0.7691  pairwise=0.9922
  step 330000  loss=0.02046  exact=0.7678  pairwise=0.9925
  step 331000  loss=0.02021  exact=0.7457  pairwise=0.9926
  step 332000  loss=0.02034  exact=0.7556  pairwise=0.9927
  step 333000  loss=0.02001  exact=0.7803  pairwise=0.9927
  step 334000  loss=0.02024  exact=0.7570  pairwise=0.9931
  step 335000  loss=0.02011  exact=0.7538  pairwise=0.9927
  step 336000  loss=0.01997  exact=0.7741  pairwise=0.9927
  step 337000  loss=0.01998  exact=0.7633  pairwise=0.9925
  step 338000  loss=0.02008  exact=0.7004  pairwise=0.9917
  step 339000  loss=0.01999  exact=0.7423  pairwise=0.9924
  step 340000  loss=0.02025  exact=0.7371  pairwise=0.9928
  step 341000  loss=0.01999  exact=0.7843  pairwise=0.9925
  step 342000  loss=0.02029  exact=0.7511  pairwise=0.9926
  step 343000  loss=0.02021  exact=0.7222  pairwise=0.9929
  step 344000  loss=0.01993  exact=0.7394  pairwise=0.9927
  step 345000  loss=0.01992  exact=0.7174  pairwise=0.9928
  step 346000  loss=0.01998  exact=0.7511  pairwise=0.9927
  step 347000  loss=0.01988  exact=0.7238  pairwise=0.9926
  step 348000  loss=0.02025  exact=0.7511  pairwise=0.9929
  step 349000  loss=0.01999  exact=0.7625  pairwise=0.9926
  step 350000  loss=0.01999  exact=0.7604  pairwise=0.9930
  step 351000  loss=0.02039  exact=0.7495  pairwise=0.9927
  step 352000  loss=0.01981  exact=0.7581  pairwise=0.9928
  step 353000  loss=0.01998  exact=0.7416  pairwise=0.9932
  step 354000  loss=0.01976  exact=0.7687  pairwise=0.9930
  step 355000  loss=0.01997  exact=0.7220  pairwise=0.9918
  step 356000  loss=0.02014  exact=0.7218  pairwise=0.9928
  step 357000  loss=0.01978  exact=0.7772  pairwise=0.9921
  step 358000  loss=0.02004  exact=0.7537  pairwise=0.9927
  step 359000  loss=0.01993  exact=0.7259  pairwise=0.9925
  step 360000  loss=0.02015  exact=0.7807  pairwise=0.9929
  step 361000  loss=0.01990  exact=0.7567  pairwise=0.9930
  step 362000  loss=0.02010  exact=0.7835  pairwise=0.9926
  step 363000  loss=0.01975  exact=0.7616  pairwise=0.9924
  step 364000  loss=0.01995  exact=0.7632  pairwise=0.9930
  step 365000  loss=0.01995  exact=0.7674  pairwise=0.9931
  step 366000  loss=0.01970  exact=0.7994  pairwise=0.9925
  step 367000  loss=0.01982  exact=0.7557  pairwise=0.9926
  step 368000  loss=0.01990  exact=0.7724  pairwise=0.9925
  step 369000  loss=0.02008  exact=0.7601  pairwise=0.9928
  step 370000  loss=0.02005  exact=0.7766  pairwise=0.9927
  step 371000  loss=0.01985  exact=0.7409  pairwise=0.9929
  step 372000  loss=0.01968  exact=0.7833  pairwise=0.9930
  step 373000  loss=0.01995  exact=0.7574  pairwise=0.9927
  step 374000  loss=0.02003  exact=0.7616  pairwise=0.9927
  step 375000  loss=0.01997  exact=0.7567  pairwise=0.9931
  step 376000  loss=0.01987  exact=0.7414  pairwise=0.9931
  step 377000  loss=0.01981  exact=0.7427  pairwise=0.9931
  step 378000  loss=0.02011  exact=0.7517  pairwise=0.9928
  step 379000  loss=0.01980  exact=0.7235  pairwise=0.9928
  step 380000  loss=0.01980  exact=0.7486  pairwise=0.9928
  step 381000  loss=0.01974  exact=0.7640  pairwise=0.9930
  step 382000  loss=0.01954  exact=0.7587  pairwise=0.9924
  step 383000  loss=0.02007  exact=0.7945  pairwise=0.9927
  step 384000  loss=0.01985  exact=0.7908  pairwise=0.9924
  step 385000  loss=0.01994  exact=0.7802  pairwise=0.9916
  step 386000  loss=0.01979  exact=0.7736  pairwise=0.9930
  step 387000  loss=0.02012  exact=0.7822  pairwise=0.9929
  step 388000  loss=0.01972  exact=0.7803  pairwise=0.9930
  step 389000  loss=0.01974  exact=0.7888  pairwise=0.9928
  step 390000  loss=0.01969  exact=0.7529  pairwise=0.9931
  step 391000  loss=0.01998  exact=0.7886  pairwise=0.9927
  step 392000  loss=0.01970  exact=0.7634  pairwise=0.9929
  step 393000  loss=0.01980  exact=0.7878  pairwise=0.9920
  step 394000  loss=0.01977  exact=0.7410  pairwise=0.9927
  step 395000  loss=0.01968  exact=0.7659  pairwise=0.9928
  step 396000  loss=0.01977  exact=0.7424  pairwise=0.9928
  step 397000  loss=0.01968  exact=0.7217  pairwise=0.9917
  step 398000  loss=0.01945  exact=0.7678  pairwise=0.9930
  step 399000  loss=0.02004  exact=0.7717  pairwise=0.9931
  step 400000  loss=0.01979  exact=0.7371  pairwise=0.9931
  step 401000  loss=0.01969  exact=0.7466  pairwise=0.9928
  step 402000  loss=0.01974  exact=0.7493  pairwise=0.9927
  step 403000  loss=0.01953  exact=0.7388  pairwise=0.9927
  step 404000  loss=0.01992  exact=0.7620  pairwise=0.9932
  step 405000  loss=0.01940  exact=0.7496  pairwise=0.9927
  step 406000  loss=0.01993  exact=0.7488  pairwise=0.9921
  step 407000  loss=0.01954  exact=0.7537  pairwise=0.9926
  step 408000  loss=0.01963  exact=0.7609  pairwise=0.9929
  step 409000  loss=0.01970  exact=0.7714  pairwise=0.9932
  step 410000  loss=0.01968  exact=0.7341  pairwise=0.9922
  step 411000  loss=0.01978  exact=0.7481  pairwise=0.9929
  step 412000  loss=0.01981  exact=0.7646  pairwise=0.9926
  step 413000  loss=0.01956  exact=0.7685  pairwise=0.9930
  step 414000  loss=0.01971  exact=0.7476  pairwise=0.9924
  step 415000  loss=0.01977  exact=0.7839  pairwise=0.9927
  step 416000  loss=0.01962  exact=0.7814  pairwise=0.9929
  step 417000  loss=0.01939  exact=0.6977  pairwise=0.9920
  step 418000  loss=0.01970  exact=0.7600  pairwise=0.9931
  step 419000  loss=0.01994  exact=0.7621  pairwise=0.9932
  step 420000  loss=0.01962  exact=0.7857  pairwise=0.9923
  step 421000  loss=0.01957  exact=0.7864  pairwise=0.9928
  step 422000  loss=0.01961  exact=0.7732  pairwise=0.9932
  step 423000  loss=0.01954  exact=0.7594  pairwise=0.9924
  step 424000  loss=0.01967  exact=0.7829  pairwise=0.9928
  step 425000  loss=0.01985  exact=0.7654  pairwise=0.9925
  step 426000  loss=0.01980  exact=0.7712  pairwise=0.9931
  step 427000  loss=0.01956  exact=0.7677  pairwise=0.9928
  step 428000  loss=0.01951  exact=0.7474  pairwise=0.9930
  step 429000  loss=0.01973  exact=0.6950  pairwise=0.9919
  step 430000  loss=0.01993  exact=0.7718  pairwise=0.9934
  step 431000  loss=0.01954  exact=0.7709  pairwise=0.9924
  step 432000  loss=0.01957  exact=0.7630  pairwise=0.9930
  step 433000  loss=0.01946  exact=0.7846  pairwise=0.9929
  step 434000  loss=0.01962  exact=0.7450  pairwise=0.9928
  step 435000  loss=0.01957  exact=0.7763  pairwise=0.9919
  step 436000  loss=0.01980  exact=0.7495  pairwise=0.9930
  step 437000  loss=0.01933  exact=0.7738  pairwise=0.9930
  step 438000  loss=0.01946  exact=0.7573  pairwise=0.9924
  step 439000  loss=0.01973  exact=0.7549  pairwise=0.9932
  step 440000  loss=0.01936  exact=0.7697  pairwise=0.9930
  step 441000  loss=0.01933  exact=0.7537  pairwise=0.9927
  step 442000  loss=0.01963  exact=0.7223  pairwise=0.9929
  step 443000  loss=0.01949  exact=0.7276  pairwise=0.9930
  step 444000  loss=0.01966  exact=0.7837  pairwise=0.9928
  step 445000  loss=0.01948  exact=0.7777  pairwise=0.9931
  step 446000  loss=0.01953  exact=0.7373  pairwise=0.9928
  step 447000  loss=0.01918  exact=0.7729  pairwise=0.9930
  step 448000  loss=0.01981  exact=0.7990  pairwise=0.9927
  step 449000  loss=0.01948  exact=0.7585  pairwise=0.9929
  step 450000  loss=0.01965  exact=0.7645  pairwise=0.9927
  step 451000  loss=0.01958  exact=0.7818  pairwise=0.9929
  step 452000  loss=0.01930  exact=0.7637  pairwise=0.9931
  step 453000  loss=0.01943  exact=0.7780  pairwise=0.9930
  step 454000  loss=0.01948  exact=0.7378  pairwise=0.9927
  step 455000  loss=0.01930  exact=0.7501  pairwise=0.9930
  step 456000  loss=0.01944  exact=0.7271  pairwise=0.9925
  step 457000  loss=0.01936  exact=0.7921  pairwise=0.9929
  step 458000  loss=0.01936  exact=0.7601  pairwise=0.9927
  step 459000  loss=0.01953  exact=0.7693  pairwise=0.9925
  step 460000  loss=0.01953  exact=0.7896  pairwise=0.9932
  step 461000  loss=0.01942  exact=0.7674  pairwise=0.9928
  step 462000  loss=0.01953  exact=0.7514  pairwise=0.9929
  step 463000  loss=0.01935  exact=0.7348  pairwise=0.9933
  step 464000  loss=0.01951  exact=0.7953  pairwise=0.9926
  step 465000  loss=0.01964  exact=0.7877  pairwise=0.9931
  step 466000  loss=0.01966  exact=0.7803  pairwise=0.9929
  step 467000  loss=0.01937  exact=0.7593  pairwise=0.9927
  step 468000  loss=0.01912  exact=0.7448  pairwise=0.9931
  step 469000  loss=0.01951  exact=0.7478  pairwise=0.9932
  step 470000  loss=0.01933  exact=0.7535  pairwise=0.9932
  step 471000  loss=0.01936  exact=0.7714  pairwise=0.9929
  step 472000  loss=0.01961  exact=0.7428  pairwise=0.9931
  step 473000  loss=0.01946  exact=0.7537  pairwise=0.9930
  step 474000  loss=0.01931  exact=0.7727  pairwise=0.9916
  step 475000  loss=0.01961  exact=0.7728  pairwise=0.9934
  step 476000  loss=0.01967  exact=0.7348  pairwise=0.9932
  step 477000  loss=0.01951  exact=0.7621  pairwise=0.9929
  step 478000  loss=0.01938  exact=0.7559  pairwise=0.9929
  step 479000  loss=0.01945  exact=0.7590  pairwise=0.9932
  step 480000  loss=0.01932  exact=0.7580  pairwise=0.9927
  step 481000  loss=0.01936  exact=0.7437  pairwise=0.9930
  step 482000  loss=0.01941  exact=0.7640  pairwise=0.9927
  step 483000  loss=0.01912  exact=0.7491  pairwise=0.9927
  step 484000  loss=0.01947  exact=0.7864  pairwise=0.9929
  step 485000  loss=0.01954  exact=0.7838  pairwise=0.9927
  step 486000  loss=0.01932  exact=0.7696  pairwise=0.9930
  step 487000  loss=0.01943  exact=0.8076  pairwise=0.9932
  step 488000  loss=0.01939  exact=0.7245  pairwise=0.9932
  step 489000  loss=0.01967  exact=0.7455  pairwise=0.9930
  step 490000  loss=0.01960  exact=0.7441  pairwise=0.9923
  step 491000  loss=0.01918  exact=0.7233  pairwise=0.9930
  step 492000  loss=0.01921  exact=0.7808  pairwise=0.9926
  step 493000  loss=0.01926  exact=0.7208  pairwise=0.9928
  step 494000  loss=0.01945  exact=0.7743  pairwise=0.9925
  step 495000  loss=0.01932  exact=0.7811  pairwise=0.9924
  step 496000  loss=0.01924  exact=0.7365  pairwise=0.9928
  step 497000  loss=0.01941  exact=0.7286  pairwise=0.9929
  step 498000  loss=0.01916  exact=0.7477  pairwise=0.9929
  step 499000  loss=0.01911  exact=0.7656  pairwise=0.9927
  step 500000  loss=0.01929  exact=0.7759  pairwise=0.9934

Done. Best exact match: 0.8076
Results in: runs/retrain_er_n40_485352/n40_p005_diam11
