=== Job info ===
Node: gnode06
NVIDIA H100 NVL, 95830 MiB
PyTorch 2.11.0+cu130 | CUDA available: True
================

###################################################
# ER n=40 / unfiltered -> 2chains + 2cliques (n_active variable)
# checkpoint: runs/retrain_er_n40_485350/n40_p005_unfiltered/best.pt
###################################################
Loaded n=40 model from runs/retrain_er_n40_485350/n40_p005_unfiltered/best.pt

── Test: 2chains, n_active ∈ [14, 16, 18, 20, 22, 24, 26, 28, 30, 32, 34, 36, 38, 40], padded to 40, 10,000 graphs ──
  gen 0.7s  eval 0.37s  exact=0.0000  pairwise=0.8717
  per-n_active exact match:
    n=14: 0.0000  (680 graphs)
    n=16: 0.0000  (716 graphs)
    n=18: 0.0000  (751 graphs)
    n=20: 0.0000  (692 graphs)
    n=22: 0.0000  (716 graphs)
    n=24: 0.0000  (713 graphs)
    n=26: 0.0000  (693 graphs)
    n=28: 0.0000  (742 graphs)
    n=30: 0.0000  (720 graphs)
    n=32: 0.0000  (723 graphs)
    n=34: 0.0000  (680 graphs)
    n=36: 0.0000  (714 graphs)
    n=38: 0.0000  (735 graphs)
    n=40: 0.0000  (725 graphs)

── Test: 2cliques, n_active ∈ [14, 16, 18, 20, 22, 24, 26, 28, 30, 32, 34, 36, 38, 40], padded to 40, 10,000 graphs ──
  gen 1.1s  eval 0.09s  exact=0.0000  pairwise=0.7496
  per-n_active exact match:
    n=14: 0.0000  (683 graphs)
    n=16: 0.0000  (727 graphs)
    n=18: 0.0000  (750 graphs)
    n=20: 0.0000  (692 graphs)
    n=22: 0.0000  (715 graphs)
    n=24: 0.0000  (710 graphs)
    n=26: 0.0000  (700 graphs)
    n=28: 0.0000  (747 graphs)
    n=30: 0.0000  (737 graphs)
    n=32: 0.0000  (729 graphs)
    n=34: 0.0000  (677 graphs)
    n=36: 0.0000  (708 graphs)
    n=38: 0.0000  (730 graphs)
    n=40: 0.0000  (695 graphs)

── Test: unfiltered ER(n=40, p=0.05), 10,000 graphs ──
  gen 1.6s  eval 0.44s  exact=0.8057  pairwise=0.9878
  per-diameter-bucket exact match:
    D≤7: 0.7336  (n = 1,329)
    D≤9: 0.8202  (n = 5,574)
    D≤11: 0.8259  (n = 8,548)
    D>11: 0.6866  (n = 1,452)

Results written to runs/ood_eval_n40_493382/er_n40_unfiltered_to_structured/results.json
Generating plots …
  wrote runs/ood_eval_n40_493382/er_n40_unfiltered_to_structured/per_distance_bars.png
  wrote runs/ood_eval_n40_493382/er_n40_unfiltered_to_structured/per_n_active.png
  wrote runs/ood_eval_n40_493382/er_n40_unfiltered_to_structured/per_diam_bucket_ood.png

###################################################
# ER n=40 / diam11 -> 2chains + 2cliques (n_active variable)
# checkpoint: runs/retrain_er_n40_485352/n40_p005_diam11/best.pt
###################################################
Loaded n=40 model from runs/retrain_er_n40_485352/n40_p005_diam11/best.pt

── Test: 2chains, n_active ∈ [14, 16, 18, 20, 22, 24, 26, 28, 30, 32, 34, 36, 38, 40], padded to 40, 10,000 graphs ──
  gen 0.7s  eval 0.38s  exact=0.0000  pairwise=0.8895
  per-n_active exact match:
    n=14: 0.0000  (680 graphs)
    n=16: 0.0000  (716 graphs)
    n=18: 0.0000  (751 graphs)
    n=20: 0.0000  (692 graphs)
    n=22: 0.0000  (716 graphs)
    n=24: 0.0000  (713 graphs)
    n=26: 0.0000  (693 graphs)
    n=28: 0.0000  (742 graphs)
    n=30: 0.0000  (720 graphs)
    n=32: 0.0000  (723 graphs)
    n=34: 0.0000  (680 graphs)
    n=36: 0.0000  (714 graphs)
    n=38: 0.0000  (735 graphs)
    n=40: 0.0000  (725 graphs)

── Test: 2cliques, n_active ∈ [14, 16, 18, 20, 22, 24, 26, 28, 30, 32, 34, 36, 38, 40], padded to 40, 10,000 graphs ──
  gen 1.1s  eval 0.10s  exact=0.0000  pairwise=0.7327
  per-n_active exact match:
    n=14: 0.0000  (683 graphs)
    n=16: 0.0000  (727 graphs)
    n=18: 0.0000  (750 graphs)
    n=20: 0.0000  (692 graphs)
    n=22: 0.0000  (715 graphs)
    n=24: 0.0000  (710 graphs)
    n=26: 0.0000  (700 graphs)
    n=28: 0.0000  (747 graphs)
    n=30: 0.0000  (737 graphs)
    n=32: 0.0000  (729 graphs)
    n=34: 0.0000  (677 graphs)
    n=36: 0.0000  (708 graphs)
    n=38: 0.0000  (730 graphs)
    n=40: 0.0000  (695 graphs)

── Test: unfiltered ER(n=40, p=0.05), 10,000 graphs ──
  gen 1.6s  eval 0.44s  exact=0.7320  pairwise=0.9875
  per-diameter-bucket exact match:
    D≤7: 0.7652  (n = 1,329)
    D≤9: 0.8276  (n = 5,574)
    D≤11: 0.8004  (n = 8,548)
    D>11: 0.3292  (n = 1,452)

Results written to runs/ood_eval_n40_493382/er_n40_diam11_to_structured/results.json
Generating plots …
  wrote runs/ood_eval_n40_493382/er_n40_diam11_to_structured/per_distance_bars.png
  wrote runs/ood_eval_n40_493382/er_n40_diam11_to_structured/per_n_active.png
  wrote runs/ood_eval_n40_493382/er_n40_diam11_to_structured/per_diam_bucket_ood.png

###################################################
# ER n=40 / diam9 -> 2chains + 2cliques (n_active variable)
# checkpoint: runs/retrain_er_n40_485351/n40_p005_diam9/best.pt
###################################################
Loaded n=40 model from runs/retrain_er_n40_485351/n40_p005_diam9/best.pt

── Test: 2chains, n_active ∈ [14, 16, 18, 20, 22, 24, 26, 28, 30, 32, 34, 36, 38, 40], padded to 40, 10,000 graphs ──
  gen 0.7s  eval 0.37s  exact=0.0000  pairwise=0.8947
  per-n_active exact match:
    n=14: 0.0000  (680 graphs)
    n=16: 0.0000  (716 graphs)
    n=18: 0.0000  (751 graphs)
    n=20: 0.0000  (692 graphs)
    n=22: 0.0000  (716 graphs)
    n=24: 0.0000  (713 graphs)
    n=26: 0.0000  (693 graphs)
    n=28: 0.0000  (742 graphs)
    n=30: 0.0000  (720 graphs)
    n=32: 0.0000  (723 graphs)
    n=34: 0.0000  (680 graphs)
    n=36: 0.0000  (714 graphs)
    n=38: 0.0000  (735 graphs)
    n=40: 0.0000  (725 graphs)

── Test: 2cliques, n_active ∈ [14, 16, 18, 20, 22, 24, 26, 28, 30, 32, 34, 36, 38, 40], padded to 40, 10,000 graphs ──
  gen 1.0s  eval 0.10s  exact=0.0000  pairwise=0.7430
  per-n_active exact match:
    n=14: 0.0000  (683 graphs)
    n=16: 0.0000  (727 graphs)
    n=18: 0.0000  (750 graphs)
    n=20: 0.0000  (692 graphs)
    n=22: 0.0000  (715 graphs)
    n=24: 0.0000  (710 graphs)
    n=26: 0.0000  (700 graphs)
    n=28: 0.0000  (747 graphs)
    n=30: 0.0000  (737 graphs)
    n=32: 0.0000  (729 graphs)
    n=34: 0.0000  (677 graphs)
    n=36: 0.0000  (708 graphs)
    n=38: 0.0000  (730 graphs)
    n=40: 0.0000  (695 graphs)

── Test: unfiltered ER(n=40, p=0.05), 10,000 graphs ──
  gen 1.6s  eval 0.44s  exact=0.6116  pairwise=0.9777
  per-diameter-bucket exact match:
    D≤7: 0.7577  (n = 1,329)
    D≤9: 0.7921  (n = 5,574)
    D≤11: 0.6972  (n = 8,548)
    D>11: 0.1074  (n = 1,452)

Results written to runs/ood_eval_n40_493382/er_n40_diam9_to_structured/results.json
Generating plots …
  wrote runs/ood_eval_n40_493382/er_n40_diam9_to_structured/per_distance_bars.png
  wrote runs/ood_eval_n40_493382/er_n40_diam9_to_structured/per_n_active.png
  wrote runs/ood_eval_n40_493382/er_n40_diam9_to_structured/per_diam_bucket_ood.png

###################################################
# ER n=40 / diam7 -> 2chains + 2cliques (n_active variable)
# checkpoint: runs/retrain_er_n40_485353/n40_p005_diam7/best.pt
###################################################
Loaded n=40 model from runs/retrain_er_n40_485353/n40_p005_diam7/best.pt

── Test: 2chains, n_active ∈ [14, 16, 18, 20, 22, 24, 26, 28, 30, 32, 34, 36, 38, 40], padded to 40, 10,000 graphs ──
  gen 0.7s  eval 0.37s  exact=0.0000  pairwise=0.9018
  per-n_active exact match:
    n=14: 0.0000  (680 graphs)
    n=16: 0.0000  (716 graphs)
    n=18: 0.0000  (751 graphs)
    n=20: 0.0000  (692 graphs)
    n=22: 0.0000  (716 graphs)
    n=24: 0.0000  (713 graphs)
    n=26: 0.0000  (693 graphs)
    n=28: 0.0000  (742 graphs)
    n=30: 0.0000  (720 graphs)
    n=32: 0.0000  (723 graphs)
    n=34: 0.0000  (680 graphs)
    n=36: 0.0000  (714 graphs)
    n=38: 0.0000  (735 graphs)
    n=40: 0.0000  (725 graphs)

── Test: 2cliques, n_active ∈ [14, 16, 18, 20, 22, 24, 26, 28, 30, 32, 34, 36, 38, 40], padded to 40, 10,000 graphs ──
  gen 1.0s  eval 0.10s  exact=0.0683  pairwise=0.7490
  per-n_active exact match:
    n=14: 1.0000  (683 graphs)
    n=16: 0.0000  (727 graphs)
    n=18: 0.0000  (750 graphs)
    n=20: 0.0000  (692 graphs)
    n=22: 0.0000  (715 graphs)
    n=24: 0.0000  (710 graphs)
    n=26: 0.0000  (700 graphs)
    n=28: 0.0000  (747 graphs)
    n=30: 0.0000  (737 graphs)
    n=32: 0.0000  (729 graphs)
    n=34: 0.0000  (677 graphs)
    n=36: 0.0000  (708 graphs)
    n=38: 0.0000  (730 graphs)
    n=40: 0.0000  (695 graphs)

── Test: unfiltered ER(n=40, p=0.05), 10,000 graphs ──
  gen 1.6s  eval 0.44s  exact=0.3471  pairwise=0.9455
  per-diameter-bucket exact match:
    D≤7: 0.8029  (n = 1,329)
    D≤9: 0.5802  (n = 5,574)
    D≤11: 0.4055  (n = 8,548)
    D>11: 0.0034  (n = 1,452)

Results written to runs/ood_eval_n40_493382/er_n40_diam7_to_structured/results.json
Generating plots …
  wrote runs/ood_eval_n40_493382/er_n40_diam7_to_structured/per_distance_bars.png
  wrote runs/ood_eval_n40_493382/er_n40_diam7_to_structured/per_n_active.png
  wrote runs/ood_eval_n40_493382/er_n40_diam7_to_structured/per_diam_bucket_ood.png

Done. Output in runs/ood_eval_n40_493382
