== n46_split_cycles_grid_roberta_similarity_lam0_seed10000 ==
 device=cuda arch=roberta readout=similarity attn_kind=normalized_relu sim_fixed=False lambda=0.0 params=6,329,858
 step    5000 loss=0.50300 bce=0.50300 lap=0.00 lam=0.0e+00 val=0.0426 2ch=0.000 2cl=0.234 65s
 step   10000 loss=0.47139 bce=0.47139 lap=0.00 lam=0.0e+00 val=0.0000 2ch=0.000 2cl=1.000 65s
 step   15000 loss=0.37032 bce=0.37032 lap=0.00 lam=0.0e+00 val=0.0000 2ch=0.000 2cl=0.524 64s
 step   20000 loss=0.33065 bce=0.33065 lap=0.00 lam=0.0e+00 val=0.0002 2ch=0.000 2cl=0.000 64s
 step   25000 loss=0.31891 bce=0.31891 lap=0.00 lam=0.0e+00 val=0.4504 2ch=0.000 2cl=0.003 64s
 step   30000 loss=0.31253 bce=0.31253 lap=0.00 lam=0.0e+00 val=0.4990 2ch=0.000 2cl=0.000 64s
 step   35000 loss=0.30865 bce=0.30865 lap=0.00 lam=0.0e+00 val=0.4988 2ch=0.000 2cl=0.000 64s
 step   40000 loss=0.30560 bce=0.30560 lap=0.00 lam=0.0e+00 val=0.4988 2ch=0.000 2cl=0.000 64s
 step   45000 loss=0.30246 bce=0.30246 lap=0.00 lam=0.0e+00 val=0.4986 2ch=0.000 2cl=0.000 64s
 step   50000 loss=0.30007 bce=0.30007 lap=0.00 lam=0.0e+00 val=0.4976 2ch=0.000 2cl=0.000 65s
 step   55000 loss=0.29779 bce=0.29779 lap=0.00 lam=0.0e+00 val=0.4986 2ch=0.000 2cl=0.000 64s
 step   60000 loss=0.29583 bce=0.29583 lap=0.00 lam=0.0e+00 val=0.4932 2ch=0.000 2cl=0.000 65s
 step   65000 loss=0.29394 bce=0.29394 lap=0.00 lam=0.0e+00 val=0.4984 2ch=0.000 2cl=0.000 65s
 step   70000 loss=0.29237 bce=0.29237 lap=0.00 lam=0.0e+00 val=0.4786 2ch=0.000 2cl=0.000 64s
 step   75000 loss=0.29071 bce=0.29071 lap=0.00 lam=0.0e+00 val=0.4860 2ch=0.000 2cl=0.000 64s
 step   80000 loss=0.28983 bce=0.28983 lap=0.00 lam=0.0e+00 val=0.4850 2ch=0.000 2cl=0.000 64s
 step   85000 loss=0.28878 bce=0.28878 lap=0.00 lam=0.0e+00 val=0.4986 2ch=0.000 2cl=0.000 65s
 step   90000 loss=0.28787 bce=0.28787 lap=0.00 lam=0.0e+00 val=0.4974 2ch=0.000 2cl=0.000 64s
 step   95000 loss=0.28697 bce=0.28697 lap=0.00 lam=0.0e+00 val=0.4982 2ch=0.000 2cl=0.000 64s
 step  100000 loss=0.28592 bce=0.28592 lap=0.00 lam=0.0e+00 val=0.4986 2ch=0.000 2cl=0.000 64s
 step  105000 loss=0.28526 bce=0.28526 lap=0.00 lam=0.0e+00 val=0.4982 2ch=0.000 2cl=0.000 64s
 step  110000 loss=0.28437 bce=0.28437 lap=0.00 lam=0.0e+00 val=0.4940 2ch=0.000 2cl=0.000 64s
 step  115000 loss=0.28381 bce=0.28381 lap=0.00 lam=0.0e+00 val=0.4944 2ch=0.000 2cl=0.000 64s
 step  120000 loss=0.28306 bce=0.28306 lap=0.00 lam=0.0e+00 val=0.4640 2ch=0.000 2cl=0.000 65s
 step  125000 loss=0.28230 bce=0.28230 lap=0.00 lam=0.0e+00 val=0.4966 2ch=0.000 2cl=0.020 64s
 step  130000 loss=0.28148 bce=0.28148 lap=0.00 lam=0.0e+00 val=0.4780 2ch=0.000 2cl=0.092 64s
 step  135000 loss=0.28015 bce=0.28015 lap=0.00 lam=0.0e+00 val=0.4120 2ch=0.000 2cl=0.045 65s
 step  140000 loss=0.27777 bce=0.27777 lap=0.00 lam=0.0e+00 val=0.3026 2ch=0.000 2cl=0.003 64s
 step  145000 loss=0.24046 bce=0.24046 lap=0.00 lam=0.0e+00 val=0.7090 2ch=0.000 2cl=0.083 65s
 step  150000 loss=0.19911 bce=0.19911 lap=0.00 lam=0.0e+00 val=0.8430 2ch=0.000 2cl=0.139 65s
 step  155000 loss=0.18056 bce=0.18056 lap=0.00 lam=0.0e+00 val=0.9934 2ch=0.000 2cl=0.205 65s
 step  160000 loss=0.16926 bce=0.16926 lap=0.00 lam=0.0e+00 val=1.0000 2ch=0.000 2cl=0.268 65s
 step  165000 loss=0.16101 bce=0.16101 lap=0.00 lam=0.0e+00 val=0.9994 2ch=0.000 2cl=0.226 65s
 step  170000 loss=0.15434 bce=0.15434 lap=0.00 lam=0.0e+00 val=1.0000 2ch=0.000 2cl=0.279 65s
 step  175000 loss=0.14895 bce=0.14895 lap=0.00 lam=0.0e+00 val=1.0000 2ch=0.000 2cl=0.195 65s
 step  180000 loss=0.14377 bce=0.14377 lap=0.00 lam=0.0e+00 val=1.0000 2ch=0.000 2cl=0.124 65s
 step  185000 loss=0.13947 bce=0.13947 lap=0.00 lam=0.0e+00 val=0.9998 2ch=0.000 2cl=0.060 65s
 step  190000 loss=0.13508 bce=0.13508 lap=0.00 lam=0.0e+00 val=0.9996 2ch=0.000 2cl=0.056 65s
 step  195000 loss=0.13030 bce=0.13030 lap=0.00 lam=0.0e+00 val=0.9858 2ch=0.000 2cl=0.043 64s
 step  200000 loss=0.12522 bce=0.12522 lap=0.00 lam=0.0e+00 val=0.9970 2ch=0.000 2cl=0.030 64s
 step  205000 loss=0.11968 bce=0.11968 lap=0.00 lam=0.0e+00 val=0.9986 2ch=0.000 2cl=0.039 64s
 step  210000 loss=0.11438 bce=0.11438 lap=0.00 lam=0.0e+00 val=0.9998 2ch=0.000 2cl=0.039 64s
 step  215000 loss=0.10899 bce=0.10899 lap=0.00 lam=0.0e+00 val=0.9964 2ch=0.000 2cl=0.024 64s
 step  220000 loss=0.10415 bce=0.10415 lap=0.00 lam=0.0e+00 val=0.9986 2ch=0.000 2cl=0.047 64s
 step  225000 loss=0.10001 bce=0.10001 lap=0.00 lam=0.0e+00 val=0.9998 2ch=0.000 2cl=0.069 65s
 step  230000 loss=0.09649 bce=0.09649 lap=0.00 lam=0.0e+00 val=0.9998 2ch=0.000 2cl=0.040 64s
 step  235000 loss=0.09335 bce=0.09335 lap=0.00 lam=0.0e+00 val=0.9964 2ch=0.000 2cl=0.054 64s
 step  240000 loss=0.09080 bce=0.09080 lap=0.00 lam=0.0e+00 val=0.9934 2ch=0.000 2cl=0.063 65s
 step  245000 loss=0.08830 bce=0.08830 lap=0.00 lam=0.0e+00 val=0.9996 2ch=0.000 2cl=0.081 65s
 step  250000 loss=0.08603 bce=0.08603 lap=0.00 lam=0.0e+00 val=0.9936 2ch=0.000 2cl=0.078 64s
 step  255000 loss=0.08403 bce=0.08403 lap=0.00 lam=0.0e+00 val=0.9948 2ch=0.000 2cl=0.000 64s
 step  260000 loss=0.08207 bce=0.08207 lap=0.00 lam=0.0e+00 val=0.9978 2ch=0.000 2cl=0.000 65s
 step  265000 loss=0.08043 bce=0.08043 lap=0.00 lam=0.0e+00 val=0.9974 2ch=0.000 2cl=0.000 65s
 step  270000 loss=0.07894 bce=0.07894 lap=0.00 lam=0.0e+00 val=1.0000 2ch=0.000 2cl=0.000 65s
 step  275000 loss=0.07763 bce=0.07763 lap=0.00 lam=0.0e+00 val=1.0000 2ch=0.000 2cl=0.000 65s
 step  280000 loss=0.07633 bce=0.07633 lap=0.00 lam=0.0e+00 val=1.0000 2ch=0.000 2cl=0.000 64s
 step  285000 loss=0.07520 bce=0.07520 lap=0.00 lam=0.0e+00 val=1.0000 2ch=0.000 2cl=0.000 64s
 step  290000 loss=0.07431 bce=0.07431 lap=0.00 lam=0.0e+00 val=1.0000 2ch=0.000 2cl=0.000 65s
 step  295000 loss=0.07326 bce=0.07326 lap=0.00 lam=0.0e+00 val=1.0000 2ch=0.000 2cl=0.000 64s
 step  300000 loss=0.07236 bce=0.07236 lap=0.00 lam=0.0e+00 val=1.0000 2ch=0.000 2cl=0.000 65s
 step  305000 loss=0.07161 bce=0.07161 lap=0.00 lam=0.0e+00 val=1.0000 2ch=0.000 2cl=0.000 65s
 step  310000 loss=0.07080 bce=0.07080 lap=0.00 lam=0.0e+00 val=0.9998 2ch=0.000 2cl=0.000 65s
 step  315000 loss=0.07010 bce=0.07010 lap=0.00 lam=0.0e+00 val=0.9990 2ch=0.000 2cl=0.000 65s
 step  320000 loss=0.06943 bce=0.06943 lap=0.00 lam=0.0e+00 val=1.0000 2ch=0.000 2cl=0.000 64s
 step  325000 loss=0.06880 bce=0.06880 lap=0.00 lam=0.0e+00 val=1.0000 2ch=0.000 2cl=0.000 64s
 step  330000 loss=0.06813 bce=0.06813 lap=0.00 lam=0.0e+00 val=1.0000 2ch=0.000 2cl=0.000 65s
 step  335000 loss=0.06756 bce=0.06756 lap=0.00 lam=0.0e+00 val=1.0000 2ch=0.000 2cl=0.000 65s
 step  340000 loss=0.06704 bce=0.06704 lap=0.00 lam=0.0e+00 val=1.0000 2ch=0.000 2cl=0.000 65s
 step  345000 loss=0.06645 bce=0.06645 lap=0.00 lam=0.0e+00 val=1.0000 2ch=0.000 2cl=0.000 64s
 step  350000 loss=0.06590 bce=0.06590 lap=0.00 lam=0.0e+00 val=1.0000 2ch=0.000 2cl=0.000 65s
 step  355000 loss=0.06549 bce=0.06549 lap=0.00 lam=0.0e+00 val=1.0000 2ch=0.000 2cl=0.000 64s
 step  360000 loss=0.06509 bce=0.06509 lap=0.00 lam=0.0e+00 val=0.9998 2ch=0.000 2cl=0.000 65s
 step  365000 loss=0.06454 bce=0.06454 lap=0.00 lam=0.0e+00 val=0.9982 2ch=0.000 2cl=0.000 64s
 step  370000 loss=0.06419 bce=0.06419 lap=0.00 lam=0.0e+00 val=0.9972 2ch=0.000 2cl=0.000 64s
 step  375000 loss=0.06377 bce=0.06377 lap=0.00 lam=0.0e+00 val=1.0000 2ch=0.000 2cl=0.000 65s
 step  380000 loss=0.06340 bce=0.06340 lap=0.00 lam=0.0e+00 val=0.9970 2ch=0.000 2cl=0.000 65s
 step  385000 loss=0.06301 bce=0.06301 lap=0.00 lam=0.0e+00 val=1.0000 2ch=0.000 2cl=0.000 65s
 step  390000 loss=0.06270 bce=0.06270 lap=0.00 lam=0.0e+00 val=1.0000 2ch=0.000 2cl=0.000 65s
 step  395000 loss=0.06240 bce=0.06240 lap=0.00 lam=0.0e+00 val=1.0000 2ch=0.000 2cl=0.000 65s
 step  400000 loss=0.06201 bce=0.06201 lap=0.00 lam=0.0e+00 val=0.9990 2ch=0.000 2cl=0.000 65s
 step  405000 loss=0.06170 bce=0.06170 lap=0.00 lam=0.0e+00 val=0.9986 2ch=0.000 2cl=0.000 64s
 step  410000 loss=0.06143 bce=0.06143 lap=0.00 lam=0.0e+00 val=0.9976 2ch=0.000 2cl=0.000 64s
 step  415000 loss=0.06104 bce=0.06104 lap=0.00 lam=0.0e+00 val=0.9990 2ch=0.000 2cl=0.000 64s
 step  420000 loss=0.06076 bce=0.06076 lap=0.00 lam=0.0e+00 val=0.9956 2ch=0.000 2cl=0.000 64s
 step  425000 loss=0.06053 bce=0.06053 lap=0.00 lam=0.0e+00 val=0.9974 2ch=0.000 2cl=0.000 65s
 step  430000 loss=0.06028 bce=0.06028 lap=0.00 lam=0.0e+00 val=0.9996 2ch=0.000 2cl=0.000 64s
 step  435000 loss=0.05999 bce=0.05999 lap=0.00 lam=0.0e+00 val=0.9258 2ch=0.000 2cl=0.000 64s
 step  440000 loss=0.05969 bce=0.05969 lap=0.00 lam=0.0e+00 val=0.9992 2ch=0.000 2cl=0.000 65s
 step  445000 loss=0.05943 bce=0.05943 lap=0.00 lam=0.0e+00 val=0.9974 2ch=0.000 2cl=0.000 64s
 step  450000 loss=0.05920 bce=0.05920 lap=0.00 lam=0.0e+00 val=0.9940 2ch=0.000 2cl=0.000 64s
 step  455000 loss=0.05894 bce=0.05894 lap=0.00 lam=0.0e+00 val=0.9992 2ch=0.000 2cl=0.000 65s
 step  460000 loss=0.05878 bce=0.05878 lap=0.00 lam=0.0e+00 val=0.9972 2ch=0.000 2cl=0.000 65s
 step  465000 loss=0.05845 bce=0.05845 lap=0.00 lam=0.0e+00 val=0.9938 2ch=0.000 2cl=0.000 65s
 step  470000 loss=0.05830 bce=0.05830 lap=0.00 lam=0.0e+00 val=0.9994 2ch=0.000 2cl=0.000 65s
 step  475000 loss=0.05795 bce=0.05795 lap=0.00 lam=0.0e+00 val=1.0000 2ch=0.000 2cl=0.000 65s
 step  480000 loss=0.05790 bce=0.05790 lap=0.00 lam=0.0e+00 val=0.9992 2ch=0.000 2cl=0.000 64s
 step  485000 loss=0.05758 bce=0.05758 lap=0.00 lam=0.0e+00 val=0.9996 2ch=0.000 2cl=0.000 64s
 step  490000 loss=0.05744 bce=0.05744 lap=0.00 lam=0.0e+00 val=0.9748 2ch=0.000 2cl=0.000 64s
 step  495000 loss=0.05715 bce=0.05715 lap=0.00 lam=0.0e+00 val=0.9948 2ch=0.000 2cl=0.000 64s
 step  500000 loss=0.05695 bce=0.05695 lap=0.00 lam=0.0e+00 val=0.9968 2ch=0.000 2cl=0.000 64s
 step  505000 loss=0.05686 bce=0.05686 lap=0.00 lam=0.0e+00 val=1.0000 2ch=0.000 2cl=0.000 64s
 step  510000 loss=0.05663 bce=0.05663 lap=0.00 lam=0.0e+00 val=1.0000 2ch=0.000 2cl=0.000 64s
 step  515000 loss=0.05649 bce=0.05649 lap=0.00 lam=0.0e+00 val=0.9998 2ch=0.000 2cl=0.000 65s
 step  520000 loss=0.05627 bce=0.05627 lap=0.00 lam=0.0e+00 val=1.0000 2ch=0.000 2cl=0.000 65s
 step  525000 loss=0.05615 bce=0.05615 lap=0.00 lam=0.0e+00 val=0.9990 2ch=0.000 2cl=0.000 65s
 step  530000 loss=0.05586 bce=0.05586 lap=0.00 lam=0.0e+00 val=1.0000 2ch=0.000 2cl=0.000 64s
 step  535000 loss=0.05577 bce=0.05577 lap=0.00 lam=0.0e+00 val=1.0000 2ch=0.000 2cl=0.000 65s
 step  540000 loss=0.05563 bce=0.05563 lap=0.00 lam=0.0e+00 val=0.9998 2ch=0.000 2cl=0.000 65s
 step  545000 loss=0.05535 bce=0.05535 lap=0.00 lam=0.0e+00 val=0.9964 2ch=0.000 2cl=0.000 65s
 step  550000 loss=0.05524 bce=0.05524 lap=0.00 lam=0.0e+00 val=0.9992 2ch=0.000 2cl=0.000 65s
 step  555000 loss=0.05503 bce=0.05503 lap=0.00 lam=0.0e+00 val=0.9998 2ch=0.000 2cl=0.000 65s
 step  560000 loss=0.05496 bce=0.05496 lap=0.00 lam=0.0e+00 val=0.9972 2ch=0.000 2cl=0.000 65s
 step  565000 loss=0.05480 bce=0.05480 lap=0.00 lam=0.0e+00 val=0.9976 2ch=0.000 2cl=0.000 65s
 step  570000 loss=0.05457 bce=0.05457 lap=0.00 lam=0.0e+00 val=0.9984 2ch=0.000 2cl=0.000 65s
 step  575000 loss=0.05446 bce=0.05446 lap=0.00 lam=0.0e+00 val=0.9998 2ch=0.000 2cl=0.000 65s
 step  580000 loss=0.05430 bce=0.05430 lap=0.00 lam=0.0e+00 val=0.9992 2ch=0.000 2cl=0.000 65s
 step  585000 loss=0.05418 bce=0.05418 lap=0.00 lam=0.0e+00 val=0.9996 2ch=0.000 2cl=0.000 65s
 step  590000 loss=0.05405 bce=0.05405 lap=0.00 lam=0.0e+00 val=0.9982 2ch=0.000 2cl=0.000 65s
 step  595000 loss=0.05396 bce=0.05396 lap=0.00 lam=0.0e+00 val=0.9992 2ch=0.000 2cl=0.000 65s
 step  600000 loss=0.05375 bce=0.05375 lap=0.00 lam=0.0e+00 val=0.9998 2ch=0.000 2cl=0.000 65s
 step  605000 loss=0.05360 bce=0.05360 lap=0.00 lam=0.0e+00 val=0.9964 2ch=0.000 2cl=0.000 65s
 step  610000 loss=0.05348 bce=0.05348 lap=0.00 lam=0.0e+00 val=0.9992 2ch=0.000 2cl=0.000 65s
 step  615000 loss=0.05340 bce=0.05340 lap=0.00 lam=0.0e+00 val=1.0000 2ch=0.000 2cl=0.000 65s
 step  620000 loss=0.05319 bce=0.05319 lap=0.00 lam=0.0e+00 val=0.9998 2ch=0.000 2cl=0.000 65s
 step  625000 loss=0.05307 bce=0.05307 lap=0.00 lam=0.0e+00 val=1.0000 2ch=0.000 2cl=0.000 65s
 step  630000 loss=0.05308 bce=0.05308 lap=0.00 lam=0.0e+00 val=0.9990 2ch=0.000 2cl=0.000 65s
 step  635000 loss=0.05282 bce=0.05282 lap=0.00 lam=0.0e+00 val=1.0000 2ch=0.000 2cl=0.000 65s
 step  640000 loss=0.05276 bce=0.05276 lap=0.00 lam=0.0e+00 val=0.9996 2ch=0.000 2cl=0.000 65s
 step  645000 loss=0.05264 bce=0.05264 lap=0.00 lam=0.0e+00 val=1.0000 2ch=0.000 2cl=0.000 65s
 step  650000 loss=0.05245 bce=0.05245 lap=0.00 lam=0.0e+00 val=0.9996 2ch=0.000 2cl=0.000 65s
 step  655000 loss=0.05244 bce=0.05244 lap=0.00 lam=0.0e+00 val=1.0000 2ch=0.000 2cl=0.000 65s
 step  660000 loss=0.05228 bce=0.05228 lap=0.00 lam=0.0e+00 val=1.0000 2ch=0.000 2cl=0.000 65s
 step  665000 loss=0.05217 bce=0.05217 lap=0.00 lam=0.0e+00 val=1.0000 2ch=0.000 2cl=0.000 65s
 step  670000 loss=0.05205 bce=0.05205 lap=0.00 lam=0.0e+00 val=0.9950 2ch=0.000 2cl=0.000 64s
 step  675000 loss=0.05192 bce=0.05192 lap=0.00 lam=0.0e+00 val=1.0000 2ch=0.000 2cl=0.000 65s
 step  680000 loss=0.05184 bce=0.05184 lap=0.00 lam=0.0e+00 val=1.0000 2ch=0.000 2cl=0.000 65s
 step  685000 loss=0.05167 bce=0.05167 lap=0.00 lam=0.0e+00 val=1.0000 2ch=0.000 2cl=0.000 65s
 step  690000 loss=0.05166 bce=0.05166 lap=0.00 lam=0.0e+00 val=0.9998 2ch=0.000 2cl=0.000 65s
 step  695000 loss=0.05151 bce=0.05151 lap=0.00 lam=0.0e+00 val=1.0000 2ch=0.000 2cl=0.000 65s
 step  700000 loss=0.05146 bce=0.05146 lap=0.00 lam=0.0e+00 val=1.0000 2ch=0.000 2cl=0.000 65s
 step  705000 loss=0.05128 bce=0.05128 lap=0.00 lam=0.0e+00 val=0.9998 2ch=0.000 2cl=0.000 65s
 step  710000 loss=0.05124 bce=0.05124 lap=0.00 lam=0.0e+00 val=1.0000 2ch=0.000 2cl=0.000 65s
 step  715000 loss=0.05114 bce=0.05114 lap=0.00 lam=0.0e+00 val=1.0000 2ch=0.000 2cl=0.000 65s
 step  720000 loss=0.05107 bce=0.05107 lap=0.00 lam=0.0e+00 val=1.0000 2ch=0.000 2cl=0.000 65s
 step  725000 loss=0.05098 bce=0.05098 lap=0.00 lam=0.0e+00 val=1.0000 2ch=0.000 2cl=0.000 65s
 step  730000 loss=0.05076 bce=0.05076 lap=0.00 lam=0.0e+00 val=1.0000 2ch=0.000 2cl=0.000 65s
 step  735000 loss=0.05075 bce=0.05075 lap=0.00 lam=0.0e+00 val=0.9998 2ch=0.000 2cl=0.000 65s
 step  740000 loss=0.05068 bce=0.05068 lap=0.00 lam=0.0e+00 val=1.0000 2ch=0.000 2cl=0.000 65s
 step  745000 loss=0.05059 bce=0.05059 lap=0.00 lam=0.0e+00 val=1.0000 2ch=0.000 2cl=0.000 65s
 step  750000 loss=0.05056 bce=0.05056 lap=0.00 lam=0.0e+00 val=1.0000 2ch=0.000 2cl=0.000 65s
 step  755000 loss=0.05047 bce=0.05047 lap=0.00 lam=0.0e+00 val=1.0000 2ch=0.000 2cl=0.000 65s
 step  760000 loss=0.05033 bce=0.05033 lap=0.00 lam=0.0e+00 val=1.0000 2ch=0.000 2cl=0.000 65s
 step  765000 loss=0.05030 bce=0.05030 lap=0.00 lam=0.0e+00 val=1.0000 2ch=0.000 2cl=0.000 65s
 step  770000 loss=0.05021 bce=0.05021 lap=0.00 lam=0.0e+00 val=1.0000 2ch=0.000 2cl=0.000 65s
 step  775000 loss=0.05012 bce=0.05012 lap=0.00 lam=0.0e+00 val=1.0000 2ch=0.000 2cl=0.000 65s
 step  780000 loss=0.04997 bce=0.04997 lap=0.00 lam=0.0e+00 val=1.0000 2ch=0.000 2cl=0.000 65s
 step  785000 loss=0.05001 bce=0.05001 lap=0.00 lam=0.0e+00 val=1.0000 2ch=0.000 2cl=0.000 65s
 step  790000 loss=0.04994 bce=0.04994 lap=0.00 lam=0.0e+00 val=1.0000 2ch=0.000 2cl=0.000 65s
 step  795000 loss=0.04986 bce=0.04986 lap=0.00 lam=0.0e+00 val=1.0000 2ch=0.000 2cl=0.000 65s
 step  800000 loss=0.04979 bce=0.04979 lap=0.00 lam=0.0e+00 val=1.0000 2ch=0.000 2cl=0.000 65s
 step  805000 loss=0.04973 bce=0.04973 lap=0.00 lam=0.0e+00 val=1.0000 2ch=0.000 2cl=0.000 65s
 step  810000 loss=0.04969 bce=0.04969 lap=0.00 lam=0.0e+00 val=1.0000 2ch=0.000 2cl=0.000 65s
 step  815000 loss=0.04971 bce=0.04971 lap=0.00 lam=0.0e+00 val=1.0000 2ch=0.000 2cl=0.000 65s
 step  820000 loss=0.04955 bce=0.04955 lap=0.00 lam=0.0e+00 val=1.0000 2ch=0.000 2cl=0.000 65s
 step  825000 loss=0.04954 bce=0.04954 lap=0.00 lam=0.0e+00 val=1.0000 2ch=0.000 2cl=0.000 65s
 step  830000 loss=0.04946 bce=0.04946 lap=0.00 lam=0.0e+00 val=1.0000 2ch=0.000 2cl=0.000 65s
 step  835000 loss=0.04932 bce=0.04932 lap=0.00 lam=0.0e+00 val=1.0000 2ch=0.000 2cl=0.000 65s
 step  840000 loss=0.04939 bce=0.04939 lap=0.00 lam=0.0e+00 val=1.0000 2ch=0.000 2cl=0.000 65s
 step  845000 loss=0.04931 bce=0.04931 lap=0.00 lam=0.0e+00 val=1.0000 2ch=0.000 2cl=0.000 65s
 step  850000 loss=0.04923 bce=0.04923 lap=0.00 lam=0.0e+00 val=1.0000 2ch=0.000 2cl=0.000 65s
 step  855000 loss=0.04916 bce=0.04916 lap=0.00 lam=0.0e+00 val=1.0000 2ch=0.000 2cl=0.000 65s
 step  860000 loss=0.04922 bce=0.04922 lap=0.00 lam=0.0e+00 val=1.0000 2ch=0.000 2cl=0.000 65s
 step  865000 loss=0.04913 bce=0.04913 lap=0.00 lam=0.0e+00 val=1.0000 2ch=0.000 2cl=0.000 65s
 step  870000 loss=0.04909 bce=0.04909 lap=0.00 lam=0.0e+00 val=1.0000 2ch=0.000 2cl=0.000 65s
 step  875000 loss=0.04902 bce=0.04902 lap=0.00 lam=0.0e+00 val=1.0000 2ch=0.000 2cl=0.000 65s
 step  880000 loss=0.04902 bce=0.04902 lap=0.00 lam=0.0e+00 val=1.0000 2ch=0.000 2cl=0.000 65s
 step  885000 loss=0.04895 bce=0.04895 lap=0.00 lam=0.0e+00 val=1.0000 2ch=0.000 2cl=0.000 64s
 step  890000 loss=0.04890 bce=0.04890 lap=0.00 lam=0.0e+00 val=1.0000 2ch=0.000 2cl=0.000 65s
 step  895000 loss=0.04892 bce=0.04892 lap=0.00 lam=0.0e+00 val=1.0000 2ch=0.000 2cl=0.000 65s
 step  900000 loss=0.04885 bce=0.04885 lap=0.00 lam=0.0e+00 val=1.0000 2ch=0.000 2cl=0.000 65s
 step  905000 loss=0.04878 bce=0.04878 lap=0.00 lam=0.0e+00 val=1.0000 2ch=0.000 2cl=0.000 64s
 step  910000 loss=0.04879 bce=0.04879 lap=0.00 lam=0.0e+00 val=1.0000 2ch=0.000 2cl=0.000 64s
 step  915000 loss=0.04878 bce=0.04878 lap=0.00 lam=0.0e+00 val=1.0000 2ch=0.000 2cl=0.000 64s
 step  920000 loss=0.04879 bce=0.04879 lap=0.00 lam=0.0e+00 val=1.0000 2ch=0.000 2cl=0.000 64s
 step  925000 loss=0.04882 bce=0.04882 lap=0.00 lam=0.0e+00 val=1.0000 2ch=0.000 2cl=0.000 65s
 step  930000 loss=0.04864 bce=0.04864 lap=0.00 lam=0.0e+00 val=1.0000 2ch=0.000 2cl=0.000 65s
 step  935000 loss=0.04874 bce=0.04874 lap=0.00 lam=0.0e+00 val=1.0000 2ch=0.000 2cl=0.000 64s
 step  940000 loss=0.04867 bce=0.04867 lap=0.00 lam=0.0e+00 val=1.0000 2ch=0.000 2cl=0.000 65s
 step  945000 loss=0.04867 bce=0.04867 lap=0.00 lam=0.0e+00 val=1.0000 2ch=0.000 2cl=0.000 65s
 step  950000 loss=0.04862 bce=0.04862 lap=0.00 lam=0.0e+00 val=1.0000 2ch=0.000 2cl=0.000 65s
 step  955000 loss=0.04868 bce=0.04868 lap=0.00 lam=0.0e+00 val=1.0000 2ch=0.000 2cl=0.000 65s
 step  960000 loss=0.04852 bce=0.04852 lap=0.00 lam=0.0e+00 val=1.0000 2ch=0.000 2cl=0.000 65s
 step  965000 loss=0.04863 bce=0.04863 lap=0.00 lam=0.0e+00 val=1.0000 2ch=0.000 2cl=0.000 65s
 step  970000 loss=0.04863 bce=0.04863 lap=0.00 lam=0.0e+00 val=1.0000 2ch=0.000 2cl=0.000 65s
 step  975000 loss=0.04860 bce=0.04860 lap=0.00 lam=0.0e+00 val=1.0000 2ch=0.000 2cl=0.000 65s
 step  980000 loss=0.04854 bce=0.04854 lap=0.00 lam=0.0e+00 val=1.0000 2ch=0.000 2cl=0.000 65s
 step  985000 loss=0.04852 bce=0.04852 lap=0.00 lam=0.0e+00 val=1.0000 2ch=0.000 2cl=0.000 65s
 step  990000 loss=0.04861 bce=0.04861 lap=0.00 lam=0.0e+00 val=1.0000 2ch=0.000 2cl=0.000 65s
 step  995000 loss=0.04857 bce=0.04857 lap=0.00 lam=0.0e+00 val=1.0000 2ch=0.000 2cl=0.000 65s
 step 1000000 loss=0.04859 bce=0.04859 lap=0.00 lam=0.0e+00 val=1.0000 2ch=0.000 2cl=0.000 65s
done. best in-dist exact=1.0000  -> runs/report9/n46_train/n46_split_cycles_grid_roberta_similarity_lam0_seed10000
== mechanistic_asym_chains.py (sweep + logit -> Table 1 / Figure 1, topology=cycle, full 3..23 -- covers held-out 4/6/8/10) ==
checkpoint=runs/report9/n46_train/n46_split_cycles_grid_roberta_similarity_lam0_seed10000/last.pt
  arch=roberta readout=similarity n=46 device=cuda
  [selftest] run_with_cache matches model.forward_and_embeddings exactly
  [selftest] exact_contribution matches brute-force double loop (max diff 1.19e-07)

== behavioural sweep (random relabelling, the primary condition) ==
  a= 3 exact=1.000 reach_long=1.000 reach_short=1.000 cut=1.000 mode=random
  a= 4 exact=1.000 reach_long=1.000 reach_short=1.000 cut=1.000 mode=random
  a= 5 exact=1.000 reach_long=1.000 reach_short=1.000 cut=1.000 mode=random
  a= 6 exact=0.910 reach_long=1.000 reach_short=1.000 cut=0.994 mode=random
  a= 7 exact=1.000 reach_long=1.000 reach_short=1.000 cut=1.000 mode=random
  a= 8 exact=1.000 reach_long=1.000 reach_short=1.000 cut=1.000 mode=random
  a= 9 exact=1.000 reach_long=1.000 reach_short=1.000 cut=1.000 mode=random
  a=10 exact=1.000 reach_long=1.000 reach_short=1.000 cut=1.000 mode=random
  a=11 exact=1.000 reach_long=1.000 reach_short=1.000 cut=1.000 mode=random
  a=12 exact=0.500 reach_long=1.000 reach_short=1.000 cut=0.955 mode=random
  a=13 exact=0.000 reach_long=1.000 reach_short=1.000 cut=0.000 mode=random
  a=14 exact=0.000 reach_long=1.000 reach_short=1.000 cut=0.000 mode=random
  a=15 exact=0.000 reach_long=1.000 reach_short=1.000 cut=0.000 mode=random
  a=16 exact=0.000 reach_long=1.000 reach_short=1.000 cut=0.000 mode=random
  a=17 exact=0.000 reach_long=1.000 reach_short=1.000 cut=0.000 mode=random
  a=18 exact=0.000 reach_long=1.000 reach_short=1.000 cut=0.000 mode=random
  a=19 exact=0.000 reach_long=1.000 reach_short=1.000 cut=0.000 mode=random
  a=20 exact=0.000 reach_long=1.000 reach_short=1.000 cut=0.000 mode=random
  a=21 exact=0.000 reach_long=1.000 reach_short=1.000 cut=0.000 mode=random
  a=22 exact=0.000 reach_long=1.000 reach_short=1.000 cut=0.000 mode=random
  a=23 exact=0.000 reach_long=1.000 reach_short=1.000 cut=0.000 mode=random

== fixed-label comparison (identity permutation, confirmatory only) ==
  a= 4 exact=1.000 reach_long=1.000 reach_short=1.000 cut=1.000 mode=fixed
  a= 7 exact=1.000 reach_long=1.000 reach_short=1.000 cut=1.000 mode=fixed
  a= 8 exact=1.000 reach_long=1.000 reach_short=1.000 cut=1.000 mode=fixed
  a=10 exact=1.000 reach_long=1.000 reach_short=1.000 cut=1.000 mode=fixed
  a=17 exact=0.000 reach_long=1.000 reach_short=1.000 cut=0.000 mode=fixed
  a=23 exact=0.000 reach_long=1.000 reach_short=1.000 cut=0.000 mode=fixed
  saved -> runs/report9/mechanistic/n46_splitcyclesgrid_seed10000/metrics.csv

== readout decomposition cos(h_i,h_j) (similarity read-out) ==
  readout(similarity) a= 3 done
  readout(similarity) a= 4 done
  readout(similarity) a= 5 done
  readout(similarity) a= 6 done
  readout(similarity) a= 7 done
  readout(similarity) a= 8 done
  readout(similarity) a= 9 done
  readout(similarity) a=10 done
  readout(similarity) a=11 done
  readout(similarity) a=12 done
  readout(similarity) a=13 done
  readout(similarity) a=14 done
  readout(similarity) a=15 done
  readout(similarity) a=16 done
  readout(similarity) a=17 done
  readout(similarity) a=18 done
  readout(similarity) a=19 done
  readout(similarity) a=20 done
  readout(similarity) a=21 done
  readout(similarity) a=22 done
  readout(similarity) a=23 done
  saved -> runs/report9/mechanistic/n46_splitcyclesgrid_seed10000/readout.csv

== W_in geometry (similarity read-out has no W_out) ==
  saved -> runs/report9/mechanistic/n46_splitcyclesgrid_seed10000/weights_summary.json

== attention probe (representative splits) ==
  attention a= 3 done (row_mass1 mean=1.192, exact-contribution over 8 graphs)
  attention a= 4 done (row_mass1 mean=1.311, exact-contribution over 8 graphs)
  attention a= 5 done (row_mass1 mean=1.389, exact-contribution over 8 graphs)
  attention a= 6 done (row_mass1 mean=0.443, exact-contribution over 8 graphs)
  attention a= 7 done (row_mass1 mean=0.445, exact-contribution over 8 graphs)
  attention a= 8 done (row_mass1 mean=0.443, exact-contribution over 8 graphs)
  attention a= 9 done (row_mass1 mean=0.441, exact-contribution over 8 graphs)
  attention a=10 done (row_mass1 mean=0.439, exact-contribution over 8 graphs)
  attention a=11 done (row_mass1 mean=0.436, exact-contribution over 8 graphs)
  attention a=12 done (row_mass1 mean=0.438, exact-contribution over 8 graphs)
  attention a=23 done (row_mass1 mean=0.438, exact-contribution over 8 graphs)
  saved -> runs/report9/mechanistic/n46_splitcyclesgrid_seed10000/attn_cache.npz (66 arrays)
== mechanistic_heatmaps.py (attention scores/alpha, held-out vs trained vs balanced, topology=cycle) ==
checkpoint=runs/report9/n46_train/n46_split_cycles_grid_roberta_similarity_lam0_seed10000/last.pt
  arch=roberta readout=similarity n=46 device=cuda
== attention/Q/K/V heatmap probe ==
  heatmap probe a= 4 done
  heatmap probe a= 8 done
  heatmap probe a=10 done
  heatmap probe a=23 done
  saved -> runs/report9/heatmaps/n46_splitcyclesgrid_seed10000/heatmap_data.npz
== raw weight matrices ==
  saved -> runs/report9/heatmaps/n46_splitcyclesgrid_seed10000/raw_weights.npz
== stagewise_diagnostics.py (layerwise cosine geometry, topology=cycle) ==
checkpoint=runs/report9/n46_train/n46_split_cycles_grid_roberta_similarity_lam0_seed10000/last.pt
  arch=roberta readout=similarity n=46 device=cuda
  [selftest] run_with_stages H2/logits match model.forward_and_embeddings exactly
  stagewise a= 4 done (M_far H0=-0.001, H2=1.342)
  stagewise a= 8 done (M_far H0=0.000, H2=1.167)
  stagewise a=10 done (M_far H0=-0.001, H2=1.103)
  stagewise a=23 done (M_far H0=0.001, H2=0.093)
  saved -> runs/report9/stagewise/n46_splitcyclesgrid_seed10000/stagewise_{geometry.npz,metrics.csv,margins.csv,deltaz.csv}
done: n46_splitcyclesgrid_seed10000
