== n46_split_chains_grid_roberta_similarity_lam0_seed10000 ==
 device=cuda arch=roberta readout=similarity attn_kind=normalized_relu sim_fixed=False lambda=0.0 params=6,329,858
 step    5000 loss=0.27513 bce=0.27513 lap=0.00 lam=0.0e+00 val=0.3490 2ch=0.000 2cl=0.000 64s
 step   10000 loss=0.12586 bce=0.12586 lap=0.00 lam=0.0e+00 val=0.7110 2ch=0.000 2cl=0.000 64s
 step   15000 loss=0.09607 bce=0.09607 lap=0.00 lam=0.0e+00 val=0.7424 2ch=0.000 2cl=0.000 64s
 step   20000 loss=0.08467 bce=0.08467 lap=0.00 lam=0.0e+00 val=0.7474 2ch=0.000 2cl=0.000 64s
 step   25000 loss=0.07620 bce=0.07620 lap=0.00 lam=0.0e+00 val=0.7480 2ch=0.000 2cl=0.000 64s
 step   30000 loss=0.06815 bce=0.06815 lap=0.00 lam=0.0e+00 val=0.8114 2ch=0.000 2cl=0.000 64s
 step   35000 loss=0.05934 bce=0.05934 lap=0.00 lam=0.0e+00 val=0.9528 2ch=0.000 2cl=0.000 64s
 step   40000 loss=0.05083 bce=0.05083 lap=0.00 lam=0.0e+00 val=0.9940 2ch=0.000 2cl=0.000 64s
 step   45000 loss=0.04450 bce=0.04450 lap=0.00 lam=0.0e+00 val=0.9994 2ch=0.000 2cl=0.000 64s
 step   50000 loss=0.04033 bce=0.04033 lap=0.00 lam=0.0e+00 val=0.9998 2ch=0.000 2cl=0.000 64s
 step   55000 loss=0.03770 bce=0.03770 lap=0.00 lam=0.0e+00 val=1.0000 2ch=0.000 2cl=0.000 64s
 step   60000 loss=0.03593 bce=0.03593 lap=0.00 lam=0.0e+00 val=1.0000 2ch=0.000 2cl=0.000 64s
 step   65000 loss=0.03470 bce=0.03470 lap=0.00 lam=0.0e+00 val=1.0000 2ch=0.000 2cl=0.000 65s
 step   70000 loss=0.03375 bce=0.03375 lap=0.00 lam=0.0e+00 val=1.0000 2ch=0.000 2cl=0.000 64s
 step   75000 loss=0.03298 bce=0.03298 lap=0.00 lam=0.0e+00 val=1.0000 2ch=0.000 2cl=0.000 64s
 step   80000 loss=0.03218 bce=0.03218 lap=0.00 lam=0.0e+00 val=1.0000 2ch=0.000 2cl=0.000 65s
 step   85000 loss=0.03124 bce=0.03124 lap=0.00 lam=0.0e+00 val=1.0000 2ch=0.000 2cl=0.000 64s
 step   90000 loss=0.02995 bce=0.02995 lap=0.00 lam=0.0e+00 val=1.0000 2ch=0.000 2cl=0.000 65s
 step   95000 loss=0.02813 bce=0.02813 lap=0.00 lam=0.0e+00 val=1.0000 2ch=0.000 2cl=0.000 65s
 step  100000 loss=0.02513 bce=0.02513 lap=0.00 lam=0.0e+00 val=1.0000 2ch=0.000 2cl=0.000 65s
 step  105000 loss=0.01819 bce=0.01819 lap=0.00 lam=0.0e+00 val=1.0000 2ch=0.000 2cl=0.000 64s
 step  110000 loss=0.00821 bce=0.00821 lap=0.00 lam=0.0e+00 val=1.0000 2ch=0.000 2cl=0.000 64s
 step  115000 loss=0.00594 bce=0.00594 lap=0.00 lam=0.0e+00 val=1.0000 2ch=0.000 2cl=0.000 64s
 step  120000 loss=0.00482 bce=0.00482 lap=0.00 lam=0.0e+00 val=1.0000 2ch=0.000 2cl=0.000 64s
 step  125000 loss=0.00410 bce=0.00410 lap=0.00 lam=0.0e+00 val=1.0000 2ch=0.000 2cl=0.000 64s
 step  130000 loss=0.00360 bce=0.00360 lap=0.00 lam=0.0e+00 val=1.0000 2ch=0.000 2cl=0.000 64s
 step  135000 loss=0.00320 bce=0.00320 lap=0.00 lam=0.0e+00 val=1.0000 2ch=0.000 2cl=0.000 64s
 step  140000 loss=0.00288 bce=0.00288 lap=0.00 lam=0.0e+00 val=1.0000 2ch=0.000 2cl=0.000 64s
 step  145000 loss=0.00262 bce=0.00262 lap=0.00 lam=0.0e+00 val=1.0000 2ch=0.000 2cl=0.000 64s
 step  150000 loss=0.00241 bce=0.00241 lap=0.00 lam=0.0e+00 val=1.0000 2ch=0.000 2cl=0.000 64s
 step  155000 loss=0.00225 bce=0.00225 lap=0.00 lam=0.0e+00 val=1.0000 2ch=0.000 2cl=0.000 64s
 step  160000 loss=0.00207 bce=0.00207 lap=0.00 lam=0.0e+00 val=1.0000 2ch=0.000 2cl=0.000 64s
 step  165000 loss=0.00194 bce=0.00194 lap=0.00 lam=0.0e+00 val=1.0000 2ch=0.000 2cl=0.000 64s
 step  170000 loss=0.00182 bce=0.00182 lap=0.00 lam=0.0e+00 val=1.0000 2ch=0.000 2cl=0.000 64s
 step  175000 loss=0.00171 bce=0.00171 lap=0.00 lam=0.0e+00 val=1.0000 2ch=0.000 2cl=0.000 64s
 step  180000 loss=0.00162 bce=0.00162 lap=0.00 lam=0.0e+00 val=1.0000 2ch=0.000 2cl=0.000 64s
 step  185000 loss=0.00152 bce=0.00152 lap=0.00 lam=0.0e+00 val=1.0000 2ch=0.000 2cl=0.000 64s
 step  190000 loss=0.00143 bce=0.00143 lap=0.00 lam=0.0e+00 val=1.0000 2ch=0.000 2cl=0.000 64s
 step  195000 loss=0.00135 bce=0.00135 lap=0.00 lam=0.0e+00 val=1.0000 2ch=0.000 2cl=0.000 64s
 step  200000 loss=0.00128 bce=0.00128 lap=0.00 lam=0.0e+00 val=1.0000 2ch=0.000 2cl=0.000 64s
 step  205000 loss=0.00123 bce=0.00123 lap=0.00 lam=0.0e+00 val=1.0000 2ch=0.000 2cl=0.000 64s
 step  210000 loss=0.00117 bce=0.00117 lap=0.00 lam=0.0e+00 val=1.0000 2ch=0.000 2cl=0.000 64s
 step  215000 loss=0.00112 bce=0.00112 lap=0.00 lam=0.0e+00 val=1.0000 2ch=0.000 2cl=0.000 64s
 step  220000 loss=0.00108 bce=0.00108 lap=0.00 lam=0.0e+00 val=1.0000 2ch=0.000 2cl=0.000 64s
 step  225000 loss=0.00101 bce=0.00101 lap=0.00 lam=0.0e+00 val=1.0000 2ch=0.000 2cl=0.000 64s
 step  230000 loss=0.00098 bce=0.00098 lap=0.00 lam=0.0e+00 val=1.0000 2ch=0.000 2cl=0.000 64s
 step  235000 loss=0.00095 bce=0.00095 lap=0.00 lam=0.0e+00 val=1.0000 2ch=0.000 2cl=0.000 64s
 step  240000 loss=0.00091 bce=0.00091 lap=0.00 lam=0.0e+00 val=1.0000 2ch=0.000 2cl=0.000 64s
 step  245000 loss=0.00088 bce=0.00088 lap=0.00 lam=0.0e+00 val=1.0000 2ch=0.000 2cl=0.000 64s
 step  250000 loss=0.00084 bce=0.00084 lap=0.00 lam=0.0e+00 val=1.0000 2ch=0.000 2cl=0.000 65s
 step  255000 loss=0.00083 bce=0.00083 lap=0.00 lam=0.0e+00 val=1.0000 2ch=0.000 2cl=0.000 64s
 step  260000 loss=0.00078 bce=0.00078 lap=0.00 lam=0.0e+00 val=1.0000 2ch=0.000 2cl=0.000 64s
 step  265000 loss=0.00076 bce=0.00076 lap=0.00 lam=0.0e+00 val=1.0000 2ch=0.000 2cl=0.000 64s
 step  270000 loss=0.00074 bce=0.00074 lap=0.00 lam=0.0e+00 val=1.0000 2ch=0.000 2cl=0.000 64s
 step  275000 loss=0.00071 bce=0.00071 lap=0.00 lam=0.0e+00 val=1.0000 2ch=0.000 2cl=0.000 64s
 step  280000 loss=0.00070 bce=0.00070 lap=0.00 lam=0.0e+00 val=1.0000 2ch=0.000 2cl=0.000 64s
 step  285000 loss=0.00067 bce=0.00067 lap=0.00 lam=0.0e+00 val=1.0000 2ch=0.000 2cl=0.000 64s
 step  290000 loss=0.00065 bce=0.00065 lap=0.00 lam=0.0e+00 val=1.0000 2ch=0.000 2cl=0.000 64s
 step  295000 loss=0.00064 bce=0.00064 lap=0.00 lam=0.0e+00 val=1.0000 2ch=0.000 2cl=0.000 64s
 step  300000 loss=0.00062 bce=0.00062 lap=0.00 lam=0.0e+00 val=1.0000 2ch=0.000 2cl=0.000 64s
 step  305000 loss=0.00060 bce=0.00060 lap=0.00 lam=0.0e+00 val=1.0000 2ch=0.000 2cl=0.000 64s
 step  310000 loss=0.00059 bce=0.00059 lap=0.00 lam=0.0e+00 val=1.0000 2ch=0.000 2cl=0.000 64s
 step  315000 loss=0.00057 bce=0.00057 lap=0.00 lam=0.0e+00 val=1.0000 2ch=0.000 2cl=0.000 64s
 step  320000 loss=0.00056 bce=0.00056 lap=0.00 lam=0.0e+00 val=1.0000 2ch=0.000 2cl=0.000 64s
 step  325000 loss=0.00054 bce=0.00054 lap=0.00 lam=0.0e+00 val=1.0000 2ch=0.000 2cl=0.000 64s
 step  330000 loss=0.00053 bce=0.00053 lap=0.00 lam=0.0e+00 val=1.0000 2ch=0.000 2cl=0.000 64s
 step  335000 loss=0.00053 bce=0.00053 lap=0.00 lam=0.0e+00 val=1.0000 2ch=0.000 2cl=0.000 64s
 step  340000 loss=0.00050 bce=0.00050 lap=0.00 lam=0.0e+00 val=1.0000 2ch=0.000 2cl=0.000 64s
 step  345000 loss=0.00049 bce=0.00049 lap=0.00 lam=0.0e+00 val=1.0000 2ch=0.000 2cl=0.000 64s
 step  350000 loss=0.00048 bce=0.00048 lap=0.00 lam=0.0e+00 val=1.0000 2ch=0.000 2cl=0.000 64s
 step  355000 loss=0.00047 bce=0.00047 lap=0.00 lam=0.0e+00 val=1.0000 2ch=0.000 2cl=0.000 64s
 step  360000 loss=0.00046 bce=0.00046 lap=0.00 lam=0.0e+00 val=1.0000 2ch=0.000 2cl=0.000 64s
 step  365000 loss=0.00045 bce=0.00045 lap=0.00 lam=0.0e+00 val=1.0000 2ch=0.000 2cl=0.000 64s
 step  370000 loss=0.00044 bce=0.00044 lap=0.00 lam=0.0e+00 val=1.0000 2ch=0.000 2cl=0.000 64s
 step  375000 loss=0.00043 bce=0.00043 lap=0.00 lam=0.0e+00 val=1.0000 2ch=0.000 2cl=0.000 64s
 step  380000 loss=0.00042 bce=0.00042 lap=0.00 lam=0.0e+00 val=1.0000 2ch=0.000 2cl=0.000 64s
 step  385000 loss=0.00042 bce=0.00042 lap=0.00 lam=0.0e+00 val=1.0000 2ch=0.000 2cl=0.000 64s
 step  390000 loss=0.00041 bce=0.00041 lap=0.00 lam=0.0e+00 val=1.0000 2ch=0.000 2cl=0.000 64s
 step  395000 loss=0.00040 bce=0.00040 lap=0.00 lam=0.0e+00 val=1.0000 2ch=0.000 2cl=0.000 64s
 step  400000 loss=0.00039 bce=0.00039 lap=0.00 lam=0.0e+00 val=1.0000 2ch=0.000 2cl=0.000 64s
 step  405000 loss=0.00038 bce=0.00038 lap=0.00 lam=0.0e+00 val=1.0000 2ch=0.000 2cl=0.000 64s
 step  410000 loss=0.00037 bce=0.00037 lap=0.00 lam=0.0e+00 val=1.0000 2ch=0.000 2cl=0.000 64s
 step  415000 loss=0.00037 bce=0.00037 lap=0.00 lam=0.0e+00 val=1.0000 2ch=0.000 2cl=0.000 64s
 step  420000 loss=0.00036 bce=0.00036 lap=0.00 lam=0.0e+00 val=1.0000 2ch=0.000 2cl=0.000 64s
 step  425000 loss=0.00035 bce=0.00035 lap=0.00 lam=0.0e+00 val=1.0000 2ch=0.000 2cl=0.000 64s
 step  430000 loss=0.00035 bce=0.00035 lap=0.00 lam=0.0e+00 val=1.0000 2ch=0.000 2cl=0.000 64s
 step  435000 loss=0.00034 bce=0.00034 lap=0.00 lam=0.0e+00 val=1.0000 2ch=0.000 2cl=0.000 65s
 step  440000 loss=0.00034 bce=0.00034 lap=0.00 lam=0.0e+00 val=1.0000 2ch=0.000 2cl=0.000 64s
 step  445000 loss=0.00032 bce=0.00032 lap=0.00 lam=0.0e+00 val=1.0000 2ch=0.000 2cl=0.000 65s
 step  450000 loss=0.00032 bce=0.00032 lap=0.00 lam=0.0e+00 val=1.0000 2ch=0.000 2cl=0.000 65s
 step  455000 loss=0.00032 bce=0.00032 lap=0.00 lam=0.0e+00 val=1.0000 2ch=0.000 2cl=0.000 64s
 step  460000 loss=0.00032 bce=0.00032 lap=0.00 lam=0.0e+00 val=1.0000 2ch=0.000 2cl=0.000 65s
 step  465000 loss=0.00030 bce=0.00030 lap=0.00 lam=0.0e+00 val=1.0000 2ch=0.000 2cl=0.000 66s
 step  470000 loss=0.00031 bce=0.00031 lap=0.00 lam=0.0e+00 val=1.0000 2ch=0.000 2cl=0.000 66s
 step  475000 loss=0.00029 bce=0.00029 lap=0.00 lam=0.0e+00 val=1.0000 2ch=0.000 2cl=0.000 64s
 step  480000 loss=0.00029 bce=0.00029 lap=0.00 lam=0.0e+00 val=1.0000 2ch=0.000 2cl=0.000 65s
 step  485000 loss=0.00028 bce=0.00028 lap=0.00 lam=0.0e+00 val=1.0000 2ch=0.000 2cl=0.000 65s
 step  490000 loss=0.00028 bce=0.00028 lap=0.00 lam=0.0e+00 val=1.0000 2ch=0.000 2cl=0.000 65s
 step  495000 loss=0.00027 bce=0.00027 lap=0.00 lam=0.0e+00 val=1.0000 2ch=0.000 2cl=0.000 65s
 step  500000 loss=0.00027 bce=0.00027 lap=0.00 lam=0.0e+00 val=1.0000 2ch=0.000 2cl=0.000 65s
 step  505000 loss=0.00026 bce=0.00026 lap=0.00 lam=0.0e+00 val=1.0000 2ch=0.000 2cl=0.000 65s
 step  510000 loss=0.00026 bce=0.00026 lap=0.00 lam=0.0e+00 val=1.0000 2ch=0.000 2cl=0.000 64s
 step  515000 loss=0.00025 bce=0.00025 lap=0.00 lam=0.0e+00 val=1.0000 2ch=0.000 2cl=0.000 65s
 step  520000 loss=0.00024 bce=0.00024 lap=0.00 lam=0.0e+00 val=1.0000 2ch=0.000 2cl=0.000 64s
