checkpoint=runs/report10/n60_train/n60_path_union_k3_roberta_similarity_lam0_seed1000/last.pt
  arch=roberta readout=similarity n=60 device=cuda seed_base=1000 n_repeats=5
  [selftest] run_with_stages H2/logits match model.forward_and_embeddings exactly
  repeat=0 k=1: term_connect=0.220 reach_route=0.859 pred_pos=0.926 s_t_mean_cos=+0.995 s_t_std_cos=0.003
  repeat=0 k=2: term_connect=0.040 reach_route=0.871 pred_pos=0.934 s_t_mean_cos=+0.981 s_t_std_cos=0.006
  repeat=0 k=3: term_connect=0.060 reach_route=0.875 pred_pos=0.936 s_t_mean_cos=+0.977 s_t_std_cos=0.007
  repeat=1 k=1: term_connect=0.360 reach_route=0.877 pred_pos=0.936 s_t_mean_cos=+0.996 s_t_std_cos=0.003
  repeat=1 k=2: term_connect=0.080 reach_route=0.875 pred_pos=0.934 s_t_mean_cos=+0.981 s_t_std_cos=0.006
  repeat=1 k=3: term_connect=0.040 reach_route=0.875 pred_pos=0.936 s_t_mean_cos=+0.976 s_t_std_cos=0.006
  repeat=2 k=1: term_connect=0.240 reach_route=0.871 pred_pos=0.935 s_t_mean_cos=+0.995 s_t_std_cos=0.003
  repeat=2 k=2: term_connect=0.040 reach_route=0.874 pred_pos=0.934 s_t_mean_cos=+0.979 s_t_std_cos=0.006
  repeat=2 k=3: term_connect=0.040 reach_route=0.877 pred_pos=0.936 s_t_mean_cos=+0.977 s_t_std_cos=0.005
  repeat=3 k=1: term_connect=0.260 reach_route=0.867 pred_pos=0.929 s_t_mean_cos=+0.994 s_t_std_cos=0.003
  repeat=3 k=2: term_connect=0.020 reach_route=0.879 pred_pos=0.934 s_t_mean_cos=+0.980 s_t_std_cos=0.005
  repeat=3 k=3: term_connect=0.000 reach_route=0.879 pred_pos=0.936 s_t_mean_cos=+0.977 s_t_std_cos=0.005
  repeat=4 k=1: term_connect=0.260 reach_route=0.867 pred_pos=0.928 s_t_mean_cos=+0.995 s_t_std_cos=0.003
  repeat=4 k=2: term_connect=0.000 reach_route=0.878 pred_pos=0.935 s_t_mean_cos=+0.980 s_t_std_cos=0.006
  repeat=4 k=3: term_connect=0.040 reach_route=0.877 pred_pos=0.936 s_t_mean_cos=+0.976 s_t_std_cos=0.005
  AGGREGATE k=1: term_connect=0.268+-0.048 reach_route=0.868+-0.006
  AGGREGATE k=2: term_connect=0.036+-0.027 reach_route=0.875+-0.003
  AGGREGATE k=3: term_connect=0.036+-0.020 reach_route=0.877+-0.002
  saved -> runs/report10/multipath_geometry/n60_pathunion_k3_seed1000_repeats5/multipath_geometry.json
wrote runs/report10/multipath_geometry/n60_pathunion_k3_seed1000_repeats5/term_connect_vs_k.png and h2_geometry_by_category.png
done: n60_pathunion_k3_seed1000_repeats5
