== n60_path_union_k3_roberta_similarity_lam0_seed2000 ==
 device=cuda arch=roberta readout=similarity attn_kind=normalized_relu sim_fixed=False lambda=0.0 params=6,337,026
 step    5000 loss=0.52666 bce=0.52666 lap=0.00 lam=0.0e+00 val=0.0000 2ch=0.000 2cl=0.000 81s
 step   10000 loss=0.46705 bce=0.46705 lap=0.00 lam=0.0e+00 val=0.0000 2ch=0.000 2cl=0.000 80s
 step   15000 loss=0.43179 bce=0.43179 lap=0.00 lam=0.0e+00 val=0.0000 2ch=0.000 2cl=0.046 80s
 step   20000 loss=0.39446 bce=0.39446 lap=0.00 lam=0.0e+00 val=0.0000 2ch=0.000 2cl=0.000 80s
 step   25000 loss=0.36143 bce=0.36143 lap=0.00 lam=0.0e+00 val=0.0000 2ch=0.000 2cl=0.000 80s
 step   30000 loss=0.33544 bce=0.33544 lap=0.00 lam=0.0e+00 val=0.0000 2ch=0.000 2cl=0.000 80s
 step   35000 loss=0.31610 bce=0.31610 lap=0.00 lam=0.0e+00 val=0.0000 2ch=0.000 2cl=0.000 80s
 step   40000 loss=0.29985 bce=0.29985 lap=0.00 lam=0.0e+00 val=0.0000 2ch=0.000 2cl=0.000 80s
 step   45000 loss=0.28581 bce=0.28581 lap=0.00 lam=0.0e+00 val=0.0000 2ch=0.000 2cl=0.000 80s
 step   50000 loss=0.27475 bce=0.27475 lap=0.00 lam=0.0e+00 val=0.0000 2ch=0.000 2cl=0.000 80s
 step   55000 loss=0.26672 bce=0.26672 lap=0.00 lam=0.0e+00 val=0.0004 2ch=0.000 2cl=0.000 81s
 step   60000 loss=0.26005 bce=0.26005 lap=0.00 lam=0.0e+00 val=0.0000 2ch=0.000 2cl=0.000 81s
 step   65000 loss=0.25455 bce=0.25455 lap=0.00 lam=0.0e+00 val=0.0014 2ch=0.000 2cl=0.000 80s
 step   70000 loss=0.24934 bce=0.24934 lap=0.00 lam=0.0e+00 val=0.0012 2ch=0.000 2cl=0.000 79s
 step   75000 loss=0.24527 bce=0.24527 lap=0.00 lam=0.0e+00 val=0.0106 2ch=0.000 2cl=0.000 79s
 step   80000 loss=0.24164 bce=0.24164 lap=0.00 lam=0.0e+00 val=0.0068 2ch=0.000 2cl=0.000 79s
 step   85000 loss=0.23855 bce=0.23855 lap=0.00 lam=0.0e+00 val=0.0112 2ch=0.000 2cl=0.000 79s
 step   90000 loss=0.23580 bce=0.23580 lap=0.00 lam=0.0e+00 val=0.0098 2ch=0.000 2cl=0.000 79s
 step   95000 loss=0.23337 bce=0.23337 lap=0.00 lam=0.0e+00 val=0.0134 2ch=0.000 2cl=0.000 79s
 step  100000 loss=0.23106 bce=0.23106 lap=0.00 lam=0.0e+00 val=0.0162 2ch=0.000 2cl=0.000 80s
 step  105000 loss=0.22887 bce=0.22887 lap=0.00 lam=0.0e+00 val=0.0228 2ch=0.000 2cl=0.000 80s
 step  110000 loss=0.22709 bce=0.22709 lap=0.00 lam=0.0e+00 val=0.0188 2ch=0.000 2cl=0.000 81s
 step  115000 loss=0.22518 bce=0.22518 lap=0.00 lam=0.0e+00 val=0.0306 2ch=0.000 2cl=0.000 81s
 step  120000 loss=0.22356 bce=0.22356 lap=0.00 lam=0.0e+00 val=0.0366 2ch=0.000 2cl=0.000 81s
 step  125000 loss=0.22173 bce=0.22173 lap=0.00 lam=0.0e+00 val=0.0436 2ch=0.000 2cl=0.000 81s
 step  130000 loss=0.22011 bce=0.22011 lap=0.00 lam=0.0e+00 val=0.0446 2ch=0.000 2cl=0.000 81s
 step  135000 loss=0.21839 bce=0.21839 lap=0.00 lam=0.0e+00 val=0.0584 2ch=0.000 2cl=0.000 81s
 step  140000 loss=0.21672 bce=0.21672 lap=0.00 lam=0.0e+00 val=0.0480 2ch=0.000 2cl=0.000 80s
 step  145000 loss=0.21500 bce=0.21500 lap=0.00 lam=0.0e+00 val=0.0676 2ch=0.000 2cl=0.000 81s
 step  150000 loss=0.21326 bce=0.21326 lap=0.00 lam=0.0e+00 val=0.0828 2ch=0.000 2cl=0.000 81s
 step  155000 loss=0.21149 bce=0.21149 lap=0.00 lam=0.0e+00 val=0.0758 2ch=0.000 2cl=0.000 81s
 step  160000 loss=0.20965 bce=0.20965 lap=0.00 lam=0.0e+00 val=0.0914 2ch=0.000 2cl=0.000 81s
 step  165000 loss=0.20775 bce=0.20775 lap=0.00 lam=0.0e+00 val=0.0866 2ch=0.000 2cl=0.000 80s
 step  170000 loss=0.20588 bce=0.20588 lap=0.00 lam=0.0e+00 val=0.0924 2ch=0.000 2cl=0.000 80s
 step  175000 loss=0.20403 bce=0.20403 lap=0.00 lam=0.0e+00 val=0.0932 2ch=0.000 2cl=0.000 81s
 step  180000 loss=0.20217 bce=0.20217 lap=0.00 lam=0.0e+00 val=0.0942 2ch=0.000 2cl=0.000 81s
 step  185000 loss=0.20024 bce=0.20024 lap=0.00 lam=0.0e+00 val=0.1046 2ch=0.000 2cl=0.000 80s
 step  190000 loss=0.19848 bce=0.19848 lap=0.00 lam=0.0e+00 val=0.1076 2ch=0.000 2cl=0.000 81s
 step  195000 loss=0.19678 bce=0.19678 lap=0.00 lam=0.0e+00 val=0.1078 2ch=0.000 2cl=0.000 81s
 step  200000 loss=0.19496 bce=0.19496 lap=0.00 lam=0.0e+00 val=0.1158 2ch=0.000 2cl=0.000 81s
 step  205000 loss=0.19329 bce=0.19329 lap=0.00 lam=0.0e+00 val=0.1064 2ch=0.000 2cl=0.000 81s
 step  210000 loss=0.19166 bce=0.19166 lap=0.00 lam=0.0e+00 val=0.1254 2ch=0.000 2cl=0.000 81s
 step  215000 loss=0.18999 bce=0.18999 lap=0.00 lam=0.0e+00 val=0.1232 2ch=0.000 2cl=0.000 80s
 step  220000 loss=0.18848 bce=0.18848 lap=0.00 lam=0.0e+00 val=0.1220 2ch=0.000 2cl=0.000 81s
 step  225000 loss=0.18702 bce=0.18702 lap=0.00 lam=0.0e+00 val=0.1278 2ch=0.000 2cl=0.000 81s
 step  230000 loss=0.18564 bce=0.18564 lap=0.00 lam=0.0e+00 val=0.1188 2ch=0.000 2cl=0.000 80s
 step  235000 loss=0.18436 bce=0.18436 lap=0.00 lam=0.0e+00 val=0.1356 2ch=0.000 2cl=0.000 81s
 step  240000 loss=0.18305 bce=0.18305 lap=0.00 lam=0.0e+00 val=0.1184 2ch=0.000 2cl=0.000 80s
 step  245000 loss=0.18187 bce=0.18187 lap=0.00 lam=0.0e+00 val=0.1550 2ch=0.000 2cl=0.000 81s
 step  250000 loss=0.18079 bce=0.18079 lap=0.00 lam=0.0e+00 val=0.1452 2ch=0.000 2cl=0.000 81s
 step  255000 loss=0.17987 bce=0.17987 lap=0.00 lam=0.0e+00 val=0.1620 2ch=0.000 2cl=0.000 81s
 step  260000 loss=0.17885 bce=0.17885 lap=0.00 lam=0.0e+00 val=0.1560 2ch=0.000 2cl=0.000 81s
 step  265000 loss=0.17793 bce=0.17793 lap=0.00 lam=0.0e+00 val=0.1408 2ch=0.000 2cl=0.000 81s
 step  270000 loss=0.17707 bce=0.17707 lap=0.00 lam=0.0e+00 val=0.1534 2ch=0.000 2cl=0.000 81s
 step  275000 loss=0.17626 bce=0.17626 lap=0.00 lam=0.0e+00 val=0.1636 2ch=0.000 2cl=0.000 81s
 step  280000 loss=0.17550 bce=0.17550 lap=0.00 lam=0.0e+00 val=0.1582 2ch=0.000 2cl=0.000 81s
 step  285000 loss=0.17485 bce=0.17485 lap=0.00 lam=0.0e+00 val=0.1390 2ch=0.000 2cl=0.000 80s
 step  290000 loss=0.17417 bce=0.17417 lap=0.00 lam=0.0e+00 val=0.1682 2ch=0.000 2cl=0.000 81s
 step  295000 loss=0.17346 bce=0.17346 lap=0.00 lam=0.0e+00 val=0.1490 2ch=0.000 2cl=0.000 81s
 step  300000 loss=0.17288 bce=0.17288 lap=0.00 lam=0.0e+00 val=0.1670 2ch=0.000 2cl=0.000 80s
 step  305000 loss=0.17224 bce=0.17224 lap=0.00 lam=0.0e+00 val=0.1644 2ch=0.000 2cl=0.000 81s
 step  310000 loss=0.17169 bce=0.17169 lap=0.00 lam=0.0e+00 val=0.1604 2ch=0.000 2cl=0.000 81s
 step  315000 loss=0.17107 bce=0.17107 lap=0.00 lam=0.0e+00 val=0.1712 2ch=0.000 2cl=0.000 81s
 step  320000 loss=0.17059 bce=0.17059 lap=0.00 lam=0.0e+00 val=0.1690 2ch=0.000 2cl=0.000 81s
 step  325000 loss=0.17016 bce=0.17016 lap=0.00 lam=0.0e+00 val=0.1688 2ch=0.000 2cl=0.000 81s
 step  330000 loss=0.16959 bce=0.16959 lap=0.00 lam=0.0e+00 val=0.1720 2ch=0.000 2cl=0.000 81s
 step  335000 loss=0.16918 bce=0.16918 lap=0.00 lam=0.0e+00 val=0.1726 2ch=0.000 2cl=0.000 81s
 step  340000 loss=0.16870 bce=0.16870 lap=0.00 lam=0.0e+00 val=0.1712 2ch=0.000 2cl=0.000 81s
 step  345000 loss=0.16829 bce=0.16829 lap=0.00 lam=0.0e+00 val=0.1636 2ch=0.000 2cl=0.000 81s
 step  350000 loss=0.16781 bce=0.16781 lap=0.00 lam=0.0e+00 val=0.1646 2ch=0.000 2cl=0.000 81s
 step  355000 loss=0.16743 bce=0.16743 lap=0.00 lam=0.0e+00 val=0.1788 2ch=0.000 2cl=0.000 81s
 step  360000 loss=0.16705 bce=0.16705 lap=0.00 lam=0.0e+00 val=0.1672 2ch=0.000 2cl=0.000 80s
 step  365000 loss=0.16672 bce=0.16672 lap=0.00 lam=0.0e+00 val=0.1822 2ch=0.000 2cl=0.000 81s
 step  370000 loss=0.16628 bce=0.16628 lap=0.00 lam=0.0e+00 val=0.1766 2ch=0.000 2cl=0.000 80s
 step  375000 loss=0.16594 bce=0.16594 lap=0.00 lam=0.0e+00 val=0.1764 2ch=0.000 2cl=0.000 81s
 step  380000 loss=0.16561 bce=0.16561 lap=0.00 lam=0.0e+00 val=0.1800 2ch=0.000 2cl=0.000 81s
 step  385000 loss=0.16528 bce=0.16528 lap=0.00 lam=0.0e+00 val=0.1778 2ch=0.000 2cl=0.000 82s
 step  390000 loss=0.16506 bce=0.16506 lap=0.00 lam=0.0e+00 val=0.1778 2ch=0.000 2cl=0.000 81s
 step  395000 loss=0.16468 bce=0.16468 lap=0.00 lam=0.0e+00 val=0.1724 2ch=0.000 2cl=0.000 81s
 step  400000 loss=0.16438 bce=0.16438 lap=0.00 lam=0.0e+00 val=0.1806 2ch=0.000 2cl=0.000 81s
 step  405000 loss=0.16408 bce=0.16408 lap=0.00 lam=0.0e+00 val=0.1806 2ch=0.000 2cl=0.000 81s
 step  410000 loss=0.16383 bce=0.16383 lap=0.00 lam=0.0e+00 val=0.1802 2ch=0.000 2cl=0.000 81s
 step  415000 loss=0.16355 bce=0.16355 lap=0.00 lam=0.0e+00 val=0.1820 2ch=0.000 2cl=0.000 81s
 step  420000 loss=0.16328 bce=0.16328 lap=0.00 lam=0.0e+00 val=0.1836 2ch=0.000 2cl=0.000 81s
 step  425000 loss=0.16298 bce=0.16298 lap=0.00 lam=0.0e+00 val=0.1824 2ch=0.000 2cl=0.000 81s
 step  430000 loss=0.16275 bce=0.16275 lap=0.00 lam=0.0e+00 val=0.1852 2ch=0.000 2cl=0.000 81s
 step  435000 loss=0.16255 bce=0.16255 lap=0.00 lam=0.0e+00 val=0.1816 2ch=0.000 2cl=0.000 80s
 step  440000 loss=0.16224 bce=0.16224 lap=0.00 lam=0.0e+00 val=0.1798 2ch=0.000 2cl=0.000 81s
 step  445000 loss=0.16199 bce=0.16199 lap=0.00 lam=0.0e+00 val=0.1836 2ch=0.000 2cl=0.000 80s
 step  450000 loss=0.16177 bce=0.16177 lap=0.00 lam=0.0e+00 val=0.1776 2ch=0.000 2cl=0.000 81s
 step  455000 loss=0.16157 bce=0.16157 lap=0.00 lam=0.0e+00 val=0.1750 2ch=0.000 2cl=0.000 81s
 step  460000 loss=0.16133 bce=0.16133 lap=0.00 lam=0.0e+00 val=0.1852 2ch=0.000 2cl=0.000 81s
 step  465000 loss=0.16113 bce=0.16113 lap=0.00 lam=0.0e+00 val=0.1782 2ch=0.000 2cl=0.000 80s
 step  470000 loss=0.16088 bce=0.16088 lap=0.00 lam=0.0e+00 val=0.1868 2ch=0.000 2cl=0.000 80s
 step  475000 loss=0.16074 bce=0.16074 lap=0.00 lam=0.0e+00 val=0.1874 2ch=0.000 2cl=0.000 81s
 step  480000 loss=0.16050 bce=0.16050 lap=0.00 lam=0.0e+00 val=0.1814 2ch=0.000 2cl=0.000 81s
 step  485000 loss=0.16029 bce=0.16029 lap=0.00 lam=0.0e+00 val=0.1840 2ch=0.000 2cl=0.000 81s
 step  490000 loss=0.16010 bce=0.16010 lap=0.00 lam=0.0e+00 val=0.1808 2ch=0.000 2cl=0.000 82s
 step  495000 loss=0.15990 bce=0.15990 lap=0.00 lam=0.0e+00 val=0.1822 2ch=0.000 2cl=0.000 81s
 step  500000 loss=0.15978 bce=0.15978 lap=0.00 lam=0.0e+00 val=0.1870 2ch=0.000 2cl=0.000 81s
 step  505000 loss=0.15956 bce=0.15956 lap=0.00 lam=0.0e+00 val=0.1884 2ch=0.000 2cl=0.000 81s
 step  510000 loss=0.15934 bce=0.15934 lap=0.00 lam=0.0e+00 val=0.1864 2ch=0.000 2cl=0.000 81s
 step  515000 loss=0.15915 bce=0.15915 lap=0.00 lam=0.0e+00 val=0.1896 2ch=0.000 2cl=0.000 81s
 step  520000 loss=0.15898 bce=0.15898 lap=0.00 lam=0.0e+00 val=0.1874 2ch=0.000 2cl=0.000 81s
 step  525000 loss=0.15884 bce=0.15884 lap=0.00 lam=0.0e+00 val=0.1866 2ch=0.000 2cl=0.000 81s
 step  530000 loss=0.15867 bce=0.15867 lap=0.00 lam=0.0e+00 val=0.1848 2ch=0.000 2cl=0.000 81s
 step  535000 loss=0.15849 bce=0.15849 lap=0.00 lam=0.0e+00 val=0.1862 2ch=0.000 2cl=0.000 81s
 step  540000 loss=0.15828 bce=0.15828 lap=0.00 lam=0.0e+00 val=0.1834 2ch=0.000 2cl=0.000 81s
 step  545000 loss=0.15810 bce=0.15810 lap=0.00 lam=0.0e+00 val=0.1916 2ch=0.000 2cl=0.000 81s
 step  550000 loss=0.15800 bce=0.15800 lap=0.00 lam=0.0e+00 val=0.1874 2ch=0.000 2cl=0.000 81s
 step  555000 loss=0.15781 bce=0.15781 lap=0.00 lam=0.0e+00 val=0.1802 2ch=0.000 2cl=0.000 81s
 step  560000 loss=0.15766 bce=0.15766 lap=0.00 lam=0.0e+00 val=0.1890 2ch=0.000 2cl=0.000 81s
 step  565000 loss=0.15753 bce=0.15753 lap=0.00 lam=0.0e+00 val=0.1888 2ch=0.000 2cl=0.000 81s
 step  570000 loss=0.15739 bce=0.15739 lap=0.00 lam=0.0e+00 val=0.1878 2ch=0.000 2cl=0.000 81s
 step  575000 loss=0.15719 bce=0.15719 lap=0.00 lam=0.0e+00 val=0.1848 2ch=0.000 2cl=0.000 81s
 step  580000 loss=0.15701 bce=0.15701 lap=0.00 lam=0.0e+00 val=0.1886 2ch=0.000 2cl=0.000 81s
 step  585000 loss=0.15696 bce=0.15696 lap=0.00 lam=0.0e+00 val=0.1856 2ch=0.000 2cl=0.000 80s
 step  590000 loss=0.15683 bce=0.15683 lap=0.00 lam=0.0e+00 val=0.1884 2ch=0.000 2cl=0.000 80s
 step  595000 loss=0.15666 bce=0.15666 lap=0.00 lam=0.0e+00 val=0.1880 2ch=0.000 2cl=0.000 80s
 step  600000 loss=0.15652 bce=0.15652 lap=0.00 lam=0.0e+00 val=0.1854 2ch=0.000 2cl=0.000 81s
 step  605000 loss=0.15638 bce=0.15638 lap=0.00 lam=0.0e+00 val=0.1814 2ch=0.000 2cl=0.000 81s
 step  610000 loss=0.15620 bce=0.15620 lap=0.00 lam=0.0e+00 val=0.1898 2ch=0.000 2cl=0.000 81s
 step  615000 loss=0.15604 bce=0.15604 lap=0.00 lam=0.0e+00 val=0.1850 2ch=0.000 2cl=0.000 81s
 step  620000 loss=0.15595 bce=0.15595 lap=0.00 lam=0.0e+00 val=0.1822 2ch=0.000 2cl=0.000 81s
 step  625000 loss=0.15592 bce=0.15592 lap=0.00 lam=0.0e+00 val=0.1836 2ch=0.000 2cl=0.000 81s
 step  630000 loss=0.15572 bce=0.15572 lap=0.00 lam=0.0e+00 val=0.1936 2ch=0.000 2cl=0.000 81s
 step  635000 loss=0.15564 bce=0.15564 lap=0.00 lam=0.0e+00 val=0.1848 2ch=0.000 2cl=0.000 81s
 step  640000 loss=0.15545 bce=0.15545 lap=0.00 lam=0.0e+00 val=0.1920 2ch=0.000 2cl=0.000 81s
 step  645000 loss=0.15535 bce=0.15535 lap=0.00 lam=0.0e+00 val=0.1790 2ch=0.000 2cl=0.000 81s
 step  650000 loss=0.15526 bce=0.15526 lap=0.00 lam=0.0e+00 val=0.1898 2ch=0.000 2cl=0.000 81s
 step  655000 loss=0.15513 bce=0.15513 lap=0.00 lam=0.0e+00 val=0.1856 2ch=0.000 2cl=0.000 80s
 step  660000 loss=0.15501 bce=0.15501 lap=0.00 lam=0.0e+00 val=0.1882 2ch=0.000 2cl=0.000 80s
 step  665000 loss=0.15492 bce=0.15492 lap=0.00 lam=0.0e+00 val=0.1900 2ch=0.000 2cl=0.000 81s
 step  670000 loss=0.15481 bce=0.15481 lap=0.00 lam=0.0e+00 val=0.1862 2ch=0.000 2cl=0.000 81s
 step  675000 loss=0.15465 bce=0.15465 lap=0.00 lam=0.0e+00 val=0.1896 2ch=0.000 2cl=0.000 81s
 step  680000 loss=0.15455 bce=0.15455 lap=0.00 lam=0.0e+00 val=0.1866 2ch=0.000 2cl=0.000 81s
 step  685000 loss=0.15441 bce=0.15441 lap=0.00 lam=0.0e+00 val=0.1888 2ch=0.000 2cl=0.000 81s
 step  690000 loss=0.15435 bce=0.15435 lap=0.00 lam=0.0e+00 val=0.1814 2ch=0.000 2cl=0.000 80s
 step  695000 loss=0.15422 bce=0.15422 lap=0.00 lam=0.0e+00 val=0.1950 2ch=0.000 2cl=0.000 81s
 step  700000 loss=0.15415 bce=0.15415 lap=0.00 lam=0.0e+00 val=0.1880 2ch=0.000 2cl=0.000 81s
 step  705000 loss=0.15405 bce=0.15405 lap=0.00 lam=0.0e+00 val=0.1858 2ch=0.000 2cl=0.000 81s
 step  710000 loss=0.15395 bce=0.15395 lap=0.00 lam=0.0e+00 val=0.1878 2ch=0.000 2cl=0.000 81s
 step  715000 loss=0.15385 bce=0.15385 lap=0.00 lam=0.0e+00 val=0.1910 2ch=0.000 2cl=0.000 81s
 step  720000 loss=0.15374 bce=0.15374 lap=0.00 lam=0.0e+00 val=0.1854 2ch=0.000 2cl=0.000 81s
 step  725000 loss=0.15365 bce=0.15365 lap=0.00 lam=0.0e+00 val=0.1850 2ch=0.000 2cl=0.000 81s
 step  730000 loss=0.15360 bce=0.15360 lap=0.00 lam=0.0e+00 val=0.1836 2ch=0.000 2cl=0.000 81s
 step  735000 loss=0.15345 bce=0.15345 lap=0.00 lam=0.0e+00 val=0.1860 2ch=0.000 2cl=0.000 81s
 step  740000 loss=0.15348 bce=0.15348 lap=0.00 lam=0.0e+00 val=0.1880 2ch=0.000 2cl=0.000 82s
 step  745000 loss=0.15331 bce=0.15331 lap=0.00 lam=0.0e+00 val=0.1872 2ch=0.000 2cl=0.000 80s
 step  750000 loss=0.15326 bce=0.15326 lap=0.00 lam=0.0e+00 val=0.1890 2ch=0.000 2cl=0.000 81s
 step  755000 loss=0.15320 bce=0.15320 lap=0.00 lam=0.0e+00 val=0.1878 2ch=0.000 2cl=0.000 81s
 step  760000 loss=0.15305 bce=0.15305 lap=0.00 lam=0.0e+00 val=0.1860 2ch=0.000 2cl=0.000 81s
 step  765000 loss=0.15301 bce=0.15301 lap=0.00 lam=0.0e+00 val=0.1884 2ch=0.000 2cl=0.000 81s
 step  770000 loss=0.15289 bce=0.15289 lap=0.00 lam=0.0e+00 val=0.1882 2ch=0.000 2cl=0.000 81s
 step  775000 loss=0.15283 bce=0.15283 lap=0.00 lam=0.0e+00 val=0.1918 2ch=0.000 2cl=0.000 81s
 step  780000 loss=0.15276 bce=0.15276 lap=0.00 lam=0.0e+00 val=0.1844 2ch=0.000 2cl=0.000 81s
 step  785000 loss=0.15268 bce=0.15268 lap=0.00 lam=0.0e+00 val=0.1868 2ch=0.000 2cl=0.000 82s
 step  790000 loss=0.15260 bce=0.15260 lap=0.00 lam=0.0e+00 val=0.1888 2ch=0.000 2cl=0.000 81s
 step  795000 loss=0.15255 bce=0.15255 lap=0.00 lam=0.0e+00 val=0.1866 2ch=0.000 2cl=0.000 81s
 step  800000 loss=0.15250 bce=0.15250 lap=0.00 lam=0.0e+00 val=0.1858 2ch=0.000 2cl=0.000 82s
 step  805000 loss=0.15246 bce=0.15246 lap=0.00 lam=0.0e+00 val=0.1886 2ch=0.000 2cl=0.000 82s
 step  810000 loss=0.15238 bce=0.15238 lap=0.00 lam=0.0e+00 val=0.1870 2ch=0.000 2cl=0.000 81s
 step  815000 loss=0.15225 bce=0.15225 lap=0.00 lam=0.0e+00 val=0.1904 2ch=0.000 2cl=0.000 81s
 step  820000 loss=0.15219 bce=0.15219 lap=0.00 lam=0.0e+00 val=0.1826 2ch=0.000 2cl=0.000 82s
 step  825000 loss=0.15216 bce=0.15216 lap=0.00 lam=0.0e+00 val=0.1858 2ch=0.000 2cl=0.000 81s
 step  830000 loss=0.15208 bce=0.15208 lap=0.00 lam=0.0e+00 val=0.1854 2ch=0.000 2cl=0.000 81s
 step  835000 loss=0.15202 bce=0.15202 lap=0.00 lam=0.0e+00 val=0.1900 2ch=0.000 2cl=0.000 81s
 step  840000 loss=0.15189 bce=0.15189 lap=0.00 lam=0.0e+00 val=0.1840 2ch=0.000 2cl=0.000 83s
 step  845000 loss=0.15192 bce=0.15192 lap=0.00 lam=0.0e+00 val=0.1868 2ch=0.000 2cl=0.000 82s
 step  850000 loss=0.15183 bce=0.15183 lap=0.00 lam=0.0e+00 val=0.1888 2ch=0.000 2cl=0.000 82s
 step  855000 loss=0.15183 bce=0.15183 lap=0.00 lam=0.0e+00 val=0.1886 2ch=0.000 2cl=0.000 82s
 step  860000 loss=0.15171 bce=0.15171 lap=0.00 lam=0.0e+00 val=0.1856 2ch=0.000 2cl=0.000 82s
 step  865000 loss=0.15174 bce=0.15174 lap=0.00 lam=0.0e+00 val=0.1878 2ch=0.000 2cl=0.000 82s
 step  870000 loss=0.15165 bce=0.15165 lap=0.00 lam=0.0e+00 val=0.1852 2ch=0.000 2cl=0.000 82s
 step  875000 loss=0.15170 bce=0.15170 lap=0.00 lam=0.0e+00 val=0.1884 2ch=0.000 2cl=0.000 82s
 step  880000 loss=0.15157 bce=0.15157 lap=0.00 lam=0.0e+00 val=0.1864 2ch=0.000 2cl=0.000 82s
 step  885000 loss=0.15152 bce=0.15152 lap=0.00 lam=0.0e+00 val=0.1872 2ch=0.000 2cl=0.000 82s
 step  890000 loss=0.15145 bce=0.15145 lap=0.00 lam=0.0e+00 val=0.1870 2ch=0.000 2cl=0.000 82s
 step  895000 loss=0.15151 bce=0.15151 lap=0.00 lam=0.0e+00 val=0.1882 2ch=0.000 2cl=0.000 82s
 step  900000 loss=0.15136 bce=0.15136 lap=0.00 lam=0.0e+00 val=0.1858 2ch=0.000 2cl=0.000 82s
 step  905000 loss=0.15145 bce=0.15145 lap=0.00 lam=0.0e+00 val=0.1862 2ch=0.000 2cl=0.000 81s
 step  910000 loss=0.15140 bce=0.15140 lap=0.00 lam=0.0e+00 val=0.1892 2ch=0.000 2cl=0.000 82s
 step  915000 loss=0.15133 bce=0.15133 lap=0.00 lam=0.0e+00 val=0.1884 2ch=0.000 2cl=0.000 82s
 step  920000 loss=0.15131 bce=0.15131 lap=0.00 lam=0.0e+00 val=0.1872 2ch=0.000 2cl=0.000 82s
 step  925000 loss=0.15134 bce=0.15134 lap=0.00 lam=0.0e+00 val=0.1864 2ch=0.000 2cl=0.000 82s
 step  930000 loss=0.15125 bce=0.15125 lap=0.00 lam=0.0e+00 val=0.1874 2ch=0.000 2cl=0.000 82s
 step  935000 loss=0.15124 bce=0.15124 lap=0.00 lam=0.0e+00 val=0.1876 2ch=0.000 2cl=0.000 82s
 step  940000 loss=0.15122 bce=0.15122 lap=0.00 lam=0.0e+00 val=0.1868 2ch=0.000 2cl=0.000 82s
 step  945000 loss=0.15112 bce=0.15112 lap=0.00 lam=0.0e+00 val=0.1862 2ch=0.000 2cl=0.000 82s
 step  950000 loss=0.15121 bce=0.15121 lap=0.00 lam=0.0e+00 val=0.1864 2ch=0.000 2cl=0.000 82s
 step  955000 loss=0.15118 bce=0.15118 lap=0.00 lam=0.0e+00 val=0.1886 2ch=0.000 2cl=0.000 82s
 step  960000 loss=0.15117 bce=0.15117 lap=0.00 lam=0.0e+00 val=0.1868 2ch=0.000 2cl=0.000 82s
 step  965000 loss=0.15113 bce=0.15113 lap=0.00 lam=0.0e+00 val=0.1864 2ch=0.000 2cl=0.000 81s
 step  970000 loss=0.15119 bce=0.15119 lap=0.00 lam=0.0e+00 val=0.1866 2ch=0.000 2cl=0.000 82s
 step  975000 loss=0.15108 bce=0.15108 lap=0.00 lam=0.0e+00 val=0.1870 2ch=0.000 2cl=0.000 82s
 step  980000 loss=0.15109 bce=0.15109 lap=0.00 lam=0.0e+00 val=0.1868 2ch=0.000 2cl=0.000 82s
 step  985000 loss=0.15109 bce=0.15109 lap=0.00 lam=0.0e+00 val=0.1872 2ch=0.000 2cl=0.000 82s
 step  990000 loss=0.15110 bce=0.15110 lap=0.00 lam=0.0e+00 val=0.1872 2ch=0.000 2cl=0.000 82s
 step  995000 loss=0.15106 bce=0.15106 lap=0.00 lam=0.0e+00 val=0.1876 2ch=0.000 2cl=0.000 82s
 step 1000000 loss=0.15103 bce=0.15103 lap=0.00 lam=0.0e+00 val=0.1872 2ch=0.000 2cl=0.000 83s
done. best in-dist exact=0.1950  -> runs/report10/n60_train/n60_path_union_k3_roberta_similarity_lam0_seed2000
done: training only, no eval battery attached yet (multipath eval TBD)
checkpoint at runs/report10/n60_train/n60_path_union_k3_roberta_similarity_lam0_seed2000/last.pt
