== n60_path_union_k3_roberta_similarity_lam0_seed1000 ==
 device=cuda arch=roberta readout=similarity attn_kind=normalized_relu sim_fixed=False lambda=0.0 params=6,337,026
 step    5000 loss=0.52683 bce=0.52683 lap=0.00 lam=0.0e+00 val=0.0000 2ch=0.000 2cl=0.000 80s
 step   10000 loss=0.46670 bce=0.46670 lap=0.00 lam=0.0e+00 val=0.0000 2ch=0.000 2cl=0.000 80s
 step   15000 loss=0.43131 bce=0.43131 lap=0.00 lam=0.0e+00 val=0.0000 2ch=0.000 2cl=0.000 80s
 step   20000 loss=0.39323 bce=0.39323 lap=0.00 lam=0.0e+00 val=0.0000 2ch=0.000 2cl=0.000 79s
 step   25000 loss=0.36228 bce=0.36228 lap=0.00 lam=0.0e+00 val=0.0000 2ch=0.000 2cl=0.000 80s
 step   30000 loss=0.33735 bce=0.33735 lap=0.00 lam=0.0e+00 val=0.0000 2ch=0.000 2cl=0.000 79s
 step   35000 loss=0.31883 bce=0.31883 lap=0.00 lam=0.0e+00 val=0.0000 2ch=0.000 2cl=0.000 79s
 step   40000 loss=0.30174 bce=0.30174 lap=0.00 lam=0.0e+00 val=0.0000 2ch=0.000 2cl=0.000 79s
 step   45000 loss=0.28607 bce=0.28607 lap=0.00 lam=0.0e+00 val=0.0000 2ch=0.000 2cl=0.000 79s
 step   50000 loss=0.27357 bce=0.27357 lap=0.00 lam=0.0e+00 val=0.0000 2ch=0.000 2cl=0.000 79s
 step   55000 loss=0.26457 bce=0.26457 lap=0.00 lam=0.0e+00 val=0.0002 2ch=0.000 2cl=0.000 79s
 step   60000 loss=0.25747 bce=0.25747 lap=0.00 lam=0.0e+00 val=0.0018 2ch=0.000 2cl=0.000 79s
 step   65000 loss=0.25189 bce=0.25189 lap=0.00 lam=0.0e+00 val=0.0028 2ch=0.000 2cl=0.000 79s
 step   70000 loss=0.24735 bce=0.24735 lap=0.00 lam=0.0e+00 val=0.0002 2ch=0.000 2cl=0.000 79s
 step   75000 loss=0.24341 bce=0.24341 lap=0.00 lam=0.0e+00 val=0.0004 2ch=0.000 2cl=0.000 79s
 step   80000 loss=0.24037 bce=0.24037 lap=0.00 lam=0.0e+00 val=0.0118 2ch=0.000 2cl=0.000 80s
 step   85000 loss=0.23758 bce=0.23758 lap=0.00 lam=0.0e+00 val=0.0056 2ch=0.000 2cl=0.000 79s
 step   90000 loss=0.23512 bce=0.23512 lap=0.00 lam=0.0e+00 val=0.0170 2ch=0.000 2cl=0.000 79s
 step   95000 loss=0.23254 bce=0.23254 lap=0.00 lam=0.0e+00 val=0.0188 2ch=0.000 2cl=0.000 80s
 step  100000 loss=0.23044 bce=0.23044 lap=0.00 lam=0.0e+00 val=0.0166 2ch=0.000 2cl=0.000 79s
 step  105000 loss=0.22856 bce=0.22856 lap=0.00 lam=0.0e+00 val=0.0218 2ch=0.000 2cl=0.000 79s
 step  110000 loss=0.22670 bce=0.22670 lap=0.00 lam=0.0e+00 val=0.0224 2ch=0.000 2cl=0.000 79s
 step  115000 loss=0.22501 bce=0.22501 lap=0.00 lam=0.0e+00 val=0.0272 2ch=0.000 2cl=0.000 79s
 step  120000 loss=0.22327 bce=0.22327 lap=0.00 lam=0.0e+00 val=0.0346 2ch=0.000 2cl=0.000 79s
 step  125000 loss=0.22194 bce=0.22194 lap=0.00 lam=0.0e+00 val=0.0374 2ch=0.000 2cl=0.000 79s
 step  130000 loss=0.22050 bce=0.22050 lap=0.00 lam=0.0e+00 val=0.0372 2ch=0.000 2cl=0.000 79s
 step  135000 loss=0.21915 bce=0.21915 lap=0.00 lam=0.0e+00 val=0.0434 2ch=0.000 2cl=0.000 79s
 step  140000 loss=0.21774 bce=0.21774 lap=0.00 lam=0.0e+00 val=0.0566 2ch=0.000 2cl=0.000 79s
 step  145000 loss=0.21634 bce=0.21634 lap=0.00 lam=0.0e+00 val=0.0506 2ch=0.000 2cl=0.000 79s
 step  150000 loss=0.21507 bce=0.21507 lap=0.00 lam=0.0e+00 val=0.0670 2ch=0.000 2cl=0.000 79s
 step  155000 loss=0.21376 bce=0.21376 lap=0.00 lam=0.0e+00 val=0.0510 2ch=0.000 2cl=0.000 80s
 step  160000 loss=0.21256 bce=0.21256 lap=0.00 lam=0.0e+00 val=0.0720 2ch=0.000 2cl=0.000 79s
 step  165000 loss=0.21117 bce=0.21117 lap=0.00 lam=0.0e+00 val=0.0778 2ch=0.000 2cl=0.000 79s
 step  170000 loss=0.20966 bce=0.20966 lap=0.00 lam=0.0e+00 val=0.0952 2ch=0.000 2cl=0.000 79s
 step  175000 loss=0.20800 bce=0.20800 lap=0.00 lam=0.0e+00 val=0.1008 2ch=0.000 2cl=0.000 79s
 step  180000 loss=0.20636 bce=0.20636 lap=0.00 lam=0.0e+00 val=0.1018 2ch=0.000 2cl=0.000 80s
 step  185000 loss=0.20460 bce=0.20460 lap=0.00 lam=0.0e+00 val=0.0894 2ch=0.000 2cl=0.000 79s
 step  190000 loss=0.20291 bce=0.20291 lap=0.00 lam=0.0e+00 val=0.0892 2ch=0.000 2cl=0.000 79s
 step  195000 loss=0.20123 bce=0.20123 lap=0.00 lam=0.0e+00 val=0.0950 2ch=0.000 2cl=0.000 79s
 step  200000 loss=0.19957 bce=0.19957 lap=0.00 lam=0.0e+00 val=0.1054 2ch=0.000 2cl=0.000 79s
 step  205000 loss=0.19796 bce=0.19796 lap=0.00 lam=0.0e+00 val=0.1102 2ch=0.000 2cl=0.000 80s
 step  210000 loss=0.19656 bce=0.19656 lap=0.00 lam=0.0e+00 val=0.1176 2ch=0.000 2cl=0.000 79s
 step  215000 loss=0.19494 bce=0.19494 lap=0.00 lam=0.0e+00 val=0.1150 2ch=0.000 2cl=0.000 79s
 step  220000 loss=0.19343 bce=0.19343 lap=0.00 lam=0.0e+00 val=0.1204 2ch=0.000 2cl=0.000 79s
 step  225000 loss=0.19199 bce=0.19199 lap=0.00 lam=0.0e+00 val=0.1206 2ch=0.000 2cl=0.000 79s
 step  230000 loss=0.19062 bce=0.19062 lap=0.00 lam=0.0e+00 val=0.1360 2ch=0.000 2cl=0.000 79s
 step  235000 loss=0.18925 bce=0.18925 lap=0.00 lam=0.0e+00 val=0.1294 2ch=0.000 2cl=0.000 79s
 step  240000 loss=0.18778 bce=0.18778 lap=0.00 lam=0.0e+00 val=0.1202 2ch=0.000 2cl=0.000 79s
 step  245000 loss=0.18651 bce=0.18651 lap=0.00 lam=0.0e+00 val=0.1276 2ch=0.000 2cl=0.000 80s
 step  250000 loss=0.18529 bce=0.18529 lap=0.00 lam=0.0e+00 val=0.1320 2ch=0.000 2cl=0.000 79s
 step  255000 loss=0.18400 bce=0.18400 lap=0.00 lam=0.0e+00 val=0.1458 2ch=0.000 2cl=0.000 80s
 step  260000 loss=0.18265 bce=0.18265 lap=0.00 lam=0.0e+00 val=0.1400 2ch=0.000 2cl=0.000 79s
 step  265000 loss=0.18153 bce=0.18153 lap=0.00 lam=0.0e+00 val=0.1440 2ch=0.000 2cl=0.000 79s
 step  270000 loss=0.18049 bce=0.18049 lap=0.00 lam=0.0e+00 val=0.1428 2ch=0.000 2cl=0.000 79s
 step  275000 loss=0.17937 bce=0.17937 lap=0.00 lam=0.0e+00 val=0.1624 2ch=0.000 2cl=0.000 80s
 step  280000 loss=0.17832 bce=0.17832 lap=0.00 lam=0.0e+00 val=0.1430 2ch=0.000 2cl=0.000 79s
 step  285000 loss=0.17741 bce=0.17741 lap=0.00 lam=0.0e+00 val=0.1524 2ch=0.000 2cl=0.000 79s
 step  290000 loss=0.17644 bce=0.17644 lap=0.00 lam=0.0e+00 val=0.1586 2ch=0.000 2cl=0.000 79s
 step  295000 loss=0.17554 bce=0.17554 lap=0.00 lam=0.0e+00 val=0.1660 2ch=0.000 2cl=0.000 79s
 step  300000 loss=0.17466 bce=0.17466 lap=0.00 lam=0.0e+00 val=0.1502 2ch=0.000 2cl=0.000 79s
 step  305000 loss=0.17385 bce=0.17385 lap=0.00 lam=0.0e+00 val=0.1606 2ch=0.000 2cl=0.000 79s
 step  310000 loss=0.17308 bce=0.17308 lap=0.00 lam=0.0e+00 val=0.1704 2ch=0.000 2cl=0.000 79s
 step  315000 loss=0.17225 bce=0.17225 lap=0.00 lam=0.0e+00 val=0.1634 2ch=0.000 2cl=0.000 80s
 step  320000 loss=0.17164 bce=0.17164 lap=0.00 lam=0.0e+00 val=0.1600 2ch=0.000 2cl=0.000 79s
 step  325000 loss=0.17093 bce=0.17093 lap=0.00 lam=0.0e+00 val=0.1782 2ch=0.000 2cl=0.000 79s
 step  330000 loss=0.17030 bce=0.17030 lap=0.00 lam=0.0e+00 val=0.1738 2ch=0.000 2cl=0.000 79s
 step  335000 loss=0.16971 bce=0.16971 lap=0.00 lam=0.0e+00 val=0.1722 2ch=0.000 2cl=0.000 80s
 step  340000 loss=0.16905 bce=0.16905 lap=0.00 lam=0.0e+00 val=0.1708 2ch=0.000 2cl=0.000 79s
 step  345000 loss=0.16856 bce=0.16856 lap=0.00 lam=0.0e+00 val=0.1698 2ch=0.000 2cl=0.000 79s
 step  350000 loss=0.16791 bce=0.16791 lap=0.00 lam=0.0e+00 val=0.1720 2ch=0.000 2cl=0.000 79s
 step  355000 loss=0.16746 bce=0.16746 lap=0.00 lam=0.0e+00 val=0.1750 2ch=0.000 2cl=0.000 79s
 step  360000 loss=0.16691 bce=0.16691 lap=0.00 lam=0.0e+00 val=0.1748 2ch=0.000 2cl=0.000 79s
 step  365000 loss=0.16652 bce=0.16652 lap=0.00 lam=0.0e+00 val=0.1662 2ch=0.000 2cl=0.000 79s
 step  370000 loss=0.16594 bce=0.16594 lap=0.00 lam=0.0e+00 val=0.1692 2ch=0.000 2cl=0.000 79s
 step  375000 loss=0.16557 bce=0.16557 lap=0.00 lam=0.0e+00 val=0.1742 2ch=0.000 2cl=0.000 79s
 step  380000 loss=0.16516 bce=0.16516 lap=0.00 lam=0.0e+00 val=0.1768 2ch=0.000 2cl=0.000 79s
 step  385000 loss=0.16471 bce=0.16471 lap=0.00 lam=0.0e+00 val=0.1792 2ch=0.000 2cl=0.000 79s
 step  390000 loss=0.16427 bce=0.16427 lap=0.00 lam=0.0e+00 val=0.1736 2ch=0.000 2cl=0.000 79s
 step  395000 loss=0.16391 bce=0.16391 lap=0.00 lam=0.0e+00 val=0.1742 2ch=0.000 2cl=0.000 80s
 step  400000 loss=0.16356 bce=0.16356 lap=0.00 lam=0.0e+00 val=0.1730 2ch=0.000 2cl=0.000 79s
 step  405000 loss=0.16319 bce=0.16319 lap=0.00 lam=0.0e+00 val=0.1796 2ch=0.000 2cl=0.000 80s
 step  410000 loss=0.16283 bce=0.16283 lap=0.00 lam=0.0e+00 val=0.1762 2ch=0.000 2cl=0.000 80s
 step  415000 loss=0.16263 bce=0.16263 lap=0.00 lam=0.0e+00 val=0.1790 2ch=0.000 2cl=0.000 80s
 step  420000 loss=0.16226 bce=0.16226 lap=0.00 lam=0.0e+00 val=0.1832 2ch=0.000 2cl=0.000 79s
 step  425000 loss=0.16190 bce=0.16190 lap=0.00 lam=0.0e+00 val=0.1818 2ch=0.000 2cl=0.000 79s
 step  430000 loss=0.16160 bce=0.16160 lap=0.00 lam=0.0e+00 val=0.1770 2ch=0.000 2cl=0.000 79s
 step  435000 loss=0.16130 bce=0.16130 lap=0.00 lam=0.0e+00 val=0.1742 2ch=0.000 2cl=0.000 79s
 step  440000 loss=0.16103 bce=0.16103 lap=0.00 lam=0.0e+00 val=0.1808 2ch=0.000 2cl=0.000 79s
 step  445000 loss=0.16075 bce=0.16075 lap=0.00 lam=0.0e+00 val=0.1720 2ch=0.000 2cl=0.000 80s
 step  450000 loss=0.16041 bce=0.16041 lap=0.00 lam=0.0e+00 val=0.1808 2ch=0.000 2cl=0.000 79s
 step  455000 loss=0.16020 bce=0.16020 lap=0.00 lam=0.0e+00 val=0.1790 2ch=0.000 2cl=0.000 80s
 step  460000 loss=0.15993 bce=0.15993 lap=0.00 lam=0.0e+00 val=0.1924 2ch=0.000 2cl=0.000 79s
 step  465000 loss=0.15969 bce=0.15969 lap=0.00 lam=0.0e+00 val=0.1844 2ch=0.000 2cl=0.000 79s
 step  470000 loss=0.15944 bce=0.15944 lap=0.00 lam=0.0e+00 val=0.1780 2ch=0.000 2cl=0.000 79s
 step  475000 loss=0.15916 bce=0.15916 lap=0.00 lam=0.0e+00 val=0.1890 2ch=0.000 2cl=0.000 79s
 step  480000 loss=0.15896 bce=0.15896 lap=0.00 lam=0.0e+00 val=0.1916 2ch=0.000 2cl=0.000 79s
 step  485000 loss=0.15861 bce=0.15861 lap=0.00 lam=0.0e+00 val=0.1816 2ch=0.000 2cl=0.000 79s
 step  490000 loss=0.15848 bce=0.15848 lap=0.00 lam=0.0e+00 val=0.1900 2ch=0.000 2cl=0.000 78s
 step  495000 loss=0.15824 bce=0.15824 lap=0.00 lam=0.0e+00 val=0.1834 2ch=0.000 2cl=0.000 78s
 step  500000 loss=0.15808 bce=0.15808 lap=0.00 lam=0.0e+00 val=0.1768 2ch=0.000 2cl=0.000 78s
 step  505000 loss=0.15784 bce=0.15784 lap=0.00 lam=0.0e+00 val=0.1886 2ch=0.000 2cl=0.000 78s
 step  510000 loss=0.15760 bce=0.15760 lap=0.00 lam=0.0e+00 val=0.1808 2ch=0.000 2cl=0.000 78s
 step  515000 loss=0.15744 bce=0.15744 lap=0.00 lam=0.0e+00 val=0.1920 2ch=0.000 2cl=0.000 78s
 step  520000 loss=0.15727 bce=0.15727 lap=0.00 lam=0.0e+00 val=0.1854 2ch=0.000 2cl=0.000 79s
 step  525000 loss=0.15704 bce=0.15704 lap=0.00 lam=0.0e+00 val=0.1904 2ch=0.000 2cl=0.000 79s
 step  530000 loss=0.15676 bce=0.15676 lap=0.00 lam=0.0e+00 val=0.1778 2ch=0.000 2cl=0.000 79s
 step  535000 loss=0.15660 bce=0.15660 lap=0.00 lam=0.0e+00 val=0.1904 2ch=0.000 2cl=0.000 79s
 step  540000 loss=0.15641 bce=0.15641 lap=0.00 lam=0.0e+00 val=0.1846 2ch=0.000 2cl=0.000 79s
 step  545000 loss=0.15628 bce=0.15628 lap=0.00 lam=0.0e+00 val=0.1816 2ch=0.000 2cl=0.000 79s
 step  550000 loss=0.15609 bce=0.15609 lap=0.00 lam=0.0e+00 val=0.1832 2ch=0.000 2cl=0.000 79s
 step  555000 loss=0.15587 bce=0.15587 lap=0.00 lam=0.0e+00 val=0.1900 2ch=0.000 2cl=0.000 79s
 step  560000 loss=0.15575 bce=0.15575 lap=0.00 lam=0.0e+00 val=0.1902 2ch=0.000 2cl=0.000 79s
 step  565000 loss=0.15559 bce=0.15559 lap=0.00 lam=0.0e+00 val=0.1842 2ch=0.000 2cl=0.000 80s
 step  570000 loss=0.15534 bce=0.15534 lap=0.00 lam=0.0e+00 val=0.1908 2ch=0.000 2cl=0.000 79s
 step  575000 loss=0.15522 bce=0.15522 lap=0.00 lam=0.0e+00 val=0.1864 2ch=0.000 2cl=0.000 79s
 step  580000 loss=0.15508 bce=0.15508 lap=0.00 lam=0.0e+00 val=0.1792 2ch=0.000 2cl=0.000 79s
 step  585000 loss=0.15489 bce=0.15489 lap=0.00 lam=0.0e+00 val=0.1896 2ch=0.000 2cl=0.000 79s
 step  590000 loss=0.15479 bce=0.15479 lap=0.00 lam=0.0e+00 val=0.1832 2ch=0.000 2cl=0.000 79s
 step  595000 loss=0.15459 bce=0.15459 lap=0.00 lam=0.0e+00 val=0.1838 2ch=0.000 2cl=0.000 79s
 step  600000 loss=0.15449 bce=0.15449 lap=0.00 lam=0.0e+00 val=0.1854 2ch=0.000 2cl=0.000 79s
 step  605000 loss=0.15434 bce=0.15434 lap=0.00 lam=0.0e+00 val=0.1878 2ch=0.000 2cl=0.000 79s
 step  610000 loss=0.15414 bce=0.15414 lap=0.00 lam=0.0e+00 val=0.1868 2ch=0.000 2cl=0.000 79s
 step  615000 loss=0.15408 bce=0.15408 lap=0.00 lam=0.0e+00 val=0.1908 2ch=0.000 2cl=0.000 79s
 step  620000 loss=0.15385 bce=0.15385 lap=0.00 lam=0.0e+00 val=0.1880 2ch=0.000 2cl=0.000 79s
 step  625000 loss=0.15375 bce=0.15375 lap=0.00 lam=0.0e+00 val=0.1918 2ch=0.000 2cl=0.000 79s
 step  630000 loss=0.15364 bce=0.15364 lap=0.00 lam=0.0e+00 val=0.1890 2ch=0.000 2cl=0.000 80s
 step  635000 loss=0.15349 bce=0.15349 lap=0.00 lam=0.0e+00 val=0.1944 2ch=0.000 2cl=0.000 79s
 step  640000 loss=0.15335 bce=0.15335 lap=0.00 lam=0.0e+00 val=0.1876 2ch=0.000 2cl=0.000 79s
 step  645000 loss=0.15320 bce=0.15320 lap=0.00 lam=0.0e+00 val=0.1916 2ch=0.000 2cl=0.000 79s
 step  650000 loss=0.15314 bce=0.15314 lap=0.00 lam=0.0e+00 val=0.1900 2ch=0.000 2cl=0.000 79s
 step  655000 loss=0.15293 bce=0.15293 lap=0.00 lam=0.0e+00 val=0.1850 2ch=0.000 2cl=0.000 80s
 step  660000 loss=0.15286 bce=0.15286 lap=0.00 lam=0.0e+00 val=0.1932 2ch=0.000 2cl=0.000 79s
 step  665000 loss=0.15266 bce=0.15266 lap=0.00 lam=0.0e+00 val=0.1904 2ch=0.000 2cl=0.000 79s
 step  670000 loss=0.15256 bce=0.15256 lap=0.00 lam=0.0e+00 val=0.1898 2ch=0.000 2cl=0.000 79s
 step  675000 loss=0.15255 bce=0.15255 lap=0.00 lam=0.0e+00 val=0.1878 2ch=0.000 2cl=0.000 79s
 step  680000 loss=0.15239 bce=0.15239 lap=0.00 lam=0.0e+00 val=0.1866 2ch=0.000 2cl=0.000 79s
 step  685000 loss=0.15226 bce=0.15226 lap=0.00 lam=0.0e+00 val=0.1836 2ch=0.000 2cl=0.000 79s
 step  690000 loss=0.15211 bce=0.15211 lap=0.00 lam=0.0e+00 val=0.1830 2ch=0.000 2cl=0.000 79s
 step  695000 loss=0.15209 bce=0.15209 lap=0.00 lam=0.0e+00 val=0.1894 2ch=0.000 2cl=0.000 79s
 step  700000 loss=0.15188 bce=0.15188 lap=0.00 lam=0.0e+00 val=0.1942 2ch=0.000 2cl=0.000 79s
 step  705000 loss=0.15183 bce=0.15183 lap=0.00 lam=0.0e+00 val=0.1912 2ch=0.000 2cl=0.000 79s
 step  710000 loss=0.15176 bce=0.15176 lap=0.00 lam=0.0e+00 val=0.1856 2ch=0.000 2cl=0.000 80s
 step  715000 loss=0.15160 bce=0.15160 lap=0.00 lam=0.0e+00 val=0.1830 2ch=0.000 2cl=0.000 80s
 step  720000 loss=0.15151 bce=0.15151 lap=0.00 lam=0.0e+00 val=0.1856 2ch=0.000 2cl=0.000 80s
 step  725000 loss=0.15142 bce=0.15142 lap=0.00 lam=0.0e+00 val=0.1878 2ch=0.000 2cl=0.000 80s
 step  730000 loss=0.15132 bce=0.15132 lap=0.00 lam=0.0e+00 val=0.1882 2ch=0.000 2cl=0.000 80s
 step  735000 loss=0.15126 bce=0.15126 lap=0.00 lam=0.0e+00 val=0.1912 2ch=0.000 2cl=0.000 79s
 step  740000 loss=0.15116 bce=0.15116 lap=0.00 lam=0.0e+00 val=0.1862 2ch=0.000 2cl=0.000 79s
 step  745000 loss=0.15107 bce=0.15107 lap=0.00 lam=0.0e+00 val=0.1912 2ch=0.000 2cl=0.000 79s
 step  750000 loss=0.15098 bce=0.15098 lap=0.00 lam=0.0e+00 val=0.1884 2ch=0.000 2cl=0.000 79s
 step  755000 loss=0.15084 bce=0.15084 lap=0.00 lam=0.0e+00 val=0.1840 2ch=0.000 2cl=0.000 80s
 step  760000 loss=0.15078 bce=0.15078 lap=0.00 lam=0.0e+00 val=0.1872 2ch=0.000 2cl=0.000 79s
 step  765000 loss=0.15066 bce=0.15066 lap=0.00 lam=0.0e+00 val=0.1868 2ch=0.000 2cl=0.000 79s
 step  770000 loss=0.15056 bce=0.15056 lap=0.00 lam=0.0e+00 val=0.1870 2ch=0.000 2cl=0.000 79s
 step  775000 loss=0.15053 bce=0.15053 lap=0.00 lam=0.0e+00 val=0.1862 2ch=0.000 2cl=0.000 79s
 step  780000 loss=0.15035 bce=0.15035 lap=0.00 lam=0.0e+00 val=0.1888 2ch=0.000 2cl=0.000 80s
 step  785000 loss=0.15039 bce=0.15039 lap=0.00 lam=0.0e+00 val=0.1834 2ch=0.000 2cl=0.000 80s
 step  790000 loss=0.15028 bce=0.15028 lap=0.00 lam=0.0e+00 val=0.1904 2ch=0.000 2cl=0.000 80s
 step  795000 loss=0.15018 bce=0.15018 lap=0.00 lam=0.0e+00 val=0.1880 2ch=0.000 2cl=0.000 80s
 step  800000 loss=0.15008 bce=0.15008 lap=0.00 lam=0.0e+00 val=0.1862 2ch=0.000 2cl=0.000 80s
 step  805000 loss=0.15012 bce=0.15012 lap=0.00 lam=0.0e+00 val=0.1872 2ch=0.000 2cl=0.000 80s
 step  810000 loss=0.14996 bce=0.14996 lap=0.00 lam=0.0e+00 val=0.1862 2ch=0.000 2cl=0.000 80s
 step  815000 loss=0.14995 bce=0.14995 lap=0.00 lam=0.0e+00 val=0.1832 2ch=0.000 2cl=0.000 80s
 step  820000 loss=0.14990 bce=0.14990 lap=0.00 lam=0.0e+00 val=0.1864 2ch=0.000 2cl=0.000 80s
 step  825000 loss=0.14986 bce=0.14986 lap=0.00 lam=0.0e+00 val=0.1876 2ch=0.000 2cl=0.000 80s
 step  830000 loss=0.14974 bce=0.14974 lap=0.00 lam=0.0e+00 val=0.1852 2ch=0.000 2cl=0.000 80s
 step  835000 loss=0.14976 bce=0.14976 lap=0.00 lam=0.0e+00 val=0.1868 2ch=0.000 2cl=0.000 80s
 step  840000 loss=0.14961 bce=0.14961 lap=0.00 lam=0.0e+00 val=0.1904 2ch=0.000 2cl=0.000 81s
 step  845000 loss=0.14958 bce=0.14958 lap=0.00 lam=0.0e+00 val=0.1872 2ch=0.000 2cl=0.000 80s
 step  850000 loss=0.14946 bce=0.14946 lap=0.00 lam=0.0e+00 val=0.1806 2ch=0.000 2cl=0.000 80s
 step  855000 loss=0.14945 bce=0.14945 lap=0.00 lam=0.0e+00 val=0.1880 2ch=0.000 2cl=0.000 80s
 step  860000 loss=0.14937 bce=0.14937 lap=0.00 lam=0.0e+00 val=0.1890 2ch=0.000 2cl=0.000 80s
 step  865000 loss=0.14929 bce=0.14929 lap=0.00 lam=0.0e+00 val=0.1850 2ch=0.000 2cl=0.000 80s
 step  870000 loss=0.14933 bce=0.14933 lap=0.00 lam=0.0e+00 val=0.1854 2ch=0.000 2cl=0.000 80s
 step  875000 loss=0.14919 bce=0.14919 lap=0.00 lam=0.0e+00 val=0.1834 2ch=0.000 2cl=0.000 80s
 step  880000 loss=0.14925 bce=0.14925 lap=0.00 lam=0.0e+00 val=0.1840 2ch=0.000 2cl=0.000 80s
 step  885000 loss=0.14921 bce=0.14921 lap=0.00 lam=0.0e+00 val=0.1876 2ch=0.000 2cl=0.000 80s
 step  890000 loss=0.14909 bce=0.14909 lap=0.00 lam=0.0e+00 val=0.1854 2ch=0.000 2cl=0.000 80s
 step  895000 loss=0.14913 bce=0.14913 lap=0.00 lam=0.0e+00 val=0.1866 2ch=0.000 2cl=0.000 80s
 step  900000 loss=0.14908 bce=0.14908 lap=0.00 lam=0.0e+00 val=0.1852 2ch=0.000 2cl=0.000 80s
 step  905000 loss=0.14903 bce=0.14903 lap=0.00 lam=0.0e+00 val=0.1852 2ch=0.000 2cl=0.000 80s
 step  910000 loss=0.14897 bce=0.14897 lap=0.00 lam=0.0e+00 val=0.1866 2ch=0.000 2cl=0.000 80s
 step  915000 loss=0.14899 bce=0.14899 lap=0.00 lam=0.0e+00 val=0.1848 2ch=0.000 2cl=0.000 80s
 step  920000 loss=0.14898 bce=0.14898 lap=0.00 lam=0.0e+00 val=0.1900 2ch=0.000 2cl=0.000 80s
 step  925000 loss=0.14888 bce=0.14888 lap=0.00 lam=0.0e+00 val=0.1856 2ch=0.000 2cl=0.000 80s
 step  930000 loss=0.14887 bce=0.14887 lap=0.00 lam=0.0e+00 val=0.1862 2ch=0.000 2cl=0.000 80s
 step  935000 loss=0.14886 bce=0.14886 lap=0.00 lam=0.0e+00 val=0.1854 2ch=0.000 2cl=0.000 81s
 step  940000 loss=0.14889 bce=0.14889 lap=0.00 lam=0.0e+00 val=0.1850 2ch=0.000 2cl=0.000 81s
 step  945000 loss=0.14881 bce=0.14881 lap=0.00 lam=0.0e+00 val=0.1864 2ch=0.000 2cl=0.000 81s
 step  950000 loss=0.14877 bce=0.14877 lap=0.00 lam=0.0e+00 val=0.1842 2ch=0.000 2cl=0.000 80s
 step  955000 loss=0.14876 bce=0.14876 lap=0.00 lam=0.0e+00 val=0.1856 2ch=0.000 2cl=0.000 80s
 step  960000 loss=0.14872 bce=0.14872 lap=0.00 lam=0.0e+00 val=0.1856 2ch=0.000 2cl=0.000 80s
 step  965000 loss=0.14877 bce=0.14877 lap=0.00 lam=0.0e+00 val=0.1868 2ch=0.000 2cl=0.000 80s
 step  970000 loss=0.14872 bce=0.14872 lap=0.00 lam=0.0e+00 val=0.1858 2ch=0.000 2cl=0.000 80s
 step  975000 loss=0.14877 bce=0.14877 lap=0.00 lam=0.0e+00 val=0.1864 2ch=0.000 2cl=0.000 80s
 step  980000 loss=0.14879 bce=0.14879 lap=0.00 lam=0.0e+00 val=0.1862 2ch=0.000 2cl=0.000 80s
 step  985000 loss=0.14869 bce=0.14869 lap=0.00 lam=0.0e+00 val=0.1858 2ch=0.000 2cl=0.000 80s
 step  990000 loss=0.14867 bce=0.14867 lap=0.00 lam=0.0e+00 val=0.1866 2ch=0.000 2cl=0.000 80s
 step  995000 loss=0.14869 bce=0.14869 lap=0.00 lam=0.0e+00 val=0.1862 2ch=0.000 2cl=0.000 81s
 step 1000000 loss=0.14870 bce=0.14870 lap=0.00 lam=0.0e+00 val=0.1866 2ch=0.000 2cl=0.000 80s
done. best in-dist exact=0.1944  -> runs/report10/n60_train/n60_path_union_k3_roberta_similarity_lam0_seed1000
done: training only, no eval battery attached yet (multipath eval TBD)
checkpoint at runs/report10/n60_train/n60_path_union_k3_roberta_similarity_lam0_seed1000/last.pt
