task 19 -> families=er n=64 p=0.03 seed=4000 readout=similarity
== n64_er_roberta_similarity_lam0_seed4000 ==
 device=cuda arch=roberta readout=similarity lambda=0.0 params=6,339,074
 step    5000 loss=0.17227 bce=0.17227 lap=0.00 lam=0.0e+00 val=0.0010 2ch=0.000 2cl=0.000 100s
 step   10000 loss=0.09268 bce=0.09268 lap=0.00 lam=0.0e+00 val=0.8764 2ch=0.000 2cl=0.000 100s
 step   15000 loss=0.06846 bce=0.06846 lap=0.00 lam=0.0e+00 val=0.8682 2ch=0.000 2cl=0.000 99s
 step   20000 loss=0.05297 bce=0.05297 lap=0.00 lam=0.0e+00 val=0.8646 2ch=0.000 2cl=0.000 100s
 step   25000 loss=0.04338 bce=0.04338 lap=0.00 lam=0.0e+00 val=0.8862 2ch=0.000 2cl=0.000 100s
 step   30000 loss=0.03669 bce=0.03669 lap=0.00 lam=0.0e+00 val=0.8988 2ch=0.000 2cl=0.000 100s
 step   35000 loss=0.03215 bce=0.03215 lap=0.00 lam=0.0e+00 val=0.9108 2ch=0.000 2cl=0.000 100s
 step   40000 loss=0.02915 bce=0.02915 lap=0.00 lam=0.0e+00 val=0.8922 2ch=0.000 2cl=0.000 100s
 step   45000 loss=0.02731 bce=0.02731 lap=0.00 lam=0.0e+00 val=0.8726 2ch=0.000 2cl=0.000 100s
 step   50000 loss=0.02613 bce=0.02613 lap=0.00 lam=0.0e+00 val=0.8976 2ch=0.000 2cl=0.000 100s
 step   55000 loss=0.02505 bce=0.02505 lap=0.00 lam=0.0e+00 val=0.9098 2ch=0.000 2cl=0.000 102s
 step   60000 loss=0.02436 bce=0.02436 lap=0.00 lam=0.0e+00 val=0.8860 2ch=0.000 2cl=0.000 100s
 step   65000 loss=0.02369 bce=0.02369 lap=0.00 lam=0.0e+00 val=0.9046 2ch=0.000 2cl=0.000 100s
 step   70000 loss=0.02296 bce=0.02296 lap=0.00 lam=0.0e+00 val=0.9076 2ch=0.000 2cl=0.000 100s
 step   75000 loss=0.02230 bce=0.02230 lap=0.00 lam=0.0e+00 val=0.8566 2ch=0.000 2cl=0.000 100s
 step   80000 loss=0.02151 bce=0.02151 lap=0.00 lam=0.0e+00 val=0.8492 2ch=0.000 2cl=0.000 100s
 step   85000 loss=0.02070 bce=0.02070 lap=0.00 lam=0.0e+00 val=0.8794 2ch=0.000 2cl=0.000 100s
 step   90000 loss=0.01975 bce=0.01975 lap=0.00 lam=0.0e+00 val=0.8468 2ch=0.000 2cl=0.000 100s
 step   95000 loss=0.01889 bce=0.01889 lap=0.00 lam=0.0e+00 val=0.8232 2ch=0.000 2cl=0.000 100s
 step  100000 loss=0.01798 bce=0.01798 lap=0.00 lam=0.0e+00 val=0.8288 2ch=0.000 2cl=0.000 100s
 step  105000 loss=0.01715 bce=0.01715 lap=0.00 lam=0.0e+00 val=0.8726 2ch=0.000 2cl=0.000 100s
 step  110000 loss=0.01635 bce=0.01635 lap=0.00 lam=0.0e+00 val=0.7914 2ch=0.000 2cl=0.000 100s
 step  115000 loss=0.01561 bce=0.01561 lap=0.00 lam=0.0e+00 val=0.8012 2ch=0.000 2cl=0.000 99s
 step  120000 loss=0.01484 bce=0.01484 lap=0.00 lam=0.0e+00 val=0.8178 2ch=0.000 2cl=0.000 99s
 step  125000 loss=0.01416 bce=0.01416 lap=0.00 lam=0.0e+00 val=0.8018 2ch=0.000 2cl=0.000 100s
 step  130000 loss=0.01351 bce=0.01351 lap=0.00 lam=0.0e+00 val=0.8454 2ch=0.000 2cl=0.000 102s
 step  135000 loss=0.01296 bce=0.01296 lap=0.00 lam=0.0e+00 val=0.8094 2ch=0.000 2cl=0.000 100s
 step  140000 loss=0.01240 bce=0.01240 lap=0.00 lam=0.0e+00 val=0.8668 2ch=0.000 2cl=0.000 100s
 step  145000 loss=0.01190 bce=0.01190 lap=0.00 lam=0.0e+00 val=0.8840 2ch=0.000 2cl=0.000 100s
 step  150000 loss=0.01146 bce=0.01146 lap=0.00 lam=0.0e+00 val=0.8430 2ch=0.000 2cl=0.000 100s
 step  155000 loss=0.01095 bce=0.01095 lap=0.00 lam=0.0e+00 val=0.8470 2ch=0.000 2cl=0.000 100s
 step  160000 loss=0.01059 bce=0.01059 lap=0.00 lam=0.0e+00 val=0.8450 2ch=0.000 2cl=0.000 100s
 step  165000 loss=0.01022 bce=0.01022 lap=0.00 lam=0.0e+00 val=0.8712 2ch=0.000 2cl=0.000 101s
 step  170000 loss=0.00988 bce=0.00988 lap=0.00 lam=0.0e+00 val=0.8824 2ch=0.000 2cl=0.000 100s
 step  175000 loss=0.00950 bce=0.00950 lap=0.00 lam=0.0e+00 val=0.8818 2ch=0.000 2cl=0.000 100s
 step  180000 loss=0.00924 bce=0.00924 lap=0.00 lam=0.0e+00 val=0.8964 2ch=0.000 2cl=0.000 100s
 step  185000 loss=0.00894 bce=0.00894 lap=0.00 lam=0.0e+00 val=0.8876 2ch=0.000 2cl=0.000 100s
 step  190000 loss=0.00865 bce=0.00865 lap=0.00 lam=0.0e+00 val=0.8812 2ch=0.000 2cl=0.000 100s
 step  195000 loss=0.00839 bce=0.00839 lap=0.00 lam=0.0e+00 val=0.8962 2ch=0.000 2cl=0.000 100s
 step  200000 loss=0.00815 bce=0.00815 lap=0.00 lam=0.0e+00 val=0.8968 2ch=0.000 2cl=0.000 100s
 step  205000 loss=0.00793 bce=0.00793 lap=0.00 lam=0.0e+00 val=0.8970 2ch=0.000 2cl=0.000 100s
 step  210000 loss=0.00769 bce=0.00769 lap=0.00 lam=0.0e+00 val=0.9040 2ch=0.000 2cl=0.000 100s
 step  215000 loss=0.00750 bce=0.00750 lap=0.00 lam=0.0e+00 val=0.9044 2ch=0.000 2cl=0.000 100s
 step  220000 loss=0.00729 bce=0.00729 lap=0.00 lam=0.0e+00 val=0.9228 2ch=0.000 2cl=0.000 101s
 step  225000 loss=0.00712 bce=0.00712 lap=0.00 lam=0.0e+00 val=0.9102 2ch=0.000 2cl=0.000 100s
 step  230000 loss=0.00694 bce=0.00694 lap=0.00 lam=0.0e+00 val=0.9152 2ch=0.000 2cl=0.000 102s
 step  235000 loss=0.00677 bce=0.00677 lap=0.00 lam=0.0e+00 val=0.9076 2ch=0.000 2cl=0.000 101s
 step  240000 loss=0.00662 bce=0.00662 lap=0.00 lam=0.0e+00 val=0.9226 2ch=0.000 2cl=0.000 100s
 step  245000 loss=0.00644 bce=0.00644 lap=0.00 lam=0.0e+00 val=0.9340 2ch=0.000 2cl=0.000 100s
 step  250000 loss=0.00629 bce=0.00629 lap=0.00 lam=0.0e+00 val=0.9234 2ch=0.000 2cl=0.000 100s
 step  255000 loss=0.00617 bce=0.00617 lap=0.00 lam=0.0e+00 val=0.9302 2ch=0.000 2cl=0.000 100s
 step  260000 loss=0.00604 bce=0.00604 lap=0.00 lam=0.0e+00 val=0.9260 2ch=0.000 2cl=0.000 100s
 step  265000 loss=0.00589 bce=0.00589 lap=0.00 lam=0.0e+00 val=0.9380 2ch=0.000 2cl=0.000 100s
 step  270000 loss=0.00577 bce=0.00577 lap=0.00 lam=0.0e+00 val=0.9460 2ch=0.000 2cl=0.000 101s
 step  275000 loss=0.00565 bce=0.00565 lap=0.00 lam=0.0e+00 val=0.9404 2ch=0.000 2cl=0.000 101s
 step  280000 loss=0.00554 bce=0.00554 lap=0.00 lam=0.0e+00 val=0.9412 2ch=0.000 2cl=0.000 101s
 step  285000 loss=0.00543 bce=0.00543 lap=0.00 lam=0.0e+00 val=0.9416 2ch=0.000 2cl=0.000 101s
 step  290000 loss=0.00533 bce=0.00533 lap=0.00 lam=0.0e+00 val=0.9236 2ch=0.000 2cl=0.000 101s
 step  295000 loss=0.00523 bce=0.00523 lap=0.00 lam=0.0e+00 val=0.9528 2ch=0.000 2cl=0.000 101s
 step  300000 loss=0.00513 bce=0.00513 lap=0.00 lam=0.0e+00 val=0.9410 2ch=0.000 2cl=0.000 101s
 step  305000 loss=0.00504 bce=0.00504 lap=0.00 lam=0.0e+00 val=0.9400 2ch=0.000 2cl=0.000 101s
 step  310000 loss=0.00494 bce=0.00494 lap=0.00 lam=0.0e+00 val=0.9342 2ch=0.000 2cl=0.000 101s
 step  315000 loss=0.00483 bce=0.00483 lap=0.00 lam=0.0e+00 val=0.9436 2ch=0.000 2cl=0.000 100s
 step  320000 loss=0.00476 bce=0.00476 lap=0.00 lam=0.0e+00 val=0.9452 2ch=0.000 2cl=0.000 100s
 step  325000 loss=0.00469 bce=0.00469 lap=0.00 lam=0.0e+00 val=0.9538 2ch=0.000 2cl=0.000 101s
 step  330000 loss=0.00462 bce=0.00462 lap=0.00 lam=0.0e+00 val=0.9440 2ch=0.000 2cl=0.000 101s
 step  335000 loss=0.00454 bce=0.00454 lap=0.00 lam=0.0e+00 val=0.9508 2ch=0.000 2cl=0.000 101s
 step  340000 loss=0.00447 bce=0.00447 lap=0.00 lam=0.0e+00 val=0.9504 2ch=0.000 2cl=0.000 101s
 step  345000 loss=0.00438 bce=0.00438 lap=0.00 lam=0.0e+00 val=0.9510 2ch=0.000 2cl=0.000 103s
 step  350000 loss=0.00432 bce=0.00432 lap=0.00 lam=0.0e+00 val=0.9462 2ch=0.000 2cl=0.000 100s
 step  355000 loss=0.00425 bce=0.00425 lap=0.00 lam=0.0e+00 val=0.9510 2ch=0.000 2cl=0.000 100s
 step  360000 loss=0.00417 bce=0.00417 lap=0.00 lam=0.0e+00 val=0.9482 2ch=0.000 2cl=0.000 100s
 step  365000 loss=0.00412 bce=0.00412 lap=0.00 lam=0.0e+00 val=0.9510 2ch=0.000 2cl=0.000 100s
 step  370000 loss=0.00406 bce=0.00406 lap=0.00 lam=0.0e+00 val=0.9588 2ch=0.000 2cl=0.000 100s
 step  375000 loss=0.00399 bce=0.00399 lap=0.00 lam=0.0e+00 val=0.9512 2ch=0.000 2cl=0.000 100s
 step  380000 loss=0.00394 bce=0.00394 lap=0.00 lam=0.0e+00 val=0.9618 2ch=0.000 2cl=0.000 100s
 step  385000 loss=0.00387 bce=0.00387 lap=0.00 lam=0.0e+00 val=0.9590 2ch=0.000 2cl=0.000 100s
 step  390000 loss=0.00382 bce=0.00382 lap=0.00 lam=0.0e+00 val=0.9524 2ch=0.000 2cl=0.000 100s
 step  395000 loss=0.00377 bce=0.00377 lap=0.00 lam=0.0e+00 val=0.9552 2ch=0.000 2cl=0.000 100s
 step  400000 loss=0.00372 bce=0.00372 lap=0.00 lam=0.0e+00 val=0.9650 2ch=0.000 2cl=0.000 100s
 step  405000 loss=0.00366 bce=0.00366 lap=0.00 lam=0.0e+00 val=0.9620 2ch=0.000 2cl=0.000 101s
 step  410000 loss=0.00362 bce=0.00362 lap=0.00 lam=0.0e+00 val=0.9638 2ch=0.000 2cl=0.000 101s
 step  415000 loss=0.00358 bce=0.00358 lap=0.00 lam=0.0e+00 val=0.9568 2ch=0.000 2cl=0.000 101s
 step  420000 loss=0.00352 bce=0.00352 lap=0.00 lam=0.0e+00 val=0.9614 2ch=0.000 2cl=0.000 101s
 step  425000 loss=0.00348 bce=0.00348 lap=0.00 lam=0.0e+00 val=0.9634 2ch=0.000 2cl=0.000 101s
 step  430000 loss=0.00343 bce=0.00343 lap=0.00 lam=0.0e+00 val=0.9606 2ch=0.000 2cl=0.000 101s
 step  435000 loss=0.00340 bce=0.00340 lap=0.00 lam=0.0e+00 val=0.9580 2ch=0.000 2cl=0.000 101s
 step  440000 loss=0.00335 bce=0.00335 lap=0.00 lam=0.0e+00 val=0.9616 2ch=0.000 2cl=0.000 101s
 step  445000 loss=0.00330 bce=0.00330 lap=0.00 lam=0.0e+00 val=0.9674 2ch=0.000 2cl=0.000 101s
 step  450000 loss=0.00327 bce=0.00327 lap=0.00 lam=0.0e+00 val=0.9632 2ch=0.000 2cl=0.000 101s
 step  455000 loss=0.00323 bce=0.00323 lap=0.00 lam=0.0e+00 val=0.9668 2ch=0.000 2cl=0.000 101s
 step  460000 loss=0.00317 bce=0.00317 lap=0.00 lam=0.0e+00 val=0.9664 2ch=0.000 2cl=0.000 101s
 step  465000 loss=0.00315 bce=0.00315 lap=0.00 lam=0.0e+00 val=0.9688 2ch=0.000 2cl=0.000 101s
 step  470000 loss=0.00311 bce=0.00311 lap=0.00 lam=0.0e+00 val=0.9676 2ch=0.000 2cl=0.000 101s
 step  475000 loss=0.00307 bce=0.00307 lap=0.00 lam=0.0e+00 val=0.9646 2ch=0.000 2cl=0.000 101s
 step  480000 loss=0.00304 bce=0.00304 lap=0.00 lam=0.0e+00 val=0.9684 2ch=0.000 2cl=0.000 101s
 step  485000 loss=0.00300 bce=0.00300 lap=0.00 lam=0.0e+00 val=0.9678 2ch=0.000 2cl=0.000 101s
 step  490000 loss=0.00297 bce=0.00297 lap=0.00 lam=0.0e+00 val=0.9674 2ch=0.000 2cl=0.000 101s
 step  495000 loss=0.00294 bce=0.00294 lap=0.00 lam=0.0e+00 val=0.9672 2ch=0.000 2cl=0.000 101s
 step  500000 loss=0.00290 bce=0.00290 lap=0.00 lam=0.0e+00 val=0.9682 2ch=0.000 2cl=0.000 101s
 step  505000 loss=0.00287 bce=0.00287 lap=0.00 lam=0.0e+00 val=0.9674 2ch=0.000 2cl=0.000 101s
 step  510000 loss=0.00284 bce=0.00284 lap=0.00 lam=0.0e+00 val=0.9710 2ch=0.000 2cl=0.000 101s
 step  515000 loss=0.00281 bce=0.00281 lap=0.00 lam=0.0e+00 val=0.9672 2ch=0.000 2cl=0.000 101s
 step  520000 loss=0.00277 bce=0.00277 lap=0.00 lam=0.0e+00 val=0.9684 2ch=0.000 2cl=0.000 101s
 step  525000 loss=0.00276 bce=0.00276 lap=0.00 lam=0.0e+00 val=0.9690 2ch=0.000 2cl=0.000 101s
 step  530000 loss=0.00271 bce=0.00271 lap=0.00 lam=0.0e+00 val=0.9720 2ch=0.000 2cl=0.000 101s
 step  535000 loss=0.00268 bce=0.00268 lap=0.00 lam=0.0e+00 val=0.9688 2ch=0.000 2cl=0.000 101s
 step  540000 loss=0.00266 bce=0.00266 lap=0.00 lam=0.0e+00 val=0.9740 2ch=0.000 2cl=0.000 101s
 step  545000 loss=0.00264 bce=0.00264 lap=0.00 lam=0.0e+00 val=0.9686 2ch=0.000 2cl=0.000 101s
 step  550000 loss=0.00259 bce=0.00259 lap=0.00 lam=0.0e+00 val=0.9688 2ch=0.000 2cl=0.000 101s
 step  555000 loss=0.00257 bce=0.00257 lap=0.00 lam=0.0e+00 val=0.9708 2ch=0.000 2cl=0.000 100s
 step  560000 loss=0.00255 bce=0.00255 lap=0.00 lam=0.0e+00 val=0.9748 2ch=0.000 2cl=0.000 101s
 step  565000 loss=0.00253 bce=0.00253 lap=0.00 lam=0.0e+00 val=0.9732 2ch=0.000 2cl=0.000 100s
 step  570000 loss=0.00251 bce=0.00251 lap=0.00 lam=0.0e+00 val=0.9736 2ch=0.000 2cl=0.000 100s
 step  575000 loss=0.00247 bce=0.00247 lap=0.00 lam=0.0e+00 val=0.9708 2ch=0.000 2cl=0.000 101s
 step  580000 loss=0.00245 bce=0.00245 lap=0.00 lam=0.0e+00 val=0.9714 2ch=0.000 2cl=0.000 102s
 step  585000 loss=0.00243 bce=0.00243 lap=0.00 lam=0.0e+00 val=0.9710 2ch=0.000 2cl=0.000 101s
 step  590000 loss=0.00241 bce=0.00241 lap=0.00 lam=0.0e+00 val=0.9702 2ch=0.000 2cl=0.000 101s
 step  595000 loss=0.00239 bce=0.00239 lap=0.00 lam=0.0e+00 val=0.9726 2ch=0.000 2cl=0.000 101s
 step  600000 loss=0.00235 bce=0.00235 lap=0.00 lam=0.0e+00 val=0.9712 2ch=0.000 2cl=0.000 101s
 step  605000 loss=0.00234 bce=0.00234 lap=0.00 lam=0.0e+00 val=0.9732 2ch=0.000 2cl=0.000 101s
 step  610000 loss=0.00231 bce=0.00231 lap=0.00 lam=0.0e+00 val=0.9756 2ch=0.000 2cl=0.000 101s
 step  615000 loss=0.00230 bce=0.00230 lap=0.00 lam=0.0e+00 val=0.9770 2ch=0.000 2cl=0.000 101s
 step  620000 loss=0.00228 bce=0.00228 lap=0.00 lam=0.0e+00 val=0.9750 2ch=0.000 2cl=0.000 101s
 step  625000 loss=0.00225 bce=0.00225 lap=0.00 lam=0.0e+00 val=0.9750 2ch=0.000 2cl=0.000 101s
 step  630000 loss=0.00224 bce=0.00224 lap=0.00 lam=0.0e+00 val=0.9750 2ch=0.000 2cl=0.000 101s
 step  635000 loss=0.00222 bce=0.00222 lap=0.00 lam=0.0e+00 val=0.9754 2ch=0.000 2cl=0.000 101s
 step  640000 loss=0.00221 bce=0.00221 lap=0.00 lam=0.0e+00 val=0.9752 2ch=0.000 2cl=0.000 101s
 step  645000 loss=0.00219 bce=0.00219 lap=0.00 lam=0.0e+00 val=0.9742 2ch=0.000 2cl=0.000 101s
 step  650000 loss=0.00216 bce=0.00216 lap=0.00 lam=0.0e+00 val=0.9766 2ch=0.000 2cl=0.000 101s
 step  655000 loss=0.00216 bce=0.00216 lap=0.00 lam=0.0e+00 val=0.9734 2ch=0.000 2cl=0.000 101s
 step  660000 loss=0.00213 bce=0.00213 lap=0.00 lam=0.0e+00 val=0.9764 2ch=0.000 2cl=0.000 100s
 step  665000 loss=0.00211 bce=0.00211 lap=0.00 lam=0.0e+00 val=0.9756 2ch=0.000 2cl=0.000 101s
 step  670000 loss=0.00208 bce=0.00208 lap=0.00 lam=0.0e+00 val=0.9754 2ch=0.000 2cl=0.000 101s
 step  675000 loss=0.00208 bce=0.00208 lap=0.00 lam=0.0e+00 val=0.9750 2ch=0.000 2cl=0.000 101s
 step  680000 loss=0.00206 bce=0.00206 lap=0.00 lam=0.0e+00 val=0.9786 2ch=0.000 2cl=0.000 101s
 step  685000 loss=0.00205 bce=0.00205 lap=0.00 lam=0.0e+00 val=0.9766 2ch=0.000 2cl=0.000 101s
 step  690000 loss=0.00204 bce=0.00204 lap=0.00 lam=0.0e+00 val=0.9794 2ch=0.000 2cl=0.000 103s
 step  695000 loss=0.00202 bce=0.00202 lap=0.00 lam=0.0e+00 val=0.9774 2ch=0.000 2cl=0.000 101s
 step  700000 loss=0.00200 bce=0.00200 lap=0.00 lam=0.0e+00 val=0.9792 2ch=0.000 2cl=0.000 100s
 step  705000 loss=0.00199 bce=0.00199 lap=0.00 lam=0.0e+00 val=0.9768 2ch=0.000 2cl=0.000 100s
 step  710000 loss=0.00197 bce=0.00197 lap=0.00 lam=0.0e+00 val=0.9790 2ch=0.000 2cl=0.000 100s
 step  715000 loss=0.00195 bce=0.00195 lap=0.00 lam=0.0e+00 val=0.9788 2ch=0.000 2cl=0.000 100s
 step  720000 loss=0.00195 bce=0.00195 lap=0.00 lam=0.0e+00 val=0.9740 2ch=0.000 2cl=0.000 100s
 step  725000 loss=0.00193 bce=0.00193 lap=0.00 lam=0.0e+00 val=0.9790 2ch=0.000 2cl=0.000 100s
 step  730000 loss=0.00192 bce=0.00192 lap=0.00 lam=0.0e+00 val=0.9794 2ch=0.000 2cl=0.000 100s
 step  735000 loss=0.00190 bce=0.00190 lap=0.00 lam=0.0e+00 val=0.9780 2ch=0.000 2cl=0.000 100s
 step  740000 loss=0.00190 bce=0.00190 lap=0.00 lam=0.0e+00 val=0.9782 2ch=0.000 2cl=0.000 100s
 step  745000 loss=0.00188 bce=0.00188 lap=0.00 lam=0.0e+00 val=0.9788 2ch=0.000 2cl=0.000 100s
 step  750000 loss=0.00187 bce=0.00187 lap=0.00 lam=0.0e+00 val=0.9784 2ch=0.000 2cl=0.000 100s
 step  755000 loss=0.00187 bce=0.00187 lap=0.00 lam=0.0e+00 val=0.9794 2ch=0.000 2cl=0.000 100s
 step  760000 loss=0.00185 bce=0.00185 lap=0.00 lam=0.0e+00 val=0.9800 2ch=0.000 2cl=0.000 101s
 step  765000 loss=0.00184 bce=0.00184 lap=0.00 lam=0.0e+00 val=0.9796 2ch=0.000 2cl=0.000 101s
 step  770000 loss=0.00182 bce=0.00182 lap=0.00 lam=0.0e+00 val=0.9784 2ch=0.000 2cl=0.000 100s
 step  775000 loss=0.00182 bce=0.00182 lap=0.00 lam=0.0e+00 val=0.9792 2ch=0.000 2cl=0.000 100s
 step  780000 loss=0.00181 bce=0.00181 lap=0.00 lam=0.0e+00 val=0.9794 2ch=0.000 2cl=0.000 100s
 step  785000 loss=0.00179 bce=0.00179 lap=0.00 lam=0.0e+00 val=0.9798 2ch=0.000 2cl=0.000 100s
 step  790000 loss=0.00179 bce=0.00179 lap=0.00 lam=0.0e+00 val=0.9794 2ch=0.000 2cl=0.000 100s
 step  795000 loss=0.00178 bce=0.00178 lap=0.00 lam=0.0e+00 val=0.9792 2ch=0.000 2cl=0.000 101s
 step  800000 loss=0.00177 bce=0.00177 lap=0.00 lam=0.0e+00 val=0.9800 2ch=0.000 2cl=0.000 100s
 step  805000 loss=0.00175 bce=0.00175 lap=0.00 lam=0.0e+00 val=0.9800 2ch=0.000 2cl=0.000 101s
 step  810000 loss=0.00175 bce=0.00175 lap=0.00 lam=0.0e+00 val=0.9806 2ch=0.000 2cl=0.000 100s
 step  815000 loss=0.00174 bce=0.00174 lap=0.00 lam=0.0e+00 val=0.9808 2ch=0.000 2cl=0.000 100s
 step  820000 loss=0.00173 bce=0.00173 lap=0.00 lam=0.0e+00 val=0.9790 2ch=0.000 2cl=0.000 100s
 step  825000 loss=0.00173 bce=0.00173 lap=0.00 lam=0.0e+00 val=0.9812 2ch=0.000 2cl=0.000 100s
 step  830000 loss=0.00172 bce=0.00172 lap=0.00 lam=0.0e+00 val=0.9808 2ch=0.000 2cl=0.000 100s
 step  835000 loss=0.00171 bce=0.00171 lap=0.00 lam=0.0e+00 val=0.9798 2ch=0.000 2cl=0.000 100s
 step  840000 loss=0.00170 bce=0.00170 lap=0.00 lam=0.0e+00 val=0.9808 2ch=0.000 2cl=0.000 100s
 step  845000 loss=0.00170 bce=0.00170 lap=0.00 lam=0.0e+00 val=0.9812 2ch=0.000 2cl=0.000 100s
 step  850000 loss=0.00170 bce=0.00170 lap=0.00 lam=0.0e+00 val=0.9812 2ch=0.000 2cl=0.000 101s
 step  855000 loss=0.00168 bce=0.00168 lap=0.00 lam=0.0e+00 val=0.9808 2ch=0.000 2cl=0.000 101s
 step  860000 loss=0.00168 bce=0.00168 lap=0.00 lam=0.0e+00 val=0.9808 2ch=0.000 2cl=0.000 101s
 step  865000 loss=0.00168 bce=0.00168 lap=0.00 lam=0.0e+00 val=0.9804 2ch=0.000 2cl=0.000 101s
 step  870000 loss=0.00168 bce=0.00168 lap=0.00 lam=0.0e+00 val=0.9814 2ch=0.000 2cl=0.000 101s
 step  875000 loss=0.00167 bce=0.00167 lap=0.00 lam=0.0e+00 val=0.9812 2ch=0.000 2cl=0.000 101s
 step  880000 loss=0.00166 bce=0.00166 lap=0.00 lam=0.0e+00 val=0.9816 2ch=0.000 2cl=0.000 101s
 step  885000 loss=0.00166 bce=0.00166 lap=0.00 lam=0.0e+00 val=0.9810 2ch=0.000 2cl=0.000 101s
 step  890000 loss=0.00165 bce=0.00165 lap=0.00 lam=0.0e+00 val=0.9822 2ch=0.000 2cl=0.000 101s
 step  895000 loss=0.00164 bce=0.00164 lap=0.00 lam=0.0e+00 val=0.9816 2ch=0.000 2cl=0.000 101s
 step  900000 loss=0.00164 bce=0.00164 lap=0.00 lam=0.0e+00 val=0.9808 2ch=0.000 2cl=0.000 101s
 step  905000 loss=0.00164 bce=0.00164 lap=0.00 lam=0.0e+00 val=0.9814 2ch=0.000 2cl=0.000 101s
 step  910000 loss=0.00163 bce=0.00163 lap=0.00 lam=0.0e+00 val=0.9808 2ch=0.000 2cl=0.000 101s
 step  915000 loss=0.00163 bce=0.00163 lap=0.00 lam=0.0e+00 val=0.9812 2ch=0.000 2cl=0.000 101s
 step  920000 loss=0.00163 bce=0.00163 lap=0.00 lam=0.0e+00 val=0.9810 2ch=0.000 2cl=0.000 101s
 step  925000 loss=0.00162 bce=0.00162 lap=0.00 lam=0.0e+00 val=0.9810 2ch=0.000 2cl=0.000 101s
 step  930000 loss=0.00162 bce=0.00162 lap=0.00 lam=0.0e+00 val=0.9808 2ch=0.000 2cl=0.000 101s
 step  935000 loss=0.00162 bce=0.00162 lap=0.00 lam=0.0e+00 val=0.9812 2ch=0.000 2cl=0.000 101s
 step  940000 loss=0.00162 bce=0.00162 lap=0.00 lam=0.0e+00 val=0.9810 2ch=0.000 2cl=0.000 101s
 step  945000 loss=0.00162 bce=0.00162 lap=0.00 lam=0.0e+00 val=0.9812 2ch=0.000 2cl=0.000 101s
 step  950000 loss=0.00162 bce=0.00162 lap=0.00 lam=0.0e+00 val=0.9816 2ch=0.000 2cl=0.000 101s
 step  955000 loss=0.00162 bce=0.00162 lap=0.00 lam=0.0e+00 val=0.9816 2ch=0.000 2cl=0.000 101s
 step  960000 loss=0.00161 bce=0.00161 lap=0.00 lam=0.0e+00 val=0.9812 2ch=0.000 2cl=0.000 100s
 step  965000 loss=0.00161 bce=0.00161 lap=0.00 lam=0.0e+00 val=0.9814 2ch=0.000 2cl=0.000 100s
 step  970000 loss=0.00161 bce=0.00161 lap=0.00 lam=0.0e+00 val=0.9810 2ch=0.000 2cl=0.000 100s
 step  975000 loss=0.00161 bce=0.00161 lap=0.00 lam=0.0e+00 val=0.9810 2ch=0.000 2cl=0.000 100s
 step  980000 loss=0.00161 bce=0.00161 lap=0.00 lam=0.0e+00 val=0.9812 2ch=0.000 2cl=0.000 101s
 step  985000 loss=0.00161 bce=0.00161 lap=0.00 lam=0.0e+00 val=0.9812 2ch=0.000 2cl=0.000 100s
 step  990000 loss=0.00161 bce=0.00161 lap=0.00 lam=0.0e+00 val=0.9814 2ch=0.000 2cl=0.000 100s
 step  995000 loss=0.00161 bce=0.00161 lap=0.00 lam=0.0e+00 val=0.9812 2ch=0.000 2cl=0.000 100s
 step 1000000 loss=0.00161 bce=0.00161 lap=0.00 lam=0.0e+00 val=0.9812 2ch=0.000 2cl=0.000 100s
done. best in-dist exact=0.9822  -> runs/report6/a1_train/n64_er_roberta_similarity_lam0_seed4000
auto-eval multipath (similarity): runs/report6/a1_train/n64_er_roberta_similarity_lam0_seed4000/last.pt
checkpoint=runs/report6/a1_train/n64_er_roberta_similarity_lam0_seed4000/last.pt
  arch=roberta readout=similarity n=64 device=cuda
  k=1 ell= 3: pair=1.000 mat_exact=0.242 mat_pw=0.995 n_intact=1.00/1 (hist [0, 400])
  k=2 ell= 3: pair=1.000 mat_exact=0.052 mat_pw=0.988 n_intact=2.00/2 (hist [0, 0, 400])
  k=3 ell= 3: pair=1.000 mat_exact=0.205 mat_pw=0.992 n_intact=3.00/3 (hist [0, 0, 0, 400])
  k=4 ell= 3: pair=1.000 mat_exact=0.812 mat_pw=0.998 n_intact=4.00/4 (hist [0, 0, 0, 0, 400])
  k=1 ell= 5: pair=1.000 mat_exact=0.000 mat_pw=0.923 n_intact=1.00/1 (hist [0, 400])
  k=2 ell= 5: pair=1.000 mat_exact=0.000 mat_pw=0.680 n_intact=2.00/2 (hist [0, 0, 400])
  k=3 ell= 5: pair=1.000 mat_exact=0.000 mat_pw=0.761 n_intact=3.00/3 (hist [0, 0, 0, 400])
  k=4 ell= 5: pair=1.000 mat_exact=0.000 mat_pw=0.905 n_intact=4.00/4 (hist [0, 0, 0, 0, 400])
  k=1 ell= 7: pair=1.000 mat_exact=0.000 mat_pw=0.792 n_intact=1.00/1 (hist [0, 400])
  k=2 ell= 7: pair=1.000 mat_exact=0.000 mat_pw=0.594 n_intact=2.00/2 (hist [0, 0, 400])
  k=3 ell= 7: pair=1.000 mat_exact=0.000 mat_pw=0.689 n_intact=3.00/3 (hist [0, 0, 0, 400])
  k=4 ell= 7: pair=1.000 mat_exact=0.000 mat_pw=0.788 n_intact=4.00/4 (hist [0, 0, 0, 0, 400])
  k=1 ell= 9: pair=1.000 mat_exact=0.000 mat_pw=0.711 n_intact=1.00/1 (hist [0, 400])
  k=2 ell= 9: pair=1.000 mat_exact=0.000 mat_pw=0.556 n_intact=2.00/2 (hist [0, 0, 400])
  k=3 ell= 9: pair=1.000 mat_exact=0.000 mat_pw=0.526 n_intact=3.00/3 (hist [0, 0, 0, 400])
  k=4 ell= 9: pair=1.000 mat_exact=0.000 mat_pw=0.505 n_intact=4.00/4 (hist [0, 0, 0, 0, 400])
  k=1 ell=11: pair=1.000 mat_exact=0.000 mat_pw=0.646 n_intact=1.00/1 (hist [0, 400])
  k=2 ell=11: pair=1.000 mat_exact=0.000 mat_pw=0.512 n_intact=2.00/2 (hist [0, 0, 400])
  k=3 ell=11: pair=1.000 mat_exact=0.000 mat_pw=0.496 n_intact=3.00/3 (hist [0, 0, 0, 400])
  k=4 ell=11: pair=1.000 mat_exact=0.000 mat_pw=0.542 n_intact=4.00/4 (hist [0, 0, 0, 0, 400])
  k=1 ell=13: pair=1.000 mat_exact=0.000 mat_pw=0.582 n_intact=1.00/1 (hist [0, 400])
  k=2 ell=13: pair=1.000 mat_exact=0.000 mat_pw=0.495 n_intact=2.00/2 (hist [0, 0, 400])
  k=3 ell=13: pair=1.000 mat_exact=0.000 mat_pw=0.526 n_intact=3.00/3 (hist [0, 0, 0, 400])
  k=4 ell=13: pair=1.000 mat_exact=0.000 mat_pw=0.746 n_intact=4.00/4 (hist [0, 0, 0, 0, 400])
  k=1 ell=15: pair=1.000 mat_exact=0.000 mat_pw=0.560 n_intact=1.00/1 (hist [0, 400])
  k=2 ell=15: pair=1.000 mat_exact=0.000 mat_pw=0.495 n_intact=2.00/2 (hist [0, 0, 400])
  k=3 ell=15: pair=1.000 mat_exact=0.000 mat_pw=0.592 n_intact=3.00/3 (hist [0, 0, 0, 400])
  k=4 ell=15: pair=1.000 mat_exact=1.000 mat_pw=1.000 n_intact=4.00/4 (hist [0, 0, 0, 0, 400])
  k=1 ell=17: pair=1.000 mat_exact=0.000 mat_pw=0.542 n_intact=1.00/1 (hist [0, 400])
  k=2 ell=17: pair=1.000 mat_exact=0.000 mat_pw=0.511 n_intact=2.00/2 (hist [0, 0, 400])
  k=3 ell=17: pair=1.000 mat_exact=0.000 mat_pw=0.835 n_intact=3.00/3 (hist [0, 0, 0, 400])
  k=1 ell=19: pair=1.000 mat_exact=0.000 mat_pw=0.529 n_intact=1.00/1 (hist [0, 400])
  k=2 ell=19: pair=1.000 mat_exact=0.000 mat_pw=0.543 n_intact=2.00/2 (hist [0, 0, 400])
  k=3 ell=19: pair=1.000 mat_exact=0.818 mat_pw=1.000 n_intact=3.00/3 (hist [0, 0, 0, 400])
  saved -> runs/report6/multipath_sim/n64_er_seed4000/multipath.json
