task 8 -> families=path_union n=20 p=0.05 seed=1000
== n20_path_union_roberta_linear_lam0_seed1000 ==
 device=cuda arch=roberta readout=linear lambda=0.0 params=6,326,804
 step    5000 loss=0.30353 bce=0.30353 lap=0.00 lam=0.0e+00 val=0.2700 2ch=0.000 2cl=0.000 33s
 step   10000 loss=0.15262 bce=0.15262 lap=0.00 lam=0.0e+00 val=0.4008 2ch=0.000 2cl=0.000 32s
 step   15000 loss=0.10517 bce=0.10517 lap=0.00 lam=0.0e+00 val=0.5140 2ch=0.000 2cl=0.000 32s
 step   20000 loss=0.06404 bce=0.06404 lap=0.00 lam=0.0e+00 val=0.7146 2ch=0.000 2cl=0.000 32s
 step   25000 loss=0.04276 bce=0.04276 lap=0.00 lam=0.0e+00 val=0.7462 2ch=0.000 2cl=0.000 32s
 step   30000 loss=0.03464 bce=0.03464 lap=0.00 lam=0.0e+00 val=0.7876 2ch=0.000 2cl=0.000 32s
 step   35000 loss=0.03044 bce=0.03044 lap=0.00 lam=0.0e+00 val=0.8106 2ch=0.001 2cl=0.000 32s
 step   40000 loss=0.02754 bce=0.02754 lap=0.00 lam=0.0e+00 val=0.8188 2ch=0.004 2cl=0.000 32s
 step   45000 loss=0.02535 bce=0.02535 lap=0.00 lam=0.0e+00 val=0.8252 2ch=0.008 2cl=0.000 32s
 step   50000 loss=0.02361 bce=0.02361 lap=0.00 lam=0.0e+00 val=0.8304 2ch=0.072 2cl=0.000 32s
 step   55000 loss=0.02227 bce=0.02227 lap=0.00 lam=0.0e+00 val=0.8394 2ch=0.254 2cl=0.000 32s
 step   60000 loss=0.02119 bce=0.02119 lap=0.00 lam=0.0e+00 val=0.8412 2ch=0.352 2cl=0.000 32s
 step   65000 loss=0.02036 bce=0.02036 lap=0.00 lam=0.0e+00 val=0.8448 2ch=0.613 2cl=0.000 32s
 step   70000 loss=0.01964 bce=0.01964 lap=0.00 lam=0.0e+00 val=0.8528 2ch=0.594 2cl=0.000 32s
 step   75000 loss=0.01902 bce=0.01902 lap=0.00 lam=0.0e+00 val=0.8584 2ch=0.677 2cl=0.000 32s
 step   80000 loss=0.01851 bce=0.01851 lap=0.00 lam=0.0e+00 val=0.8550 2ch=0.654 2cl=0.000 32s
 step   85000 loss=0.01802 bce=0.01802 lap=0.00 lam=0.0e+00 val=0.8532 2ch=0.729 2cl=0.000 32s
 step   90000 loss=0.01759 bce=0.01759 lap=0.00 lam=0.0e+00 val=0.8586 2ch=0.758 2cl=0.000 32s
 step   95000 loss=0.01722 bce=0.01722 lap=0.00 lam=0.0e+00 val=0.8550 2ch=0.863 2cl=0.000 33s
 step  100000 loss=0.01686 bce=0.01686 lap=0.00 lam=0.0e+00 val=0.8556 2ch=0.786 2cl=0.000 32s
 step  105000 loss=0.01649 bce=0.01649 lap=0.00 lam=0.0e+00 val=0.8580 2ch=0.954 2cl=0.000 32s
 step  110000 loss=0.01621 bce=0.01621 lap=0.00 lam=0.0e+00 val=0.8616 2ch=0.934 2cl=0.000 32s
 step  115000 loss=0.01594 bce=0.01594 lap=0.00 lam=0.0e+00 val=0.8656 2ch=0.979 2cl=0.000 32s
 step  120000 loss=0.01566 bce=0.01566 lap=0.00 lam=0.0e+00 val=0.8668 2ch=0.957 2cl=0.000 32s
 step  125000 loss=0.01541 bce=0.01541 lap=0.00 lam=0.0e+00 val=0.8652 2ch=0.971 2cl=0.000 32s
 step  130000 loss=0.01518 bce=0.01518 lap=0.00 lam=0.0e+00 val=0.8664 2ch=0.973 2cl=0.000 32s
 step  135000 loss=0.01495 bce=0.01495 lap=0.00 lam=0.0e+00 val=0.8644 2ch=0.972 2cl=0.000 32s
 step  140000 loss=0.01473 bce=0.01473 lap=0.00 lam=0.0e+00 val=0.8698 2ch=0.986 2cl=0.000 32s
 step  145000 loss=0.01450 bce=0.01450 lap=0.00 lam=0.0e+00 val=0.8682 2ch=0.943 2cl=0.000 32s
 step  150000 loss=0.01423 bce=0.01423 lap=0.00 lam=0.0e+00 val=0.8682 2ch=0.965 2cl=0.000 32s
 step  155000 loss=0.01399 bce=0.01399 lap=0.00 lam=0.0e+00 val=0.8740 2ch=0.979 2cl=0.000 32s
 step  160000 loss=0.01367 bce=0.01367 lap=0.00 lam=0.0e+00 val=0.8814 2ch=0.943 2cl=0.000 32s
 step  165000 loss=0.01328 bce=0.01328 lap=0.00 lam=0.0e+00 val=0.8926 2ch=0.954 2cl=0.000 32s
 step  170000 loss=0.01278 bce=0.01278 lap=0.00 lam=0.0e+00 val=0.9038 2ch=0.957 2cl=0.000 32s
 step  175000 loss=0.01218 bce=0.01218 lap=0.00 lam=0.0e+00 val=0.9040 2ch=0.971 2cl=0.000 32s
 step  180000 loss=0.01167 bce=0.01167 lap=0.00 lam=0.0e+00 val=0.9110 2ch=0.964 2cl=0.000 32s
 step  185000 loss=0.01094 bce=0.01094 lap=0.00 lam=0.0e+00 val=0.9134 2ch=0.985 2cl=0.000 32s
 step  190000 loss=0.00997 bce=0.00997 lap=0.00 lam=0.0e+00 val=0.9194 2ch=0.959 2cl=0.000 32s
 step  195000 loss=0.00922 bce=0.00922 lap=0.00 lam=0.0e+00 val=0.9202 2ch=0.976 2cl=0.000 32s
 step  200000 loss=0.00872 bce=0.00872 lap=0.00 lam=0.0e+00 val=0.9200 2ch=0.927 2cl=0.000 32s
 step  205000 loss=0.00833 bce=0.00833 lap=0.00 lam=0.0e+00 val=0.9222 2ch=0.909 2cl=0.000 32s
 step  210000 loss=0.00800 bce=0.00800 lap=0.00 lam=0.0e+00 val=0.9242 2ch=0.961 2cl=0.000 32s
 step  215000 loss=0.00775 bce=0.00775 lap=0.00 lam=0.0e+00 val=0.9264 2ch=0.926 2cl=0.000 32s
 step  220000 loss=0.00753 bce=0.00753 lap=0.00 lam=0.0e+00 val=0.9270 2ch=0.978 2cl=0.000 32s
 step  225000 loss=0.00731 bce=0.00731 lap=0.00 lam=0.0e+00 val=0.9278 2ch=0.926 2cl=0.000 32s
 step  230000 loss=0.00711 bce=0.00711 lap=0.00 lam=0.0e+00 val=0.9318 2ch=0.916 2cl=0.000 32s
 step  235000 loss=0.00693 bce=0.00693 lap=0.00 lam=0.0e+00 val=0.9326 2ch=0.937 2cl=0.000 32s
 step  240000 loss=0.00674 bce=0.00674 lap=0.00 lam=0.0e+00 val=0.9346 2ch=0.946 2cl=0.000 32s
 step  245000 loss=0.00658 bce=0.00658 lap=0.00 lam=0.0e+00 val=0.9396 2ch=0.941 2cl=0.000 32s
 step  250000 loss=0.00642 bce=0.00642 lap=0.00 lam=0.0e+00 val=0.9392 2ch=0.917 2cl=0.000 32s
 step  255000 loss=0.00628 bce=0.00628 lap=0.00 lam=0.0e+00 val=0.9452 2ch=0.922 2cl=0.000 32s
 step  260000 loss=0.00614 bce=0.00614 lap=0.00 lam=0.0e+00 val=0.9420 2ch=0.946 2cl=0.000 32s
 step  265000 loss=0.00599 bce=0.00599 lap=0.00 lam=0.0e+00 val=0.9460 2ch=0.959 2cl=0.000 32s
 step  270000 loss=0.00587 bce=0.00587 lap=0.00 lam=0.0e+00 val=0.9508 2ch=0.938 2cl=0.000 32s
 step  275000 loss=0.00574 bce=0.00574 lap=0.00 lam=0.0e+00 val=0.9492 2ch=0.957 2cl=0.000 32s
 step  280000 loss=0.00560 bce=0.00560 lap=0.00 lam=0.0e+00 val=0.9504 2ch=0.974 2cl=0.000 32s
 step  285000 loss=0.00550 bce=0.00550 lap=0.00 lam=0.0e+00 val=0.9542 2ch=0.953 2cl=0.000 32s
 step  290000 loss=0.00539 bce=0.00539 lap=0.00 lam=0.0e+00 val=0.9548 2ch=0.958 2cl=0.000 32s
 step  295000 loss=0.00526 bce=0.00526 lap=0.00 lam=0.0e+00 val=0.9616 2ch=0.961 2cl=0.000 32s
 step  300000 loss=0.00517 bce=0.00517 lap=0.00 lam=0.0e+00 val=0.9608 2ch=0.963 2cl=0.000 32s
 step  305000 loss=0.00507 bce=0.00507 lap=0.00 lam=0.0e+00 val=0.9622 2ch=0.974 2cl=0.000 32s
 step  310000 loss=0.00496 bce=0.00496 lap=0.00 lam=0.0e+00 val=0.9654 2ch=0.974 2cl=0.000 32s
 step  315000 loss=0.00485 bce=0.00485 lap=0.00 lam=0.0e+00 val=0.9678 2ch=0.972 2cl=0.000 32s
 step  320000 loss=0.00477 bce=0.00477 lap=0.00 lam=0.0e+00 val=0.9706 2ch=0.978 2cl=0.000 32s
 step  325000 loss=0.00467 bce=0.00467 lap=0.00 lam=0.0e+00 val=0.9686 2ch=0.978 2cl=0.000 32s
 step  330000 loss=0.00459 bce=0.00459 lap=0.00 lam=0.0e+00 val=0.9714 2ch=0.984 2cl=0.000 32s
 step  335000 loss=0.00448 bce=0.00448 lap=0.00 lam=0.0e+00 val=0.9708 2ch=0.978 2cl=0.000 32s
 step  340000 loss=0.00441 bce=0.00441 lap=0.00 lam=0.0e+00 val=0.9726 2ch=0.980 2cl=0.000 32s
 step  345000 loss=0.00429 bce=0.00429 lap=0.00 lam=0.0e+00 val=0.9746 2ch=0.986 2cl=0.000 32s
 step  350000 loss=0.00421 bce=0.00421 lap=0.00 lam=0.0e+00 val=0.9742 2ch=0.989 2cl=0.000 32s
 step  355000 loss=0.00411 bce=0.00411 lap=0.00 lam=0.0e+00 val=0.9770 2ch=0.991 2cl=0.000 32s
 step  360000 loss=0.00402 bce=0.00402 lap=0.00 lam=0.0e+00 val=0.9772 2ch=0.993 2cl=0.000 32s
 step  365000 loss=0.00395 bce=0.00395 lap=0.00 lam=0.0e+00 val=0.9778 2ch=0.991 2cl=0.000 32s
 step  370000 loss=0.00385 bce=0.00385 lap=0.00 lam=0.0e+00 val=0.9798 2ch=0.993 2cl=0.000 32s
 step  375000 loss=0.00377 bce=0.00377 lap=0.00 lam=0.0e+00 val=0.9800 2ch=0.992 2cl=0.000 32s
 step  380000 loss=0.00370 bce=0.00370 lap=0.00 lam=0.0e+00 val=0.9826 2ch=0.993 2cl=0.000 32s
 step  385000 loss=0.00361 bce=0.00361 lap=0.00 lam=0.0e+00 val=0.9804 2ch=0.992 2cl=0.000 32s
 step  390000 loss=0.00350 bce=0.00350 lap=0.00 lam=0.0e+00 val=0.9826 2ch=0.991 2cl=0.000 32s
 step  395000 loss=0.00342 bce=0.00342 lap=0.00 lam=0.0e+00 val=0.9834 2ch=0.997 2cl=0.000 32s
 step  400000 loss=0.00334 bce=0.00334 lap=0.00 lam=0.0e+00 val=0.9856 2ch=0.998 2cl=0.000 32s
 step  405000 loss=0.00328 bce=0.00328 lap=0.00 lam=0.0e+00 val=0.9862 2ch=0.998 2cl=0.000 32s
 step  410000 loss=0.00320 bce=0.00320 lap=0.00 lam=0.0e+00 val=0.9866 2ch=0.997 2cl=0.000 32s
 step  415000 loss=0.00314 bce=0.00314 lap=0.00 lam=0.0e+00 val=0.9862 2ch=0.998 2cl=0.000 33s
 step  420000 loss=0.00308 bce=0.00308 lap=0.00 lam=0.0e+00 val=0.9888 2ch=0.998 2cl=0.000 32s
 step  425000 loss=0.00301 bce=0.00301 lap=0.00 lam=0.0e+00 val=0.9870 2ch=0.998 2cl=0.000 32s
 step  430000 loss=0.00295 bce=0.00295 lap=0.00 lam=0.0e+00 val=0.9878 2ch=0.997 2cl=0.000 32s
 step  435000 loss=0.00289 bce=0.00289 lap=0.00 lam=0.0e+00 val=0.9892 2ch=0.999 2cl=0.000 32s
 step  440000 loss=0.00284 bce=0.00284 lap=0.00 lam=0.0e+00 val=0.9898 2ch=0.998 2cl=0.000 32s
 step  445000 loss=0.00279 bce=0.00279 lap=0.00 lam=0.0e+00 val=0.9906 2ch=0.997 2cl=0.000 32s
 step  450000 loss=0.00274 bce=0.00274 lap=0.00 lam=0.0e+00 val=0.9934 2ch=0.998 2cl=0.000 32s
 step  455000 loss=0.00269 bce=0.00269 lap=0.00 lam=0.0e+00 val=0.9918 2ch=0.999 2cl=0.000 32s
 step  460000 loss=0.00265 bce=0.00265 lap=0.00 lam=0.0e+00 val=0.9922 2ch=0.998 2cl=0.000 32s
 step  465000 loss=0.00260 bce=0.00260 lap=0.00 lam=0.0e+00 val=0.9936 2ch=1.000 2cl=0.000 32s
 step  470000 loss=0.00257 bce=0.00257 lap=0.00 lam=0.0e+00 val=0.9936 2ch=0.999 2cl=0.000 32s
 step  475000 loss=0.00253 bce=0.00253 lap=0.00 lam=0.0e+00 val=0.9918 2ch=0.999 2cl=0.000 32s
 step  480000 loss=0.00248 bce=0.00248 lap=0.00 lam=0.0e+00 val=0.9928 2ch=0.999 2cl=0.000 32s
 step  485000 loss=0.00244 bce=0.00244 lap=0.00 lam=0.0e+00 val=0.9934 2ch=0.999 2cl=0.000 32s
 step  490000 loss=0.00241 bce=0.00241 lap=0.00 lam=0.0e+00 val=0.9936 2ch=0.999 2cl=0.000 32s
 step  495000 loss=0.00237 bce=0.00237 lap=0.00 lam=0.0e+00 val=0.9944 2ch=0.998 2cl=0.000 32s
 step  500000 loss=0.00234 bce=0.00234 lap=0.00 lam=0.0e+00 val=0.9940 2ch=0.999 2cl=0.000 32s
 step  505000 loss=0.00231 bce=0.00231 lap=0.00 lam=0.0e+00 val=0.9952 2ch=0.999 2cl=0.000 32s
 step  510000 loss=0.00227 bce=0.00227 lap=0.00 lam=0.0e+00 val=0.9948 2ch=0.999 2cl=0.000 32s
 step  515000 loss=0.00224 bce=0.00224 lap=0.00 lam=0.0e+00 val=0.9940 2ch=0.999 2cl=0.000 32s
 step  520000 loss=0.00221 bce=0.00221 lap=0.00 lam=0.0e+00 val=0.9948 2ch=0.999 2cl=0.000 32s
 step  525000 loss=0.00219 bce=0.00219 lap=0.00 lam=0.0e+00 val=0.9946 2ch=1.000 2cl=0.000 32s
 step  530000 loss=0.00216 bce=0.00216 lap=0.00 lam=0.0e+00 val=0.9944 2ch=0.999 2cl=0.000 32s
 step  535000 loss=0.00213 bce=0.00213 lap=0.00 lam=0.0e+00 val=0.9954 2ch=0.999 2cl=0.000 32s
 step  540000 loss=0.00210 bce=0.00210 lap=0.00 lam=0.0e+00 val=0.9952 2ch=0.999 2cl=0.000 32s
 step  545000 loss=0.00208 bce=0.00208 lap=0.00 lam=0.0e+00 val=0.9958 2ch=0.999 2cl=0.000 32s
 step  550000 loss=0.00205 bce=0.00205 lap=0.00 lam=0.0e+00 val=0.9952 2ch=0.999 2cl=0.000 32s
 step  555000 loss=0.00203 bce=0.00203 lap=0.00 lam=0.0e+00 val=0.9966 2ch=0.999 2cl=0.000 32s
 step  560000 loss=0.00200 bce=0.00200 lap=0.00 lam=0.0e+00 val=0.9966 2ch=0.999 2cl=0.000 32s
 step  565000 loss=0.00197 bce=0.00197 lap=0.00 lam=0.0e+00 val=0.9962 2ch=0.999 2cl=0.000 32s
 step  570000 loss=0.00196 bce=0.00196 lap=0.00 lam=0.0e+00 val=0.9972 2ch=1.000 2cl=0.000 32s
 step  575000 loss=0.00193 bce=0.00193 lap=0.00 lam=0.0e+00 val=0.9970 2ch=0.999 2cl=0.000 32s
 step  580000 loss=0.00191 bce=0.00191 lap=0.00 lam=0.0e+00 val=0.9966 2ch=1.000 2cl=0.000 32s
 step  585000 loss=0.00189 bce=0.00189 lap=0.00 lam=0.0e+00 val=0.9966 2ch=1.000 2cl=0.000 32s
 step  590000 loss=0.00186 bce=0.00186 lap=0.00 lam=0.0e+00 val=0.9974 2ch=0.999 2cl=0.000 32s
 step  595000 loss=0.00185 bce=0.00185 lap=0.00 lam=0.0e+00 val=0.9972 2ch=0.999 2cl=0.000 32s
 step  600000 loss=0.00183 bce=0.00183 lap=0.00 lam=0.0e+00 val=0.9970 2ch=1.000 2cl=0.000 32s
 step  605000 loss=0.00181 bce=0.00181 lap=0.00 lam=0.0e+00 val=0.9972 2ch=1.000 2cl=0.000 32s
 step  610000 loss=0.00179 bce=0.00179 lap=0.00 lam=0.0e+00 val=0.9976 2ch=1.000 2cl=0.000 32s
 step  615000 loss=0.00177 bce=0.00177 lap=0.00 lam=0.0e+00 val=0.9978 2ch=0.999 2cl=0.000 32s
 step  620000 loss=0.00175 bce=0.00175 lap=0.00 lam=0.0e+00 val=0.9976 2ch=1.000 2cl=0.000 32s
 step  625000 loss=0.00174 bce=0.00174 lap=0.00 lam=0.0e+00 val=0.9976 2ch=0.999 2cl=0.000 32s
 step  630000 loss=0.00172 bce=0.00172 lap=0.00 lam=0.0e+00 val=0.9972 2ch=1.000 2cl=0.000 32s
 step  635000 loss=0.00170 bce=0.00170 lap=0.00 lam=0.0e+00 val=0.9986 2ch=1.000 2cl=0.000 32s
 step  640000 loss=0.00169 bce=0.00169 lap=0.00 lam=0.0e+00 val=0.9972 2ch=0.999 2cl=0.000 32s
 step  645000 loss=0.00167 bce=0.00167 lap=0.00 lam=0.0e+00 val=0.9978 2ch=1.000 2cl=0.000 32s
 step  650000 loss=0.00166 bce=0.00166 lap=0.00 lam=0.0e+00 val=0.9982 2ch=0.999 2cl=0.000 32s
 step  655000 loss=0.00165 bce=0.00165 lap=0.00 lam=0.0e+00 val=0.9978 2ch=1.000 2cl=0.000 32s
 step  660000 loss=0.00163 bce=0.00163 lap=0.00 lam=0.0e+00 val=0.9978 2ch=1.000 2cl=0.000 32s
 step  665000 loss=0.00161 bce=0.00161 lap=0.00 lam=0.0e+00 val=0.9986 2ch=1.000 2cl=0.000 32s
 step  670000 loss=0.00160 bce=0.00160 lap=0.00 lam=0.0e+00 val=0.9980 2ch=1.000 2cl=0.000 32s
 step  675000 loss=0.00158 bce=0.00158 lap=0.00 lam=0.0e+00 val=0.9982 2ch=1.000 2cl=0.000 32s
 step  680000 loss=0.00157 bce=0.00157 lap=0.00 lam=0.0e+00 val=0.9986 2ch=0.999 2cl=0.000 32s
 step  685000 loss=0.00156 bce=0.00156 lap=0.00 lam=0.0e+00 val=0.9982 2ch=1.000 2cl=0.000 32s
 step  690000 loss=0.00155 bce=0.00155 lap=0.00 lam=0.0e+00 val=0.9988 2ch=1.000 2cl=0.000 32s
 step  695000 loss=0.00153 bce=0.00153 lap=0.00 lam=0.0e+00 val=0.9982 2ch=1.000 2cl=0.000 32s
 step  700000 loss=0.00152 bce=0.00152 lap=0.00 lam=0.0e+00 val=0.9986 2ch=1.000 2cl=0.000 32s
 step  705000 loss=0.00151 bce=0.00151 lap=0.00 lam=0.0e+00 val=0.9992 2ch=1.000 2cl=0.000 32s
 step  710000 loss=0.00149 bce=0.00149 lap=0.00 lam=0.0e+00 val=0.9990 2ch=0.999 2cl=0.000 32s
 step  715000 loss=0.00149 bce=0.00149 lap=0.00 lam=0.0e+00 val=0.9990 2ch=1.000 2cl=0.000 32s
 step  720000 loss=0.00148 bce=0.00148 lap=0.00 lam=0.0e+00 val=0.9988 2ch=1.000 2cl=0.000 32s
 step  725000 loss=0.00146 bce=0.00146 lap=0.00 lam=0.0e+00 val=0.9982 2ch=1.000 2cl=0.000 32s
 step  730000 loss=0.00146 bce=0.00146 lap=0.00 lam=0.0e+00 val=0.9982 2ch=1.000 2cl=0.000 32s
 step  735000 loss=0.00144 bce=0.00144 lap=0.00 lam=0.0e+00 val=0.9988 2ch=1.000 2cl=0.000 32s
 step  740000 loss=0.00143 bce=0.00143 lap=0.00 lam=0.0e+00 val=0.9984 2ch=1.000 2cl=0.000 32s
 step  745000 loss=0.00142 bce=0.00142 lap=0.00 lam=0.0e+00 val=0.9994 2ch=1.000 2cl=0.000 32s
 step  750000 loss=0.00141 bce=0.00141 lap=0.00 lam=0.0e+00 val=0.9986 2ch=0.999 2cl=0.000 32s
 step  755000 loss=0.00141 bce=0.00141 lap=0.00 lam=0.0e+00 val=0.9992 2ch=1.000 2cl=0.000 32s
 step  760000 loss=0.00140 bce=0.00140 lap=0.00 lam=0.0e+00 val=0.9980 2ch=1.000 2cl=0.000 32s
 step  765000 loss=0.00139 bce=0.00139 lap=0.00 lam=0.0e+00 val=0.9990 2ch=1.000 2cl=0.000 32s
 step  770000 loss=0.00138 bce=0.00138 lap=0.00 lam=0.0e+00 val=0.9990 2ch=1.000 2cl=0.000 32s
 step  775000 loss=0.00137 bce=0.00137 lap=0.00 lam=0.0e+00 val=0.9986 2ch=1.000 2cl=0.000 32s
 step  780000 loss=0.00137 bce=0.00137 lap=0.00 lam=0.0e+00 val=0.9990 2ch=1.000 2cl=0.000 32s
 step  785000 loss=0.00135 bce=0.00135 lap=0.00 lam=0.0e+00 val=0.9988 2ch=1.000 2cl=0.000 32s
 step  790000 loss=0.00134 bce=0.00134 lap=0.00 lam=0.0e+00 val=0.9986 2ch=1.000 2cl=0.000 32s
 step  795000 loss=0.00134 bce=0.00134 lap=0.00 lam=0.0e+00 val=0.9988 2ch=1.000 2cl=0.000 32s
 step  800000 loss=0.00133 bce=0.00133 lap=0.00 lam=0.0e+00 val=0.9996 2ch=1.000 2cl=0.000 32s
 step  805000 loss=0.00132 bce=0.00132 lap=0.00 lam=0.0e+00 val=0.9986 2ch=1.000 2cl=0.000 32s
 step  810000 loss=0.00132 bce=0.00132 lap=0.00 lam=0.0e+00 val=0.9990 2ch=1.000 2cl=0.000 32s
 step  815000 loss=0.00131 bce=0.00131 lap=0.00 lam=0.0e+00 val=0.9994 2ch=1.000 2cl=0.000 32s
 step  820000 loss=0.00130 bce=0.00130 lap=0.00 lam=0.0e+00 val=0.9990 2ch=1.000 2cl=0.000 32s
 step  825000 loss=0.00130 bce=0.00130 lap=0.00 lam=0.0e+00 val=0.9992 2ch=0.999 2cl=0.000 32s
 step  830000 loss=0.00129 bce=0.00129 lap=0.00 lam=0.0e+00 val=0.9992 2ch=0.999 2cl=0.000 32s
 step  835000 loss=0.00129 bce=0.00129 lap=0.00 lam=0.0e+00 val=0.9992 2ch=1.000 2cl=0.000 32s
 step  840000 loss=0.00128 bce=0.00128 lap=0.00 lam=0.0e+00 val=0.9990 2ch=1.000 2cl=0.000 32s
 step  845000 loss=0.00128 bce=0.00128 lap=0.00 lam=0.0e+00 val=0.9992 2ch=0.999 2cl=0.000 32s
 step  850000 loss=0.00127 bce=0.00127 lap=0.00 lam=0.0e+00 val=0.9992 2ch=1.000 2cl=0.000 32s
 step  855000 loss=0.00127 bce=0.00127 lap=0.00 lam=0.0e+00 val=0.9992 2ch=1.000 2cl=0.000 32s
 step  860000 loss=0.00126 bce=0.00126 lap=0.00 lam=0.0e+00 val=0.9992 2ch=1.000 2cl=0.000 32s
 step  865000 loss=0.00126 bce=0.00126 lap=0.00 lam=0.0e+00 val=0.9992 2ch=1.000 2cl=0.000 32s
 step  870000 loss=0.00125 bce=0.00125 lap=0.00 lam=0.0e+00 val=0.9990 2ch=1.000 2cl=0.000 32s
 step  875000 loss=0.00125 bce=0.00125 lap=0.00 lam=0.0e+00 val=0.9990 2ch=1.000 2cl=0.000 32s
 step  880000 loss=0.00124 bce=0.00124 lap=0.00 lam=0.0e+00 val=0.9990 2ch=1.000 2cl=0.000 32s
 step  885000 loss=0.00124 bce=0.00124 lap=0.00 lam=0.0e+00 val=0.9990 2ch=1.000 2cl=0.000 33s
 step  890000 loss=0.00124 bce=0.00124 lap=0.00 lam=0.0e+00 val=0.9990 2ch=1.000 2cl=0.000 32s
 step  895000 loss=0.00123 bce=0.00123 lap=0.00 lam=0.0e+00 val=0.9990 2ch=1.000 2cl=0.000 32s
 step  900000 loss=0.00123 bce=0.00123 lap=0.00 lam=0.0e+00 val=0.9992 2ch=1.000 2cl=0.000 32s
 step  905000 loss=0.00123 bce=0.00123 lap=0.00 lam=0.0e+00 val=0.9992 2ch=1.000 2cl=0.000 32s
 step  910000 loss=0.00122 bce=0.00122 lap=0.00 lam=0.0e+00 val=0.9992 2ch=1.000 2cl=0.000 32s
 step  915000 loss=0.00122 bce=0.00122 lap=0.00 lam=0.0e+00 val=0.9992 2ch=1.000 2cl=0.000 32s
 step  920000 loss=0.00121 bce=0.00121 lap=0.00 lam=0.0e+00 val=0.9992 2ch=1.000 2cl=0.000 32s
 step  925000 loss=0.00121 bce=0.00121 lap=0.00 lam=0.0e+00 val=0.9994 2ch=1.000 2cl=0.000 32s
 step  930000 loss=0.00121 bce=0.00121 lap=0.00 lam=0.0e+00 val=0.9992 2ch=1.000 2cl=0.000 32s
 step  935000 loss=0.00121 bce=0.00121 lap=0.00 lam=0.0e+00 val=0.9994 2ch=1.000 2cl=0.000 32s
 step  940000 loss=0.00121 bce=0.00121 lap=0.00 lam=0.0e+00 val=0.9994 2ch=1.000 2cl=0.000 32s
 step  945000 loss=0.00121 bce=0.00121 lap=0.00 lam=0.0e+00 val=0.9994 2ch=1.000 2cl=0.000 32s
 step  950000 loss=0.00121 bce=0.00121 lap=0.00 lam=0.0e+00 val=0.9994 2ch=1.000 2cl=0.000 32s
 step  955000 loss=0.00120 bce=0.00120 lap=0.00 lam=0.0e+00 val=0.9992 2ch=1.000 2cl=0.000 32s
 step  960000 loss=0.00120 bce=0.00120 lap=0.00 lam=0.0e+00 val=0.9992 2ch=1.000 2cl=0.000 32s
 step  965000 loss=0.00120 bce=0.00120 lap=0.00 lam=0.0e+00 val=0.9992 2ch=1.000 2cl=0.000 32s
 step  970000 loss=0.00120 bce=0.00120 lap=0.00 lam=0.0e+00 val=0.9994 2ch=1.000 2cl=0.000 32s
 step  975000 loss=0.00120 bce=0.00120 lap=0.00 lam=0.0e+00 val=0.9994 2ch=1.000 2cl=0.000 32s
 step  980000 loss=0.00120 bce=0.00120 lap=0.00 lam=0.0e+00 val=0.9992 2ch=1.000 2cl=0.000 32s
 step  985000 loss=0.00120 bce=0.00120 lap=0.00 lam=0.0e+00 val=0.9994 2ch=1.000 2cl=0.000 32s
 step  990000 loss=0.00120 bce=0.00120 lap=0.00 lam=0.0e+00 val=0.9994 2ch=1.000 2cl=0.000 32s
 step  995000 loss=0.00120 bce=0.00120 lap=0.00 lam=0.0e+00 val=0.9992 2ch=1.000 2cl=0.000 32s
 step 1000000 loss=0.00120 bce=0.00120 lap=0.00 lam=0.0e+00 val=0.9994 2ch=1.000 2cl=0.000 33s
done. best in-dist exact=0.9996  -> runs/report6/a1_train/n20_path_union_roberta_linear_lam0_seed1000
auto-eval multipath: runs/report6/a1_train/n20_path_union_roberta_linear_lam0_seed1000/last.pt
checkpoint=runs/report6/a1_train/n20_path_union_roberta_linear_lam0_seed1000/last.pt
  arch=roberta readout=linear n=20 device=cuda
  k=1 ell= 3: pair=0.965 mat_exact=0.000 mat_pw=0.894 n_intact=0.66/1 (hist [138, 262])
  k=2 ell= 3: pair=0.777 mat_exact=0.000 mat_pw=0.906 n_intact=1.54/2 (hist [22, 140, 238])
  k=3 ell= 3: pair=1.000 mat_exact=0.000 mat_pw=0.787 n_intact=3.00/3 (hist [0, 0, 0, 400])
  k=4 ell= 3: pair=0.800 mat_exact=0.000 mat_pw=0.447 n_intact=3.34/4 (hist [0, 6, 37, 172, 185])
  k=1 ell= 5: pair=0.190 mat_exact=0.000 mat_pw=0.800 n_intact=0.00/1 (hist [400, 0])
  k=2 ell= 5: pair=0.802 mat_exact=0.000 mat_pw=0.864 n_intact=0.07/2 (hist [375, 24, 1])
  k=3 ell= 5: pair=1.000 mat_exact=0.005 mat_pw=0.897 n_intact=2.67/3 (hist [0, 13, 105, 282])
  k=4 ell= 5: pair=1.000 mat_exact=0.000 mat_pw=0.899 n_intact=3.98/4 (hist [0, 0, 0, 6, 394])
  k=1 ell= 7: pair=0.228 mat_exact=0.000 mat_pw=0.699 n_intact=0.00/1 (hist [400, 0])
  k=2 ell= 7: pair=0.973 mat_exact=0.062 mat_pw=0.980 n_intact=0.87/2 (hist [166, 119, 115])
  k=1 ell= 9: pair=0.270 mat_exact=0.000 mat_pw=0.632 n_intact=0.00/1 (hist [400, 0])
  k=1 ell=11: pair=0.223 mat_exact=0.000 mat_pw=0.560 n_intact=0.00/1 (hist [400, 0])
  k=1 ell=13: pair=0.205 mat_exact=0.000 mat_pw=0.485 n_intact=0.00/1 (hist [400, 0])
  saved -> runs/report6/multipath/n20_pathunion_seed1000/multipath.json
