task 1 -> families=er n=10 p=0.20 seed=2000 readout=similarity
== n10_er_roberta_similarity_lam0_seed2000 ==
 device=cuda arch=roberta readout=similarity lambda=0.0 params=6,311,426
 step    5000 loss=0.07119 bce=0.07119 lap=0.00 lam=0.0e+00 val=0.9964 2ch=0.941 2cl=0.000 26s
 step   10000 loss=0.01534 bce=0.01534 lap=0.00 lam=0.0e+00 val=0.9998 2ch=0.999 2cl=0.000 26s
 step   15000 loss=0.00763 bce=0.00763 lap=0.00 lam=0.0e+00 val=0.9996 2ch=1.000 2cl=0.454 24s
 step   20000 loss=0.00461 bce=0.00461 lap=0.00 lam=0.0e+00 val=1.0000 2ch=0.999 2cl=0.991 24s
 step   25000 loss=0.00306 bce=0.00306 lap=0.00 lam=0.0e+00 val=1.0000 2ch=1.000 2cl=0.796 24s
 step   30000 loss=0.00219 bce=0.00219 lap=0.00 lam=0.0e+00 val=0.9996 2ch=1.000 2cl=0.080 26s
 step   35000 loss=0.00166 bce=0.00166 lap=0.00 lam=0.0e+00 val=1.0000 2ch=1.000 2cl=0.321 25s
 step   40000 loss=0.00130 bce=0.00130 lap=0.00 lam=0.0e+00 val=1.0000 2ch=1.000 2cl=0.081 25s
 step   45000 loss=0.00109 bce=0.00109 lap=0.00 lam=0.0e+00 val=1.0000 2ch=1.000 2cl=0.000 25s
 step   50000 loss=0.00093 bce=0.00093 lap=0.00 lam=0.0e+00 val=1.0000 2ch=1.000 2cl=0.144 24s
 step   55000 loss=0.00080 bce=0.00080 lap=0.00 lam=0.0e+00 val=0.9998 2ch=1.000 2cl=0.993 26s
 step   60000 loss=0.00070 bce=0.00070 lap=0.00 lam=0.0e+00 val=0.9998 2ch=1.000 2cl=0.922 25s
 step   65000 loss=0.00063 bce=0.00063 lap=0.00 lam=0.0e+00 val=1.0000 2ch=1.000 2cl=0.038 25s
 step   70000 loss=0.00057 bce=0.00057 lap=0.00 lam=0.0e+00 val=1.0000 2ch=1.000 2cl=0.230 25s
 step   75000 loss=0.00053 bce=0.00053 lap=0.00 lam=0.0e+00 val=1.0000 2ch=1.000 2cl=0.602 25s
 step   80000 loss=0.00049 bce=0.00049 lap=0.00 lam=0.0e+00 val=1.0000 2ch=1.000 2cl=0.253 25s
 step   85000 loss=0.00046 bce=0.00046 lap=0.00 lam=0.0e+00 val=1.0000 2ch=1.000 2cl=0.526 25s
 step   90000 loss=0.00042 bce=0.00042 lap=0.00 lam=0.0e+00 val=1.0000 2ch=1.000 2cl=0.289 26s
 step   95000 loss=0.00038 bce=0.00038 lap=0.00 lam=0.0e+00 val=1.0000 2ch=1.000 2cl=0.845 25s
 step  100000 loss=0.00037 bce=0.00037 lap=0.00 lam=0.0e+00 val=1.0000 2ch=1.000 2cl=0.606 26s
 step  105000 loss=0.00034 bce=0.00034 lap=0.00 lam=0.0e+00 val=1.0000 2ch=1.000 2cl=0.723 26s
 step  110000 loss=0.00033 bce=0.00033 lap=0.00 lam=0.0e+00 val=1.0000 2ch=1.000 2cl=0.757 27s
 step  115000 loss=0.00030 bce=0.00030 lap=0.00 lam=0.0e+00 val=1.0000 2ch=1.000 2cl=0.877 26s
 step  120000 loss=0.00030 bce=0.00030 lap=0.00 lam=0.0e+00 val=0.9998 2ch=1.000 2cl=0.568 26s
 step  125000 loss=0.00029 bce=0.00029 lap=0.00 lam=0.0e+00 val=1.0000 2ch=1.000 2cl=0.900 26s
 step  130000 loss=0.00026 bce=0.00026 lap=0.00 lam=0.0e+00 val=1.0000 2ch=1.000 2cl=0.984 26s
 step  135000 loss=0.00026 bce=0.00026 lap=0.00 lam=0.0e+00 val=1.0000 2ch=1.000 2cl=0.910 26s
 step  140000 loss=0.00024 bce=0.00024 lap=0.00 lam=0.0e+00 val=1.0000 2ch=1.000 2cl=1.000 26s
 step  145000 loss=0.00025 bce=0.00025 lap=0.00 lam=0.0e+00 val=1.0000 2ch=1.000 2cl=0.000 27s
 step  150000 loss=0.00022 bce=0.00022 lap=0.00 lam=0.0e+00 val=1.0000 2ch=1.000 2cl=1.000 26s
 step  155000 loss=0.00022 bce=0.00022 lap=0.00 lam=0.0e+00 val=1.0000 2ch=1.000 2cl=0.444 26s
 step  160000 loss=0.00021 bce=0.00021 lap=0.00 lam=0.0e+00 val=1.0000 2ch=1.000 2cl=0.912 26s
 step  165000 loss=0.00020 bce=0.00020 lap=0.00 lam=0.0e+00 val=1.0000 2ch=1.000 2cl=1.000 26s
 step  170000 loss=0.00020 bce=0.00020 lap=0.00 lam=0.0e+00 val=1.0000 2ch=1.000 2cl=0.126 27s
 step  175000 loss=0.00019 bce=0.00019 lap=0.00 lam=0.0e+00 val=1.0000 2ch=1.000 2cl=0.765 27s
 step  180000 loss=0.00019 bce=0.00019 lap=0.00 lam=0.0e+00 val=1.0000 2ch=1.000 2cl=0.957 25s
 step  185000 loss=0.00018 bce=0.00018 lap=0.00 lam=0.0e+00 val=1.0000 2ch=1.000 2cl=0.576 25s
 step  190000 loss=0.00018 bce=0.00018 lap=0.00 lam=0.0e+00 val=0.9998 2ch=1.000 2cl=0.823 26s
 step  195000 loss=0.00016 bce=0.00016 lap=0.00 lam=0.0e+00 val=1.0000 2ch=1.000 2cl=0.755 26s
 step  200000 loss=0.00016 bce=0.00016 lap=0.00 lam=0.0e+00 val=1.0000 2ch=1.000 2cl=0.271 27s
 step  205000 loss=0.00016 bce=0.00016 lap=0.00 lam=0.0e+00 val=1.0000 2ch=1.000 2cl=0.982 27s
 step  210000 loss=0.00016 bce=0.00016 lap=0.00 lam=0.0e+00 val=1.0000 2ch=1.000 2cl=0.959 27s
 step  215000 loss=0.00014 bce=0.00014 lap=0.00 lam=0.0e+00 val=1.0000 2ch=1.000 2cl=1.000 26s
 step  220000 loss=0.00015 bce=0.00015 lap=0.00 lam=0.0e+00 val=1.0000 2ch=1.000 2cl=0.712 26s
 step  225000 loss=0.00013 bce=0.00013 lap=0.00 lam=0.0e+00 val=1.0000 2ch=1.000 2cl=0.975 26s
 step  230000 loss=0.00014 bce=0.00014 lap=0.00 lam=0.0e+00 val=1.0000 2ch=1.000 2cl=0.892 26s
 step  235000 loss=0.00012 bce=0.00012 lap=0.00 lam=0.0e+00 val=1.0000 2ch=1.000 2cl=0.506 26s
 step  240000 loss=0.00013 bce=0.00013 lap=0.00 lam=0.0e+00 val=1.0000 2ch=1.000 2cl=1.000 25s
 step  245000 loss=0.00012 bce=0.00012 lap=0.00 lam=0.0e+00 val=1.0000 2ch=1.000 2cl=0.934 27s
 step  250000 loss=0.00012 bce=0.00012 lap=0.00 lam=0.0e+00 val=1.0000 2ch=1.000 2cl=0.686 26s
 step  255000 loss=0.00013 bce=0.00013 lap=0.00 lam=0.0e+00 val=1.0000 2ch=1.000 2cl=0.890 26s
 step  260000 loss=0.00010 bce=0.00010 lap=0.00 lam=0.0e+00 val=0.9998 2ch=1.000 2cl=1.000 26s
 step  265000 loss=0.00012 bce=0.00012 lap=0.00 lam=0.0e+00 val=1.0000 2ch=1.000 2cl=0.267 26s
 step  270000 loss=0.00011 bce=0.00011 lap=0.00 lam=0.0e+00 val=1.0000 2ch=1.000 2cl=1.000 26s
 step  275000 loss=0.00010 bce=0.00010 lap=0.00 lam=0.0e+00 val=1.0000 2ch=1.000 2cl=0.922 26s
 step  280000 loss=0.00011 bce=0.00011 lap=0.00 lam=0.0e+00 val=1.0000 2ch=1.000 2cl=0.755 26s
 step  285000 loss=0.00010 bce=0.00010 lap=0.00 lam=0.0e+00 val=1.0000 2ch=1.000 2cl=1.000 26s
 step  290000 loss=0.00010 bce=0.00010 lap=0.00 lam=0.0e+00 val=1.0000 2ch=1.000 2cl=0.866 27s
 step  295000 loss=0.00009 bce=0.00009 lap=0.00 lam=0.0e+00 val=1.0000 2ch=1.000 2cl=0.991 26s
 step  300000 loss=0.00009 bce=0.00009 lap=0.00 lam=0.0e+00 val=1.0000 2ch=1.000 2cl=1.000 26s
 step  305000 loss=0.00009 bce=0.00009 lap=0.00 lam=0.0e+00 val=1.0000 2ch=1.000 2cl=1.000 26s
 step  310000 loss=0.00009 bce=0.00009 lap=0.00 lam=0.0e+00 val=1.0000 2ch=1.000 2cl=0.958 26s
 step  315000 loss=0.00008 bce=0.00008 lap=0.00 lam=0.0e+00 val=1.0000 2ch=1.000 2cl=1.000 26s
 step  320000 loss=0.00008 bce=0.00008 lap=0.00 lam=0.0e+00 val=0.9998 2ch=1.000 2cl=1.000 26s
 step  325000 loss=0.00009 bce=0.00009 lap=0.00 lam=0.0e+00 val=1.0000 2ch=1.000 2cl=0.986 27s
 step  330000 loss=0.00008 bce=0.00008 lap=0.00 lam=0.0e+00 val=1.0000 2ch=1.000 2cl=1.000 28s
 step  335000 loss=0.00008 bce=0.00008 lap=0.00 lam=0.0e+00 val=1.0000 2ch=1.000 2cl=0.948 26s
 step  340000 loss=0.00008 bce=0.00008 lap=0.00 lam=0.0e+00 val=1.0000 2ch=1.000 2cl=0.531 26s
 step  345000 loss=0.00007 bce=0.00007 lap=0.00 lam=0.0e+00 val=1.0000 2ch=1.000 2cl=1.000 25s
 step  350000 loss=0.00008 bce=0.00008 lap=0.00 lam=0.0e+00 val=1.0000 2ch=1.000 2cl=0.986 26s
 step  355000 loss=0.00007 bce=0.00007 lap=0.00 lam=0.0e+00 val=1.0000 2ch=1.000 2cl=1.000 27s
 step  360000 loss=0.00007 bce=0.00007 lap=0.00 lam=0.0e+00 val=1.0000 2ch=1.000 2cl=1.000 27s
 step  365000 loss=0.00007 bce=0.00007 lap=0.00 lam=0.0e+00 val=1.0000 2ch=1.000 2cl=1.000 26s
 step  370000 loss=0.00006 bce=0.00006 lap=0.00 lam=0.0e+00 val=1.0000 2ch=1.000 2cl=1.000 26s
 step  375000 loss=0.00006 bce=0.00006 lap=0.00 lam=0.0e+00 val=1.0000 2ch=1.000 2cl=1.000 27s
 step  380000 loss=0.00006 bce=0.00006 lap=0.00 lam=0.0e+00 val=1.0000 2ch=1.000 2cl=0.990 26s
 step  385000 loss=0.00006 bce=0.00006 lap=0.00 lam=0.0e+00 val=1.0000 2ch=1.000 2cl=0.969 26s
 step  390000 loss=0.00006 bce=0.00006 lap=0.00 lam=0.0e+00 val=1.0000 2ch=1.000 2cl=1.000 26s
 step  395000 loss=0.00006 bce=0.00006 lap=0.00 lam=0.0e+00 val=1.0000 2ch=1.000 2cl=1.000 27s
 step  400000 loss=0.00006 bce=0.00006 lap=0.00 lam=0.0e+00 val=1.0000 2ch=1.000 2cl=0.993 26s
 step  405000 loss=0.00005 bce=0.00005 lap=0.00 lam=0.0e+00 val=1.0000 2ch=1.000 2cl=0.399 27s
 step  410000 loss=0.00005 bce=0.00005 lap=0.00 lam=0.0e+00 val=1.0000 2ch=1.000 2cl=0.915 26s
 step  415000 loss=0.00005 bce=0.00005 lap=0.00 lam=0.0e+00 val=1.0000 2ch=1.000 2cl=0.989 25s
 step  420000 loss=0.00005 bce=0.00005 lap=0.00 lam=0.0e+00 val=1.0000 2ch=1.000 2cl=0.946 26s
 step  425000 loss=0.00005 bce=0.00005 lap=0.00 lam=0.0e+00 val=1.0000 2ch=1.000 2cl=0.990 25s
 step  430000 loss=0.00005 bce=0.00005 lap=0.00 lam=0.0e+00 val=1.0000 2ch=1.000 2cl=0.961 26s
 step  435000 loss=0.00005 bce=0.00005 lap=0.00 lam=0.0e+00 val=1.0000 2ch=1.000 2cl=0.236 26s
 step  440000 loss=0.00005 bce=0.00005 lap=0.00 lam=0.0e+00 val=1.0000 2ch=1.000 2cl=0.746 26s
 step  445000 loss=0.00005 bce=0.00005 lap=0.00 lam=0.0e+00 val=1.0000 2ch=1.000 2cl=0.435 26s
 step  450000 loss=0.00005 bce=0.00005 lap=0.00 lam=0.0e+00 val=1.0000 2ch=1.000 2cl=1.000 26s
 step  455000 loss=0.00004 bce=0.00004 lap=0.00 lam=0.0e+00 val=1.0000 2ch=1.000 2cl=1.000 28s
 step  460000 loss=0.00004 bce=0.00004 lap=0.00 lam=0.0e+00 val=1.0000 2ch=1.000 2cl=0.901 26s
 step  465000 loss=0.00004 bce=0.00004 lap=0.00 lam=0.0e+00 val=1.0000 2ch=1.000 2cl=1.000 27s
 step  470000 loss=0.00004 bce=0.00004 lap=0.00 lam=0.0e+00 val=1.0000 2ch=1.000 2cl=1.000 27s
 step  475000 loss=0.00004 bce=0.00004 lap=0.00 lam=0.0e+00 val=1.0000 2ch=1.000 2cl=1.000 26s
 step  480000 loss=0.00004 bce=0.00004 lap=0.00 lam=0.0e+00 val=1.0000 2ch=1.000 2cl=0.993 26s
 step  485000 loss=0.00004 bce=0.00004 lap=0.00 lam=0.0e+00 val=1.0000 2ch=1.000 2cl=0.926 27s
 step  490000 loss=0.00004 bce=0.00004 lap=0.00 lam=0.0e+00 val=1.0000 2ch=1.000 2cl=1.000 25s
 step  495000 loss=0.00004 bce=0.00004 lap=0.00 lam=0.0e+00 val=1.0000 2ch=1.000 2cl=0.940 27s
 step  500000 loss=0.00003 bce=0.00003 lap=0.00 lam=0.0e+00 val=1.0000 2ch=1.000 2cl=1.000 25s
 step  505000 loss=0.00003 bce=0.00003 lap=0.00 lam=0.0e+00 val=1.0000 2ch=1.000 2cl=0.963 25s
 step  510000 loss=0.00004 bce=0.00004 lap=0.00 lam=0.0e+00 val=1.0000 2ch=1.000 2cl=1.000 26s
 step  515000 loss=0.00003 bce=0.00003 lap=0.00 lam=0.0e+00 val=1.0000 2ch=1.000 2cl=1.000 27s
 step  520000 loss=0.00003 bce=0.00003 lap=0.00 lam=0.0e+00 val=1.0000 2ch=1.000 2cl=0.989 27s
 step  525000 loss=0.00003 bce=0.00003 lap=0.00 lam=0.0e+00 val=1.0000 2ch=1.000 2cl=1.000 26s
 step  530000 loss=0.00003 bce=0.00003 lap=0.00 lam=0.0e+00 val=1.0000 2ch=1.000 2cl=1.000 26s
 step  535000 loss=0.00003 bce=0.00003 lap=0.00 lam=0.0e+00 val=1.0000 2ch=1.000 2cl=0.980 26s
 step  540000 loss=0.00003 bce=0.00003 lap=0.00 lam=0.0e+00 val=1.0000 2ch=1.000 2cl=1.000 26s
 step  545000 loss=0.00003 bce=0.00003 lap=0.00 lam=0.0e+00 val=1.0000 2ch=1.000 2cl=1.000 25s
 step  550000 loss=0.00003 bce=0.00003 lap=0.00 lam=0.0e+00 val=1.0000 2ch=1.000 2cl=0.885 26s
 step  555000 loss=0.00002 bce=0.00002 lap=0.00 lam=0.0e+00 val=1.0000 2ch=1.000 2cl=1.000 27s
 step  560000 loss=0.00003 bce=0.00003 lap=0.00 lam=0.0e+00 val=1.0000 2ch=1.000 2cl=1.000 26s
 step  565000 loss=0.00002 bce=0.00002 lap=0.00 lam=0.0e+00 val=1.0000 2ch=1.000 2cl=0.991 27s
 step  570000 loss=0.00002 bce=0.00002 lap=0.00 lam=0.0e+00 val=1.0000 2ch=1.000 2cl=1.000 26s
 step  575000 loss=0.00002 bce=0.00002 lap=0.00 lam=0.0e+00 val=1.0000 2ch=1.000 2cl=1.000 27s
 step  580000 loss=0.00002 bce=0.00002 lap=0.00 lam=0.0e+00 val=1.0000 2ch=1.000 2cl=0.992 26s
 step  585000 loss=0.00002 bce=0.00002 lap=0.00 lam=0.0e+00 val=1.0000 2ch=1.000 2cl=1.000 26s
 step  590000 loss=0.00002 bce=0.00002 lap=0.00 lam=0.0e+00 val=1.0000 2ch=1.000 2cl=1.000 26s
 step  595000 loss=0.00002 bce=0.00002 lap=0.00 lam=0.0e+00 val=1.0000 2ch=1.000 2cl=1.000 26s
 step  600000 loss=0.00002 bce=0.00002 lap=0.00 lam=0.0e+00 val=1.0000 2ch=1.000 2cl=0.992 26s
 step  605000 loss=0.00002 bce=0.00002 lap=0.00 lam=0.0e+00 val=1.0000 2ch=1.000 2cl=0.982 27s
 step  610000 loss=0.00002 bce=0.00002 lap=0.00 lam=0.0e+00 val=1.0000 2ch=1.000 2cl=0.963 27s
 step  615000 loss=0.00002 bce=0.00002 lap=0.00 lam=0.0e+00 val=1.0000 2ch=1.000 2cl=1.000 26s
 step  620000 loss=0.00002 bce=0.00002 lap=0.00 lam=0.0e+00 val=1.0000 2ch=1.000 2cl=1.000 26s
 step  625000 loss=0.00002 bce=0.00002 lap=0.00 lam=0.0e+00 val=1.0000 2ch=1.000 2cl=1.000 26s
 step  630000 loss=0.00002 bce=0.00002 lap=0.00 lam=0.0e+00 val=1.0000 2ch=1.000 2cl=1.000 26s
 step  635000 loss=0.00002 bce=0.00002 lap=0.00 lam=0.0e+00 val=1.0000 2ch=1.000 2cl=1.000 26s
 step  640000 loss=0.00002 bce=0.00002 lap=0.00 lam=0.0e+00 val=1.0000 2ch=1.000 2cl=1.000 26s
 step  645000 loss=0.00002 bce=0.00002 lap=0.00 lam=0.0e+00 val=1.0000 2ch=1.000 2cl=1.000 26s
 step  650000 loss=0.00001 bce=0.00001 lap=0.00 lam=0.0e+00 val=1.0000 2ch=1.000 2cl=1.000 27s
 step  655000 loss=0.00001 bce=0.00001 lap=0.00 lam=0.0e+00 val=1.0000 2ch=1.000 2cl=0.912 27s
 step  660000 loss=0.00001 bce=0.00001 lap=0.00 lam=0.0e+00 val=1.0000 2ch=1.000 2cl=0.863 27s
 step  665000 loss=0.00001 bce=0.00001 lap=0.00 lam=0.0e+00 val=1.0000 2ch=1.000 2cl=1.000 25s
 step  670000 loss=0.00001 bce=0.00001 lap=0.00 lam=0.0e+00 val=1.0000 2ch=1.000 2cl=1.000 26s
 step  675000 loss=0.00001 bce=0.00001 lap=0.00 lam=0.0e+00 val=1.0000 2ch=1.000 2cl=1.000 26s
 step  680000 loss=0.00001 bce=0.00001 lap=0.00 lam=0.0e+00 val=1.0000 2ch=1.000 2cl=0.977 26s
 step  685000 loss=0.00001 bce=0.00001 lap=0.00 lam=0.0e+00 val=1.0000 2ch=1.000 2cl=1.000 25s
 step  690000 loss=0.00001 bce=0.00001 lap=0.00 lam=0.0e+00 val=1.0000 2ch=1.000 2cl=1.000 25s
 step  695000 loss=0.00001 bce=0.00001 lap=0.00 lam=0.0e+00 val=1.0000 2ch=1.000 2cl=1.000 26s
 step  700000 loss=0.00001 bce=0.00001 lap=0.00 lam=0.0e+00 val=1.0000 2ch=1.000 2cl=1.000 26s
 step  705000 loss=0.00001 bce=0.00001 lap=0.00 lam=0.0e+00 val=1.0000 2ch=1.000 2cl=1.000 26s
 step  710000 loss=0.00001 bce=0.00001 lap=0.00 lam=0.0e+00 val=1.0000 2ch=1.000 2cl=1.000 26s
 step  715000 loss=0.00001 bce=0.00001 lap=0.00 lam=0.0e+00 val=1.0000 2ch=1.000 2cl=1.000 27s
 step  720000 loss=0.00001 bce=0.00001 lap=0.00 lam=0.0e+00 val=1.0000 2ch=1.000 2cl=1.000 26s
 step  725000 loss=0.00001 bce=0.00001 lap=0.00 lam=0.0e+00 val=1.0000 2ch=1.000 2cl=1.000 26s
 step  730000 loss=0.00001 bce=0.00001 lap=0.00 lam=0.0e+00 val=1.0000 2ch=1.000 2cl=1.000 26s
 step  735000 loss=0.00001 bce=0.00001 lap=0.00 lam=0.0e+00 val=1.0000 2ch=1.000 2cl=1.000 27s
 step  740000 loss=0.00001 bce=0.00001 lap=0.00 lam=0.0e+00 val=1.0000 2ch=1.000 2cl=1.000 25s
 step  745000 loss=0.00001 bce=0.00001 lap=0.00 lam=0.0e+00 val=1.0000 2ch=1.000 2cl=1.000 26s
 step  750000 loss=0.00001 bce=0.00001 lap=0.00 lam=0.0e+00 val=1.0000 2ch=1.000 2cl=1.000 27s
 step  755000 loss=0.00001 bce=0.00001 lap=0.00 lam=0.0e+00 val=1.0000 2ch=1.000 2cl=1.000 27s
 step  760000 loss=0.00001 bce=0.00001 lap=0.00 lam=0.0e+00 val=1.0000 2ch=1.000 2cl=1.000 26s
 step  765000 loss=0.00001 bce=0.00001 lap=0.00 lam=0.0e+00 val=1.0000 2ch=1.000 2cl=1.000 26s
 step  770000 loss=0.00001 bce=0.00001 lap=0.00 lam=0.0e+00 val=1.0000 2ch=1.000 2cl=1.000 26s
 step  775000 loss=0.00001 bce=0.00001 lap=0.00 lam=0.0e+00 val=1.0000 2ch=1.000 2cl=1.000 25s
 step  780000 loss=0.00001 bce=0.00001 lap=0.00 lam=0.0e+00 val=1.0000 2ch=1.000 2cl=1.000 26s
 step  785000 loss=0.00001 bce=0.00001 lap=0.00 lam=0.0e+00 val=1.0000 2ch=1.000 2cl=1.000 27s
 step  790000 loss=0.00001 bce=0.00001 lap=0.00 lam=0.0e+00 val=1.0000 2ch=1.000 2cl=1.000 26s
 step  795000 loss=0.00000 bce=0.00000 lap=0.00 lam=0.0e+00 val=1.0000 2ch=1.000 2cl=1.000 25s
 step  800000 loss=0.00001 bce=0.00001 lap=0.00 lam=0.0e+00 val=1.0000 2ch=1.000 2cl=1.000 26s
 step  805000 loss=0.00000 bce=0.00000 lap=0.00 lam=0.0e+00 val=1.0000 2ch=1.000 2cl=1.000 26s
 step  810000 loss=0.00000 bce=0.00000 lap=0.00 lam=0.0e+00 val=1.0000 2ch=1.000 2cl=1.000 26s
 step  815000 loss=0.00001 bce=0.00001 lap=0.00 lam=0.0e+00 val=1.0000 2ch=1.000 2cl=1.000 26s
 step  820000 loss=0.00000 bce=0.00000 lap=0.00 lam=0.0e+00 val=1.0000 2ch=1.000 2cl=1.000 26s
 step  825000 loss=0.00000 bce=0.00000 lap=0.00 lam=0.0e+00 val=1.0000 2ch=1.000 2cl=1.000 27s
 step  830000 loss=0.00000 bce=0.00000 lap=0.00 lam=0.0e+00 val=1.0000 2ch=1.000 2cl=1.000 27s
 step  835000 loss=0.00000 bce=0.00000 lap=0.00 lam=0.0e+00 val=1.0000 2ch=1.000 2cl=1.000 27s
 step  840000 loss=0.00000 bce=0.00000 lap=0.00 lam=0.0e+00 val=1.0000 2ch=1.000 2cl=1.000 26s
 step  845000 loss=0.00000 bce=0.00000 lap=0.00 lam=0.0e+00 val=1.0000 2ch=1.000 2cl=1.000 27s
 step  850000 loss=0.00000 bce=0.00000 lap=0.00 lam=0.0e+00 val=1.0000 2ch=1.000 2cl=1.000 26s
 step  855000 loss=0.00000 bce=0.00000 lap=0.00 lam=0.0e+00 val=1.0000 2ch=1.000 2cl=1.000 26s
 step  860000 loss=0.00000 bce=0.00000 lap=0.00 lam=0.0e+00 val=1.0000 2ch=1.000 2cl=1.000 26s
 step  865000 loss=0.00000 bce=0.00000 lap=0.00 lam=0.0e+00 val=1.0000 2ch=1.000 2cl=1.000 26s
 step  870000 loss=0.00000 bce=0.00000 lap=0.00 lam=0.0e+00 val=1.0000 2ch=1.000 2cl=1.000 26s
 step  875000 loss=0.00000 bce=0.00000 lap=0.00 lam=0.0e+00 val=1.0000 2ch=1.000 2cl=1.000 26s
 step  880000 loss=0.00000 bce=0.00000 lap=0.00 lam=0.0e+00 val=1.0000 2ch=1.000 2cl=1.000 26s
 step  885000 loss=0.00000 bce=0.00000 lap=0.00 lam=0.0e+00 val=1.0000 2ch=1.000 2cl=1.000 26s
 step  890000 loss=0.00000 bce=0.00000 lap=0.00 lam=0.0e+00 val=1.0000 2ch=1.000 2cl=1.000 26s
 step  895000 loss=0.00000 bce=0.00000 lap=0.00 lam=0.0e+00 val=1.0000 2ch=1.000 2cl=1.000 26s
 step  900000 loss=0.00000 bce=0.00000 lap=0.00 lam=0.0e+00 val=1.0000 2ch=1.000 2cl=1.000 25s
 step  905000 loss=0.00000 bce=0.00000 lap=0.00 lam=0.0e+00 val=1.0000 2ch=1.000 2cl=1.000 26s
 step  910000 loss=0.00000 bce=0.00000 lap=0.00 lam=0.0e+00 val=1.0000 2ch=1.000 2cl=1.000 25s
 step  915000 loss=0.00000 bce=0.00000 lap=0.00 lam=0.0e+00 val=1.0000 2ch=1.000 2cl=1.000 26s
 step  920000 loss=0.00000 bce=0.00000 lap=0.00 lam=0.0e+00 val=1.0000 2ch=1.000 2cl=1.000 27s
 step  925000 loss=0.00000 bce=0.00000 lap=0.00 lam=0.0e+00 val=1.0000 2ch=1.000 2cl=1.000 27s
 step  930000 loss=0.00000 bce=0.00000 lap=0.00 lam=0.0e+00 val=1.0000 2ch=1.000 2cl=1.000 26s
 step  935000 loss=0.00000 bce=0.00000 lap=0.00 lam=0.0e+00 val=1.0000 2ch=1.000 2cl=1.000 27s
 step  940000 loss=0.00000 bce=0.00000 lap=0.00 lam=0.0e+00 val=1.0000 2ch=1.000 2cl=1.000 26s
 step  945000 loss=0.00000 bce=0.00000 lap=0.00 lam=0.0e+00 val=1.0000 2ch=1.000 2cl=1.000 25s
 step  950000 loss=0.00000 bce=0.00000 lap=0.00 lam=0.0e+00 val=1.0000 2ch=1.000 2cl=1.000 27s
 step  955000 loss=0.00000 bce=0.00000 lap=0.00 lam=0.0e+00 val=1.0000 2ch=1.000 2cl=1.000 26s
 step  960000 loss=0.00000 bce=0.00000 lap=0.00 lam=0.0e+00 val=1.0000 2ch=1.000 2cl=1.000 26s
 step  965000 loss=0.00000 bce=0.00000 lap=0.00 lam=0.0e+00 val=1.0000 2ch=1.000 2cl=1.000 26s
 step  970000 loss=0.00000 bce=0.00000 lap=0.00 lam=0.0e+00 val=1.0000 2ch=1.000 2cl=1.000 27s
 step  975000 loss=0.00000 bce=0.00000 lap=0.00 lam=0.0e+00 val=1.0000 2ch=1.000 2cl=1.000 27s
 step  980000 loss=0.00000 bce=0.00000 lap=0.00 lam=0.0e+00 val=1.0000 2ch=1.000 2cl=1.000 26s
 step  985000 loss=0.00000 bce=0.00000 lap=0.00 lam=0.0e+00 val=1.0000 2ch=1.000 2cl=1.000 27s
 step  990000 loss=0.00000 bce=0.00000 lap=0.00 lam=0.0e+00 val=1.0000 2ch=1.000 2cl=1.000 27s
 step  995000 loss=0.00000 bce=0.00000 lap=0.00 lam=0.0e+00 val=1.0000 2ch=1.000 2cl=1.000 27s
 step 1000000 loss=0.00000 bce=0.00000 lap=0.00 lam=0.0e+00 val=1.0000 2ch=1.000 2cl=1.000 25s
done. best in-dist exact=1.0000  -> runs/report6/a1_train/n10_er_roberta_similarity_lam0_seed2000
auto-eval multipath (similarity): runs/report6/a1_train/n10_er_roberta_similarity_lam0_seed2000/last.pt
checkpoint=runs/report6/a1_train/n10_er_roberta_similarity_lam0_seed2000/last.pt
  arch=roberta readout=similarity n=10 device=cuda
  k=1 ell= 3: pair=1.000 mat_exact=1.000 mat_pw=1.000 n_intact=1.00/1 (hist [0, 400])
  k=2 ell= 3: pair=1.000 mat_exact=1.000 mat_pw=1.000 n_intact=2.00/2 (hist [0, 0, 400])
  k=3 ell= 3: pair=1.000 mat_exact=1.000 mat_pw=1.000 n_intact=3.00/3 (hist [0, 0, 0, 400])
  k=4 ell= 3: pair=1.000 mat_exact=1.000 mat_pw=1.000 n_intact=4.00/4 (hist [0, 0, 0, 0, 400])
  saved -> runs/report6/multipath_sim/n10_er_seed2000/multipath.json
