task 3 -> families=er n=10 p=0.20 seed=4000 readout=similarity
== n10_er_roberta_similarity_lam0_seed4000 ==
 device=cuda arch=roberta readout=similarity lambda=0.0 params=6,311,426
 step    5000 loss=0.04642 bce=0.04642 lap=0.00 lam=0.0e+00 val=0.9882 2ch=0.945 2cl=1.000 26s
 step   10000 loss=0.01830 bce=0.01830 lap=0.00 lam=0.0e+00 val=0.9924 2ch=0.509 2cl=0.992 27s
 step   15000 loss=0.01211 bce=0.01211 lap=0.00 lam=0.0e+00 val=0.9910 2ch=0.127 2cl=0.016 28s
 step   20000 loss=0.00821 bce=0.00821 lap=0.00 lam=0.0e+00 val=0.9970 2ch=0.297 2cl=0.000 28s
 step   25000 loss=0.00585 bce=0.00585 lap=0.00 lam=0.0e+00 val=1.0000 2ch=0.920 2cl=0.610 27s
 step   30000 loss=0.00445 bce=0.00445 lap=0.00 lam=0.0e+00 val=0.9998 2ch=0.630 2cl=1.000 26s
 step   35000 loss=0.00358 bce=0.00358 lap=0.00 lam=0.0e+00 val=0.9998 2ch=0.606 2cl=1.000 26s
 step   40000 loss=0.00296 bce=0.00296 lap=0.00 lam=0.0e+00 val=0.9998 2ch=0.405 2cl=0.942 26s
 step   45000 loss=0.00247 bce=0.00247 lap=0.00 lam=0.0e+00 val=1.0000 2ch=0.897 2cl=0.951 26s
 step   50000 loss=0.00213 bce=0.00213 lap=0.00 lam=0.0e+00 val=1.0000 2ch=0.889 2cl=1.000 27s
 step   55000 loss=0.00173 bce=0.00173 lap=0.00 lam=0.0e+00 val=1.0000 2ch=0.980 2cl=0.567 26s
 step   60000 loss=0.00140 bce=0.00140 lap=0.00 lam=0.0e+00 val=1.0000 2ch=1.000 2cl=1.000 25s
 step   65000 loss=0.00117 bce=0.00117 lap=0.00 lam=0.0e+00 val=1.0000 2ch=1.000 2cl=0.720 25s
 step   70000 loss=0.00102 bce=0.00102 lap=0.00 lam=0.0e+00 val=1.0000 2ch=1.000 2cl=0.938 26s
 step   75000 loss=0.00090 bce=0.00090 lap=0.00 lam=0.0e+00 val=1.0000 2ch=1.000 2cl=1.000 26s
 step   80000 loss=0.00081 bce=0.00081 lap=0.00 lam=0.0e+00 val=1.0000 2ch=1.000 2cl=0.959 26s
 step   85000 loss=0.00073 bce=0.00073 lap=0.00 lam=0.0e+00 val=1.0000 2ch=1.000 2cl=0.992 26s
 step   90000 loss=0.00067 bce=0.00067 lap=0.00 lam=0.0e+00 val=1.0000 2ch=1.000 2cl=0.253 26s
 step   95000 loss=0.00063 bce=0.00063 lap=0.00 lam=0.0e+00 val=1.0000 2ch=1.000 2cl=0.930 26s
 step  100000 loss=0.00060 bce=0.00060 lap=0.00 lam=0.0e+00 val=1.0000 2ch=1.000 2cl=1.000 26s
 step  105000 loss=0.00055 bce=0.00055 lap=0.00 lam=0.0e+00 val=1.0000 2ch=1.000 2cl=0.101 26s
 step  110000 loss=0.00053 bce=0.00053 lap=0.00 lam=0.0e+00 val=1.0000 2ch=1.000 2cl=0.985 26s
 step  115000 loss=0.00048 bce=0.00048 lap=0.00 lam=0.0e+00 val=1.0000 2ch=1.000 2cl=0.807 26s
 step  120000 loss=0.00046 bce=0.00046 lap=0.00 lam=0.0e+00 val=1.0000 2ch=1.000 2cl=0.138 26s
 step  125000 loss=0.00044 bce=0.00044 lap=0.00 lam=0.0e+00 val=1.0000 2ch=1.000 2cl=1.000 25s
 step  130000 loss=0.00041 bce=0.00041 lap=0.00 lam=0.0e+00 val=1.0000 2ch=1.000 2cl=0.992 27s
 step  135000 loss=0.00039 bce=0.00039 lap=0.00 lam=0.0e+00 val=1.0000 2ch=1.000 2cl=0.573 27s
 step  140000 loss=0.00036 bce=0.00036 lap=0.00 lam=0.0e+00 val=1.0000 2ch=1.000 2cl=0.776 26s
 step  145000 loss=0.00034 bce=0.00034 lap=0.00 lam=0.0e+00 val=1.0000 2ch=1.000 2cl=1.000 26s
 step  150000 loss=0.00033 bce=0.00033 lap=0.00 lam=0.0e+00 val=1.0000 2ch=1.000 2cl=0.957 26s
 step  155000 loss=0.00032 bce=0.00032 lap=0.00 lam=0.0e+00 val=1.0000 2ch=1.000 2cl=1.000 26s
 step  160000 loss=0.00030 bce=0.00030 lap=0.00 lam=0.0e+00 val=1.0000 2ch=1.000 2cl=1.000 26s
 step  165000 loss=0.00029 bce=0.00029 lap=0.00 lam=0.0e+00 val=1.0000 2ch=1.000 2cl=0.925 26s
 step  170000 loss=0.00027 bce=0.00027 lap=0.00 lam=0.0e+00 val=1.0000 2ch=1.000 2cl=0.894 26s
 step  175000 loss=0.00027 bce=0.00027 lap=0.00 lam=0.0e+00 val=1.0000 2ch=1.000 2cl=0.993 26s
 step  180000 loss=0.00027 bce=0.00027 lap=0.00 lam=0.0e+00 val=1.0000 2ch=1.000 2cl=0.537 27s
 step  185000 loss=0.00025 bce=0.00025 lap=0.00 lam=0.0e+00 val=1.0000 2ch=1.000 2cl=0.994 26s
 step  190000 loss=0.00024 bce=0.00024 lap=0.00 lam=0.0e+00 val=1.0000 2ch=1.000 2cl=0.051 26s
 step  195000 loss=0.00024 bce=0.00024 lap=0.00 lam=0.0e+00 val=1.0000 2ch=1.000 2cl=1.000 26s
 step  200000 loss=0.00023 bce=0.00023 lap=0.00 lam=0.0e+00 val=1.0000 2ch=1.000 2cl=0.954 26s
 step  205000 loss=0.00022 bce=0.00022 lap=0.00 lam=0.0e+00 val=1.0000 2ch=1.000 2cl=0.168 25s
 step  210000 loss=0.00021 bce=0.00021 lap=0.00 lam=0.0e+00 val=1.0000 2ch=1.000 2cl=1.000 26s
 step  215000 loss=0.00021 bce=0.00021 lap=0.00 lam=0.0e+00 val=1.0000 2ch=1.000 2cl=1.000 26s
 step  220000 loss=0.00020 bce=0.00020 lap=0.00 lam=0.0e+00 val=1.0000 2ch=1.000 2cl=1.000 26s
 step  225000 loss=0.00019 bce=0.00019 lap=0.00 lam=0.0e+00 val=1.0000 2ch=1.000 2cl=1.000 26s
 step  230000 loss=0.00020 bce=0.00020 lap=0.00 lam=0.0e+00 val=1.0000 2ch=1.000 2cl=1.000 26s
 step  235000 loss=0.00018 bce=0.00018 lap=0.00 lam=0.0e+00 val=1.0000 2ch=1.000 2cl=1.000 26s
 step  240000 loss=0.00018 bce=0.00018 lap=0.00 lam=0.0e+00 val=1.0000 2ch=1.000 2cl=0.949 26s
 step  245000 loss=0.00016 bce=0.00016 lap=0.00 lam=0.0e+00 val=1.0000 2ch=1.000 2cl=1.000 26s
 step  250000 loss=0.00017 bce=0.00017 lap=0.00 lam=0.0e+00 val=1.0000 2ch=1.000 2cl=1.000 26s
 step  255000 loss=0.00016 bce=0.00016 lap=0.00 lam=0.0e+00 val=1.0000 2ch=1.000 2cl=1.000 26s
 step  260000 loss=0.00016 bce=0.00016 lap=0.00 lam=0.0e+00 val=1.0000 2ch=1.000 2cl=0.982 26s
 step  265000 loss=0.00016 bce=0.00016 lap=0.00 lam=0.0e+00 val=1.0000 2ch=1.000 2cl=1.000 26s
 step  270000 loss=0.00016 bce=0.00016 lap=0.00 lam=0.0e+00 val=1.0000 2ch=1.000 2cl=0.914 27s
 step  275000 loss=0.00015 bce=0.00015 lap=0.00 lam=0.0e+00 val=1.0000 2ch=1.000 2cl=1.000 27s
 step  280000 loss=0.00014 bce=0.00014 lap=0.00 lam=0.0e+00 val=1.0000 2ch=1.000 2cl=1.000 26s
 step  285000 loss=0.00015 bce=0.00015 lap=0.00 lam=0.0e+00 val=1.0000 2ch=1.000 2cl=1.000 26s
 step  290000 loss=0.00014 bce=0.00014 lap=0.00 lam=0.0e+00 val=1.0000 2ch=1.000 2cl=1.000 26s
 step  295000 loss=0.00014 bce=0.00014 lap=0.00 lam=0.0e+00 val=1.0000 2ch=1.000 2cl=1.000 27s
 step  300000 loss=0.00014 bce=0.00014 lap=0.00 lam=0.0e+00 val=1.0000 2ch=1.000 2cl=0.990 27s
 step  305000 loss=0.00012 bce=0.00012 lap=0.00 lam=0.0e+00 val=1.0000 2ch=1.000 2cl=1.000 27s
 step  310000 loss=0.00013 bce=0.00013 lap=0.00 lam=0.0e+00 val=1.0000 2ch=1.000 2cl=1.000 26s
 step  315000 loss=0.00012 bce=0.00012 lap=0.00 lam=0.0e+00 val=1.0000 2ch=1.000 2cl=1.000 26s
 step  320000 loss=0.00012 bce=0.00012 lap=0.00 lam=0.0e+00 val=1.0000 2ch=1.000 2cl=1.000 26s
 step  325000 loss=0.00012 bce=0.00012 lap=0.00 lam=0.0e+00 val=1.0000 2ch=1.000 2cl=1.000 26s
 step  330000 loss=0.00011 bce=0.00011 lap=0.00 lam=0.0e+00 val=1.0000 2ch=1.000 2cl=1.000 25s
 step  335000 loss=0.00012 bce=0.00012 lap=0.00 lam=0.0e+00 val=1.0000 2ch=1.000 2cl=1.000 26s
 step  340000 loss=0.00011 bce=0.00011 lap=0.00 lam=0.0e+00 val=1.0000 2ch=1.000 2cl=1.000 26s
 step  345000 loss=0.00011 bce=0.00011 lap=0.00 lam=0.0e+00 val=1.0000 2ch=1.000 2cl=1.000 26s
 step  350000 loss=0.00010 bce=0.00010 lap=0.00 lam=0.0e+00 val=1.0000 2ch=1.000 2cl=1.000 26s
 step  355000 loss=0.00011 bce=0.00011 lap=0.00 lam=0.0e+00 val=1.0000 2ch=1.000 2cl=0.994 26s
 step  360000 loss=0.00010 bce=0.00010 lap=0.00 lam=0.0e+00 val=1.0000 2ch=1.000 2cl=1.000 26s
 step  365000 loss=0.00011 bce=0.00011 lap=0.00 lam=0.0e+00 val=1.0000 2ch=1.000 2cl=0.944 26s
 step  370000 loss=0.00010 bce=0.00010 lap=0.00 lam=0.0e+00 val=1.0000 2ch=1.000 2cl=1.000 26s
 step  375000 loss=0.00010 bce=0.00010 lap=0.00 lam=0.0e+00 val=1.0000 2ch=1.000 2cl=1.000 26s
 step  380000 loss=0.00009 bce=0.00009 lap=0.00 lam=0.0e+00 val=1.0000 2ch=1.000 2cl=0.985 26s
 step  385000 loss=0.00009 bce=0.00009 lap=0.00 lam=0.0e+00 val=1.0000 2ch=1.000 2cl=1.000 26s
 step  390000 loss=0.00009 bce=0.00009 lap=0.00 lam=0.0e+00 val=1.0000 2ch=1.000 2cl=0.947 27s
 step  395000 loss=0.00009 bce=0.00009 lap=0.00 lam=0.0e+00 val=1.0000 2ch=1.000 2cl=1.000 27s
 step  400000 loss=0.00009 bce=0.00009 lap=0.00 lam=0.0e+00 val=1.0000 2ch=1.000 2cl=0.974 26s
 step  405000 loss=0.00009 bce=0.00009 lap=0.00 lam=0.0e+00 val=1.0000 2ch=1.000 2cl=1.000 26s
 step  410000 loss=0.00008 bce=0.00008 lap=0.00 lam=0.0e+00 val=1.0000 2ch=1.000 2cl=1.000 27s
 step  415000 loss=0.00008 bce=0.00008 lap=0.00 lam=0.0e+00 val=1.0000 2ch=1.000 2cl=0.875 26s
 step  420000 loss=0.00008 bce=0.00008 lap=0.00 lam=0.0e+00 val=1.0000 2ch=1.000 2cl=1.000 26s
 step  425000 loss=0.00007 bce=0.00007 lap=0.00 lam=0.0e+00 val=1.0000 2ch=1.000 2cl=1.000 26s
 step  430000 loss=0.00008 bce=0.00008 lap=0.00 lam=0.0e+00 val=1.0000 2ch=1.000 2cl=1.000 26s
 step  435000 loss=0.00007 bce=0.00007 lap=0.00 lam=0.0e+00 val=1.0000 2ch=1.000 2cl=0.941 27s
 step  440000 loss=0.00007 bce=0.00007 lap=0.00 lam=0.0e+00 val=1.0000 2ch=1.000 2cl=0.237 26s
 step  445000 loss=0.00007 bce=0.00007 lap=0.00 lam=0.0e+00 val=1.0000 2ch=1.000 2cl=0.085 26s
 step  450000 loss=0.00006 bce=0.00006 lap=0.00 lam=0.0e+00 val=1.0000 2ch=1.000 2cl=1.000 26s
 step  455000 loss=0.00007 bce=0.00007 lap=0.00 lam=0.0e+00 val=1.0000 2ch=1.000 2cl=1.000 26s
 step  460000 loss=0.00006 bce=0.00006 lap=0.00 lam=0.0e+00 val=1.0000 2ch=1.000 2cl=0.291 26s
 step  465000 loss=0.00006 bce=0.00006 lap=0.00 lam=0.0e+00 val=1.0000 2ch=1.000 2cl=0.919 26s
 step  470000 loss=0.00006 bce=0.00006 lap=0.00 lam=0.0e+00 val=1.0000 2ch=1.000 2cl=0.000 26s
 step  475000 loss=0.00006 bce=0.00006 lap=0.00 lam=0.0e+00 val=1.0000 2ch=1.000 2cl=0.000 27s
 step  480000 loss=0.00006 bce=0.00006 lap=0.00 lam=0.0e+00 val=1.0000 2ch=1.000 2cl=0.398 26s
 step  485000 loss=0.00006 bce=0.00006 lap=0.00 lam=0.0e+00 val=1.0000 2ch=1.000 2cl=0.000 26s
 step  490000 loss=0.00005 bce=0.00005 lap=0.00 lam=0.0e+00 val=1.0000 2ch=1.000 2cl=0.130 26s
 step  495000 loss=0.00005 bce=0.00005 lap=0.00 lam=0.0e+00 val=1.0000 2ch=1.000 2cl=0.059 26s
 step  500000 loss=0.00005 bce=0.00005 lap=0.00 lam=0.0e+00 val=1.0000 2ch=1.000 2cl=0.184 26s
 step  505000 loss=0.00005 bce=0.00005 lap=0.00 lam=0.0e+00 val=1.0000 2ch=1.000 2cl=0.888 26s
 step  510000 loss=0.00005 bce=0.00005 lap=0.00 lam=0.0e+00 val=1.0000 2ch=1.000 2cl=0.678 26s
 step  515000 loss=0.00005 bce=0.00005 lap=0.00 lam=0.0e+00 val=1.0000 2ch=1.000 2cl=0.076 26s
 step  520000 loss=0.00005 bce=0.00005 lap=0.00 lam=0.0e+00 val=1.0000 2ch=1.000 2cl=0.932 26s
 step  525000 loss=0.00005 bce=0.00005 lap=0.00 lam=0.0e+00 val=1.0000 2ch=1.000 2cl=0.062 26s
 step  530000 loss=0.00005 bce=0.00005 lap=0.00 lam=0.0e+00 val=1.0000 2ch=1.000 2cl=0.000 26s
 step  535000 loss=0.00004 bce=0.00004 lap=0.00 lam=0.0e+00 val=1.0000 2ch=1.000 2cl=0.000 26s
 step  540000 loss=0.00004 bce=0.00004 lap=0.00 lam=0.0e+00 val=1.0000 2ch=1.000 2cl=0.000 26s
 step  545000 loss=0.00004 bce=0.00004 lap=0.00 lam=0.0e+00 val=1.0000 2ch=1.000 2cl=0.189 26s
 step  550000 loss=0.00004 bce=0.00004 lap=0.00 lam=0.0e+00 val=1.0000 2ch=1.000 2cl=0.000 26s
 step  555000 loss=0.00004 bce=0.00004 lap=0.00 lam=0.0e+00 val=1.0000 2ch=1.000 2cl=0.610 26s
 step  560000 loss=0.00004 bce=0.00004 lap=0.00 lam=0.0e+00 val=1.0000 2ch=1.000 2cl=0.901 26s
 step  565000 loss=0.00004 bce=0.00004 lap=0.00 lam=0.0e+00 val=1.0000 2ch=1.000 2cl=0.765 26s
 step  570000 loss=0.00004 bce=0.00004 lap=0.00 lam=0.0e+00 val=1.0000 2ch=1.000 2cl=0.016 27s
 step  575000 loss=0.00004 bce=0.00004 lap=0.00 lam=0.0e+00 val=1.0000 2ch=1.000 2cl=0.000 26s
 step  580000 loss=0.00003 bce=0.00003 lap=0.00 lam=0.0e+00 val=1.0000 2ch=1.000 2cl=0.101 26s
 step  585000 loss=0.00003 bce=0.00003 lap=0.00 lam=0.0e+00 val=1.0000 2ch=1.000 2cl=0.007 26s
 step  590000 loss=0.00003 bce=0.00003 lap=0.00 lam=0.0e+00 val=1.0000 2ch=1.000 2cl=0.025 26s
 step  595000 loss=0.00003 bce=0.00003 lap=0.00 lam=0.0e+00 val=1.0000 2ch=1.000 2cl=0.129 26s
 step  600000 loss=0.00003 bce=0.00003 lap=0.00 lam=0.0e+00 val=1.0000 2ch=1.000 2cl=0.344 26s
 step  605000 loss=0.00003 bce=0.00003 lap=0.00 lam=0.0e+00 val=1.0000 2ch=1.000 2cl=0.000 26s
 step  610000 loss=0.00003 bce=0.00003 lap=0.00 lam=0.0e+00 val=1.0000 2ch=1.000 2cl=0.593 26s
 step  615000 loss=0.00003 bce=0.00003 lap=0.00 lam=0.0e+00 val=1.0000 2ch=1.000 2cl=0.106 26s
 step  620000 loss=0.00003 bce=0.00003 lap=0.00 lam=0.0e+00 val=1.0000 2ch=1.000 2cl=0.048 26s
 step  625000 loss=0.00003 bce=0.00003 lap=0.00 lam=0.0e+00 val=1.0000 2ch=1.000 2cl=0.259 26s
 step  630000 loss=0.00003 bce=0.00003 lap=0.00 lam=0.0e+00 val=1.0000 2ch=1.000 2cl=0.106 27s
 step  635000 loss=0.00003 bce=0.00003 lap=0.00 lam=0.0e+00 val=1.0000 2ch=1.000 2cl=0.006 26s
 step  640000 loss=0.00003 bce=0.00003 lap=0.00 lam=0.0e+00 val=1.0000 2ch=1.000 2cl=0.000 26s
 step  645000 loss=0.00002 bce=0.00002 lap=0.00 lam=0.0e+00 val=1.0000 2ch=1.000 2cl=0.513 25s
 step  650000 loss=0.00002 bce=0.00002 lap=0.00 lam=0.0e+00 val=1.0000 2ch=1.000 2cl=0.059 26s
 step  655000 loss=0.00002 bce=0.00002 lap=0.00 lam=0.0e+00 val=1.0000 2ch=1.000 2cl=0.009 26s
 step  660000 loss=0.00002 bce=0.00002 lap=0.00 lam=0.0e+00 val=1.0000 2ch=1.000 2cl=0.163 26s
 step  665000 loss=0.00002 bce=0.00002 lap=0.00 lam=0.0e+00 val=1.0000 2ch=1.000 2cl=0.161 25s
 step  670000 loss=0.00002 bce=0.00002 lap=0.00 lam=0.0e+00 val=1.0000 2ch=1.000 2cl=0.000 26s
 step  675000 loss=0.00002 bce=0.00002 lap=0.00 lam=0.0e+00 val=1.0000 2ch=1.000 2cl=0.000 26s
 step  680000 loss=0.00002 bce=0.00002 lap=0.00 lam=0.0e+00 val=1.0000 2ch=1.000 2cl=0.069 26s
 step  685000 loss=0.00002 bce=0.00002 lap=0.00 lam=0.0e+00 val=1.0000 2ch=1.000 2cl=0.007 27s
 step  690000 loss=0.00002 bce=0.00002 lap=0.00 lam=0.0e+00 val=1.0000 2ch=1.000 2cl=0.000 26s
 step  695000 loss=0.00002 bce=0.00002 lap=0.00 lam=0.0e+00 val=1.0000 2ch=1.000 2cl=0.023 26s
 step  700000 loss=0.00002 bce=0.00002 lap=0.00 lam=0.0e+00 val=1.0000 2ch=1.000 2cl=0.000 26s
 step  705000 loss=0.00002 bce=0.00002 lap=0.00 lam=0.0e+00 val=1.0000 2ch=1.000 2cl=0.000 26s
 step  710000 loss=0.00002 bce=0.00002 lap=0.00 lam=0.0e+00 val=1.0000 2ch=1.000 2cl=0.000 26s
 step  715000 loss=0.00002 bce=0.00002 lap=0.00 lam=0.0e+00 val=1.0000 2ch=1.000 2cl=0.000 26s
 step  720000 loss=0.00002 bce=0.00002 lap=0.00 lam=0.0e+00 val=1.0000 2ch=1.000 2cl=0.813 26s
 step  725000 loss=0.00002 bce=0.00002 lap=0.00 lam=0.0e+00 val=1.0000 2ch=1.000 2cl=0.007 26s
 step  730000 loss=0.00002 bce=0.00002 lap=0.00 lam=0.0e+00 val=1.0000 2ch=1.000 2cl=0.299 26s
 step  735000 loss=0.00002 bce=0.00002 lap=0.00 lam=0.0e+00 val=1.0000 2ch=1.000 2cl=0.127 26s
 step  740000 loss=0.00001 bce=0.00001 lap=0.00 lam=0.0e+00 val=1.0000 2ch=1.000 2cl=0.773 25s
 step  745000 loss=0.00002 bce=0.00002 lap=0.00 lam=0.0e+00 val=1.0000 2ch=1.000 2cl=0.022 27s
 step  750000 loss=0.00001 bce=0.00001 lap=0.00 lam=0.0e+00 val=1.0000 2ch=1.000 2cl=0.189 25s
 step  755000 loss=0.00001 bce=0.00001 lap=0.00 lam=0.0e+00 val=1.0000 2ch=1.000 2cl=0.009 26s
 step  760000 loss=0.00001 bce=0.00001 lap=0.00 lam=0.0e+00 val=1.0000 2ch=1.000 2cl=0.092 26s
 step  765000 loss=0.00001 bce=0.00001 lap=0.00 lam=0.0e+00 val=1.0000 2ch=1.000 2cl=0.081 26s
 step  770000 loss=0.00001 bce=0.00001 lap=0.00 lam=0.0e+00 val=1.0000 2ch=1.000 2cl=0.128 26s
 step  775000 loss=0.00001 bce=0.00001 lap=0.00 lam=0.0e+00 val=1.0000 2ch=1.000 2cl=0.009 26s
 step  780000 loss=0.00001 bce=0.00001 lap=0.00 lam=0.0e+00 val=1.0000 2ch=1.000 2cl=0.016 26s
 step  785000 loss=0.00001 bce=0.00001 lap=0.00 lam=0.0e+00 val=1.0000 2ch=1.000 2cl=0.046 26s
 step  790000 loss=0.00001 bce=0.00001 lap=0.00 lam=0.0e+00 val=1.0000 2ch=1.000 2cl=0.225 26s
 step  795000 loss=0.00001 bce=0.00001 lap=0.00 lam=0.0e+00 val=1.0000 2ch=1.000 2cl=0.090 27s
 step  800000 loss=0.00001 bce=0.00001 lap=0.00 lam=0.0e+00 val=1.0000 2ch=1.000 2cl=0.063 26s
 step  805000 loss=0.00001 bce=0.00001 lap=0.00 lam=0.0e+00 val=1.0000 2ch=1.000 2cl=0.180 26s
 step  810000 loss=0.00001 bce=0.00001 lap=0.00 lam=0.0e+00 val=1.0000 2ch=1.000 2cl=0.119 26s
 step  815000 loss=0.00001 bce=0.00001 lap=0.00 lam=0.0e+00 val=1.0000 2ch=1.000 2cl=0.038 26s
 step  820000 loss=0.00001 bce=0.00001 lap=0.00 lam=0.0e+00 val=1.0000 2ch=1.000 2cl=0.174 26s
 step  825000 loss=0.00001 bce=0.00001 lap=0.00 lam=0.0e+00 val=1.0000 2ch=1.000 2cl=0.000 25s
 step  830000 loss=0.00001 bce=0.00001 lap=0.00 lam=0.0e+00 val=1.0000 2ch=1.000 2cl=0.000 27s
 step  835000 loss=0.00001 bce=0.00001 lap=0.00 lam=0.0e+00 val=1.0000 2ch=1.000 2cl=0.000 27s
 step  840000 loss=0.00001 bce=0.00001 lap=0.00 lam=0.0e+00 val=1.0000 2ch=1.000 2cl=0.000 26s
 step  845000 loss=0.00001 bce=0.00001 lap=0.00 lam=0.0e+00 val=1.0000 2ch=1.000 2cl=0.000 26s
 step  850000 loss=0.00001 bce=0.00001 lap=0.00 lam=0.0e+00 val=1.0000 2ch=1.000 2cl=0.000 26s
 step  855000 loss=0.00001 bce=0.00001 lap=0.00 lam=0.0e+00 val=1.0000 2ch=1.000 2cl=0.000 26s
 step  860000 loss=0.00001 bce=0.00001 lap=0.00 lam=0.0e+00 val=1.0000 2ch=1.000 2cl=0.000 26s
 step  865000 loss=0.00001 bce=0.00001 lap=0.00 lam=0.0e+00 val=1.0000 2ch=1.000 2cl=0.000 26s
 step  870000 loss=0.00001 bce=0.00001 lap=0.00 lam=0.0e+00 val=1.0000 2ch=1.000 2cl=0.007 26s
 step  875000 loss=0.00001 bce=0.00001 lap=0.00 lam=0.0e+00 val=1.0000 2ch=1.000 2cl=0.000 27s
 step  880000 loss=0.00001 bce=0.00001 lap=0.00 lam=0.0e+00 val=1.0000 2ch=1.000 2cl=0.000 26s
 step  885000 loss=0.00001 bce=0.00001 lap=0.00 lam=0.0e+00 val=1.0000 2ch=1.000 2cl=0.039 27s
 step  890000 loss=0.00001 bce=0.00001 lap=0.00 lam=0.0e+00 val=1.0000 2ch=1.000 2cl=0.031 26s
 step  895000 loss=0.00001 bce=0.00001 lap=0.00 lam=0.0e+00 val=1.0000 2ch=1.000 2cl=0.000 26s
 step  900000 loss=0.00001 bce=0.00001 lap=0.00 lam=0.0e+00 val=1.0000 2ch=1.000 2cl=0.000 27s
 step  905000 loss=0.00001 bce=0.00001 lap=0.00 lam=0.0e+00 val=1.0000 2ch=1.000 2cl=0.000 26s
 step  910000 loss=0.00001 bce=0.00001 lap=0.00 lam=0.0e+00 val=1.0000 2ch=1.000 2cl=0.000 26s
 step  915000 loss=0.00001 bce=0.00001 lap=0.00 lam=0.0e+00 val=1.0000 2ch=1.000 2cl=0.000 26s
 step  920000 loss=0.00001 bce=0.00001 lap=0.00 lam=0.0e+00 val=1.0000 2ch=1.000 2cl=0.000 27s
 step  925000 loss=0.00001 bce=0.00001 lap=0.00 lam=0.0e+00 val=1.0000 2ch=1.000 2cl=0.000 26s
 step  930000 loss=0.00001 bce=0.00001 lap=0.00 lam=0.0e+00 val=1.0000 2ch=1.000 2cl=0.000 27s
 step  935000 loss=0.00001 bce=0.00001 lap=0.00 lam=0.0e+00 val=1.0000 2ch=1.000 2cl=0.000 26s
 step  940000 loss=0.00001 bce=0.00001 lap=0.00 lam=0.0e+00 val=1.0000 2ch=1.000 2cl=0.000 26s
 step  945000 loss=0.00001 bce=0.00001 lap=0.00 lam=0.0e+00 val=1.0000 2ch=1.000 2cl=0.000 26s
 step  950000 loss=0.00001 bce=0.00001 lap=0.00 lam=0.0e+00 val=1.0000 2ch=1.000 2cl=0.000 27s
 step  955000 loss=0.00001 bce=0.00001 lap=0.00 lam=0.0e+00 val=1.0000 2ch=1.000 2cl=0.000 27s
 step  960000 loss=0.00001 bce=0.00001 lap=0.00 lam=0.0e+00 val=1.0000 2ch=1.000 2cl=0.000 27s
 step  965000 loss=0.00001 bce=0.00001 lap=0.00 lam=0.0e+00 val=1.0000 2ch=1.000 2cl=0.000 26s
 step  970000 loss=0.00001 bce=0.00001 lap=0.00 lam=0.0e+00 val=1.0000 2ch=1.000 2cl=0.000 26s
 step  975000 loss=0.00001 bce=0.00001 lap=0.00 lam=0.0e+00 val=1.0000 2ch=1.000 2cl=0.000 26s
 step  980000 loss=0.00001 bce=0.00001 lap=0.00 lam=0.0e+00 val=1.0000 2ch=1.000 2cl=0.000 26s
 step  985000 loss=0.00001 bce=0.00001 lap=0.00 lam=0.0e+00 val=1.0000 2ch=1.000 2cl=0.000 26s
 step  990000 loss=0.00001 bce=0.00001 lap=0.00 lam=0.0e+00 val=1.0000 2ch=1.000 2cl=0.000 26s
 step  995000 loss=0.00001 bce=0.00001 lap=0.00 lam=0.0e+00 val=1.0000 2ch=1.000 2cl=0.000 27s
 step 1000000 loss=0.00001 bce=0.00001 lap=0.00 lam=0.0e+00 val=1.0000 2ch=1.000 2cl=0.000 26s
done. best in-dist exact=1.0000  -> runs/report6/a1_train/n10_er_roberta_similarity_lam0_seed4000
auto-eval multipath (similarity): runs/report6/a1_train/n10_er_roberta_similarity_lam0_seed4000/last.pt
checkpoint=runs/report6/a1_train/n10_er_roberta_similarity_lam0_seed4000/last.pt
  arch=roberta readout=similarity n=10 device=cuda
  k=1 ell= 3: pair=1.000 mat_exact=1.000 mat_pw=1.000 n_intact=1.00/1 (hist [0, 400])
  k=2 ell= 3: pair=1.000 mat_exact=1.000 mat_pw=1.000 n_intact=2.00/2 (hist [0, 0, 400])
  k=3 ell= 3: pair=1.000 mat_exact=1.000 mat_pw=1.000 n_intact=3.00/3 (hist [0, 0, 0, 400])
  k=4 ell= 3: pair=1.000 mat_exact=1.000 mat_pw=1.000 n_intact=4.00/4 (hist [0, 0, 0, 0, 400])
  saved -> runs/report6/multipath_sim/n10_er_seed4000/multipath.json
