task 12 -> families=path_union n=40 p=0.05 seed=1000 readout=similarity
== n40_path_union_roberta_similarity_lam0_seed1000 ==
 device=cuda arch=roberta readout=similarity lambda=0.0 params=6,326,786
 step    5000 loss=0.45685 bce=0.45685 lap=0.00 lam=0.0e+00 val=0.2670 2ch=0.000 2cl=0.000 66s
 step   10000 loss=0.26603 bce=0.26603 lap=0.00 lam=0.0e+00 val=0.1952 2ch=0.000 2cl=0.000 64s
 step   15000 loss=0.20140 bce=0.20140 lap=0.00 lam=0.0e+00 val=0.3000 2ch=0.000 2cl=0.000 64s
 step   20000 loss=0.17073 bce=0.17073 lap=0.00 lam=0.0e+00 val=0.3228 2ch=0.000 2cl=0.000 65s
 step   25000 loss=0.15094 bce=0.15094 lap=0.00 lam=0.0e+00 val=0.3524 2ch=0.000 2cl=0.000 64s
 step   30000 loss=0.12809 bce=0.12809 lap=0.00 lam=0.0e+00 val=0.3586 2ch=0.000 2cl=0.000 65s
 step   35000 loss=0.10865 bce=0.10865 lap=0.00 lam=0.0e+00 val=0.3796 2ch=0.000 2cl=0.000 65s
 step   40000 loss=0.09479 bce=0.09479 lap=0.00 lam=0.0e+00 val=0.4224 2ch=0.000 2cl=0.000 65s
 step   45000 loss=0.08331 bce=0.08331 lap=0.00 lam=0.0e+00 val=0.4532 2ch=0.000 2cl=0.000 69s
 step   50000 loss=0.07402 bce=0.07402 lap=0.00 lam=0.0e+00 val=0.4846 2ch=0.000 2cl=0.000 65s
 step   55000 loss=0.06705 bce=0.06705 lap=0.00 lam=0.0e+00 val=0.5604 2ch=0.000 2cl=0.000 65s
 step   60000 loss=0.06225 bce=0.06225 lap=0.00 lam=0.0e+00 val=0.5472 2ch=0.000 2cl=0.000 65s
 step   65000 loss=0.05823 bce=0.05823 lap=0.00 lam=0.0e+00 val=0.6014 2ch=0.000 2cl=0.000 65s
 step   70000 loss=0.05483 bce=0.05483 lap=0.00 lam=0.0e+00 val=0.6380 2ch=0.000 2cl=0.000 65s
 step   75000 loss=0.05185 bce=0.05185 lap=0.00 lam=0.0e+00 val=0.6246 2ch=0.000 2cl=0.000 65s
 step   80000 loss=0.04928 bce=0.04928 lap=0.00 lam=0.0e+00 val=0.6684 2ch=0.000 2cl=0.000 65s
 step   85000 loss=0.04708 bce=0.04708 lap=0.00 lam=0.0e+00 val=0.6760 2ch=0.000 2cl=0.000 67s
 step   90000 loss=0.04495 bce=0.04495 lap=0.00 lam=0.0e+00 val=0.6526 2ch=0.000 2cl=0.000 69s
 step   95000 loss=0.04304 bce=0.04304 lap=0.00 lam=0.0e+00 val=0.6630 2ch=0.000 2cl=0.000 65s
 step  100000 loss=0.04108 bce=0.04108 lap=0.00 lam=0.0e+00 val=0.6898 2ch=0.000 2cl=0.000 65s
 step  105000 loss=0.03946 bce=0.03946 lap=0.00 lam=0.0e+00 val=0.6892 2ch=0.000 2cl=0.000 66s
 step  110000 loss=0.03787 bce=0.03787 lap=0.00 lam=0.0e+00 val=0.7054 2ch=0.000 2cl=0.000 65s
 step  115000 loss=0.03642 bce=0.03642 lap=0.00 lam=0.0e+00 val=0.7202 2ch=0.000 2cl=0.000 65s
 step  120000 loss=0.03516 bce=0.03516 lap=0.00 lam=0.0e+00 val=0.7076 2ch=0.000 2cl=0.000 65s
 step  125000 loss=0.03398 bce=0.03398 lap=0.00 lam=0.0e+00 val=0.7250 2ch=0.000 2cl=0.000 65s
 step  130000 loss=0.03296 bce=0.03296 lap=0.00 lam=0.0e+00 val=0.7310 2ch=0.000 2cl=0.000 65s
 step  135000 loss=0.03198 bce=0.03198 lap=0.00 lam=0.0e+00 val=0.7408 2ch=0.000 2cl=0.000 66s
 step  140000 loss=0.03116 bce=0.03116 lap=0.00 lam=0.0e+00 val=0.7356 2ch=0.001 2cl=0.000 66s
 step  145000 loss=0.03035 bce=0.03035 lap=0.00 lam=0.0e+00 val=0.7450 2ch=0.000 2cl=0.000 66s
 step  150000 loss=0.02966 bce=0.02966 lap=0.00 lam=0.0e+00 val=0.7368 2ch=0.000 2cl=0.000 66s
 step  155000 loss=0.02900 bce=0.02900 lap=0.00 lam=0.0e+00 val=0.7530 2ch=0.000 2cl=0.000 66s
 step  160000 loss=0.02832 bce=0.02832 lap=0.00 lam=0.0e+00 val=0.7550 2ch=0.001 2cl=0.000 66s
 step  165000 loss=0.02778 bce=0.02778 lap=0.00 lam=0.0e+00 val=0.7484 2ch=0.001 2cl=0.000 65s
 step  170000 loss=0.02717 bce=0.02717 lap=0.00 lam=0.0e+00 val=0.7602 2ch=0.000 2cl=0.000 65s
 step  175000 loss=0.02668 bce=0.02668 lap=0.00 lam=0.0e+00 val=0.7646 2ch=0.001 2cl=0.000 65s
 step  180000 loss=0.02618 bce=0.02618 lap=0.00 lam=0.0e+00 val=0.7694 2ch=0.000 2cl=0.000 66s
 step  185000 loss=0.02570 bce=0.02570 lap=0.00 lam=0.0e+00 val=0.7604 2ch=0.001 2cl=0.000 66s
 step  190000 loss=0.02526 bce=0.02526 lap=0.00 lam=0.0e+00 val=0.7748 2ch=0.000 2cl=0.000 66s
 step  195000 loss=0.02484 bce=0.02484 lap=0.00 lam=0.0e+00 val=0.7580 2ch=0.001 2cl=0.000 66s
 step  200000 loss=0.02449 bce=0.02449 lap=0.00 lam=0.0e+00 val=0.7644 2ch=0.001 2cl=0.000 66s
 step  205000 loss=0.02411 bce=0.02411 lap=0.00 lam=0.0e+00 val=0.7706 2ch=0.000 2cl=0.000 66s
 step  210000 loss=0.02376 bce=0.02376 lap=0.00 lam=0.0e+00 val=0.7636 2ch=0.000 2cl=0.000 65s
 step  215000 loss=0.02347 bce=0.02347 lap=0.00 lam=0.0e+00 val=0.7726 2ch=0.000 2cl=0.000 66s
 step  220000 loss=0.02312 bce=0.02312 lap=0.00 lam=0.0e+00 val=0.7640 2ch=0.001 2cl=0.000 66s
 step  225000 loss=0.02286 bce=0.02286 lap=0.00 lam=0.0e+00 val=0.7774 2ch=0.000 2cl=0.000 66s
 step  230000 loss=0.02257 bce=0.02257 lap=0.00 lam=0.0e+00 val=0.7670 2ch=0.001 2cl=0.000 66s
 step  235000 loss=0.02235 bce=0.02235 lap=0.00 lam=0.0e+00 val=0.7754 2ch=0.002 2cl=0.000 66s
 step  240000 loss=0.02208 bce=0.02208 lap=0.00 lam=0.0e+00 val=0.7776 2ch=0.001 2cl=0.000 66s
 step  245000 loss=0.02183 bce=0.02183 lap=0.00 lam=0.0e+00 val=0.7748 2ch=0.001 2cl=0.000 66s
 step  250000 loss=0.02160 bce=0.02160 lap=0.00 lam=0.0e+00 val=0.7786 2ch=0.000 2cl=0.000 66s
 step  255000 loss=0.02137 bce=0.02137 lap=0.00 lam=0.0e+00 val=0.7786 2ch=0.002 2cl=0.000 65s
 step  260000 loss=0.02116 bce=0.02116 lap=0.00 lam=0.0e+00 val=0.7710 2ch=0.001 2cl=0.000 66s
 step  265000 loss=0.02095 bce=0.02095 lap=0.00 lam=0.0e+00 val=0.7720 2ch=0.001 2cl=0.000 66s
 step  270000 loss=0.02072 bce=0.02072 lap=0.00 lam=0.0e+00 val=0.7876 2ch=0.000 2cl=0.000 65s
 step  275000 loss=0.02056 bce=0.02056 lap=0.00 lam=0.0e+00 val=0.7790 2ch=0.001 2cl=0.000 65s
 step  280000 loss=0.02038 bce=0.02038 lap=0.00 lam=0.0e+00 val=0.7780 2ch=0.001 2cl=0.000 65s
 step  285000 loss=0.02016 bce=0.02016 lap=0.00 lam=0.0e+00 val=0.7772 2ch=0.001 2cl=0.000 66s
 step  290000 loss=0.02005 bce=0.02005 lap=0.00 lam=0.0e+00 val=0.7826 2ch=0.001 2cl=0.000 66s
 step  295000 loss=0.01991 bce=0.01991 lap=0.00 lam=0.0e+00 val=0.7840 2ch=0.001 2cl=0.000 66s
 step  300000 loss=0.01978 bce=0.01978 lap=0.00 lam=0.0e+00 val=0.7812 2ch=0.001 2cl=0.002 65s
 step  305000 loss=0.01956 bce=0.01956 lap=0.00 lam=0.0e+00 val=0.7816 2ch=0.001 2cl=0.000 65s
 step  310000 loss=0.01942 bce=0.01942 lap=0.00 lam=0.0e+00 val=0.7836 2ch=0.002 2cl=0.024 66s
 step  315000 loss=0.01929 bce=0.01929 lap=0.00 lam=0.0e+00 val=0.7808 2ch=0.001 2cl=0.000 66s
 step  320000 loss=0.01919 bce=0.01919 lap=0.00 lam=0.0e+00 val=0.7798 2ch=0.000 2cl=0.001 65s
 step  325000 loss=0.01904 bce=0.01904 lap=0.00 lam=0.0e+00 val=0.7810 2ch=0.001 2cl=0.000 66s
 step  330000 loss=0.01895 bce=0.01895 lap=0.00 lam=0.0e+00 val=0.7834 2ch=0.001 2cl=0.000 65s
 step  335000 loss=0.01880 bce=0.01880 lap=0.00 lam=0.0e+00 val=0.7836 2ch=0.002 2cl=0.000 65s
 step  340000 loss=0.01870 bce=0.01870 lap=0.00 lam=0.0e+00 val=0.7822 2ch=0.000 2cl=0.000 66s
 step  345000 loss=0.01861 bce=0.01861 lap=0.00 lam=0.0e+00 val=0.7866 2ch=0.001 2cl=0.000 65s
 step  350000 loss=0.01848 bce=0.01848 lap=0.00 lam=0.0e+00 val=0.7840 2ch=0.001 2cl=0.000 65s
 step  355000 loss=0.01836 bce=0.01836 lap=0.00 lam=0.0e+00 val=0.7864 2ch=0.002 2cl=0.000 65s
 step  360000 loss=0.01830 bce=0.01830 lap=0.00 lam=0.0e+00 val=0.7842 2ch=0.000 2cl=0.000 65s
 step  365000 loss=0.01817 bce=0.01817 lap=0.00 lam=0.0e+00 val=0.7856 2ch=0.000 2cl=0.000 66s
 step  370000 loss=0.01804 bce=0.01804 lap=0.00 lam=0.0e+00 val=0.7834 2ch=0.001 2cl=0.000 65s
 step  375000 loss=0.01798 bce=0.01798 lap=0.00 lam=0.0e+00 val=0.7866 2ch=0.002 2cl=0.000 65s
 step  380000 loss=0.01793 bce=0.01793 lap=0.00 lam=0.0e+00 val=0.7844 2ch=0.001 2cl=0.000 66s
 step  385000 loss=0.01779 bce=0.01779 lap=0.00 lam=0.0e+00 val=0.7852 2ch=0.002 2cl=0.000 65s
 step  390000 loss=0.01772 bce=0.01772 lap=0.00 lam=0.0e+00 val=0.7834 2ch=0.001 2cl=0.000 65s
 step  395000 loss=0.01761 bce=0.01761 lap=0.00 lam=0.0e+00 val=0.7850 2ch=0.001 2cl=0.000 66s
 step  400000 loss=0.01753 bce=0.01753 lap=0.00 lam=0.0e+00 val=0.7834 2ch=0.001 2cl=0.000 66s
 step  405000 loss=0.01748 bce=0.01748 lap=0.00 lam=0.0e+00 val=0.7856 2ch=0.001 2cl=0.000 66s
 step  410000 loss=0.01740 bce=0.01740 lap=0.00 lam=0.0e+00 val=0.7848 2ch=0.000 2cl=0.000 65s
 step  415000 loss=0.01732 bce=0.01732 lap=0.00 lam=0.0e+00 val=0.7846 2ch=0.001 2cl=0.000 66s
 step  420000 loss=0.01721 bce=0.01721 lap=0.00 lam=0.0e+00 val=0.7856 2ch=0.001 2cl=0.000 66s
 step  425000 loss=0.01714 bce=0.01714 lap=0.00 lam=0.0e+00 val=0.7858 2ch=0.001 2cl=0.000 65s
 step  430000 loss=0.01708 bce=0.01708 lap=0.00 lam=0.0e+00 val=0.7868 2ch=0.001 2cl=0.000 65s
 step  435000 loss=0.01701 bce=0.01701 lap=0.00 lam=0.0e+00 val=0.7888 2ch=0.000 2cl=0.000 66s
 step  440000 loss=0.01694 bce=0.01694 lap=0.00 lam=0.0e+00 val=0.7860 2ch=0.002 2cl=0.000 66s
 step  445000 loss=0.01687 bce=0.01687 lap=0.00 lam=0.0e+00 val=0.7880 2ch=0.002 2cl=0.000 65s
 step  450000 loss=0.01681 bce=0.01681 lap=0.00 lam=0.0e+00 val=0.7864 2ch=0.001 2cl=0.000 66s
 step  455000 loss=0.01674 bce=0.01674 lap=0.00 lam=0.0e+00 val=0.7834 2ch=0.001 2cl=0.000 65s
 step  460000 loss=0.01669 bce=0.01669 lap=0.00 lam=0.0e+00 val=0.7852 2ch=0.002 2cl=0.000 65s
 step  465000 loss=0.01661 bce=0.01661 lap=0.00 lam=0.0e+00 val=0.7858 2ch=0.002 2cl=0.000 66s
 step  470000 loss=0.01655 bce=0.01655 lap=0.00 lam=0.0e+00 val=0.7848 2ch=0.001 2cl=0.000 65s
 step  475000 loss=0.01650 bce=0.01650 lap=0.00 lam=0.0e+00 val=0.7898 2ch=0.000 2cl=0.000 65s
 step  480000 loss=0.01644 bce=0.01644 lap=0.00 lam=0.0e+00 val=0.7876 2ch=0.001 2cl=0.000 65s
 step  485000 loss=0.01638 bce=0.01638 lap=0.00 lam=0.0e+00 val=0.7856 2ch=0.001 2cl=0.000 65s
 step  490000 loss=0.01631 bce=0.01631 lap=0.00 lam=0.0e+00 val=0.7876 2ch=0.000 2cl=0.000 66s
 step  495000 loss=0.01626 bce=0.01626 lap=0.00 lam=0.0e+00 val=0.7858 2ch=0.001 2cl=0.000 65s
 step  500000 loss=0.01622 bce=0.01622 lap=0.00 lam=0.0e+00 val=0.7860 2ch=0.001 2cl=0.000 66s
 step  505000 loss=0.01615 bce=0.01615 lap=0.00 lam=0.0e+00 val=0.7856 2ch=0.001 2cl=0.000 66s
 step  510000 loss=0.01611 bce=0.01611 lap=0.00 lam=0.0e+00 val=0.7864 2ch=0.001 2cl=0.000 66s
 step  515000 loss=0.01607 bce=0.01607 lap=0.00 lam=0.0e+00 val=0.7864 2ch=0.001 2cl=0.000 68s
 step  520000 loss=0.01601 bce=0.01601 lap=0.00 lam=0.0e+00 val=0.7878 2ch=0.001 2cl=0.000 65s
 step  525000 loss=0.01600 bce=0.01600 lap=0.00 lam=0.0e+00 val=0.7900 2ch=0.001 2cl=0.000 65s
 step  530000 loss=0.01590 bce=0.01590 lap=0.00 lam=0.0e+00 val=0.7912 2ch=0.001 2cl=0.000 65s
 step  535000 loss=0.01588 bce=0.01588 lap=0.00 lam=0.0e+00 val=0.7878 2ch=0.001 2cl=0.000 65s
 step  540000 loss=0.01585 bce=0.01585 lap=0.00 lam=0.0e+00 val=0.7894 2ch=0.002 2cl=0.000 66s
 step  545000 loss=0.01583 bce=0.01583 lap=0.00 lam=0.0e+00 val=0.7874 2ch=0.001 2cl=0.000 65s
 step  550000 loss=0.01577 bce=0.01577 lap=0.00 lam=0.0e+00 val=0.7894 2ch=0.001 2cl=0.000 65s
 step  555000 loss=0.01575 bce=0.01575 lap=0.00 lam=0.0e+00 val=0.7906 2ch=0.002 2cl=0.000 65s
 step  560000 loss=0.01570 bce=0.01570 lap=0.00 lam=0.0e+00 val=0.7858 2ch=0.001 2cl=0.000 65s
 step  565000 loss=0.01565 bce=0.01565 lap=0.00 lam=0.0e+00 val=0.7892 2ch=0.000 2cl=0.000 66s
 step  570000 loss=0.01560 bce=0.01560 lap=0.00 lam=0.0e+00 val=0.7874 2ch=0.001 2cl=0.000 65s
 step  575000 loss=0.01557 bce=0.01557 lap=0.00 lam=0.0e+00 val=0.7886 2ch=0.001 2cl=0.000 65s
 step  580000 loss=0.01552 bce=0.01552 lap=0.00 lam=0.0e+00 val=0.7886 2ch=0.001 2cl=0.000 65s
 step  585000 loss=0.01551 bce=0.01551 lap=0.00 lam=0.0e+00 val=0.7906 2ch=0.000 2cl=0.000 65s
 step  590000 loss=0.01548 bce=0.01548 lap=0.00 lam=0.0e+00 val=0.7856 2ch=0.001 2cl=0.000 66s
 step  595000 loss=0.01544 bce=0.01544 lap=0.00 lam=0.0e+00 val=0.7880 2ch=0.001 2cl=0.000 66s
 step  600000 loss=0.01541 bce=0.01541 lap=0.00 lam=0.0e+00 val=0.7880 2ch=0.001 2cl=0.000 65s
 step  605000 loss=0.01537 bce=0.01537 lap=0.00 lam=0.0e+00 val=0.7878 2ch=0.001 2cl=0.000 66s
 step  610000 loss=0.01538 bce=0.01538 lap=0.00 lam=0.0e+00 val=0.7888 2ch=0.001 2cl=0.000 66s
 step  615000 loss=0.01530 bce=0.01530 lap=0.00 lam=0.0e+00 val=0.7880 2ch=0.002 2cl=0.000 66s
 step  620000 loss=0.01527 bce=0.01527 lap=0.00 lam=0.0e+00 val=0.7846 2ch=0.000 2cl=0.000 65s
 step  625000 loss=0.01525 bce=0.01525 lap=0.00 lam=0.0e+00 val=0.7884 2ch=0.000 2cl=0.000 66s
 step  630000 loss=0.01522 bce=0.01522 lap=0.00 lam=0.0e+00 val=0.7892 2ch=0.000 2cl=0.000 66s
 step  635000 loss=0.01519 bce=0.01519 lap=0.00 lam=0.0e+00 val=0.7866 2ch=0.001 2cl=0.000 65s
 step  640000 loss=0.01517 bce=0.01517 lap=0.00 lam=0.0e+00 val=0.7900 2ch=0.000 2cl=0.000 66s
 step  645000 loss=0.01512 bce=0.01512 lap=0.00 lam=0.0e+00 val=0.7884 2ch=0.000 2cl=0.000 66s
 step  650000 loss=0.01511 bce=0.01511 lap=0.00 lam=0.0e+00 val=0.7894 2ch=0.001 2cl=0.000 66s
 step  655000 loss=0.01509 bce=0.01509 lap=0.00 lam=0.0e+00 val=0.7892 2ch=0.000 2cl=0.000 66s
 step  660000 loss=0.01505 bce=0.01505 lap=0.00 lam=0.0e+00 val=0.7880 2ch=0.000 2cl=0.000 66s
 step  665000 loss=0.01502 bce=0.01502 lap=0.00 lam=0.0e+00 val=0.7902 2ch=0.001 2cl=0.000 66s
 step  670000 loss=0.01501 bce=0.01501 lap=0.00 lam=0.0e+00 val=0.7870 2ch=0.001 2cl=0.000 66s
 step  675000 loss=0.01498 bce=0.01498 lap=0.00 lam=0.0e+00 val=0.7896 2ch=0.001 2cl=0.000 66s
 step  680000 loss=0.01497 bce=0.01497 lap=0.00 lam=0.0e+00 val=0.7904 2ch=0.000 2cl=0.000 66s
 step  685000 loss=0.01492 bce=0.01492 lap=0.00 lam=0.0e+00 val=0.7896 2ch=0.001 2cl=0.000 66s
 step  690000 loss=0.01487 bce=0.01487 lap=0.00 lam=0.0e+00 val=0.7876 2ch=0.001 2cl=0.000 66s
 step  695000 loss=0.01487 bce=0.01487 lap=0.00 lam=0.0e+00 val=0.7892 2ch=0.000 2cl=0.000 66s
 step  700000 loss=0.01487 bce=0.01487 lap=0.00 lam=0.0e+00 val=0.7890 2ch=0.000 2cl=0.000 66s
 step  705000 loss=0.01483 bce=0.01483 lap=0.00 lam=0.0e+00 val=0.7896 2ch=0.000 2cl=0.000 66s
 step  710000 loss=0.01481 bce=0.01481 lap=0.00 lam=0.0e+00 val=0.7892 2ch=0.001 2cl=0.000 66s
 step  715000 loss=0.01478 bce=0.01478 lap=0.00 lam=0.0e+00 val=0.7894 2ch=0.001 2cl=0.000 66s
 step  720000 loss=0.01476 bce=0.01476 lap=0.00 lam=0.0e+00 val=0.7886 2ch=0.001 2cl=0.000 66s
 step  725000 loss=0.01476 bce=0.01476 lap=0.00 lam=0.0e+00 val=0.7876 2ch=0.000 2cl=0.000 66s
 step  730000 loss=0.01471 bce=0.01471 lap=0.00 lam=0.0e+00 val=0.7894 2ch=0.000 2cl=0.000 66s
 step  735000 loss=0.01471 bce=0.01471 lap=0.00 lam=0.0e+00 val=0.7900 2ch=0.000 2cl=0.000 66s
 step  740000 loss=0.01468 bce=0.01468 lap=0.00 lam=0.0e+00 val=0.7912 2ch=0.001 2cl=0.000 66s
 step  745000 loss=0.01465 bce=0.01465 lap=0.00 lam=0.0e+00 val=0.7920 2ch=0.000 2cl=0.000 66s
 step  750000 loss=0.01464 bce=0.01464 lap=0.00 lam=0.0e+00 val=0.7912 2ch=0.000 2cl=0.000 66s
 step  755000 loss=0.01461 bce=0.01461 lap=0.00 lam=0.0e+00 val=0.7918 2ch=0.000 2cl=0.000 66s
 step  760000 loss=0.01461 bce=0.01461 lap=0.00 lam=0.0e+00 val=0.7914 2ch=0.000 2cl=0.000 66s
 step  765000 loss=0.01456 bce=0.01456 lap=0.00 lam=0.0e+00 val=0.7904 2ch=0.000 2cl=0.000 66s
 step  770000 loss=0.01455 bce=0.01455 lap=0.00 lam=0.0e+00 val=0.7910 2ch=0.000 2cl=0.000 66s
 step  775000 loss=0.01458 bce=0.01458 lap=0.00 lam=0.0e+00 val=0.7910 2ch=0.000 2cl=0.000 66s
 step  780000 loss=0.01452 bce=0.01452 lap=0.00 lam=0.0e+00 val=0.7920 2ch=0.000 2cl=0.000 66s
 step  785000 loss=0.01451 bce=0.01451 lap=0.00 lam=0.0e+00 val=0.7910 2ch=0.000 2cl=0.000 66s
 step  790000 loss=0.01449 bce=0.01449 lap=0.00 lam=0.0e+00 val=0.7918 2ch=0.000 2cl=0.000 66s
 step  795000 loss=0.01448 bce=0.01448 lap=0.00 lam=0.0e+00 val=0.7912 2ch=0.000 2cl=0.000 66s
 step  800000 loss=0.01447 bce=0.01447 lap=0.00 lam=0.0e+00 val=0.7884 2ch=0.000 2cl=0.000 66s
 step  805000 loss=0.01445 bce=0.01445 lap=0.00 lam=0.0e+00 val=0.7914 2ch=0.000 2cl=0.000 66s
 step  810000 loss=0.01446 bce=0.01446 lap=0.00 lam=0.0e+00 val=0.7914 2ch=0.000 2cl=0.000 66s
 step  815000 loss=0.01444 bce=0.01444 lap=0.00 lam=0.0e+00 val=0.7934 2ch=0.000 2cl=0.000 66s
 step  820000 loss=0.01442 bce=0.01442 lap=0.00 lam=0.0e+00 val=0.7884 2ch=0.000 2cl=0.000 66s
 step  825000 loss=0.01440 bce=0.01440 lap=0.00 lam=0.0e+00 val=0.7908 2ch=0.000 2cl=0.000 66s
 step  830000 loss=0.01439 bce=0.01439 lap=0.00 lam=0.0e+00 val=0.7908 2ch=0.000 2cl=0.000 66s
 step  835000 loss=0.01437 bce=0.01437 lap=0.00 lam=0.0e+00 val=0.7888 2ch=0.000 2cl=0.000 66s
 step  840000 loss=0.01436 bce=0.01436 lap=0.00 lam=0.0e+00 val=0.7910 2ch=0.001 2cl=0.000 66s
 step  845000 loss=0.01434 bce=0.01434 lap=0.00 lam=0.0e+00 val=0.7918 2ch=0.000 2cl=0.000 66s
 step  850000 loss=0.01435 bce=0.01435 lap=0.00 lam=0.0e+00 val=0.7908 2ch=0.000 2cl=0.000 66s
 step  855000 loss=0.01434 bce=0.01434 lap=0.00 lam=0.0e+00 val=0.7902 2ch=0.000 2cl=0.000 66s
 step  860000 loss=0.01432 bce=0.01432 lap=0.00 lam=0.0e+00 val=0.7916 2ch=0.000 2cl=0.000 66s
 step  865000 loss=0.01431 bce=0.01431 lap=0.00 lam=0.0e+00 val=0.7912 2ch=0.000 2cl=0.000 66s
 step  870000 loss=0.01432 bce=0.01432 lap=0.00 lam=0.0e+00 val=0.7910 2ch=0.000 2cl=0.000 66s
 step  875000 loss=0.01432 bce=0.01432 lap=0.00 lam=0.0e+00 val=0.7916 2ch=0.000 2cl=0.000 66s
 step  880000 loss=0.01427 bce=0.01427 lap=0.00 lam=0.0e+00 val=0.7916 2ch=0.000 2cl=0.000 66s
 step  885000 loss=0.01428 bce=0.01428 lap=0.00 lam=0.0e+00 val=0.7926 2ch=0.000 2cl=0.000 66s
 step  890000 loss=0.01428 bce=0.01428 lap=0.00 lam=0.0e+00 val=0.7922 2ch=0.000 2cl=0.000 66s
 step  895000 loss=0.01425 bce=0.01425 lap=0.00 lam=0.0e+00 val=0.7906 2ch=0.000 2cl=0.000 66s
 step  900000 loss=0.01422 bce=0.01422 lap=0.00 lam=0.0e+00 val=0.7918 2ch=0.000 2cl=0.000 66s
 step  905000 loss=0.01425 bce=0.01425 lap=0.00 lam=0.0e+00 val=0.7912 2ch=0.000 2cl=0.000 66s
 step  910000 loss=0.01424 bce=0.01424 lap=0.00 lam=0.0e+00 val=0.7912 2ch=0.000 2cl=0.000 66s
 step  915000 loss=0.01423 bce=0.01423 lap=0.00 lam=0.0e+00 val=0.7928 2ch=0.000 2cl=0.000 66s
 step  920000 loss=0.01422 bce=0.01422 lap=0.00 lam=0.0e+00 val=0.7922 2ch=0.000 2cl=0.000 66s
 step  925000 loss=0.01422 bce=0.01422 lap=0.00 lam=0.0e+00 val=0.7910 2ch=0.000 2cl=0.000 66s
 step  930000 loss=0.01419 bce=0.01419 lap=0.00 lam=0.0e+00 val=0.7912 2ch=0.000 2cl=0.000 66s
 step  935000 loss=0.01420 bce=0.01420 lap=0.00 lam=0.0e+00 val=0.7922 2ch=0.000 2cl=0.000 66s
 step  940000 loss=0.01422 bce=0.01422 lap=0.00 lam=0.0e+00 val=0.7924 2ch=0.000 2cl=0.000 66s
 step  945000 loss=0.01421 bce=0.01421 lap=0.00 lam=0.0e+00 val=0.7926 2ch=0.000 2cl=0.000 66s
 step  950000 loss=0.01419 bce=0.01419 lap=0.00 lam=0.0e+00 val=0.7930 2ch=0.000 2cl=0.000 65s
 step  955000 loss=0.01418 bce=0.01418 lap=0.00 lam=0.0e+00 val=0.7920 2ch=0.000 2cl=0.000 65s
 step  960000 loss=0.01420 bce=0.01420 lap=0.00 lam=0.0e+00 val=0.7922 2ch=0.000 2cl=0.000 65s
 step  965000 loss=0.01420 bce=0.01420 lap=0.00 lam=0.0e+00 val=0.7926 2ch=0.000 2cl=0.000 65s
 step  970000 loss=0.01419 bce=0.01419 lap=0.00 lam=0.0e+00 val=0.7922 2ch=0.000 2cl=0.000 65s
 step  975000 loss=0.01419 bce=0.01419 lap=0.00 lam=0.0e+00 val=0.7924 2ch=0.000 2cl=0.000 66s
 step  980000 loss=0.01418 bce=0.01418 lap=0.00 lam=0.0e+00 val=0.7924 2ch=0.000 2cl=0.000 66s
 step  985000 loss=0.01417 bce=0.01417 lap=0.00 lam=0.0e+00 val=0.7928 2ch=0.000 2cl=0.000 65s
 step  990000 loss=0.01418 bce=0.01418 lap=0.00 lam=0.0e+00 val=0.7928 2ch=0.000 2cl=0.000 65s
 step  995000 loss=0.01418 bce=0.01418 lap=0.00 lam=0.0e+00 val=0.7928 2ch=0.000 2cl=0.000 65s
 step 1000000 loss=0.01417 bce=0.01417 lap=0.00 lam=0.0e+00 val=0.7924 2ch=0.000 2cl=0.000 65s
done. best in-dist exact=0.7934  -> runs/report6/a1_train/n40_path_union_roberta_similarity_lam0_seed1000
auto-eval multipath (similarity): runs/report6/a1_train/n40_path_union_roberta_similarity_lam0_seed1000/last.pt
checkpoint=runs/report6/a1_train/n40_path_union_roberta_similarity_lam0_seed1000/last.pt
  arch=roberta readout=similarity n=40 device=cuda
  k=1 ell= 3: pair=1.000 mat_exact=0.177 mat_pw=0.991 n_intact=1.00/1 (hist [0, 400])
  k=2 ell= 3: pair=1.000 mat_exact=0.843 mat_pw=0.994 n_intact=2.00/2 (hist [0, 1, 399])
  k=3 ell= 3: pair=1.000 mat_exact=0.000 mat_pw=0.705 n_intact=3.00/3 (hist [0, 0, 0, 400])
  k=4 ell= 3: pair=1.000 mat_exact=0.000 mat_pw=0.615 n_intact=4.00/4 (hist [0, 0, 0, 0, 400])
  k=1 ell= 5: pair=1.000 mat_exact=0.880 mat_pw=0.998 n_intact=0.97/1 (hist [13, 387])
  k=2 ell= 5: pair=1.000 mat_exact=0.225 mat_pw=0.938 n_intact=1.97/2 (hist [4, 4, 392])
  k=3 ell= 5: pair=1.000 mat_exact=0.225 mat_pw=0.974 n_intact=3.00/3 (hist [0, 0, 0, 400])
  k=4 ell= 5: pair=1.000 mat_exact=0.000 mat_pw=0.496 n_intact=4.00/4 (hist [0, 0, 0, 0, 400])
  k=1 ell= 7: pair=1.000 mat_exact=0.190 mat_pw=0.974 n_intact=0.34/1 (hist [263, 137])
  k=2 ell= 7: pair=1.000 mat_exact=0.785 mat_pw=0.997 n_intact=2.00/2 (hist [0, 2, 398])
  k=3 ell= 7: pair=0.998 mat_exact=0.242 mat_pw=0.984 n_intact=2.92/3 (hist [7, 3, 3, 387])
  k=4 ell= 7: pair=1.000 mat_exact=0.000 mat_pw=0.648 n_intact=4.00/4 (hist [0, 0, 0, 0, 400])
  k=1 ell= 9: pair=1.000 mat_exact=0.000 mat_pw=0.832 n_intact=0.01/1 (hist [397, 3])
  k=2 ell= 9: pair=0.995 mat_exact=0.003 mat_pw=0.783 n_intact=1.40/2 (hist [80, 80, 240])
  k=3 ell= 9: pair=0.995 mat_exact=0.677 mat_pw=0.991 n_intact=2.83/3 (hist [12, 7, 16, 365])
  k=4 ell= 9: pair=1.000 mat_exact=0.407 mat_pw=0.947 n_intact=4.00/4 (hist [0, 0, 0, 0, 400])
  k=1 ell=11: pair=0.998 mat_exact=0.000 mat_pw=0.669 n_intact=0.00/1 (hist [400, 0])
  k=2 ell=11: pair=0.988 mat_exact=0.000 mat_pw=0.649 n_intact=0.37/2 (hist [312, 27, 61])
  k=3 ell=11: pair=1.000 mat_exact=0.885 mat_pw=0.994 n_intact=2.96/3 (hist [4, 1, 0, 395])
  k=1 ell=13: pair=0.998 mat_exact=0.000 mat_pw=0.517 n_intact=0.00/1 (hist [400, 0])
  k=2 ell=13: pair=0.993 mat_exact=0.000 mat_pw=0.612 n_intact=0.61/2 (hist [271, 12, 117])
  k=3 ell=13: pair=1.000 mat_exact=1.000 mat_pw=1.000 n_intact=3.00/3 (hist [0, 0, 0, 400])
  k=1 ell=15: pair=1.000 mat_exact=0.000 mat_pw=0.501 n_intact=0.00/1 (hist [400, 0])
  k=2 ell=15: pair=0.948 mat_exact=0.000 mat_pw=0.714 n_intact=0.31/2 (hist [331, 14, 55])
  k=1 ell=17: pair=1.000 mat_exact=0.000 mat_pw=0.493 n_intact=0.00/1 (hist [400, 0])
  k=2 ell=17: pair=0.915 mat_exact=0.300 mat_pw=0.970 n_intact=0.62/2 (hist [274, 2, 124])
  k=1 ell=19: pair=0.998 mat_exact=0.000 mat_pw=0.500 n_intact=0.00/1 (hist [400, 0])
  saved -> runs/report6/multipath_sim/n40_pathunion_seed1000/multipath.json
