task 16 -> families=er n=64 p=0.03 seed=1000 readout=similarity
== n64_er_roberta_similarity_lam0_seed1000 ==
 device=cuda arch=roberta readout=similarity lambda=0.0 params=6,339,074
 step    5000 loss=0.17126 bce=0.17126 lap=0.00 lam=0.0e+00 val=0.0024 2ch=0.000 2cl=0.000 103s
 step   10000 loss=0.09254 bce=0.09254 lap=0.00 lam=0.0e+00 val=0.8736 2ch=0.000 2cl=0.000 102s
 step   15000 loss=0.06848 bce=0.06848 lap=0.00 lam=0.0e+00 val=0.8874 2ch=0.000 2cl=0.000 101s
 step   20000 loss=0.05288 bce=0.05288 lap=0.00 lam=0.0e+00 val=0.8954 2ch=0.000 2cl=0.000 101s
 step   25000 loss=0.04334 bce=0.04334 lap=0.00 lam=0.0e+00 val=0.8766 2ch=0.000 2cl=0.000 101s
 step   30000 loss=0.03668 bce=0.03668 lap=0.00 lam=0.0e+00 val=0.9080 2ch=0.000 2cl=0.000 101s
 step   35000 loss=0.03214 bce=0.03214 lap=0.00 lam=0.0e+00 val=0.8714 2ch=0.000 2cl=0.000 101s
 step   40000 loss=0.02915 bce=0.02915 lap=0.00 lam=0.0e+00 val=0.9090 2ch=0.000 2cl=0.000 100s
 step   45000 loss=0.02734 bce=0.02734 lap=0.00 lam=0.0e+00 val=0.9086 2ch=0.000 2cl=0.000 101s
 step   50000 loss=0.02613 bce=0.02613 lap=0.00 lam=0.0e+00 val=0.9094 2ch=0.000 2cl=0.000 101s
 step   55000 loss=0.02523 bce=0.02523 lap=0.00 lam=0.0e+00 val=0.9004 2ch=0.000 2cl=0.000 101s
 step   60000 loss=0.02446 bce=0.02446 lap=0.00 lam=0.0e+00 val=0.9152 2ch=0.000 2cl=0.000 101s
 step   65000 loss=0.02379 bce=0.02379 lap=0.00 lam=0.0e+00 val=0.8670 2ch=0.000 2cl=0.000 101s
 step   70000 loss=0.02315 bce=0.02315 lap=0.00 lam=0.0e+00 val=0.9046 2ch=0.000 2cl=0.000 101s
 step   75000 loss=0.02242 bce=0.02242 lap=0.00 lam=0.0e+00 val=0.8852 2ch=0.000 2cl=0.000 101s
 step   80000 loss=0.02165 bce=0.02165 lap=0.00 lam=0.0e+00 val=0.8682 2ch=0.000 2cl=0.000 101s
 step   85000 loss=0.02091 bce=0.02091 lap=0.00 lam=0.0e+00 val=0.8772 2ch=0.000 2cl=0.000 101s
 step   90000 loss=0.02000 bce=0.02000 lap=0.00 lam=0.0e+00 val=0.8504 2ch=0.000 2cl=0.000 101s
 step   95000 loss=0.01915 bce=0.01915 lap=0.00 lam=0.0e+00 val=0.8696 2ch=0.000 2cl=0.000 101s
 step  100000 loss=0.01827 bce=0.01827 lap=0.00 lam=0.0e+00 val=0.8406 2ch=0.000 2cl=0.000 101s
 step  105000 loss=0.01743 bce=0.01743 lap=0.00 lam=0.0e+00 val=0.8318 2ch=0.000 2cl=0.000 101s
 step  110000 loss=0.01668 bce=0.01668 lap=0.00 lam=0.0e+00 val=0.8750 2ch=0.000 2cl=0.000 101s
 step  115000 loss=0.01592 bce=0.01592 lap=0.00 lam=0.0e+00 val=0.8438 2ch=0.000 2cl=0.000 101s
 step  120000 loss=0.01509 bce=0.01509 lap=0.00 lam=0.0e+00 val=0.7848 2ch=0.000 2cl=0.000 101s
 step  125000 loss=0.01444 bce=0.01444 lap=0.00 lam=0.0e+00 val=0.8092 2ch=0.000 2cl=0.000 101s
 step  130000 loss=0.01383 bce=0.01383 lap=0.00 lam=0.0e+00 val=0.8198 2ch=0.000 2cl=0.000 101s
 step  135000 loss=0.01328 bce=0.01328 lap=0.00 lam=0.0e+00 val=0.8254 2ch=0.000 2cl=0.000 101s
 step  140000 loss=0.01274 bce=0.01274 lap=0.00 lam=0.0e+00 val=0.8150 2ch=0.000 2cl=0.000 101s
 step  145000 loss=0.01222 bce=0.01222 lap=0.00 lam=0.0e+00 val=0.8412 2ch=0.000 2cl=0.000 101s
 step  150000 loss=0.01181 bce=0.01181 lap=0.00 lam=0.0e+00 val=0.8686 2ch=0.000 2cl=0.000 101s
 step  155000 loss=0.01137 bce=0.01137 lap=0.00 lam=0.0e+00 val=0.8394 2ch=0.000 2cl=0.000 101s
 step  160000 loss=0.01097 bce=0.01097 lap=0.00 lam=0.0e+00 val=0.8730 2ch=0.000 2cl=0.000 101s
 step  165000 loss=0.01056 bce=0.01056 lap=0.00 lam=0.0e+00 val=0.8878 2ch=0.000 2cl=0.000 101s
 step  170000 loss=0.01023 bce=0.01023 lap=0.00 lam=0.0e+00 val=0.8682 2ch=0.000 2cl=0.000 101s
 step  175000 loss=0.00985 bce=0.00985 lap=0.00 lam=0.0e+00 val=0.8760 2ch=0.000 2cl=0.000 101s
 step  180000 loss=0.00950 bce=0.00950 lap=0.00 lam=0.0e+00 val=0.8528 2ch=0.000 2cl=0.000 101s
 step  185000 loss=0.00921 bce=0.00921 lap=0.00 lam=0.0e+00 val=0.8816 2ch=0.000 2cl=0.000 101s
 step  190000 loss=0.00892 bce=0.00892 lap=0.00 lam=0.0e+00 val=0.8948 2ch=0.000 2cl=0.000 101s
 step  195000 loss=0.00864 bce=0.00864 lap=0.00 lam=0.0e+00 val=0.9086 2ch=0.000 2cl=0.000 101s
 step  200000 loss=0.00836 bce=0.00836 lap=0.00 lam=0.0e+00 val=0.8946 2ch=0.000 2cl=0.000 101s
 step  205000 loss=0.00811 bce=0.00811 lap=0.00 lam=0.0e+00 val=0.8974 2ch=0.000 2cl=0.000 101s
 step  210000 loss=0.00787 bce=0.00787 lap=0.00 lam=0.0e+00 val=0.9074 2ch=0.000 2cl=0.000 101s
 step  215000 loss=0.00766 bce=0.00766 lap=0.00 lam=0.0e+00 val=0.8994 2ch=0.000 2cl=0.000 101s
 step  220000 loss=0.00742 bce=0.00742 lap=0.00 lam=0.0e+00 val=0.9274 2ch=0.000 2cl=0.000 101s
 step  225000 loss=0.00723 bce=0.00723 lap=0.00 lam=0.0e+00 val=0.9040 2ch=0.000 2cl=0.000 101s
 step  230000 loss=0.00701 bce=0.00701 lap=0.00 lam=0.0e+00 val=0.9336 2ch=0.000 2cl=0.000 101s
 step  235000 loss=0.00682 bce=0.00682 lap=0.00 lam=0.0e+00 val=0.9212 2ch=0.000 2cl=0.000 101s
 step  240000 loss=0.00666 bce=0.00666 lap=0.00 lam=0.0e+00 val=0.9112 2ch=0.000 2cl=0.000 101s
 step  245000 loss=0.00653 bce=0.00653 lap=0.00 lam=0.0e+00 val=0.9208 2ch=0.000 2cl=0.000 101s
 step  250000 loss=0.00635 bce=0.00635 lap=0.00 lam=0.0e+00 val=0.9198 2ch=0.000 2cl=0.000 101s
 step  255000 loss=0.00619 bce=0.00619 lap=0.00 lam=0.0e+00 val=0.9262 2ch=0.000 2cl=0.000 101s
 step  260000 loss=0.00603 bce=0.00603 lap=0.00 lam=0.0e+00 val=0.9386 2ch=0.000 2cl=0.000 101s
 step  265000 loss=0.00591 bce=0.00591 lap=0.00 lam=0.0e+00 val=0.9112 2ch=0.000 2cl=0.000 101s
 step  270000 loss=0.00577 bce=0.00577 lap=0.00 lam=0.0e+00 val=0.9318 2ch=0.000 2cl=0.000 101s
 step  275000 loss=0.00565 bce=0.00565 lap=0.00 lam=0.0e+00 val=0.9310 2ch=0.000 2cl=0.000 101s
 step  280000 loss=0.00553 bce=0.00553 lap=0.00 lam=0.0e+00 val=0.9282 2ch=0.000 2cl=0.000 101s
 step  285000 loss=0.00538 bce=0.00538 lap=0.00 lam=0.0e+00 val=0.9362 2ch=0.000 2cl=0.000 101s
 step  290000 loss=0.00529 bce=0.00529 lap=0.00 lam=0.0e+00 val=0.9360 2ch=0.000 2cl=0.000 101s
 step  295000 loss=0.00517 bce=0.00517 lap=0.00 lam=0.0e+00 val=0.9330 2ch=0.000 2cl=0.000 101s
 step  300000 loss=0.00507 bce=0.00507 lap=0.00 lam=0.0e+00 val=0.9360 2ch=0.000 2cl=0.000 101s
 step  305000 loss=0.00499 bce=0.00499 lap=0.00 lam=0.0e+00 val=0.9430 2ch=0.000 2cl=0.000 103s
 step  310000 loss=0.00489 bce=0.00489 lap=0.00 lam=0.0e+00 val=0.9346 2ch=0.000 2cl=0.000 101s
 step  315000 loss=0.00479 bce=0.00479 lap=0.00 lam=0.0e+00 val=0.9400 2ch=0.000 2cl=0.000 101s
 step  320000 loss=0.00473 bce=0.00473 lap=0.00 lam=0.0e+00 val=0.9408 2ch=0.000 2cl=0.000 101s
 step  325000 loss=0.00464 bce=0.00464 lap=0.00 lam=0.0e+00 val=0.9384 2ch=0.000 2cl=0.000 102s
 step  330000 loss=0.00456 bce=0.00456 lap=0.00 lam=0.0e+00 val=0.9350 2ch=0.000 2cl=0.000 101s
 step  335000 loss=0.00446 bce=0.00446 lap=0.00 lam=0.0e+00 val=0.9506 2ch=0.000 2cl=0.000 101s
 step  340000 loss=0.00439 bce=0.00439 lap=0.00 lam=0.0e+00 val=0.9496 2ch=0.000 2cl=0.000 101s
 step  345000 loss=0.00433 bce=0.00433 lap=0.00 lam=0.0e+00 val=0.9392 2ch=0.000 2cl=0.000 102s
 step  350000 loss=0.00425 bce=0.00425 lap=0.00 lam=0.0e+00 val=0.9382 2ch=0.000 2cl=0.000 101s
 step  355000 loss=0.00417 bce=0.00417 lap=0.00 lam=0.0e+00 val=0.9472 2ch=0.000 2cl=0.000 102s
 step  360000 loss=0.00411 bce=0.00411 lap=0.00 lam=0.0e+00 val=0.9422 2ch=0.000 2cl=0.000 102s
 step  365000 loss=0.00404 bce=0.00404 lap=0.00 lam=0.0e+00 val=0.9470 2ch=0.000 2cl=0.000 102s
 step  370000 loss=0.00398 bce=0.00398 lap=0.00 lam=0.0e+00 val=0.9382 2ch=0.000 2cl=0.000 102s
 step  375000 loss=0.00392 bce=0.00392 lap=0.00 lam=0.0e+00 val=0.9390 2ch=0.000 2cl=0.000 102s
 step  380000 loss=0.00387 bce=0.00387 lap=0.00 lam=0.0e+00 val=0.9424 2ch=0.000 2cl=0.000 102s
 step  385000 loss=0.00382 bce=0.00382 lap=0.00 lam=0.0e+00 val=0.9516 2ch=0.000 2cl=0.000 102s
 step  390000 loss=0.00376 bce=0.00376 lap=0.00 lam=0.0e+00 val=0.9514 2ch=0.000 2cl=0.000 102s
 step  395000 loss=0.00371 bce=0.00371 lap=0.00 lam=0.0e+00 val=0.9520 2ch=0.000 2cl=0.000 102s
 step  400000 loss=0.00364 bce=0.00364 lap=0.00 lam=0.0e+00 val=0.9530 2ch=0.000 2cl=0.000 102s
 step  405000 loss=0.00360 bce=0.00360 lap=0.00 lam=0.0e+00 val=0.9548 2ch=0.000 2cl=0.000 102s
 step  410000 loss=0.00355 bce=0.00355 lap=0.00 lam=0.0e+00 val=0.9538 2ch=0.000 2cl=0.000 102s
 step  415000 loss=0.00350 bce=0.00350 lap=0.00 lam=0.0e+00 val=0.9558 2ch=0.000 2cl=0.000 103s
 step  420000 loss=0.00346 bce=0.00346 lap=0.00 lam=0.0e+00 val=0.9556 2ch=0.000 2cl=0.000 102s
 step  425000 loss=0.00341 bce=0.00341 lap=0.00 lam=0.0e+00 val=0.9570 2ch=0.000 2cl=0.000 102s
 step  430000 loss=0.00338 bce=0.00338 lap=0.00 lam=0.0e+00 val=0.9512 2ch=0.000 2cl=0.000 102s
 step  435000 loss=0.00333 bce=0.00333 lap=0.00 lam=0.0e+00 val=0.9574 2ch=0.000 2cl=0.000 102s
 step  440000 loss=0.00328 bce=0.00328 lap=0.00 lam=0.0e+00 val=0.9548 2ch=0.000 2cl=0.000 102s
 step  445000 loss=0.00326 bce=0.00326 lap=0.00 lam=0.0e+00 val=0.9608 2ch=0.000 2cl=0.000 102s
 step  450000 loss=0.00320 bce=0.00320 lap=0.00 lam=0.0e+00 val=0.9630 2ch=0.000 2cl=0.000 102s
 step  455000 loss=0.00316 bce=0.00316 lap=0.00 lam=0.0e+00 val=0.9596 2ch=0.000 2cl=0.000 102s
 step  460000 loss=0.00313 bce=0.00313 lap=0.00 lam=0.0e+00 val=0.9600 2ch=0.000 2cl=0.000 102s
 step  465000 loss=0.00308 bce=0.00308 lap=0.00 lam=0.0e+00 val=0.9560 2ch=0.000 2cl=0.000 102s
 step  470000 loss=0.00304 bce=0.00304 lap=0.00 lam=0.0e+00 val=0.9622 2ch=0.000 2cl=0.000 102s
 step  475000 loss=0.00301 bce=0.00301 lap=0.00 lam=0.0e+00 val=0.9656 2ch=0.000 2cl=0.000 102s
 step  480000 loss=0.00297 bce=0.00297 lap=0.00 lam=0.0e+00 val=0.9628 2ch=0.000 2cl=0.000 102s
 step  485000 loss=0.00295 bce=0.00295 lap=0.00 lam=0.0e+00 val=0.9618 2ch=0.000 2cl=0.000 102s
 step  490000 loss=0.00292 bce=0.00292 lap=0.00 lam=0.0e+00 val=0.9660 2ch=0.000 2cl=0.000 102s
 step  495000 loss=0.00288 bce=0.00288 lap=0.00 lam=0.0e+00 val=0.9614 2ch=0.000 2cl=0.000 102s
 step  500000 loss=0.00285 bce=0.00285 lap=0.00 lam=0.0e+00 val=0.9652 2ch=0.000 2cl=0.000 102s
 step  505000 loss=0.00280 bce=0.00280 lap=0.00 lam=0.0e+00 val=0.9658 2ch=0.000 2cl=0.000 102s
 step  510000 loss=0.00279 bce=0.00279 lap=0.00 lam=0.0e+00 val=0.9684 2ch=0.000 2cl=0.000 102s
 step  515000 loss=0.00276 bce=0.00276 lap=0.00 lam=0.0e+00 val=0.9668 2ch=0.000 2cl=0.000 102s
 step  520000 loss=0.00272 bce=0.00272 lap=0.00 lam=0.0e+00 val=0.9680 2ch=0.000 2cl=0.000 102s
 step  525000 loss=0.00269 bce=0.00269 lap=0.00 lam=0.0e+00 val=0.9664 2ch=0.000 2cl=0.000 102s
 step  530000 loss=0.00267 bce=0.00267 lap=0.00 lam=0.0e+00 val=0.9648 2ch=0.000 2cl=0.000 102s
 step  535000 loss=0.00262 bce=0.00262 lap=0.00 lam=0.0e+00 val=0.9660 2ch=0.000 2cl=0.000 102s
 step  540000 loss=0.00260 bce=0.00260 lap=0.00 lam=0.0e+00 val=0.9682 2ch=0.000 2cl=0.000 102s
 step  545000 loss=0.00257 bce=0.00257 lap=0.00 lam=0.0e+00 val=0.9690 2ch=0.000 2cl=0.000 102s
 step  550000 loss=0.00255 bce=0.00255 lap=0.00 lam=0.0e+00 val=0.9684 2ch=0.000 2cl=0.000 102s
 step  555000 loss=0.00253 bce=0.00253 lap=0.00 lam=0.0e+00 val=0.9670 2ch=0.000 2cl=0.000 102s
 step  560000 loss=0.00251 bce=0.00251 lap=0.00 lam=0.0e+00 val=0.9648 2ch=0.000 2cl=0.000 102s
 step  565000 loss=0.00248 bce=0.00248 lap=0.00 lam=0.0e+00 val=0.9684 2ch=0.000 2cl=0.000 102s
 step  570000 loss=0.00246 bce=0.00246 lap=0.00 lam=0.0e+00 val=0.9642 2ch=0.000 2cl=0.000 102s
 step  575000 loss=0.00243 bce=0.00243 lap=0.00 lam=0.0e+00 val=0.9714 2ch=0.000 2cl=0.000 102s
 step  580000 loss=0.00241 bce=0.00241 lap=0.00 lam=0.0e+00 val=0.9700 2ch=0.000 2cl=0.000 102s
 step  585000 loss=0.00239 bce=0.00239 lap=0.00 lam=0.0e+00 val=0.9720 2ch=0.000 2cl=0.000 102s
 step  590000 loss=0.00238 bce=0.00238 lap=0.00 lam=0.0e+00 val=0.9678 2ch=0.000 2cl=0.000 102s
 step  595000 loss=0.00234 bce=0.00234 lap=0.00 lam=0.0e+00 val=0.9712 2ch=0.000 2cl=0.000 102s
 step  600000 loss=0.00233 bce=0.00233 lap=0.00 lam=0.0e+00 val=0.9680 2ch=0.000 2cl=0.000 102s
 step  605000 loss=0.00229 bce=0.00229 lap=0.00 lam=0.0e+00 val=0.9688 2ch=0.000 2cl=0.000 102s
 step  610000 loss=0.00227 bce=0.00227 lap=0.00 lam=0.0e+00 val=0.9692 2ch=0.000 2cl=0.000 102s
 step  615000 loss=0.00226 bce=0.00226 lap=0.00 lam=0.0e+00 val=0.9730 2ch=0.000 2cl=0.000 102s
 step  620000 loss=0.00225 bce=0.00225 lap=0.00 lam=0.0e+00 val=0.9722 2ch=0.000 2cl=0.000 102s
 step  625000 loss=0.00221 bce=0.00221 lap=0.00 lam=0.0e+00 val=0.9680 2ch=0.000 2cl=0.000 102s
 step  630000 loss=0.00219 bce=0.00219 lap=0.00 lam=0.0e+00 val=0.9690 2ch=0.000 2cl=0.000 102s
 step  635000 loss=0.00219 bce=0.00219 lap=0.00 lam=0.0e+00 val=0.9714 2ch=0.000 2cl=0.000 102s
 step  640000 loss=0.00217 bce=0.00217 lap=0.00 lam=0.0e+00 val=0.9720 2ch=0.000 2cl=0.000 102s
 step  645000 loss=0.00214 bce=0.00214 lap=0.00 lam=0.0e+00 val=0.9698 2ch=0.000 2cl=0.000 102s
 step  650000 loss=0.00212 bce=0.00212 lap=0.00 lam=0.0e+00 val=0.9724 2ch=0.000 2cl=0.000 102s
 step  655000 loss=0.00211 bce=0.00211 lap=0.00 lam=0.0e+00 val=0.9734 2ch=0.000 2cl=0.000 102s
 step  660000 loss=0.00209 bce=0.00209 lap=0.00 lam=0.0e+00 val=0.9736 2ch=0.000 2cl=0.000 102s
 step  665000 loss=0.00208 bce=0.00208 lap=0.00 lam=0.0e+00 val=0.9712 2ch=0.000 2cl=0.000 102s
 step  670000 loss=0.00205 bce=0.00205 lap=0.00 lam=0.0e+00 val=0.9746 2ch=0.000 2cl=0.000 102s
 step  675000 loss=0.00204 bce=0.00204 lap=0.00 lam=0.0e+00 val=0.9742 2ch=0.000 2cl=0.000 102s
 step  680000 loss=0.00202 bce=0.00202 lap=0.00 lam=0.0e+00 val=0.9744 2ch=0.000 2cl=0.000 102s
 step  685000 loss=0.00201 bce=0.00201 lap=0.00 lam=0.0e+00 val=0.9742 2ch=0.000 2cl=0.000 102s
 step  690000 loss=0.00198 bce=0.00198 lap=0.00 lam=0.0e+00 val=0.9726 2ch=0.000 2cl=0.000 102s
 step  695000 loss=0.00197 bce=0.00197 lap=0.00 lam=0.0e+00 val=0.9730 2ch=0.000 2cl=0.000 102s
 step  700000 loss=0.00196 bce=0.00196 lap=0.00 lam=0.0e+00 val=0.9734 2ch=0.000 2cl=0.000 102s
 step  705000 loss=0.00195 bce=0.00195 lap=0.00 lam=0.0e+00 val=0.9742 2ch=0.000 2cl=0.000 102s
 step  710000 loss=0.00193 bce=0.00193 lap=0.00 lam=0.0e+00 val=0.9770 2ch=0.000 2cl=0.000 102s
 step  715000 loss=0.00192 bce=0.00192 lap=0.00 lam=0.0e+00 val=0.9736 2ch=0.000 2cl=0.000 102s
 step  720000 loss=0.00191 bce=0.00191 lap=0.00 lam=0.0e+00 val=0.9748 2ch=0.000 2cl=0.000 102s
 step  725000 loss=0.00189 bce=0.00189 lap=0.00 lam=0.0e+00 val=0.9750 2ch=0.000 2cl=0.000 102s
 step  730000 loss=0.00188 bce=0.00188 lap=0.00 lam=0.0e+00 val=0.9710 2ch=0.000 2cl=0.000 102s
 step  735000 loss=0.00187 bce=0.00187 lap=0.00 lam=0.0e+00 val=0.9768 2ch=0.000 2cl=0.000 102s
 step  740000 loss=0.00186 bce=0.00186 lap=0.00 lam=0.0e+00 val=0.9754 2ch=0.000 2cl=0.000 102s
 step  745000 loss=0.00185 bce=0.00185 lap=0.00 lam=0.0e+00 val=0.9764 2ch=0.000 2cl=0.000 102s
 step  750000 loss=0.00183 bce=0.00183 lap=0.00 lam=0.0e+00 val=0.9742 2ch=0.000 2cl=0.000 102s
 step  755000 loss=0.00182 bce=0.00182 lap=0.00 lam=0.0e+00 val=0.9750 2ch=0.000 2cl=0.000 102s
 step  760000 loss=0.00181 bce=0.00181 lap=0.00 lam=0.0e+00 val=0.9770 2ch=0.000 2cl=0.000 102s
 step  765000 loss=0.00181 bce=0.00181 lap=0.00 lam=0.0e+00 val=0.9744 2ch=0.000 2cl=0.000 102s
 step  770000 loss=0.00179 bce=0.00179 lap=0.00 lam=0.0e+00 val=0.9748 2ch=0.000 2cl=0.000 102s
 step  775000 loss=0.00179 bce=0.00179 lap=0.00 lam=0.0e+00 val=0.9782 2ch=0.000 2cl=0.000 102s
 step  780000 loss=0.00177 bce=0.00177 lap=0.00 lam=0.0e+00 val=0.9746 2ch=0.000 2cl=0.000 102s
 step  785000 loss=0.00177 bce=0.00177 lap=0.00 lam=0.0e+00 val=0.9756 2ch=0.000 2cl=0.000 102s
 step  790000 loss=0.00175 bce=0.00175 lap=0.00 lam=0.0e+00 val=0.9752 2ch=0.000 2cl=0.000 102s
 step  795000 loss=0.00174 bce=0.00174 lap=0.00 lam=0.0e+00 val=0.9752 2ch=0.000 2cl=0.000 102s
 step  800000 loss=0.00173 bce=0.00173 lap=0.00 lam=0.0e+00 val=0.9768 2ch=0.000 2cl=0.000 102s
 step  805000 loss=0.00172 bce=0.00172 lap=0.00 lam=0.0e+00 val=0.9776 2ch=0.000 2cl=0.000 102s
 step  810000 loss=0.00171 bce=0.00171 lap=0.00 lam=0.0e+00 val=0.9778 2ch=0.000 2cl=0.000 102s
 step  815000 loss=0.00170 bce=0.00170 lap=0.00 lam=0.0e+00 val=0.9774 2ch=0.000 2cl=0.000 102s
 step  820000 loss=0.00170 bce=0.00170 lap=0.00 lam=0.0e+00 val=0.9760 2ch=0.000 2cl=0.000 102s
 step  825000 loss=0.00169 bce=0.00169 lap=0.00 lam=0.0e+00 val=0.9768 2ch=0.000 2cl=0.000 102s
 step  830000 loss=0.00169 bce=0.00169 lap=0.00 lam=0.0e+00 val=0.9780 2ch=0.000 2cl=0.000 102s
 step  835000 loss=0.00168 bce=0.00168 lap=0.00 lam=0.0e+00 val=0.9772 2ch=0.000 2cl=0.000 102s
 step  840000 loss=0.00167 bce=0.00167 lap=0.00 lam=0.0e+00 val=0.9774 2ch=0.000 2cl=0.000 102s
 step  845000 loss=0.00167 bce=0.00167 lap=0.00 lam=0.0e+00 val=0.9770 2ch=0.000 2cl=0.000 102s
 step  850000 loss=0.00166 bce=0.00166 lap=0.00 lam=0.0e+00 val=0.9766 2ch=0.000 2cl=0.000 102s
 step  855000 loss=0.00166 bce=0.00166 lap=0.00 lam=0.0e+00 val=0.9772 2ch=0.000 2cl=0.000 102s
 step  860000 loss=0.00165 bce=0.00165 lap=0.00 lam=0.0e+00 val=0.9778 2ch=0.000 2cl=0.000 102s
 step  865000 loss=0.00164 bce=0.00164 lap=0.00 lam=0.0e+00 val=0.9788 2ch=0.000 2cl=0.000 102s
 step  870000 loss=0.00165 bce=0.00165 lap=0.00 lam=0.0e+00 val=0.9784 2ch=0.000 2cl=0.000 102s
 step  875000 loss=0.00163 bce=0.00163 lap=0.00 lam=0.0e+00 val=0.9776 2ch=0.000 2cl=0.000 102s
 step  880000 loss=0.00163 bce=0.00163 lap=0.00 lam=0.0e+00 val=0.9776 2ch=0.000 2cl=0.000 102s
 step  885000 loss=0.00162 bce=0.00162 lap=0.00 lam=0.0e+00 val=0.9774 2ch=0.000 2cl=0.000 102s
 step  890000 loss=0.00161 bce=0.00161 lap=0.00 lam=0.0e+00 val=0.9774 2ch=0.000 2cl=0.000 102s
 step  895000 loss=0.00161 bce=0.00161 lap=0.00 lam=0.0e+00 val=0.9774 2ch=0.000 2cl=0.000 102s
 step  900000 loss=0.00161 bce=0.00161 lap=0.00 lam=0.0e+00 val=0.9784 2ch=0.000 2cl=0.000 102s
 step  905000 loss=0.00161 bce=0.00161 lap=0.00 lam=0.0e+00 val=0.9784 2ch=0.000 2cl=0.000 102s
 step  910000 loss=0.00160 bce=0.00160 lap=0.00 lam=0.0e+00 val=0.9786 2ch=0.000 2cl=0.000 103s
 step  915000 loss=0.00160 bce=0.00160 lap=0.00 lam=0.0e+00 val=0.9786 2ch=0.000 2cl=0.000 102s
 step  920000 loss=0.00159 bce=0.00159 lap=0.00 lam=0.0e+00 val=0.9782 2ch=0.000 2cl=0.000 102s
 step  925000 loss=0.00160 bce=0.00160 lap=0.00 lam=0.0e+00 val=0.9784 2ch=0.000 2cl=0.000 102s
 step  930000 loss=0.00159 bce=0.00159 lap=0.00 lam=0.0e+00 val=0.9786 2ch=0.000 2cl=0.000 102s
 step  935000 loss=0.00159 bce=0.00159 lap=0.00 lam=0.0e+00 val=0.9784 2ch=0.000 2cl=0.000 102s
 step  940000 loss=0.00159 bce=0.00159 lap=0.00 lam=0.0e+00 val=0.9776 2ch=0.000 2cl=0.000 102s
 step  945000 loss=0.00159 bce=0.00159 lap=0.00 lam=0.0e+00 val=0.9784 2ch=0.000 2cl=0.000 102s
 step  950000 loss=0.00158 bce=0.00158 lap=0.00 lam=0.0e+00 val=0.9784 2ch=0.000 2cl=0.000 102s
 step  955000 loss=0.00158 bce=0.00158 lap=0.00 lam=0.0e+00 val=0.9784 2ch=0.000 2cl=0.000 102s
 step  960000 loss=0.00158 bce=0.00158 lap=0.00 lam=0.0e+00 val=0.9782 2ch=0.000 2cl=0.000 102s
 step  965000 loss=0.00159 bce=0.00159 lap=0.00 lam=0.0e+00 val=0.9784 2ch=0.000 2cl=0.000 102s
 step  970000 loss=0.00157 bce=0.00157 lap=0.00 lam=0.0e+00 val=0.9788 2ch=0.000 2cl=0.000 102s
 step  975000 loss=0.00158 bce=0.00158 lap=0.00 lam=0.0e+00 val=0.9782 2ch=0.000 2cl=0.000 102s
 step  980000 loss=0.00158 bce=0.00158 lap=0.00 lam=0.0e+00 val=0.9788 2ch=0.000 2cl=0.000 102s
 step  985000 loss=0.00157 bce=0.00157 lap=0.00 lam=0.0e+00 val=0.9784 2ch=0.000 2cl=0.000 102s
 step  990000 loss=0.00158 bce=0.00158 lap=0.00 lam=0.0e+00 val=0.9786 2ch=0.000 2cl=0.000 102s
 step  995000 loss=0.00158 bce=0.00158 lap=0.00 lam=0.0e+00 val=0.9784 2ch=0.000 2cl=0.000 102s
 step 1000000 loss=0.00158 bce=0.00158 lap=0.00 lam=0.0e+00 val=0.9784 2ch=0.000 2cl=0.000 102s
done. best in-dist exact=0.9788  -> runs/report6/a1_train/n64_er_roberta_similarity_lam0_seed1000
auto-eval multipath (similarity): runs/report6/a1_train/n64_er_roberta_similarity_lam0_seed1000/last.pt
checkpoint=runs/report6/a1_train/n64_er_roberta_similarity_lam0_seed1000/last.pt
  arch=roberta readout=similarity n=64 device=cuda
  k=1 ell= 3: pair=1.000 mat_exact=0.050 mat_pw=0.990 n_intact=1.00/1 (hist [0, 400])
  k=2 ell= 3: pair=1.000 mat_exact=0.325 mat_pw=0.997 n_intact=2.00/2 (hist [0, 0, 400])
  k=3 ell= 3: pair=1.000 mat_exact=0.438 mat_pw=0.997 n_intact=3.00/3 (hist [0, 0, 0, 400])
  k=4 ell= 3: pair=1.000 mat_exact=0.748 mat_pw=0.999 n_intact=4.00/4 (hist [0, 0, 0, 0, 400])
  k=1 ell= 5: pair=1.000 mat_exact=0.000 mat_pw=0.912 n_intact=1.00/1 (hist [0, 400])
  k=2 ell= 5: pair=1.000 mat_exact=0.000 mat_pw=0.701 n_intact=2.00/2 (hist [0, 0, 400])
  k=3 ell= 5: pair=1.000 mat_exact=0.000 mat_pw=0.847 n_intact=3.00/3 (hist [0, 0, 0, 400])
  k=4 ell= 5: pair=1.000 mat_exact=0.045 mat_pw=0.977 n_intact=4.00/4 (hist [0, 0, 0, 0, 400])
  k=1 ell= 7: pair=1.000 mat_exact=0.000 mat_pw=0.789 n_intact=1.00/1 (hist [0, 400])
  k=2 ell= 7: pair=1.000 mat_exact=0.000 mat_pw=0.599 n_intact=2.00/2 (hist [0, 0, 400])
  k=3 ell= 7: pair=1.000 mat_exact=0.000 mat_pw=0.719 n_intact=3.00/3 (hist [0, 0, 0, 400])
  k=4 ell= 7: pair=1.000 mat_exact=0.000 mat_pw=0.829 n_intact=4.00/4 (hist [0, 0, 0, 0, 400])
  k=1 ell= 9: pair=1.000 mat_exact=0.000 mat_pw=0.709 n_intact=1.00/1 (hist [0, 400])
  k=2 ell= 9: pair=1.000 mat_exact=0.000 mat_pw=0.569 n_intact=2.00/2 (hist [0, 0, 400])
  k=3 ell= 9: pair=1.000 mat_exact=0.000 mat_pw=0.539 n_intact=3.00/3 (hist [0, 0, 0, 400])
  k=4 ell= 9: pair=1.000 mat_exact=0.000 mat_pw=0.519 n_intact=4.00/4 (hist [0, 0, 0, 0, 400])
  k=1 ell=11: pair=1.000 mat_exact=0.000 mat_pw=0.651 n_intact=1.00/1 (hist [0, 400])
  k=2 ell=11: pair=1.000 mat_exact=0.000 mat_pw=0.515 n_intact=2.00/2 (hist [0, 0, 400])
  k=3 ell=11: pair=1.000 mat_exact=0.000 mat_pw=0.497 n_intact=3.00/3 (hist [0, 0, 0, 400])
  k=4 ell=11: pair=1.000 mat_exact=0.000 mat_pw=0.543 n_intact=4.00/4 (hist [0, 0, 0, 0, 400])
  k=1 ell=13: pair=1.000 mat_exact=0.000 mat_pw=0.601 n_intact=1.00/1 (hist [0, 400])
  k=2 ell=13: pair=1.000 mat_exact=0.000 mat_pw=0.497 n_intact=2.00/2 (hist [0, 0, 400])
  k=3 ell=13: pair=1.000 mat_exact=0.000 mat_pw=0.527 n_intact=3.00/3 (hist [0, 0, 0, 400])
  k=4 ell=13: pair=1.000 mat_exact=0.000 mat_pw=0.745 n_intact=4.00/4 (hist [0, 0, 0, 0, 400])
  k=1 ell=15: pair=1.000 mat_exact=0.000 mat_pw=0.589 n_intact=1.00/1 (hist [0, 400])
  k=2 ell=15: pair=1.000 mat_exact=0.000 mat_pw=0.497 n_intact=2.00/2 (hist [0, 0, 400])
  k=3 ell=15: pair=1.000 mat_exact=0.000 mat_pw=0.593 n_intact=3.00/3 (hist [0, 0, 0, 400])
  k=4 ell=15: pair=1.000 mat_exact=1.000 mat_pw=1.000 n_intact=4.00/4 (hist [0, 0, 0, 0, 400])
  k=1 ell=17: pair=1.000 mat_exact=0.000 mat_pw=0.570 n_intact=1.00/1 (hist [0, 400])
  k=2 ell=17: pair=1.000 mat_exact=0.000 mat_pw=0.513 n_intact=2.00/2 (hist [0, 0, 400])
  k=3 ell=17: pair=1.000 mat_exact=0.000 mat_pw=0.836 n_intact=3.00/3 (hist [0, 0, 0, 400])
  k=1 ell=19: pair=1.000 mat_exact=0.000 mat_pw=0.556 n_intact=1.00/1 (hist [0, 400])
  k=2 ell=19: pair=1.000 mat_exact=0.000 mat_pw=0.544 n_intact=2.00/2 (hist [0, 0, 400])
  k=3 ell=19: pair=1.000 mat_exact=0.545 mat_pw=1.000 n_intact=3.00/3 (hist [0, 0, 0, 400])
  saved -> runs/report6/multipath_sim/n64_er_seed1000/multipath.json
