task 6 -> families=path_union n=10 p=0.05 seed=3000
== n10_path_union_roberta_linear_lam0_seed3000 ==
 device=cuda arch=roberta readout=linear lambda=0.0 params=6,316,554
 step    5000 loss=0.06869 bce=0.06869 lap=0.00 lam=0.0e+00 val=0.9614 2ch=0.987 2cl=0.000 25s
 step   10000 loss=0.00636 bce=0.00636 lap=0.00 lam=0.0e+00 val=0.9998 2ch=1.000 2cl=0.000 25s
 step   15000 loss=0.00282 bce=0.00282 lap=0.00 lam=0.0e+00 val=1.0000 2ch=1.000 2cl=0.000 25s
 step   20000 loss=0.00174 bce=0.00174 lap=0.00 lam=0.0e+00 val=1.0000 2ch=1.000 2cl=0.000 25s
 step   25000 loss=0.00121 bce=0.00121 lap=0.00 lam=0.0e+00 val=1.0000 2ch=1.000 2cl=0.000 25s
 step   30000 loss=0.00089 bce=0.00089 lap=0.00 lam=0.0e+00 val=1.0000 2ch=1.000 2cl=0.000 24s
 step   35000 loss=0.00070 bce=0.00070 lap=0.00 lam=0.0e+00 val=1.0000 2ch=1.000 2cl=0.000 24s
 step   40000 loss=0.00058 bce=0.00058 lap=0.00 lam=0.0e+00 val=1.0000 2ch=1.000 2cl=0.000 24s
 step   45000 loss=0.00050 bce=0.00050 lap=0.00 lam=0.0e+00 val=1.0000 2ch=1.000 2cl=0.000 24s
 step   50000 loss=0.00044 bce=0.00044 lap=0.00 lam=0.0e+00 val=1.0000 2ch=1.000 2cl=0.000 24s
 step   55000 loss=0.00041 bce=0.00041 lap=0.00 lam=0.0e+00 val=1.0000 2ch=1.000 2cl=0.000 24s
 step   60000 loss=0.00038 bce=0.00038 lap=0.00 lam=0.0e+00 val=1.0000 2ch=1.000 2cl=0.000 25s
 step   65000 loss=0.00036 bce=0.00036 lap=0.00 lam=0.0e+00 val=1.0000 2ch=1.000 2cl=0.000 25s
 step   70000 loss=0.00034 bce=0.00034 lap=0.00 lam=0.0e+00 val=1.0000 2ch=1.000 2cl=0.000 24s
 step   75000 loss=0.00033 bce=0.00033 lap=0.00 lam=0.0e+00 val=1.0000 2ch=1.000 2cl=0.000 27s
 step   80000 loss=0.00031 bce=0.00031 lap=0.00 lam=0.0e+00 val=1.0000 2ch=1.000 2cl=0.000 24s
 step   85000 loss=0.00030 bce=0.00030 lap=0.00 lam=0.0e+00 val=1.0000 2ch=1.000 2cl=0.000 24s
 step   90000 loss=0.00029 bce=0.00029 lap=0.00 lam=0.0e+00 val=1.0000 2ch=1.000 2cl=0.000 25s
 step   95000 loss=0.00028 bce=0.00028 lap=0.00 lam=0.0e+00 val=1.0000 2ch=1.000 2cl=0.000 24s
 step  100000 loss=0.00027 bce=0.00027 lap=0.00 lam=0.0e+00 val=1.0000 2ch=1.000 2cl=0.000 25s
 step  105000 loss=0.00027 bce=0.00027 lap=0.00 lam=0.0e+00 val=1.0000 2ch=1.000 2cl=0.000 24s
 step  110000 loss=0.00026 bce=0.00026 lap=0.00 lam=0.0e+00 val=1.0000 2ch=1.000 2cl=0.000 24s
 step  115000 loss=0.00025 bce=0.00025 lap=0.00 lam=0.0e+00 val=1.0000 2ch=1.000 2cl=0.009 25s
 step  120000 loss=0.00025 bce=0.00025 lap=0.00 lam=0.0e+00 val=1.0000 2ch=1.000 2cl=0.000 25s
 step  125000 loss=0.00024 bce=0.00024 lap=0.00 lam=0.0e+00 val=1.0000 2ch=1.000 2cl=0.000 25s
 step  130000 loss=0.00024 bce=0.00024 lap=0.00 lam=0.0e+00 val=1.0000 2ch=1.000 2cl=0.000 25s
 step  135000 loss=0.00023 bce=0.00023 lap=0.00 lam=0.0e+00 val=1.0000 2ch=1.000 2cl=0.000 25s
 step  140000 loss=0.00022 bce=0.00022 lap=0.00 lam=0.0e+00 val=1.0000 2ch=1.000 2cl=0.000 25s
 step  145000 loss=0.00022 bce=0.00022 lap=0.00 lam=0.0e+00 val=1.0000 2ch=1.000 2cl=0.000 25s
 step  150000 loss=0.00022 bce=0.00022 lap=0.00 lam=0.0e+00 val=1.0000 2ch=1.000 2cl=0.007 25s
 step  155000 loss=0.00021 bce=0.00021 lap=0.00 lam=0.0e+00 val=1.0000 2ch=1.000 2cl=0.360 25s
 step  160000 loss=0.00021 bce=0.00021 lap=0.00 lam=0.0e+00 val=1.0000 2ch=1.000 2cl=0.007 25s
 step  165000 loss=0.00021 bce=0.00021 lap=0.00 lam=0.0e+00 val=1.0000 2ch=1.000 2cl=0.396 25s
 step  170000 loss=0.00021 bce=0.00021 lap=0.00 lam=0.0e+00 val=1.0000 2ch=1.000 2cl=0.122 24s
 step  175000 loss=0.00020 bce=0.00020 lap=0.00 lam=0.0e+00 val=1.0000 2ch=1.000 2cl=0.084 25s
 step  180000 loss=0.00019 bce=0.00019 lap=0.00 lam=0.0e+00 val=1.0000 2ch=1.000 2cl=0.073 25s
 step  185000 loss=0.00020 bce=0.00020 lap=0.00 lam=0.0e+00 val=1.0000 2ch=1.000 2cl=0.318 24s
 step  190000 loss=0.00019 bce=0.00019 lap=0.00 lam=0.0e+00 val=1.0000 2ch=1.000 2cl=0.968 25s
 step  195000 loss=0.00018 bce=0.00018 lap=0.00 lam=0.0e+00 val=1.0000 2ch=1.000 2cl=0.123 25s
 step  200000 loss=0.00019 bce=0.00019 lap=0.00 lam=0.0e+00 val=1.0000 2ch=1.000 2cl=0.150 25s
 step  205000 loss=0.00018 bce=0.00018 lap=0.00 lam=0.0e+00 val=1.0000 2ch=1.000 2cl=0.900 25s
 step  210000 loss=0.00018 bce=0.00018 lap=0.00 lam=0.0e+00 val=1.0000 2ch=1.000 2cl=0.345 25s
 step  215000 loss=0.00018 bce=0.00018 lap=0.00 lam=0.0e+00 val=1.0000 2ch=1.000 2cl=0.515 25s
 step  220000 loss=0.00018 bce=0.00018 lap=0.00 lam=0.0e+00 val=1.0000 2ch=1.000 2cl=0.866 24s
 step  225000 loss=0.00017 bce=0.00017 lap=0.00 lam=0.0e+00 val=1.0000 2ch=1.000 2cl=0.847 24s
 step  230000 loss=0.00017 bce=0.00017 lap=0.00 lam=0.0e+00 val=1.0000 2ch=1.000 2cl=1.000 25s
 step  235000 loss=0.00017 bce=0.00017 lap=0.00 lam=0.0e+00 val=1.0000 2ch=1.000 2cl=1.000 25s
 step  240000 loss=0.00017 bce=0.00017 lap=0.00 lam=0.0e+00 val=1.0000 2ch=1.000 2cl=1.000 25s
 step  245000 loss=0.00016 bce=0.00016 lap=0.00 lam=0.0e+00 val=1.0000 2ch=1.000 2cl=0.249 25s
 step  250000 loss=0.00016 bce=0.00016 lap=0.00 lam=0.0e+00 val=1.0000 2ch=1.000 2cl=0.375 25s
 step  255000 loss=0.00016 bce=0.00016 lap=0.00 lam=0.0e+00 val=1.0000 2ch=1.000 2cl=0.614 25s
 step  260000 loss=0.00016 bce=0.00016 lap=0.00 lam=0.0e+00 val=1.0000 2ch=1.000 2cl=0.544 25s
 step  265000 loss=0.00016 bce=0.00016 lap=0.00 lam=0.0e+00 val=1.0000 2ch=1.000 2cl=0.858 25s
 step  270000 loss=0.00016 bce=0.00016 lap=0.00 lam=0.0e+00 val=1.0000 2ch=1.000 2cl=0.979 25s
 step  275000 loss=0.00015 bce=0.00015 lap=0.00 lam=0.0e+00 val=1.0000 2ch=1.000 2cl=0.926 24s
 step  280000 loss=0.00015 bce=0.00015 lap=0.00 lam=0.0e+00 val=1.0000 2ch=1.000 2cl=1.000 25s
 step  285000 loss=0.00015 bce=0.00015 lap=0.00 lam=0.0e+00 val=1.0000 2ch=1.000 2cl=0.991 25s
 step  290000 loss=0.00015 bce=0.00015 lap=0.00 lam=0.0e+00 val=1.0000 2ch=1.000 2cl=0.773 25s
 step  295000 loss=0.00015 bce=0.00015 lap=0.00 lam=0.0e+00 val=1.0000 2ch=1.000 2cl=0.617 24s
 step  300000 loss=0.00014 bce=0.00014 lap=0.00 lam=0.0e+00 val=1.0000 2ch=1.000 2cl=0.238 25s
 step  305000 loss=0.00015 bce=0.00015 lap=0.00 lam=0.0e+00 val=1.0000 2ch=1.000 2cl=0.724 25s
 step  310000 loss=0.00015 bce=0.00015 lap=0.00 lam=0.0e+00 val=1.0000 2ch=1.000 2cl=0.841 25s
 step  315000 loss=0.00014 bce=0.00014 lap=0.00 lam=0.0e+00 val=1.0000 2ch=1.000 2cl=1.000 24s
 step  320000 loss=0.00014 bce=0.00014 lap=0.00 lam=0.0e+00 val=1.0000 2ch=1.000 2cl=0.993 25s
 step  325000 loss=0.00014 bce=0.00014 lap=0.00 lam=0.0e+00 val=1.0000 2ch=1.000 2cl=0.908 24s
 step  330000 loss=0.00014 bce=0.00014 lap=0.00 lam=0.0e+00 val=1.0000 2ch=1.000 2cl=0.942 25s
 step  335000 loss=0.00014 bce=0.00014 lap=0.00 lam=0.0e+00 val=1.0000 2ch=1.000 2cl=0.986 25s
 step  340000 loss=0.00014 bce=0.00014 lap=0.00 lam=0.0e+00 val=1.0000 2ch=1.000 2cl=1.000 24s
 step  345000 loss=0.00014 bce=0.00014 lap=0.00 lam=0.0e+00 val=1.0000 2ch=1.000 2cl=1.000 25s
 step  350000 loss=0.00014 bce=0.00014 lap=0.00 lam=0.0e+00 val=1.0000 2ch=1.000 2cl=0.985 25s
 step  355000 loss=0.00013 bce=0.00013 lap=0.00 lam=0.0e+00 val=1.0000 2ch=1.000 2cl=1.000 24s
 step  360000 loss=0.00013 bce=0.00013 lap=0.00 lam=0.0e+00 val=1.0000 2ch=1.000 2cl=0.994 25s
 step  365000 loss=0.00013 bce=0.00013 lap=0.00 lam=0.0e+00 val=1.0000 2ch=1.000 2cl=0.989 25s
 step  370000 loss=0.00013 bce=0.00013 lap=0.00 lam=0.0e+00 val=1.0000 2ch=1.000 2cl=0.991 25s
 step  375000 loss=0.00013 bce=0.00013 lap=0.00 lam=0.0e+00 val=1.0000 2ch=1.000 2cl=0.956 25s
 step  380000 loss=0.00013 bce=0.00013 lap=0.00 lam=0.0e+00 val=1.0000 2ch=1.000 2cl=0.958 25s
 step  385000 loss=0.00013 bce=0.00013 lap=0.00 lam=0.0e+00 val=1.0000 2ch=1.000 2cl=0.807 24s
 step  390000 loss=0.00013 bce=0.00013 lap=0.00 lam=0.0e+00 val=1.0000 2ch=1.000 2cl=1.000 25s
 step  395000 loss=0.00013 bce=0.00013 lap=0.00 lam=0.0e+00 val=1.0000 2ch=1.000 2cl=0.834 28s
 step  400000 loss=0.00013 bce=0.00013 lap=0.00 lam=0.0e+00 val=1.0000 2ch=1.000 2cl=1.000 24s
 step  405000 loss=0.00013 bce=0.00013 lap=0.00 lam=0.0e+00 val=1.0000 2ch=1.000 2cl=0.932 24s
 step  410000 loss=0.00012 bce=0.00012 lap=0.00 lam=0.0e+00 val=1.0000 2ch=1.000 2cl=0.982 24s
 step  415000 loss=0.00012 bce=0.00012 lap=0.00 lam=0.0e+00 val=1.0000 2ch=1.000 2cl=0.947 24s
 step  420000 loss=0.00012 bce=0.00012 lap=0.00 lam=0.0e+00 val=1.0000 2ch=1.000 2cl=0.801 24s
 step  425000 loss=0.00012 bce=0.00012 lap=0.00 lam=0.0e+00 val=1.0000 2ch=1.000 2cl=1.000 24s
 step  430000 loss=0.00012 bce=0.00012 lap=0.00 lam=0.0e+00 val=1.0000 2ch=1.000 2cl=0.922 25s
 step  435000 loss=0.00012 bce=0.00012 lap=0.00 lam=0.0e+00 val=1.0000 2ch=1.000 2cl=0.254 25s
 step  440000 loss=0.00012 bce=0.00012 lap=0.00 lam=0.0e+00 val=1.0000 2ch=1.000 2cl=1.000 24s
 step  445000 loss=0.00012 bce=0.00012 lap=0.00 lam=0.0e+00 val=1.0000 2ch=1.000 2cl=0.524 24s
 step  450000 loss=0.00012 bce=0.00012 lap=0.00 lam=0.0e+00 val=1.0000 2ch=1.000 2cl=0.464 25s
 step  455000 loss=0.00012 bce=0.00012 lap=0.00 lam=0.0e+00 val=1.0000 2ch=1.000 2cl=0.984 25s
 step  460000 loss=0.00011 bce=0.00011 lap=0.00 lam=0.0e+00 val=1.0000 2ch=1.000 2cl=0.597 25s
 step  465000 loss=0.00011 bce=0.00011 lap=0.00 lam=0.0e+00 val=1.0000 2ch=1.000 2cl=0.654 25s
 step  470000 loss=0.00011 bce=0.00011 lap=0.00 lam=0.0e+00 val=1.0000 2ch=1.000 2cl=0.882 24s
 step  475000 loss=0.00010 bce=0.00010 lap=0.00 lam=0.0e+00 val=1.0000 2ch=1.000 2cl=0.472 24s
 step  480000 loss=0.00009 bce=0.00009 lap=0.00 lam=0.0e+00 val=1.0000 2ch=1.000 2cl=0.000 25s
 step  485000 loss=0.00008 bce=0.00008 lap=0.00 lam=0.0e+00 val=1.0000 2ch=1.000 2cl=0.000 24s
 step  490000 loss=0.00007 bce=0.00007 lap=0.00 lam=0.0e+00 val=1.0000 2ch=1.000 2cl=0.000 25s
 step  495000 loss=0.00007 bce=0.00007 lap=0.00 lam=0.0e+00 val=1.0000 2ch=1.000 2cl=0.000 25s
 step  500000 loss=0.00007 bce=0.00007 lap=0.00 lam=0.0e+00 val=1.0000 2ch=1.000 2cl=0.000 24s
 step  505000 loss=0.00007 bce=0.00007 lap=0.00 lam=0.0e+00 val=1.0000 2ch=1.000 2cl=0.000 25s
 step  510000 loss=0.00007 bce=0.00007 lap=0.00 lam=0.0e+00 val=1.0000 2ch=1.000 2cl=0.000 24s
 step  515000 loss=0.00007 bce=0.00007 lap=0.00 lam=0.0e+00 val=1.0000 2ch=1.000 2cl=0.000 24s
 step  520000 loss=0.00007 bce=0.00007 lap=0.00 lam=0.0e+00 val=1.0000 2ch=1.000 2cl=0.000 24s
 step  525000 loss=0.00006 bce=0.00006 lap=0.00 lam=0.0e+00 val=1.0000 2ch=1.000 2cl=0.031 25s
 step  530000 loss=0.00006 bce=0.00006 lap=0.00 lam=0.0e+00 val=1.0000 2ch=1.000 2cl=0.000 24s
 step  535000 loss=0.00006 bce=0.00006 lap=0.00 lam=0.0e+00 val=1.0000 2ch=1.000 2cl=0.007 24s
 step  540000 loss=0.00006 bce=0.00006 lap=0.00 lam=0.0e+00 val=1.0000 2ch=1.000 2cl=0.235 25s
 step  545000 loss=0.00006 bce=0.00006 lap=0.00 lam=0.0e+00 val=1.0000 2ch=1.000 2cl=0.086 24s
 step  550000 loss=0.00006 bce=0.00006 lap=0.00 lam=0.0e+00 val=1.0000 2ch=1.000 2cl=0.239 24s
 step  555000 loss=0.00006 bce=0.00006 lap=0.00 lam=0.0e+00 val=1.0000 2ch=1.000 2cl=0.103 25s
 step  560000 loss=0.00006 bce=0.00006 lap=0.00 lam=0.0e+00 val=1.0000 2ch=1.000 2cl=0.040 25s
 step  565000 loss=0.00006 bce=0.00006 lap=0.00 lam=0.0e+00 val=1.0000 2ch=1.000 2cl=0.130 25s
 step  570000 loss=0.00006 bce=0.00006 lap=0.00 lam=0.0e+00 val=1.0000 2ch=1.000 2cl=0.085 25s
 step  575000 loss=0.00006 bce=0.00006 lap=0.00 lam=0.0e+00 val=1.0000 2ch=1.000 2cl=0.093 24s
 step  580000 loss=0.00006 bce=0.00006 lap=0.00 lam=0.0e+00 val=1.0000 2ch=1.000 2cl=0.241 24s
 step  585000 loss=0.00006 bce=0.00006 lap=0.00 lam=0.0e+00 val=1.0000 2ch=1.000 2cl=0.109 25s
 step  590000 loss=0.00006 bce=0.00006 lap=0.00 lam=0.0e+00 val=1.0000 2ch=1.000 2cl=0.256 24s
 step  595000 loss=0.00006 bce=0.00006 lap=0.00 lam=0.0e+00 val=1.0000 2ch=1.000 2cl=0.138 25s
 step  600000 loss=0.00006 bce=0.00006 lap=0.00 lam=0.0e+00 val=1.0000 2ch=1.000 2cl=0.220 25s
 step  605000 loss=0.00006 bce=0.00006 lap=0.00 lam=0.0e+00 val=1.0000 2ch=1.000 2cl=0.055 25s
 step  610000 loss=0.00005 bce=0.00005 lap=0.00 lam=0.0e+00 val=1.0000 2ch=1.000 2cl=0.303 25s
 step  615000 loss=0.00005 bce=0.00005 lap=0.00 lam=0.0e+00 val=1.0000 2ch=1.000 2cl=0.097 25s
 step  620000 loss=0.00005 bce=0.00005 lap=0.00 lam=0.0e+00 val=1.0000 2ch=1.000 2cl=0.486 25s
 step  625000 loss=0.00005 bce=0.00005 lap=0.00 lam=0.0e+00 val=1.0000 2ch=1.000 2cl=0.334 25s
 step  630000 loss=0.00005 bce=0.00005 lap=0.00 lam=0.0e+00 val=1.0000 2ch=1.000 2cl=0.527 25s
 step  635000 loss=0.00005 bce=0.00005 lap=0.00 lam=0.0e+00 val=1.0000 2ch=1.000 2cl=0.402 24s
 step  640000 loss=0.00005 bce=0.00005 lap=0.00 lam=0.0e+00 val=1.0000 2ch=1.000 2cl=0.829 25s
 step  645000 loss=0.00005 bce=0.00005 lap=0.00 lam=0.0e+00 val=1.0000 2ch=1.000 2cl=0.205 24s
 step  650000 loss=0.00005 bce=0.00005 lap=0.00 lam=0.0e+00 val=1.0000 2ch=1.000 2cl=0.627 25s
 step  655000 loss=0.00005 bce=0.00005 lap=0.00 lam=0.0e+00 val=1.0000 2ch=1.000 2cl=0.145 25s
 step  660000 loss=0.00005 bce=0.00005 lap=0.00 lam=0.0e+00 val=1.0000 2ch=1.000 2cl=0.149 24s
 step  665000 loss=0.00005 bce=0.00005 lap=0.00 lam=0.0e+00 val=1.0000 2ch=1.000 2cl=0.730 25s
 step  670000 loss=0.00005 bce=0.00005 lap=0.00 lam=0.0e+00 val=1.0000 2ch=1.000 2cl=0.234 25s
 step  675000 loss=0.00005 bce=0.00005 lap=0.00 lam=0.0e+00 val=1.0000 2ch=1.000 2cl=0.808 24s
 step  680000 loss=0.00005 bce=0.00005 lap=0.00 lam=0.0e+00 val=1.0000 2ch=1.000 2cl=0.683 24s
 step  685000 loss=0.00005 bce=0.00005 lap=0.00 lam=0.0e+00 val=1.0000 2ch=1.000 2cl=0.946 24s
 step  690000 loss=0.00005 bce=0.00005 lap=0.00 lam=0.0e+00 val=1.0000 2ch=1.000 2cl=0.736 24s
 step  695000 loss=0.00005 bce=0.00005 lap=0.00 lam=0.0e+00 val=1.0000 2ch=1.000 2cl=0.488 24s
 step  700000 loss=0.00005 bce=0.00005 lap=0.00 lam=0.0e+00 val=1.0000 2ch=1.000 2cl=0.647 25s
 step  705000 loss=0.00005 bce=0.00005 lap=0.00 lam=0.0e+00 val=1.0000 2ch=1.000 2cl=0.661 25s
 step  710000 loss=0.00005 bce=0.00005 lap=0.00 lam=0.0e+00 val=1.0000 2ch=1.000 2cl=0.898 25s
 step  715000 loss=0.00005 bce=0.00005 lap=0.00 lam=0.0e+00 val=1.0000 2ch=1.000 2cl=0.419 24s
 step  720000 loss=0.00005 bce=0.00005 lap=0.00 lam=0.0e+00 val=1.0000 2ch=1.000 2cl=0.712 25s
 step  725000 loss=0.00004 bce=0.00004 lap=0.00 lam=0.0e+00 val=1.0000 2ch=1.000 2cl=0.556 24s
 step  730000 loss=0.00005 bce=0.00005 lap=0.00 lam=0.0e+00 val=1.0000 2ch=1.000 2cl=0.804 25s
 step  735000 loss=0.00005 bce=0.00005 lap=0.00 lam=0.0e+00 val=1.0000 2ch=1.000 2cl=0.734 25s
 step  740000 loss=0.00004 bce=0.00004 lap=0.00 lam=0.0e+00 val=1.0000 2ch=1.000 2cl=0.963 24s
 step  745000 loss=0.00005 bce=0.00005 lap=0.00 lam=0.0e+00 val=1.0000 2ch=1.000 2cl=0.977 25s
 step  750000 loss=0.00004 bce=0.00004 lap=0.00 lam=0.0e+00 val=1.0000 2ch=1.000 2cl=0.919 24s
 step  755000 loss=0.00004 bce=0.00004 lap=0.00 lam=0.0e+00 val=1.0000 2ch=1.000 2cl=0.836 25s
 step  760000 loss=0.00004 bce=0.00004 lap=0.00 lam=0.0e+00 val=1.0000 2ch=1.000 2cl=0.868 25s
 step  765000 loss=0.00004 bce=0.00004 lap=0.00 lam=0.0e+00 val=1.0000 2ch=1.000 2cl=0.498 25s
 step  770000 loss=0.00004 bce=0.00004 lap=0.00 lam=0.0e+00 val=1.0000 2ch=1.000 2cl=0.727 25s
 step  775000 loss=0.00004 bce=0.00004 lap=0.00 lam=0.0e+00 val=1.0000 2ch=1.000 2cl=0.578 24s
 step  780000 loss=0.00004 bce=0.00004 lap=0.00 lam=0.0e+00 val=1.0000 2ch=1.000 2cl=0.854 24s
 step  785000 loss=0.00004 bce=0.00004 lap=0.00 lam=0.0e+00 val=1.0000 2ch=1.000 2cl=0.806 25s
 step  790000 loss=0.00004 bce=0.00004 lap=0.00 lam=0.0e+00 val=1.0000 2ch=1.000 2cl=0.964 25s
 step  795000 loss=0.00004 bce=0.00004 lap=0.00 lam=0.0e+00 val=1.0000 2ch=1.000 2cl=0.853 25s
 step  800000 loss=0.00004 bce=0.00004 lap=0.00 lam=0.0e+00 val=1.0000 2ch=1.000 2cl=0.884 24s
 step  805000 loss=0.00004 bce=0.00004 lap=0.00 lam=0.0e+00 val=1.0000 2ch=1.000 2cl=0.931 24s
 step  810000 loss=0.00004 bce=0.00004 lap=0.00 lam=0.0e+00 val=1.0000 2ch=1.000 2cl=0.852 26s
 step  815000 loss=0.00004 bce=0.00004 lap=0.00 lam=0.0e+00 val=1.0000 2ch=1.000 2cl=0.906 25s
 step  820000 loss=0.00004 bce=0.00004 lap=0.00 lam=0.0e+00 val=1.0000 2ch=1.000 2cl=0.950 25s
 step  825000 loss=0.00004 bce=0.00004 lap=0.00 lam=0.0e+00 val=1.0000 2ch=1.000 2cl=0.894 25s
 step  830000 loss=0.00004 bce=0.00004 lap=0.00 lam=0.0e+00 val=1.0000 2ch=1.000 2cl=0.812 25s
 step  835000 loss=0.00004 bce=0.00004 lap=0.00 lam=0.0e+00 val=1.0000 2ch=1.000 2cl=0.829 24s
 step  840000 loss=0.00004 bce=0.00004 lap=0.00 lam=0.0e+00 val=1.0000 2ch=1.000 2cl=0.819 25s
 step  845000 loss=0.00004 bce=0.00004 lap=0.00 lam=0.0e+00 val=1.0000 2ch=1.000 2cl=0.867 25s
 step  850000 loss=0.00004 bce=0.00004 lap=0.00 lam=0.0e+00 val=1.0000 2ch=1.000 2cl=0.876 25s
 step  855000 loss=0.00004 bce=0.00004 lap=0.00 lam=0.0e+00 val=1.0000 2ch=1.000 2cl=0.948 25s
 step  860000 loss=0.00004 bce=0.00004 lap=0.00 lam=0.0e+00 val=1.0000 2ch=1.000 2cl=0.916 25s
 step  865000 loss=0.00004 bce=0.00004 lap=0.00 lam=0.0e+00 val=1.0000 2ch=1.000 2cl=0.947 25s
 step  870000 loss=0.00004 bce=0.00004 lap=0.00 lam=0.0e+00 val=1.0000 2ch=1.000 2cl=0.899 25s
 step  875000 loss=0.00004 bce=0.00004 lap=0.00 lam=0.0e+00 val=1.0000 2ch=1.000 2cl=0.828 25s
 step  880000 loss=0.00004 bce=0.00004 lap=0.00 lam=0.0e+00 val=1.0000 2ch=1.000 2cl=0.876 25s
 step  885000 loss=0.00004 bce=0.00004 lap=0.00 lam=0.0e+00 val=1.0000 2ch=1.000 2cl=0.895 25s
 step  890000 loss=0.00004 bce=0.00004 lap=0.00 lam=0.0e+00 val=1.0000 2ch=1.000 2cl=0.810 25s
 step  895000 loss=0.00004 bce=0.00004 lap=0.00 lam=0.0e+00 val=1.0000 2ch=1.000 2cl=0.827 25s
 step  900000 loss=0.00004 bce=0.00004 lap=0.00 lam=0.0e+00 val=1.0000 2ch=1.000 2cl=0.840 24s
 step  905000 loss=0.00004 bce=0.00004 lap=0.00 lam=0.0e+00 val=1.0000 2ch=1.000 2cl=0.888 25s
 step  910000 loss=0.00004 bce=0.00004 lap=0.00 lam=0.0e+00 val=1.0000 2ch=1.000 2cl=0.903 25s
 step  915000 loss=0.00004 bce=0.00004 lap=0.00 lam=0.0e+00 val=1.0000 2ch=1.000 2cl=0.886 25s
 step  920000 loss=0.00004 bce=0.00004 lap=0.00 lam=0.0e+00 val=1.0000 2ch=1.000 2cl=0.894 25s
 step  925000 loss=0.00004 bce=0.00004 lap=0.00 lam=0.0e+00 val=1.0000 2ch=1.000 2cl=0.879 25s
 step  930000 loss=0.00004 bce=0.00004 lap=0.00 lam=0.0e+00 val=1.0000 2ch=1.000 2cl=0.850 25s
 step  935000 loss=0.00004 bce=0.00004 lap=0.00 lam=0.0e+00 val=1.0000 2ch=1.000 2cl=0.839 25s
 step  940000 loss=0.00004 bce=0.00004 lap=0.00 lam=0.0e+00 val=1.0000 2ch=1.000 2cl=0.850 24s
 step  945000 loss=0.00004 bce=0.00004 lap=0.00 lam=0.0e+00 val=1.0000 2ch=1.000 2cl=0.843 25s
 step  950000 loss=0.00004 bce=0.00004 lap=0.00 lam=0.0e+00 val=1.0000 2ch=1.000 2cl=0.840 25s
 step  955000 loss=0.00004 bce=0.00004 lap=0.00 lam=0.0e+00 val=1.0000 2ch=1.000 2cl=0.840 25s
 step  960000 loss=0.00004 bce=0.00004 lap=0.00 lam=0.0e+00 val=1.0000 2ch=1.000 2cl=0.846 25s
 step  965000 loss=0.00004 bce=0.00004 lap=0.00 lam=0.0e+00 val=1.0000 2ch=1.000 2cl=0.865 25s
 step  970000 loss=0.00004 bce=0.00004 lap=0.00 lam=0.0e+00 val=1.0000 2ch=1.000 2cl=0.858 25s
 step  975000 loss=0.00004 bce=0.00004 lap=0.00 lam=0.0e+00 val=1.0000 2ch=1.000 2cl=0.858 25s
 step  980000 loss=0.00004 bce=0.00004 lap=0.00 lam=0.0e+00 val=1.0000 2ch=1.000 2cl=0.865 24s
 step  985000 loss=0.00004 bce=0.00004 lap=0.00 lam=0.0e+00 val=1.0000 2ch=1.000 2cl=0.873 25s
 step  990000 loss=0.00004 bce=0.00004 lap=0.00 lam=0.0e+00 val=1.0000 2ch=1.000 2cl=0.858 25s
 step  995000 loss=0.00004 bce=0.00004 lap=0.00 lam=0.0e+00 val=1.0000 2ch=1.000 2cl=0.873 25s
 step 1000000 loss=0.00004 bce=0.00004 lap=0.00 lam=0.0e+00 val=1.0000 2ch=1.000 2cl=0.873 25s
done. best in-dist exact=1.0000  -> runs/report6/a1_train/n10_path_union_roberta_linear_lam0_seed3000
auto-eval multipath: runs/report6/a1_train/n10_path_union_roberta_linear_lam0_seed3000/last.pt
checkpoint=runs/report6/a1_train/n10_path_union_roberta_linear_lam0_seed3000/last.pt
  arch=roberta readout=linear n=10 device=cuda
  k=1 ell= 3: pair=0.988 mat_exact=0.000 mat_pw=0.647 n_intact=0.75/1 (hist [99, 301])
  k=2 ell= 3: pair=1.000 mat_exact=0.938 mat_pw=1.000 n_intact=2.00/2 (hist [0, 0, 400])
  k=3 ell= 3: pair=1.000 mat_exact=1.000 mat_pw=1.000 n_intact=3.00/3 (hist [0, 0, 0, 400])
  k=4 ell= 3: pair=1.000 mat_exact=1.000 mat_pw=1.000 n_intact=4.00/4 (hist [0, 0, 0, 0, 400])
  saved -> runs/report6/multipath/n10_pathunion_seed3000/multipath.json
