task 4 -> families=path_union n=10 p=0.05 seed=1000
== n10_path_union_roberta_linear_lam0_seed1000 ==
 device=cuda arch=roberta readout=linear lambda=0.0 params=6,316,554
 step    5000 loss=0.06449 bce=0.06449 lap=0.00 lam=0.0e+00 val=1.0000 2ch=1.000 2cl=0.000 25s
 step   10000 loss=0.00628 bce=0.00628 lap=0.00 lam=0.0e+00 val=1.0000 2ch=1.000 2cl=0.000 24s
 step   15000 loss=0.00280 bce=0.00280 lap=0.00 lam=0.0e+00 val=1.0000 2ch=1.000 2cl=0.000 24s
 step   20000 loss=0.00173 bce=0.00173 lap=0.00 lam=0.0e+00 val=1.0000 2ch=1.000 2cl=0.000 24s
 step   25000 loss=0.00119 bce=0.00119 lap=0.00 lam=0.0e+00 val=1.0000 2ch=1.000 2cl=0.000 24s
 step   30000 loss=0.00090 bce=0.00090 lap=0.00 lam=0.0e+00 val=1.0000 2ch=1.000 2cl=0.000 25s
 step   35000 loss=0.00070 bce=0.00070 lap=0.00 lam=0.0e+00 val=1.0000 2ch=1.000 2cl=0.000 23s
 step   40000 loss=0.00058 bce=0.00058 lap=0.00 lam=0.0e+00 val=1.0000 2ch=1.000 2cl=0.000 24s
 step   45000 loss=0.00051 bce=0.00051 lap=0.00 lam=0.0e+00 val=1.0000 2ch=1.000 2cl=0.000 24s
 step   50000 loss=0.00046 bce=0.00046 lap=0.00 lam=0.0e+00 val=1.0000 2ch=1.000 2cl=0.000 24s
 step   55000 loss=0.00042 bce=0.00042 lap=0.00 lam=0.0e+00 val=1.0000 2ch=1.000 2cl=0.000 23s
 step   60000 loss=0.00039 bce=0.00039 lap=0.00 lam=0.0e+00 val=1.0000 2ch=1.000 2cl=0.000 24s
 step   65000 loss=0.00037 bce=0.00037 lap=0.00 lam=0.0e+00 val=1.0000 2ch=1.000 2cl=0.000 24s
 step   70000 loss=0.00034 bce=0.00034 lap=0.00 lam=0.0e+00 val=1.0000 2ch=1.000 2cl=0.000 24s
 step   75000 loss=0.00033 bce=0.00033 lap=0.00 lam=0.0e+00 val=1.0000 2ch=1.000 2cl=0.000 24s
 step   80000 loss=0.00032 bce=0.00032 lap=0.00 lam=0.0e+00 val=1.0000 2ch=1.000 2cl=0.000 24s
 step   85000 loss=0.00030 bce=0.00030 lap=0.00 lam=0.0e+00 val=1.0000 2ch=1.000 2cl=0.000 24s
 step   90000 loss=0.00030 bce=0.00030 lap=0.00 lam=0.0e+00 val=1.0000 2ch=1.000 2cl=0.000 24s
 step   95000 loss=0.00028 bce=0.00028 lap=0.00 lam=0.0e+00 val=1.0000 2ch=1.000 2cl=0.000 24s
 step  100000 loss=0.00028 bce=0.00028 lap=0.00 lam=0.0e+00 val=1.0000 2ch=1.000 2cl=0.000 24s
 step  105000 loss=0.00027 bce=0.00027 lap=0.00 lam=0.0e+00 val=1.0000 2ch=1.000 2cl=0.000 24s
 step  110000 loss=0.00026 bce=0.00026 lap=0.00 lam=0.0e+00 val=1.0000 2ch=1.000 2cl=0.000 25s
 step  115000 loss=0.00025 bce=0.00025 lap=0.00 lam=0.0e+00 val=1.0000 2ch=1.000 2cl=0.000 24s
 step  120000 loss=0.00025 bce=0.00025 lap=0.00 lam=0.0e+00 val=1.0000 2ch=1.000 2cl=0.000 24s
 step  125000 loss=0.00024 bce=0.00024 lap=0.00 lam=0.0e+00 val=1.0000 2ch=1.000 2cl=0.000 24s
 step  130000 loss=0.00023 bce=0.00023 lap=0.00 lam=0.0e+00 val=1.0000 2ch=1.000 2cl=0.000 24s
 step  135000 loss=0.00023 bce=0.00023 lap=0.00 lam=0.0e+00 val=1.0000 2ch=1.000 2cl=0.000 25s
 step  140000 loss=0.00022 bce=0.00022 lap=0.00 lam=0.0e+00 val=1.0000 2ch=1.000 2cl=0.004 25s
 step  145000 loss=0.00022 bce=0.00022 lap=0.00 lam=0.0e+00 val=1.0000 2ch=1.000 2cl=0.000 24s
 step  150000 loss=0.00022 bce=0.00022 lap=0.00 lam=0.0e+00 val=1.0000 2ch=1.000 2cl=0.000 24s
 step  155000 loss=0.00022 bce=0.00022 lap=0.00 lam=0.0e+00 val=1.0000 2ch=1.000 2cl=0.011 24s
 step  160000 loss=0.00021 bce=0.00021 lap=0.00 lam=0.0e+00 val=1.0000 2ch=1.000 2cl=0.000 24s
 step  165000 loss=0.00020 bce=0.00020 lap=0.00 lam=0.0e+00 val=1.0000 2ch=1.000 2cl=0.326 24s
 step  170000 loss=0.00020 bce=0.00020 lap=0.00 lam=0.0e+00 val=1.0000 2ch=1.000 2cl=0.023 24s
 step  175000 loss=0.00020 bce=0.00020 lap=0.00 lam=0.0e+00 val=1.0000 2ch=1.000 2cl=0.000 24s
 step  180000 loss=0.00019 bce=0.00019 lap=0.00 lam=0.0e+00 val=1.0000 2ch=1.000 2cl=0.000 24s
 step  185000 loss=0.00019 bce=0.00019 lap=0.00 lam=0.0e+00 val=1.0000 2ch=1.000 2cl=0.061 25s
 step  190000 loss=0.00019 bce=0.00019 lap=0.00 lam=0.0e+00 val=1.0000 2ch=1.000 2cl=0.048 24s
 step  195000 loss=0.00018 bce=0.00018 lap=0.00 lam=0.0e+00 val=1.0000 2ch=1.000 2cl=0.671 24s
 step  200000 loss=0.00018 bce=0.00018 lap=0.00 lam=0.0e+00 val=1.0000 2ch=1.000 2cl=0.831 24s
 step  205000 loss=0.00018 bce=0.00018 lap=0.00 lam=0.0e+00 val=1.0000 2ch=1.000 2cl=0.958 24s
 step  210000 loss=0.00017 bce=0.00017 lap=0.00 lam=0.0e+00 val=1.0000 2ch=1.000 2cl=0.331 24s
 step  215000 loss=0.00017 bce=0.00017 lap=0.00 lam=0.0e+00 val=1.0000 2ch=1.000 2cl=0.526 24s
 step  220000 loss=0.00017 bce=0.00017 lap=0.00 lam=0.0e+00 val=1.0000 2ch=1.000 2cl=0.105 24s
 step  225000 loss=0.00017 bce=0.00017 lap=0.00 lam=0.0e+00 val=1.0000 2ch=1.000 2cl=0.756 24s
 step  230000 loss=0.00017 bce=0.00017 lap=0.00 lam=0.0e+00 val=1.0000 2ch=1.000 2cl=0.917 24s
 step  235000 loss=0.00016 bce=0.00016 lap=0.00 lam=0.0e+00 val=1.0000 2ch=1.000 2cl=0.970 24s
 step  240000 loss=0.00016 bce=0.00016 lap=0.00 lam=0.0e+00 val=1.0000 2ch=1.000 2cl=1.000 25s
 step  245000 loss=0.00016 bce=0.00016 lap=0.00 lam=0.0e+00 val=1.0000 2ch=1.000 2cl=0.409 24s
 step  250000 loss=0.00016 bce=0.00016 lap=0.00 lam=0.0e+00 val=1.0000 2ch=1.000 2cl=0.954 24s
 step  255000 loss=0.00016 bce=0.00016 lap=0.00 lam=0.0e+00 val=1.0000 2ch=1.000 2cl=0.858 24s
 step  260000 loss=0.00015 bce=0.00015 lap=0.00 lam=0.0e+00 val=1.0000 2ch=1.000 2cl=0.500 24s
 step  265000 loss=0.00016 bce=0.00016 lap=0.00 lam=0.0e+00 val=1.0000 2ch=1.000 2cl=1.000 24s
 step  270000 loss=0.00015 bce=0.00015 lap=0.00 lam=0.0e+00 val=1.0000 2ch=1.000 2cl=0.935 24s
 step  275000 loss=0.00015 bce=0.00015 lap=0.00 lam=0.0e+00 val=1.0000 2ch=1.000 2cl=0.235 24s
 step  280000 loss=0.00015 bce=0.00015 lap=0.00 lam=0.0e+00 val=1.0000 2ch=1.000 2cl=0.102 24s
 step  285000 loss=0.00015 bce=0.00015 lap=0.00 lam=0.0e+00 val=1.0000 2ch=1.000 2cl=0.761 24s
 step  290000 loss=0.00015 bce=0.00015 lap=0.00 lam=0.0e+00 val=1.0000 2ch=1.000 2cl=0.609 24s
 step  295000 loss=0.00014 bce=0.00014 lap=0.00 lam=0.0e+00 val=1.0000 2ch=1.000 2cl=0.000 24s
 step  300000 loss=0.00014 bce=0.00014 lap=0.00 lam=0.0e+00 val=1.0000 2ch=1.000 2cl=0.006 24s
 step  305000 loss=0.00014 bce=0.00014 lap=0.00 lam=0.0e+00 val=1.0000 2ch=1.000 2cl=0.000 24s
 step  310000 loss=0.00014 bce=0.00014 lap=0.00 lam=0.0e+00 val=1.0000 2ch=1.000 2cl=0.000 24s
 step  315000 loss=0.00014 bce=0.00014 lap=0.00 lam=0.0e+00 val=1.0000 2ch=1.000 2cl=0.000 25s
 step  320000 loss=0.00014 bce=0.00014 lap=0.00 lam=0.0e+00 val=1.0000 2ch=1.000 2cl=0.000 24s
 step  325000 loss=0.00014 bce=0.00014 lap=0.00 lam=0.0e+00 val=1.0000 2ch=1.000 2cl=0.140 24s
 step  330000 loss=0.00014 bce=0.00014 lap=0.00 lam=0.0e+00 val=1.0000 2ch=1.000 2cl=0.007 24s
 step  335000 loss=0.00013 bce=0.00013 lap=0.00 lam=0.0e+00 val=1.0000 2ch=1.000 2cl=0.399 24s
 step  340000 loss=0.00013 bce=0.00013 lap=0.00 lam=0.0e+00 val=1.0000 2ch=1.000 2cl=0.394 24s
 step  345000 loss=0.00013 bce=0.00013 lap=0.00 lam=0.0e+00 val=1.0000 2ch=1.000 2cl=0.000 24s
 step  350000 loss=0.00013 bce=0.00013 lap=0.00 lam=0.0e+00 val=1.0000 2ch=1.000 2cl=0.007 25s
 step  355000 loss=0.00012 bce=0.00012 lap=0.00 lam=0.0e+00 val=1.0000 2ch=1.000 2cl=0.000 24s
 step  360000 loss=0.00012 bce=0.00012 lap=0.00 lam=0.0e+00 val=1.0000 2ch=1.000 2cl=0.000 25s
 step  365000 loss=0.00012 bce=0.00012 lap=0.00 lam=0.0e+00 val=1.0000 2ch=1.000 2cl=0.000 24s
 step  370000 loss=0.00012 bce=0.00012 lap=0.00 lam=0.0e+00 val=1.0000 2ch=1.000 2cl=0.000 24s
 step  375000 loss=0.00010 bce=0.00010 lap=0.00 lam=0.0e+00 val=1.0000 2ch=1.000 2cl=0.000 24s
 step  380000 loss=0.00009 bce=0.00009 lap=0.00 lam=0.0e+00 val=1.0000 2ch=1.000 2cl=0.000 24s
 step  385000 loss=0.00008 bce=0.00008 lap=0.00 lam=0.0e+00 val=1.0000 2ch=1.000 2cl=0.000 24s
 step  390000 loss=0.00008 bce=0.00008 lap=0.00 lam=0.0e+00 val=1.0000 2ch=1.000 2cl=0.000 24s
 step  395000 loss=0.00008 bce=0.00008 lap=0.00 lam=0.0e+00 val=1.0000 2ch=1.000 2cl=0.000 24s
 step  400000 loss=0.00008 bce=0.00008 lap=0.00 lam=0.0e+00 val=1.0000 2ch=1.000 2cl=0.021 24s
 step  405000 loss=0.00008 bce=0.00008 lap=0.00 lam=0.0e+00 val=1.0000 2ch=1.000 2cl=0.277 24s
 step  410000 loss=0.00008 bce=0.00008 lap=0.00 lam=0.0e+00 val=1.0000 2ch=1.000 2cl=0.135 25s
 step  415000 loss=0.00007 bce=0.00007 lap=0.00 lam=0.0e+00 val=1.0000 2ch=1.000 2cl=0.000 24s
 step  420000 loss=0.00007 bce=0.00007 lap=0.00 lam=0.0e+00 val=1.0000 2ch=1.000 2cl=0.017 24s
 step  425000 loss=0.00007 bce=0.00007 lap=0.00 lam=0.0e+00 val=1.0000 2ch=1.000 2cl=0.000 24s
 step  430000 loss=0.00007 bce=0.00007 lap=0.00 lam=0.0e+00 val=1.0000 2ch=1.000 2cl=0.108 23s
 step  435000 loss=0.00007 bce=0.00007 lap=0.00 lam=0.0e+00 val=1.0000 2ch=1.000 2cl=0.000 24s
 step  440000 loss=0.00007 bce=0.00007 lap=0.00 lam=0.0e+00 val=1.0000 2ch=1.000 2cl=0.000 24s
 step  445000 loss=0.00007 bce=0.00007 lap=0.00 lam=0.0e+00 val=1.0000 2ch=1.000 2cl=0.000 24s
 step  450000 loss=0.00007 bce=0.00007 lap=0.00 lam=0.0e+00 val=1.0000 2ch=1.000 2cl=0.101 24s
 step  455000 loss=0.00007 bce=0.00007 lap=0.00 lam=0.0e+00 val=1.0000 2ch=1.000 2cl=0.000 24s
 step  460000 loss=0.00007 bce=0.00007 lap=0.00 lam=0.0e+00 val=1.0000 2ch=1.000 2cl=0.011 24s
 step  465000 loss=0.00007 bce=0.00007 lap=0.00 lam=0.0e+00 val=1.0000 2ch=1.000 2cl=0.000 23s
 step  470000 loss=0.00007 bce=0.00007 lap=0.00 lam=0.0e+00 val=1.0000 2ch=1.000 2cl=0.000 24s
 step  475000 loss=0.00006 bce=0.00006 lap=0.00 lam=0.0e+00 val=1.0000 2ch=1.000 2cl=0.000 24s
 step  480000 loss=0.00006 bce=0.00006 lap=0.00 lam=0.0e+00 val=1.0000 2ch=1.000 2cl=0.000 25s
 step  485000 loss=0.00006 bce=0.00006 lap=0.00 lam=0.0e+00 val=1.0000 2ch=1.000 2cl=0.000 24s
 step  490000 loss=0.00006 bce=0.00006 lap=0.00 lam=0.0e+00 val=1.0000 2ch=1.000 2cl=0.000 24s
 step  495000 loss=0.00006 bce=0.00006 lap=0.00 lam=0.0e+00 val=1.0000 2ch=1.000 2cl=0.040 24s
 step  500000 loss=0.00006 bce=0.00006 lap=0.00 lam=0.0e+00 val=1.0000 2ch=1.000 2cl=0.877 25s
 step  505000 loss=0.00006 bce=0.00006 lap=0.00 lam=0.0e+00 val=1.0000 2ch=1.000 2cl=0.000 24s
 step  510000 loss=0.00006 bce=0.00006 lap=0.00 lam=0.0e+00 val=1.0000 2ch=1.000 2cl=0.000 24s
 step  515000 loss=0.00006 bce=0.00006 lap=0.00 lam=0.0e+00 val=1.0000 2ch=1.000 2cl=0.000 24s
 step  520000 loss=0.00006 bce=0.00006 lap=0.00 lam=0.0e+00 val=1.0000 2ch=1.000 2cl=0.241 24s
 step  525000 loss=0.00006 bce=0.00006 lap=0.00 lam=0.0e+00 val=1.0000 2ch=1.000 2cl=0.006 24s
 step  530000 loss=0.00006 bce=0.00006 lap=0.00 lam=0.0e+00 val=1.0000 2ch=1.000 2cl=0.762 24s
 step  535000 loss=0.00006 bce=0.00006 lap=0.00 lam=0.0e+00 val=1.0000 2ch=1.000 2cl=0.344 24s
 step  540000 loss=0.00006 bce=0.00006 lap=0.00 lam=0.0e+00 val=1.0000 2ch=1.000 2cl=0.217 24s
 step  545000 loss=0.00006 bce=0.00006 lap=0.00 lam=0.0e+00 val=1.0000 2ch=1.000 2cl=0.622 24s
 step  550000 loss=0.00006 bce=0.00006 lap=0.00 lam=0.0e+00 val=1.0000 2ch=1.000 2cl=0.891 24s
 step  555000 loss=0.00006 bce=0.00006 lap=0.00 lam=0.0e+00 val=1.0000 2ch=1.000 2cl=0.139 24s
 step  560000 loss=0.00006 bce=0.00006 lap=0.00 lam=0.0e+00 val=1.0000 2ch=1.000 2cl=0.000 24s
 step  565000 loss=0.00005 bce=0.00005 lap=0.00 lam=0.0e+00 val=1.0000 2ch=1.000 2cl=0.000 24s
 step  570000 loss=0.00005 bce=0.00005 lap=0.00 lam=0.0e+00 val=1.0000 2ch=1.000 2cl=0.060 24s
 step  575000 loss=0.00005 bce=0.00005 lap=0.00 lam=0.0e+00 val=1.0000 2ch=1.000 2cl=0.145 24s
 step  580000 loss=0.00005 bce=0.00005 lap=0.00 lam=0.0e+00 val=1.0000 2ch=1.000 2cl=0.062 24s
 step  585000 loss=0.00005 bce=0.00005 lap=0.00 lam=0.0e+00 val=1.0000 2ch=1.000 2cl=0.008 25s
 step  590000 loss=0.00005 bce=0.00005 lap=0.00 lam=0.0e+00 val=1.0000 2ch=1.000 2cl=0.000 24s
 step  595000 loss=0.00005 bce=0.00005 lap=0.00 lam=0.0e+00 val=1.0000 2ch=1.000 2cl=0.000 24s
 step  600000 loss=0.00005 bce=0.00005 lap=0.00 lam=0.0e+00 val=1.0000 2ch=1.000 2cl=0.000 24s
 step  605000 loss=0.00005 bce=0.00005 lap=0.00 lam=0.0e+00 val=1.0000 2ch=1.000 2cl=0.000 24s
 step  610000 loss=0.00005 bce=0.00005 lap=0.00 lam=0.0e+00 val=1.0000 2ch=1.000 2cl=0.000 24s
 step  615000 loss=0.00005 bce=0.00005 lap=0.00 lam=0.0e+00 val=1.0000 2ch=1.000 2cl=0.081 24s
 step  620000 loss=0.00005 bce=0.00005 lap=0.00 lam=0.0e+00 val=1.0000 2ch=1.000 2cl=0.144 24s
 step  625000 loss=0.00005 bce=0.00005 lap=0.00 lam=0.0e+00 val=1.0000 2ch=1.000 2cl=0.000 24s
 step  630000 loss=0.00005 bce=0.00005 lap=0.00 lam=0.0e+00 val=1.0000 2ch=1.000 2cl=0.000 24s
 step  635000 loss=0.00005 bce=0.00005 lap=0.00 lam=0.0e+00 val=1.0000 2ch=1.000 2cl=0.000 24s
 step  640000 loss=0.00005 bce=0.00005 lap=0.00 lam=0.0e+00 val=1.0000 2ch=1.000 2cl=0.000 25s
 step  645000 loss=0.00005 bce=0.00005 lap=0.00 lam=0.0e+00 val=1.0000 2ch=1.000 2cl=0.000 24s
 step  650000 loss=0.00005 bce=0.00005 lap=0.00 lam=0.0e+00 val=1.0000 2ch=1.000 2cl=0.000 25s
 step  655000 loss=0.00005 bce=0.00005 lap=0.00 lam=0.0e+00 val=1.0000 2ch=1.000 2cl=0.000 24s
 step  660000 loss=0.00005 bce=0.00005 lap=0.00 lam=0.0e+00 val=1.0000 2ch=1.000 2cl=0.000 24s
 step  665000 loss=0.00005 bce=0.00005 lap=0.00 lam=0.0e+00 val=1.0000 2ch=1.000 2cl=0.000 25s
 step  670000 loss=0.00005 bce=0.00005 lap=0.00 lam=0.0e+00 val=1.0000 2ch=1.000 2cl=0.008 25s
 step  675000 loss=0.00005 bce=0.00005 lap=0.00 lam=0.0e+00 val=1.0000 2ch=1.000 2cl=0.061 25s
 step  680000 loss=0.00005 bce=0.00005 lap=0.00 lam=0.0e+00 val=1.0000 2ch=1.000 2cl=0.238 24s
 step  685000 loss=0.00005 bce=0.00005 lap=0.00 lam=0.0e+00 val=1.0000 2ch=1.000 2cl=0.000 24s
 step  690000 loss=0.00004 bce=0.00004 lap=0.00 lam=0.0e+00 val=1.0000 2ch=1.000 2cl=0.000 25s
 step  695000 loss=0.00004 bce=0.00004 lap=0.00 lam=0.0e+00 val=1.0000 2ch=1.000 2cl=0.000 24s
 step  700000 loss=0.00004 bce=0.00004 lap=0.00 lam=0.0e+00 val=1.0000 2ch=1.000 2cl=0.000 25s
 step  705000 loss=0.00005 bce=0.00005 lap=0.00 lam=0.0e+00 val=1.0000 2ch=1.000 2cl=0.000 24s
 step  710000 loss=0.00004 bce=0.00004 lap=0.00 lam=0.0e+00 val=1.0000 2ch=1.000 2cl=0.000 24s
 step  715000 loss=0.00004 bce=0.00004 lap=0.00 lam=0.0e+00 val=1.0000 2ch=1.000 2cl=0.000 24s
 step  720000 loss=0.00004 bce=0.00004 lap=0.00 lam=0.0e+00 val=1.0000 2ch=1.000 2cl=0.000 24s
 step  725000 loss=0.00004 bce=0.00004 lap=0.00 lam=0.0e+00 val=1.0000 2ch=1.000 2cl=0.000 25s
 step  730000 loss=0.00004 bce=0.00004 lap=0.00 lam=0.0e+00 val=1.0000 2ch=1.000 2cl=0.000 23s
 step  735000 loss=0.00004 bce=0.00004 lap=0.00 lam=0.0e+00 val=1.0000 2ch=1.000 2cl=0.000 24s
 step  740000 loss=0.00004 bce=0.00004 lap=0.00 lam=0.0e+00 val=1.0000 2ch=1.000 2cl=0.000 24s
 step  745000 loss=0.00004 bce=0.00004 lap=0.00 lam=0.0e+00 val=1.0000 2ch=1.000 2cl=0.017 24s
 step  750000 loss=0.00004 bce=0.00004 lap=0.00 lam=0.0e+00 val=1.0000 2ch=1.000 2cl=0.000 24s
 step  755000 loss=0.00004 bce=0.00004 lap=0.00 lam=0.0e+00 val=1.0000 2ch=1.000 2cl=0.000 24s
 step  760000 loss=0.00004 bce=0.00004 lap=0.00 lam=0.0e+00 val=1.0000 2ch=1.000 2cl=0.000 24s
 step  765000 loss=0.00004 bce=0.00004 lap=0.00 lam=0.0e+00 val=1.0000 2ch=1.000 2cl=0.000 24s
 step  770000 loss=0.00004 bce=0.00004 lap=0.00 lam=0.0e+00 val=1.0000 2ch=1.000 2cl=0.008 24s
 step  775000 loss=0.00004 bce=0.00004 lap=0.00 lam=0.0e+00 val=1.0000 2ch=1.000 2cl=0.000 24s
 step  780000 loss=0.00004 bce=0.00004 lap=0.00 lam=0.0e+00 val=1.0000 2ch=1.000 2cl=0.061 24s
 step  785000 loss=0.00004 bce=0.00004 lap=0.00 lam=0.0e+00 val=1.0000 2ch=1.000 2cl=0.504 24s
 step  790000 loss=0.00004 bce=0.00004 lap=0.00 lam=0.0e+00 val=1.0000 2ch=1.000 2cl=0.000 24s
 step  795000 loss=0.00004 bce=0.00004 lap=0.00 lam=0.0e+00 val=1.0000 2ch=1.000 2cl=0.000 24s
 step  800000 loss=0.00004 bce=0.00004 lap=0.00 lam=0.0e+00 val=1.0000 2ch=1.000 2cl=0.000 24s
 step  805000 loss=0.00004 bce=0.00004 lap=0.00 lam=0.0e+00 val=1.0000 2ch=1.000 2cl=0.044 24s
 step  810000 loss=0.00004 bce=0.00004 lap=0.00 lam=0.0e+00 val=1.0000 2ch=1.000 2cl=0.000 24s
 step  815000 loss=0.00004 bce=0.00004 lap=0.00 lam=0.0e+00 val=1.0000 2ch=1.000 2cl=0.008 24s
 step  820000 loss=0.00004 bce=0.00004 lap=0.00 lam=0.0e+00 val=1.0000 2ch=1.000 2cl=0.000 23s
 step  825000 loss=0.00004 bce=0.00004 lap=0.00 lam=0.0e+00 val=1.0000 2ch=1.000 2cl=0.021 24s
 step  830000 loss=0.00004 bce=0.00004 lap=0.00 lam=0.0e+00 val=1.0000 2ch=1.000 2cl=0.103 24s
 step  835000 loss=0.00004 bce=0.00004 lap=0.00 lam=0.0e+00 val=1.0000 2ch=1.000 2cl=0.021 24s
 step  840000 loss=0.00004 bce=0.00004 lap=0.00 lam=0.0e+00 val=1.0000 2ch=1.000 2cl=0.200 24s
 step  845000 loss=0.00004 bce=0.00004 lap=0.00 lam=0.0e+00 val=1.0000 2ch=1.000 2cl=0.076 25s
 step  850000 loss=0.00004 bce=0.00004 lap=0.00 lam=0.0e+00 val=1.0000 2ch=1.000 2cl=0.037 24s
 step  855000 loss=0.00004 bce=0.00004 lap=0.00 lam=0.0e+00 val=1.0000 2ch=1.000 2cl=0.103 24s
 step  860000 loss=0.00004 bce=0.00004 lap=0.00 lam=0.0e+00 val=1.0000 2ch=1.000 2cl=0.027 25s
 step  865000 loss=0.00004 bce=0.00004 lap=0.00 lam=0.0e+00 val=1.0000 2ch=1.000 2cl=0.000 25s
 step  870000 loss=0.00004 bce=0.00004 lap=0.00 lam=0.0e+00 val=1.0000 2ch=1.000 2cl=0.014 24s
 step  875000 loss=0.00004 bce=0.00004 lap=0.00 lam=0.0e+00 val=1.0000 2ch=1.000 2cl=0.000 24s
 step  880000 loss=0.00004 bce=0.00004 lap=0.00 lam=0.0e+00 val=1.0000 2ch=1.000 2cl=0.022 24s
 step  885000 loss=0.00004 bce=0.00004 lap=0.00 lam=0.0e+00 val=1.0000 2ch=1.000 2cl=0.022 24s
 step  890000 loss=0.00004 bce=0.00004 lap=0.00 lam=0.0e+00 val=1.0000 2ch=1.000 2cl=0.000 24s
 step  895000 loss=0.00004 bce=0.00004 lap=0.00 lam=0.0e+00 val=1.0000 2ch=1.000 2cl=0.000 24s
 step  900000 loss=0.00004 bce=0.00004 lap=0.00 lam=0.0e+00 val=1.0000 2ch=1.000 2cl=0.008 24s
 step  905000 loss=0.00004 bce=0.00004 lap=0.00 lam=0.0e+00 val=1.0000 2ch=1.000 2cl=0.027 24s
 step  910000 loss=0.00004 bce=0.00004 lap=0.00 lam=0.0e+00 val=1.0000 2ch=1.000 2cl=0.027 24s
 step  915000 loss=0.00004 bce=0.00004 lap=0.00 lam=0.0e+00 val=1.0000 2ch=1.000 2cl=0.027 24s
 step  920000 loss=0.00004 bce=0.00004 lap=0.00 lam=0.0e+00 val=1.0000 2ch=1.000 2cl=0.008 24s
 step  925000 loss=0.00004 bce=0.00004 lap=0.00 lam=0.0e+00 val=1.0000 2ch=1.000 2cl=0.034 24s
 step  930000 loss=0.00004 bce=0.00004 lap=0.00 lam=0.0e+00 val=1.0000 2ch=1.000 2cl=0.027 25s
 step  935000 loss=0.00004 bce=0.00004 lap=0.00 lam=0.0e+00 val=1.0000 2ch=1.000 2cl=0.020 24s
 step  940000 loss=0.00004 bce=0.00004 lap=0.00 lam=0.0e+00 val=1.0000 2ch=1.000 2cl=0.020 24s
 step  945000 loss=0.00004 bce=0.00004 lap=0.00 lam=0.0e+00 val=1.0000 2ch=1.000 2cl=0.006 24s
 step  950000 loss=0.00004 bce=0.00004 lap=0.00 lam=0.0e+00 val=1.0000 2ch=1.000 2cl=0.000 24s
 step  955000 loss=0.00004 bce=0.00004 lap=0.00 lam=0.0e+00 val=1.0000 2ch=1.000 2cl=0.000 24s
 step  960000 loss=0.00004 bce=0.00004 lap=0.00 lam=0.0e+00 val=1.0000 2ch=1.000 2cl=0.000 24s
 step  965000 loss=0.00004 bce=0.00004 lap=0.00 lam=0.0e+00 val=1.0000 2ch=1.000 2cl=0.000 24s
 step  970000 loss=0.00004 bce=0.00004 lap=0.00 lam=0.0e+00 val=1.0000 2ch=1.000 2cl=0.000 24s
 step  975000 loss=0.00004 bce=0.00004 lap=0.00 lam=0.0e+00 val=1.0000 2ch=1.000 2cl=0.000 24s
 step  980000 loss=0.00004 bce=0.00004 lap=0.00 lam=0.0e+00 val=1.0000 2ch=1.000 2cl=0.000 24s
 step  985000 loss=0.00004 bce=0.00004 lap=0.00 lam=0.0e+00 val=1.0000 2ch=1.000 2cl=0.000 24s
 step  990000 loss=0.00004 bce=0.00004 lap=0.00 lam=0.0e+00 val=1.0000 2ch=1.000 2cl=0.000 24s
 step  995000 loss=0.00004 bce=0.00004 lap=0.00 lam=0.0e+00 val=1.0000 2ch=1.000 2cl=0.000 24s
 step 1000000 loss=0.00003 bce=0.00003 lap=0.00 lam=0.0e+00 val=1.0000 2ch=1.000 2cl=0.000 24s
done. best in-dist exact=1.0000  -> runs/report6/a1_train/n10_path_union_roberta_linear_lam0_seed1000
auto-eval multipath: runs/report6/a1_train/n10_path_union_roberta_linear_lam0_seed1000/last.pt
checkpoint=runs/report6/a1_train/n10_path_union_roberta_linear_lam0_seed1000/last.pt
  arch=roberta readout=linear n=10 device=cuda
  k=1 ell= 3: pair=1.000 mat_exact=0.020 mat_pw=0.880 n_intact=0.94/1 (hist [25, 375])
  k=2 ell= 3: pair=1.000 mat_exact=0.985 mat_pw=1.000 n_intact=2.00/2 (hist [0, 0, 400])
  k=3 ell= 3: pair=1.000 mat_exact=1.000 mat_pw=1.000 n_intact=3.00/3 (hist [0, 0, 0, 400])
  k=4 ell= 3: pair=1.000 mat_exact=1.000 mat_pw=1.000 n_intact=4.00/4 (hist [0, 0, 0, 0, 400])
  saved -> runs/report6/multipath/n10_pathunion_seed1000/multipath.json
