task 11 -> families=path_union n=20 p=0.05 seed=4000
== n20_path_union_roberta_linear_lam0_seed4000 ==
 device=cuda arch=roberta readout=linear lambda=0.0 params=6,326,804
 step    5000 loss=0.30897 bce=0.30897 lap=0.00 lam=0.0e+00 val=0.2672 2ch=0.000 2cl=0.000 32s
 step   10000 loss=0.15547 bce=0.15547 lap=0.00 lam=0.0e+00 val=0.3650 2ch=0.000 2cl=0.000 32s
 step   15000 loss=0.10443 bce=0.10443 lap=0.00 lam=0.0e+00 val=0.5236 2ch=0.000 2cl=0.000 32s
 step   20000 loss=0.06660 bce=0.06660 lap=0.00 lam=0.0e+00 val=0.6976 2ch=0.000 2cl=0.000 32s
 step   25000 loss=0.04526 bce=0.04526 lap=0.00 lam=0.0e+00 val=0.7778 2ch=0.000 2cl=0.000 32s
 step   30000 loss=0.03581 bce=0.03581 lap=0.00 lam=0.0e+00 val=0.7866 2ch=0.000 2cl=0.000 33s
 step   35000 loss=0.03097 bce=0.03097 lap=0.00 lam=0.0e+00 val=0.8048 2ch=0.000 2cl=0.000 33s
 step   40000 loss=0.02788 bce=0.02788 lap=0.00 lam=0.0e+00 val=0.8102 2ch=0.003 2cl=0.000 32s
 step   45000 loss=0.02566 bce=0.02566 lap=0.00 lam=0.0e+00 val=0.8294 2ch=0.013 2cl=0.000 32s
 step   50000 loss=0.02391 bce=0.02391 lap=0.00 lam=0.0e+00 val=0.8406 2ch=0.135 2cl=0.000 32s
 step   55000 loss=0.02258 bce=0.02258 lap=0.00 lam=0.0e+00 val=0.8342 2ch=0.293 2cl=0.000 32s
 step   60000 loss=0.02147 bce=0.02147 lap=0.00 lam=0.0e+00 val=0.8422 2ch=0.474 2cl=0.000 32s
 step   65000 loss=0.02057 bce=0.02057 lap=0.00 lam=0.0e+00 val=0.8460 2ch=0.646 2cl=0.000 32s
 step   70000 loss=0.01980 bce=0.01980 lap=0.00 lam=0.0e+00 val=0.8478 2ch=0.795 2cl=0.000 32s
 step   75000 loss=0.01917 bce=0.01917 lap=0.00 lam=0.0e+00 val=0.8546 2ch=0.800 2cl=0.000 32s
 step   80000 loss=0.01857 bce=0.01857 lap=0.00 lam=0.0e+00 val=0.8554 2ch=0.906 2cl=0.000 33s
 step   85000 loss=0.01809 bce=0.01809 lap=0.00 lam=0.0e+00 val=0.8548 2ch=0.930 2cl=0.000 32s
 step   90000 loss=0.01768 bce=0.01768 lap=0.00 lam=0.0e+00 val=0.8574 2ch=0.938 2cl=0.000 32s
 step   95000 loss=0.01727 bce=0.01727 lap=0.00 lam=0.0e+00 val=0.8616 2ch=0.938 2cl=0.000 33s
 step  100000 loss=0.01689 bce=0.01689 lap=0.00 lam=0.0e+00 val=0.8634 2ch=0.987 2cl=0.000 33s
 step  105000 loss=0.01656 bce=0.01656 lap=0.00 lam=0.0e+00 val=0.8612 2ch=0.948 2cl=0.000 33s
 step  110000 loss=0.01624 bce=0.01624 lap=0.00 lam=0.0e+00 val=0.8688 2ch=0.987 2cl=0.000 32s
 step  115000 loss=0.01594 bce=0.01594 lap=0.00 lam=0.0e+00 val=0.8702 2ch=0.978 2cl=0.000 33s
 step  120000 loss=0.01565 bce=0.01565 lap=0.00 lam=0.0e+00 val=0.8672 2ch=0.991 2cl=0.000 32s
 step  125000 loss=0.01528 bce=0.01528 lap=0.00 lam=0.0e+00 val=0.8684 2ch=0.992 2cl=0.000 32s
 step  130000 loss=0.01498 bce=0.01498 lap=0.00 lam=0.0e+00 val=0.8724 2ch=0.975 2cl=0.000 32s
 step  135000 loss=0.01461 bce=0.01461 lap=0.00 lam=0.0e+00 val=0.8804 2ch=0.999 2cl=0.000 32s
 step  140000 loss=0.01426 bce=0.01426 lap=0.00 lam=0.0e+00 val=0.8806 2ch=0.998 2cl=0.000 33s
 step  145000 loss=0.01390 bce=0.01390 lap=0.00 lam=0.0e+00 val=0.8814 2ch=0.997 2cl=0.000 33s
 step  150000 loss=0.01357 bce=0.01357 lap=0.00 lam=0.0e+00 val=0.8870 2ch=0.992 2cl=0.000 33s
 step  155000 loss=0.01325 bce=0.01325 lap=0.00 lam=0.0e+00 val=0.8880 2ch=0.998 2cl=0.000 33s
 step  160000 loss=0.01293 bce=0.01293 lap=0.00 lam=0.0e+00 val=0.8916 2ch=0.995 2cl=0.000 32s
 step  165000 loss=0.01262 bce=0.01262 lap=0.00 lam=0.0e+00 val=0.8978 2ch=0.998 2cl=0.000 32s
 step  170000 loss=0.01231 bce=0.01231 lap=0.00 lam=0.0e+00 val=0.8994 2ch=0.995 2cl=0.000 33s
 step  175000 loss=0.01192 bce=0.01192 lap=0.00 lam=0.0e+00 val=0.9102 2ch=0.995 2cl=0.000 32s
 step  180000 loss=0.01148 bce=0.01148 lap=0.00 lam=0.0e+00 val=0.9160 2ch=0.992 2cl=0.000 32s
 step  185000 loss=0.01106 bce=0.01106 lap=0.00 lam=0.0e+00 val=0.9188 2ch=0.997 2cl=0.000 32s
 step  190000 loss=0.01064 bce=0.01064 lap=0.00 lam=0.0e+00 val=0.9196 2ch=0.996 2cl=0.000 32s
 step  195000 loss=0.01021 bce=0.01021 lap=0.00 lam=0.0e+00 val=0.9198 2ch=0.998 2cl=0.000 32s
 step  200000 loss=0.00982 bce=0.00982 lap=0.00 lam=0.0e+00 val=0.9238 2ch=0.967 2cl=0.000 33s
 step  205000 loss=0.00937 bce=0.00937 lap=0.00 lam=0.0e+00 val=0.9254 2ch=0.978 2cl=0.000 32s
 step  210000 loss=0.00895 bce=0.00895 lap=0.00 lam=0.0e+00 val=0.9292 2ch=0.986 2cl=0.000 32s
 step  215000 loss=0.00858 bce=0.00858 lap=0.00 lam=0.0e+00 val=0.9360 2ch=0.955 2cl=0.000 32s
 step  220000 loss=0.00827 bce=0.00827 lap=0.00 lam=0.0e+00 val=0.9396 2ch=0.956 2cl=0.000 32s
 step  225000 loss=0.00798 bce=0.00798 lap=0.00 lam=0.0e+00 val=0.9432 2ch=0.978 2cl=0.000 32s
 step  230000 loss=0.00775 bce=0.00775 lap=0.00 lam=0.0e+00 val=0.9452 2ch=0.984 2cl=0.000 32s
 step  235000 loss=0.00753 bce=0.00753 lap=0.00 lam=0.0e+00 val=0.9480 2ch=0.975 2cl=0.000 33s
 step  240000 loss=0.00733 bce=0.00733 lap=0.00 lam=0.0e+00 val=0.9528 2ch=0.980 2cl=0.000 33s
 step  245000 loss=0.00714 bce=0.00714 lap=0.00 lam=0.0e+00 val=0.9538 2ch=0.970 2cl=0.000 32s
 step  250000 loss=0.00697 bce=0.00697 lap=0.00 lam=0.0e+00 val=0.9562 2ch=0.979 2cl=0.000 32s
 step  255000 loss=0.00678 bce=0.00678 lap=0.00 lam=0.0e+00 val=0.9582 2ch=0.979 2cl=0.000 32s
 step  260000 loss=0.00649 bce=0.00649 lap=0.00 lam=0.0e+00 val=0.9608 2ch=0.974 2cl=0.000 32s
 step  265000 loss=0.00631 bce=0.00631 lap=0.00 lam=0.0e+00 val=0.9624 2ch=0.975 2cl=0.000 32s
 step  270000 loss=0.00617 bce=0.00617 lap=0.00 lam=0.0e+00 val=0.9674 2ch=0.975 2cl=0.000 33s
 step  275000 loss=0.00601 bce=0.00601 lap=0.00 lam=0.0e+00 val=0.9666 2ch=0.983 2cl=0.000 32s
 step  280000 loss=0.00588 bce=0.00588 lap=0.00 lam=0.0e+00 val=0.9708 2ch=0.965 2cl=0.000 32s
 step  285000 loss=0.00575 bce=0.00575 lap=0.00 lam=0.0e+00 val=0.9696 2ch=0.982 2cl=0.000 32s
 step  290000 loss=0.00563 bce=0.00563 lap=0.00 lam=0.0e+00 val=0.9732 2ch=0.979 2cl=0.000 32s
 step  295000 loss=0.00545 bce=0.00545 lap=0.00 lam=0.0e+00 val=0.9736 2ch=0.973 2cl=0.000 33s
 step  300000 loss=0.00528 bce=0.00528 lap=0.00 lam=0.0e+00 val=0.9758 2ch=0.980 2cl=0.000 32s
 step  305000 loss=0.00514 bce=0.00514 lap=0.00 lam=0.0e+00 val=0.9732 2ch=0.972 2cl=0.000 33s
 step  310000 loss=0.00503 bce=0.00503 lap=0.00 lam=0.0e+00 val=0.9768 2ch=0.973 2cl=0.000 32s
 step  315000 loss=0.00493 bce=0.00493 lap=0.00 lam=0.0e+00 val=0.9760 2ch=0.992 2cl=0.000 32s
 step  320000 loss=0.00484 bce=0.00484 lap=0.00 lam=0.0e+00 val=0.9798 2ch=0.983 2cl=0.000 32s
 step  325000 loss=0.00475 bce=0.00475 lap=0.00 lam=0.0e+00 val=0.9770 2ch=0.982 2cl=0.000 33s
 step  330000 loss=0.00468 bce=0.00468 lap=0.00 lam=0.0e+00 val=0.9788 2ch=0.978 2cl=0.000 32s
 step  335000 loss=0.00460 bce=0.00460 lap=0.00 lam=0.0e+00 val=0.9784 2ch=0.987 2cl=0.000 33s
 step  340000 loss=0.00452 bce=0.00452 lap=0.00 lam=0.0e+00 val=0.9812 2ch=0.981 2cl=0.000 33s
 step  345000 loss=0.00447 bce=0.00447 lap=0.00 lam=0.0e+00 val=0.9798 2ch=0.976 2cl=0.000 33s
 step  350000 loss=0.00440 bce=0.00440 lap=0.00 lam=0.0e+00 val=0.9800 2ch=0.994 2cl=0.000 33s
 step  355000 loss=0.00434 bce=0.00434 lap=0.00 lam=0.0e+00 val=0.9794 2ch=0.991 2cl=0.000 32s
 step  360000 loss=0.00428 bce=0.00428 lap=0.00 lam=0.0e+00 val=0.9820 2ch=0.991 2cl=0.000 33s
 step  365000 loss=0.00424 bce=0.00424 lap=0.00 lam=0.0e+00 val=0.9810 2ch=0.992 2cl=0.000 33s
 step  370000 loss=0.00418 bce=0.00418 lap=0.00 lam=0.0e+00 val=0.9808 2ch=0.992 2cl=0.000 33s
 step  375000 loss=0.00413 bce=0.00413 lap=0.00 lam=0.0e+00 val=0.9842 2ch=0.993 2cl=0.000 33s
 step  380000 loss=0.00408 bce=0.00408 lap=0.00 lam=0.0e+00 val=0.9834 2ch=0.987 2cl=0.000 32s
 step  385000 loss=0.00403 bce=0.00403 lap=0.00 lam=0.0e+00 val=0.9844 2ch=0.990 2cl=0.000 32s
 step  390000 loss=0.00399 bce=0.00399 lap=0.00 lam=0.0e+00 val=0.9824 2ch=0.995 2cl=0.000 32s
 step  395000 loss=0.00395 bce=0.00395 lap=0.00 lam=0.0e+00 val=0.9846 2ch=0.993 2cl=0.000 32s
 step  400000 loss=0.00390 bce=0.00390 lap=0.00 lam=0.0e+00 val=0.9840 2ch=0.991 2cl=0.000 32s
 step  405000 loss=0.00386 bce=0.00386 lap=0.00 lam=0.0e+00 val=0.9836 2ch=0.996 2cl=0.000 32s
 step  410000 loss=0.00382 bce=0.00382 lap=0.00 lam=0.0e+00 val=0.9848 2ch=0.992 2cl=0.000 32s
 step  415000 loss=0.00378 bce=0.00378 lap=0.00 lam=0.0e+00 val=0.9862 2ch=0.993 2cl=0.000 32s
 step  420000 loss=0.00375 bce=0.00375 lap=0.00 lam=0.0e+00 val=0.9854 2ch=0.992 2cl=0.000 32s
 step  425000 loss=0.00370 bce=0.00370 lap=0.00 lam=0.0e+00 val=0.9858 2ch=0.994 2cl=0.000 32s
 step  430000 loss=0.00367 bce=0.00367 lap=0.00 lam=0.0e+00 val=0.9852 2ch=0.993 2cl=0.000 32s
 step  435000 loss=0.00363 bce=0.00363 lap=0.00 lam=0.0e+00 val=0.9892 2ch=0.991 2cl=0.000 32s
 step  440000 loss=0.00359 bce=0.00359 lap=0.00 lam=0.0e+00 val=0.9858 2ch=0.994 2cl=0.000 32s
 step  445000 loss=0.00356 bce=0.00356 lap=0.00 lam=0.0e+00 val=0.9870 2ch=0.990 2cl=0.000 32s
 step  450000 loss=0.00352 bce=0.00352 lap=0.00 lam=0.0e+00 val=0.9870 2ch=0.995 2cl=0.000 32s
 step  455000 loss=0.00349 bce=0.00349 lap=0.00 lam=0.0e+00 val=0.9888 2ch=0.992 2cl=0.000 32s
 step  460000 loss=0.00345 bce=0.00345 lap=0.00 lam=0.0e+00 val=0.9878 2ch=0.994 2cl=0.000 32s
 step  465000 loss=0.00341 bce=0.00341 lap=0.00 lam=0.0e+00 val=0.9882 2ch=0.995 2cl=0.000 33s
 step  470000 loss=0.00337 bce=0.00337 lap=0.00 lam=0.0e+00 val=0.9884 2ch=0.995 2cl=0.000 32s
 step  475000 loss=0.00335 bce=0.00335 lap=0.00 lam=0.0e+00 val=0.9902 2ch=0.995 2cl=0.000 33s
 step  480000 loss=0.00330 bce=0.00330 lap=0.00 lam=0.0e+00 val=0.9892 2ch=0.995 2cl=0.000 32s
 step  485000 loss=0.00325 bce=0.00325 lap=0.00 lam=0.0e+00 val=0.9874 2ch=0.992 2cl=0.000 33s
 step  490000 loss=0.00305 bce=0.00305 lap=0.00 lam=0.0e+00 val=0.9878 2ch=0.998 2cl=0.000 32s
 step  495000 loss=0.00293 bce=0.00293 lap=0.00 lam=0.0e+00 val=0.9896 2ch=0.999 2cl=0.000 32s
 step  500000 loss=0.00287 bce=0.00287 lap=0.00 lam=0.0e+00 val=0.9888 2ch=0.999 2cl=0.000 32s
 step  505000 loss=0.00281 bce=0.00281 lap=0.00 lam=0.0e+00 val=0.9902 2ch=0.998 2cl=0.000 32s
 step  510000 loss=0.00277 bce=0.00277 lap=0.00 lam=0.0e+00 val=0.9914 2ch=0.998 2cl=0.000 32s
 step  515000 loss=0.00273 bce=0.00273 lap=0.00 lam=0.0e+00 val=0.9910 2ch=0.999 2cl=0.000 32s
 step  520000 loss=0.00269 bce=0.00269 lap=0.00 lam=0.0e+00 val=0.9894 2ch=0.998 2cl=0.000 32s
 step  525000 loss=0.00265 bce=0.00265 lap=0.00 lam=0.0e+00 val=0.9902 2ch=1.000 2cl=0.000 32s
 step  530000 loss=0.00263 bce=0.00263 lap=0.00 lam=0.0e+00 val=0.9914 2ch=0.999 2cl=0.000 32s
 step  535000 loss=0.00259 bce=0.00259 lap=0.00 lam=0.0e+00 val=0.9920 2ch=0.999 2cl=0.000 32s
 step  540000 loss=0.00256 bce=0.00256 lap=0.00 lam=0.0e+00 val=0.9914 2ch=0.999 2cl=0.000 33s
 step  545000 loss=0.00253 bce=0.00253 lap=0.00 lam=0.0e+00 val=0.9906 2ch=1.000 2cl=0.000 32s
 step  550000 loss=0.00250 bce=0.00250 lap=0.00 lam=0.0e+00 val=0.9922 2ch=0.999 2cl=0.000 32s
 step  555000 loss=0.00247 bce=0.00247 lap=0.00 lam=0.0e+00 val=0.9910 2ch=0.999 2cl=0.000 33s
 step  560000 loss=0.00245 bce=0.00245 lap=0.00 lam=0.0e+00 val=0.9920 2ch=0.999 2cl=0.000 33s
 step  565000 loss=0.00242 bce=0.00242 lap=0.00 lam=0.0e+00 val=0.9926 2ch=0.999 2cl=0.000 32s
 step  570000 loss=0.00240 bce=0.00240 lap=0.00 lam=0.0e+00 val=0.9920 2ch=1.000 2cl=0.000 33s
 step  575000 loss=0.00237 bce=0.00237 lap=0.00 lam=0.0e+00 val=0.9926 2ch=0.999 2cl=0.000 33s
 step  580000 loss=0.00234 bce=0.00234 lap=0.00 lam=0.0e+00 val=0.9932 2ch=0.999 2cl=0.000 32s
 step  585000 loss=0.00232 bce=0.00232 lap=0.00 lam=0.0e+00 val=0.9930 2ch=0.999 2cl=0.000 32s
 step  590000 loss=0.00230 bce=0.00230 lap=0.00 lam=0.0e+00 val=0.9928 2ch=0.999 2cl=0.000 32s
 step  595000 loss=0.00228 bce=0.00228 lap=0.00 lam=0.0e+00 val=0.9938 2ch=1.000 2cl=0.000 32s
 step  600000 loss=0.00225 bce=0.00225 lap=0.00 lam=0.0e+00 val=0.9932 2ch=1.000 2cl=0.000 32s
 step  605000 loss=0.00223 bce=0.00223 lap=0.00 lam=0.0e+00 val=0.9936 2ch=1.000 2cl=0.000 32s
 step  610000 loss=0.00221 bce=0.00221 lap=0.00 lam=0.0e+00 val=0.9936 2ch=0.999 2cl=0.000 32s
 step  615000 loss=0.00218 bce=0.00218 lap=0.00 lam=0.0e+00 val=0.9936 2ch=0.999 2cl=0.000 32s
 step  620000 loss=0.00217 bce=0.00217 lap=0.00 lam=0.0e+00 val=0.9938 2ch=1.000 2cl=0.000 32s
 step  625000 loss=0.00215 bce=0.00215 lap=0.00 lam=0.0e+00 val=0.9946 2ch=0.999 2cl=0.000 32s
 step  630000 loss=0.00213 bce=0.00213 lap=0.00 lam=0.0e+00 val=0.9926 2ch=1.000 2cl=0.000 32s
 step  635000 loss=0.00211 bce=0.00211 lap=0.00 lam=0.0e+00 val=0.9938 2ch=1.000 2cl=0.000 32s
 step  640000 loss=0.00209 bce=0.00209 lap=0.00 lam=0.0e+00 val=0.9936 2ch=0.999 2cl=0.000 32s
 step  645000 loss=0.00207 bce=0.00207 lap=0.00 lam=0.0e+00 val=0.9936 2ch=1.000 2cl=0.000 32s
 step  650000 loss=0.00206 bce=0.00206 lap=0.00 lam=0.0e+00 val=0.9950 2ch=0.999 2cl=0.000 32s
 step  655000 loss=0.00204 bce=0.00204 lap=0.00 lam=0.0e+00 val=0.9958 2ch=1.000 2cl=0.000 32s
 step  660000 loss=0.00202 bce=0.00202 lap=0.00 lam=0.0e+00 val=0.9954 2ch=0.999 2cl=0.000 32s
 step  665000 loss=0.00201 bce=0.00201 lap=0.00 lam=0.0e+00 val=0.9954 2ch=0.999 2cl=0.000 32s
 step  670000 loss=0.00198 bce=0.00198 lap=0.00 lam=0.0e+00 val=0.9946 2ch=0.999 2cl=0.000 32s
 step  675000 loss=0.00198 bce=0.00198 lap=0.00 lam=0.0e+00 val=0.9960 2ch=0.999 2cl=0.000 32s
 step  680000 loss=0.00196 bce=0.00196 lap=0.00 lam=0.0e+00 val=0.9954 2ch=1.000 2cl=0.000 32s
 step  685000 loss=0.00194 bce=0.00194 lap=0.00 lam=0.0e+00 val=0.9944 2ch=1.000 2cl=0.000 32s
 step  690000 loss=0.00192 bce=0.00192 lap=0.00 lam=0.0e+00 val=0.9956 2ch=1.000 2cl=0.000 32s
 step  695000 loss=0.00191 bce=0.00191 lap=0.00 lam=0.0e+00 val=0.9958 2ch=1.000 2cl=0.000 32s
 step  700000 loss=0.00189 bce=0.00189 lap=0.00 lam=0.0e+00 val=0.9960 2ch=1.000 2cl=0.000 32s
 step  705000 loss=0.00189 bce=0.00189 lap=0.00 lam=0.0e+00 val=0.9966 2ch=1.000 2cl=0.000 32s
 step  710000 loss=0.00187 bce=0.00187 lap=0.00 lam=0.0e+00 val=0.9956 2ch=1.000 2cl=0.000 32s
 step  715000 loss=0.00185 bce=0.00185 lap=0.00 lam=0.0e+00 val=0.9966 2ch=1.000 2cl=0.000 32s
 step  720000 loss=0.00184 bce=0.00184 lap=0.00 lam=0.0e+00 val=0.9952 2ch=0.999 2cl=0.000 32s
 step  725000 loss=0.00183 bce=0.00183 lap=0.00 lam=0.0e+00 val=0.9962 2ch=0.999 2cl=0.000 32s
 step  730000 loss=0.00182 bce=0.00182 lap=0.00 lam=0.0e+00 val=0.9964 2ch=1.000 2cl=0.000 32s
 step  735000 loss=0.00181 bce=0.00181 lap=0.00 lam=0.0e+00 val=0.9966 2ch=1.000 2cl=0.000 33s
 step  740000 loss=0.00179 bce=0.00179 lap=0.00 lam=0.0e+00 val=0.9960 2ch=1.000 2cl=0.000 32s
 step  745000 loss=0.00178 bce=0.00178 lap=0.00 lam=0.0e+00 val=0.9972 2ch=1.000 2cl=0.000 32s
 step  750000 loss=0.00177 bce=0.00177 lap=0.00 lam=0.0e+00 val=0.9958 2ch=1.000 2cl=0.000 32s
 step  755000 loss=0.00176 bce=0.00176 lap=0.00 lam=0.0e+00 val=0.9966 2ch=1.000 2cl=0.000 32s
 step  760000 loss=0.00174 bce=0.00174 lap=0.00 lam=0.0e+00 val=0.9968 2ch=1.000 2cl=0.000 32s
 step  765000 loss=0.00174 bce=0.00174 lap=0.00 lam=0.0e+00 val=0.9970 2ch=0.999 2cl=0.000 32s
 step  770000 loss=0.00173 bce=0.00173 lap=0.00 lam=0.0e+00 val=0.9972 2ch=1.000 2cl=0.000 32s
 step  775000 loss=0.00172 bce=0.00172 lap=0.00 lam=0.0e+00 val=0.9974 2ch=1.000 2cl=0.000 33s
 step  780000 loss=0.00171 bce=0.00171 lap=0.00 lam=0.0e+00 val=0.9972 2ch=1.000 2cl=0.000 32s
 step  785000 loss=0.00169 bce=0.00169 lap=0.00 lam=0.0e+00 val=0.9972 2ch=1.000 2cl=0.000 32s
 step  790000 loss=0.00169 bce=0.00169 lap=0.00 lam=0.0e+00 val=0.9968 2ch=1.000 2cl=0.000 32s
 step  795000 loss=0.00168 bce=0.00168 lap=0.00 lam=0.0e+00 val=0.9972 2ch=1.000 2cl=0.000 32s
 step  800000 loss=0.00167 bce=0.00167 lap=0.00 lam=0.0e+00 val=0.9970 2ch=1.000 2cl=0.000 32s
 step  805000 loss=0.00166 bce=0.00166 lap=0.00 lam=0.0e+00 val=0.9970 2ch=1.000 2cl=0.000 32s
 step  810000 loss=0.00166 bce=0.00166 lap=0.00 lam=0.0e+00 val=0.9974 2ch=1.000 2cl=0.000 32s
 step  815000 loss=0.00165 bce=0.00165 lap=0.00 lam=0.0e+00 val=0.9972 2ch=1.000 2cl=0.000 32s
 step  820000 loss=0.00164 bce=0.00164 lap=0.00 lam=0.0e+00 val=0.9972 2ch=1.000 2cl=0.000 32s
 step  825000 loss=0.00163 bce=0.00163 lap=0.00 lam=0.0e+00 val=0.9974 2ch=0.999 2cl=0.000 32s
 step  830000 loss=0.00162 bce=0.00162 lap=0.00 lam=0.0e+00 val=0.9972 2ch=1.000 2cl=0.000 32s
 step  835000 loss=0.00162 bce=0.00162 lap=0.00 lam=0.0e+00 val=0.9976 2ch=1.000 2cl=0.000 32s
 step  840000 loss=0.00161 bce=0.00161 lap=0.00 lam=0.0e+00 val=0.9976 2ch=1.000 2cl=0.000 32s
 step  845000 loss=0.00160 bce=0.00160 lap=0.00 lam=0.0e+00 val=0.9974 2ch=1.000 2cl=0.000 32s
 step  850000 loss=0.00160 bce=0.00160 lap=0.00 lam=0.0e+00 val=0.9976 2ch=1.000 2cl=0.000 32s
 step  855000 loss=0.00159 bce=0.00159 lap=0.00 lam=0.0e+00 val=0.9976 2ch=1.000 2cl=0.000 32s
 step  860000 loss=0.00158 bce=0.00158 lap=0.00 lam=0.0e+00 val=0.9978 2ch=1.000 2cl=0.000 32s
 step  865000 loss=0.00158 bce=0.00158 lap=0.00 lam=0.0e+00 val=0.9976 2ch=1.000 2cl=0.000 32s
 step  870000 loss=0.00157 bce=0.00157 lap=0.00 lam=0.0e+00 val=0.9980 2ch=1.000 2cl=0.000 32s
 step  875000 loss=0.00156 bce=0.00156 lap=0.00 lam=0.0e+00 val=0.9976 2ch=1.000 2cl=0.000 32s
 step  880000 loss=0.00157 bce=0.00157 lap=0.00 lam=0.0e+00 val=0.9980 2ch=1.000 2cl=0.000 32s
 step  885000 loss=0.00156 bce=0.00156 lap=0.00 lam=0.0e+00 val=0.9980 2ch=1.000 2cl=0.000 32s
 step  890000 loss=0.00156 bce=0.00156 lap=0.00 lam=0.0e+00 val=0.9976 2ch=1.000 2cl=0.000 32s
 step  895000 loss=0.00155 bce=0.00155 lap=0.00 lam=0.0e+00 val=0.9978 2ch=1.000 2cl=0.000 32s
 step  900000 loss=0.00155 bce=0.00155 lap=0.00 lam=0.0e+00 val=0.9976 2ch=1.000 2cl=0.000 32s
 step  905000 loss=0.00155 bce=0.00155 lap=0.00 lam=0.0e+00 val=0.9974 2ch=1.000 2cl=0.000 32s
 step  910000 loss=0.00154 bce=0.00154 lap=0.00 lam=0.0e+00 val=0.9974 2ch=1.000 2cl=0.000 32s
 step  915000 loss=0.00153 bce=0.00153 lap=0.00 lam=0.0e+00 val=0.9978 2ch=1.000 2cl=0.000 32s
 step  920000 loss=0.00154 bce=0.00154 lap=0.00 lam=0.0e+00 val=0.9976 2ch=1.000 2cl=0.000 32s
 step  925000 loss=0.00153 bce=0.00153 lap=0.00 lam=0.0e+00 val=0.9978 2ch=1.000 2cl=0.000 32s
 step  930000 loss=0.00153 bce=0.00153 lap=0.00 lam=0.0e+00 val=0.9978 2ch=1.000 2cl=0.000 32s
 step  935000 loss=0.00153 bce=0.00153 lap=0.00 lam=0.0e+00 val=0.9980 2ch=1.000 2cl=0.000 32s
 step  940000 loss=0.00153 bce=0.00153 lap=0.00 lam=0.0e+00 val=0.9980 2ch=1.000 2cl=0.000 32s
 step  945000 loss=0.00153 bce=0.00153 lap=0.00 lam=0.0e+00 val=0.9978 2ch=1.000 2cl=0.000 32s
 step  950000 loss=0.00152 bce=0.00152 lap=0.00 lam=0.0e+00 val=0.9976 2ch=1.000 2cl=0.000 32s
 step  955000 loss=0.00151 bce=0.00151 lap=0.00 lam=0.0e+00 val=0.9978 2ch=1.000 2cl=0.000 32s
 step  960000 loss=0.00152 bce=0.00152 lap=0.00 lam=0.0e+00 val=0.9978 2ch=1.000 2cl=0.000 32s
 step  965000 loss=0.00151 bce=0.00151 lap=0.00 lam=0.0e+00 val=0.9978 2ch=1.000 2cl=0.000 32s
 step  970000 loss=0.00151 bce=0.00151 lap=0.00 lam=0.0e+00 val=0.9980 2ch=1.000 2cl=0.000 32s
 step  975000 loss=0.00151 bce=0.00151 lap=0.00 lam=0.0e+00 val=0.9978 2ch=1.000 2cl=0.000 32s
 step  980000 loss=0.00151 bce=0.00151 lap=0.00 lam=0.0e+00 val=0.9978 2ch=1.000 2cl=0.000 32s
 step  985000 loss=0.00151 bce=0.00151 lap=0.00 lam=0.0e+00 val=0.9980 2ch=1.000 2cl=0.000 32s
 step  990000 loss=0.00151 bce=0.00151 lap=0.00 lam=0.0e+00 val=0.9978 2ch=1.000 2cl=0.000 32s
 step  995000 loss=0.00151 bce=0.00151 lap=0.00 lam=0.0e+00 val=0.9978 2ch=1.000 2cl=0.000 32s
 step 1000000 loss=0.00151 bce=0.00151 lap=0.00 lam=0.0e+00 val=0.9978 2ch=1.000 2cl=0.000 32s
done. best in-dist exact=0.9980  -> runs/report6/a1_train/n20_path_union_roberta_linear_lam0_seed4000
auto-eval multipath: runs/report6/a1_train/n20_path_union_roberta_linear_lam0_seed4000/last.pt
checkpoint=runs/report6/a1_train/n20_path_union_roberta_linear_lam0_seed4000/last.pt
  arch=roberta readout=linear n=20 device=cuda
  k=1 ell= 3: pair=0.698 mat_exact=0.000 mat_pw=0.900 n_intact=0.11/1 (hist [355, 45])
  k=2 ell= 3: pair=0.965 mat_exact=0.117 mat_pw=0.988 n_intact=1.68/2 (hist [16, 95, 289])
  k=3 ell= 3: pair=0.983 mat_exact=0.000 mat_pw=0.735 n_intact=2.77/3 (hist [5, 13, 52, 330])
  k=4 ell= 3: pair=0.795 mat_exact=0.000 mat_pw=0.443 n_intact=2.63/4 (hist [8, 44, 115, 153, 80])
  k=1 ell= 5: pair=0.375 mat_exact=0.000 mat_pw=0.891 n_intact=0.00/1 (hist [399, 1])
  k=2 ell= 5: pair=0.917 mat_exact=0.000 mat_pw=0.965 n_intact=0.35/2 (hist [289, 83, 28])
  k=3 ell= 5: pair=1.000 mat_exact=0.000 mat_pw=0.761 n_intact=2.23/3 (hist [8, 65, 153, 174])
  k=4 ell= 5: pair=1.000 mat_exact=0.000 mat_pw=0.886 n_intact=3.67/4 (hist [0, 0, 17, 99, 284])
  k=1 ell= 7: pair=0.343 mat_exact=0.000 mat_pw=0.888 n_intact=0.00/1 (hist [400, 0])
  k=2 ell= 7: pair=0.848 mat_exact=0.000 mat_pw=0.943 n_intact=0.06/2 (hist [377, 22, 1])
  k=1 ell= 9: pair=0.087 mat_exact=0.000 mat_pw=0.816 n_intact=0.00/1 (hist [400, 0])
  k=1 ell=11: pair=0.048 mat_exact=0.000 mat_pw=0.781 n_intact=0.00/1 (hist [400, 0])
  k=1 ell=13: pair=0.040 mat_exact=0.000 mat_pw=0.733 n_intact=0.00/1 (hist [400, 0])
  saved -> runs/report6/multipath/n20_pathunion_seed4000/multipath.json
