task 20 -> families=path_union n=64 p=0.05 seed=1000 readout=similarity
== n64_path_union_roberta_similarity_lam0_seed1000 ==
 device=cuda arch=roberta readout=similarity lambda=0.0 params=6,339,074
 step    5000 loss=0.54257 bce=0.54257 lap=0.00 lam=0.0e+00 val=0.2460 2ch=0.000 2cl=0.000 101s
 step   10000 loss=0.41373 bce=0.41373 lap=0.00 lam=0.0e+00 val=0.2460 2ch=0.000 2cl=0.000 101s
 step   15000 loss=0.40276 bce=0.40276 lap=0.00 lam=0.0e+00 val=0.2460 2ch=0.000 2cl=0.000 100s
 step   20000 loss=0.39237 bce=0.39237 lap=0.00 lam=0.0e+00 val=0.2520 2ch=0.000 2cl=0.000 101s
 step   25000 loss=0.38661 bce=0.38661 lap=0.00 lam=0.0e+00 val=0.2524 2ch=0.000 2cl=0.000 100s
 step   30000 loss=0.38294 bce=0.38294 lap=0.00 lam=0.0e+00 val=0.2552 2ch=0.000 2cl=0.000 100s
 step   35000 loss=0.37990 bce=0.37990 lap=0.00 lam=0.0e+00 val=0.2602 2ch=0.000 2cl=0.000 100s
 step   40000 loss=0.37688 bce=0.37688 lap=0.00 lam=0.0e+00 val=0.2668 2ch=0.000 2cl=0.000 100s
 step   45000 loss=0.37495 bce=0.37495 lap=0.00 lam=0.0e+00 val=0.2678 2ch=0.000 2cl=0.000 100s
 step   50000 loss=0.37331 bce=0.37331 lap=0.00 lam=0.0e+00 val=0.2678 2ch=0.000 2cl=0.000 100s
 step   55000 loss=0.37186 bce=0.37186 lap=0.00 lam=0.0e+00 val=0.2678 2ch=0.000 2cl=0.000 101s
 step   60000 loss=0.37062 bce=0.37062 lap=0.00 lam=0.0e+00 val=0.2682 2ch=0.000 2cl=0.000 100s
 step   65000 loss=0.36969 bce=0.36969 lap=0.00 lam=0.0e+00 val=0.2680 2ch=0.000 2cl=0.000 100s
 step   70000 loss=0.36879 bce=0.36879 lap=0.00 lam=0.0e+00 val=0.2682 2ch=0.000 2cl=0.000 100s
 step   75000 loss=0.36753 bce=0.36753 lap=0.00 lam=0.0e+00 val=0.2682 2ch=0.000 2cl=0.000 100s
 step   80000 loss=0.36681 bce=0.36681 lap=0.00 lam=0.0e+00 val=0.2680 2ch=0.000 2cl=0.000 100s
 step   85000 loss=0.36596 bce=0.36596 lap=0.00 lam=0.0e+00 val=0.2684 2ch=0.000 2cl=0.000 100s
 step   90000 loss=0.36486 bce=0.36486 lap=0.00 lam=0.0e+00 val=0.2684 2ch=0.000 2cl=0.000 100s
 step   95000 loss=0.36416 bce=0.36416 lap=0.00 lam=0.0e+00 val=0.2678 2ch=0.000 2cl=0.000 100s
 step  100000 loss=0.36352 bce=0.36352 lap=0.00 lam=0.0e+00 val=0.2680 2ch=0.000 2cl=0.000 100s
 step  105000 loss=0.36283 bce=0.36283 lap=0.00 lam=0.0e+00 val=0.2682 2ch=0.000 2cl=0.000 100s
 step  110000 loss=0.36217 bce=0.36217 lap=0.00 lam=0.0e+00 val=0.2682 2ch=0.000 2cl=0.000 100s
 step  115000 loss=0.36163 bce=0.36163 lap=0.00 lam=0.0e+00 val=0.2680 2ch=0.000 2cl=0.000 100s
 step  120000 loss=0.36104 bce=0.36104 lap=0.00 lam=0.0e+00 val=0.2674 2ch=0.000 2cl=0.000 100s
 step  125000 loss=0.36078 bce=0.36078 lap=0.00 lam=0.0e+00 val=0.2672 2ch=0.000 2cl=0.000 100s
 step  130000 loss=0.36030 bce=0.36030 lap=0.00 lam=0.0e+00 val=0.2630 2ch=0.000 2cl=0.000 100s
 step  135000 loss=0.35981 bce=0.35981 lap=0.00 lam=0.0e+00 val=0.2682 2ch=0.000 2cl=0.000 100s
 step  140000 loss=0.35955 bce=0.35955 lap=0.00 lam=0.0e+00 val=0.2682 2ch=0.000 2cl=0.000 100s
 step  145000 loss=0.35905 bce=0.35905 lap=0.00 lam=0.0e+00 val=0.2670 2ch=0.000 2cl=0.000 100s
 step  150000 loss=0.35836 bce=0.35836 lap=0.00 lam=0.0e+00 val=0.2672 2ch=0.000 2cl=0.000 100s
 step  155000 loss=0.35774 bce=0.35774 lap=0.00 lam=0.0e+00 val=0.2680 2ch=0.000 2cl=0.000 100s
 step  160000 loss=0.35627 bce=0.35627 lap=0.00 lam=0.0e+00 val=0.2682 2ch=0.000 2cl=0.000 100s
 step  165000 loss=0.35487 bce=0.35487 lap=0.00 lam=0.0e+00 val=0.2690 2ch=0.000 2cl=0.000 100s
 step  170000 loss=0.35367 bce=0.35367 lap=0.00 lam=0.0e+00 val=0.2692 2ch=0.000 2cl=0.000 100s
 step  175000 loss=0.35299 bce=0.35299 lap=0.00 lam=0.0e+00 val=0.2700 2ch=0.000 2cl=0.000 100s
 step  180000 loss=0.35231 bce=0.35231 lap=0.00 lam=0.0e+00 val=0.2668 2ch=0.000 2cl=0.000 100s
 step  185000 loss=0.35159 bce=0.35159 lap=0.00 lam=0.0e+00 val=0.2680 2ch=0.000 2cl=0.000 100s
 step  190000 loss=0.35086 bce=0.35086 lap=0.00 lam=0.0e+00 val=0.2660 2ch=0.000 2cl=0.000 100s
 step  195000 loss=0.35042 bce=0.35042 lap=0.00 lam=0.0e+00 val=0.2674 2ch=0.000 2cl=0.000 100s
 step  200000 loss=0.34991 bce=0.34991 lap=0.00 lam=0.0e+00 val=0.2674 2ch=0.000 2cl=0.000 100s
 step  205000 loss=0.34938 bce=0.34938 lap=0.00 lam=0.0e+00 val=0.2668 2ch=0.000 2cl=0.000 100s
 step  210000 loss=0.34900 bce=0.34900 lap=0.00 lam=0.0e+00 val=0.2684 2ch=0.000 2cl=0.000 100s
 step  215000 loss=0.34863 bce=0.34863 lap=0.00 lam=0.0e+00 val=0.2668 2ch=0.000 2cl=0.000 101s
 step  220000 loss=0.34805 bce=0.34805 lap=0.00 lam=0.0e+00 val=0.2686 2ch=0.000 2cl=0.000 100s
 step  225000 loss=0.34777 bce=0.34777 lap=0.00 lam=0.0e+00 val=0.2702 2ch=0.000 2cl=0.000 100s
 step  230000 loss=0.34742 bce=0.34742 lap=0.00 lam=0.0e+00 val=0.2700 2ch=0.000 2cl=0.000 100s
 step  235000 loss=0.34697 bce=0.34697 lap=0.00 lam=0.0e+00 val=0.2730 2ch=0.000 2cl=0.000 100s
 step  240000 loss=0.34696 bce=0.34696 lap=0.00 lam=0.0e+00 val=0.2696 2ch=0.000 2cl=0.000 100s
 step  245000 loss=0.34636 bce=0.34636 lap=0.00 lam=0.0e+00 val=0.2692 2ch=0.000 2cl=0.000 100s
 step  250000 loss=0.34608 bce=0.34608 lap=0.00 lam=0.0e+00 val=0.2690 2ch=0.000 2cl=0.000 101s
 step  255000 loss=0.34582 bce=0.34582 lap=0.00 lam=0.0e+00 val=0.2682 2ch=0.000 2cl=0.000 101s
 step  260000 loss=0.34542 bce=0.34542 lap=0.00 lam=0.0e+00 val=0.2696 2ch=0.000 2cl=0.000 100s
 step  265000 loss=0.34506 bce=0.34506 lap=0.00 lam=0.0e+00 val=0.2686 2ch=0.000 2cl=0.000 100s
 step  270000 loss=0.34491 bce=0.34491 lap=0.00 lam=0.0e+00 val=0.2698 2ch=0.000 2cl=0.000 101s
 step  275000 loss=0.34462 bce=0.34462 lap=0.00 lam=0.0e+00 val=0.2690 2ch=0.000 2cl=0.000 100s
 step  280000 loss=0.34448 bce=0.34448 lap=0.00 lam=0.0e+00 val=0.2684 2ch=0.000 2cl=0.000 100s
 step  285000 loss=0.34406 bce=0.34406 lap=0.00 lam=0.0e+00 val=0.2688 2ch=0.000 2cl=0.000 100s
 step  290000 loss=0.34360 bce=0.34360 lap=0.00 lam=0.0e+00 val=0.2682 2ch=0.000 2cl=0.000 100s
 step  295000 loss=0.34364 bce=0.34364 lap=0.00 lam=0.0e+00 val=0.2678 2ch=0.000 2cl=0.000 100s
 step  300000 loss=0.34338 bce=0.34338 lap=0.00 lam=0.0e+00 val=0.2678 2ch=0.000 2cl=0.000 100s
 step  305000 loss=0.34321 bce=0.34321 lap=0.00 lam=0.0e+00 val=0.2680 2ch=0.000 2cl=0.000 100s
 step  310000 loss=0.34287 bce=0.34287 lap=0.00 lam=0.0e+00 val=0.2678 2ch=0.000 2cl=0.000 100s
 step  315000 loss=0.34267 bce=0.34267 lap=0.00 lam=0.0e+00 val=0.2680 2ch=0.000 2cl=0.000 100s
 step  320000 loss=0.34265 bce=0.34265 lap=0.00 lam=0.0e+00 val=0.2678 2ch=0.000 2cl=0.000 100s
 step  325000 loss=0.34233 bce=0.34233 lap=0.00 lam=0.0e+00 val=0.2678 2ch=0.000 2cl=0.000 100s
 step  330000 loss=0.34219 bce=0.34219 lap=0.00 lam=0.0e+00 val=0.2678 2ch=0.000 2cl=0.000 100s
 step  335000 loss=0.34189 bce=0.34189 lap=0.00 lam=0.0e+00 val=0.2678 2ch=0.000 2cl=0.000 100s
 step  340000 loss=0.34197 bce=0.34197 lap=0.00 lam=0.0e+00 val=0.2678 2ch=0.000 2cl=0.000 100s
 step  345000 loss=0.34164 bce=0.34164 lap=0.00 lam=0.0e+00 val=0.2680 2ch=0.000 2cl=0.000 101s
 step  350000 loss=0.34155 bce=0.34155 lap=0.00 lam=0.0e+00 val=0.2678 2ch=0.000 2cl=0.000 100s
 step  355000 loss=0.34126 bce=0.34126 lap=0.00 lam=0.0e+00 val=0.2678 2ch=0.000 2cl=0.000 100s
 step  360000 loss=0.34110 bce=0.34110 lap=0.00 lam=0.0e+00 val=0.2678 2ch=0.000 2cl=0.000 100s
 step  365000 loss=0.34096 bce=0.34096 lap=0.00 lam=0.0e+00 val=0.2678 2ch=0.000 2cl=0.000 100s
 step  370000 loss=0.34092 bce=0.34092 lap=0.00 lam=0.0e+00 val=0.2676 2ch=0.000 2cl=0.000 100s
 step  375000 loss=0.34081 bce=0.34081 lap=0.00 lam=0.0e+00 val=0.2678 2ch=0.000 2cl=0.000 100s
 step  380000 loss=0.34060 bce=0.34060 lap=0.00 lam=0.0e+00 val=0.2674 2ch=0.000 2cl=0.000 100s
 step  385000 loss=0.34053 bce=0.34053 lap=0.00 lam=0.0e+00 val=0.2676 2ch=0.000 2cl=0.000 100s
 step  390000 loss=0.34040 bce=0.34040 lap=0.00 lam=0.0e+00 val=0.2678 2ch=0.000 2cl=0.000 100s
 step  395000 loss=0.34031 bce=0.34031 lap=0.00 lam=0.0e+00 val=0.2676 2ch=0.000 2cl=0.000 100s
 step  400000 loss=0.34017 bce=0.34017 lap=0.00 lam=0.0e+00 val=0.2678 2ch=0.000 2cl=0.000 100s
 step  405000 loss=0.34007 bce=0.34007 lap=0.00 lam=0.0e+00 val=0.2674 2ch=0.000 2cl=0.000 100s
 step  410000 loss=0.34000 bce=0.34000 lap=0.00 lam=0.0e+00 val=0.2674 2ch=0.000 2cl=0.000 100s
 step  415000 loss=0.33974 bce=0.33974 lap=0.00 lam=0.0e+00 val=0.2678 2ch=0.000 2cl=0.000 100s
 step  420000 loss=0.33955 bce=0.33955 lap=0.00 lam=0.0e+00 val=0.2678 2ch=0.000 2cl=0.000 100s
 step  425000 loss=0.33974 bce=0.33974 lap=0.00 lam=0.0e+00 val=0.2678 2ch=0.000 2cl=0.000 100s
 step  430000 loss=0.33939 bce=0.33939 lap=0.00 lam=0.0e+00 val=0.2678 2ch=0.000 2cl=0.000 100s
 step  435000 loss=0.33930 bce=0.33930 lap=0.00 lam=0.0e+00 val=0.2678 2ch=0.000 2cl=0.000 100s
 step  440000 loss=0.33914 bce=0.33914 lap=0.00 lam=0.0e+00 val=0.2676 2ch=0.000 2cl=0.000 100s
 step  445000 loss=0.33916 bce=0.33916 lap=0.00 lam=0.0e+00 val=0.2678 2ch=0.000 2cl=0.000 101s
 step  450000 loss=0.33916 bce=0.33916 lap=0.00 lam=0.0e+00 val=0.2678 2ch=0.000 2cl=0.000 100s
 step  455000 loss=0.33892 bce=0.33892 lap=0.00 lam=0.0e+00 val=0.2678 2ch=0.000 2cl=0.000 100s
 step  460000 loss=0.33882 bce=0.33882 lap=0.00 lam=0.0e+00 val=0.2678 2ch=0.000 2cl=0.000 100s
 step  465000 loss=0.33859 bce=0.33859 lap=0.00 lam=0.0e+00 val=0.2678 2ch=0.000 2cl=0.000 100s
 step  470000 loss=0.33866 bce=0.33866 lap=0.00 lam=0.0e+00 val=0.2678 2ch=0.000 2cl=0.000 100s
 step  475000 loss=0.33837 bce=0.33837 lap=0.00 lam=0.0e+00 val=0.2674 2ch=0.000 2cl=0.000 100s
 step  480000 loss=0.33828 bce=0.33828 lap=0.00 lam=0.0e+00 val=0.2672 2ch=0.000 2cl=0.000 100s
 step  485000 loss=0.33827 bce=0.33827 lap=0.00 lam=0.0e+00 val=0.2678 2ch=0.000 2cl=0.000 100s
 step  490000 loss=0.33827 bce=0.33827 lap=0.00 lam=0.0e+00 val=0.2678 2ch=0.000 2cl=0.000 100s
 step  495000 loss=0.33809 bce=0.33809 lap=0.00 lam=0.0e+00 val=0.2678 2ch=0.000 2cl=0.000 100s
 step  500000 loss=0.33786 bce=0.33786 lap=0.00 lam=0.0e+00 val=0.2678 2ch=0.000 2cl=0.000 100s
 step  505000 loss=0.33778 bce=0.33778 lap=0.00 lam=0.0e+00 val=0.2674 2ch=0.000 2cl=0.000 100s
 step  510000 loss=0.33777 bce=0.33777 lap=0.00 lam=0.0e+00 val=0.2678 2ch=0.000 2cl=0.000 100s
 step  515000 loss=0.33775 bce=0.33775 lap=0.00 lam=0.0e+00 val=0.2678 2ch=0.000 2cl=0.000 100s
 step  520000 loss=0.33775 bce=0.33775 lap=0.00 lam=0.0e+00 val=0.2678 2ch=0.000 2cl=0.000 100s
 step  525000 loss=0.33749 bce=0.33749 lap=0.00 lam=0.0e+00 val=0.2676 2ch=0.000 2cl=0.000 100s
 step  530000 loss=0.33761 bce=0.33761 lap=0.00 lam=0.0e+00 val=0.2670 2ch=0.000 2cl=0.000 100s
 step  535000 loss=0.33747 bce=0.33747 lap=0.00 lam=0.0e+00 val=0.2674 2ch=0.000 2cl=0.000 100s
 step  540000 loss=0.33753 bce=0.33753 lap=0.00 lam=0.0e+00 val=0.2678 2ch=0.000 2cl=0.000 100s
 step  545000 loss=0.33736 bce=0.33736 lap=0.00 lam=0.0e+00 val=0.2676 2ch=0.000 2cl=0.000 100s
 step  550000 loss=0.33738 bce=0.33738 lap=0.00 lam=0.0e+00 val=0.2678 2ch=0.000 2cl=0.000 100s
 step  555000 loss=0.33705 bce=0.33705 lap=0.00 lam=0.0e+00 val=0.2678 2ch=0.000 2cl=0.000 100s
 step  560000 loss=0.33725 bce=0.33725 lap=0.00 lam=0.0e+00 val=0.2676 2ch=0.000 2cl=0.000 100s
 step  565000 loss=0.33705 bce=0.33705 lap=0.00 lam=0.0e+00 val=0.2676 2ch=0.000 2cl=0.000 100s
 step  570000 loss=0.33670 bce=0.33670 lap=0.00 lam=0.0e+00 val=0.2676 2ch=0.000 2cl=0.000 100s
 step  575000 loss=0.33678 bce=0.33678 lap=0.00 lam=0.0e+00 val=0.2674 2ch=0.000 2cl=0.000 101s
 step  580000 loss=0.33679 bce=0.33679 lap=0.00 lam=0.0e+00 val=0.2678 2ch=0.000 2cl=0.000 100s
 step  585000 loss=0.33663 bce=0.33663 lap=0.00 lam=0.0e+00 val=0.2678 2ch=0.000 2cl=0.000 100s
 step  590000 loss=0.33650 bce=0.33650 lap=0.00 lam=0.0e+00 val=0.2678 2ch=0.000 2cl=0.000 100s
 step  595000 loss=0.33663 bce=0.33663 lap=0.00 lam=0.0e+00 val=0.2676 2ch=0.000 2cl=0.000 100s
 step  600000 loss=0.33647 bce=0.33647 lap=0.00 lam=0.0e+00 val=0.2672 2ch=0.000 2cl=0.000 100s
 step  605000 loss=0.33633 bce=0.33633 lap=0.00 lam=0.0e+00 val=0.2674 2ch=0.000 2cl=0.000 100s
 step  610000 loss=0.33650 bce=0.33650 lap=0.00 lam=0.0e+00 val=0.2678 2ch=0.000 2cl=0.000 100s
 step  615000 loss=0.33630 bce=0.33630 lap=0.00 lam=0.0e+00 val=0.2678 2ch=0.000 2cl=0.000 100s
 step  620000 loss=0.33622 bce=0.33622 lap=0.00 lam=0.0e+00 val=0.2678 2ch=0.000 2cl=0.000 100s
 step  625000 loss=0.33613 bce=0.33613 lap=0.00 lam=0.0e+00 val=0.2678 2ch=0.000 2cl=0.000 100s
 step  630000 loss=0.33618 bce=0.33618 lap=0.00 lam=0.0e+00 val=0.2678 2ch=0.000 2cl=0.000 100s
 step  635000 loss=0.33592 bce=0.33592 lap=0.00 lam=0.0e+00 val=0.2678 2ch=0.000 2cl=0.000 100s
 step  640000 loss=0.33599 bce=0.33599 lap=0.00 lam=0.0e+00 val=0.2678 2ch=0.000 2cl=0.000 100s
 step  645000 loss=0.33604 bce=0.33604 lap=0.00 lam=0.0e+00 val=0.2678 2ch=0.000 2cl=0.000 100s
 step  650000 loss=0.33585 bce=0.33585 lap=0.00 lam=0.0e+00 val=0.2678 2ch=0.000 2cl=0.000 100s
 step  655000 loss=0.33595 bce=0.33595 lap=0.00 lam=0.0e+00 val=0.2678 2ch=0.000 2cl=0.000 101s
 step  660000 loss=0.33586 bce=0.33586 lap=0.00 lam=0.0e+00 val=0.2676 2ch=0.000 2cl=0.000 100s
 step  665000 loss=0.33576 bce=0.33576 lap=0.00 lam=0.0e+00 val=0.2678 2ch=0.000 2cl=0.000 100s
 step  670000 loss=0.33565 bce=0.33565 lap=0.00 lam=0.0e+00 val=0.2676 2ch=0.000 2cl=0.000 100s
 step  675000 loss=0.33568 bce=0.33568 lap=0.00 lam=0.0e+00 val=0.2678 2ch=0.000 2cl=0.000 100s
 step  680000 loss=0.33568 bce=0.33568 lap=0.00 lam=0.0e+00 val=0.2678 2ch=0.000 2cl=0.000 100s
 step  685000 loss=0.33557 bce=0.33557 lap=0.00 lam=0.0e+00 val=0.2678 2ch=0.000 2cl=0.000 100s
 step  690000 loss=0.33550 bce=0.33550 lap=0.00 lam=0.0e+00 val=0.2678 2ch=0.000 2cl=0.000 100s
 step  695000 loss=0.33534 bce=0.33534 lap=0.00 lam=0.0e+00 val=0.2678 2ch=0.000 2cl=0.000 100s
 step  700000 loss=0.33560 bce=0.33560 lap=0.00 lam=0.0e+00 val=0.2678 2ch=0.000 2cl=0.000 100s
 step  705000 loss=0.33542 bce=0.33542 lap=0.00 lam=0.0e+00 val=0.2678 2ch=0.000 2cl=0.000 100s
 step  710000 loss=0.33524 bce=0.33524 lap=0.00 lam=0.0e+00 val=0.2678 2ch=0.000 2cl=0.000 100s
 step  715000 loss=0.33532 bce=0.33532 lap=0.00 lam=0.0e+00 val=0.2676 2ch=0.000 2cl=0.000 100s
 step  720000 loss=0.33529 bce=0.33529 lap=0.00 lam=0.0e+00 val=0.2676 2ch=0.000 2cl=0.000 100s
 step  725000 loss=0.33536 bce=0.33536 lap=0.00 lam=0.0e+00 val=0.2678 2ch=0.000 2cl=0.000 100s
 step  730000 loss=0.33517 bce=0.33517 lap=0.00 lam=0.0e+00 val=0.2678 2ch=0.000 2cl=0.000 100s
 step  735000 loss=0.33543 bce=0.33543 lap=0.00 lam=0.0e+00 val=0.2678 2ch=0.000 2cl=0.000 100s
 step  740000 loss=0.33513 bce=0.33513 lap=0.00 lam=0.0e+00 val=0.2678 2ch=0.000 2cl=0.000 101s
 step  745000 loss=0.33517 bce=0.33517 lap=0.00 lam=0.0e+00 val=0.2678 2ch=0.000 2cl=0.000 100s
 step  750000 loss=0.33493 bce=0.33493 lap=0.00 lam=0.0e+00 val=0.2678 2ch=0.000 2cl=0.000 100s
 step  755000 loss=0.33499 bce=0.33499 lap=0.00 lam=0.0e+00 val=0.2678 2ch=0.000 2cl=0.000 100s
 step  760000 loss=0.33491 bce=0.33491 lap=0.00 lam=0.0e+00 val=0.2678 2ch=0.000 2cl=0.000 100s
 step  765000 loss=0.33489 bce=0.33489 lap=0.00 lam=0.0e+00 val=0.2678 2ch=0.000 2cl=0.000 100s
 step  770000 loss=0.33480 bce=0.33480 lap=0.00 lam=0.0e+00 val=0.2678 2ch=0.000 2cl=0.000 100s
 step  775000 loss=0.33487 bce=0.33487 lap=0.00 lam=0.0e+00 val=0.2678 2ch=0.000 2cl=0.000 100s
 step  780000 loss=0.33480 bce=0.33480 lap=0.00 lam=0.0e+00 val=0.2678 2ch=0.000 2cl=0.000 100s
 step  785000 loss=0.33470 bce=0.33470 lap=0.00 lam=0.0e+00 val=0.2678 2ch=0.000 2cl=0.000 100s
 step  790000 loss=0.33461 bce=0.33461 lap=0.00 lam=0.0e+00 val=0.2678 2ch=0.000 2cl=0.000 100s
 step  795000 loss=0.33476 bce=0.33476 lap=0.00 lam=0.0e+00 val=0.2678 2ch=0.000 2cl=0.000 100s
 step  800000 loss=0.33465 bce=0.33465 lap=0.00 lam=0.0e+00 val=0.2678 2ch=0.000 2cl=0.000 100s
 step  805000 loss=0.33465 bce=0.33465 lap=0.00 lam=0.0e+00 val=0.2678 2ch=0.000 2cl=0.000 100s
 step  810000 loss=0.33463 bce=0.33463 lap=0.00 lam=0.0e+00 val=0.2678 2ch=0.000 2cl=0.000 100s
 step  815000 loss=0.33471 bce=0.33471 lap=0.00 lam=0.0e+00 val=0.2678 2ch=0.000 2cl=0.000 100s
 step  820000 loss=0.33443 bce=0.33443 lap=0.00 lam=0.0e+00 val=0.2678 2ch=0.000 2cl=0.000 100s
 step  825000 loss=0.33462 bce=0.33462 lap=0.00 lam=0.0e+00 val=0.2678 2ch=0.000 2cl=0.000 100s
 step  830000 loss=0.33457 bce=0.33457 lap=0.00 lam=0.0e+00 val=0.2678 2ch=0.000 2cl=0.000 100s
 step  835000 loss=0.33442 bce=0.33442 lap=0.00 lam=0.0e+00 val=0.2678 2ch=0.000 2cl=0.000 100s
 step  840000 loss=0.33433 bce=0.33433 lap=0.00 lam=0.0e+00 val=0.2678 2ch=0.000 2cl=0.000 100s
 step  845000 loss=0.33459 bce=0.33459 lap=0.00 lam=0.0e+00 val=0.2678 2ch=0.000 2cl=0.000 100s
 step  850000 loss=0.33415 bce=0.33415 lap=0.00 lam=0.0e+00 val=0.2678 2ch=0.000 2cl=0.000 100s
 step  855000 loss=0.33437 bce=0.33437 lap=0.00 lam=0.0e+00 val=0.2678 2ch=0.000 2cl=0.000 100s
 step  860000 loss=0.33437 bce=0.33437 lap=0.00 lam=0.0e+00 val=0.2678 2ch=0.000 2cl=0.000 100s
 step  865000 loss=0.33431 bce=0.33431 lap=0.00 lam=0.0e+00 val=0.2678 2ch=0.000 2cl=0.000 100s
 step  870000 loss=0.33430 bce=0.33430 lap=0.00 lam=0.0e+00 val=0.2678 2ch=0.000 2cl=0.000 100s
 step  875000 loss=0.33430 bce=0.33430 lap=0.00 lam=0.0e+00 val=0.2678 2ch=0.000 2cl=0.000 100s
 step  880000 loss=0.33416 bce=0.33416 lap=0.00 lam=0.0e+00 val=0.2678 2ch=0.000 2cl=0.000 100s
 step  885000 loss=0.33433 bce=0.33433 lap=0.00 lam=0.0e+00 val=0.2678 2ch=0.000 2cl=0.000 100s
 step  890000 loss=0.33430 bce=0.33430 lap=0.00 lam=0.0e+00 val=0.2678 2ch=0.000 2cl=0.000 100s
 step  895000 loss=0.33432 bce=0.33432 lap=0.00 lam=0.0e+00 val=0.2678 2ch=0.000 2cl=0.000 100s
 step  900000 loss=0.33412 bce=0.33412 lap=0.00 lam=0.0e+00 val=0.2678 2ch=0.000 2cl=0.000 100s
 step  905000 loss=0.33423 bce=0.33423 lap=0.00 lam=0.0e+00 val=0.2678 2ch=0.000 2cl=0.000 100s
 step  910000 loss=0.33439 bce=0.33439 lap=0.00 lam=0.0e+00 val=0.2678 2ch=0.000 2cl=0.000 100s
 step  915000 loss=0.33425 bce=0.33425 lap=0.00 lam=0.0e+00 val=0.2678 2ch=0.000 2cl=0.000 100s
 step  920000 loss=0.33417 bce=0.33417 lap=0.00 lam=0.0e+00 val=0.2678 2ch=0.000 2cl=0.000 100s
 step  925000 loss=0.33427 bce=0.33427 lap=0.00 lam=0.0e+00 val=0.2678 2ch=0.000 2cl=0.000 100s
 step  930000 loss=0.33426 bce=0.33426 lap=0.00 lam=0.0e+00 val=0.2678 2ch=0.000 2cl=0.000 100s
 step  935000 loss=0.33398 bce=0.33398 lap=0.00 lam=0.0e+00 val=0.2678 2ch=0.000 2cl=0.000 100s
 step  940000 loss=0.33404 bce=0.33404 lap=0.00 lam=0.0e+00 val=0.2678 2ch=0.000 2cl=0.000 100s
 step  945000 loss=0.33407 bce=0.33407 lap=0.00 lam=0.0e+00 val=0.2678 2ch=0.000 2cl=0.000 100s
 step  950000 loss=0.33419 bce=0.33419 lap=0.00 lam=0.0e+00 val=0.2678 2ch=0.000 2cl=0.000 100s
 step  955000 loss=0.33413 bce=0.33413 lap=0.00 lam=0.0e+00 val=0.2678 2ch=0.000 2cl=0.000 100s
 step  960000 loss=0.33406 bce=0.33406 lap=0.00 lam=0.0e+00 val=0.2678 2ch=0.000 2cl=0.000 100s
 step  965000 loss=0.33423 bce=0.33423 lap=0.00 lam=0.0e+00 val=0.2678 2ch=0.000 2cl=0.000 100s
 step  970000 loss=0.33432 bce=0.33432 lap=0.00 lam=0.0e+00 val=0.2678 2ch=0.000 2cl=0.000 100s
 step  975000 loss=0.33416 bce=0.33416 lap=0.00 lam=0.0e+00 val=0.2678 2ch=0.000 2cl=0.000 100s
 step  980000 loss=0.33418 bce=0.33418 lap=0.00 lam=0.0e+00 val=0.2678 2ch=0.000 2cl=0.000 100s
 step  985000 loss=0.33412 bce=0.33412 lap=0.00 lam=0.0e+00 val=0.2678 2ch=0.000 2cl=0.000 100s
 step  990000 loss=0.33413 bce=0.33413 lap=0.00 lam=0.0e+00 val=0.2678 2ch=0.000 2cl=0.000 100s
 step  995000 loss=0.33380 bce=0.33380 lap=0.00 lam=0.0e+00 val=0.2678 2ch=0.000 2cl=0.000 100s
 step 1000000 loss=0.33415 bce=0.33415 lap=0.00 lam=0.0e+00 val=0.2678 2ch=0.000 2cl=0.000 100s
done. best in-dist exact=0.2730  -> runs/report6/a1_train/n64_path_union_roberta_similarity_lam0_seed1000
auto-eval multipath (similarity): runs/report6/a1_train/n64_path_union_roberta_similarity_lam0_seed1000/last.pt
checkpoint=runs/report6/a1_train/n64_path_union_roberta_similarity_lam0_seed1000/last.pt
  arch=roberta readout=similarity n=64 device=cuda
  k=1 ell= 3: pair=1.000 mat_exact=0.000 mat_pw=0.920 n_intact=0.00/1 (hist [399, 1])
  k=2 ell= 3: pair=1.000 mat_exact=0.000 mat_pw=0.918 n_intact=0.00/2 (hist [400, 0, 0])
  k=3 ell= 3: pair=1.000 mat_exact=0.000 mat_pw=0.979 n_intact=0.00/3 (hist [400, 0, 0, 0])
  k=4 ell= 3: pair=1.000 mat_exact=0.000 mat_pw=0.741 n_intact=1.25/4 (hist [262, 10, 6, 8, 114])
  k=1 ell= 5: pair=1.000 mat_exact=0.000 mat_pw=0.855 n_intact=0.03/1 (hist [389, 11])
  k=2 ell= 5: pair=1.000 mat_exact=0.000 mat_pw=0.751 n_intact=0.00/2 (hist [400, 0, 0])
  k=3 ell= 5: pair=1.000 mat_exact=0.000 mat_pw=0.935 n_intact=0.00/3 (hist [400, 0, 0, 0])
  k=4 ell= 5: pair=1.000 mat_exact=0.000 mat_pw=0.587 n_intact=3.56/4 (hist [25, 8, 12, 26, 329])
  k=1 ell= 7: pair=1.000 mat_exact=0.000 mat_pw=0.801 n_intact=0.08/1 (hist [368, 32])
  k=2 ell= 7: pair=1.000 mat_exact=0.000 mat_pw=0.661 n_intact=0.01/2 (hist [398, 0, 2])
  k=3 ell= 7: pair=1.000 mat_exact=0.000 mat_pw=0.618 n_intact=0.00/3 (hist [400, 0, 0, 0])
  k=4 ell= 7: pair=1.000 mat_exact=0.000 mat_pw=0.511 n_intact=3.88/4 (hist [12, 0, 0, 2, 386])
  k=1 ell= 9: pair=1.000 mat_exact=0.000 mat_pw=0.756 n_intact=0.11/1 (hist [356, 44])
  k=2 ell= 9: pair=1.000 mat_exact=0.000 mat_pw=0.593 n_intact=0.04/2 (hist [391, 2, 7])
  k=3 ell= 9: pair=1.000 mat_exact=0.000 mat_pw=0.538 n_intact=0.00/3 (hist [400, 0, 0, 0])
  k=4 ell= 9: pair=1.000 mat_exact=0.000 mat_pw=0.498 n_intact=3.90/4 (hist [9, 0, 1, 2, 388])
  k=1 ell=11: pair=1.000 mat_exact=0.000 mat_pw=0.710 n_intact=0.12/1 (hist [351, 49])
  k=2 ell=11: pair=1.000 mat_exact=0.000 mat_pw=0.544 n_intact=0.02/2 (hist [396, 1, 3])
  k=3 ell=11: pair=1.000 mat_exact=0.000 mat_pw=0.500 n_intact=0.00/3 (hist [400, 0, 0, 0])
  k=4 ell=11: pair=1.000 mat_exact=0.000 mat_pw=0.549 n_intact=3.93/4 (hist [6, 0, 1, 1, 392])
  k=1 ell=13: pair=1.000 mat_exact=0.000 mat_pw=0.670 n_intact=0.09/1 (hist [365, 35])
  k=2 ell=13: pair=1.000 mat_exact=0.000 mat_pw=0.512 n_intact=0.01/2 (hist [396, 2, 2])
  k=3 ell=13: pair=1.000 mat_exact=0.000 mat_pw=0.499 n_intact=0.00/3 (hist [400, 0, 0, 0])
  k=4 ell=13: pair=1.000 mat_exact=0.000 mat_pw=0.664 n_intact=3.89/4 (hist [9, 1, 2, 2, 386])
  k=1 ell=15: pair=1.000 mat_exact=0.000 mat_pw=0.634 n_intact=0.12/1 (hist [354, 46])
  k=2 ell=15: pair=1.000 mat_exact=0.000 mat_pw=0.495 n_intact=0.03/2 (hist [393, 4, 3])
  k=3 ell=15: pair=1.000 mat_exact=0.000 mat_pw=0.537 n_intact=0.00/3 (hist [400, 0, 0, 0])
  k=4 ell=15: pair=1.000 mat_exact=0.000 mat_pw=0.868 n_intact=3.95/4 (hist [4, 1, 1, 0, 394])
  k=1 ell=17: pair=1.000 mat_exact=0.000 mat_pw=0.602 n_intact=0.10/1 (hist [360, 40])
  k=2 ell=17: pair=1.000 mat_exact=0.000 mat_pw=0.494 n_intact=0.03/2 (hist [393, 4, 3])
  k=3 ell=17: pair=1.000 mat_exact=0.000 mat_pw=0.612 n_intact=0.00/3 (hist [400, 0, 0, 0])
  k=1 ell=19: pair=1.000 mat_exact=0.000 mat_pw=0.574 n_intact=0.11/1 (hist [355, 45])
  k=2 ell=19: pair=1.000 mat_exact=0.000 mat_pw=0.508 n_intact=0.02/2 (hist [396, 1, 3])
  k=3 ell=19: pair=1.000 mat_exact=0.000 mat_pw=0.754 n_intact=0.00/3 (hist [400, 0, 0, 0])
  saved -> runs/report6/multipath_sim/n64_pathunion_seed1000/multipath.json
