task 9 -> families=path_union n=20 p=0.05 seed=2000 readout=similarity
== n20_path_union_roberta_similarity_lam0_seed2000 ==
 device=cuda arch=roberta readout=similarity lambda=0.0 params=6,316,546
 step    5000 loss=0.25634 bce=0.25634 lap=0.00 lam=0.0e+00 val=0.6410 2ch=0.003 2cl=0.000 36s
 step   10000 loss=0.07258 bce=0.07258 lap=0.00 lam=0.0e+00 val=0.9184 2ch=0.995 2cl=0.000 33s
 step   15000 loss=0.02321 bce=0.02321 lap=0.00 lam=0.0e+00 val=0.9536 2ch=1.000 2cl=0.000 33s
 step   20000 loss=0.00870 bce=0.00870 lap=0.00 lam=0.0e+00 val=0.9996 2ch=1.000 2cl=0.000 33s
 step   25000 loss=0.00458 bce=0.00458 lap=0.00 lam=0.0e+00 val=1.0000 2ch=1.000 2cl=0.000 33s
 step   30000 loss=0.00297 bce=0.00297 lap=0.00 lam=0.0e+00 val=1.0000 2ch=1.000 2cl=0.000 33s
 step   35000 loss=0.00205 bce=0.00205 lap=0.00 lam=0.0e+00 val=1.0000 2ch=1.000 2cl=0.000 33s
 step   40000 loss=0.00154 bce=0.00154 lap=0.00 lam=0.0e+00 val=1.0000 2ch=1.000 2cl=0.000 33s
 step   45000 loss=0.00122 bce=0.00122 lap=0.00 lam=0.0e+00 val=1.0000 2ch=1.000 2cl=0.000 34s
 step   50000 loss=0.00097 bce=0.00097 lap=0.00 lam=0.0e+00 val=1.0000 2ch=1.000 2cl=0.000 33s
 step   55000 loss=0.00084 bce=0.00084 lap=0.00 lam=0.0e+00 val=1.0000 2ch=1.000 2cl=0.000 33s
 step   60000 loss=0.00072 bce=0.00072 lap=0.00 lam=0.0e+00 val=1.0000 2ch=1.000 2cl=0.000 33s
 step   65000 loss=0.00062 bce=0.00062 lap=0.00 lam=0.0e+00 val=1.0000 2ch=1.000 2cl=0.000 33s
 step   70000 loss=0.00054 bce=0.00054 lap=0.00 lam=0.0e+00 val=1.0000 2ch=1.000 2cl=0.000 33s
 step   75000 loss=0.00047 bce=0.00047 lap=0.00 lam=0.0e+00 val=1.0000 2ch=1.000 2cl=0.000 33s
 step   80000 loss=0.00043 bce=0.00043 lap=0.00 lam=0.0e+00 val=1.0000 2ch=1.000 2cl=0.000 33s
 step   85000 loss=0.00039 bce=0.00039 lap=0.00 lam=0.0e+00 val=1.0000 2ch=1.000 2cl=0.000 34s
 step   90000 loss=0.00034 bce=0.00034 lap=0.00 lam=0.0e+00 val=1.0000 2ch=1.000 2cl=0.000 33s
 step   95000 loss=0.00032 bce=0.00032 lap=0.00 lam=0.0e+00 val=1.0000 2ch=1.000 2cl=0.000 34s
 step  100000 loss=0.00029 bce=0.00029 lap=0.00 lam=0.0e+00 val=1.0000 2ch=1.000 2cl=0.000 34s
 step  105000 loss=0.00027 bce=0.00027 lap=0.00 lam=0.0e+00 val=1.0000 2ch=1.000 2cl=0.000 34s
 step  110000 loss=0.00025 bce=0.00025 lap=0.00 lam=0.0e+00 val=1.0000 2ch=1.000 2cl=0.000 34s
 step  115000 loss=0.00024 bce=0.00024 lap=0.00 lam=0.0e+00 val=1.0000 2ch=1.000 2cl=0.000 34s
 step  120000 loss=0.00021 bce=0.00021 lap=0.00 lam=0.0e+00 val=1.0000 2ch=1.000 2cl=0.000 34s
 step  125000 loss=0.00021 bce=0.00021 lap=0.00 lam=0.0e+00 val=1.0000 2ch=1.000 2cl=0.000 34s
 step  130000 loss=0.00019 bce=0.00019 lap=0.00 lam=0.0e+00 val=1.0000 2ch=1.000 2cl=0.000 34s
 step  135000 loss=0.00017 bce=0.00017 lap=0.00 lam=0.0e+00 val=1.0000 2ch=1.000 2cl=0.000 34s
 step  140000 loss=0.00018 bce=0.00018 lap=0.00 lam=0.0e+00 val=1.0000 2ch=1.000 2cl=0.000 34s
 step  145000 loss=0.00017 bce=0.00017 lap=0.00 lam=0.0e+00 val=1.0000 2ch=1.000 2cl=0.000 34s
 step  150000 loss=0.00015 bce=0.00015 lap=0.00 lam=0.0e+00 val=1.0000 2ch=1.000 2cl=0.000 34s
 step  155000 loss=0.00015 bce=0.00015 lap=0.00 lam=0.0e+00 val=1.0000 2ch=1.000 2cl=0.000 34s
 step  160000 loss=0.00014 bce=0.00014 lap=0.00 lam=0.0e+00 val=1.0000 2ch=1.000 2cl=0.000 34s
 step  165000 loss=0.00013 bce=0.00013 lap=0.00 lam=0.0e+00 val=1.0000 2ch=1.000 2cl=0.000 34s
 step  170000 loss=0.00013 bce=0.00013 lap=0.00 lam=0.0e+00 val=1.0000 2ch=1.000 2cl=0.000 34s
 step  175000 loss=0.00013 bce=0.00013 lap=0.00 lam=0.0e+00 val=1.0000 2ch=1.000 2cl=0.000 34s
 step  180000 loss=0.00012 bce=0.00012 lap=0.00 lam=0.0e+00 val=1.0000 2ch=1.000 2cl=0.000 34s
 step  185000 loss=0.00012 bce=0.00012 lap=0.00 lam=0.0e+00 val=1.0000 2ch=1.000 2cl=0.000 34s
 step  190000 loss=0.00011 bce=0.00011 lap=0.00 lam=0.0e+00 val=1.0000 2ch=1.000 2cl=0.000 34s
 step  195000 loss=0.00010 bce=0.00010 lap=0.00 lam=0.0e+00 val=1.0000 2ch=1.000 2cl=0.000 34s
 step  200000 loss=0.00011 bce=0.00011 lap=0.00 lam=0.0e+00 val=1.0000 2ch=1.000 2cl=0.000 34s
 step  205000 loss=0.00010 bce=0.00010 lap=0.00 lam=0.0e+00 val=1.0000 2ch=1.000 2cl=0.000 34s
 step  210000 loss=0.00010 bce=0.00010 lap=0.00 lam=0.0e+00 val=1.0000 2ch=1.000 2cl=0.000 34s
 step  215000 loss=0.00010 bce=0.00010 lap=0.00 lam=0.0e+00 val=1.0000 2ch=1.000 2cl=0.000 34s
 step  220000 loss=0.00009 bce=0.00009 lap=0.00 lam=0.0e+00 val=1.0000 2ch=1.000 2cl=0.000 34s
 step  225000 loss=0.00009 bce=0.00009 lap=0.00 lam=0.0e+00 val=1.0000 2ch=1.000 2cl=0.000 34s
 step  230000 loss=0.00008 bce=0.00008 lap=0.00 lam=0.0e+00 val=1.0000 2ch=1.000 2cl=0.000 34s
 step  235000 loss=0.00008 bce=0.00008 lap=0.00 lam=0.0e+00 val=1.0000 2ch=1.000 2cl=0.000 34s
 step  240000 loss=0.00009 bce=0.00009 lap=0.00 lam=0.0e+00 val=1.0000 2ch=1.000 2cl=0.000 34s
 step  245000 loss=0.00008 bce=0.00008 lap=0.00 lam=0.0e+00 val=1.0000 2ch=1.000 2cl=0.000 34s
 step  250000 loss=0.00008 bce=0.00008 lap=0.00 lam=0.0e+00 val=1.0000 2ch=1.000 2cl=0.000 34s
 step  255000 loss=0.00008 bce=0.00008 lap=0.00 lam=0.0e+00 val=1.0000 2ch=1.000 2cl=0.000 34s
 step  260000 loss=0.00007 bce=0.00007 lap=0.00 lam=0.0e+00 val=1.0000 2ch=1.000 2cl=0.000 34s
 step  265000 loss=0.00007 bce=0.00007 lap=0.00 lam=0.0e+00 val=1.0000 2ch=1.000 2cl=0.000 34s
 step  270000 loss=0.00007 bce=0.00007 lap=0.00 lam=0.0e+00 val=1.0000 2ch=1.000 2cl=0.000 34s
 step  275000 loss=0.00007 bce=0.00007 lap=0.00 lam=0.0e+00 val=1.0000 2ch=1.000 2cl=0.000 34s
 step  280000 loss=0.00007 bce=0.00007 lap=0.00 lam=0.0e+00 val=1.0000 2ch=1.000 2cl=0.000 34s
 step  285000 loss=0.00007 bce=0.00007 lap=0.00 lam=0.0e+00 val=1.0000 2ch=1.000 2cl=0.000 34s
 step  290000 loss=0.00006 bce=0.00006 lap=0.00 lam=0.0e+00 val=1.0000 2ch=1.000 2cl=0.000 34s
 step  295000 loss=0.00006 bce=0.00006 lap=0.00 lam=0.0e+00 val=1.0000 2ch=1.000 2cl=0.000 34s
 step  300000 loss=0.00007 bce=0.00007 lap=0.00 lam=0.0e+00 val=1.0000 2ch=1.000 2cl=0.000 34s
 step  305000 loss=0.00006 bce=0.00006 lap=0.00 lam=0.0e+00 val=1.0000 2ch=1.000 2cl=0.000 34s
 step  310000 loss=0.00006 bce=0.00006 lap=0.00 lam=0.0e+00 val=1.0000 2ch=1.000 2cl=0.000 34s
 step  315000 loss=0.00005 bce=0.00005 lap=0.00 lam=0.0e+00 val=1.0000 2ch=1.000 2cl=0.000 34s
 step  320000 loss=0.00006 bce=0.00006 lap=0.00 lam=0.0e+00 val=1.0000 2ch=1.000 2cl=0.000 34s
 step  325000 loss=0.00006 bce=0.00006 lap=0.00 lam=0.0e+00 val=1.0000 2ch=1.000 2cl=0.000 34s
 step  330000 loss=0.00006 bce=0.00006 lap=0.00 lam=0.0e+00 val=1.0000 2ch=1.000 2cl=0.000 34s
 step  335000 loss=0.00005 bce=0.00005 lap=0.00 lam=0.0e+00 val=1.0000 2ch=1.000 2cl=0.000 34s
 step  340000 loss=0.00005 bce=0.00005 lap=0.00 lam=0.0e+00 val=1.0000 2ch=1.000 2cl=0.000 34s
 step  345000 loss=0.00005 bce=0.00005 lap=0.00 lam=0.0e+00 val=1.0000 2ch=1.000 2cl=0.000 34s
 step  350000 loss=0.00005 bce=0.00005 lap=0.00 lam=0.0e+00 val=1.0000 2ch=1.000 2cl=0.000 34s
 step  355000 loss=0.00005 bce=0.00005 lap=0.00 lam=0.0e+00 val=1.0000 2ch=1.000 2cl=0.000 34s
 step  360000 loss=0.00005 bce=0.00005 lap=0.00 lam=0.0e+00 val=1.0000 2ch=1.000 2cl=0.000 34s
 step  365000 loss=0.00005 bce=0.00005 lap=0.00 lam=0.0e+00 val=1.0000 2ch=1.000 2cl=0.000 34s
 step  370000 loss=0.00004 bce=0.00004 lap=0.00 lam=0.0e+00 val=1.0000 2ch=1.000 2cl=0.000 34s
 step  375000 loss=0.00005 bce=0.00005 lap=0.00 lam=0.0e+00 val=1.0000 2ch=1.000 2cl=0.000 34s
 step  380000 loss=0.00004 bce=0.00004 lap=0.00 lam=0.0e+00 val=1.0000 2ch=1.000 2cl=0.000 34s
 step  385000 loss=0.00004 bce=0.00004 lap=0.00 lam=0.0e+00 val=1.0000 2ch=1.000 2cl=0.000 34s
 step  390000 loss=0.00004 bce=0.00004 lap=0.00 lam=0.0e+00 val=1.0000 2ch=1.000 2cl=0.000 34s
 step  395000 loss=0.00004 bce=0.00004 lap=0.00 lam=0.0e+00 val=1.0000 2ch=1.000 2cl=0.000 34s
 step  400000 loss=0.00004 bce=0.00004 lap=0.00 lam=0.0e+00 val=1.0000 2ch=1.000 2cl=0.000 34s
 step  405000 loss=0.00004 bce=0.00004 lap=0.00 lam=0.0e+00 val=1.0000 2ch=1.000 2cl=0.000 34s
 step  410000 loss=0.00004 bce=0.00004 lap=0.00 lam=0.0e+00 val=1.0000 2ch=1.000 2cl=0.000 34s
 step  415000 loss=0.00004 bce=0.00004 lap=0.00 lam=0.0e+00 val=1.0000 2ch=1.000 2cl=0.000 34s
 step  420000 loss=0.00004 bce=0.00004 lap=0.00 lam=0.0e+00 val=1.0000 2ch=1.000 2cl=0.000 34s
 step  425000 loss=0.00004 bce=0.00004 lap=0.00 lam=0.0e+00 val=1.0000 2ch=1.000 2cl=0.000 34s
 step  430000 loss=0.00004 bce=0.00004 lap=0.00 lam=0.0e+00 val=1.0000 2ch=1.000 2cl=0.000 34s
 step  435000 loss=0.00003 bce=0.00003 lap=0.00 lam=0.0e+00 val=1.0000 2ch=1.000 2cl=0.000 34s
 step  440000 loss=0.00004 bce=0.00004 lap=0.00 lam=0.0e+00 val=1.0000 2ch=1.000 2cl=0.000 34s
 step  445000 loss=0.00003 bce=0.00003 lap=0.00 lam=0.0e+00 val=1.0000 2ch=1.000 2cl=0.000 34s
 step  450000 loss=0.00004 bce=0.00004 lap=0.00 lam=0.0e+00 val=1.0000 2ch=1.000 2cl=0.000 34s
 step  455000 loss=0.00003 bce=0.00003 lap=0.00 lam=0.0e+00 val=1.0000 2ch=1.000 2cl=0.000 34s
 step  460000 loss=0.00003 bce=0.00003 lap=0.00 lam=0.0e+00 val=1.0000 2ch=1.000 2cl=0.000 34s
 step  465000 loss=0.00003 bce=0.00003 lap=0.00 lam=0.0e+00 val=1.0000 2ch=1.000 2cl=0.000 34s
 step  470000 loss=0.00003 bce=0.00003 lap=0.00 lam=0.0e+00 val=1.0000 2ch=1.000 2cl=0.000 34s
 step  475000 loss=0.00003 bce=0.00003 lap=0.00 lam=0.0e+00 val=1.0000 2ch=1.000 2cl=0.000 34s
 step  480000 loss=0.00003 bce=0.00003 lap=0.00 lam=0.0e+00 val=1.0000 2ch=1.000 2cl=0.000 34s
 step  485000 loss=0.00003 bce=0.00003 lap=0.00 lam=0.0e+00 val=1.0000 2ch=1.000 2cl=0.000 34s
 step  490000 loss=0.00003 bce=0.00003 lap=0.00 lam=0.0e+00 val=1.0000 2ch=1.000 2cl=0.000 34s
 step  495000 loss=0.00003 bce=0.00003 lap=0.00 lam=0.0e+00 val=1.0000 2ch=1.000 2cl=0.000 34s
 step  500000 loss=0.00003 bce=0.00003 lap=0.00 lam=0.0e+00 val=1.0000 2ch=1.000 2cl=0.000 34s
 step  505000 loss=0.00003 bce=0.00003 lap=0.00 lam=0.0e+00 val=1.0000 2ch=1.000 2cl=0.000 34s
 step  510000 loss=0.00003 bce=0.00003 lap=0.00 lam=0.0e+00 val=1.0000 2ch=1.000 2cl=0.000 34s
 step  515000 loss=0.00002 bce=0.00002 lap=0.00 lam=0.0e+00 val=1.0000 2ch=1.000 2cl=0.000 34s
 step  520000 loss=0.00003 bce=0.00003 lap=0.00 lam=0.0e+00 val=1.0000 2ch=1.000 2cl=0.000 34s
 step  525000 loss=0.00002 bce=0.00002 lap=0.00 lam=0.0e+00 val=1.0000 2ch=1.000 2cl=0.000 34s
 step  530000 loss=0.00002 bce=0.00002 lap=0.00 lam=0.0e+00 val=1.0000 2ch=1.000 2cl=0.000 34s
 step  535000 loss=0.00002 bce=0.00002 lap=0.00 lam=0.0e+00 val=1.0000 2ch=1.000 2cl=0.000 34s
 step  540000 loss=0.00002 bce=0.00002 lap=0.00 lam=0.0e+00 val=1.0000 2ch=1.000 2cl=0.000 34s
 step  545000 loss=0.00002 bce=0.00002 lap=0.00 lam=0.0e+00 val=1.0000 2ch=1.000 2cl=0.000 34s
 step  550000 loss=0.00002 bce=0.00002 lap=0.00 lam=0.0e+00 val=1.0000 2ch=1.000 2cl=0.000 34s
 step  555000 loss=0.00002 bce=0.00002 lap=0.00 lam=0.0e+00 val=1.0000 2ch=1.000 2cl=0.000 34s
 step  560000 loss=0.00002 bce=0.00002 lap=0.00 lam=0.0e+00 val=1.0000 2ch=1.000 2cl=0.000 34s
 step  565000 loss=0.00002 bce=0.00002 lap=0.00 lam=0.0e+00 val=1.0000 2ch=1.000 2cl=0.000 34s
 step  570000 loss=0.00002 bce=0.00002 lap=0.00 lam=0.0e+00 val=1.0000 2ch=1.000 2cl=0.000 34s
 step  575000 loss=0.00002 bce=0.00002 lap=0.00 lam=0.0e+00 val=1.0000 2ch=1.000 2cl=0.000 34s
 step  580000 loss=0.00002 bce=0.00002 lap=0.00 lam=0.0e+00 val=1.0000 2ch=1.000 2cl=0.000 34s
 step  585000 loss=0.00002 bce=0.00002 lap=0.00 lam=0.0e+00 val=1.0000 2ch=1.000 2cl=0.000 34s
 step  590000 loss=0.00002 bce=0.00002 lap=0.00 lam=0.0e+00 val=1.0000 2ch=1.000 2cl=0.000 34s
 step  595000 loss=0.00002 bce=0.00002 lap=0.00 lam=0.0e+00 val=1.0000 2ch=1.000 2cl=0.000 34s
 step  600000 loss=0.00002 bce=0.00002 lap=0.00 lam=0.0e+00 val=1.0000 2ch=1.000 2cl=0.000 34s
 step  605000 loss=0.00002 bce=0.00002 lap=0.00 lam=0.0e+00 val=1.0000 2ch=1.000 2cl=0.000 34s
 step  610000 loss=0.00002 bce=0.00002 lap=0.00 lam=0.0e+00 val=1.0000 2ch=1.000 2cl=0.000 34s
 step  615000 loss=0.00002 bce=0.00002 lap=0.00 lam=0.0e+00 val=1.0000 2ch=1.000 2cl=0.000 34s
 step  620000 loss=0.00002 bce=0.00002 lap=0.00 lam=0.0e+00 val=1.0000 2ch=1.000 2cl=0.000 34s
 step  625000 loss=0.00002 bce=0.00002 lap=0.00 lam=0.0e+00 val=1.0000 2ch=1.000 2cl=0.000 34s
 step  630000 loss=0.00002 bce=0.00002 lap=0.00 lam=0.0e+00 val=1.0000 2ch=1.000 2cl=0.000 34s
 step  635000 loss=0.00001 bce=0.00001 lap=0.00 lam=0.0e+00 val=1.0000 2ch=1.000 2cl=0.000 34s
 step  640000 loss=0.00002 bce=0.00002 lap=0.00 lam=0.0e+00 val=1.0000 2ch=1.000 2cl=0.000 34s
 step  645000 loss=0.00001 bce=0.00001 lap=0.00 lam=0.0e+00 val=1.0000 2ch=1.000 2cl=0.000 34s
 step  650000 loss=0.00001 bce=0.00001 lap=0.00 lam=0.0e+00 val=1.0000 2ch=1.000 2cl=0.000 34s
 step  655000 loss=0.00001 bce=0.00001 lap=0.00 lam=0.0e+00 val=1.0000 2ch=1.000 2cl=0.000 34s
 step  660000 loss=0.00001 bce=0.00001 lap=0.00 lam=0.0e+00 val=1.0000 2ch=1.000 2cl=0.000 34s
 step  665000 loss=0.00001 bce=0.00001 lap=0.00 lam=0.0e+00 val=1.0000 2ch=1.000 2cl=0.000 34s
 step  670000 loss=0.00001 bce=0.00001 lap=0.00 lam=0.0e+00 val=1.0000 2ch=1.000 2cl=0.000 34s
 step  675000 loss=0.00001 bce=0.00001 lap=0.00 lam=0.0e+00 val=1.0000 2ch=1.000 2cl=0.000 34s
 step  680000 loss=0.00001 bce=0.00001 lap=0.00 lam=0.0e+00 val=1.0000 2ch=1.000 2cl=0.000 34s
 step  685000 loss=0.00001 bce=0.00001 lap=0.00 lam=0.0e+00 val=1.0000 2ch=1.000 2cl=0.000 34s
 step  690000 loss=0.00001 bce=0.00001 lap=0.00 lam=0.0e+00 val=1.0000 2ch=1.000 2cl=0.000 34s
 step  695000 loss=0.00001 bce=0.00001 lap=0.00 lam=0.0e+00 val=1.0000 2ch=1.000 2cl=0.000 34s
 step  700000 loss=0.00001 bce=0.00001 lap=0.00 lam=0.0e+00 val=1.0000 2ch=1.000 2cl=0.000 34s
 step  705000 loss=0.00001 bce=0.00001 lap=0.00 lam=0.0e+00 val=1.0000 2ch=1.000 2cl=0.000 34s
 step  710000 loss=0.00001 bce=0.00001 lap=0.00 lam=0.0e+00 val=1.0000 2ch=1.000 2cl=0.000 34s
 step  715000 loss=0.00001 bce=0.00001 lap=0.00 lam=0.0e+00 val=1.0000 2ch=1.000 2cl=0.000 34s
 step  720000 loss=0.00001 bce=0.00001 lap=0.00 lam=0.0e+00 val=1.0000 2ch=1.000 2cl=0.000 34s
 step  725000 loss=0.00001 bce=0.00001 lap=0.00 lam=0.0e+00 val=1.0000 2ch=1.000 2cl=0.000 34s
 step  730000 loss=0.00001 bce=0.00001 lap=0.00 lam=0.0e+00 val=1.0000 2ch=1.000 2cl=0.000 34s
 step  735000 loss=0.00001 bce=0.00001 lap=0.00 lam=0.0e+00 val=1.0000 2ch=1.000 2cl=0.000 34s
 step  740000 loss=0.00001 bce=0.00001 lap=0.00 lam=0.0e+00 val=1.0000 2ch=1.000 2cl=0.000 34s
 step  745000 loss=0.00001 bce=0.00001 lap=0.00 lam=0.0e+00 val=1.0000 2ch=1.000 2cl=0.000 34s
 step  750000 loss=0.00001 bce=0.00001 lap=0.00 lam=0.0e+00 val=1.0000 2ch=1.000 2cl=0.000 34s
 step  755000 loss=0.00001 bce=0.00001 lap=0.00 lam=0.0e+00 val=1.0000 2ch=1.000 2cl=0.000 34s
 step  760000 loss=0.00001 bce=0.00001 lap=0.00 lam=0.0e+00 val=1.0000 2ch=1.000 2cl=0.000 34s
 step  765000 loss=0.00001 bce=0.00001 lap=0.00 lam=0.0e+00 val=1.0000 2ch=1.000 2cl=0.000 34s
 step  770000 loss=0.00001 bce=0.00001 lap=0.00 lam=0.0e+00 val=1.0000 2ch=1.000 2cl=0.000 34s
 step  775000 loss=0.00001 bce=0.00001 lap=0.00 lam=0.0e+00 val=1.0000 2ch=1.000 2cl=0.000 34s
 step  780000 loss=0.00001 bce=0.00001 lap=0.00 lam=0.0e+00 val=1.0000 2ch=1.000 2cl=0.000 34s
 step  785000 loss=0.00001 bce=0.00001 lap=0.00 lam=0.0e+00 val=1.0000 2ch=1.000 2cl=0.000 34s
 step  790000 loss=0.00001 bce=0.00001 lap=0.00 lam=0.0e+00 val=1.0000 2ch=1.000 2cl=0.000 34s
 step  795000 loss=0.00001 bce=0.00001 lap=0.00 lam=0.0e+00 val=1.0000 2ch=1.000 2cl=0.000 34s
 step  800000 loss=0.00001 bce=0.00001 lap=0.00 lam=0.0e+00 val=1.0000 2ch=1.000 2cl=0.000 34s
 step  805000 loss=0.00001 bce=0.00001 lap=0.00 lam=0.0e+00 val=1.0000 2ch=1.000 2cl=0.000 34s
 step  810000 loss=0.00001 bce=0.00001 lap=0.00 lam=0.0e+00 val=1.0000 2ch=1.000 2cl=0.000 34s
 step  815000 loss=0.00001 bce=0.00001 lap=0.00 lam=0.0e+00 val=1.0000 2ch=1.000 2cl=0.000 34s
 step  820000 loss=0.00001 bce=0.00001 lap=0.00 lam=0.0e+00 val=1.0000 2ch=1.000 2cl=0.000 34s
 step  825000 loss=0.00001 bce=0.00001 lap=0.00 lam=0.0e+00 val=1.0000 2ch=1.000 2cl=0.000 34s
 step  830000 loss=0.00001 bce=0.00001 lap=0.00 lam=0.0e+00 val=1.0000 2ch=1.000 2cl=0.000 34s
 step  835000 loss=0.00001 bce=0.00001 lap=0.00 lam=0.0e+00 val=1.0000 2ch=1.000 2cl=0.000 34s
 step  840000 loss=0.00001 bce=0.00001 lap=0.00 lam=0.0e+00 val=1.0000 2ch=1.000 2cl=0.000 34s
 step  845000 loss=0.00001 bce=0.00001 lap=0.00 lam=0.0e+00 val=1.0000 2ch=1.000 2cl=0.000 34s
 step  850000 loss=0.00001 bce=0.00001 lap=0.00 lam=0.0e+00 val=1.0000 2ch=1.000 2cl=0.000 34s
 step  855000 loss=0.00001 bce=0.00001 lap=0.00 lam=0.0e+00 val=1.0000 2ch=1.000 2cl=0.000 34s
 step  860000 loss=0.00001 bce=0.00001 lap=0.00 lam=0.0e+00 val=1.0000 2ch=1.000 2cl=0.000 34s
 step  865000 loss=0.00001 bce=0.00001 lap=0.00 lam=0.0e+00 val=1.0000 2ch=1.000 2cl=0.000 34s
 step  870000 loss=0.00001 bce=0.00001 lap=0.00 lam=0.0e+00 val=1.0000 2ch=1.000 2cl=0.000 34s
 step  875000 loss=0.00001 bce=0.00001 lap=0.00 lam=0.0e+00 val=1.0000 2ch=1.000 2cl=0.000 34s
 step  880000 loss=0.00001 bce=0.00001 lap=0.00 lam=0.0e+00 val=1.0000 2ch=1.000 2cl=0.000 34s
 step  885000 loss=0.00001 bce=0.00001 lap=0.00 lam=0.0e+00 val=1.0000 2ch=1.000 2cl=0.000 34s
 step  890000 loss=0.00001 bce=0.00001 lap=0.00 lam=0.0e+00 val=1.0000 2ch=1.000 2cl=0.000 34s
 step  895000 loss=0.00001 bce=0.00001 lap=0.00 lam=0.0e+00 val=1.0000 2ch=1.000 2cl=0.000 34s
 step  900000 loss=0.00001 bce=0.00001 lap=0.00 lam=0.0e+00 val=1.0000 2ch=1.000 2cl=0.000 34s
 step  905000 loss=0.00001 bce=0.00001 lap=0.00 lam=0.0e+00 val=1.0000 2ch=1.000 2cl=0.000 34s
 step  910000 loss=0.00001 bce=0.00001 lap=0.00 lam=0.0e+00 val=1.0000 2ch=1.000 2cl=0.000 34s
 step  915000 loss=0.00001 bce=0.00001 lap=0.00 lam=0.0e+00 val=1.0000 2ch=1.000 2cl=0.000 34s
 step  920000 loss=0.00001 bce=0.00001 lap=0.00 lam=0.0e+00 val=1.0000 2ch=1.000 2cl=0.000 34s
 step  925000 loss=0.00001 bce=0.00001 lap=0.00 lam=0.0e+00 val=1.0000 2ch=1.000 2cl=0.000 34s
 step  930000 loss=0.00001 bce=0.00001 lap=0.00 lam=0.0e+00 val=1.0000 2ch=1.000 2cl=0.000 34s
 step  935000 loss=0.00001 bce=0.00001 lap=0.00 lam=0.0e+00 val=1.0000 2ch=1.000 2cl=0.000 34s
 step  940000 loss=0.00001 bce=0.00001 lap=0.00 lam=0.0e+00 val=1.0000 2ch=1.000 2cl=0.000 34s
 step  945000 loss=0.00001 bce=0.00001 lap=0.00 lam=0.0e+00 val=1.0000 2ch=1.000 2cl=0.000 34s
 step  950000 loss=0.00001 bce=0.00001 lap=0.00 lam=0.0e+00 val=1.0000 2ch=1.000 2cl=0.000 34s
 step  955000 loss=0.00001 bce=0.00001 lap=0.00 lam=0.0e+00 val=1.0000 2ch=1.000 2cl=0.000 34s
 step  960000 loss=0.00001 bce=0.00001 lap=0.00 lam=0.0e+00 val=1.0000 2ch=1.000 2cl=0.000 34s
 step  965000 loss=0.00001 bce=0.00001 lap=0.00 lam=0.0e+00 val=1.0000 2ch=1.000 2cl=0.000 34s
 step  970000 loss=0.00001 bce=0.00001 lap=0.00 lam=0.0e+00 val=1.0000 2ch=1.000 2cl=0.000 34s
 step  975000 loss=0.00001 bce=0.00001 lap=0.00 lam=0.0e+00 val=1.0000 2ch=1.000 2cl=0.000 34s
 step  980000 loss=0.00001 bce=0.00001 lap=0.00 lam=0.0e+00 val=1.0000 2ch=1.000 2cl=0.000 34s
 step  985000 loss=0.00001 bce=0.00001 lap=0.00 lam=0.0e+00 val=1.0000 2ch=1.000 2cl=0.000 34s
 step  990000 loss=0.00001 bce=0.00001 lap=0.00 lam=0.0e+00 val=1.0000 2ch=1.000 2cl=0.000 34s
 step  995000 loss=0.00001 bce=0.00001 lap=0.00 lam=0.0e+00 val=1.0000 2ch=1.000 2cl=0.000 34s
 step 1000000 loss=0.00001 bce=0.00001 lap=0.00 lam=0.0e+00 val=1.0000 2ch=1.000 2cl=0.000 34s
done. best in-dist exact=1.0000  -> runs/report6/a1_train/n20_path_union_roberta_similarity_lam0_seed2000
auto-eval multipath (similarity): runs/report6/a1_train/n20_path_union_roberta_similarity_lam0_seed2000/last.pt
checkpoint=runs/report6/a1_train/n20_path_union_roberta_similarity_lam0_seed2000/last.pt
  arch=roberta readout=similarity n=20 device=cuda
  k=1 ell= 3: pair=1.000 mat_exact=0.000 mat_pw=0.745 n_intact=1.00/1 (hist [0, 400])
  k=2 ell= 3: pair=1.000 mat_exact=0.000 mat_pw=0.602 n_intact=2.00/2 (hist [0, 0, 400])
  k=3 ell= 3: pair=1.000 mat_exact=0.000 mat_pw=0.673 n_intact=2.98/3 (hist [3, 0, 0, 397])
  k=4 ell= 3: pair=1.000 mat_exact=0.000 mat_pw=0.803 n_intact=4.00/4 (hist [0, 0, 0, 0, 400])
  k=1 ell= 5: pair=1.000 mat_exact=0.000 mat_pw=0.776 n_intact=0.99/1 (hist [2, 398])
  k=2 ell= 5: pair=1.000 mat_exact=0.000 mat_pw=0.642 n_intact=1.62/2 (hist [59, 34, 307])
  k=3 ell= 5: pair=1.000 mat_exact=0.000 mat_pw=0.550 n_intact=0.21/3 (hist [362, 11, 7, 20])
  k=4 ell= 5: pair=1.000 mat_exact=0.000 mat_pw=0.592 n_intact=0.21/4 (hist [342, 38, 15, 2, 3])
  k=1 ell= 7: pair=0.998 mat_exact=0.000 mat_pw=0.702 n_intact=0.09/1 (hist [366, 34])
  k=2 ell= 7: pair=1.000 mat_exact=0.000 mat_pw=0.712 n_intact=1.50/2 (hist [61, 77, 262])
  k=1 ell= 9: pair=1.000 mat_exact=0.000 mat_pw=0.553 n_intact=0.00/1 (hist [400, 0])
  k=1 ell=11: pair=1.000 mat_exact=0.000 mat_pw=0.585 n_intact=0.04/1 (hist [385, 15])
  k=1 ell=13: pair=1.000 mat_exact=0.000 mat_pw=0.534 n_intact=0.01/1 (hist [396, 4])
  saved -> runs/report6/multipath_sim/n20_pathunion_seed2000/multipath.json
