task 22 -> families=path_union n=64 p=0.05 seed=3000 readout=similarity
== n64_path_union_roberta_similarity_lam0_seed3000 ==
 device=cuda arch=roberta readout=similarity lambda=0.0 params=6,339,074
 step    5000 loss=0.52247 bce=0.52247 lap=0.00 lam=0.0e+00 val=0.2534 2ch=0.000 2cl=0.000 101s
 step   10000 loss=0.40258 bce=0.40258 lap=0.00 lam=0.0e+00 val=0.2682 2ch=0.000 2cl=0.000 100s
 step   15000 loss=0.36908 bce=0.36908 lap=0.00 lam=0.0e+00 val=0.2702 2ch=0.000 2cl=0.000 100s
 step   20000 loss=0.35975 bce=0.35975 lap=0.00 lam=0.0e+00 val=0.2724 2ch=0.000 2cl=0.000 100s
 step   25000 loss=0.35380 bce=0.35380 lap=0.00 lam=0.0e+00 val=0.2704 2ch=0.000 2cl=0.000 100s
 step   30000 loss=0.34916 bce=0.34916 lap=0.00 lam=0.0e+00 val=0.2762 2ch=0.000 2cl=0.000 100s
 step   35000 loss=0.34583 bce=0.34583 lap=0.00 lam=0.0e+00 val=0.2754 2ch=0.000 2cl=0.000 100s
 step   40000 loss=0.34097 bce=0.34097 lap=0.00 lam=0.0e+00 val=0.2826 2ch=0.000 2cl=0.000 100s
 step   45000 loss=0.32880 bce=0.32880 lap=0.00 lam=0.0e+00 val=0.2908 2ch=0.000 2cl=0.000 100s
 step   50000 loss=0.31452 bce=0.31452 lap=0.00 lam=0.0e+00 val=0.3126 2ch=0.000 2cl=0.000 100s
 step   55000 loss=0.30425 bce=0.30425 lap=0.00 lam=0.0e+00 val=0.3204 2ch=0.000 2cl=0.000 100s
 step   60000 loss=0.29660 bce=0.29660 lap=0.00 lam=0.0e+00 val=0.3234 2ch=0.000 2cl=0.000 100s
 step   65000 loss=0.28991 bce=0.28991 lap=0.00 lam=0.0e+00 val=0.3202 2ch=0.000 2cl=0.000 100s
 step   70000 loss=0.28383 bce=0.28383 lap=0.00 lam=0.0e+00 val=0.3240 2ch=0.000 2cl=0.004 100s
 step   75000 loss=0.27863 bce=0.27863 lap=0.00 lam=0.0e+00 val=0.3234 2ch=0.000 2cl=0.003 100s
 step   80000 loss=0.27438 bce=0.27438 lap=0.00 lam=0.0e+00 val=0.3208 2ch=0.000 2cl=0.000 100s
 step   85000 loss=0.27097 bce=0.27097 lap=0.00 lam=0.0e+00 val=0.3246 2ch=0.000 2cl=0.000 100s
 step   90000 loss=0.26758 bce=0.26758 lap=0.00 lam=0.0e+00 val=0.3328 2ch=0.000 2cl=0.000 100s
 step   95000 loss=0.26494 bce=0.26494 lap=0.00 lam=0.0e+00 val=0.3332 2ch=0.000 2cl=0.000 100s
 step  100000 loss=0.26281 bce=0.26281 lap=0.00 lam=0.0e+00 val=0.3342 2ch=0.000 2cl=0.000 100s
 step  105000 loss=0.26044 bce=0.26044 lap=0.00 lam=0.0e+00 val=0.3348 2ch=0.000 2cl=0.000 100s
 step  110000 loss=0.25869 bce=0.25869 lap=0.00 lam=0.0e+00 val=0.3358 2ch=0.000 2cl=0.000 100s
 step  115000 loss=0.25697 bce=0.25697 lap=0.00 lam=0.0e+00 val=0.3308 2ch=0.000 2cl=0.000 100s
 step  120000 loss=0.25545 bce=0.25545 lap=0.00 lam=0.0e+00 val=0.3402 2ch=0.000 2cl=0.325 100s
 step  125000 loss=0.25401 bce=0.25401 lap=0.00 lam=0.0e+00 val=0.3510 2ch=0.000 2cl=0.000 100s
 step  130000 loss=0.25272 bce=0.25272 lap=0.00 lam=0.0e+00 val=0.3514 2ch=0.000 2cl=0.000 100s
 step  135000 loss=0.25109 bce=0.25109 lap=0.00 lam=0.0e+00 val=0.3470 2ch=0.000 2cl=0.000 100s
 step  140000 loss=0.24994 bce=0.24994 lap=0.00 lam=0.0e+00 val=0.3572 2ch=0.000 2cl=0.000 100s
 step  145000 loss=0.24862 bce=0.24862 lap=0.00 lam=0.0e+00 val=0.3626 2ch=0.000 2cl=0.000 101s
 step  150000 loss=0.24744 bce=0.24744 lap=0.00 lam=0.0e+00 val=0.3638 2ch=0.000 2cl=0.000 100s
 step  155000 loss=0.24615 bce=0.24615 lap=0.00 lam=0.0e+00 val=0.3610 2ch=0.000 2cl=0.000 100s
 step  160000 loss=0.24519 bce=0.24519 lap=0.00 lam=0.0e+00 val=0.3722 2ch=0.000 2cl=0.000 100s
 step  165000 loss=0.24403 bce=0.24403 lap=0.00 lam=0.0e+00 val=0.3698 2ch=0.000 2cl=0.000 100s
 step  170000 loss=0.24280 bce=0.24280 lap=0.00 lam=0.0e+00 val=0.3750 2ch=0.000 2cl=0.000 100s
 step  175000 loss=0.24187 bce=0.24187 lap=0.00 lam=0.0e+00 val=0.3708 2ch=0.000 2cl=0.000 101s
 step  180000 loss=0.24079 bce=0.24079 lap=0.00 lam=0.0e+00 val=0.3754 2ch=0.000 2cl=0.000 100s
 step  185000 loss=0.23990 bce=0.23990 lap=0.00 lam=0.0e+00 val=0.3744 2ch=0.000 2cl=0.000 100s
 step  190000 loss=0.23889 bce=0.23889 lap=0.00 lam=0.0e+00 val=0.3730 2ch=0.000 2cl=0.000 100s
 step  195000 loss=0.23788 bce=0.23788 lap=0.00 lam=0.0e+00 val=0.3806 2ch=0.000 2cl=0.000 100s
 step  200000 loss=0.23698 bce=0.23698 lap=0.00 lam=0.0e+00 val=0.3796 2ch=0.000 2cl=0.000 100s
 step  205000 loss=0.23628 bce=0.23628 lap=0.00 lam=0.0e+00 val=0.3810 2ch=0.000 2cl=0.000 100s
 step  210000 loss=0.23547 bce=0.23547 lap=0.00 lam=0.0e+00 val=0.3844 2ch=0.000 2cl=0.000 101s
 step  215000 loss=0.23464 bce=0.23464 lap=0.00 lam=0.0e+00 val=0.3806 2ch=0.000 2cl=0.000 100s
 step  220000 loss=0.23395 bce=0.23395 lap=0.00 lam=0.0e+00 val=0.3852 2ch=0.000 2cl=0.000 100s
 step  225000 loss=0.23320 bce=0.23320 lap=0.00 lam=0.0e+00 val=0.3870 2ch=0.000 2cl=0.000 100s
 step  230000 loss=0.23255 bce=0.23255 lap=0.00 lam=0.0e+00 val=0.3852 2ch=0.000 2cl=0.000 100s
 step  235000 loss=0.23193 bce=0.23193 lap=0.00 lam=0.0e+00 val=0.3822 2ch=0.000 2cl=0.000 103s
 step  240000 loss=0.23130 bce=0.23130 lap=0.00 lam=0.0e+00 val=0.3858 2ch=0.000 2cl=0.000 100s
 step  245000 loss=0.23074 bce=0.23074 lap=0.00 lam=0.0e+00 val=0.3844 2ch=0.000 2cl=0.000 100s
 step  250000 loss=0.23012 bce=0.23012 lap=0.00 lam=0.0e+00 val=0.3884 2ch=0.000 2cl=0.000 100s
 step  255000 loss=0.22958 bce=0.22958 lap=0.00 lam=0.0e+00 val=0.3844 2ch=0.000 2cl=0.000 100s
 step  260000 loss=0.22895 bce=0.22895 lap=0.00 lam=0.0e+00 val=0.3878 2ch=0.000 2cl=0.000 100s
 step  265000 loss=0.22830 bce=0.22830 lap=0.00 lam=0.0e+00 val=0.3852 2ch=0.000 2cl=0.000 100s
 step  270000 loss=0.22784 bce=0.22784 lap=0.00 lam=0.0e+00 val=0.3820 2ch=0.000 2cl=0.000 100s
 step  275000 loss=0.22751 bce=0.22751 lap=0.00 lam=0.0e+00 val=0.3856 2ch=0.000 2cl=0.000 100s
 step  280000 loss=0.22691 bce=0.22691 lap=0.00 lam=0.0e+00 val=0.3832 2ch=0.000 2cl=0.000 100s
 step  285000 loss=0.22655 bce=0.22655 lap=0.00 lam=0.0e+00 val=0.3874 2ch=0.000 2cl=0.000 100s
 step  290000 loss=0.22594 bce=0.22594 lap=0.00 lam=0.0e+00 val=0.3878 2ch=0.000 2cl=0.000 100s
 step  295000 loss=0.22561 bce=0.22561 lap=0.00 lam=0.0e+00 val=0.3854 2ch=0.000 2cl=0.000 100s
 step  300000 loss=0.22508 bce=0.22508 lap=0.00 lam=0.0e+00 val=0.3874 2ch=0.000 2cl=0.000 100s
 step  305000 loss=0.22466 bce=0.22466 lap=0.00 lam=0.0e+00 val=0.3848 2ch=0.000 2cl=0.000 100s
 step  310000 loss=0.22425 bce=0.22425 lap=0.00 lam=0.0e+00 val=0.3868 2ch=0.000 2cl=0.000 100s
 step  315000 loss=0.22373 bce=0.22373 lap=0.00 lam=0.0e+00 val=0.3896 2ch=0.000 2cl=0.000 100s
 step  320000 loss=0.22328 bce=0.22328 lap=0.00 lam=0.0e+00 val=0.3872 2ch=0.000 2cl=0.000 100s
 step  325000 loss=0.22290 bce=0.22290 lap=0.00 lam=0.0e+00 val=0.3854 2ch=0.000 2cl=0.000 100s
 step  330000 loss=0.22246 bce=0.22246 lap=0.00 lam=0.0e+00 val=0.3880 2ch=0.000 2cl=0.000 100s
 step  335000 loss=0.22205 bce=0.22205 lap=0.00 lam=0.0e+00 val=0.3888 2ch=0.000 2cl=0.000 100s
 step  340000 loss=0.22173 bce=0.22173 lap=0.00 lam=0.0e+00 val=0.3882 2ch=0.000 2cl=0.000 100s
 step  345000 loss=0.22143 bce=0.22143 lap=0.00 lam=0.0e+00 val=0.3906 2ch=0.000 2cl=0.000 100s
 step  350000 loss=0.22123 bce=0.22123 lap=0.00 lam=0.0e+00 val=0.3910 2ch=0.000 2cl=0.000 100s
 step  355000 loss=0.22082 bce=0.22082 lap=0.00 lam=0.0e+00 val=0.3922 2ch=0.000 2cl=0.000 101s
 step  360000 loss=0.22043 bce=0.22043 lap=0.00 lam=0.0e+00 val=0.3922 2ch=0.000 2cl=0.000 100s
 step  365000 loss=0.21990 bce=0.21990 lap=0.00 lam=0.0e+00 val=0.3884 2ch=0.000 2cl=0.000 100s
 step  370000 loss=0.21962 bce=0.21962 lap=0.00 lam=0.0e+00 val=0.3914 2ch=0.000 2cl=0.000 100s
 step  375000 loss=0.21935 bce=0.21935 lap=0.00 lam=0.0e+00 val=0.3898 2ch=0.000 2cl=0.000 100s
 step  380000 loss=0.21900 bce=0.21900 lap=0.00 lam=0.0e+00 val=0.3918 2ch=0.000 2cl=0.000 100s
 step  385000 loss=0.21848 bce=0.21848 lap=0.00 lam=0.0e+00 val=0.3894 2ch=0.000 2cl=0.000 100s
 step  390000 loss=0.21817 bce=0.21817 lap=0.00 lam=0.0e+00 val=0.3888 2ch=0.000 2cl=0.000 100s
 step  395000 loss=0.21797 bce=0.21797 lap=0.00 lam=0.0e+00 val=0.3900 2ch=0.000 2cl=0.000 101s
 step  400000 loss=0.21784 bce=0.21784 lap=0.00 lam=0.0e+00 val=0.3886 2ch=0.000 2cl=0.000 100s
 step  405000 loss=0.21747 bce=0.21747 lap=0.00 lam=0.0e+00 val=0.3896 2ch=0.000 2cl=0.000 100s
 step  410000 loss=0.21704 bce=0.21704 lap=0.00 lam=0.0e+00 val=0.3932 2ch=0.000 2cl=0.000 100s
 step  415000 loss=0.21693 bce=0.21693 lap=0.00 lam=0.0e+00 val=0.3890 2ch=0.000 2cl=0.000 100s
 step  420000 loss=0.21656 bce=0.21656 lap=0.00 lam=0.0e+00 val=0.3890 2ch=0.000 2cl=0.000 100s
 step  425000 loss=0.21601 bce=0.21601 lap=0.00 lam=0.0e+00 val=0.3918 2ch=0.000 2cl=0.000 100s
 step  430000 loss=0.21596 bce=0.21596 lap=0.00 lam=0.0e+00 val=0.3938 2ch=0.000 2cl=0.000 100s
 step  435000 loss=0.21574 bce=0.21574 lap=0.00 lam=0.0e+00 val=0.3882 2ch=0.000 2cl=0.000 100s
 step  440000 loss=0.21533 bce=0.21533 lap=0.00 lam=0.0e+00 val=0.3928 2ch=0.000 2cl=0.000 100s
 step  445000 loss=0.21511 bce=0.21511 lap=0.00 lam=0.0e+00 val=0.3924 2ch=0.000 2cl=0.000 100s
 step  450000 loss=0.21479 bce=0.21479 lap=0.00 lam=0.0e+00 val=0.3900 2ch=0.000 2cl=0.000 100s
 step  455000 loss=0.21443 bce=0.21443 lap=0.00 lam=0.0e+00 val=0.3934 2ch=0.000 2cl=0.000 100s
 step  460000 loss=0.21436 bce=0.21436 lap=0.00 lam=0.0e+00 val=0.3902 2ch=0.000 2cl=0.000 100s
 step  465000 loss=0.21406 bce=0.21406 lap=0.00 lam=0.0e+00 val=0.3962 2ch=0.000 2cl=0.000 100s
 step  470000 loss=0.21380 bce=0.21380 lap=0.00 lam=0.0e+00 val=0.3918 2ch=0.000 2cl=0.000 100s
 step  475000 loss=0.21360 bce=0.21360 lap=0.00 lam=0.0e+00 val=0.3924 2ch=0.000 2cl=0.000 100s
 step  480000 loss=0.21327 bce=0.21327 lap=0.00 lam=0.0e+00 val=0.3960 2ch=0.000 2cl=0.000 100s
 step  485000 loss=0.21310 bce=0.21310 lap=0.00 lam=0.0e+00 val=0.3958 2ch=0.000 2cl=0.000 100s
 step  490000 loss=0.21289 bce=0.21289 lap=0.00 lam=0.0e+00 val=0.3918 2ch=0.000 2cl=0.000 100s
 step  495000 loss=0.21266 bce=0.21266 lap=0.00 lam=0.0e+00 val=0.3942 2ch=0.000 2cl=0.000 100s
 step  500000 loss=0.21243 bce=0.21243 lap=0.00 lam=0.0e+00 val=0.3946 2ch=0.000 2cl=0.000 100s
 step  505000 loss=0.21216 bce=0.21216 lap=0.00 lam=0.0e+00 val=0.3942 2ch=0.000 2cl=0.000 100s
 step  510000 loss=0.21194 bce=0.21194 lap=0.00 lam=0.0e+00 val=0.3944 2ch=0.000 2cl=0.000 100s
 step  515000 loss=0.21174 bce=0.21174 lap=0.00 lam=0.0e+00 val=0.3934 2ch=0.000 2cl=0.000 100s
 step  520000 loss=0.21155 bce=0.21155 lap=0.00 lam=0.0e+00 val=0.3950 2ch=0.000 2cl=0.000 100s
 step  525000 loss=0.21124 bce=0.21124 lap=0.00 lam=0.0e+00 val=0.3930 2ch=0.000 2cl=0.000 100s
 step  530000 loss=0.21107 bce=0.21107 lap=0.00 lam=0.0e+00 val=0.3970 2ch=0.000 2cl=0.000 100s
 step  535000 loss=0.21091 bce=0.21091 lap=0.00 lam=0.0e+00 val=0.3938 2ch=0.000 2cl=0.000 100s
 step  540000 loss=0.21067 bce=0.21067 lap=0.00 lam=0.0e+00 val=0.3916 2ch=0.000 2cl=0.000 100s
 step  545000 loss=0.21050 bce=0.21050 lap=0.00 lam=0.0e+00 val=0.3944 2ch=0.000 2cl=0.000 100s
 step  550000 loss=0.21016 bce=0.21016 lap=0.00 lam=0.0e+00 val=0.3988 2ch=0.000 2cl=0.000 100s
 step  555000 loss=0.21018 bce=0.21018 lap=0.00 lam=0.0e+00 val=0.3962 2ch=0.000 2cl=0.000 100s
 step  560000 loss=0.20978 bce=0.20978 lap=0.00 lam=0.0e+00 val=0.3984 2ch=0.000 2cl=0.000 100s
 step  565000 loss=0.20968 bce=0.20968 lap=0.00 lam=0.0e+00 val=0.3978 2ch=0.000 2cl=0.000 100s
 step  570000 loss=0.20957 bce=0.20957 lap=0.00 lam=0.0e+00 val=0.4006 2ch=0.000 2cl=0.000 100s
 step  575000 loss=0.20921 bce=0.20921 lap=0.00 lam=0.0e+00 val=0.3980 2ch=0.000 2cl=0.000 100s
 step  580000 loss=0.20914 bce=0.20914 lap=0.00 lam=0.0e+00 val=0.3940 2ch=0.000 2cl=0.000 100s
 step  585000 loss=0.20895 bce=0.20895 lap=0.00 lam=0.0e+00 val=0.3958 2ch=0.000 2cl=0.000 100s
 step  590000 loss=0.20882 bce=0.20882 lap=0.00 lam=0.0e+00 val=0.3976 2ch=0.000 2cl=0.000 100s
 step  595000 loss=0.20875 bce=0.20875 lap=0.00 lam=0.0e+00 val=0.3982 2ch=0.000 2cl=0.000 100s
 step  600000 loss=0.20836 bce=0.20836 lap=0.00 lam=0.0e+00 val=0.3938 2ch=0.000 2cl=0.000 100s
 step  605000 loss=0.20800 bce=0.20800 lap=0.00 lam=0.0e+00 val=0.3964 2ch=0.000 2cl=0.000 101s
 step  610000 loss=0.20789 bce=0.20789 lap=0.00 lam=0.0e+00 val=0.3980 2ch=0.000 2cl=0.000 100s
 step  615000 loss=0.20800 bce=0.20800 lap=0.00 lam=0.0e+00 val=0.3988 2ch=0.000 2cl=0.000 100s
 step  620000 loss=0.20783 bce=0.20783 lap=0.00 lam=0.0e+00 val=0.3958 2ch=0.000 2cl=0.000 100s
 step  625000 loss=0.20763 bce=0.20763 lap=0.00 lam=0.0e+00 val=0.3958 2ch=0.000 2cl=0.000 100s
 step  630000 loss=0.20734 bce=0.20734 lap=0.00 lam=0.0e+00 val=0.3946 2ch=0.000 2cl=0.000 100s
 step  635000 loss=0.20716 bce=0.20716 lap=0.00 lam=0.0e+00 val=0.4006 2ch=0.000 2cl=0.000 100s
 step  640000 loss=0.20696 bce=0.20696 lap=0.00 lam=0.0e+00 val=0.3980 2ch=0.000 2cl=0.000 100s
 step  645000 loss=0.20692 bce=0.20692 lap=0.00 lam=0.0e+00 val=0.3964 2ch=0.000 2cl=0.000 100s
 step  650000 loss=0.20669 bce=0.20669 lap=0.00 lam=0.0e+00 val=0.3930 2ch=0.000 2cl=0.000 100s
 step  655000 loss=0.20661 bce=0.20661 lap=0.00 lam=0.0e+00 val=0.3960 2ch=0.000 2cl=0.000 100s
 step  660000 loss=0.20637 bce=0.20637 lap=0.00 lam=0.0e+00 val=0.3986 2ch=0.000 2cl=0.000 100s
 step  665000 loss=0.20630 bce=0.20630 lap=0.00 lam=0.0e+00 val=0.3974 2ch=0.000 2cl=0.000 100s
 step  670000 loss=0.20604 bce=0.20604 lap=0.00 lam=0.0e+00 val=0.4030 2ch=0.000 2cl=0.000 100s
 step  675000 loss=0.20587 bce=0.20587 lap=0.00 lam=0.0e+00 val=0.4020 2ch=0.000 2cl=0.000 100s
 step  680000 loss=0.20573 bce=0.20573 lap=0.00 lam=0.0e+00 val=0.4026 2ch=0.000 2cl=0.000 100s
 step  685000 loss=0.20563 bce=0.20563 lap=0.00 lam=0.0e+00 val=0.4004 2ch=0.000 2cl=0.000 100s
 step  690000 loss=0.20538 bce=0.20538 lap=0.00 lam=0.0e+00 val=0.3964 2ch=0.000 2cl=0.000 100s
 step  695000 loss=0.20539 bce=0.20539 lap=0.00 lam=0.0e+00 val=0.3984 2ch=0.000 2cl=0.000 100s
 step  700000 loss=0.20529 bce=0.20529 lap=0.00 lam=0.0e+00 val=0.3996 2ch=0.000 2cl=0.000 100s
 step  705000 loss=0.20517 bce=0.20517 lap=0.00 lam=0.0e+00 val=0.3988 2ch=0.000 2cl=0.000 100s
 step  710000 loss=0.20501 bce=0.20501 lap=0.00 lam=0.0e+00 val=0.3992 2ch=0.000 2cl=0.000 100s
 step  715000 loss=0.20480 bce=0.20480 lap=0.00 lam=0.0e+00 val=0.4000 2ch=0.000 2cl=0.000 100s
 step  720000 loss=0.20456 bce=0.20456 lap=0.00 lam=0.0e+00 val=0.4040 2ch=0.000 2cl=0.000 100s
 step  725000 loss=0.20461 bce=0.20461 lap=0.00 lam=0.0e+00 val=0.4026 2ch=0.000 2cl=0.000 100s
 step  730000 loss=0.20452 bce=0.20452 lap=0.00 lam=0.0e+00 val=0.4004 2ch=0.000 2cl=0.000 100s
 step  735000 loss=0.20451 bce=0.20451 lap=0.00 lam=0.0e+00 val=0.4046 2ch=0.000 2cl=0.000 100s
 step  740000 loss=0.20450 bce=0.20450 lap=0.00 lam=0.0e+00 val=0.3998 2ch=0.000 2cl=0.000 100s
 step  745000 loss=0.20420 bce=0.20420 lap=0.00 lam=0.0e+00 val=0.4008 2ch=0.000 2cl=0.000 100s
 step  750000 loss=0.20412 bce=0.20412 lap=0.00 lam=0.0e+00 val=0.4006 2ch=0.000 2cl=0.000 100s
 step  755000 loss=0.20397 bce=0.20397 lap=0.00 lam=0.0e+00 val=0.4010 2ch=0.000 2cl=0.000 100s
 step  760000 loss=0.20401 bce=0.20401 lap=0.00 lam=0.0e+00 val=0.4016 2ch=0.000 2cl=0.000 100s
 step  765000 loss=0.20365 bce=0.20365 lap=0.00 lam=0.0e+00 val=0.4006 2ch=0.000 2cl=0.000 100s
 step  770000 loss=0.20364 bce=0.20364 lap=0.00 lam=0.0e+00 val=0.4022 2ch=0.000 2cl=0.000 100s
 step  775000 loss=0.20358 bce=0.20358 lap=0.00 lam=0.0e+00 val=0.4030 2ch=0.000 2cl=0.000 100s
 step  780000 loss=0.20352 bce=0.20352 lap=0.00 lam=0.0e+00 val=0.3998 2ch=0.000 2cl=0.000 100s
 step  785000 loss=0.20345 bce=0.20345 lap=0.00 lam=0.0e+00 val=0.4030 2ch=0.000 2cl=0.000 100s
 step  790000 loss=0.20337 bce=0.20337 lap=0.00 lam=0.0e+00 val=0.4022 2ch=0.000 2cl=0.000 100s
 step  795000 loss=0.20337 bce=0.20337 lap=0.00 lam=0.0e+00 val=0.4032 2ch=0.000 2cl=0.000 100s
 step  800000 loss=0.20319 bce=0.20319 lap=0.00 lam=0.0e+00 val=0.4028 2ch=0.000 2cl=0.000 100s
 step  805000 loss=0.20305 bce=0.20305 lap=0.00 lam=0.0e+00 val=0.4050 2ch=0.000 2cl=0.000 100s
 step  810000 loss=0.20306 bce=0.20306 lap=0.00 lam=0.0e+00 val=0.4030 2ch=0.000 2cl=0.000 100s
 step  815000 loss=0.20288 bce=0.20288 lap=0.00 lam=0.0e+00 val=0.3990 2ch=0.000 2cl=0.000 100s
 step  820000 loss=0.20280 bce=0.20280 lap=0.00 lam=0.0e+00 val=0.4028 2ch=0.000 2cl=0.000 100s
 step  825000 loss=0.20296 bce=0.20296 lap=0.00 lam=0.0e+00 val=0.4026 2ch=0.000 2cl=0.000 100s
 step  830000 loss=0.20273 bce=0.20273 lap=0.00 lam=0.0e+00 val=0.4034 2ch=0.000 2cl=0.000 100s
 step  835000 loss=0.20258 bce=0.20258 lap=0.00 lam=0.0e+00 val=0.4026 2ch=0.000 2cl=0.000 100s
 step  840000 loss=0.20250 bce=0.20250 lap=0.00 lam=0.0e+00 val=0.4048 2ch=0.000 2cl=0.000 100s
 step  845000 loss=0.20246 bce=0.20246 lap=0.00 lam=0.0e+00 val=0.4024 2ch=0.000 2cl=0.000 100s
 step  850000 loss=0.20245 bce=0.20245 lap=0.00 lam=0.0e+00 val=0.4046 2ch=0.000 2cl=0.000 100s
 step  855000 loss=0.20232 bce=0.20232 lap=0.00 lam=0.0e+00 val=0.4046 2ch=0.000 2cl=0.000 100s
 step  860000 loss=0.20234 bce=0.20234 lap=0.00 lam=0.0e+00 val=0.4020 2ch=0.000 2cl=0.000 100s
 step  865000 loss=0.20235 bce=0.20235 lap=0.00 lam=0.0e+00 val=0.4044 2ch=0.000 2cl=0.000 100s
 step  870000 loss=0.20227 bce=0.20227 lap=0.00 lam=0.0e+00 val=0.4030 2ch=0.000 2cl=0.000 100s
 step  875000 loss=0.20211 bce=0.20211 lap=0.00 lam=0.0e+00 val=0.4032 2ch=0.000 2cl=0.000 100s
 step  880000 loss=0.20218 bce=0.20218 lap=0.00 lam=0.0e+00 val=0.4040 2ch=0.000 2cl=0.000 100s
 step  885000 loss=0.20193 bce=0.20193 lap=0.00 lam=0.0e+00 val=0.4046 2ch=0.000 2cl=0.000 100s
 step  890000 loss=0.20203 bce=0.20203 lap=0.00 lam=0.0e+00 val=0.4030 2ch=0.000 2cl=0.000 100s
 step  895000 loss=0.20176 bce=0.20176 lap=0.00 lam=0.0e+00 val=0.4040 2ch=0.000 2cl=0.000 100s
 step  900000 loss=0.20192 bce=0.20192 lap=0.00 lam=0.0e+00 val=0.4038 2ch=0.000 2cl=0.000 100s
 step  905000 loss=0.20188 bce=0.20188 lap=0.00 lam=0.0e+00 val=0.4046 2ch=0.000 2cl=0.000 100s
 step  910000 loss=0.20188 bce=0.20188 lap=0.00 lam=0.0e+00 val=0.4044 2ch=0.000 2cl=0.000 100s
 step  915000 loss=0.20175 bce=0.20175 lap=0.00 lam=0.0e+00 val=0.4032 2ch=0.000 2cl=0.000 100s
 step  920000 loss=0.20187 bce=0.20187 lap=0.00 lam=0.0e+00 val=0.4044 2ch=0.000 2cl=0.000 100s
 step  925000 loss=0.20179 bce=0.20179 lap=0.00 lam=0.0e+00 val=0.4034 2ch=0.000 2cl=0.000 100s
 step  930000 loss=0.20166 bce=0.20166 lap=0.00 lam=0.0e+00 val=0.4040 2ch=0.000 2cl=0.000 100s
 step  935000 loss=0.20162 bce=0.20162 lap=0.00 lam=0.0e+00 val=0.4042 2ch=0.000 2cl=0.000 100s
 step  940000 loss=0.20157 bce=0.20157 lap=0.00 lam=0.0e+00 val=0.4036 2ch=0.000 2cl=0.000 100s
 step  945000 loss=0.20168 bce=0.20168 lap=0.00 lam=0.0e+00 val=0.4034 2ch=0.000 2cl=0.000 100s
 step  950000 loss=0.20166 bce=0.20166 lap=0.00 lam=0.0e+00 val=0.4038 2ch=0.000 2cl=0.000 100s
 step  955000 loss=0.20152 bce=0.20152 lap=0.00 lam=0.0e+00 val=0.4040 2ch=0.000 2cl=0.000 100s
 step  960000 loss=0.20150 bce=0.20150 lap=0.00 lam=0.0e+00 val=0.4042 2ch=0.000 2cl=0.000 100s
 step  965000 loss=0.20148 bce=0.20148 lap=0.00 lam=0.0e+00 val=0.4044 2ch=0.000 2cl=0.000 100s
 step  970000 loss=0.20156 bce=0.20156 lap=0.00 lam=0.0e+00 val=0.4042 2ch=0.000 2cl=0.000 100s
 step  975000 loss=0.20157 bce=0.20157 lap=0.00 lam=0.0e+00 val=0.4036 2ch=0.000 2cl=0.000 100s
 step  980000 loss=0.20150 bce=0.20150 lap=0.00 lam=0.0e+00 val=0.4044 2ch=0.000 2cl=0.000 100s
 step  985000 loss=0.20151 bce=0.20151 lap=0.00 lam=0.0e+00 val=0.4044 2ch=0.000 2cl=0.000 100s
 step  990000 loss=0.20157 bce=0.20157 lap=0.00 lam=0.0e+00 val=0.4042 2ch=0.000 2cl=0.000 100s
 step  995000 loss=0.20162 bce=0.20162 lap=0.00 lam=0.0e+00 val=0.4046 2ch=0.000 2cl=0.000 100s
 step 1000000 loss=0.20156 bce=0.20156 lap=0.00 lam=0.0e+00 val=0.4048 2ch=0.000 2cl=0.000 101s
done. best in-dist exact=0.4050  -> runs/report6/a1_train/n64_path_union_roberta_similarity_lam0_seed3000
auto-eval multipath (similarity): runs/report6/a1_train/n64_path_union_roberta_similarity_lam0_seed3000/last.pt
checkpoint=runs/report6/a1_train/n64_path_union_roberta_similarity_lam0_seed3000/last.pt
  arch=roberta readout=similarity n=64 device=cuda
  k=1 ell= 3: pair=1.000 mat_exact=0.000 mat_pw=0.777 n_intact=0.22/1 (hist [312, 88])
  k=2 ell= 3: pair=1.000 mat_exact=0.000 mat_pw=0.732 n_intact=2.00/2 (hist [0, 0, 400])
  k=3 ell= 3: pair=1.000 mat_exact=0.000 mat_pw=0.732 n_intact=3.00/3 (hist [0, 0, 0, 400])
  k=4 ell= 3: pair=1.000 mat_exact=0.000 mat_pw=0.732 n_intact=4.00/4 (hist [0, 0, 0, 0, 400])
  k=1 ell= 5: pair=1.000 mat_exact=0.000 mat_pw=0.691 n_intact=0.99/1 (hist [3, 397])
  k=2 ell= 5: pair=1.000 mat_exact=0.000 mat_pw=0.742 n_intact=1.94/2 (hist [5, 13, 382])
  k=3 ell= 5: pair=1.000 mat_exact=0.000 mat_pw=0.619 n_intact=3.00/3 (hist [0, 0, 0, 400])
  k=4 ell= 5: pair=1.000 mat_exact=0.000 mat_pw=0.589 n_intact=4.00/4 (hist [0, 0, 0, 0, 400])
  k=1 ell= 7: pair=1.000 mat_exact=0.000 mat_pw=0.653 n_intact=1.00/1 (hist [0, 400])
  k=2 ell= 7: pair=1.000 mat_exact=0.000 mat_pw=0.616 n_intact=1.95/2 (hist [3, 14, 383])
  k=3 ell= 7: pair=1.000 mat_exact=0.000 mat_pw=0.542 n_intact=2.94/3 (hist [2, 4, 8, 386])
  k=4 ell= 7: pair=1.000 mat_exact=0.000 mat_pw=0.510 n_intact=4.00/4 (hist [0, 0, 0, 0, 400])
  k=1 ell= 9: pair=1.000 mat_exact=0.000 mat_pw=0.619 n_intact=1.00/1 (hist [0, 400])
  k=2 ell= 9: pair=1.000 mat_exact=0.000 mat_pw=0.567 n_intact=1.36/2 (hist [93, 70, 237])
  k=3 ell= 9: pair=1.000 mat_exact=0.000 mat_pw=0.499 n_intact=2.69/3 (hist [18, 15, 39, 328])
  k=4 ell= 9: pair=1.000 mat_exact=0.000 mat_pw=0.494 n_intact=4.00/4 (hist [0, 0, 0, 0, 400])
  k=1 ell=11: pair=1.000 mat_exact=0.000 mat_pw=0.589 n_intact=1.00/1 (hist [0, 400])
  k=2 ell=11: pair=1.000 mat_exact=0.000 mat_pw=0.527 n_intact=0.78/2 (hist [210, 69, 121])
  k=3 ell=11: pair=1.000 mat_exact=0.000 mat_pw=0.493 n_intact=2.72/3 (hist [14, 19, 32, 335])
  k=4 ell=11: pair=1.000 mat_exact=0.000 mat_pw=0.542 n_intact=4.00/4 (hist [0, 0, 0, 0, 400])
  k=1 ell=13: pair=1.000 mat_exact=0.000 mat_pw=0.564 n_intact=1.00/1 (hist [0, 400])
  k=2 ell=13: pair=1.000 mat_exact=0.000 mat_pw=0.506 n_intact=0.44/2 (hist [291, 42, 67])
  k=3 ell=13: pair=1.000 mat_exact=0.000 mat_pw=0.524 n_intact=2.98/3 (hist [0, 2, 2, 396])
  k=4 ell=13: pair=1.000 mat_exact=0.000 mat_pw=0.653 n_intact=4.00/4 (hist [0, 0, 0, 0, 400])
  k=1 ell=15: pair=1.000 mat_exact=0.000 mat_pw=0.542 n_intact=1.00/1 (hist [0, 400])
  k=2 ell=15: pair=1.000 mat_exact=0.000 mat_pw=0.499 n_intact=0.29/2 (hist [318, 48, 34])
  k=3 ell=15: pair=1.000 mat_exact=0.000 mat_pw=0.589 n_intact=3.00/3 (hist [0, 0, 0, 400])
  k=4 ell=15: pair=1.000 mat_exact=0.000 mat_pw=0.827 n_intact=4.00/4 (hist [0, 0, 0, 0, 400])
  k=1 ell=17: pair=1.000 mat_exact=0.000 mat_pw=0.524 n_intact=1.00/1 (hist [0, 400])
  k=2 ell=17: pair=1.000 mat_exact=0.000 mat_pw=0.508 n_intact=0.21/2 (hist [340, 35, 25])
  k=3 ell=17: pair=1.000 mat_exact=0.000 mat_pw=0.691 n_intact=3.00/3 (hist [0, 0, 0, 400])
  k=1 ell=19: pair=1.000 mat_exact=0.000 mat_pw=0.510 n_intact=1.00/1 (hist [0, 400])
  k=2 ell=19: pair=1.000 mat_exact=0.000 mat_pw=0.534 n_intact=0.20/2 (hist [347, 27, 26])
  k=3 ell=19: pair=1.000 mat_exact=0.000 mat_pw=0.827 n_intact=3.00/3 (hist [0, 0, 0, 400])
  saved -> runs/report6/multipath_sim/n64_pathunion_seed3000/multipath.json
