task 9 -> families=path_union n=20 p=0.05 seed=2000
== n20_path_union_roberta_linear_lam0_seed2000 ==
 device=cuda arch=roberta readout=linear lambda=0.0 params=6,326,804
 step    5000 loss=0.31330 bce=0.31330 lap=0.00 lam=0.0e+00 val=0.2692 2ch=0.000 2cl=0.000 33s
 step   10000 loss=0.15473 bce=0.15473 lap=0.00 lam=0.0e+00 val=0.3702 2ch=0.000 2cl=0.000 32s
 step   15000 loss=0.10400 bce=0.10400 lap=0.00 lam=0.0e+00 val=0.5134 2ch=0.000 2cl=0.000 33s
 step   20000 loss=0.06577 bce=0.06577 lap=0.00 lam=0.0e+00 val=0.7282 2ch=0.000 2cl=0.000 32s
 step   25000 loss=0.04451 bce=0.04451 lap=0.00 lam=0.0e+00 val=0.7844 2ch=0.000 2cl=0.000 33s
 step   30000 loss=0.03550 bce=0.03550 lap=0.00 lam=0.0e+00 val=0.7852 2ch=0.000 2cl=0.000 33s
 step   35000 loss=0.03092 bce=0.03092 lap=0.00 lam=0.0e+00 val=0.8148 2ch=0.002 2cl=0.000 32s
 step   40000 loss=0.02783 bce=0.02783 lap=0.00 lam=0.0e+00 val=0.8178 2ch=0.012 2cl=0.000 32s
 step   45000 loss=0.02568 bce=0.02568 lap=0.00 lam=0.0e+00 val=0.8202 2ch=0.033 2cl=0.000 32s
 step   50000 loss=0.02394 bce=0.02394 lap=0.00 lam=0.0e+00 val=0.8362 2ch=0.085 2cl=0.000 33s
 step   55000 loss=0.02254 bce=0.02254 lap=0.00 lam=0.0e+00 val=0.8434 2ch=0.234 2cl=0.000 32s
 step   60000 loss=0.02144 bce=0.02144 lap=0.00 lam=0.0e+00 val=0.8494 2ch=0.439 2cl=0.000 32s
 step   65000 loss=0.02050 bce=0.02050 lap=0.00 lam=0.0e+00 val=0.8558 2ch=0.705 2cl=0.000 32s
 step   70000 loss=0.01969 bce=0.01969 lap=0.00 lam=0.0e+00 val=0.8576 2ch=0.705 2cl=0.000 33s
 step   75000 loss=0.01905 bce=0.01905 lap=0.00 lam=0.0e+00 val=0.8594 2ch=0.782 2cl=0.000 32s
 step   80000 loss=0.01849 bce=0.01849 lap=0.00 lam=0.0e+00 val=0.8596 2ch=0.883 2cl=0.000 32s
 step   85000 loss=0.01796 bce=0.01796 lap=0.00 lam=0.0e+00 val=0.8594 2ch=0.896 2cl=0.000 32s
 step   90000 loss=0.01753 bce=0.01753 lap=0.00 lam=0.0e+00 val=0.8592 2ch=0.938 2cl=0.000 32s
 step   95000 loss=0.01715 bce=0.01715 lap=0.00 lam=0.0e+00 val=0.8644 2ch=0.940 2cl=0.000 32s
 step  100000 loss=0.01675 bce=0.01675 lap=0.00 lam=0.0e+00 val=0.8612 2ch=0.965 2cl=0.000 32s
 step  105000 loss=0.01642 bce=0.01642 lap=0.00 lam=0.0e+00 val=0.8658 2ch=0.970 2cl=0.000 32s
 step  110000 loss=0.01610 bce=0.01610 lap=0.00 lam=0.0e+00 val=0.8654 2ch=0.991 2cl=0.000 32s
 step  115000 loss=0.01576 bce=0.01576 lap=0.00 lam=0.0e+00 val=0.8684 2ch=0.995 2cl=0.000 32s
 step  120000 loss=0.01544 bce=0.01544 lap=0.00 lam=0.0e+00 val=0.8746 2ch=0.984 2cl=0.000 32s
 step  125000 loss=0.01512 bce=0.01512 lap=0.00 lam=0.0e+00 val=0.8706 2ch=0.994 2cl=0.000 33s
 step  130000 loss=0.01480 bce=0.01480 lap=0.00 lam=0.0e+00 val=0.8792 2ch=0.999 2cl=0.000 32s
 step  135000 loss=0.01444 bce=0.01444 lap=0.00 lam=0.0e+00 val=0.8830 2ch=0.999 2cl=0.000 32s
 step  140000 loss=0.01413 bce=0.01413 lap=0.00 lam=0.0e+00 val=0.8886 2ch=0.999 2cl=0.000 32s
 step  145000 loss=0.01379 bce=0.01379 lap=0.00 lam=0.0e+00 val=0.8784 2ch=0.997 2cl=0.000 32s
 step  150000 loss=0.01348 bce=0.01348 lap=0.00 lam=0.0e+00 val=0.8926 2ch=0.999 2cl=0.000 32s
 step  155000 loss=0.01316 bce=0.01316 lap=0.00 lam=0.0e+00 val=0.8906 2ch=0.999 2cl=0.000 32s
 step  160000 loss=0.01287 bce=0.01287 lap=0.00 lam=0.0e+00 val=0.8948 2ch=0.998 2cl=0.000 32s
 step  165000 loss=0.01255 bce=0.01255 lap=0.00 lam=0.0e+00 val=0.9004 2ch=1.000 2cl=0.000 32s
 step  170000 loss=0.01217 bce=0.01217 lap=0.00 lam=0.0e+00 val=0.9082 2ch=0.998 2cl=0.000 32s
 step  175000 loss=0.01175 bce=0.01175 lap=0.00 lam=0.0e+00 val=0.9142 2ch=0.999 2cl=0.000 33s
 step  180000 loss=0.01126 bce=0.01126 lap=0.00 lam=0.0e+00 val=0.9202 2ch=0.997 2cl=0.000 33s
 step  185000 loss=0.01081 bce=0.01081 lap=0.00 lam=0.0e+00 val=0.9226 2ch=0.995 2cl=0.000 33s
 step  190000 loss=0.01033 bce=0.01033 lap=0.00 lam=0.0e+00 val=0.9218 2ch=0.975 2cl=0.000 32s
 step  195000 loss=0.00986 bce=0.00986 lap=0.00 lam=0.0e+00 val=0.9252 2ch=0.963 2cl=0.000 32s
 step  200000 loss=0.00942 bce=0.00942 lap=0.00 lam=0.0e+00 val=0.9264 2ch=0.949 2cl=0.000 33s
 step  205000 loss=0.00902 bce=0.00902 lap=0.00 lam=0.0e+00 val=0.9282 2ch=0.965 2cl=0.000 32s
 step  210000 loss=0.00867 bce=0.00867 lap=0.00 lam=0.0e+00 val=0.9328 2ch=0.946 2cl=0.000 33s
 step  215000 loss=0.00838 bce=0.00838 lap=0.00 lam=0.0e+00 val=0.9352 2ch=0.930 2cl=0.000 32s
 step  220000 loss=0.00810 bce=0.00810 lap=0.00 lam=0.0e+00 val=0.9370 2ch=0.890 2cl=0.000 33s
 step  225000 loss=0.00787 bce=0.00787 lap=0.00 lam=0.0e+00 val=0.9432 2ch=0.938 2cl=0.000 32s
 step  230000 loss=0.00766 bce=0.00766 lap=0.00 lam=0.0e+00 val=0.9460 2ch=0.959 2cl=0.000 33s
 step  235000 loss=0.00748 bce=0.00748 lap=0.00 lam=0.0e+00 val=0.9454 2ch=0.963 2cl=0.000 33s
 step  240000 loss=0.00730 bce=0.00730 lap=0.00 lam=0.0e+00 val=0.9472 2ch=0.965 2cl=0.000 32s
 step  245000 loss=0.00715 bce=0.00715 lap=0.00 lam=0.0e+00 val=0.9508 2ch=0.962 2cl=0.000 32s
 step  250000 loss=0.00699 bce=0.00699 lap=0.00 lam=0.0e+00 val=0.9516 2ch=0.965 2cl=0.000 33s
 step  255000 loss=0.00686 bce=0.00686 lap=0.00 lam=0.0e+00 val=0.9540 2ch=0.970 2cl=0.000 33s
 step  260000 loss=0.00672 bce=0.00672 lap=0.00 lam=0.0e+00 val=0.9534 2ch=0.970 2cl=0.000 32s
 step  265000 loss=0.00660 bce=0.00660 lap=0.00 lam=0.0e+00 val=0.9562 2ch=0.961 2cl=0.000 32s
 step  270000 loss=0.00647 bce=0.00647 lap=0.00 lam=0.0e+00 val=0.9612 2ch=0.964 2cl=0.000 33s
 step  275000 loss=0.00636 bce=0.00636 lap=0.00 lam=0.0e+00 val=0.9594 2ch=0.975 2cl=0.000 32s
 step  280000 loss=0.00625 bce=0.00625 lap=0.00 lam=0.0e+00 val=0.9642 2ch=0.967 2cl=0.000 33s
 step  285000 loss=0.00603 bce=0.00603 lap=0.00 lam=0.0e+00 val=0.9644 2ch=0.978 2cl=0.000 33s
 step  290000 loss=0.00588 bce=0.00588 lap=0.00 lam=0.0e+00 val=0.9658 2ch=0.991 2cl=0.000 33s
 step  295000 loss=0.00577 bce=0.00577 lap=0.00 lam=0.0e+00 val=0.9622 2ch=0.981 2cl=0.000 32s
 step  300000 loss=0.00567 bce=0.00567 lap=0.00 lam=0.0e+00 val=0.9652 2ch=0.983 2cl=0.000 32s
 step  305000 loss=0.00555 bce=0.00555 lap=0.00 lam=0.0e+00 val=0.9682 2ch=0.969 2cl=0.000 33s
 step  310000 loss=0.00547 bce=0.00547 lap=0.00 lam=0.0e+00 val=0.9668 2ch=0.988 2cl=0.000 33s
 step  315000 loss=0.00538 bce=0.00538 lap=0.00 lam=0.0e+00 val=0.9692 2ch=0.983 2cl=0.000 32s
 step  320000 loss=0.00530 bce=0.00530 lap=0.00 lam=0.0e+00 val=0.9712 2ch=0.991 2cl=0.000 33s
 step  325000 loss=0.00522 bce=0.00522 lap=0.00 lam=0.0e+00 val=0.9728 2ch=0.974 2cl=0.000 33s
 step  330000 loss=0.00515 bce=0.00515 lap=0.00 lam=0.0e+00 val=0.9756 2ch=0.978 2cl=0.000 32s
 step  335000 loss=0.00506 bce=0.00506 lap=0.00 lam=0.0e+00 val=0.9754 2ch=0.978 2cl=0.000 33s
 step  340000 loss=0.00499 bce=0.00499 lap=0.00 lam=0.0e+00 val=0.9754 2ch=0.984 2cl=0.000 32s
 step  345000 loss=0.00493 bce=0.00493 lap=0.00 lam=0.0e+00 val=0.9788 2ch=0.979 2cl=0.000 33s
 step  350000 loss=0.00486 bce=0.00486 lap=0.00 lam=0.0e+00 val=0.9786 2ch=0.990 2cl=0.000 33s
 step  355000 loss=0.00480 bce=0.00480 lap=0.00 lam=0.0e+00 val=0.9762 2ch=0.982 2cl=0.000 33s
 step  360000 loss=0.00474 bce=0.00474 lap=0.00 lam=0.0e+00 val=0.9776 2ch=0.983 2cl=0.000 32s
 step  365000 loss=0.00467 bce=0.00467 lap=0.00 lam=0.0e+00 val=0.9782 2ch=0.988 2cl=0.000 32s
 step  370000 loss=0.00462 bce=0.00462 lap=0.00 lam=0.0e+00 val=0.9774 2ch=0.976 2cl=0.000 32s
 step  375000 loss=0.00455 bce=0.00455 lap=0.00 lam=0.0e+00 val=0.9786 2ch=0.982 2cl=0.000 32s
 step  380000 loss=0.00450 bce=0.00450 lap=0.00 lam=0.0e+00 val=0.9814 2ch=0.985 2cl=0.000 33s
 step  385000 loss=0.00443 bce=0.00443 lap=0.00 lam=0.0e+00 val=0.9810 2ch=0.991 2cl=0.000 33s
 step  390000 loss=0.00437 bce=0.00437 lap=0.00 lam=0.0e+00 val=0.9804 2ch=0.988 2cl=0.000 33s
 step  395000 loss=0.00432 bce=0.00432 lap=0.00 lam=0.0e+00 val=0.9820 2ch=0.985 2cl=0.000 32s
 step  400000 loss=0.00426 bce=0.00426 lap=0.00 lam=0.0e+00 val=0.9800 2ch=0.984 2cl=0.000 32s
 step  405000 loss=0.00420 bce=0.00420 lap=0.00 lam=0.0e+00 val=0.9820 2ch=0.986 2cl=0.000 33s
 step  410000 loss=0.00415 bce=0.00415 lap=0.00 lam=0.0e+00 val=0.9826 2ch=0.989 2cl=0.000 33s
 step  415000 loss=0.00410 bce=0.00410 lap=0.00 lam=0.0e+00 val=0.9832 2ch=0.988 2cl=0.000 33s
 step  420000 loss=0.00406 bce=0.00406 lap=0.00 lam=0.0e+00 val=0.9824 2ch=0.993 2cl=0.000 33s
 step  425000 loss=0.00401 bce=0.00401 lap=0.00 lam=0.0e+00 val=0.9852 2ch=0.983 2cl=0.000 32s
 step  430000 loss=0.00396 bce=0.00396 lap=0.00 lam=0.0e+00 val=0.9866 2ch=0.991 2cl=0.000 32s
 step  435000 loss=0.00391 bce=0.00391 lap=0.00 lam=0.0e+00 val=0.9826 2ch=0.991 2cl=0.000 32s
 step  440000 loss=0.00387 bce=0.00387 lap=0.00 lam=0.0e+00 val=0.9866 2ch=0.992 2cl=0.000 32s
 step  445000 loss=0.00383 bce=0.00383 lap=0.00 lam=0.0e+00 val=0.9860 2ch=0.992 2cl=0.000 32s
 step  450000 loss=0.00378 bce=0.00378 lap=0.00 lam=0.0e+00 val=0.9876 2ch=0.991 2cl=0.000 32s
 step  455000 loss=0.00372 bce=0.00372 lap=0.00 lam=0.0e+00 val=0.9854 2ch=0.993 2cl=0.000 33s
 step  460000 loss=0.00365 bce=0.00365 lap=0.00 lam=0.0e+00 val=0.9852 2ch=0.985 2cl=0.000 32s
 step  465000 loss=0.00358 bce=0.00358 lap=0.00 lam=0.0e+00 val=0.9866 2ch=0.990 2cl=0.000 32s
 step  470000 loss=0.00353 bce=0.00353 lap=0.00 lam=0.0e+00 val=0.9868 2ch=0.992 2cl=0.000 33s
 step  475000 loss=0.00349 bce=0.00349 lap=0.00 lam=0.0e+00 val=0.9876 2ch=0.988 2cl=0.000 32s
 step  480000 loss=0.00343 bce=0.00343 lap=0.00 lam=0.0e+00 val=0.9870 2ch=0.994 2cl=0.000 32s
 step  485000 loss=0.00329 bce=0.00329 lap=0.00 lam=0.0e+00 val=0.9876 2ch=0.992 2cl=0.000 33s
 step  490000 loss=0.00307 bce=0.00307 lap=0.00 lam=0.0e+00 val=0.9874 2ch=0.996 2cl=0.000 32s
 step  495000 loss=0.00299 bce=0.00299 lap=0.00 lam=0.0e+00 val=0.9856 2ch=0.999 2cl=0.000 33s
 step  500000 loss=0.00293 bce=0.00293 lap=0.00 lam=0.0e+00 val=0.9878 2ch=0.995 2cl=0.000 32s
 step  505000 loss=0.00288 bce=0.00288 lap=0.00 lam=0.0e+00 val=0.9892 2ch=0.997 2cl=0.000 33s
 step  510000 loss=0.00284 bce=0.00284 lap=0.00 lam=0.0e+00 val=0.9898 2ch=0.999 2cl=0.000 32s
 step  515000 loss=0.00278 bce=0.00278 lap=0.00 lam=0.0e+00 val=0.9884 2ch=0.998 2cl=0.000 33s
 step  520000 loss=0.00275 bce=0.00275 lap=0.00 lam=0.0e+00 val=0.9894 2ch=0.998 2cl=0.000 33s
 step  525000 loss=0.00270 bce=0.00270 lap=0.00 lam=0.0e+00 val=0.9892 2ch=0.999 2cl=0.000 32s
 step  530000 loss=0.00266 bce=0.00266 lap=0.00 lam=0.0e+00 val=0.9894 2ch=0.998 2cl=0.000 33s
 step  535000 loss=0.00263 bce=0.00263 lap=0.00 lam=0.0e+00 val=0.9896 2ch=0.998 2cl=0.000 33s
 step  540000 loss=0.00259 bce=0.00259 lap=0.00 lam=0.0e+00 val=0.9900 2ch=0.998 2cl=0.000 33s
 step  545000 loss=0.00256 bce=0.00256 lap=0.00 lam=0.0e+00 val=0.9908 2ch=0.997 2cl=0.000 32s
 step  550000 loss=0.00253 bce=0.00253 lap=0.00 lam=0.0e+00 val=0.9902 2ch=1.000 2cl=0.000 33s
 step  555000 loss=0.00250 bce=0.00250 lap=0.00 lam=0.0e+00 val=0.9898 2ch=0.999 2cl=0.000 32s
 step  560000 loss=0.00247 bce=0.00247 lap=0.00 lam=0.0e+00 val=0.9924 2ch=0.997 2cl=0.000 32s
 step  565000 loss=0.00244 bce=0.00244 lap=0.00 lam=0.0e+00 val=0.9910 2ch=0.999 2cl=0.000 33s
 step  570000 loss=0.00241 bce=0.00241 lap=0.00 lam=0.0e+00 val=0.9930 2ch=0.999 2cl=0.000 33s
 step  575000 loss=0.00239 bce=0.00239 lap=0.00 lam=0.0e+00 val=0.9910 2ch=0.999 2cl=0.000 32s
 step  580000 loss=0.00235 bce=0.00235 lap=0.00 lam=0.0e+00 val=0.9922 2ch=0.999 2cl=0.000 32s
 step  585000 loss=0.00233 bce=0.00233 lap=0.00 lam=0.0e+00 val=0.9928 2ch=0.999 2cl=0.000 33s
 step  590000 loss=0.00231 bce=0.00231 lap=0.00 lam=0.0e+00 val=0.9922 2ch=0.999 2cl=0.000 33s
 step  595000 loss=0.00228 bce=0.00228 lap=0.00 lam=0.0e+00 val=0.9936 2ch=1.000 2cl=0.000 33s
 step  600000 loss=0.00226 bce=0.00226 lap=0.00 lam=0.0e+00 val=0.9938 2ch=0.999 2cl=0.000 33s
 step  605000 loss=0.00224 bce=0.00224 lap=0.00 lam=0.0e+00 val=0.9934 2ch=0.998 2cl=0.000 33s
 step  610000 loss=0.00222 bce=0.00222 lap=0.00 lam=0.0e+00 val=0.9936 2ch=0.999 2cl=0.000 32s
 step  615000 loss=0.00220 bce=0.00220 lap=0.00 lam=0.0e+00 val=0.9942 2ch=0.999 2cl=0.000 33s
 step  620000 loss=0.00217 bce=0.00217 lap=0.00 lam=0.0e+00 val=0.9930 2ch=0.999 2cl=0.000 32s
 step  625000 loss=0.00215 bce=0.00215 lap=0.00 lam=0.0e+00 val=0.9932 2ch=1.000 2cl=0.000 32s
 step  630000 loss=0.00213 bce=0.00213 lap=0.00 lam=0.0e+00 val=0.9946 2ch=0.999 2cl=0.000 32s
 step  635000 loss=0.00210 bce=0.00210 lap=0.00 lam=0.0e+00 val=0.9948 2ch=0.999 2cl=0.000 32s
 step  640000 loss=0.00209 bce=0.00209 lap=0.00 lam=0.0e+00 val=0.9964 2ch=0.999 2cl=0.000 33s
 step  645000 loss=0.00207 bce=0.00207 lap=0.00 lam=0.0e+00 val=0.9956 2ch=0.999 2cl=0.000 32s
 step  650000 loss=0.00205 bce=0.00205 lap=0.00 lam=0.0e+00 val=0.9964 2ch=0.999 2cl=0.000 32s
 step  655000 loss=0.00204 bce=0.00204 lap=0.00 lam=0.0e+00 val=0.9956 2ch=1.000 2cl=0.000 33s
 step  660000 loss=0.00202 bce=0.00202 lap=0.00 lam=0.0e+00 val=0.9956 2ch=0.999 2cl=0.000 32s
 step  665000 loss=0.00199 bce=0.00199 lap=0.00 lam=0.0e+00 val=0.9972 2ch=1.000 2cl=0.000 33s
 step  670000 loss=0.00198 bce=0.00198 lap=0.00 lam=0.0e+00 val=0.9964 2ch=1.000 2cl=0.000 33s
 step  675000 loss=0.00196 bce=0.00196 lap=0.00 lam=0.0e+00 val=0.9966 2ch=1.000 2cl=0.000 33s
 step  680000 loss=0.00195 bce=0.00195 lap=0.00 lam=0.0e+00 val=0.9974 2ch=1.000 2cl=0.000 32s
 step  685000 loss=0.00193 bce=0.00193 lap=0.00 lam=0.0e+00 val=0.9962 2ch=1.000 2cl=0.000 32s
 step  690000 loss=0.00191 bce=0.00191 lap=0.00 lam=0.0e+00 val=0.9974 2ch=1.000 2cl=0.000 32s
 step  695000 loss=0.00190 bce=0.00190 lap=0.00 lam=0.0e+00 val=0.9972 2ch=1.000 2cl=0.000 32s
 step  700000 loss=0.00188 bce=0.00188 lap=0.00 lam=0.0e+00 val=0.9976 2ch=1.000 2cl=0.000 33s
 step  705000 loss=0.00186 bce=0.00186 lap=0.00 lam=0.0e+00 val=0.9974 2ch=1.000 2cl=0.000 33s
 step  710000 loss=0.00186 bce=0.00186 lap=0.00 lam=0.0e+00 val=0.9972 2ch=1.000 2cl=0.000 32s
 step  715000 loss=0.00185 bce=0.00185 lap=0.00 lam=0.0e+00 val=0.9978 2ch=1.000 2cl=0.000 33s
 step  720000 loss=0.00183 bce=0.00183 lap=0.00 lam=0.0e+00 val=0.9970 2ch=0.999 2cl=0.000 33s
 step  725000 loss=0.00182 bce=0.00182 lap=0.00 lam=0.0e+00 val=0.9976 2ch=0.999 2cl=0.000 33s
 step  730000 loss=0.00180 bce=0.00180 lap=0.00 lam=0.0e+00 val=0.9980 2ch=1.000 2cl=0.000 33s
 step  735000 loss=0.00179 bce=0.00179 lap=0.00 lam=0.0e+00 val=0.9984 2ch=1.000 2cl=0.000 33s
 step  740000 loss=0.00178 bce=0.00178 lap=0.00 lam=0.0e+00 val=0.9982 2ch=1.000 2cl=0.000 32s
 step  745000 loss=0.00177 bce=0.00177 lap=0.00 lam=0.0e+00 val=0.9976 2ch=1.000 2cl=0.000 32s
 step  750000 loss=0.00176 bce=0.00176 lap=0.00 lam=0.0e+00 val=0.9982 2ch=1.000 2cl=0.000 32s
 step  755000 loss=0.00174 bce=0.00174 lap=0.00 lam=0.0e+00 val=0.9988 2ch=1.000 2cl=0.000 32s
 step  760000 loss=0.00173 bce=0.00173 lap=0.00 lam=0.0e+00 val=0.9978 2ch=1.000 2cl=0.000 33s
 step  765000 loss=0.00172 bce=0.00172 lap=0.00 lam=0.0e+00 val=0.9982 2ch=1.000 2cl=0.000 33s
 step  770000 loss=0.00171 bce=0.00171 lap=0.00 lam=0.0e+00 val=0.9976 2ch=1.000 2cl=0.000 33s
 step  775000 loss=0.00170 bce=0.00170 lap=0.00 lam=0.0e+00 val=0.9978 2ch=1.000 2cl=0.000 33s
 step  780000 loss=0.00169 bce=0.00169 lap=0.00 lam=0.0e+00 val=0.9986 2ch=1.000 2cl=0.000 32s
 step  785000 loss=0.00168 bce=0.00168 lap=0.00 lam=0.0e+00 val=0.9988 2ch=1.000 2cl=0.000 32s
 step  790000 loss=0.00167 bce=0.00167 lap=0.00 lam=0.0e+00 val=0.9988 2ch=1.000 2cl=0.000 32s
 step  795000 loss=0.00167 bce=0.00167 lap=0.00 lam=0.0e+00 val=0.9986 2ch=1.000 2cl=0.000 32s
 step  800000 loss=0.00165 bce=0.00165 lap=0.00 lam=0.0e+00 val=0.9980 2ch=1.000 2cl=0.000 32s
 step  805000 loss=0.00164 bce=0.00164 lap=0.00 lam=0.0e+00 val=0.9984 2ch=1.000 2cl=0.000 32s
 step  810000 loss=0.00163 bce=0.00163 lap=0.00 lam=0.0e+00 val=0.9984 2ch=1.000 2cl=0.000 32s
 step  815000 loss=0.00163 bce=0.00163 lap=0.00 lam=0.0e+00 val=0.9988 2ch=1.000 2cl=0.000 32s
 step  820000 loss=0.00161 bce=0.00161 lap=0.00 lam=0.0e+00 val=0.9986 2ch=1.000 2cl=0.000 32s
 step  825000 loss=0.00161 bce=0.00161 lap=0.00 lam=0.0e+00 val=0.9986 2ch=1.000 2cl=0.000 33s
 step  830000 loss=0.00160 bce=0.00160 lap=0.00 lam=0.0e+00 val=0.9988 2ch=1.000 2cl=0.000 33s
 step  835000 loss=0.00160 bce=0.00160 lap=0.00 lam=0.0e+00 val=0.9986 2ch=1.000 2cl=0.000 32s
 step  840000 loss=0.00159 bce=0.00159 lap=0.00 lam=0.0e+00 val=0.9984 2ch=1.000 2cl=0.000 33s
 step  845000 loss=0.00159 bce=0.00159 lap=0.00 lam=0.0e+00 val=0.9988 2ch=1.000 2cl=0.000 33s
 step  850000 loss=0.00158 bce=0.00158 lap=0.00 lam=0.0e+00 val=0.9986 2ch=1.000 2cl=0.000 33s
 step  855000 loss=0.00157 bce=0.00157 lap=0.00 lam=0.0e+00 val=0.9992 2ch=1.000 2cl=0.000 32s
 step  860000 loss=0.00157 bce=0.00157 lap=0.00 lam=0.0e+00 val=0.9986 2ch=1.000 2cl=0.000 32s
 step  865000 loss=0.00156 bce=0.00156 lap=0.00 lam=0.0e+00 val=0.9988 2ch=1.000 2cl=0.000 32s
 step  870000 loss=0.00155 bce=0.00155 lap=0.00 lam=0.0e+00 val=0.9990 2ch=1.000 2cl=0.000 32s
 step  875000 loss=0.00154 bce=0.00154 lap=0.00 lam=0.0e+00 val=0.9988 2ch=1.000 2cl=0.000 32s
 step  880000 loss=0.00154 bce=0.00154 lap=0.00 lam=0.0e+00 val=0.9988 2ch=1.000 2cl=0.000 33s
 step  885000 loss=0.00154 bce=0.00154 lap=0.00 lam=0.0e+00 val=0.9988 2ch=1.000 2cl=0.000 32s
 step  890000 loss=0.00154 bce=0.00154 lap=0.00 lam=0.0e+00 val=0.9988 2ch=1.000 2cl=0.000 32s
 step  895000 loss=0.00153 bce=0.00153 lap=0.00 lam=0.0e+00 val=0.9990 2ch=1.000 2cl=0.000 33s
 step  900000 loss=0.00152 bce=0.00152 lap=0.00 lam=0.0e+00 val=0.9988 2ch=1.000 2cl=0.000 33s
 step  905000 loss=0.00152 bce=0.00152 lap=0.00 lam=0.0e+00 val=0.9990 2ch=1.000 2cl=0.000 32s
 step  910000 loss=0.00152 bce=0.00152 lap=0.00 lam=0.0e+00 val=0.9988 2ch=1.000 2cl=0.000 33s
 step  915000 loss=0.00152 bce=0.00152 lap=0.00 lam=0.0e+00 val=0.9992 2ch=1.000 2cl=0.000 32s
 step  920000 loss=0.00151 bce=0.00151 lap=0.00 lam=0.0e+00 val=0.9988 2ch=1.000 2cl=0.000 32s
 step  925000 loss=0.00151 bce=0.00151 lap=0.00 lam=0.0e+00 val=0.9988 2ch=1.000 2cl=0.000 32s
 step  930000 loss=0.00150 bce=0.00150 lap=0.00 lam=0.0e+00 val=0.9992 2ch=1.000 2cl=0.000 32s
 step  935000 loss=0.00150 bce=0.00150 lap=0.00 lam=0.0e+00 val=0.9992 2ch=1.000 2cl=0.000 32s
 step  940000 loss=0.00150 bce=0.00150 lap=0.00 lam=0.0e+00 val=0.9988 2ch=1.000 2cl=0.000 32s
 step  945000 loss=0.00150 bce=0.00150 lap=0.00 lam=0.0e+00 val=0.9986 2ch=1.000 2cl=0.000 33s
 step  950000 loss=0.00150 bce=0.00150 lap=0.00 lam=0.0e+00 val=0.9984 2ch=1.000 2cl=0.000 32s
 step  955000 loss=0.00149 bce=0.00149 lap=0.00 lam=0.0e+00 val=0.9986 2ch=1.000 2cl=0.000 33s
 step  960000 loss=0.00149 bce=0.00149 lap=0.00 lam=0.0e+00 val=0.9992 2ch=1.000 2cl=0.000 33s
 step  965000 loss=0.00149 bce=0.00149 lap=0.00 lam=0.0e+00 val=0.9992 2ch=1.000 2cl=0.000 33s
 step  970000 loss=0.00149 bce=0.00149 lap=0.00 lam=0.0e+00 val=0.9992 2ch=1.000 2cl=0.000 33s
 step  975000 loss=0.00149 bce=0.00149 lap=0.00 lam=0.0e+00 val=0.9992 2ch=1.000 2cl=0.000 33s
 step  980000 loss=0.00149 bce=0.00149 lap=0.00 lam=0.0e+00 val=0.9992 2ch=1.000 2cl=0.000 32s
 step  985000 loss=0.00149 bce=0.00149 lap=0.00 lam=0.0e+00 val=0.9992 2ch=1.000 2cl=0.000 32s
 step  990000 loss=0.00149 bce=0.00149 lap=0.00 lam=0.0e+00 val=0.9992 2ch=1.000 2cl=0.000 32s
 step  995000 loss=0.00149 bce=0.00149 lap=0.00 lam=0.0e+00 val=0.9992 2ch=1.000 2cl=0.000 32s
 step 1000000 loss=0.00149 bce=0.00149 lap=0.00 lam=0.0e+00 val=0.9992 2ch=1.000 2cl=0.000 33s
done. best in-dist exact=0.9992  -> runs/report6/a1_train/n20_path_union_roberta_linear_lam0_seed2000
auto-eval multipath: runs/report6/a1_train/n20_path_union_roberta_linear_lam0_seed2000/last.pt
checkpoint=runs/report6/a1_train/n20_path_union_roberta_linear_lam0_seed2000/last.pt
  arch=roberta readout=linear n=20 device=cuda
  k=1 ell= 3: pair=0.613 mat_exact=0.000 mat_pw=0.907 n_intact=0.13/1 (hist [348, 52])
  k=2 ell= 3: pair=0.945 mat_exact=0.140 mat_pw=0.990 n_intact=1.49/2 (hist [50, 105, 245])
  k=3 ell= 3: pair=0.990 mat_exact=0.000 mat_pw=0.701 n_intact=2.50/3 (hist [1, 35, 128, 236])
  k=4 ell= 3: pair=0.640 mat_exact=0.000 mat_pw=0.459 n_intact=2.54/4 (hist [8, 47, 135, 141, 69])
  k=1 ell= 5: pair=0.393 mat_exact=0.000 mat_pw=0.887 n_intact=0.00/1 (hist [400, 0])
  k=2 ell= 5: pair=0.973 mat_exact=0.000 mat_pw=0.966 n_intact=0.54/2 (hist [234, 117, 49])
  k=3 ell= 5: pair=0.965 mat_exact=0.000 mat_pw=0.725 n_intact=1.35/3 (hist [121, 105, 88, 86])
  k=4 ell= 5: pair=1.000 mat_exact=0.000 mat_pw=0.899 n_intact=3.97/4 (hist [0, 0, 0, 13, 387])
  k=1 ell= 7: pair=0.330 mat_exact=0.000 mat_pw=0.887 n_intact=0.00/1 (hist [400, 0])
  k=2 ell= 7: pair=0.963 mat_exact=0.000 mat_pw=0.948 n_intact=0.06/2 (hist [379, 20, 1])
  k=1 ell= 9: pair=0.033 mat_exact=0.000 mat_pw=0.819 n_intact=0.00/1 (hist [400, 0])
  k=1 ell=11: pair=0.045 mat_exact=0.000 mat_pw=0.778 n_intact=0.00/1 (hist [400, 0])
  k=1 ell=13: pair=0.048 mat_exact=0.000 mat_pw=0.740 n_intact=0.00/1 (hist [400, 0])
  saved -> runs/report6/multipath/n20_pathunion_seed2000/multipath.json
