task 12 -> families=path_union n=40 p=0.05 seed=1000
== n40_path_union_roberta_linear_lam0_seed1000 ==
 device=cuda arch=roberta readout=linear lambda=0.0 params=6,347,304
 step    5000 loss=0.50142 bce=0.50142 lap=0.00 lam=0.0e+00 val=0.2514 2ch=0.000 2cl=0.000 61s
 step   10000 loss=0.36926 bce=0.36926 lap=0.00 lam=0.0e+00 val=0.2514 2ch=0.000 2cl=0.000 59s
 step   15000 loss=0.33476 bce=0.33476 lap=0.00 lam=0.0e+00 val=0.2514 2ch=0.000 2cl=0.000 59s
 step   20000 loss=0.31463 bce=0.31463 lap=0.00 lam=0.0e+00 val=0.2514 2ch=0.000 2cl=0.000 59s
 step   25000 loss=0.30236 bce=0.30236 lap=0.00 lam=0.0e+00 val=0.2514 2ch=0.000 2cl=0.000 59s
 step   30000 loss=0.28824 bce=0.28824 lap=0.00 lam=0.0e+00 val=0.2514 2ch=0.000 2cl=0.000 59s
 step   35000 loss=0.27189 bce=0.27189 lap=0.00 lam=0.0e+00 val=0.2514 2ch=0.000 2cl=0.000 59s
 step   40000 loss=0.25971 bce=0.25971 lap=0.00 lam=0.0e+00 val=0.2514 2ch=0.000 2cl=0.000 59s
 step   45000 loss=0.25324 bce=0.25324 lap=0.00 lam=0.0e+00 val=0.2514 2ch=0.000 2cl=0.000 59s
 step   50000 loss=0.24769 bce=0.24769 lap=0.00 lam=0.0e+00 val=0.2514 2ch=0.000 2cl=0.000 59s
 step   55000 loss=0.24450 bce=0.24450 lap=0.00 lam=0.0e+00 val=0.2520 2ch=0.000 2cl=0.000 59s
 step   60000 loss=0.24143 bce=0.24143 lap=0.00 lam=0.0e+00 val=0.2514 2ch=0.000 2cl=0.000 59s
 step   65000 loss=0.23894 bce=0.23894 lap=0.00 lam=0.0e+00 val=0.2520 2ch=0.000 2cl=0.000 59s
 step   70000 loss=0.23658 bce=0.23658 lap=0.00 lam=0.0e+00 val=0.2514 2ch=0.000 2cl=0.000 59s
 step   75000 loss=0.23449 bce=0.23449 lap=0.00 lam=0.0e+00 val=0.2658 2ch=0.000 2cl=0.000 59s
 step   80000 loss=0.23264 bce=0.23264 lap=0.00 lam=0.0e+00 val=0.2548 2ch=0.000 2cl=0.000 59s
 step   85000 loss=0.22874 bce=0.22874 lap=0.00 lam=0.0e+00 val=0.2550 2ch=0.000 2cl=0.000 59s
 step   90000 loss=0.22484 bce=0.22484 lap=0.00 lam=0.0e+00 val=0.2610 2ch=0.000 2cl=0.000 59s
 step   95000 loss=0.22187 bce=0.22187 lap=0.00 lam=0.0e+00 val=0.2614 2ch=0.000 2cl=0.000 59s
 step  100000 loss=0.21978 bce=0.21978 lap=0.00 lam=0.0e+00 val=0.2556 2ch=0.000 2cl=0.000 59s
 step  105000 loss=0.21774 bce=0.21774 lap=0.00 lam=0.0e+00 val=0.2696 2ch=0.000 2cl=0.000 59s
 step  110000 loss=0.21510 bce=0.21510 lap=0.00 lam=0.0e+00 val=0.2668 2ch=0.000 2cl=0.000 59s
 step  115000 loss=0.21269 bce=0.21269 lap=0.00 lam=0.0e+00 val=0.2566 2ch=0.000 2cl=0.000 59s
 step  120000 loss=0.21073 bce=0.21073 lap=0.00 lam=0.0e+00 val=0.2656 2ch=0.000 2cl=0.000 59s
 step  125000 loss=0.21006 bce=0.21006 lap=0.00 lam=0.0e+00 val=0.2578 2ch=0.000 2cl=0.000 60s
 step  130000 loss=0.20891 bce=0.20891 lap=0.00 lam=0.0e+00 val=0.2656 2ch=0.000 2cl=0.000 60s
 step  135000 loss=0.20674 bce=0.20674 lap=0.00 lam=0.0e+00 val=0.2566 2ch=0.000 2cl=0.000 59s
 step  140000 loss=0.20641 bce=0.20641 lap=0.00 lam=0.0e+00 val=0.2736 2ch=0.000 2cl=0.000 60s
 step  145000 loss=0.20428 bce=0.20428 lap=0.00 lam=0.0e+00 val=0.2806 2ch=0.000 2cl=0.000 60s
 step  150000 loss=0.20264 bce=0.20264 lap=0.00 lam=0.0e+00 val=0.2704 2ch=0.000 2cl=0.000 59s
 step  155000 loss=0.20101 bce=0.20101 lap=0.00 lam=0.0e+00 val=0.2718 2ch=0.000 2cl=0.000 60s
 step  160000 loss=0.20043 bce=0.20043 lap=0.00 lam=0.0e+00 val=0.2946 2ch=0.000 2cl=0.000 60s
 step  165000 loss=0.19932 bce=0.19932 lap=0.00 lam=0.0e+00 val=0.2884 2ch=0.000 2cl=0.000 60s
 step  170000 loss=0.19854 bce=0.19854 lap=0.00 lam=0.0e+00 val=0.2712 2ch=0.000 2cl=0.000 60s
 step  175000 loss=0.19606 bce=0.19606 lap=0.00 lam=0.0e+00 val=0.2694 2ch=0.000 2cl=0.000 60s
 step  180000 loss=0.19531 bce=0.19531 lap=0.00 lam=0.0e+00 val=0.2612 2ch=0.000 2cl=0.000 60s
 step  185000 loss=0.19377 bce=0.19377 lap=0.00 lam=0.0e+00 val=0.2620 2ch=0.000 2cl=0.000 60s
 step  190000 loss=0.19369 bce=0.19369 lap=0.00 lam=0.0e+00 val=0.2722 2ch=0.000 2cl=0.000 59s
 step  195000 loss=0.19186 bce=0.19186 lap=0.00 lam=0.0e+00 val=0.3024 2ch=0.000 2cl=0.000 60s
 step  200000 loss=0.19228 bce=0.19228 lap=0.00 lam=0.0e+00 val=0.3112 2ch=0.000 2cl=0.000 60s
 step  205000 loss=0.19056 bce=0.19056 lap=0.00 lam=0.0e+00 val=0.3200 2ch=0.000 2cl=0.000 59s
 step  210000 loss=0.18870 bce=0.18870 lap=0.00 lam=0.0e+00 val=0.3076 2ch=0.000 2cl=0.000 59s
 step  215000 loss=0.18903 bce=0.18903 lap=0.00 lam=0.0e+00 val=0.3258 2ch=0.000 2cl=0.000 59s
 step  220000 loss=0.18849 bce=0.18849 lap=0.00 lam=0.0e+00 val=0.3156 2ch=0.000 2cl=0.000 60s
 step  225000 loss=0.18594 bce=0.18594 lap=0.00 lam=0.0e+00 val=0.3228 2ch=0.000 2cl=0.000 59s
 step  230000 loss=0.18566 bce=0.18566 lap=0.00 lam=0.0e+00 val=0.3312 2ch=0.000 2cl=0.000 59s
 step  235000 loss=0.18684 bce=0.18684 lap=0.00 lam=0.0e+00 val=0.3006 2ch=0.000 2cl=0.000 59s
 step  240000 loss=0.18606 bce=0.18606 lap=0.00 lam=0.0e+00 val=0.3306 2ch=0.000 2cl=0.000 59s
 step  245000 loss=0.18350 bce=0.18350 lap=0.00 lam=0.0e+00 val=0.3340 2ch=0.000 2cl=0.000 59s
 step  250000 loss=0.18435 bce=0.18435 lap=0.00 lam=0.0e+00 val=0.2668 2ch=0.000 2cl=0.000 59s
 step  255000 loss=0.18283 bce=0.18283 lap=0.00 lam=0.0e+00 val=0.3322 2ch=0.000 2cl=0.000 59s
 step  260000 loss=0.18364 bce=0.18364 lap=0.00 lam=0.0e+00 val=0.3354 2ch=0.000 2cl=0.000 59s
 step  265000 loss=0.17998 bce=0.17998 lap=0.00 lam=0.0e+00 val=0.3160 2ch=0.000 2cl=0.000 60s
 step  270000 loss=0.18109 bce=0.18109 lap=0.00 lam=0.0e+00 val=0.2516 2ch=0.000 2cl=0.000 59s
 step  275000 loss=0.17940 bce=0.17940 lap=0.00 lam=0.0e+00 val=0.3388 2ch=0.000 2cl=0.000 59s
 step  280000 loss=0.17747 bce=0.17747 lap=0.00 lam=0.0e+00 val=0.3302 2ch=0.000 2cl=0.000 59s
 step  285000 loss=0.17668 bce=0.17668 lap=0.00 lam=0.0e+00 val=0.3426 2ch=0.000 2cl=0.000 59s
 step  290000 loss=0.17708 bce=0.17708 lap=0.00 lam=0.0e+00 val=0.3324 2ch=0.000 2cl=0.000 59s
 step  295000 loss=0.17602 bce=0.17602 lap=0.00 lam=0.0e+00 val=0.3474 2ch=0.000 2cl=0.000 59s
 step  300000 loss=0.17492 bce=0.17492 lap=0.00 lam=0.0e+00 val=0.3512 2ch=0.000 2cl=0.000 59s
 step  305000 loss=0.17464 bce=0.17464 lap=0.00 lam=0.0e+00 val=0.3428 2ch=0.000 2cl=0.000 59s
 step  310000 loss=0.17433 bce=0.17433 lap=0.00 lam=0.0e+00 val=0.3208 2ch=0.000 2cl=0.000 59s
 step  315000 loss=0.17394 bce=0.17394 lap=0.00 lam=0.0e+00 val=0.3468 2ch=0.000 2cl=0.000 59s
 step  320000 loss=0.17318 bce=0.17318 lap=0.00 lam=0.0e+00 val=0.3544 2ch=0.000 2cl=0.000 59s
 step  325000 loss=0.17233 bce=0.17233 lap=0.00 lam=0.0e+00 val=0.3562 2ch=0.000 2cl=0.000 59s
 step  330000 loss=0.17167 bce=0.17167 lap=0.00 lam=0.0e+00 val=0.3534 2ch=0.000 2cl=0.000 59s
 step  335000 loss=0.17122 bce=0.17122 lap=0.00 lam=0.0e+00 val=0.2722 2ch=0.000 2cl=0.000 59s
 step  340000 loss=0.17090 bce=0.17090 lap=0.00 lam=0.0e+00 val=0.3498 2ch=0.000 2cl=0.000 59s
 step  345000 loss=0.17058 bce=0.17058 lap=0.00 lam=0.0e+00 val=0.3594 2ch=0.000 2cl=0.000 59s
 step  350000 loss=0.16961 bce=0.16961 lap=0.00 lam=0.0e+00 val=0.3520 2ch=0.000 2cl=0.000 59s
 step  355000 loss=0.16990 bce=0.16990 lap=0.00 lam=0.0e+00 val=0.3338 2ch=0.000 2cl=0.000 59s
 step  360000 loss=0.16890 bce=0.16890 lap=0.00 lam=0.0e+00 val=0.3238 2ch=0.000 2cl=0.000 59s
 step  365000 loss=0.16743 bce=0.16743 lap=0.00 lam=0.0e+00 val=0.3186 2ch=0.000 2cl=0.000 59s
 step  370000 loss=0.16636 bce=0.16636 lap=0.00 lam=0.0e+00 val=0.3296 2ch=0.000 2cl=0.000 59s
 step  375000 loss=0.16571 bce=0.16571 lap=0.00 lam=0.0e+00 val=0.3086 2ch=0.000 2cl=0.000 59s
 step  380000 loss=0.16458 bce=0.16458 lap=0.00 lam=0.0e+00 val=0.3084 2ch=0.000 2cl=0.000 59s
 step  385000 loss=0.16344 bce=0.16344 lap=0.00 lam=0.0e+00 val=0.3172 2ch=0.000 2cl=0.000 59s
 step  390000 loss=0.16242 bce=0.16242 lap=0.00 lam=0.0e+00 val=0.3204 2ch=0.000 2cl=0.000 59s
 step  395000 loss=0.16211 bce=0.16211 lap=0.00 lam=0.0e+00 val=0.3132 2ch=0.000 2cl=0.000 59s
 step  400000 loss=0.16104 bce=0.16104 lap=0.00 lam=0.0e+00 val=0.3108 2ch=0.000 2cl=0.000 59s
 step  405000 loss=0.16045 bce=0.16045 lap=0.00 lam=0.0e+00 val=0.3158 2ch=0.000 2cl=0.000 59s
 step  410000 loss=0.16007 bce=0.16007 lap=0.00 lam=0.0e+00 val=0.3086 2ch=0.000 2cl=0.000 59s
 step  415000 loss=0.15932 bce=0.15932 lap=0.00 lam=0.0e+00 val=0.3260 2ch=0.000 2cl=0.000 59s
 step  420000 loss=0.15867 bce=0.15867 lap=0.00 lam=0.0e+00 val=0.3340 2ch=0.000 2cl=0.000 59s
 step  425000 loss=0.15811 bce=0.15811 lap=0.00 lam=0.0e+00 val=0.3260 2ch=0.000 2cl=0.000 59s
 step  430000 loss=0.15771 bce=0.15771 lap=0.00 lam=0.0e+00 val=0.3408 2ch=0.000 2cl=0.000 59s
 step  435000 loss=0.15719 bce=0.15719 lap=0.00 lam=0.0e+00 val=0.3330 2ch=0.000 2cl=0.000 59s
 step  440000 loss=0.15690 bce=0.15690 lap=0.00 lam=0.0e+00 val=0.3642 2ch=0.000 2cl=0.000 59s
 step  445000 loss=0.15620 bce=0.15620 lap=0.00 lam=0.0e+00 val=0.3556 2ch=0.000 2cl=0.000 59s
 step  450000 loss=0.15574 bce=0.15574 lap=0.00 lam=0.0e+00 val=0.3568 2ch=0.000 2cl=0.000 59s
 step  455000 loss=0.15546 bce=0.15546 lap=0.00 lam=0.0e+00 val=0.3704 2ch=0.000 2cl=0.000 59s
 step  460000 loss=0.15449 bce=0.15449 lap=0.00 lam=0.0e+00 val=0.3710 2ch=0.000 2cl=0.000 59s
 step  465000 loss=0.15405 bce=0.15405 lap=0.00 lam=0.0e+00 val=0.3758 2ch=0.000 2cl=0.000 59s
 step  470000 loss=0.15371 bce=0.15371 lap=0.00 lam=0.0e+00 val=0.3728 2ch=0.000 2cl=0.000 59s
 step  475000 loss=0.15322 bce=0.15322 lap=0.00 lam=0.0e+00 val=0.3772 2ch=0.000 2cl=0.000 59s
 step  480000 loss=0.15262 bce=0.15262 lap=0.00 lam=0.0e+00 val=0.3832 2ch=0.000 2cl=0.000 59s
 step  485000 loss=0.15222 bce=0.15222 lap=0.00 lam=0.0e+00 val=0.3830 2ch=0.000 2cl=0.000 59s
 step  490000 loss=0.15172 bce=0.15172 lap=0.00 lam=0.0e+00 val=0.3830 2ch=0.000 2cl=0.000 59s
 step  495000 loss=0.15153 bce=0.15153 lap=0.00 lam=0.0e+00 val=0.3868 2ch=0.000 2cl=0.000 59s
 step  500000 loss=0.15126 bce=0.15126 lap=0.00 lam=0.0e+00 val=0.3862 2ch=0.000 2cl=0.000 59s
 step  505000 loss=0.15081 bce=0.15081 lap=0.00 lam=0.0e+00 val=0.3856 2ch=0.000 2cl=0.000 59s
 step  510000 loss=0.15047 bce=0.15047 lap=0.00 lam=0.0e+00 val=0.3804 2ch=0.000 2cl=0.000 59s
 step  515000 loss=0.15038 bce=0.15038 lap=0.00 lam=0.0e+00 val=0.3896 2ch=0.000 2cl=0.000 59s
 step  520000 loss=0.14979 bce=0.14979 lap=0.00 lam=0.0e+00 val=0.3970 2ch=0.000 2cl=0.000 59s
 step  525000 loss=0.14972 bce=0.14972 lap=0.00 lam=0.0e+00 val=0.3908 2ch=0.000 2cl=0.000 59s
 step  530000 loss=0.14926 bce=0.14926 lap=0.00 lam=0.0e+00 val=0.3986 2ch=0.000 2cl=0.000 59s
 step  535000 loss=0.14911 bce=0.14911 lap=0.00 lam=0.0e+00 val=0.3884 2ch=0.000 2cl=0.000 59s
 step  540000 loss=0.14859 bce=0.14859 lap=0.00 lam=0.0e+00 val=0.3880 2ch=0.000 2cl=0.000 59s
 step  545000 loss=0.14870 bce=0.14870 lap=0.00 lam=0.0e+00 val=0.3860 2ch=0.000 2cl=0.000 59s
 step  550000 loss=0.14820 bce=0.14820 lap=0.00 lam=0.0e+00 val=0.3880 2ch=0.000 2cl=0.000 59s
 step  555000 loss=0.14809 bce=0.14809 lap=0.00 lam=0.0e+00 val=0.3984 2ch=0.000 2cl=0.000 59s
 step  560000 loss=0.14772 bce=0.14772 lap=0.00 lam=0.0e+00 val=0.4026 2ch=0.000 2cl=0.000 59s
 step  565000 loss=0.14745 bce=0.14745 lap=0.00 lam=0.0e+00 val=0.3822 2ch=0.000 2cl=0.000 59s
 step  570000 loss=0.14712 bce=0.14712 lap=0.00 lam=0.0e+00 val=0.3958 2ch=0.000 2cl=0.000 59s
 step  575000 loss=0.14704 bce=0.14704 lap=0.00 lam=0.0e+00 val=0.3862 2ch=0.000 2cl=0.000 59s
 step  580000 loss=0.14677 bce=0.14677 lap=0.00 lam=0.0e+00 val=0.3872 2ch=0.000 2cl=0.000 59s
 step  585000 loss=0.14674 bce=0.14674 lap=0.00 lam=0.0e+00 val=0.3888 2ch=0.000 2cl=0.000 59s
 step  590000 loss=0.14649 bce=0.14649 lap=0.00 lam=0.0e+00 val=0.3972 2ch=0.000 2cl=0.000 59s
 step  595000 loss=0.14626 bce=0.14626 lap=0.00 lam=0.0e+00 val=0.3932 2ch=0.000 2cl=0.000 59s
 step  600000 loss=0.14616 bce=0.14616 lap=0.00 lam=0.0e+00 val=0.3984 2ch=0.000 2cl=0.000 59s
 step  605000 loss=0.14583 bce=0.14583 lap=0.00 lam=0.0e+00 val=0.3946 2ch=0.000 2cl=0.000 59s
 step  610000 loss=0.14572 bce=0.14572 lap=0.00 lam=0.0e+00 val=0.4060 2ch=0.000 2cl=0.000 59s
 step  615000 loss=0.14536 bce=0.14536 lap=0.00 lam=0.0e+00 val=0.3982 2ch=0.000 2cl=0.000 59s
 step  620000 loss=0.14526 bce=0.14526 lap=0.00 lam=0.0e+00 val=0.3994 2ch=0.000 2cl=0.000 59s
 step  625000 loss=0.14506 bce=0.14506 lap=0.00 lam=0.0e+00 val=0.3956 2ch=0.000 2cl=0.000 59s
 step  630000 loss=0.14505 bce=0.14505 lap=0.00 lam=0.0e+00 val=0.3988 2ch=0.000 2cl=0.000 59s
 step  635000 loss=0.14479 bce=0.14479 lap=0.00 lam=0.0e+00 val=0.4000 2ch=0.000 2cl=0.000 59s
 step  640000 loss=0.14461 bce=0.14461 lap=0.00 lam=0.0e+00 val=0.3914 2ch=0.000 2cl=0.000 59s
 step  645000 loss=0.14440 bce=0.14440 lap=0.00 lam=0.0e+00 val=0.3994 2ch=0.000 2cl=0.000 59s
 step  650000 loss=0.14429 bce=0.14429 lap=0.00 lam=0.0e+00 val=0.4028 2ch=0.000 2cl=0.000 59s
 step  655000 loss=0.14419 bce=0.14419 lap=0.00 lam=0.0e+00 val=0.4022 2ch=0.000 2cl=0.000 59s
 step  660000 loss=0.14408 bce=0.14408 lap=0.00 lam=0.0e+00 val=0.4034 2ch=0.000 2cl=0.000 59s
 step  665000 loss=0.14384 bce=0.14384 lap=0.00 lam=0.0e+00 val=0.4004 2ch=0.000 2cl=0.000 59s
 step  670000 loss=0.14375 bce=0.14375 lap=0.00 lam=0.0e+00 val=0.3942 2ch=0.000 2cl=0.000 59s
 step  675000 loss=0.14365 bce=0.14365 lap=0.00 lam=0.0e+00 val=0.4064 2ch=0.000 2cl=0.000 59s
 step  680000 loss=0.14346 bce=0.14346 lap=0.00 lam=0.0e+00 val=0.4004 2ch=0.000 2cl=0.000 59s
 step  685000 loss=0.14329 bce=0.14329 lap=0.00 lam=0.0e+00 val=0.4026 2ch=0.000 2cl=0.000 59s
 step  690000 loss=0.14311 bce=0.14311 lap=0.00 lam=0.0e+00 val=0.4058 2ch=0.000 2cl=0.000 59s
 step  695000 loss=0.14308 bce=0.14308 lap=0.00 lam=0.0e+00 val=0.4012 2ch=0.000 2cl=0.000 59s
 step  700000 loss=0.14294 bce=0.14294 lap=0.00 lam=0.0e+00 val=0.4078 2ch=0.000 2cl=0.000 59s
 step  705000 loss=0.14280 bce=0.14280 lap=0.00 lam=0.0e+00 val=0.4104 2ch=0.000 2cl=0.000 59s
 step  710000 loss=0.14273 bce=0.14273 lap=0.00 lam=0.0e+00 val=0.3978 2ch=0.000 2cl=0.000 59s
 step  715000 loss=0.14256 bce=0.14256 lap=0.00 lam=0.0e+00 val=0.4046 2ch=0.000 2cl=0.000 59s
 step  720000 loss=0.14243 bce=0.14243 lap=0.00 lam=0.0e+00 val=0.4004 2ch=0.000 2cl=0.000 59s
 step  725000 loss=0.14240 bce=0.14240 lap=0.00 lam=0.0e+00 val=0.4094 2ch=0.000 2cl=0.000 59s
 step  730000 loss=0.14220 bce=0.14220 lap=0.00 lam=0.0e+00 val=0.4098 2ch=0.000 2cl=0.000 59s
 step  735000 loss=0.14213 bce=0.14213 lap=0.00 lam=0.0e+00 val=0.4106 2ch=0.000 2cl=0.000 59s
 step  740000 loss=0.14210 bce=0.14210 lap=0.00 lam=0.0e+00 val=0.4106 2ch=0.000 2cl=0.000 59s
 step  745000 loss=0.14191 bce=0.14191 lap=0.00 lam=0.0e+00 val=0.4052 2ch=0.000 2cl=0.000 59s
 step  750000 loss=0.14186 bce=0.14186 lap=0.00 lam=0.0e+00 val=0.4062 2ch=0.000 2cl=0.000 59s
 step  755000 loss=0.14171 bce=0.14171 lap=0.00 lam=0.0e+00 val=0.4036 2ch=0.000 2cl=0.000 59s
 step  760000 loss=0.14165 bce=0.14165 lap=0.00 lam=0.0e+00 val=0.4092 2ch=0.000 2cl=0.000 59s
 step  765000 loss=0.14146 bce=0.14146 lap=0.00 lam=0.0e+00 val=0.4016 2ch=0.000 2cl=0.000 59s
 step  770000 loss=0.14134 bce=0.14134 lap=0.00 lam=0.0e+00 val=0.4150 2ch=0.000 2cl=0.000 59s
 step  775000 loss=0.14149 bce=0.14149 lap=0.00 lam=0.0e+00 val=0.4110 2ch=0.000 2cl=0.000 59s
 step  780000 loss=0.14119 bce=0.14119 lap=0.00 lam=0.0e+00 val=0.4110 2ch=0.000 2cl=0.000 59s
 step  785000 loss=0.14117 bce=0.14117 lap=0.00 lam=0.0e+00 val=0.4104 2ch=0.000 2cl=0.000 59s
 step  790000 loss=0.14105 bce=0.14105 lap=0.00 lam=0.0e+00 val=0.4064 2ch=0.000 2cl=0.000 59s
 step  795000 loss=0.14099 bce=0.14099 lap=0.00 lam=0.0e+00 val=0.4104 2ch=0.000 2cl=0.000 59s
 step  800000 loss=0.14098 bce=0.14098 lap=0.00 lam=0.0e+00 val=0.4124 2ch=0.000 2cl=0.000 59s
 step  805000 loss=0.14081 bce=0.14081 lap=0.00 lam=0.0e+00 val=0.4114 2ch=0.000 2cl=0.000 59s
 step  810000 loss=0.14093 bce=0.14093 lap=0.00 lam=0.0e+00 val=0.4134 2ch=0.000 2cl=0.000 59s
 step  815000 loss=0.14074 bce=0.14074 lap=0.00 lam=0.0e+00 val=0.4078 2ch=0.000 2cl=0.000 59s
 step  820000 loss=0.14070 bce=0.14070 lap=0.00 lam=0.0e+00 val=0.4134 2ch=0.000 2cl=0.000 59s
 step  825000 loss=0.14068 bce=0.14068 lap=0.00 lam=0.0e+00 val=0.4140 2ch=0.000 2cl=0.000 59s
 step  830000 loss=0.14055 bce=0.14055 lap=0.00 lam=0.0e+00 val=0.4132 2ch=0.000 2cl=0.000 59s
 step  835000 loss=0.14047 bce=0.14047 lap=0.00 lam=0.0e+00 val=0.4174 2ch=0.000 2cl=0.000 59s
 step  840000 loss=0.14040 bce=0.14040 lap=0.00 lam=0.0e+00 val=0.4132 2ch=0.000 2cl=0.000 59s
 step  845000 loss=0.14036 bce=0.14036 lap=0.00 lam=0.0e+00 val=0.4092 2ch=0.000 2cl=0.000 59s
 step  850000 loss=0.14039 bce=0.14039 lap=0.00 lam=0.0e+00 val=0.4190 2ch=0.000 2cl=0.000 59s
 step  855000 loss=0.14030 bce=0.14030 lap=0.00 lam=0.0e+00 val=0.4140 2ch=0.000 2cl=0.000 59s
 step  860000 loss=0.14019 bce=0.14019 lap=0.00 lam=0.0e+00 val=0.4122 2ch=0.000 2cl=0.000 59s
 step  865000 loss=0.14010 bce=0.14010 lap=0.00 lam=0.0e+00 val=0.4174 2ch=0.000 2cl=0.000 59s
 step  870000 loss=0.14025 bce=0.14025 lap=0.00 lam=0.0e+00 val=0.4148 2ch=0.000 2cl=0.000 59s
 step  875000 loss=0.14018 bce=0.14018 lap=0.00 lam=0.0e+00 val=0.4178 2ch=0.000 2cl=0.000 59s
 step  880000 loss=0.13995 bce=0.13995 lap=0.00 lam=0.0e+00 val=0.4142 2ch=0.000 2cl=0.000 59s
 step  885000 loss=0.14001 bce=0.14001 lap=0.00 lam=0.0e+00 val=0.4158 2ch=0.000 2cl=0.000 59s
 step  890000 loss=0.13999 bce=0.13999 lap=0.00 lam=0.0e+00 val=0.4164 2ch=0.000 2cl=0.000 59s
 step  895000 loss=0.13989 bce=0.13989 lap=0.00 lam=0.0e+00 val=0.4160 2ch=0.000 2cl=0.000 59s
 step  900000 loss=0.13968 bce=0.13968 lap=0.00 lam=0.0e+00 val=0.4160 2ch=0.000 2cl=0.000 59s
 step  905000 loss=0.13992 bce=0.13992 lap=0.00 lam=0.0e+00 val=0.4176 2ch=0.000 2cl=0.000 59s
 step  910000 loss=0.13979 bce=0.13979 lap=0.00 lam=0.0e+00 val=0.4188 2ch=0.000 2cl=0.000 59s
 step  915000 loss=0.13976 bce=0.13976 lap=0.00 lam=0.0e+00 val=0.4188 2ch=0.000 2cl=0.000 59s
 step  920000 loss=0.13968 bce=0.13968 lap=0.00 lam=0.0e+00 val=0.4174 2ch=0.000 2cl=0.000 59s
 step  925000 loss=0.13966 bce=0.13966 lap=0.00 lam=0.0e+00 val=0.4152 2ch=0.000 2cl=0.000 59s
 step  930000 loss=0.13948 bce=0.13948 lap=0.00 lam=0.0e+00 val=0.4136 2ch=0.000 2cl=0.000 59s
 step  935000 loss=0.13959 bce=0.13959 lap=0.00 lam=0.0e+00 val=0.4206 2ch=0.000 2cl=0.000 59s
 step  940000 loss=0.13966 bce=0.13966 lap=0.00 lam=0.0e+00 val=0.4202 2ch=0.000 2cl=0.000 59s
 step  945000 loss=0.13969 bce=0.13969 lap=0.00 lam=0.0e+00 val=0.4194 2ch=0.000 2cl=0.000 59s
 step  950000 loss=0.13959 bce=0.13959 lap=0.00 lam=0.0e+00 val=0.4194 2ch=0.000 2cl=0.000 59s
 step  955000 loss=0.13947 bce=0.13947 lap=0.00 lam=0.0e+00 val=0.4204 2ch=0.000 2cl=0.000 59s
 step  960000 loss=0.13956 bce=0.13956 lap=0.00 lam=0.0e+00 val=0.4186 2ch=0.000 2cl=0.000 59s
 step  965000 loss=0.13957 bce=0.13957 lap=0.00 lam=0.0e+00 val=0.4190 2ch=0.000 2cl=0.000 59s
 step  970000 loss=0.13951 bce=0.13951 lap=0.00 lam=0.0e+00 val=0.4200 2ch=0.000 2cl=0.000 59s
 step  975000 loss=0.13952 bce=0.13952 lap=0.00 lam=0.0e+00 val=0.4194 2ch=0.000 2cl=0.000 59s
 step  980000 loss=0.13950 bce=0.13950 lap=0.00 lam=0.0e+00 val=0.4208 2ch=0.000 2cl=0.000 59s
 step  985000 loss=0.13939 bce=0.13939 lap=0.00 lam=0.0e+00 val=0.4198 2ch=0.000 2cl=0.000 59s
 step  990000 loss=0.13943 bce=0.13943 lap=0.00 lam=0.0e+00 val=0.4198 2ch=0.000 2cl=0.000 59s
 step  995000 loss=0.13946 bce=0.13946 lap=0.00 lam=0.0e+00 val=0.4198 2ch=0.000 2cl=0.000 59s
 step 1000000 loss=0.13942 bce=0.13942 lap=0.00 lam=0.0e+00 val=0.4196 2ch=0.000 2cl=0.000 59s
done. best in-dist exact=0.4208  -> runs/report6/a1_train/n40_path_union_roberta_linear_lam0_seed1000
auto-eval multipath: runs/report6/a1_train/n40_path_union_roberta_linear_lam0_seed1000/last.pt
checkpoint=runs/report6/a1_train/n40_path_union_roberta_linear_lam0_seed1000/last.pt
  arch=roberta readout=linear n=40 device=cuda
  k=1 ell= 3: pair=0.765 mat_exact=0.000 mat_pw=0.915 n_intact=0.57/1 (hist [171, 229])
  k=2 ell= 3: pair=1.000 mat_exact=0.007 mat_pw=0.976 n_intact=1.94/2 (hist [2, 21, 377])
  k=3 ell= 3: pair=1.000 mat_exact=0.000 mat_pw=0.550 n_intact=2.99/3 (hist [0, 1, 2, 397])
  k=4 ell= 3: pair=1.000 mat_exact=0.000 mat_pw=0.615 n_intact=4.00/4 (hist [0, 0, 0, 0, 400])
  k=1 ell= 5: pair=0.662 mat_exact=0.000 mat_pw=0.906 n_intact=0.00/1 (hist [399, 1])
  k=2 ell= 5: pair=0.995 mat_exact=0.000 mat_pw=0.846 n_intact=0.95/2 (hist [159, 100, 141])
  k=3 ell= 5: pair=1.000 mat_exact=0.000 mat_pw=0.699 n_intact=3.00/3 (hist [0, 0, 1, 399])
  k=4 ell= 5: pair=1.000 mat_exact=0.000 mat_pw=0.492 n_intact=4.00/4 (hist [0, 0, 0, 0, 400])
  k=1 ell= 7: pair=0.752 mat_exact=0.000 mat_pw=0.889 n_intact=0.02/1 (hist [393, 7])
  k=2 ell= 7: pair=1.000 mat_exact=0.000 mat_pw=0.904 n_intact=0.93/2 (hist [172, 84, 144])
  k=3 ell= 7: pair=1.000 mat_exact=0.000 mat_pw=0.851 n_intact=2.77/3 (hist [16, 14, 16, 354])
  k=4 ell= 7: pair=1.000 mat_exact=0.000 mat_pw=0.533 n_intact=4.00/4 (hist [0, 0, 0, 0, 400])
  k=1 ell= 9: pair=0.472 mat_exact=0.000 mat_pw=0.812 n_intact=0.00/1 (hist [400, 0])
  k=2 ell= 9: pair=0.870 mat_exact=0.000 mat_pw=0.866 n_intact=0.28/2 (hist [316, 58, 26])
  k=3 ell= 9: pair=0.998 mat_exact=0.000 mat_pw=0.924 n_intact=2.15/3 (hist [81, 32, 35, 252])
  k=4 ell= 9: pair=1.000 mat_exact=0.000 mat_pw=0.739 n_intact=4.00/4 (hist [0, 0, 0, 0, 400])
  k=1 ell=11: pair=0.403 mat_exact=0.000 mat_pw=0.796 n_intact=0.00/1 (hist [400, 0])
  k=2 ell=11: pair=0.613 mat_exact=0.000 mat_pw=0.833 n_intact=0.00/2 (hist [399, 1, 0])
  k=3 ell=11: pair=0.735 mat_exact=0.003 mat_pw=0.974 n_intact=0.97/3 (hist [241, 31, 26, 102])
  k=1 ell=13: pair=0.388 mat_exact=0.000 mat_pw=0.794 n_intact=0.00/1 (hist [400, 0])
  k=2 ell=13: pair=0.573 mat_exact=0.000 mat_pw=0.762 n_intact=0.00/2 (hist [400, 0, 0])
  k=3 ell=13: pair=1.000 mat_exact=0.975 mat_pw=1.000 n_intact=2.97/3 (hist [0, 1, 9, 390])
  k=1 ell=15: pair=0.340 mat_exact=0.000 mat_pw=0.790 n_intact=0.00/1 (hist [400, 0])
  k=2 ell=15: pair=0.542 mat_exact=0.000 mat_pw=0.666 n_intact=0.00/2 (hist [400, 0, 0])
  k=1 ell=17: pair=0.360 mat_exact=0.000 mat_pw=0.776 n_intact=0.00/1 (hist [400, 0])
  k=2 ell=17: pair=0.568 mat_exact=0.000 mat_pw=0.610 n_intact=0.00/2 (hist [400, 0, 0])
  k=1 ell=19: pair=0.360 mat_exact=0.000 mat_pw=0.755 n_intact=0.00/1 (hist [400, 0])
  saved -> runs/report6/multipath/n40_pathunion_seed1000/multipath.json
