task 25 -> n=40 k=2 ell=11 trunc=0 seed=2000
== n40_k2_ell11_clean_roberta_linear_seed2000 ==
 device=cuda arch=roberta readout=linear n=40 k=2 ell=11 trunc_frac=0.0 params=6,347,304
 step    2000 loss=0.54136 val_exact=0.0000 val_pw=0.8193 val_pair=1.0000 32s
 step    4000 loss=0.44419 val_exact=0.0000 val_pw=0.9068 val_pair=1.0000 28s
 step    6000 loss=0.36492 val_exact=0.0000 val_pw=0.8867 val_pair=1.0000 22s
 step    8000 loss=0.32009 val_exact=0.0000 val_pw=0.8991 val_pair=1.0000 23s
 step   10000 loss=0.28671 val_exact=0.0000 val_pw=0.9643 val_pair=1.0000 26s
 step   12000 loss=0.25766 val_exact=0.0000 val_pw=0.9680 val_pair=1.0000 25s
 step   14000 loss=0.24041 val_exact=0.0000 val_pw=0.9697 val_pair=1.0000 28s
 step   16000 loss=0.19520 val_exact=0.0000 val_pw=0.9729 val_pair=1.0000 28s
 step   18000 loss=0.15433 val_exact=0.0000 val_pw=0.9812 val_pair=1.0000 24s
 step   20000 loss=0.11706 val_exact=0.0000 val_pw=0.9876 val_pair=1.0000 24s
 step   22000 loss=0.09062 val_exact=0.0000 val_pw=0.9928 val_pair=1.0000 26s
 step   24000 loss=0.06962 val_exact=0.0000 val_pw=0.9959 val_pair=1.0000 28s
 step   26000 loss=0.05515 val_exact=0.0000 val_pw=0.9971 val_pair=1.0000 29s
 step   28000 loss=0.04765 val_exact=0.0420 val_pw=0.9982 val_pair=1.0000 25s
 step   30000 loss=0.04288 val_exact=0.2655 val_pw=0.9991 val_pair=1.0000 24s
 step   32000 loss=0.03969 val_exact=0.6110 val_pw=0.9996 val_pair=1.0000 28s
 step   34000 loss=0.03731 val_exact=0.4100 val_pw=0.9994 val_pair=1.0000 25s
 step   36000 loss=0.03550 val_exact=0.6475 val_pw=0.9997 val_pair=1.0000 23s
 step   38000 loss=0.03411 val_exact=0.6065 val_pw=0.9997 val_pair=1.0000 26s
 step   40000 loss=0.03295 val_exact=0.8990 val_pw=0.9999 val_pair=1.0000 24s
 step   42000 loss=0.03187 val_exact=0.5745 val_pw=0.9997 val_pair=1.0000 24s
 step   44000 loss=0.03093 val_exact=0.8905 val_pw=0.9999 val_pair=1.0000 24s
 step   46000 loss=0.03032 val_exact=0.8630 val_pw=0.9999 val_pair=1.0000 23s
 step   48000 loss=0.02961 val_exact=0.8465 val_pw=0.9999 val_pair=1.0000 29s
 step   50000 loss=0.02900 val_exact=0.7195 val_pw=0.9998 val_pair=1.0000 25s
 step   52000 loss=0.02849 val_exact=0.8765 val_pw=0.9999 val_pair=1.0000 27s
 step   54000 loss=0.02789 val_exact=0.8275 val_pw=0.9999 val_pair=1.0000 22s
 step   56000 loss=0.02751 val_exact=0.8000 val_pw=0.9999 val_pair=1.0000 30s
 step   58000 loss=0.02724 val_exact=0.9155 val_pw=0.9999 val_pair=1.0000 27s
 step   60000 loss=0.02682 val_exact=0.8485 val_pw=0.9999 val_pair=1.0000 26s
 step   62000 loss=0.02637 val_exact=0.9355 val_pw=1.0000 val_pair=1.0000 26s
 step   64000 loss=0.02621 val_exact=0.9095 val_pw=0.9999 val_pair=1.0000 24s
 step   66000 loss=0.02598 val_exact=0.8860 val_pw=0.9999 val_pair=1.0000 25s
 step   68000 loss=0.02568 val_exact=0.9495 val_pw=1.0000 val_pair=1.0000 28s
 step   70000 loss=0.02554 val_exact=0.8715 val_pw=0.9999 val_pair=1.0000 23s
 step   72000 loss=0.02519 val_exact=0.7725 val_pw=0.9998 val_pair=1.0000 23s
 step   74000 loss=0.02495 val_exact=0.9425 val_pw=1.0000 val_pair=1.0000 27s
 step   76000 loss=0.02472 val_exact=0.9635 val_pw=1.0000 val_pair=1.0000 29s
 step   78000 loss=0.02457 val_exact=0.9570 val_pw=1.0000 val_pair=1.0000 23s
 step   80000 loss=0.02454 val_exact=0.9180 val_pw=0.9999 val_pair=1.0000 25s
 step   82000 loss=0.02450 val_exact=0.6305 val_pw=0.9997 val_pair=1.0000 35s
 step   84000 loss=0.02432 val_exact=0.9375 val_pw=1.0000 val_pair=1.0000 26s
 step   86000 loss=0.02398 val_exact=0.9110 val_pw=0.9999 val_pair=1.0000 28s
 step   88000 loss=0.02418 val_exact=0.7695 val_pw=0.9998 val_pair=1.0000 28s
 step   90000 loss=0.02390 val_exact=0.9735 val_pw=1.0000 val_pair=1.0000 27s
 step   92000 loss=0.02354 val_exact=0.9760 val_pw=1.0000 val_pair=1.0000 31s
 step   94000 loss=0.02344 val_exact=0.9700 val_pw=1.0000 val_pair=1.0000 31s
 step   96000 loss=0.02330 val_exact=0.9600 val_pw=1.0000 val_pair=1.0000 29s
 step   98000 loss=0.02322 val_exact=0.9790 val_pw=1.0000 val_pair=1.0000 29s
 step  100000 loss=0.02295 val_exact=0.9920 val_pw=1.0000 val_pair=1.0000 25s
 step  102000 loss=0.02305 val_exact=0.9230 val_pw=0.9999 val_pair=1.0000 29s
 step  104000 loss=0.02291 val_exact=0.9940 val_pw=1.0000 val_pair=1.0000 32s
 step  106000 loss=0.02304 val_exact=0.8030 val_pw=0.9999 val_pair=1.0000 25s
 step  108000 loss=0.02250 val_exact=0.9725 val_pw=1.0000 val_pair=1.0000 27s
 step  110000 loss=0.02255 val_exact=0.9745 val_pw=1.0000 val_pair=1.0000 25s
 step  112000 loss=0.02251 val_exact=0.7785 val_pw=0.9997 val_pair=1.0000 25s
 step  114000 loss=0.02233 val_exact=0.9210 val_pw=0.9999 val_pair=1.0000 29s
 step  116000 loss=0.02230 val_exact=0.9875 val_pw=1.0000 val_pair=1.0000 23s
 step  118000 loss=0.02215 val_exact=0.9410 val_pw=1.0000 val_pair=1.0000 25s
 step  120000 loss=0.02231 val_exact=0.9955 val_pw=1.0000 val_pair=1.0000 25s
 step  122000 loss=0.02207 val_exact=0.9955 val_pw=1.0000 val_pair=1.0000 25s
 step  124000 loss=0.02184 val_exact=0.8615 val_pw=0.9998 val_pair=1.0000 24s
 step  126000 loss=0.02191 val_exact=0.8890 val_pw=0.9999 val_pair=1.0000 27s
 step  128000 loss=0.02159 val_exact=0.9715 val_pw=1.0000 val_pair=1.0000 27s
 step  130000 loss=0.02163 val_exact=0.8435 val_pw=0.9999 val_pair=1.0000 32s
 step  132000 loss=0.02149 val_exact=0.9920 val_pw=1.0000 val_pair=1.0000 26s
 step  134000 loss=0.02144 val_exact=0.9985 val_pw=1.0000 val_pair=1.0000 27s
 step  136000 loss=0.02166 val_exact=0.6835 val_pw=0.9998 val_pair=1.0000 25s
 step  138000 loss=0.02146 val_exact=0.9955 val_pw=1.0000 val_pair=1.0000 25s
 step  140000 loss=0.02119 val_exact=0.9975 val_pw=1.0000 val_pair=1.0000 26s
 step  142000 loss=0.02127 val_exact=0.9815 val_pw=1.0000 val_pair=1.0000 26s
 step  144000 loss=0.02095 val_exact=0.9820 val_pw=1.0000 val_pair=1.0000 24s
 step  146000 loss=0.02121 val_exact=0.7205 val_pw=0.9998 val_pair=1.0000 26s
 step  148000 loss=0.02100 val_exact=0.9845 val_pw=1.0000 val_pair=1.0000 28s
 step  150000 loss=0.02092 val_exact=0.7670 val_pw=0.9998 val_pair=1.0000 25s
 step  152000 loss=0.02077 val_exact=0.9985 val_pw=1.0000 val_pair=1.0000 24s
 step  154000 loss=0.02079 val_exact=0.9960 val_pw=1.0000 val_pair=1.0000 22s
 step  156000 loss=0.02094 val_exact=0.8745 val_pw=0.9998 val_pair=1.0000 29s
 step  158000 loss=0.02054 val_exact=0.9975 val_pw=1.0000 val_pair=1.0000 24s
 step  160000 loss=0.02047 val_exact=0.9985 val_pw=1.0000 val_pair=1.0000 28s
 step  162000 loss=0.02044 val_exact=0.9960 val_pw=1.0000 val_pair=1.0000 26s
 step  164000 loss=0.02050 val_exact=0.9865 val_pw=1.0000 val_pair=1.0000 30s
 step  166000 loss=0.02039 val_exact=0.9990 val_pw=1.0000 val_pair=1.0000 25s
 step  168000 loss=0.02029 val_exact=0.9790 val_pw=1.0000 val_pair=1.0000 30s
 step  170000 loss=0.02020 val_exact=0.9960 val_pw=1.0000 val_pair=1.0000 24s
 step  172000 loss=0.02017 val_exact=0.9935 val_pw=1.0000 val_pair=1.0000 23s
 step  174000 loss=0.02017 val_exact=0.9995 val_pw=1.0000 val_pair=1.0000 26s
 step  176000 loss=0.02013 val_exact=0.9950 val_pw=1.0000 val_pair=1.0000 32s
 step  178000 loss=0.02023 val_exact=0.9945 val_pw=1.0000 val_pair=1.0000 22s
 step  180000 loss=0.02001 val_exact=0.9945 val_pw=1.0000 val_pair=1.0000 28s
 step  182000 loss=0.01999 val_exact=0.9985 val_pw=1.0000 val_pair=1.0000 22s
 step  184000 loss=0.01994 val_exact=0.9950 val_pw=1.0000 val_pair=1.0000 26s
 step  186000 loss=0.01992 val_exact=0.9990 val_pw=1.0000 val_pair=1.0000 29s
 step  188000 loss=0.01987 val_exact=0.9995 val_pw=1.0000 val_pair=1.0000 28s
 step  190000 loss=0.01984 val_exact=0.9980 val_pw=1.0000 val_pair=1.0000 27s
 step  192000 loss=0.01984 val_exact=0.9935 val_pw=1.0000 val_pair=1.0000 26s
 step  194000 loss=0.01977 val_exact=0.9990 val_pw=1.0000 val_pair=1.0000 22s
 step  196000 loss=0.01976 val_exact=1.0000 val_pw=1.0000 val_pair=1.0000 28s
 step  198000 loss=0.01970 val_exact=0.9995 val_pw=1.0000 val_pair=1.0000 31s
 step  200000 loss=0.01969 val_exact=0.9970 val_pw=1.0000 val_pair=1.0000 28s
 step  202000 loss=0.01964 val_exact=0.9980 val_pw=1.0000 val_pair=1.0000 26s
 step  204000 loss=0.01963 val_exact=1.0000 val_pw=1.0000 val_pair=1.0000 25s
 step  206000 loss=0.01962 val_exact=1.0000 val_pw=1.0000 val_pair=1.0000 25s
 step  208000 loss=0.01958 val_exact=0.9965 val_pw=1.0000 val_pair=1.0000 25s
 step  210000 loss=0.01955 val_exact=1.0000 val_pw=1.0000 val_pair=1.0000 26s
 step  212000 loss=0.01943 val_exact=0.9995 val_pw=1.0000 val_pair=1.0000 28s
 step  214000 loss=0.01940 val_exact=0.9990 val_pw=1.0000 val_pair=1.0000 34s
 step  216000 loss=0.01937 val_exact=0.9985 val_pw=1.0000 val_pair=1.0000 31s
 step  218000 loss=0.01936 val_exact=0.9980 val_pw=1.0000 val_pair=1.0000 25s
 step  220000 loss=0.01932 val_exact=1.0000 val_pw=1.0000 val_pair=1.0000 32s
 step  222000 loss=0.01929 val_exact=1.0000 val_pw=1.0000 val_pair=1.0000 24s
 step  224000 loss=0.01927 val_exact=0.9970 val_pw=1.0000 val_pair=1.0000 26s
 step  226000 loss=0.01925 val_exact=0.9990 val_pw=1.0000 val_pair=1.0000 29s
 step  228000 loss=0.01922 val_exact=1.0000 val_pw=1.0000 val_pair=1.0000 27s
 step  230000 loss=0.01921 val_exact=0.9990 val_pw=1.0000 val_pair=1.0000 31s
 step  232000 loss=0.01918 val_exact=0.9985 val_pw=1.0000 val_pair=1.0000 27s
 step  234000 loss=0.01916 val_exact=1.0000 val_pw=1.0000 val_pair=1.0000 27s
 step  236000 loss=0.01914 val_exact=1.0000 val_pw=1.0000 val_pair=1.0000 29s
 step  238000 loss=0.01913 val_exact=1.0000 val_pw=1.0000 val_pair=1.0000 23s
 step  240000 loss=0.01910 val_exact=0.9995 val_pw=1.0000 val_pair=1.0000 25s
 step  242000 loss=0.01910 val_exact=0.9985 val_pw=1.0000 val_pair=1.0000 34s
 step  244000 loss=0.01908 val_exact=0.9965 val_pw=1.0000 val_pair=1.0000 22s
 step  246000 loss=0.01904 val_exact=1.0000 val_pw=1.0000 val_pair=1.0000 28s
 step  248000 loss=0.01905 val_exact=1.0000 val_pw=1.0000 val_pair=1.0000 26s
 step  250000 loss=0.01902 val_exact=0.9990 val_pw=1.0000 val_pair=1.0000 24s
 step  252000 loss=0.01901 val_exact=0.9995 val_pw=1.0000 val_pair=1.0000 23s
 step  254000 loss=0.01899 val_exact=0.9990 val_pw=1.0000 val_pair=1.0000 27s
 step  256000 loss=0.01897 val_exact=0.9995 val_pw=1.0000 val_pair=1.0000 23s
 step  258000 loss=0.01897 val_exact=1.0000 val_pw=1.0000 val_pair=1.0000 30s
 step  260000 loss=0.01895 val_exact=1.0000 val_pw=1.0000 val_pair=1.0000 28s
 step  262000 loss=0.01894 val_exact=1.0000 val_pw=1.0000 val_pair=1.0000 26s
 step  264000 loss=0.01894 val_exact=1.0000 val_pw=1.0000 val_pair=1.0000 22s
 step  266000 loss=0.01891 val_exact=0.9995 val_pw=1.0000 val_pair=1.0000 25s
 step  268000 loss=0.01892 val_exact=1.0000 val_pw=1.0000 val_pair=1.0000 28s
 step  270000 loss=0.01888 val_exact=1.0000 val_pw=1.0000 val_pair=1.0000 26s
 step  272000 loss=0.01888 val_exact=1.0000 val_pw=1.0000 val_pair=1.0000 26s
 step  274000 loss=0.01888 val_exact=1.0000 val_pw=1.0000 val_pair=1.0000 26s
 step  276000 loss=0.01888 val_exact=1.0000 val_pw=1.0000 val_pair=1.0000 22s
 step  278000 loss=0.01887 val_exact=1.0000 val_pw=1.0000 val_pair=1.0000 25s
 step  280000 loss=0.01886 val_exact=1.0000 val_pw=1.0000 val_pair=1.0000 23s
 step  282000 loss=0.01885 val_exact=1.0000 val_pw=1.0000 val_pair=1.0000 27s
 step  284000 loss=0.01883 val_exact=1.0000 val_pw=1.0000 val_pair=1.0000 24s
 step  286000 loss=0.01886 val_exact=1.0000 val_pw=1.0000 val_pair=1.0000 24s
 step  288000 loss=0.01885 val_exact=1.0000 val_pw=1.0000 val_pair=1.0000 26s
 step  290000 loss=0.01884 val_exact=1.0000 val_pw=1.0000 val_pair=1.0000 25s
 step  292000 loss=0.01885 val_exact=1.0000 val_pw=1.0000 val_pair=1.0000 28s
 step  294000 loss=0.01883 val_exact=1.0000 val_pw=1.0000 val_pair=1.0000 29s
 step  296000 loss=0.01883 val_exact=1.0000 val_pw=1.0000 val_pair=1.0000 23s
 step  298000 loss=0.01883 val_exact=1.0000 val_pw=1.0000 val_pair=1.0000 23s
 step  300000 loss=0.01881 val_exact=1.0000 val_pw=1.0000 val_pair=1.0000 27s
done. steps_to={'pair_0.9': 2000, 'pair_0.99': 2000, 'pair_0.999': 2000, 'exact_0.9': 58000, 'exact_0.99': 100000, 'exact_0.999': 166000}  best exact=1.0000  -> runs/report6/multipath_train/n40_k2_ell11_clean_roberta_linear_seed2000
