task 6 -> n=40 k=2 ell=7 trunc=0 seed=3000
== n40_k2_ell7_clean_roberta_linear_seed3000 ==
 device=cuda arch=roberta readout=linear n=40 k=2 ell=7 trunc_frac=0.0 params=6,347,304
 step    2000 loss=0.56579 val_exact=0.0000 val_pw=0.8903 val_pair=1.0000 22s
 step    4000 loss=0.39092 val_exact=0.0000 val_pw=0.8596 val_pair=1.0000 20s
 step    6000 loss=0.28723 val_exact=0.0000 val_pw=0.5815 val_pair=0.0380 20s
 step    8000 loss=0.23267 val_exact=0.0000 val_pw=0.6892 val_pair=0.9070 20s
 step   10000 loss=0.19774 val_exact=0.0005 val_pw=0.9158 val_pair=0.9975 20s
 step   12000 loss=0.17273 val_exact=0.0000 val_pw=0.6897 val_pair=0.5445 20s
 step   14000 loss=0.15316 val_exact=0.0010 val_pw=0.8213 val_pair=0.9035 20s
 step   16000 loss=0.13610 val_exact=0.0000 val_pw=0.7190 val_pair=0.3190 20s
 step   18000 loss=0.11927 val_exact=0.8860 val_pw=0.9990 val_pair=1.0000 20s
 step   20000 loss=0.10606 val_exact=0.9995 val_pw=1.0000 val_pair=1.0000 21s
 step   22000 loss=0.09725 val_exact=0.9995 val_pw=1.0000 val_pair=1.0000 20s
 step   24000 loss=0.09058 val_exact=1.0000 val_pw=1.0000 val_pair=1.0000 20s
 step   26000 loss=0.08575 val_exact=1.0000 val_pw=1.0000 val_pair=1.0000 20s
 step   28000 loss=0.08182 val_exact=1.0000 val_pw=1.0000 val_pair=1.0000 21s
 step   30000 loss=0.07816 val_exact=1.0000 val_pw=1.0000 val_pair=1.0000 20s
 step   32000 loss=0.07520 val_exact=1.0000 val_pw=1.0000 val_pair=1.0000 20s
 step   34000 loss=0.07231 val_exact=1.0000 val_pw=1.0000 val_pair=1.0000 21s
 step   36000 loss=0.06966 val_exact=1.0000 val_pw=1.0000 val_pair=1.0000 20s
 step   38000 loss=0.06729 val_exact=0.9995 val_pw=1.0000 val_pair=1.0000 21s
 step   40000 loss=0.06503 val_exact=1.0000 val_pw=1.0000 val_pair=1.0000 20s
 step   42000 loss=0.06308 val_exact=1.0000 val_pw=1.0000 val_pair=1.0000 20s
 step   44000 loss=0.06118 val_exact=1.0000 val_pw=1.0000 val_pair=1.0000 20s
 step   46000 loss=0.05853 val_exact=1.0000 val_pw=1.0000 val_pair=1.0000 20s
 step   48000 loss=0.05631 val_exact=0.9995 val_pw=1.0000 val_pair=1.0000 21s
 step   50000 loss=0.05459 val_exact=1.0000 val_pw=1.0000 val_pair=1.0000 21s
 step   52000 loss=0.05314 val_exact=1.0000 val_pw=1.0000 val_pair=1.0000 20s
 step   54000 loss=0.05183 val_exact=1.0000 val_pw=1.0000 val_pair=1.0000 21s
 step   56000 loss=0.05077 val_exact=1.0000 val_pw=1.0000 val_pair=1.0000 20s
 step   58000 loss=0.04967 val_exact=1.0000 val_pw=1.0000 val_pair=1.0000 21s
 step   60000 loss=0.04869 val_exact=1.0000 val_pw=1.0000 val_pair=1.0000 20s
 step   62000 loss=0.04772 val_exact=1.0000 val_pw=1.0000 val_pair=1.0000 20s
 step   64000 loss=0.04685 val_exact=1.0000 val_pw=1.0000 val_pair=1.0000 20s
 step   66000 loss=0.04611 val_exact=1.0000 val_pw=1.0000 val_pair=1.0000 21s
 step   68000 loss=0.04528 val_exact=0.9995 val_pw=1.0000 val_pair=1.0000 21s
 step   70000 loss=0.04467 val_exact=0.9965 val_pw=1.0000 val_pair=1.0000 21s
 step   72000 loss=0.04392 val_exact=0.9955 val_pw=1.0000 val_pair=1.0000 20s
 step   74000 loss=0.04328 val_exact=1.0000 val_pw=1.0000 val_pair=1.0000 21s
 step   76000 loss=0.04261 val_exact=1.0000 val_pw=1.0000 val_pair=1.0000 21s
 step   78000 loss=0.04209 val_exact=1.0000 val_pw=1.0000 val_pair=1.0000 20s
 step   80000 loss=0.04150 val_exact=0.9995 val_pw=1.0000 val_pair=1.0000 21s
 step   82000 loss=0.04096 val_exact=0.9990 val_pw=1.0000 val_pair=1.0000 21s
 step   84000 loss=0.04041 val_exact=0.9990 val_pw=1.0000 val_pair=1.0000 21s
 step   86000 loss=0.03996 val_exact=1.0000 val_pw=1.0000 val_pair=1.0000 21s
 step   88000 loss=0.03945 val_exact=0.9990 val_pw=1.0000 val_pair=1.0000 20s
 step   90000 loss=0.03900 val_exact=1.0000 val_pw=1.0000 val_pair=1.0000 20s
 step   92000 loss=0.03855 val_exact=0.9985 val_pw=1.0000 val_pair=1.0000 20s
 step   94000 loss=0.03814 val_exact=0.9995 val_pw=1.0000 val_pair=1.0000 20s
 step   96000 loss=0.03766 val_exact=1.0000 val_pw=1.0000 val_pair=1.0000 21s
 step   98000 loss=0.03728 val_exact=1.0000 val_pw=1.0000 val_pair=1.0000 21s
 step  100000 loss=0.03692 val_exact=0.9990 val_pw=1.0000 val_pair=1.0000 21s
 step  102000 loss=0.03651 val_exact=0.9990 val_pw=1.0000 val_pair=1.0000 21s
 step  104000 loss=0.03616 val_exact=1.0000 val_pw=1.0000 val_pair=1.0000 21s
 step  106000 loss=0.03581 val_exact=1.0000 val_pw=1.0000 val_pair=1.0000 21s
 step  108000 loss=0.03548 val_exact=1.0000 val_pw=1.0000 val_pair=1.0000 21s
 step  110000 loss=0.03516 val_exact=1.0000 val_pw=1.0000 val_pair=1.0000 21s
 step  112000 loss=0.03477 val_exact=1.0000 val_pw=1.0000 val_pair=1.0000 21s
 step  114000 loss=0.03446 val_exact=0.9975 val_pw=1.0000 val_pair=1.0000 21s
 step  116000 loss=0.03416 val_exact=0.9985 val_pw=1.0000 val_pair=1.0000 21s
 step  118000 loss=0.03385 val_exact=0.9860 val_pw=1.0000 val_pair=1.0000 21s
 step  120000 loss=0.03355 val_exact=0.9980 val_pw=1.0000 val_pair=1.0000 21s
 step  122000 loss=0.03328 val_exact=0.9980 val_pw=1.0000 val_pair=1.0000 21s
 step  124000 loss=0.03297 val_exact=0.9990 val_pw=1.0000 val_pair=1.0000 20s
 step  126000 loss=0.03270 val_exact=0.9875 val_pw=1.0000 val_pair=1.0000 21s
 step  128000 loss=0.03236 val_exact=0.9590 val_pw=1.0000 val_pair=1.0000 20s
 step  130000 loss=0.03215 val_exact=0.9885 val_pw=1.0000 val_pair=1.0000 21s
 step  132000 loss=0.03189 val_exact=0.9900 val_pw=1.0000 val_pair=1.0000 21s
 step  134000 loss=0.03163 val_exact=0.9840 val_pw=1.0000 val_pair=1.0000 21s
 step  136000 loss=0.03135 val_exact=0.9980 val_pw=1.0000 val_pair=1.0000 21s
 step  138000 loss=0.03107 val_exact=0.9320 val_pw=0.9999 val_pair=1.0000 21s
 step  140000 loss=0.03087 val_exact=0.9795 val_pw=1.0000 val_pair=1.0000 21s
 step  142000 loss=0.03065 val_exact=0.7985 val_pw=0.9996 val_pair=1.0000 20s
 step  144000 loss=0.03035 val_exact=0.6270 val_pw=0.9991 val_pair=1.0000 20s
 step  146000 loss=0.03020 val_exact=0.8305 val_pw=0.9997 val_pair=1.0000 20s
 step  148000 loss=0.02993 val_exact=0.9385 val_pw=0.9999 val_pair=1.0000 21s
 step  150000 loss=0.02970 val_exact=0.8780 val_pw=0.9998 val_pair=1.0000 21s
 step  152000 loss=0.02952 val_exact=0.9205 val_pw=0.9999 val_pair=1.0000 21s
 step  154000 loss=0.02927 val_exact=0.4770 val_pw=0.9983 val_pair=1.0000 21s
 step  156000 loss=0.02907 val_exact=0.5310 val_pw=0.9985 val_pair=1.0000 20s
 step  158000 loss=0.02888 val_exact=0.3765 val_pw=0.9979 val_pair=1.0000 20s
 step  160000 loss=0.02860 val_exact=0.7610 val_pw=0.9996 val_pair=1.0000 21s
 step  162000 loss=0.02840 val_exact=0.6620 val_pw=0.9992 val_pair=1.0000 21s
 step  164000 loss=0.02820 val_exact=0.2165 val_pw=0.9954 val_pair=0.9995 21s
 step  166000 loss=0.02806 val_exact=0.5200 val_pw=0.9987 val_pair=1.0000 20s
 step  168000 loss=0.02779 val_exact=0.0890 val_pw=0.9941 val_pair=1.0000 20s
 step  170000 loss=0.02763 val_exact=0.2625 val_pw=0.9969 val_pair=1.0000 20s
 step  172000 loss=0.02746 val_exact=0.2855 val_pw=0.9968 val_pair=1.0000 21s
 step  174000 loss=0.02724 val_exact=0.0290 val_pw=0.9899 val_pair=0.9995 21s
 step  176000 loss=0.02703 val_exact=0.3390 val_pw=0.9978 val_pair=1.0000 20s
 step  178000 loss=0.02687 val_exact=0.0570 val_pw=0.9926 val_pair=0.9990 21s
 step  180000 loss=0.02665 val_exact=0.0380 val_pw=0.9919 val_pair=0.9980 21s
 step  182000 loss=0.02650 val_exact=0.0540 val_pw=0.9933 val_pair=1.0000 21s
 step  184000 loss=0.02637 val_exact=0.0025 val_pw=0.9827 val_pair=0.9900 21s
 step  186000 loss=0.02616 val_exact=0.0840 val_pw=0.9951 val_pair=0.9995 21s
 step  188000 loss=0.02600 val_exact=0.0050 val_pw=0.9865 val_pair=0.9965 20s
 step  190000 loss=0.02577 val_exact=0.0030 val_pw=0.9869 val_pair=0.9935 20s
 step  192000 loss=0.02563 val_exact=0.0010 val_pw=0.9818 val_pair=0.9930 20s
 step  194000 loss=0.02549 val_exact=0.0030 val_pw=0.9858 val_pair=0.9945 20s
 step  196000 loss=0.02536 val_exact=0.0040 val_pw=0.9830 val_pair=0.9910 20s
 step  198000 loss=0.02522 val_exact=0.0000 val_pw=0.9771 val_pair=0.9775 20s
 step  200000 loss=0.02505 val_exact=0.0000 val_pw=0.9714 val_pair=0.9465 20s
 step  202000 loss=0.02492 val_exact=0.0000 val_pw=0.9762 val_pair=0.9680 20s
 step  204000 loss=0.02474 val_exact=0.0000 val_pw=0.9717 val_pair=0.9505 21s
 step  206000 loss=0.02464 val_exact=0.0000 val_pw=0.9727 val_pair=0.9620 21s
 step  208000 loss=0.02448 val_exact=0.0000 val_pw=0.9647 val_pair=0.9100 21s
 step  210000 loss=0.02435 val_exact=0.0000 val_pw=0.9633 val_pair=0.9010 21s
 step  212000 loss=0.02420 val_exact=0.0000 val_pw=0.9804 val_pair=0.9885 21s
 step  214000 loss=0.02411 val_exact=0.0000 val_pw=0.9757 val_pair=0.9800 21s
 step  216000 loss=0.02399 val_exact=0.0000 val_pw=0.9642 val_pair=0.8890 21s
 step  218000 loss=0.02387 val_exact=0.0000 val_pw=0.9649 val_pair=0.9280 21s
 step  220000 loss=0.02375 val_exact=0.0000 val_pw=0.9643 val_pair=0.9120 20s
 step  222000 loss=0.02367 val_exact=0.0000 val_pw=0.9548 val_pair=0.8375 20s
 step  224000 loss=0.02352 val_exact=0.0000 val_pw=0.9432 val_pair=0.7065 21s
 step  226000 loss=0.02347 val_exact=0.0000 val_pw=0.9486 val_pair=0.7520 20s
 step  228000 loss=0.02337 val_exact=0.0000 val_pw=0.9402 val_pair=0.6380 20s
 step  230000 loss=0.02328 val_exact=0.0000 val_pw=0.9487 val_pair=0.7650 20s
 step  232000 loss=0.02314 val_exact=0.0000 val_pw=0.9383 val_pair=0.6325 21s
 step  234000 loss=0.02306 val_exact=0.0000 val_pw=0.9569 val_pair=0.8615 20s
 step  236000 loss=0.02302 val_exact=0.0000 val_pw=0.9562 val_pair=0.8585 21s
 step  238000 loss=0.02290 val_exact=0.0000 val_pw=0.9546 val_pair=0.8260 21s
 step  240000 loss=0.02285 val_exact=0.0000 val_pw=0.9469 val_pair=0.7495 21s
 step  242000 loss=0.02276 val_exact=0.0000 val_pw=0.9406 val_pair=0.6765 20s
 step  244000 loss=0.02265 val_exact=0.0000 val_pw=0.9512 val_pair=0.8000 21s
 step  246000 loss=0.02263 val_exact=0.0000 val_pw=0.9343 val_pair=0.5560 20s
 step  248000 loss=0.02252 val_exact=0.0000 val_pw=0.9329 val_pair=0.5580 21s
 step  250000 loss=0.02248 val_exact=0.0000 val_pw=0.9259 val_pair=0.4225 21s
 step  252000 loss=0.02246 val_exact=0.0000 val_pw=0.9346 val_pair=0.5590 20s
 step  254000 loss=0.02239 val_exact=0.0000 val_pw=0.9426 val_pair=0.7005 21s
 step  256000 loss=0.02232 val_exact=0.0000 val_pw=0.9357 val_pair=0.5720 20s
 step  258000 loss=0.02229 val_exact=0.0000 val_pw=0.9283 val_pair=0.4555 21s
 step  260000 loss=0.02225 val_exact=0.0000 val_pw=0.9380 val_pair=0.6305 21s
 step  262000 loss=0.02218 val_exact=0.0000 val_pw=0.9320 val_pair=0.5370 21s
 step  264000 loss=0.02214 val_exact=0.0000 val_pw=0.9313 val_pair=0.5020 21s
 step  266000 loss=0.02206 val_exact=0.0000 val_pw=0.9375 val_pair=0.6085 21s
 step  268000 loss=0.02208 val_exact=0.0000 val_pw=0.9344 val_pair=0.5560 21s
 step  270000 loss=0.02204 val_exact=0.0000 val_pw=0.9333 val_pair=0.5630 20s
 step  272000 loss=0.02202 val_exact=0.0000 val_pw=0.9334 val_pair=0.5700 21s
 step  274000 loss=0.02198 val_exact=0.0000 val_pw=0.9284 val_pair=0.4530 20s
 step  276000 loss=0.02194 val_exact=0.0000 val_pw=0.9309 val_pair=0.4995 20s
 step  278000 loss=0.02191 val_exact=0.0000 val_pw=0.9350 val_pair=0.5645 21s
 step  280000 loss=0.02191 val_exact=0.0000 val_pw=0.9280 val_pair=0.4355 20s
 step  282000 loss=0.02191 val_exact=0.0000 val_pw=0.9325 val_pair=0.5295 20s
 step  284000 loss=0.02186 val_exact=0.0000 val_pw=0.9328 val_pair=0.5410 21s
 step  286000 loss=0.02185 val_exact=0.0000 val_pw=0.9321 val_pair=0.5210 21s
 step  288000 loss=0.02182 val_exact=0.0000 val_pw=0.9317 val_pair=0.5180 20s
 step  290000 loss=0.02182 val_exact=0.0000 val_pw=0.9314 val_pair=0.5130 21s
 step  292000 loss=0.02181 val_exact=0.0000 val_pw=0.9317 val_pair=0.5185 21s
 step  294000 loss=0.02183 val_exact=0.0000 val_pw=0.9307 val_pair=0.4980 21s
 step  296000 loss=0.02183 val_exact=0.0000 val_pw=0.9307 val_pair=0.4985 21s
 step  298000 loss=0.02182 val_exact=0.0000 val_pw=0.9312 val_pair=0.5100 21s
 step  300000 loss=0.02180 val_exact=0.0000 val_pw=0.9313 val_pair=0.5110 20s
done. steps_to={'pair_0.9': 2000, 'pair_0.99': 2000, 'pair_0.999': 2000, 'exact_0.9': 20000, 'exact_0.99': 20000, 'exact_0.999': 20000}  best exact=1.0000  -> runs/report6/multipath_train/n40_k2_ell7_clean_roberta_linear_seed3000
