task 27 -> n=40 k=2 ell=11 trunc=0 seed=4000
== n40_k2_ell11_clean_roberta_linear_seed4000 ==
 device=cuda arch=roberta readout=linear n=40 k=2 ell=11 trunc_frac=0.0 params=6,347,304
 step    2000 loss=0.59063 val_exact=0.0000 val_pw=0.7278 val_pair=1.0000 22s
 step    4000 loss=0.52346 val_exact=0.0000 val_pw=0.7919 val_pair=1.0000 21s
 step    6000 loss=0.49599 val_exact=0.0000 val_pw=0.8373 val_pair=1.0000 21s
 step    8000 loss=0.47609 val_exact=0.0000 val_pw=0.8698 val_pair=1.0000 20s
 step   10000 loss=0.46512 val_exact=0.0000 val_pw=0.8688 val_pair=1.0000 21s
 step   12000 loss=0.45298 val_exact=0.0000 val_pw=0.8642 val_pair=1.0000 21s
 step   14000 loss=0.44522 val_exact=0.0000 val_pw=0.8773 val_pair=1.0000 21s
 step   16000 loss=0.43815 val_exact=0.0000 val_pw=0.8913 val_pair=1.0000 21s
 step   18000 loss=0.42830 val_exact=0.0000 val_pw=0.9024 val_pair=1.0000 21s
 step   20000 loss=0.42089 val_exact=0.0000 val_pw=0.8971 val_pair=1.0000 21s
 step   22000 loss=0.41084 val_exact=0.0000 val_pw=0.9061 val_pair=1.0000 21s
 step   24000 loss=0.40096 val_exact=0.0000 val_pw=0.9133 val_pair=1.0000 21s
 step   26000 loss=0.39372 val_exact=0.0000 val_pw=0.9166 val_pair=1.0000 21s
 step   28000 loss=0.38587 val_exact=0.0000 val_pw=0.9180 val_pair=1.0000 21s
 step   30000 loss=0.38114 val_exact=0.0000 val_pw=0.9213 val_pair=1.0000 21s
 step   32000 loss=0.37520 val_exact=0.0000 val_pw=0.9232 val_pair=1.0000 21s
 step   34000 loss=0.37038 val_exact=0.0000 val_pw=0.9225 val_pair=1.0000 21s
 step   36000 loss=0.36630 val_exact=0.0000 val_pw=0.9251 val_pair=1.0000 21s
 step   38000 loss=0.36283 val_exact=0.0000 val_pw=0.9257 val_pair=1.0000 21s
 step   40000 loss=0.35952 val_exact=0.0000 val_pw=0.9240 val_pair=1.0000 21s
 step   42000 loss=0.35606 val_exact=0.0000 val_pw=0.9282 val_pair=1.0000 21s
 step   44000 loss=0.35273 val_exact=0.0000 val_pw=0.9284 val_pair=1.0000 21s
 step   46000 loss=0.34933 val_exact=0.0000 val_pw=0.9292 val_pair=1.0000 21s
 step   48000 loss=0.34607 val_exact=0.0000 val_pw=0.9330 val_pair=1.0000 21s
 step   50000 loss=0.34300 val_exact=0.0000 val_pw=0.9323 val_pair=1.0000 21s
 step   52000 loss=0.34016 val_exact=0.0000 val_pw=0.9336 val_pair=1.0000 21s
 step   54000 loss=0.33718 val_exact=0.0000 val_pw=0.9340 val_pair=1.0000 21s
 step   56000 loss=0.33445 val_exact=0.0000 val_pw=0.9348 val_pair=1.0000 21s
 step   58000 loss=0.33179 val_exact=0.0000 val_pw=0.9356 val_pair=1.0000 21s
 step   60000 loss=0.32911 val_exact=0.0000 val_pw=0.9359 val_pair=1.0000 21s
 step   62000 loss=0.32661 val_exact=0.0000 val_pw=0.9364 val_pair=1.0000 21s
 step   64000 loss=0.32414 val_exact=0.0000 val_pw=0.9373 val_pair=1.0000 21s
 step   66000 loss=0.32174 val_exact=0.0000 val_pw=0.9372 val_pair=1.0000 21s
 step   68000 loss=0.31973 val_exact=0.0000 val_pw=0.9375 val_pair=1.0000 21s
 step   70000 loss=0.31748 val_exact=0.0000 val_pw=0.9390 val_pair=1.0000 21s
 step   72000 loss=0.31552 val_exact=0.0000 val_pw=0.9365 val_pair=1.0000 21s
 step   74000 loss=0.31364 val_exact=0.0000 val_pw=0.9388 val_pair=1.0000 21s
 step   76000 loss=0.31191 val_exact=0.0000 val_pw=0.9401 val_pair=1.0000 21s
 step   78000 loss=0.31017 val_exact=0.0000 val_pw=0.9411 val_pair=1.0000 21s
 step   80000 loss=0.30844 val_exact=0.0000 val_pw=0.9400 val_pair=1.0000 21s
 step   82000 loss=0.30683 val_exact=0.0000 val_pw=0.9394 val_pair=1.0000 21s
 step   84000 loss=0.30521 val_exact=0.0000 val_pw=0.9419 val_pair=1.0000 21s
 step   86000 loss=0.30386 val_exact=0.0000 val_pw=0.9434 val_pair=1.0000 21s
 step   88000 loss=0.30229 val_exact=0.0000 val_pw=0.9431 val_pair=1.0000 21s
 step   90000 loss=0.30092 val_exact=0.0000 val_pw=0.9443 val_pair=1.0000 21s
 step   92000 loss=0.29965 val_exact=0.0000 val_pw=0.9439 val_pair=1.0000 21s
 step   94000 loss=0.29823 val_exact=0.0000 val_pw=0.9427 val_pair=1.0000 21s
 step   96000 loss=0.29700 val_exact=0.0000 val_pw=0.9446 val_pair=1.0000 21s
 step   98000 loss=0.29571 val_exact=0.0000 val_pw=0.9450 val_pair=1.0000 21s
 step  100000 loss=0.29434 val_exact=0.0000 val_pw=0.9456 val_pair=1.0000 21s
 step  102000 loss=0.29334 val_exact=0.0000 val_pw=0.9473 val_pair=1.0000 21s
 step  104000 loss=0.29208 val_exact=0.0000 val_pw=0.9450 val_pair=1.0000 21s
 step  106000 loss=0.29086 val_exact=0.0000 val_pw=0.9455 val_pair=1.0000 21s
 step  108000 loss=0.28948 val_exact=0.0000 val_pw=0.9469 val_pair=1.0000 21s
 step  110000 loss=0.28847 val_exact=0.0000 val_pw=0.9496 val_pair=1.0000 21s
 step  112000 loss=0.28741 val_exact=0.0000 val_pw=0.9470 val_pair=1.0000 21s
 step  114000 loss=0.28638 val_exact=0.0000 val_pw=0.9465 val_pair=1.0000 21s
 step  116000 loss=0.28545 val_exact=0.0000 val_pw=0.9486 val_pair=1.0000 21s
 step  118000 loss=0.28426 val_exact=0.0000 val_pw=0.9457 val_pair=1.0000 21s
 step  120000 loss=0.28312 val_exact=0.0000 val_pw=0.9492 val_pair=1.0000 21s
 step  122000 loss=0.28224 val_exact=0.0000 val_pw=0.9483 val_pair=1.0000 21s
 step  124000 loss=0.28137 val_exact=0.0000 val_pw=0.9490 val_pair=1.0000 21s
 step  126000 loss=0.28023 val_exact=0.0000 val_pw=0.9477 val_pair=1.0000 21s
 step  128000 loss=0.27931 val_exact=0.0000 val_pw=0.9506 val_pair=1.0000 21s
 step  130000 loss=0.27850 val_exact=0.0000 val_pw=0.9472 val_pair=1.0000 21s
 step  132000 loss=0.27746 val_exact=0.0000 val_pw=0.9487 val_pair=1.0000 21s
 step  134000 loss=0.27664 val_exact=0.0000 val_pw=0.9484 val_pair=1.0000 21s
 step  136000 loss=0.27585 val_exact=0.0000 val_pw=0.9491 val_pair=1.0000 21s
 step  138000 loss=0.27505 val_exact=0.0000 val_pw=0.9494 val_pair=1.0000 21s
 step  140000 loss=0.27411 val_exact=0.0000 val_pw=0.9478 val_pair=1.0000 21s
 step  142000 loss=0.27336 val_exact=0.0000 val_pw=0.9488 val_pair=1.0000 21s
 step  144000 loss=0.27253 val_exact=0.0000 val_pw=0.9501 val_pair=1.0000 21s
 step  146000 loss=0.27184 val_exact=0.0000 val_pw=0.9501 val_pair=1.0000 21s
 step  148000 loss=0.27105 val_exact=0.0000 val_pw=0.9500 val_pair=1.0000 21s
 step  150000 loss=0.27026 val_exact=0.0000 val_pw=0.9506 val_pair=1.0000 21s
 step  152000 loss=0.26957 val_exact=0.0000 val_pw=0.9495 val_pair=1.0000 21s
 step  154000 loss=0.26893 val_exact=0.0000 val_pw=0.9506 val_pair=1.0000 21s
 step  156000 loss=0.26813 val_exact=0.0000 val_pw=0.9490 val_pair=1.0000 21s
 step  158000 loss=0.26745 val_exact=0.0000 val_pw=0.9480 val_pair=1.0000 20s
 step  160000 loss=0.26688 val_exact=0.0000 val_pw=0.9502 val_pair=1.0000 21s
 step  162000 loss=0.26624 val_exact=0.0000 val_pw=0.9533 val_pair=1.0000 21s
 step  164000 loss=0.26563 val_exact=0.0000 val_pw=0.9503 val_pair=1.0000 21s
 step  166000 loss=0.26495 val_exact=0.0000 val_pw=0.9499 val_pair=1.0000 21s
 step  168000 loss=0.26441 val_exact=0.0000 val_pw=0.9538 val_pair=1.0000 21s
 step  170000 loss=0.26375 val_exact=0.0000 val_pw=0.9523 val_pair=1.0000 21s
 step  172000 loss=0.26323 val_exact=0.0000 val_pw=0.9525 val_pair=1.0000 21s
 step  174000 loss=0.26276 val_exact=0.0000 val_pw=0.9534 val_pair=1.0000 21s
 step  176000 loss=0.26225 val_exact=0.0000 val_pw=0.9520 val_pair=1.0000 21s
 step  178000 loss=0.26169 val_exact=0.0000 val_pw=0.9513 val_pair=1.0000 21s
 step  180000 loss=0.26128 val_exact=0.0000 val_pw=0.9543 val_pair=1.0000 21s
 step  182000 loss=0.26072 val_exact=0.0000 val_pw=0.9537 val_pair=1.0000 21s
 step  184000 loss=0.26023 val_exact=0.0000 val_pw=0.9532 val_pair=1.0000 21s
 step  186000 loss=0.25972 val_exact=0.0000 val_pw=0.9529 val_pair=1.0000 21s
 step  188000 loss=0.25930 val_exact=0.0000 val_pw=0.9569 val_pair=1.0000 21s
 step  190000 loss=0.25890 val_exact=0.0000 val_pw=0.9527 val_pair=1.0000 21s
 step  192000 loss=0.25848 val_exact=0.0000 val_pw=0.9538 val_pair=1.0000 21s
 step  194000 loss=0.25804 val_exact=0.0000 val_pw=0.9553 val_pair=1.0000 21s
 step  196000 loss=0.25773 val_exact=0.0000 val_pw=0.9547 val_pair=1.0000 21s
 step  198000 loss=0.25720 val_exact=0.0000 val_pw=0.9552 val_pair=1.0000 21s
 step  200000 loss=0.25692 val_exact=0.0000 val_pw=0.9539 val_pair=1.0000 21s
 step  202000 loss=0.25645 val_exact=0.0000 val_pw=0.9532 val_pair=1.0000 21s
 step  204000 loss=0.25622 val_exact=0.0000 val_pw=0.9561 val_pair=1.0000 21s
 step  206000 loss=0.25588 val_exact=0.0000 val_pw=0.9523 val_pair=1.0000 21s
 step  208000 loss=0.25558 val_exact=0.0000 val_pw=0.9536 val_pair=1.0000 21s
 step  210000 loss=0.25516 val_exact=0.0000 val_pw=0.9559 val_pair=1.0000 21s
 step  212000 loss=0.25475 val_exact=0.0000 val_pw=0.9555 val_pair=1.0000 21s
 step  214000 loss=0.25454 val_exact=0.0000 val_pw=0.9542 val_pair=1.0000 21s
 step  216000 loss=0.25418 val_exact=0.0000 val_pw=0.9568 val_pair=1.0000 21s
 step  218000 loss=0.25392 val_exact=0.0000 val_pw=0.9555 val_pair=1.0000 21s
 step  220000 loss=0.25366 val_exact=0.0000 val_pw=0.9569 val_pair=1.0000 21s
 step  222000 loss=0.25335 val_exact=0.0000 val_pw=0.9548 val_pair=1.0000 21s
 step  224000 loss=0.25318 val_exact=0.0000 val_pw=0.9537 val_pair=1.0000 21s
 step  226000 loss=0.25284 val_exact=0.0000 val_pw=0.9565 val_pair=1.0000 21s
 step  228000 loss=0.25264 val_exact=0.0000 val_pw=0.9538 val_pair=1.0000 21s
 step  230000 loss=0.25238 val_exact=0.0000 val_pw=0.9565 val_pair=1.0000 21s
 step  232000 loss=0.25210 val_exact=0.0000 val_pw=0.9544 val_pair=1.0000 21s
 step  234000 loss=0.25199 val_exact=0.0000 val_pw=0.9530 val_pair=1.0000 21s
 step  236000 loss=0.25169 val_exact=0.0000 val_pw=0.9562 val_pair=1.0000 21s
 step  238000 loss=0.25149 val_exact=0.0000 val_pw=0.9541 val_pair=1.0000 21s
 step  240000 loss=0.25133 val_exact=0.0000 val_pw=0.9567 val_pair=1.0000 21s
 step  242000 loss=0.25111 val_exact=0.0000 val_pw=0.9541 val_pair=1.0000 21s
 step  244000 loss=0.25102 val_exact=0.0000 val_pw=0.9547 val_pair=1.0000 21s
 step  246000 loss=0.25077 val_exact=0.0000 val_pw=0.9537 val_pair=1.0000 21s
 step  248000 loss=0.25060 val_exact=0.0000 val_pw=0.9551 val_pair=1.0000 21s
 step  250000 loss=0.25044 val_exact=0.0000 val_pw=0.9546 val_pair=1.0000 21s
 step  252000 loss=0.25030 val_exact=0.0000 val_pw=0.9556 val_pair=1.0000 21s
 step  254000 loss=0.25017 val_exact=0.0000 val_pw=0.9545 val_pair=1.0000 21s
 step  256000 loss=0.24999 val_exact=0.0000 val_pw=0.9556 val_pair=1.0000 21s
 step  258000 loss=0.24988 val_exact=0.0000 val_pw=0.9547 val_pair=1.0000 21s
 step  260000 loss=0.24974 val_exact=0.0000 val_pw=0.9566 val_pair=1.0000 21s
 step  262000 loss=0.24957 val_exact=0.0000 val_pw=0.9553 val_pair=1.0000 21s
 step  264000 loss=0.24952 val_exact=0.0000 val_pw=0.9543 val_pair=1.0000 21s
 step  266000 loss=0.24936 val_exact=0.0000 val_pw=0.9566 val_pair=1.0000 21s
 step  268000 loss=0.24931 val_exact=0.0000 val_pw=0.9533 val_pair=1.0000 21s
 step  270000 loss=0.24926 val_exact=0.0000 val_pw=0.9548 val_pair=1.0000 21s
 step  272000 loss=0.24925 val_exact=0.0000 val_pw=0.9542 val_pair=1.0000 21s
 step  274000 loss=0.24909 val_exact=0.0000 val_pw=0.9567 val_pair=1.0000 21s
 step  276000 loss=0.24908 val_exact=0.0000 val_pw=0.9544 val_pair=1.0000 21s
 step  278000 loss=0.24890 val_exact=0.0000 val_pw=0.9537 val_pair=1.0000 21s
 step  280000 loss=0.24888 val_exact=0.0000 val_pw=0.9527 val_pair=1.0000 21s
 step  282000 loss=0.24892 val_exact=0.0000 val_pw=0.9546 val_pair=1.0000 21s
 step  284000 loss=0.24885 val_exact=0.0000 val_pw=0.9541 val_pair=1.0000 21s
 step  286000 loss=0.24877 val_exact=0.0000 val_pw=0.9543 val_pair=1.0000 20s
 step  288000 loss=0.24869 val_exact=0.0000 val_pw=0.9538 val_pair=1.0000 21s
 step  290000 loss=0.24877 val_exact=0.0000 val_pw=0.9541 val_pair=1.0000 21s
 step  292000 loss=0.24866 val_exact=0.0000 val_pw=0.9539 val_pair=1.0000 21s
 step  294000 loss=0.24870 val_exact=0.0000 val_pw=0.9538 val_pair=1.0000 21s
 step  296000 loss=0.24876 val_exact=0.0000 val_pw=0.9530 val_pair=1.0000 21s
 step  298000 loss=0.24859 val_exact=0.0000 val_pw=0.9540 val_pair=1.0000 21s
 step  300000 loss=0.24869 val_exact=0.0000 val_pw=0.9542 val_pair=1.0000 21s
done. steps_to={'pair_0.9': 2000, 'pair_0.99': 2000, 'pair_0.999': 2000, 'exact_0.9': None, 'exact_0.99': None, 'exact_0.999': None}  best exact=0.0000  -> runs/report6/multipath_train/n40_k2_ell11_clean_roberta_linear_seed4000
