task 11 -> n=40 k=3 ell=7 trunc=0 seed=4000
== n40_k3_ell7_clean_roberta_linear_seed4000 ==
 device=cuda arch=roberta readout=linear n=40 k=3 ell=7 trunc_frac=0.0 params=6,347,304
 step    2000 loss=0.55805 val_exact=0.0000 val_pw=0.8201 val_pair=0.2220 22s
 step    4000 loss=0.36124 val_exact=0.0000 val_pw=0.8257 val_pair=1.0000 21s
 step    6000 loss=0.27552 val_exact=0.0000 val_pw=0.8769 val_pair=1.0000 21s
 step    8000 loss=0.23800 val_exact=0.0000 val_pw=0.9391 val_pair=1.0000 21s
 step   10000 loss=0.21507 val_exact=0.4150 val_pw=0.9950 val_pair=1.0000 21s
 step   12000 loss=0.19414 val_exact=0.4310 val_pw=0.9971 val_pair=1.0000 21s
 step   14000 loss=0.17548 val_exact=0.8195 val_pw=0.9996 val_pair=1.0000 21s
 step   16000 loss=0.15931 val_exact=0.7475 val_pw=0.9994 val_pair=1.0000 21s
 step   18000 loss=0.14218 val_exact=0.9450 val_pw=0.9999 val_pair=1.0000 21s
 step   20000 loss=0.12436 val_exact=0.9925 val_pw=1.0000 val_pair=1.0000 21s
 step   22000 loss=0.11066 val_exact=0.6485 val_pw=0.9993 val_pair=1.0000 21s
 step   24000 loss=0.08674 val_exact=0.9355 val_pw=1.0000 val_pair=1.0000 21s
 step   26000 loss=0.07530 val_exact=0.9695 val_pw=1.0000 val_pair=1.0000 21s
 step   28000 loss=0.06884 val_exact=0.9075 val_pw=0.9999 val_pair=1.0000 21s
 step   30000 loss=0.06396 val_exact=0.6750 val_pw=0.9997 val_pair=1.0000 21s
 step   32000 loss=0.06022 val_exact=0.5930 val_pw=0.9996 val_pair=1.0000 21s
 step   34000 loss=0.05715 val_exact=0.3800 val_pw=0.9993 val_pair=1.0000 21s
 step   36000 loss=0.05441 val_exact=0.3455 val_pw=0.9992 val_pair=1.0000 21s
 step   38000 loss=0.05197 val_exact=0.5050 val_pw=0.9996 val_pair=1.0000 21s
 step   40000 loss=0.04990 val_exact=0.6605 val_pw=0.9997 val_pair=1.0000 21s
 step   42000 loss=0.04801 val_exact=0.8490 val_pw=0.9999 val_pair=1.0000 21s
 step   44000 loss=0.04641 val_exact=0.9625 val_pw=1.0000 val_pair=1.0000 21s
 step   46000 loss=0.04499 val_exact=0.9805 val_pw=1.0000 val_pair=1.0000 20s
 step   48000 loss=0.04363 val_exact=0.9985 val_pw=1.0000 val_pair=1.0000 20s
 step   50000 loss=0.04247 val_exact=0.9990 val_pw=1.0000 val_pair=1.0000 20s
 step   52000 loss=0.04138 val_exact=0.9990 val_pw=1.0000 val_pair=1.0000 21s
 step   54000 loss=0.04041 val_exact=1.0000 val_pw=1.0000 val_pair=1.0000 21s
 step   56000 loss=0.03948 val_exact=1.0000 val_pw=1.0000 val_pair=1.0000 21s
 step   58000 loss=0.03864 val_exact=1.0000 val_pw=1.0000 val_pair=1.0000 21s
 step   60000 loss=0.03788 val_exact=1.0000 val_pw=1.0000 val_pair=1.0000 21s
 step   62000 loss=0.03714 val_exact=1.0000 val_pw=1.0000 val_pair=1.0000 21s
 step   64000 loss=0.03648 val_exact=1.0000 val_pw=1.0000 val_pair=1.0000 21s
 step   66000 loss=0.03589 val_exact=1.0000 val_pw=1.0000 val_pair=1.0000 21s
 step   68000 loss=0.03522 val_exact=1.0000 val_pw=1.0000 val_pair=1.0000 21s
 step   70000 loss=0.03466 val_exact=1.0000 val_pw=1.0000 val_pair=1.0000 21s
 step   72000 loss=0.03421 val_exact=1.0000 val_pw=1.0000 val_pair=1.0000 21s
 step   74000 loss=0.03369 val_exact=1.0000 val_pw=1.0000 val_pair=1.0000 21s
 step   76000 loss=0.03312 val_exact=1.0000 val_pw=1.0000 val_pair=1.0000 21s
 step   78000 loss=0.03270 val_exact=1.0000 val_pw=1.0000 val_pair=1.0000 21s
 step   80000 loss=0.03225 val_exact=1.0000 val_pw=1.0000 val_pair=1.0000 21s
 step   82000 loss=0.03179 val_exact=1.0000 val_pw=1.0000 val_pair=1.0000 21s
 step   84000 loss=0.03144 val_exact=1.0000 val_pw=1.0000 val_pair=1.0000 21s
 step   86000 loss=0.03095 val_exact=1.0000 val_pw=1.0000 val_pair=1.0000 21s
 step   88000 loss=0.03063 val_exact=1.0000 val_pw=1.0000 val_pair=1.0000 21s
 step   90000 loss=0.03024 val_exact=1.0000 val_pw=1.0000 val_pair=1.0000 21s
 step   92000 loss=0.02988 val_exact=1.0000 val_pw=1.0000 val_pair=1.0000 21s
 step   94000 loss=0.02946 val_exact=1.0000 val_pw=1.0000 val_pair=1.0000 21s
 step   96000 loss=0.02914 val_exact=1.0000 val_pw=1.0000 val_pair=1.0000 21s
 step   98000 loss=0.02875 val_exact=1.0000 val_pw=1.0000 val_pair=1.0000 21s
 step  100000 loss=0.02841 val_exact=1.0000 val_pw=1.0000 val_pair=1.0000 21s
 step  102000 loss=0.02811 val_exact=1.0000 val_pw=1.0000 val_pair=1.0000 21s
 step  104000 loss=0.02780 val_exact=1.0000 val_pw=1.0000 val_pair=1.0000 21s
 step  106000 loss=0.02748 val_exact=1.0000 val_pw=1.0000 val_pair=1.0000 21s
 step  108000 loss=0.02714 val_exact=1.0000 val_pw=1.0000 val_pair=1.0000 21s
 step  110000 loss=0.02687 val_exact=1.0000 val_pw=1.0000 val_pair=1.0000 21s
 step  112000 loss=0.02659 val_exact=1.0000 val_pw=1.0000 val_pair=1.0000 21s
 step  114000 loss=0.02633 val_exact=1.0000 val_pw=1.0000 val_pair=1.0000 21s
 step  116000 loss=0.02602 val_exact=1.0000 val_pw=1.0000 val_pair=1.0000 21s
 step  118000 loss=0.02575 val_exact=1.0000 val_pw=1.0000 val_pair=1.0000 21s
 step  120000 loss=0.02546 val_exact=1.0000 val_pw=1.0000 val_pair=1.0000 21s
 step  122000 loss=0.02520 val_exact=1.0000 val_pw=1.0000 val_pair=1.0000 21s
 step  124000 loss=0.02493 val_exact=1.0000 val_pw=1.0000 val_pair=1.0000 21s
 step  126000 loss=0.02472 val_exact=1.0000 val_pw=1.0000 val_pair=1.0000 21s
 step  128000 loss=0.02445 val_exact=1.0000 val_pw=1.0000 val_pair=1.0000 21s
 step  130000 loss=0.02420 val_exact=1.0000 val_pw=1.0000 val_pair=1.0000 21s
 step  132000 loss=0.02396 val_exact=1.0000 val_pw=1.0000 val_pair=1.0000 21s
 step  134000 loss=0.02373 val_exact=1.0000 val_pw=1.0000 val_pair=1.0000 21s
 step  136000 loss=0.02350 val_exact=1.0000 val_pw=1.0000 val_pair=1.0000 21s
 step  138000 loss=0.02329 val_exact=1.0000 val_pw=1.0000 val_pair=1.0000 21s
 step  140000 loss=0.02305 val_exact=1.0000 val_pw=1.0000 val_pair=1.0000 21s
 step  142000 loss=0.02286 val_exact=1.0000 val_pw=1.0000 val_pair=1.0000 21s
 step  144000 loss=0.02264 val_exact=1.0000 val_pw=1.0000 val_pair=1.0000 21s
 step  146000 loss=0.02248 val_exact=1.0000 val_pw=1.0000 val_pair=1.0000 21s
 step  148000 loss=0.02224 val_exact=1.0000 val_pw=1.0000 val_pair=1.0000 21s
 step  150000 loss=0.02209 val_exact=1.0000 val_pw=1.0000 val_pair=1.0000 21s
 step  152000 loss=0.02191 val_exact=1.0000 val_pw=1.0000 val_pair=1.0000 21s
 step  154000 loss=0.02171 val_exact=1.0000 val_pw=1.0000 val_pair=1.0000 21s
 step  156000 loss=0.02155 val_exact=1.0000 val_pw=1.0000 val_pair=1.0000 21s
 step  158000 loss=0.02137 val_exact=1.0000 val_pw=1.0000 val_pair=1.0000 21s
 step  160000 loss=0.02124 val_exact=1.0000 val_pw=1.0000 val_pair=1.0000 20s
 step  162000 loss=0.02107 val_exact=1.0000 val_pw=1.0000 val_pair=1.0000 21s
 step  164000 loss=0.02092 val_exact=1.0000 val_pw=1.0000 val_pair=1.0000 21s
 step  166000 loss=0.02071 val_exact=1.0000 val_pw=1.0000 val_pair=1.0000 21s
 step  168000 loss=0.02062 val_exact=1.0000 val_pw=1.0000 val_pair=1.0000 21s
 step  170000 loss=0.02048 val_exact=0.9995 val_pw=1.0000 val_pair=1.0000 21s
 step  172000 loss=0.02030 val_exact=1.0000 val_pw=1.0000 val_pair=1.0000 21s
 step  174000 loss=0.02015 val_exact=1.0000 val_pw=1.0000 val_pair=1.0000 21s
 step  176000 loss=0.02004 val_exact=1.0000 val_pw=1.0000 val_pair=1.0000 21s
 step  178000 loss=0.01988 val_exact=1.0000 val_pw=1.0000 val_pair=1.0000 21s
 step  180000 loss=0.01981 val_exact=1.0000 val_pw=1.0000 val_pair=1.0000 21s
 step  182000 loss=0.01968 val_exact=1.0000 val_pw=1.0000 val_pair=1.0000 21s
 step  184000 loss=0.01956 val_exact=0.9995 val_pw=1.0000 val_pair=1.0000 21s
 step  186000 loss=0.01945 val_exact=1.0000 val_pw=1.0000 val_pair=1.0000 21s
 step  188000 loss=0.01931 val_exact=0.9995 val_pw=1.0000 val_pair=1.0000 21s
 step  190000 loss=0.01920 val_exact=1.0000 val_pw=1.0000 val_pair=1.0000 21s
 step  192000 loss=0.01910 val_exact=1.0000 val_pw=1.0000 val_pair=1.0000 21s
 step  194000 loss=0.01896 val_exact=1.0000 val_pw=1.0000 val_pair=1.0000 21s
 step  196000 loss=0.01890 val_exact=1.0000 val_pw=1.0000 val_pair=1.0000 21s
 step  198000 loss=0.01879 val_exact=0.9990 val_pw=1.0000 val_pair=1.0000 21s
 step  200000 loss=0.01868 val_exact=1.0000 val_pw=1.0000 val_pair=1.0000 21s
 step  202000 loss=0.01861 val_exact=1.0000 val_pw=1.0000 val_pair=1.0000 21s
 step  204000 loss=0.01848 val_exact=1.0000 val_pw=1.0000 val_pair=1.0000 21s
 step  206000 loss=0.01839 val_exact=1.0000 val_pw=1.0000 val_pair=1.0000 21s
 step  208000 loss=0.01833 val_exact=1.0000 val_pw=1.0000 val_pair=1.0000 21s
 step  210000 loss=0.01821 val_exact=1.0000 val_pw=1.0000 val_pair=1.0000 21s
 step  212000 loss=0.01813 val_exact=1.0000 val_pw=1.0000 val_pair=1.0000 21s
 step  214000 loss=0.01806 val_exact=1.0000 val_pw=1.0000 val_pair=1.0000 21s
 step  216000 loss=0.01798 val_exact=0.9995 val_pw=1.0000 val_pair=1.0000 21s
 step  218000 loss=0.01786 val_exact=1.0000 val_pw=1.0000 val_pair=1.0000 21s
 step  220000 loss=0.01782 val_exact=1.0000 val_pw=1.0000 val_pair=1.0000 21s
 step  222000 loss=0.01773 val_exact=1.0000 val_pw=1.0000 val_pair=1.0000 21s
 step  224000 loss=0.01766 val_exact=1.0000 val_pw=1.0000 val_pair=1.0000 21s
 step  226000 loss=0.01761 val_exact=0.9995 val_pw=1.0000 val_pair=1.0000 21s
 step  228000 loss=0.01753 val_exact=1.0000 val_pw=1.0000 val_pair=1.0000 21s
 step  230000 loss=0.01746 val_exact=1.0000 val_pw=1.0000 val_pair=1.0000 21s
 step  232000 loss=0.01739 val_exact=1.0000 val_pw=1.0000 val_pair=1.0000 21s
 step  234000 loss=0.01734 val_exact=1.0000 val_pw=1.0000 val_pair=1.0000 21s
 step  236000 loss=0.01729 val_exact=1.0000 val_pw=1.0000 val_pair=1.0000 21s
 step  238000 loss=0.01723 val_exact=1.0000 val_pw=1.0000 val_pair=1.0000 21s
 step  240000 loss=0.01716 val_exact=0.9995 val_pw=1.0000 val_pair=1.0000 21s
 step  242000 loss=0.01712 val_exact=1.0000 val_pw=1.0000 val_pair=1.0000 21s
 step  244000 loss=0.01708 val_exact=0.9990 val_pw=1.0000 val_pair=1.0000 21s
 step  246000 loss=0.01699 val_exact=1.0000 val_pw=1.0000 val_pair=1.0000 21s
 step  248000 loss=0.01698 val_exact=1.0000 val_pw=1.0000 val_pair=1.0000 21s
 step  250000 loss=0.01689 val_exact=1.0000 val_pw=1.0000 val_pair=1.0000 21s
 step  252000 loss=0.01684 val_exact=1.0000 val_pw=1.0000 val_pair=1.0000 21s
 step  254000 loss=0.01682 val_exact=1.0000 val_pw=1.0000 val_pair=1.0000 21s
 step  256000 loss=0.01678 val_exact=1.0000 val_pw=1.0000 val_pair=1.0000 21s
 step  258000 loss=0.01676 val_exact=0.9995 val_pw=1.0000 val_pair=1.0000 21s
 step  260000 loss=0.01669 val_exact=1.0000 val_pw=1.0000 val_pair=1.0000 21s
 step  262000 loss=0.01666 val_exact=1.0000 val_pw=1.0000 val_pair=1.0000 21s
 step  264000 loss=0.01665 val_exact=1.0000 val_pw=1.0000 val_pair=1.0000 21s
 step  266000 loss=0.01663 val_exact=1.0000 val_pw=1.0000 val_pair=1.0000 21s
 step  268000 loss=0.01660 val_exact=1.0000 val_pw=1.0000 val_pair=1.0000 21s
 step  270000 loss=0.01657 val_exact=1.0000 val_pw=1.0000 val_pair=1.0000 21s
 step  272000 loss=0.01653 val_exact=1.0000 val_pw=1.0000 val_pair=1.0000 21s
 step  274000 loss=0.01651 val_exact=1.0000 val_pw=1.0000 val_pair=1.0000 21s
 step  276000 loss=0.01649 val_exact=1.0000 val_pw=1.0000 val_pair=1.0000 21s
 step  278000 loss=0.01648 val_exact=1.0000 val_pw=1.0000 val_pair=1.0000 21s
 step  280000 loss=0.01645 val_exact=1.0000 val_pw=1.0000 val_pair=1.0000 21s
 step  282000 loss=0.01645 val_exact=1.0000 val_pw=1.0000 val_pair=1.0000 21s
 step  284000 loss=0.01640 val_exact=1.0000 val_pw=1.0000 val_pair=1.0000 21s
 step  286000 loss=0.01639 val_exact=1.0000 val_pw=1.0000 val_pair=1.0000 21s
 step  288000 loss=0.01638 val_exact=1.0000 val_pw=1.0000 val_pair=1.0000 21s
 step  290000 loss=0.01640 val_exact=1.0000 val_pw=1.0000 val_pair=1.0000 21s
 step  292000 loss=0.01639 val_exact=1.0000 val_pw=1.0000 val_pair=1.0000 20s
 step  294000 loss=0.01638 val_exact=1.0000 val_pw=1.0000 val_pair=1.0000 21s
 step  296000 loss=0.01637 val_exact=1.0000 val_pw=1.0000 val_pair=1.0000 21s
 step  298000 loss=0.01635 val_exact=1.0000 val_pw=1.0000 val_pair=1.0000 21s
 step  300000 loss=0.01637 val_exact=1.0000 val_pw=1.0000 val_pair=1.0000 21s
done. steps_to={'pair_0.9': 4000, 'pair_0.99': 4000, 'pair_0.999': 4000, 'exact_0.9': 18000, 'exact_0.99': 20000, 'exact_0.999': 50000}  best exact=1.0000  -> runs/report6/multipath_train/n40_k3_ell7_clean_roberta_linear_seed4000
