task 29 -> n=40 k=2 ell=13 trunc=0 seed=2000
== n40_k2_ell13_clean_roberta_linear_seed2000 ==
 device=cuda arch=roberta readout=linear n=40 k=2 ell=13 trunc_frac=0.0 params=6,347,304
 step    2000 loss=0.53456 val_exact=0.0000 val_pw=0.8338 val_pair=1.0000 30s
 step    4000 loss=0.40822 val_exact=0.0000 val_pw=0.9187 val_pair=1.0000 24s
 step    6000 loss=0.32768 val_exact=0.0000 val_pw=0.9383 val_pair=1.0000 21s
 step    8000 loss=0.26593 val_exact=0.0000 val_pw=0.9660 val_pair=1.0000 23s
 step   10000 loss=0.22644 val_exact=0.0000 val_pw=0.9196 val_pair=1.0000 25s
 step   12000 loss=0.20222 val_exact=0.0000 val_pw=0.6006 val_pair=1.0000 26s
 step   14000 loss=0.18748 val_exact=0.0010 val_pw=0.9892 val_pair=1.0000 27s
 step   16000 loss=0.16385 val_exact=0.0240 val_pw=0.9913 val_pair=1.0000 27s
 step   18000 loss=0.14622 val_exact=0.1825 val_pw=0.9961 val_pair=1.0000 22s
 step   20000 loss=0.13734 val_exact=0.4825 val_pw=0.9977 val_pair=1.0000 23s
 step   22000 loss=0.12348 val_exact=0.7345 val_pw=0.9991 val_pair=1.0000 24s
 step   24000 loss=0.11391 val_exact=0.8885 val_pw=0.9997 val_pair=1.0000 22s
 step   26000 loss=0.09984 val_exact=0.9375 val_pw=0.9999 val_pair=1.0000 24s
 step   28000 loss=0.09124 val_exact=0.9420 val_pw=0.9999 val_pair=1.0000 27s
 step   30000 loss=0.07883 val_exact=0.9420 val_pw=0.9999 val_pair=1.0000 23s
 step   32000 loss=0.07057 val_exact=0.9920 val_pw=1.0000 val_pair=1.0000 26s
 step   34000 loss=0.06445 val_exact=0.9760 val_pw=1.0000 val_pair=1.0000 26s
 step   36000 loss=0.05937 val_exact=0.9915 val_pw=1.0000 val_pair=1.0000 31s
 step   38000 loss=0.05530 val_exact=0.9735 val_pw=1.0000 val_pair=1.0000 33s
 step   40000 loss=0.05205 val_exact=0.9970 val_pw=1.0000 val_pair=1.0000 27s
 step   42000 loss=0.05002 val_exact=0.9840 val_pw=1.0000 val_pair=1.0000 22s
 step   44000 loss=0.04589 val_exact=0.9955 val_pw=1.0000 val_pair=1.0000 26s
 step   46000 loss=0.04198 val_exact=0.9990 val_pw=1.0000 val_pair=1.0000 32s
 step   48000 loss=0.03992 val_exact=0.9955 val_pw=1.0000 val_pair=1.0000 24s
 step   50000 loss=0.03821 val_exact=0.9990 val_pw=1.0000 val_pair=1.0000 24s
 step   52000 loss=0.03686 val_exact=0.9985 val_pw=1.0000 val_pair=1.0000 25s
 step   54000 loss=0.03558 val_exact=0.9985 val_pw=1.0000 val_pair=1.0000 27s
 step   56000 loss=0.03449 val_exact=0.9945 val_pw=1.0000 val_pair=1.0000 32s
 step   58000 loss=0.03343 val_exact=0.9975 val_pw=1.0000 val_pair=1.0000 26s
 step   60000 loss=0.03257 val_exact=0.9995 val_pw=1.0000 val_pair=1.0000 30s
 step   62000 loss=0.03183 val_exact=0.9620 val_pw=0.9999 val_pair=1.0000 26s
 step   64000 loss=0.03105 val_exact=1.0000 val_pw=1.0000 val_pair=1.0000 32s
 step   66000 loss=0.03044 val_exact=0.9995 val_pw=1.0000 val_pair=1.0000 24s
 step   68000 loss=0.02985 val_exact=1.0000 val_pw=1.0000 val_pair=1.0000 25s
 step   70000 loss=0.02928 val_exact=1.0000 val_pw=1.0000 val_pair=1.0000 29s
 step   72000 loss=0.02878 val_exact=1.0000 val_pw=1.0000 val_pair=1.0000 28s
 step   74000 loss=0.02852 val_exact=1.0000 val_pw=1.0000 val_pair=1.0000 22s
 step   76000 loss=0.02795 val_exact=1.0000 val_pw=1.0000 val_pair=1.0000 24s
 step   78000 loss=0.02747 val_exact=0.9995 val_pw=1.0000 val_pair=1.0000 25s
 step   80000 loss=0.02702 val_exact=0.9985 val_pw=1.0000 val_pair=1.0000 31s
 step   82000 loss=0.02673 val_exact=1.0000 val_pw=1.0000 val_pair=1.0000 27s
 step   84000 loss=0.02644 val_exact=1.0000 val_pw=1.0000 val_pair=1.0000 24s
 step   86000 loss=0.02599 val_exact=1.0000 val_pw=1.0000 val_pair=1.0000 25s
 step   88000 loss=0.02570 val_exact=1.0000 val_pw=1.0000 val_pair=1.0000 29s
 step   90000 loss=0.02553 val_exact=1.0000 val_pw=1.0000 val_pair=1.0000 26s
 step   92000 loss=0.02517 val_exact=1.0000 val_pw=1.0000 val_pair=1.0000 31s
 step   94000 loss=0.02485 val_exact=1.0000 val_pw=1.0000 val_pair=1.0000 29s
 step   96000 loss=0.02481 val_exact=1.0000 val_pw=1.0000 val_pair=1.0000 30s
 step   98000 loss=0.02435 val_exact=0.9995 val_pw=1.0000 val_pair=1.0000 29s
 step  100000 loss=0.02418 val_exact=1.0000 val_pw=1.0000 val_pair=1.0000 25s
 step  102000 loss=0.02385 val_exact=1.0000 val_pw=1.0000 val_pair=1.0000 24s
 step  104000 loss=0.02379 val_exact=1.0000 val_pw=1.0000 val_pair=1.0000 28s
 step  106000 loss=0.02352 val_exact=1.0000 val_pw=1.0000 val_pair=1.0000 27s
 step  108000 loss=0.02329 val_exact=1.0000 val_pw=1.0000 val_pair=1.0000 31s
 step  110000 loss=0.02310 val_exact=1.0000 val_pw=1.0000 val_pair=1.0000 26s
 step  112000 loss=0.02289 val_exact=1.0000 val_pw=1.0000 val_pair=1.0000 35s
 step  114000 loss=0.02274 val_exact=1.0000 val_pw=1.0000 val_pair=1.0000 27s
 step  116000 loss=0.02256 val_exact=1.0000 val_pw=1.0000 val_pair=1.0000 24s
 step  118000 loss=0.02237 val_exact=1.0000 val_pw=1.0000 val_pair=1.0000 24s
 step  120000 loss=0.02220 val_exact=1.0000 val_pw=1.0000 val_pair=1.0000 23s
 step  122000 loss=0.02207 val_exact=1.0000 val_pw=1.0000 val_pair=1.0000 26s
 step  124000 loss=0.02186 val_exact=1.0000 val_pw=1.0000 val_pair=1.0000 24s
 step  126000 loss=0.02172 val_exact=1.0000 val_pw=1.0000 val_pair=1.0000 24s
 step  128000 loss=0.02156 val_exact=1.0000 val_pw=1.0000 val_pair=1.0000 24s
 step  130000 loss=0.02140 val_exact=1.0000 val_pw=1.0000 val_pair=1.0000 29s
 step  132000 loss=0.02135 val_exact=1.0000 val_pw=1.0000 val_pair=1.0000 25s
 step  134000 loss=0.02113 val_exact=1.0000 val_pw=1.0000 val_pair=1.0000 25s
 step  136000 loss=0.02105 val_exact=1.0000 val_pw=1.0000 val_pair=1.0000 30s
 step  138000 loss=0.02087 val_exact=1.0000 val_pw=1.0000 val_pair=1.0000 26s
 step  140000 loss=0.02075 val_exact=1.0000 val_pw=1.0000 val_pair=1.0000 26s
 step  142000 loss=0.02057 val_exact=1.0000 val_pw=1.0000 val_pair=1.0000 28s
 step  144000 loss=0.02050 val_exact=1.0000 val_pw=1.0000 val_pair=1.0000 24s
 step  146000 loss=0.02037 val_exact=1.0000 val_pw=1.0000 val_pair=1.0000 28s
 step  148000 loss=0.02022 val_exact=1.0000 val_pw=1.0000 val_pair=1.0000 23s
 step  150000 loss=0.02010 val_exact=1.0000 val_pw=1.0000 val_pair=1.0000 38s
 step  152000 loss=0.01998 val_exact=1.0000 val_pw=1.0000 val_pair=1.0000 28s
 step  154000 loss=0.01991 val_exact=1.0000 val_pw=1.0000 val_pair=1.0000 25s
 step  156000 loss=0.01978 val_exact=1.0000 val_pw=1.0000 val_pair=1.0000 26s
 step  158000 loss=0.01969 val_exact=1.0000 val_pw=1.0000 val_pair=1.0000 22s
 step  160000 loss=0.01958 val_exact=1.0000 val_pw=1.0000 val_pair=1.0000 28s
 step  162000 loss=0.01948 val_exact=1.0000 val_pw=1.0000 val_pair=1.0000 33s
 step  164000 loss=0.01935 val_exact=1.0000 val_pw=1.0000 val_pair=1.0000 24s
 step  166000 loss=0.01928 val_exact=1.0000 val_pw=1.0000 val_pair=1.0000 23s
 step  168000 loss=0.01917 val_exact=1.0000 val_pw=1.0000 val_pair=1.0000 27s
 step  170000 loss=0.01906 val_exact=1.0000 val_pw=1.0000 val_pair=1.0000 30s
 step  172000 loss=0.01897 val_exact=1.0000 val_pw=1.0000 val_pair=1.0000 25s
 step  174000 loss=0.01888 val_exact=1.0000 val_pw=1.0000 val_pair=1.0000 25s
 step  176000 loss=0.01880 val_exact=1.0000 val_pw=1.0000 val_pair=1.0000 30s
 step  178000 loss=0.01871 val_exact=1.0000 val_pw=1.0000 val_pair=1.0000 39s
 step  180000 loss=0.01864 val_exact=1.0000 val_pw=1.0000 val_pair=1.0000 29s
 step  182000 loss=0.01857 val_exact=1.0000 val_pw=1.0000 val_pair=1.0000 23s
 step  184000 loss=0.01846 val_exact=1.0000 val_pw=1.0000 val_pair=1.0000 25s
 step  186000 loss=0.01837 val_exact=1.0000 val_pw=1.0000 val_pair=1.0000 24s
 step  188000 loss=0.01831 val_exact=1.0000 val_pw=1.0000 val_pair=1.0000 23s
 step  190000 loss=0.01821 val_exact=1.0000 val_pw=1.0000 val_pair=1.0000 27s
 step  192000 loss=0.01818 val_exact=1.0000 val_pw=1.0000 val_pair=1.0000 27s
 step  194000 loss=0.01808 val_exact=1.0000 val_pw=1.0000 val_pair=1.0000 30s
 step  196000 loss=0.01802 val_exact=1.0000 val_pw=1.0000 val_pair=1.0000 28s
 step  198000 loss=0.01793 val_exact=1.0000 val_pw=1.0000 val_pair=1.0000 22s
 step  200000 loss=0.01785 val_exact=1.0000 val_pw=1.0000 val_pair=1.0000 25s
 step  202000 loss=0.01777 val_exact=1.0000 val_pw=1.0000 val_pair=1.0000 24s
 step  204000 loss=0.01772 val_exact=1.0000 val_pw=1.0000 val_pair=1.0000 26s
 step  206000 loss=0.01768 val_exact=1.0000 val_pw=1.0000 val_pair=1.0000 25s
 step  208000 loss=0.01760 val_exact=1.0000 val_pw=1.0000 val_pair=1.0000 26s
 step  210000 loss=0.01756 val_exact=1.0000 val_pw=1.0000 val_pair=1.0000 26s
 step  212000 loss=0.01744 val_exact=1.0000 val_pw=1.0000 val_pair=1.0000 28s
 step  214000 loss=0.01741 val_exact=1.0000 val_pw=1.0000 val_pair=1.0000 26s
 step  216000 loss=0.01736 val_exact=1.0000 val_pw=1.0000 val_pair=1.0000 23s
 step  218000 loss=0.01730 val_exact=1.0000 val_pw=1.0000 val_pair=1.0000 26s
 step  220000 loss=0.01723 val_exact=1.0000 val_pw=1.0000 val_pair=1.0000 22s
 step  222000 loss=0.01718 val_exact=1.0000 val_pw=1.0000 val_pair=1.0000 25s
 step  224000 loss=0.01713 val_exact=1.0000 val_pw=1.0000 val_pair=1.0000 25s
 step  226000 loss=0.01709 val_exact=1.0000 val_pw=1.0000 val_pair=1.0000 22s
 step  228000 loss=0.01703 val_exact=1.0000 val_pw=1.0000 val_pair=1.0000 23s
 step  230000 loss=0.01697 val_exact=1.0000 val_pw=1.0000 val_pair=1.0000 26s
 step  232000 loss=0.01694 val_exact=1.0000 val_pw=1.0000 val_pair=1.0000 32s
 step  234000 loss=0.01687 val_exact=1.0000 val_pw=1.0000 val_pair=1.0000 24s
 step  236000 loss=0.01684 val_exact=1.0000 val_pw=1.0000 val_pair=1.0000 25s
 step  238000 loss=0.01677 val_exact=1.0000 val_pw=1.0000 val_pair=1.0000 29s
 step  240000 loss=0.01675 val_exact=1.0000 val_pw=1.0000 val_pair=1.0000 28s
 step  242000 loss=0.01671 val_exact=1.0000 val_pw=1.0000 val_pair=1.0000 24s
 step  244000 loss=0.01667 val_exact=1.0000 val_pw=1.0000 val_pair=1.0000 24s
 step  246000 loss=0.01660 val_exact=1.0000 val_pw=1.0000 val_pair=1.0000 22s
 step  248000 loss=0.01660 val_exact=1.0000 val_pw=1.0000 val_pair=1.0000 22s
 step  250000 loss=0.01656 val_exact=1.0000 val_pw=1.0000 val_pair=1.0000 24s
 step  252000 loss=0.01652 val_exact=1.0000 val_pw=1.0000 val_pair=1.0000 26s
 step  254000 loss=0.01646 val_exact=1.0000 val_pw=1.0000 val_pair=1.0000 32s
 step  256000 loss=0.01645 val_exact=1.0000 val_pw=1.0000 val_pair=1.0000 22s
 step  258000 loss=0.01643 val_exact=1.0000 val_pw=1.0000 val_pair=1.0000 24s
 step  260000 loss=0.01641 val_exact=1.0000 val_pw=1.0000 val_pair=1.0000 24s
 step  262000 loss=0.01637 val_exact=1.0000 val_pw=1.0000 val_pair=1.0000 24s
 step  264000 loss=0.01634 val_exact=1.0000 val_pw=1.0000 val_pair=1.0000 30s
 step  266000 loss=0.01630 val_exact=1.0000 val_pw=1.0000 val_pair=1.0000 24s
 step  268000 loss=0.01628 val_exact=1.0000 val_pw=1.0000 val_pair=1.0000 27s
 step  270000 loss=0.01627 val_exact=1.0000 val_pw=1.0000 val_pair=1.0000 27s
 step  272000 loss=0.01628 val_exact=1.0000 val_pw=1.0000 val_pair=1.0000 30s
 step  274000 loss=0.01623 val_exact=1.0000 val_pw=1.0000 val_pair=1.0000 25s
 step  276000 loss=0.01621 val_exact=1.0000 val_pw=1.0000 val_pair=1.0000 29s
 step  278000 loss=0.01618 val_exact=1.0000 val_pw=1.0000 val_pair=1.0000 26s
 step  280000 loss=0.01618 val_exact=1.0000 val_pw=1.0000 val_pair=1.0000 28s
 step  282000 loss=0.01618 val_exact=1.0000 val_pw=1.0000 val_pair=1.0000 23s
 step  284000 loss=0.01615 val_exact=1.0000 val_pw=1.0000 val_pair=1.0000 32s
 step  286000 loss=0.01614 val_exact=1.0000 val_pw=1.0000 val_pair=1.0000 26s
 step  288000 loss=0.01612 val_exact=1.0000 val_pw=1.0000 val_pair=1.0000 29s
 step  290000 loss=0.01611 val_exact=1.0000 val_pw=1.0000 val_pair=1.0000 22s
 step  292000 loss=0.01611 val_exact=1.0000 val_pw=1.0000 val_pair=1.0000 25s
 step  294000 loss=0.01611 val_exact=1.0000 val_pw=1.0000 val_pair=1.0000 28s
 step  296000 loss=0.01611 val_exact=1.0000 val_pw=1.0000 val_pair=1.0000 32s
 step  298000 loss=0.01611 val_exact=1.0000 val_pw=1.0000 val_pair=1.0000 27s
 step  300000 loss=0.01610 val_exact=1.0000 val_pw=1.0000 val_pair=1.0000 26s
done. steps_to={'pair_0.9': 2000, 'pair_0.99': 2000, 'pair_0.999': 2000, 'exact_0.9': 26000, 'exact_0.99': 32000, 'exact_0.999': 46000}  best exact=1.0000  -> runs/report6/multipath_train/n40_k2_ell13_clean_roberta_linear_seed2000
