task 8 -> n=40 k=3 ell=7 trunc=0 seed=1000
== n40_k3_ell7_clean_roberta_linear_seed1000 ==
 device=cuda arch=roberta readout=linear n=40 k=3 ell=7 trunc_frac=0.0 params=6,347,304
 step    2000 loss=0.43665 val_exact=0.0000 val_pw=0.9432 val_pair=1.0000 21s
 step    4000 loss=0.20138 val_exact=0.0000 val_pw=0.9759 val_pair=1.0000 20s
 step    6000 loss=0.15758 val_exact=0.0000 val_pw=0.9785 val_pair=1.0000 20s
 step    8000 loss=0.13651 val_exact=0.0000 val_pw=0.9883 val_pair=1.0000 20s
 step   10000 loss=0.10985 val_exact=0.0175 val_pw=0.9966 val_pair=1.0000 20s
 step   12000 loss=0.07911 val_exact=0.9935 val_pw=1.0000 val_pair=1.0000 20s
 step   14000 loss=0.05259 val_exact=1.0000 val_pw=1.0000 val_pair=1.0000 20s
 step   16000 loss=0.03458 val_exact=1.0000 val_pw=1.0000 val_pair=1.0000 20s
 step   18000 loss=0.02371 val_exact=1.0000 val_pw=1.0000 val_pair=1.0000 20s
 step   20000 loss=0.01761 val_exact=1.0000 val_pw=1.0000 val_pair=1.0000 20s
 step   22000 loss=0.01416 val_exact=1.0000 val_pw=1.0000 val_pair=1.0000 20s
 step   24000 loss=0.01199 val_exact=1.0000 val_pw=1.0000 val_pair=1.0000 20s
 step   26000 loss=0.01063 val_exact=1.0000 val_pw=1.0000 val_pair=1.0000 20s
 step   28000 loss=0.00967 val_exact=1.0000 val_pw=1.0000 val_pair=1.0000 20s
 step   30000 loss=0.00896 val_exact=1.0000 val_pw=1.0000 val_pair=1.0000 20s
 step   32000 loss=0.00840 val_exact=1.0000 val_pw=1.0000 val_pair=1.0000 20s
 step   34000 loss=0.00794 val_exact=1.0000 val_pw=1.0000 val_pair=1.0000 20s
 step   36000 loss=0.00749 val_exact=1.0000 val_pw=1.0000 val_pair=1.0000 20s
 step   38000 loss=0.00729 val_exact=1.0000 val_pw=1.0000 val_pair=1.0000 20s
 step   40000 loss=0.00687 val_exact=1.0000 val_pw=1.0000 val_pair=1.0000 20s
 step   42000 loss=0.00671 val_exact=1.0000 val_pw=1.0000 val_pair=1.0000 20s
 step   44000 loss=0.00645 val_exact=1.0000 val_pw=1.0000 val_pair=1.0000 20s
 step   46000 loss=0.00614 val_exact=1.0000 val_pw=1.0000 val_pair=1.0000 20s
 step   48000 loss=0.00598 val_exact=1.0000 val_pw=1.0000 val_pair=1.0000 20s
 step   50000 loss=0.00586 val_exact=1.0000 val_pw=1.0000 val_pair=1.0000 20s
 step   52000 loss=0.00576 val_exact=1.0000 val_pw=1.0000 val_pair=1.0000 20s
 step   54000 loss=0.00537 val_exact=1.0000 val_pw=1.0000 val_pair=1.0000 20s
 step   56000 loss=0.00523 val_exact=1.0000 val_pw=1.0000 val_pair=1.0000 20s
 step   58000 loss=0.00531 val_exact=1.0000 val_pw=1.0000 val_pair=1.0000 20s
 step   60000 loss=0.00504 val_exact=1.0000 val_pw=1.0000 val_pair=1.0000 20s
 step   62000 loss=0.00498 val_exact=1.0000 val_pw=1.0000 val_pair=1.0000 20s
 step   64000 loss=0.00494 val_exact=1.0000 val_pw=1.0000 val_pair=1.0000 20s
 step   66000 loss=0.00473 val_exact=1.0000 val_pw=1.0000 val_pair=1.0000 20s
 step   68000 loss=0.00463 val_exact=1.0000 val_pw=1.0000 val_pair=1.0000 20s
 step   70000 loss=0.00461 val_exact=1.0000 val_pw=1.0000 val_pair=1.0000 20s
 step   72000 loss=0.00437 val_exact=1.0000 val_pw=1.0000 val_pair=1.0000 20s
 step   74000 loss=0.00423 val_exact=0.9885 val_pw=1.0000 val_pair=1.0000 20s
 step   76000 loss=0.00454 val_exact=1.0000 val_pw=1.0000 val_pair=1.0000 20s
 step   78000 loss=0.00406 val_exact=1.0000 val_pw=1.0000 val_pair=1.0000 20s
 step   80000 loss=0.00401 val_exact=1.0000 val_pw=1.0000 val_pair=1.0000 20s
 step   82000 loss=0.00423 val_exact=1.0000 val_pw=1.0000 val_pair=1.0000 20s
 step   84000 loss=0.00407 val_exact=1.0000 val_pw=1.0000 val_pair=1.0000 20s
 step   86000 loss=0.00394 val_exact=1.0000 val_pw=1.0000 val_pair=1.0000 20s
 step   88000 loss=0.00379 val_exact=1.0000 val_pw=1.0000 val_pair=1.0000 20s
 step   90000 loss=0.00376 val_exact=1.0000 val_pw=1.0000 val_pair=1.0000 20s
 step   92000 loss=0.00358 val_exact=1.0000 val_pw=1.0000 val_pair=1.0000 20s
 step   94000 loss=0.00352 val_exact=1.0000 val_pw=1.0000 val_pair=1.0000 20s
 step   96000 loss=0.00375 val_exact=1.0000 val_pw=1.0000 val_pair=1.0000 20s
 step   98000 loss=0.00359 val_exact=1.0000 val_pw=1.0000 val_pair=1.0000 21s
 step  100000 loss=0.00352 val_exact=1.0000 val_pw=1.0000 val_pair=1.0000 20s
 step  102000 loss=0.00336 val_exact=1.0000 val_pw=1.0000 val_pair=1.0000 20s
 step  104000 loss=0.00342 val_exact=1.0000 val_pw=1.0000 val_pair=1.0000 21s
 step  106000 loss=0.00328 val_exact=1.0000 val_pw=1.0000 val_pair=1.0000 21s
 step  108000 loss=0.00328 val_exact=1.0000 val_pw=1.0000 val_pair=1.0000 20s
 step  110000 loss=0.00325 val_exact=1.0000 val_pw=1.0000 val_pair=1.0000 20s
 step  112000 loss=0.00321 val_exact=1.0000 val_pw=1.0000 val_pair=1.0000 21s
 step  114000 loss=0.00314 val_exact=1.0000 val_pw=1.0000 val_pair=1.0000 20s
 step  116000 loss=0.00317 val_exact=1.0000 val_pw=1.0000 val_pair=1.0000 20s
 step  118000 loss=0.00299 val_exact=1.0000 val_pw=1.0000 val_pair=1.0000 20s
 step  120000 loss=0.00304 val_exact=1.0000 val_pw=1.0000 val_pair=1.0000 20s
 step  122000 loss=0.00297 val_exact=1.0000 val_pw=1.0000 val_pair=1.0000 20s
 step  124000 loss=0.00301 val_exact=1.0000 val_pw=1.0000 val_pair=1.0000 20s
 step  126000 loss=0.00287 val_exact=1.0000 val_pw=1.0000 val_pair=1.0000 20s
 step  128000 loss=0.00296 val_exact=1.0000 val_pw=1.0000 val_pair=1.0000 20s
 step  130000 loss=0.00281 val_exact=1.0000 val_pw=1.0000 val_pair=1.0000 20s
 step  132000 loss=0.00281 val_exact=1.0000 val_pw=1.0000 val_pair=1.0000 20s
 step  134000 loss=0.00286 val_exact=1.0000 val_pw=1.0000 val_pair=1.0000 20s
 step  136000 loss=0.00273 val_exact=1.0000 val_pw=1.0000 val_pair=1.0000 20s
 step  138000 loss=0.00276 val_exact=1.0000 val_pw=1.0000 val_pair=1.0000 20s
 step  140000 loss=0.00269 val_exact=1.0000 val_pw=1.0000 val_pair=1.0000 20s
 step  142000 loss=0.00268 val_exact=1.0000 val_pw=1.0000 val_pair=1.0000 20s
 step  144000 loss=0.00265 val_exact=1.0000 val_pw=1.0000 val_pair=1.0000 20s
 step  146000 loss=0.00262 val_exact=1.0000 val_pw=1.0000 val_pair=1.0000 20s
 step  148000 loss=0.00262 val_exact=1.0000 val_pw=1.0000 val_pair=1.0000 20s
 step  150000 loss=0.00257 val_exact=1.0000 val_pw=1.0000 val_pair=1.0000 20s
 step  152000 loss=0.00255 val_exact=1.0000 val_pw=1.0000 val_pair=1.0000 20s
 step  154000 loss=0.00253 val_exact=1.0000 val_pw=1.0000 val_pair=1.0000 20s
 step  156000 loss=0.00252 val_exact=1.0000 val_pw=1.0000 val_pair=1.0000 20s
 step  158000 loss=0.00248 val_exact=1.0000 val_pw=1.0000 val_pair=1.0000 20s
 step  160000 loss=0.00246 val_exact=1.0000 val_pw=1.0000 val_pair=1.0000 20s
 step  162000 loss=0.00244 val_exact=1.0000 val_pw=1.0000 val_pair=1.0000 20s
 step  164000 loss=0.00242 val_exact=1.0000 val_pw=1.0000 val_pair=1.0000 20s
 step  166000 loss=0.00240 val_exact=1.0000 val_pw=1.0000 val_pair=1.0000 20s
 step  168000 loss=0.00239 val_exact=1.0000 val_pw=1.0000 val_pair=1.0000 20s
 step  170000 loss=0.00236 val_exact=1.0000 val_pw=1.0000 val_pair=1.0000 20s
 step  172000 loss=0.00234 val_exact=1.0000 val_pw=1.0000 val_pair=1.0000 20s
 step  174000 loss=0.00233 val_exact=1.0000 val_pw=1.0000 val_pair=1.0000 20s
 step  176000 loss=0.00232 val_exact=1.0000 val_pw=1.0000 val_pair=1.0000 20s
 step  178000 loss=0.00229 val_exact=1.0000 val_pw=1.0000 val_pair=1.0000 20s
 step  180000 loss=0.00227 val_exact=1.0000 val_pw=1.0000 val_pair=1.0000 20s
 step  182000 loss=0.00225 val_exact=1.0000 val_pw=1.0000 val_pair=1.0000 20s
 step  184000 loss=0.00225 val_exact=1.0000 val_pw=1.0000 val_pair=1.0000 20s
 step  186000 loss=0.00222 val_exact=1.0000 val_pw=1.0000 val_pair=1.0000 20s
 step  188000 loss=0.00222 val_exact=1.0000 val_pw=1.0000 val_pair=1.0000 20s
 step  190000 loss=0.00219 val_exact=1.0000 val_pw=1.0000 val_pair=1.0000 20s
 step  192000 loss=0.00218 val_exact=1.0000 val_pw=1.0000 val_pair=1.0000 20s
 step  194000 loss=0.00216 val_exact=1.0000 val_pw=1.0000 val_pair=1.0000 20s
 step  196000 loss=0.00215 val_exact=1.0000 val_pw=1.0000 val_pair=1.0000 20s
 step  198000 loss=0.00214 val_exact=1.0000 val_pw=1.0000 val_pair=1.0000 20s
 step  200000 loss=0.00212 val_exact=1.0000 val_pw=1.0000 val_pair=1.0000 20s
 step  202000 loss=0.00211 val_exact=1.0000 val_pw=1.0000 val_pair=1.0000 20s
 step  204000 loss=0.00209 val_exact=1.0000 val_pw=1.0000 val_pair=1.0000 20s
 step  206000 loss=0.00208 val_exact=1.0000 val_pw=1.0000 val_pair=1.0000 20s
 step  208000 loss=0.00206 val_exact=1.0000 val_pw=1.0000 val_pair=1.0000 20s
 step  210000 loss=0.00205 val_exact=1.0000 val_pw=1.0000 val_pair=1.0000 20s
 step  212000 loss=0.00204 val_exact=1.0000 val_pw=1.0000 val_pair=1.0000 20s
 step  214000 loss=0.00203 val_exact=1.0000 val_pw=1.0000 val_pair=1.0000 20s
 step  216000 loss=0.00201 val_exact=1.0000 val_pw=1.0000 val_pair=1.0000 20s
 step  218000 loss=0.00200 val_exact=1.0000 val_pw=1.0000 val_pair=1.0000 20s
 step  220000 loss=0.00200 val_exact=1.0000 val_pw=1.0000 val_pair=1.0000 20s
 step  222000 loss=0.00198 val_exact=1.0000 val_pw=1.0000 val_pair=1.0000 20s
 step  224000 loss=0.00197 val_exact=1.0000 val_pw=1.0000 val_pair=1.0000 20s
 step  226000 loss=0.00197 val_exact=1.0000 val_pw=1.0000 val_pair=1.0000 20s
 step  228000 loss=0.00195 val_exact=1.0000 val_pw=1.0000 val_pair=1.0000 20s
 step  230000 loss=0.00194 val_exact=1.0000 val_pw=1.0000 val_pair=1.0000 20s
 step  232000 loss=0.00193 val_exact=1.0000 val_pw=1.0000 val_pair=1.0000 20s
 step  234000 loss=0.00192 val_exact=1.0000 val_pw=1.0000 val_pair=1.0000 20s
 step  236000 loss=0.00191 val_exact=1.0000 val_pw=1.0000 val_pair=1.0000 20s
 step  238000 loss=0.00190 val_exact=1.0000 val_pw=1.0000 val_pair=1.0000 20s
 step  240000 loss=0.00189 val_exact=1.0000 val_pw=1.0000 val_pair=1.0000 20s
 step  242000 loss=0.00188 val_exact=1.0000 val_pw=1.0000 val_pair=1.0000 20s
 step  244000 loss=0.00187 val_exact=1.0000 val_pw=1.0000 val_pair=1.0000 20s
 step  246000 loss=0.00186 val_exact=1.0000 val_pw=1.0000 val_pair=1.0000 20s
 step  248000 loss=0.00186 val_exact=1.0000 val_pw=1.0000 val_pair=1.0000 20s
 step  250000 loss=0.00185 val_exact=1.0000 val_pw=1.0000 val_pair=1.0000 20s
 step  252000 loss=0.00184 val_exact=1.0000 val_pw=1.0000 val_pair=1.0000 20s
 step  254000 loss=0.00183 val_exact=1.0000 val_pw=1.0000 val_pair=1.0000 20s
 step  256000 loss=0.00183 val_exact=1.0000 val_pw=1.0000 val_pair=1.0000 20s
 step  258000 loss=0.00183 val_exact=1.0000 val_pw=1.0000 val_pair=1.0000 20s
 step  260000 loss=0.00182 val_exact=1.0000 val_pw=1.0000 val_pair=1.0000 20s
 step  262000 loss=0.00181 val_exact=1.0000 val_pw=1.0000 val_pair=1.0000 20s
 step  264000 loss=0.00181 val_exact=1.0000 val_pw=1.0000 val_pair=1.0000 20s
 step  266000 loss=0.00180 val_exact=1.0000 val_pw=1.0000 val_pair=1.0000 20s
 step  268000 loss=0.00179 val_exact=1.0000 val_pw=1.0000 val_pair=1.0000 20s
 step  270000 loss=0.00179 val_exact=1.0000 val_pw=1.0000 val_pair=1.0000 20s
 step  272000 loss=0.00179 val_exact=1.0000 val_pw=1.0000 val_pair=1.0000 20s
 step  274000 loss=0.00178 val_exact=1.0000 val_pw=1.0000 val_pair=1.0000 20s
 step  276000 loss=0.00178 val_exact=1.0000 val_pw=1.0000 val_pair=1.0000 20s
 step  278000 loss=0.00178 val_exact=1.0000 val_pw=1.0000 val_pair=1.0000 20s
 step  280000 loss=0.00178 val_exact=1.0000 val_pw=1.0000 val_pair=1.0000 20s
 step  282000 loss=0.00177 val_exact=1.0000 val_pw=1.0000 val_pair=1.0000 20s
 step  284000 loss=0.00177 val_exact=1.0000 val_pw=1.0000 val_pair=1.0000 20s
 step  286000 loss=0.00177 val_exact=1.0000 val_pw=1.0000 val_pair=1.0000 20s
 step  288000 loss=0.00177 val_exact=1.0000 val_pw=1.0000 val_pair=1.0000 20s
 step  290000 loss=0.00176 val_exact=1.0000 val_pw=1.0000 val_pair=1.0000 20s
 step  292000 loss=0.00176 val_exact=1.0000 val_pw=1.0000 val_pair=1.0000 20s
 step  294000 loss=0.00176 val_exact=1.0000 val_pw=1.0000 val_pair=1.0000 20s
 step  296000 loss=0.00176 val_exact=1.0000 val_pw=1.0000 val_pair=1.0000 20s
 step  298000 loss=0.00176 val_exact=1.0000 val_pw=1.0000 val_pair=1.0000 20s
 step  300000 loss=0.00176 val_exact=1.0000 val_pw=1.0000 val_pair=1.0000 20s
done. steps_to={'pair_0.9': 2000, 'pair_0.99': 2000, 'pair_0.999': 2000, 'exact_0.9': 12000, 'exact_0.99': 12000, 'exact_0.999': 14000}  best exact=1.0000  -> runs/report6/multipath_train/n40_k3_ell7_clean_roberta_linear_seed1000
