task 9 -> n=40 k=3 ell=7 trunc=0 seed=2000
== n40_k3_ell7_clean_roberta_linear_seed2000 ==
 device=cuda arch=roberta readout=linear n=40 k=3 ell=7 trunc_frac=0.0 params=6,347,304
 step    2000 loss=0.55165 val_exact=0.0000 val_pw=0.8194 val_pair=0.0275 21s
 step    4000 loss=0.35382 val_exact=0.0000 val_pw=0.8622 val_pair=1.0000 21s
 step    6000 loss=0.27331 val_exact=0.0000 val_pw=0.9187 val_pair=1.0000 20s
 step    8000 loss=0.23441 val_exact=0.1190 val_pw=0.9870 val_pair=1.0000 21s
 step   10000 loss=0.21072 val_exact=0.3270 val_pw=0.9929 val_pair=1.0000 21s
 step   12000 loss=0.19037 val_exact=0.5065 val_pw=0.9973 val_pair=1.0000 21s
 step   14000 loss=0.17231 val_exact=0.6595 val_pw=0.9986 val_pair=1.0000 21s
 step   16000 loss=0.15650 val_exact=0.4490 val_pw=0.9958 val_pair=1.0000 21s
 step   18000 loss=0.14027 val_exact=0.9940 val_pw=1.0000 val_pair=1.0000 21s
 step   20000 loss=0.12257 val_exact=0.9565 val_pw=0.9999 val_pair=1.0000 21s
 step   22000 loss=0.10315 val_exact=0.9895 val_pw=1.0000 val_pair=1.0000 21s
 step   24000 loss=0.08335 val_exact=0.9805 val_pw=1.0000 val_pair=1.0000 21s
 step   26000 loss=0.07489 val_exact=0.9630 val_pw=1.0000 val_pair=1.0000 21s
 step   28000 loss=0.06887 val_exact=0.9770 val_pw=1.0000 val_pair=1.0000 21s
 step   30000 loss=0.06461 val_exact=0.8780 val_pw=0.9999 val_pair=1.0000 21s
 step   32000 loss=0.06066 val_exact=0.7705 val_pw=0.9998 val_pair=1.0000 21s
 step   34000 loss=0.05767 val_exact=0.7340 val_pw=0.9998 val_pair=1.0000 21s
 step   36000 loss=0.05505 val_exact=0.4110 val_pw=0.9994 val_pair=1.0000 21s
 step   38000 loss=0.05255 val_exact=0.6870 val_pw=0.9997 val_pair=1.0000 21s
 step   40000 loss=0.05044 val_exact=0.7200 val_pw=0.9998 val_pair=1.0000 21s
 step   42000 loss=0.04848 val_exact=0.9110 val_pw=0.9999 val_pair=1.0000 21s
 step   44000 loss=0.04682 val_exact=0.9700 val_pw=1.0000 val_pair=1.0000 21s
 step   46000 loss=0.04526 val_exact=0.9890 val_pw=1.0000 val_pair=1.0000 21s
 step   48000 loss=0.04386 val_exact=0.9980 val_pw=1.0000 val_pair=1.0000 21s
 step   50000 loss=0.04264 val_exact=1.0000 val_pw=1.0000 val_pair=1.0000 21s
 step   52000 loss=0.04151 val_exact=0.9990 val_pw=1.0000 val_pair=1.0000 21s
 step   54000 loss=0.04042 val_exact=1.0000 val_pw=1.0000 val_pair=1.0000 21s
 step   56000 loss=0.03946 val_exact=0.9995 val_pw=1.0000 val_pair=1.0000 21s
 step   58000 loss=0.03849 val_exact=1.0000 val_pw=1.0000 val_pair=1.0000 21s
 step   60000 loss=0.03762 val_exact=1.0000 val_pw=1.0000 val_pair=1.0000 21s
 step   62000 loss=0.03686 val_exact=1.0000 val_pw=1.0000 val_pair=1.0000 21s
 step   64000 loss=0.03603 val_exact=1.0000 val_pw=1.0000 val_pair=1.0000 21s
 step   66000 loss=0.03541 val_exact=1.0000 val_pw=1.0000 val_pair=1.0000 21s
 step   68000 loss=0.03470 val_exact=1.0000 val_pw=1.0000 val_pair=1.0000 21s
 step   70000 loss=0.03411 val_exact=1.0000 val_pw=1.0000 val_pair=1.0000 21s
 step   72000 loss=0.03355 val_exact=1.0000 val_pw=1.0000 val_pair=1.0000 21s
 step   74000 loss=0.03294 val_exact=1.0000 val_pw=1.0000 val_pair=1.0000 20s
 step   76000 loss=0.03238 val_exact=1.0000 val_pw=1.0000 val_pair=1.0000 20s
 step   78000 loss=0.03186 val_exact=1.0000 val_pw=1.0000 val_pair=1.0000 21s
 step   80000 loss=0.03140 val_exact=1.0000 val_pw=1.0000 val_pair=1.0000 20s
 step   82000 loss=0.03090 val_exact=1.0000 val_pw=1.0000 val_pair=1.0000 20s
 step   84000 loss=0.03043 val_exact=1.0000 val_pw=1.0000 val_pair=1.0000 20s
 step   86000 loss=0.03004 val_exact=1.0000 val_pw=1.0000 val_pair=1.0000 20s
 step   88000 loss=0.02957 val_exact=1.0000 val_pw=1.0000 val_pair=1.0000 20s
 step   90000 loss=0.02914 val_exact=1.0000 val_pw=1.0000 val_pair=1.0000 21s
 step   92000 loss=0.02881 val_exact=1.0000 val_pw=1.0000 val_pair=1.0000 21s
 step   94000 loss=0.02844 val_exact=1.0000 val_pw=1.0000 val_pair=1.0000 21s
 step   96000 loss=0.02812 val_exact=1.0000 val_pw=1.0000 val_pair=1.0000 20s
 step   98000 loss=0.02772 val_exact=1.0000 val_pw=1.0000 val_pair=1.0000 20s
 step  100000 loss=0.02742 val_exact=1.0000 val_pw=1.0000 val_pair=1.0000 20s
 step  102000 loss=0.02707 val_exact=1.0000 val_pw=1.0000 val_pair=1.0000 20s
 step  104000 loss=0.02679 val_exact=1.0000 val_pw=1.0000 val_pair=1.0000 20s
 step  106000 loss=0.02649 val_exact=1.0000 val_pw=1.0000 val_pair=1.0000 21s
 step  108000 loss=0.02621 val_exact=1.0000 val_pw=1.0000 val_pair=1.0000 21s
 step  110000 loss=0.02594 val_exact=1.0000 val_pw=1.0000 val_pair=1.0000 21s
 step  112000 loss=0.02561 val_exact=1.0000 val_pw=1.0000 val_pair=1.0000 21s
 step  114000 loss=0.02539 val_exact=1.0000 val_pw=1.0000 val_pair=1.0000 20s
 step  116000 loss=0.02513 val_exact=1.0000 val_pw=1.0000 val_pair=1.0000 20s
 step  118000 loss=0.02490 val_exact=1.0000 val_pw=1.0000 val_pair=1.0000 20s
 step  120000 loss=0.02462 val_exact=1.0000 val_pw=1.0000 val_pair=1.0000 21s
 step  122000 loss=0.02439 val_exact=1.0000 val_pw=1.0000 val_pair=1.0000 21s
 step  124000 loss=0.02417 val_exact=0.9990 val_pw=1.0000 val_pair=1.0000 20s
 step  126000 loss=0.02393 val_exact=1.0000 val_pw=1.0000 val_pair=1.0000 20s
 step  128000 loss=0.02370 val_exact=1.0000 val_pw=1.0000 val_pair=1.0000 20s
 step  130000 loss=0.02350 val_exact=1.0000 val_pw=1.0000 val_pair=1.0000 20s
 step  132000 loss=0.02327 val_exact=1.0000 val_pw=1.0000 val_pair=1.0000 20s
 step  134000 loss=0.02307 val_exact=1.0000 val_pw=1.0000 val_pair=1.0000 20s
 step  136000 loss=0.02288 val_exact=1.0000 val_pw=1.0000 val_pair=1.0000 20s
 step  138000 loss=0.02269 val_exact=1.0000 val_pw=1.0000 val_pair=1.0000 20s
 step  140000 loss=0.02248 val_exact=1.0000 val_pw=1.0000 val_pair=1.0000 20s
 step  142000 loss=0.02230 val_exact=1.0000 val_pw=1.0000 val_pair=1.0000 20s
 step  144000 loss=0.02213 val_exact=1.0000 val_pw=1.0000 val_pair=1.0000 20s
 step  146000 loss=0.02193 val_exact=1.0000 val_pw=1.0000 val_pair=1.0000 20s
 step  148000 loss=0.02173 val_exact=1.0000 val_pw=1.0000 val_pair=1.0000 20s
 step  150000 loss=0.02163 val_exact=1.0000 val_pw=1.0000 val_pair=1.0000 20s
 step  152000 loss=0.02145 val_exact=0.9945 val_pw=1.0000 val_pair=1.0000 20s
 step  154000 loss=0.02127 val_exact=0.9960 val_pw=1.0000 val_pair=1.0000 20s
 step  156000 loss=0.02114 val_exact=1.0000 val_pw=1.0000 val_pair=1.0000 20s
 step  158000 loss=0.02096 val_exact=1.0000 val_pw=1.0000 val_pair=1.0000 21s
 step  160000 loss=0.02082 val_exact=0.9995 val_pw=1.0000 val_pair=1.0000 20s
 step  162000 loss=0.02072 val_exact=0.9985 val_pw=1.0000 val_pair=1.0000 20s
 step  164000 loss=0.02054 val_exact=1.0000 val_pw=1.0000 val_pair=1.0000 21s
 step  166000 loss=0.02041 val_exact=1.0000 val_pw=1.0000 val_pair=1.0000 20s
 step  168000 loss=0.02023 val_exact=1.0000 val_pw=1.0000 val_pair=1.0000 20s
 step  170000 loss=0.02014 val_exact=0.9825 val_pw=1.0000 val_pair=1.0000 20s
 step  172000 loss=0.01997 val_exact=1.0000 val_pw=1.0000 val_pair=1.0000 20s
 step  174000 loss=0.01988 val_exact=0.9995 val_pw=1.0000 val_pair=1.0000 20s
 step  176000 loss=0.01976 val_exact=1.0000 val_pw=1.0000 val_pair=1.0000 20s
 step  178000 loss=0.01963 val_exact=0.9970 val_pw=1.0000 val_pair=1.0000 20s
 step  180000 loss=0.01950 val_exact=0.9985 val_pw=1.0000 val_pair=1.0000 20s
 step  182000 loss=0.01940 val_exact=0.9990 val_pw=1.0000 val_pair=1.0000 20s
 step  184000 loss=0.01925 val_exact=1.0000 val_pw=1.0000 val_pair=1.0000 20s
 step  186000 loss=0.01912 val_exact=1.0000 val_pw=1.0000 val_pair=1.0000 20s
 step  188000 loss=0.01908 val_exact=1.0000 val_pw=1.0000 val_pair=1.0000 20s
 step  190000 loss=0.01893 val_exact=0.9805 val_pw=1.0000 val_pair=1.0000 20s
 step  192000 loss=0.01883 val_exact=0.9995 val_pw=1.0000 val_pair=1.0000 20s
 step  194000 loss=0.01874 val_exact=0.9990 val_pw=1.0000 val_pair=1.0000 20s
 step  196000 loss=0.01863 val_exact=0.9995 val_pw=1.0000 val_pair=1.0000 20s
 step  198000 loss=0.01851 val_exact=0.9875 val_pw=1.0000 val_pair=1.0000 20s
 step  200000 loss=0.01840 val_exact=0.9995 val_pw=1.0000 val_pair=1.0000 20s
 step  202000 loss=0.01833 val_exact=0.9945 val_pw=1.0000 val_pair=1.0000 20s
 step  204000 loss=0.01822 val_exact=0.9930 val_pw=1.0000 val_pair=1.0000 20s
 step  206000 loss=0.01815 val_exact=0.9960 val_pw=1.0000 val_pair=1.0000 20s
 step  208000 loss=0.01803 val_exact=1.0000 val_pw=1.0000 val_pair=1.0000 20s
 step  210000 loss=0.01799 val_exact=0.9945 val_pw=1.0000 val_pair=1.0000 20s
 step  212000 loss=0.01790 val_exact=0.9995 val_pw=1.0000 val_pair=1.0000 20s
 step  214000 loss=0.01781 val_exact=1.0000 val_pw=1.0000 val_pair=1.0000 21s
 step  216000 loss=0.01773 val_exact=0.9545 val_pw=0.9999 val_pair=1.0000 20s
 step  218000 loss=0.01764 val_exact=0.9995 val_pw=1.0000 val_pair=1.0000 20s
 step  220000 loss=0.01759 val_exact=0.9960 val_pw=1.0000 val_pair=1.0000 21s
 step  222000 loss=0.01752 val_exact=0.9880 val_pw=1.0000 val_pair=1.0000 20s
 step  224000 loss=0.01744 val_exact=0.9930 val_pw=1.0000 val_pair=1.0000 20s
 step  226000 loss=0.01739 val_exact=0.9990 val_pw=1.0000 val_pair=1.0000 20s
 step  228000 loss=0.01729 val_exact=0.9945 val_pw=1.0000 val_pair=1.0000 20s
 step  230000 loss=0.01724 val_exact=0.9920 val_pw=1.0000 val_pair=1.0000 20s
 step  232000 loss=0.01716 val_exact=0.9960 val_pw=1.0000 val_pair=1.0000 20s
 step  234000 loss=0.01712 val_exact=0.9980 val_pw=1.0000 val_pair=1.0000 20s
 step  236000 loss=0.01704 val_exact=0.9945 val_pw=1.0000 val_pair=1.0000 20s
 step  238000 loss=0.01700 val_exact=0.9855 val_pw=1.0000 val_pair=1.0000 20s
 step  240000 loss=0.01696 val_exact=0.9975 val_pw=1.0000 val_pair=1.0000 20s
 step  242000 loss=0.01687 val_exact=0.9960 val_pw=1.0000 val_pair=1.0000 20s
 step  244000 loss=0.01686 val_exact=0.9940 val_pw=1.0000 val_pair=1.0000 20s
 step  246000 loss=0.01678 val_exact=0.9665 val_pw=1.0000 val_pair=1.0000 20s
 step  248000 loss=0.01675 val_exact=0.9965 val_pw=1.0000 val_pair=1.0000 20s
 step  250000 loss=0.01671 val_exact=0.9940 val_pw=1.0000 val_pair=1.0000 20s
 step  252000 loss=0.01666 val_exact=0.9965 val_pw=1.0000 val_pair=1.0000 21s
 step  254000 loss=0.01662 val_exact=0.9760 val_pw=1.0000 val_pair=1.0000 21s
 step  256000 loss=0.01657 val_exact=0.9615 val_pw=0.9999 val_pair=1.0000 21s
 step  258000 loss=0.01654 val_exact=0.9915 val_pw=1.0000 val_pair=1.0000 21s
 step  260000 loss=0.01648 val_exact=0.9825 val_pw=1.0000 val_pair=1.0000 21s
 step  262000 loss=0.01645 val_exact=0.9865 val_pw=1.0000 val_pair=1.0000 21s
 step  264000 loss=0.01644 val_exact=0.9650 val_pw=1.0000 val_pair=1.0000 21s
 step  266000 loss=0.01642 val_exact=0.9850 val_pw=1.0000 val_pair=1.0000 21s
 step  268000 loss=0.01636 val_exact=0.9845 val_pw=1.0000 val_pair=1.0000 21s
 step  270000 loss=0.01633 val_exact=0.9950 val_pw=1.0000 val_pair=1.0000 21s
 step  272000 loss=0.01634 val_exact=0.9875 val_pw=1.0000 val_pair=1.0000 21s
 step  274000 loss=0.01629 val_exact=0.9835 val_pw=1.0000 val_pair=1.0000 21s
 step  276000 loss=0.01628 val_exact=0.9905 val_pw=1.0000 val_pair=1.0000 21s
 step  278000 loss=0.01624 val_exact=0.9830 val_pw=1.0000 val_pair=1.0000 21s
 step  280000 loss=0.01624 val_exact=0.9925 val_pw=1.0000 val_pair=1.0000 21s
 step  282000 loss=0.01622 val_exact=0.9875 val_pw=1.0000 val_pair=1.0000 21s
 step  284000 loss=0.01622 val_exact=0.9900 val_pw=1.0000 val_pair=1.0000 21s
 step  286000 loss=0.01622 val_exact=0.9885 val_pw=1.0000 val_pair=1.0000 21s
 step  288000 loss=0.01618 val_exact=0.9865 val_pw=1.0000 val_pair=1.0000 21s
 step  290000 loss=0.01618 val_exact=0.9840 val_pw=1.0000 val_pair=1.0000 21s
 step  292000 loss=0.01616 val_exact=0.9845 val_pw=1.0000 val_pair=1.0000 21s
 step  294000 loss=0.01617 val_exact=0.9890 val_pw=1.0000 val_pair=1.0000 21s
 step  296000 loss=0.01616 val_exact=0.9875 val_pw=1.0000 val_pair=1.0000 21s
 step  298000 loss=0.01616 val_exact=0.9865 val_pw=1.0000 val_pair=1.0000 21s
 step  300000 loss=0.01616 val_exact=0.9860 val_pw=1.0000 val_pair=1.0000 21s
done. steps_to={'pair_0.9': 4000, 'pair_0.99': 4000, 'pair_0.999': 4000, 'exact_0.9': 18000, 'exact_0.99': 18000, 'exact_0.999': 50000}  best exact=1.0000  -> runs/report6/multipath_train/n40_k3_ell7_clean_roberta_linear_seed2000
