task 24 -> n=40 k=2 ell=11 trunc=0 seed=1000
== n40_k2_ell11_clean_roberta_linear_seed1000 ==
 device=cuda arch=roberta readout=linear n=40 k=2 ell=11 trunc_frac=0.0 params=6,347,304
 step    2000 loss=0.53977 val_exact=0.0000 val_pw=0.8206 val_pair=1.0000 22s
 step    4000 loss=0.44462 val_exact=0.0000 val_pw=0.9033 val_pair=1.0000 20s
 step    6000 loss=0.36387 val_exact=0.0000 val_pw=0.8738 val_pair=1.0000 20s
 step    8000 loss=0.31065 val_exact=0.0000 val_pw=0.9368 val_pair=1.0000 20s
 step   10000 loss=0.26644 val_exact=0.0000 val_pw=0.9656 val_pair=1.0000 20s
 step   12000 loss=0.22455 val_exact=0.0000 val_pw=0.9680 val_pair=1.0000 21s
 step   14000 loss=0.18817 val_exact=0.0000 val_pw=0.9716 val_pair=1.0000 21s
 step   16000 loss=0.15216 val_exact=0.0000 val_pw=0.9799 val_pair=1.0000 21s
 step   18000 loss=0.11834 val_exact=0.0000 val_pw=0.9864 val_pair=1.0000 21s
 step   20000 loss=0.09283 val_exact=0.0000 val_pw=0.9927 val_pair=1.0000 21s
 step   22000 loss=0.07519 val_exact=0.0000 val_pw=0.9953 val_pair=1.0000 20s
 step   24000 loss=0.05880 val_exact=0.0000 val_pw=0.9966 val_pair=1.0000 21s
 step   26000 loss=0.04881 val_exact=0.0460 val_pw=0.9982 val_pair=1.0000 20s
 step   28000 loss=0.04348 val_exact=0.2730 val_pw=0.9992 val_pair=1.0000 20s
 step   30000 loss=0.03998 val_exact=0.7490 val_pw=0.9998 val_pair=1.0000 20s
 step   32000 loss=0.03731 val_exact=0.7355 val_pw=0.9998 val_pair=1.0000 20s
 step   34000 loss=0.03561 val_exact=0.9535 val_pw=1.0000 val_pair=1.0000 20s
 step   36000 loss=0.03410 val_exact=0.6940 val_pw=0.9998 val_pair=1.0000 21s
 step   38000 loss=0.03289 val_exact=0.5730 val_pw=0.9997 val_pair=1.0000 21s
 step   40000 loss=0.03187 val_exact=0.8750 val_pw=0.9999 val_pair=1.0000 20s
 step   42000 loss=0.03099 val_exact=0.7470 val_pw=0.9998 val_pair=1.0000 20s
 step   44000 loss=0.03023 val_exact=0.9690 val_pw=1.0000 val_pair=1.0000 20s
 step   46000 loss=0.02944 val_exact=0.9035 val_pw=0.9999 val_pair=1.0000 21s
 step   48000 loss=0.02903 val_exact=0.9445 val_pw=1.0000 val_pair=1.0000 20s
 step   50000 loss=0.02843 val_exact=0.8760 val_pw=0.9999 val_pair=1.0000 21s
 step   52000 loss=0.02795 val_exact=0.7310 val_pw=0.9998 val_pair=1.0000 20s
 step   54000 loss=0.02721 val_exact=0.9415 val_pw=1.0000 val_pair=1.0000 20s
 step   56000 loss=0.02685 val_exact=0.7830 val_pw=0.9998 val_pair=1.0000 21s
 step   58000 loss=0.02669 val_exact=0.5355 val_pw=0.9995 val_pair=1.0000 21s
 step   60000 loss=0.02634 val_exact=0.8550 val_pw=0.9999 val_pair=1.0000 20s
 step   62000 loss=0.02610 val_exact=0.9470 val_pw=1.0000 val_pair=1.0000 20s
 step   64000 loss=0.02586 val_exact=0.6430 val_pw=0.9997 val_pair=1.0000 20s
 step   66000 loss=0.02558 val_exact=0.8525 val_pw=0.9998 val_pair=1.0000 20s
 step   68000 loss=0.02526 val_exact=0.8870 val_pw=0.9999 val_pair=1.0000 20s
 step   70000 loss=0.02509 val_exact=0.9810 val_pw=1.0000 val_pair=1.0000 20s
 step   72000 loss=0.02487 val_exact=0.9715 val_pw=1.0000 val_pair=1.0000 20s
 step   74000 loss=0.02457 val_exact=0.9265 val_pw=1.0000 val_pair=1.0000 20s
 step   76000 loss=0.02466 val_exact=0.9590 val_pw=1.0000 val_pair=1.0000 20s
 step   78000 loss=0.02441 val_exact=0.9340 val_pw=1.0000 val_pair=1.0000 20s
 step   80000 loss=0.02413 val_exact=0.8375 val_pw=0.9999 val_pair=1.0000 21s
 step   82000 loss=0.02419 val_exact=0.7690 val_pw=0.9998 val_pair=1.0000 20s
 step   84000 loss=0.02429 val_exact=0.8850 val_pw=0.9999 val_pair=1.0000 21s
 step   86000 loss=0.02375 val_exact=0.9625 val_pw=1.0000 val_pair=1.0000 21s
 step   88000 loss=0.02402 val_exact=0.9835 val_pw=1.0000 val_pair=1.0000 21s
 step   90000 loss=0.02366 val_exact=0.9635 val_pw=1.0000 val_pair=1.0000 21s
 step   92000 loss=0.02351 val_exact=0.9555 val_pw=1.0000 val_pair=1.0000 21s
 step   94000 loss=0.02355 val_exact=0.9035 val_pw=0.9999 val_pair=1.0000 21s
 step   96000 loss=0.02327 val_exact=0.7265 val_pw=0.9998 val_pair=1.0000 21s
 step   98000 loss=0.02306 val_exact=0.9825 val_pw=1.0000 val_pair=1.0000 20s
 step  100000 loss=0.02304 val_exact=0.9960 val_pw=1.0000 val_pair=1.0000 20s
 step  102000 loss=0.02284 val_exact=0.9745 val_pw=1.0000 val_pair=1.0000 20s
 step  104000 loss=0.02279 val_exact=0.9820 val_pw=1.0000 val_pair=1.0000 20s
 step  106000 loss=0.02283 val_exact=0.1575 val_pw=0.9991 val_pair=1.0000 20s
 step  108000 loss=0.02241 val_exact=0.9735 val_pw=1.0000 val_pair=1.0000 20s
 step  110000 loss=0.02271 val_exact=0.9815 val_pw=1.0000 val_pair=1.0000 20s
 step  112000 loss=0.02205 val_exact=0.9630 val_pw=1.0000 val_pair=1.0000 20s
 step  114000 loss=0.02220 val_exact=0.9990 val_pw=1.0000 val_pair=1.0000 20s
 step  116000 loss=0.02262 val_exact=0.9955 val_pw=1.0000 val_pair=1.0000 20s
 step  118000 loss=0.02227 val_exact=0.9975 val_pw=1.0000 val_pair=1.0000 20s
 step  120000 loss=0.02224 val_exact=0.9955 val_pw=1.0000 val_pair=1.0000 21s
 step  122000 loss=0.02213 val_exact=0.9920 val_pw=1.0000 val_pair=1.0000 20s
 step  124000 loss=0.02181 val_exact=0.9885 val_pw=1.0000 val_pair=1.0000 20s
 step  126000 loss=0.02171 val_exact=0.9915 val_pw=1.0000 val_pair=1.0000 20s
 step  128000 loss=0.02152 val_exact=0.9440 val_pw=0.9999 val_pair=1.0000 20s
 step  130000 loss=0.02164 val_exact=0.9975 val_pw=1.0000 val_pair=1.0000 21s
 step  132000 loss=0.02127 val_exact=0.9775 val_pw=1.0000 val_pair=1.0000 20s
 step  134000 loss=0.02159 val_exact=0.9915 val_pw=1.0000 val_pair=1.0000 20s
 step  136000 loss=0.02131 val_exact=0.9985 val_pw=1.0000 val_pair=1.0000 20s
 step  138000 loss=0.02152 val_exact=0.9900 val_pw=1.0000 val_pair=1.0000 20s
 step  140000 loss=0.02144 val_exact=0.8330 val_pw=0.9999 val_pair=1.0000 20s
 step  142000 loss=0.02088 val_exact=1.0000 val_pw=1.0000 val_pair=1.0000 20s
 step  144000 loss=0.02078 val_exact=0.9995 val_pw=1.0000 val_pair=1.0000 20s
 step  146000 loss=0.02119 val_exact=0.9985 val_pw=1.0000 val_pair=1.0000 20s
 step  148000 loss=0.02083 val_exact=0.9120 val_pw=0.9999 val_pair=1.0000 20s
 step  150000 loss=0.02084 val_exact=0.9970 val_pw=1.0000 val_pair=1.0000 20s
 step  152000 loss=0.02059 val_exact=1.0000 val_pw=1.0000 val_pair=1.0000 21s
 step  154000 loss=0.02067 val_exact=0.9020 val_pw=0.9999 val_pair=1.0000 20s
 step  156000 loss=0.02066 val_exact=0.9950 val_pw=1.0000 val_pair=1.0000 21s
 step  158000 loss=0.02053 val_exact=1.0000 val_pw=1.0000 val_pair=1.0000 20s
 step  160000 loss=0.02043 val_exact=0.9990 val_pw=1.0000 val_pair=1.0000 20s
 step  162000 loss=0.02027 val_exact=0.9980 val_pw=1.0000 val_pair=1.0000 20s
 step  164000 loss=0.02033 val_exact=0.9995 val_pw=1.0000 val_pair=1.0000 20s
 step  166000 loss=0.02031 val_exact=0.9980 val_pw=1.0000 val_pair=1.0000 20s
 step  168000 loss=0.02022 val_exact=0.9920 val_pw=1.0000 val_pair=1.0000 20s
 step  170000 loss=0.02009 val_exact=0.9940 val_pw=1.0000 val_pair=1.0000 20s
 step  172000 loss=0.02021 val_exact=0.9990 val_pw=1.0000 val_pair=1.0000 20s
 step  174000 loss=0.02003 val_exact=0.9995 val_pw=1.0000 val_pair=1.0000 20s
 step  176000 loss=0.01999 val_exact=1.0000 val_pw=1.0000 val_pair=1.0000 20s
 step  178000 loss=0.02009 val_exact=0.9995 val_pw=1.0000 val_pair=1.0000 20s
 step  180000 loss=0.01996 val_exact=1.0000 val_pw=1.0000 val_pair=1.0000 20s
 step  182000 loss=0.01987 val_exact=0.9985 val_pw=1.0000 val_pair=1.0000 20s
 step  184000 loss=0.01985 val_exact=0.9950 val_pw=1.0000 val_pair=1.0000 20s
 step  186000 loss=0.01983 val_exact=1.0000 val_pw=1.0000 val_pair=1.0000 20s
 step  188000 loss=0.01979 val_exact=1.0000 val_pw=1.0000 val_pair=1.0000 20s
 step  190000 loss=0.01974 val_exact=1.0000 val_pw=1.0000 val_pair=1.0000 20s
 step  192000 loss=0.01972 val_exact=1.0000 val_pw=1.0000 val_pair=1.0000 21s
 step  194000 loss=0.01969 val_exact=1.0000 val_pw=1.0000 val_pair=1.0000 20s
 step  196000 loss=0.01965 val_exact=1.0000 val_pw=1.0000 val_pair=1.0000 20s
 step  198000 loss=0.01963 val_exact=0.9990 val_pw=1.0000 val_pair=1.0000 21s
 step  200000 loss=0.01959 val_exact=1.0000 val_pw=1.0000 val_pair=1.0000 20s
 step  202000 loss=0.01957 val_exact=0.9990 val_pw=1.0000 val_pair=1.0000 20s
 step  204000 loss=0.01954 val_exact=1.0000 val_pw=1.0000 val_pair=1.0000 20s
 step  206000 loss=0.01952 val_exact=1.0000 val_pw=1.0000 val_pair=1.0000 20s
 step  208000 loss=0.01950 val_exact=1.0000 val_pw=1.0000 val_pair=1.0000 20s
 step  210000 loss=0.01944 val_exact=0.9995 val_pw=1.0000 val_pair=1.0000 20s
 step  212000 loss=0.01944 val_exact=1.0000 val_pw=1.0000 val_pair=1.0000 20s
 step  214000 loss=0.01941 val_exact=1.0000 val_pw=1.0000 val_pair=1.0000 20s
 step  216000 loss=0.01939 val_exact=1.0000 val_pw=1.0000 val_pair=1.0000 20s
 step  218000 loss=0.01936 val_exact=0.9995 val_pw=1.0000 val_pair=1.0000 21s
 step  220000 loss=0.01935 val_exact=1.0000 val_pw=1.0000 val_pair=1.0000 20s
 step  222000 loss=0.01932 val_exact=1.0000 val_pw=1.0000 val_pair=1.0000 21s
 step  224000 loss=0.01924 val_exact=1.0000 val_pw=1.0000 val_pair=1.0000 20s
 step  226000 loss=0.01917 val_exact=1.0000 val_pw=1.0000 val_pair=1.0000 21s
 step  228000 loss=0.01913 val_exact=1.0000 val_pw=1.0000 val_pair=1.0000 21s
 step  230000 loss=0.01912 val_exact=1.0000 val_pw=1.0000 val_pair=1.0000 20s
 step  232000 loss=0.01911 val_exact=1.0000 val_pw=1.0000 val_pair=1.0000 20s
 step  234000 loss=0.01907 val_exact=1.0000 val_pw=1.0000 val_pair=1.0000 20s
 step  236000 loss=0.01905 val_exact=1.0000 val_pw=1.0000 val_pair=1.0000 20s
 step  238000 loss=0.01903 val_exact=1.0000 val_pw=1.0000 val_pair=1.0000 20s
 step  240000 loss=0.01900 val_exact=1.0000 val_pw=1.0000 val_pair=1.0000 20s
 step  242000 loss=0.01899 val_exact=1.0000 val_pw=1.0000 val_pair=1.0000 20s
 step  244000 loss=0.01897 val_exact=0.9995 val_pw=1.0000 val_pair=1.0000 20s
 step  246000 loss=0.01896 val_exact=1.0000 val_pw=1.0000 val_pair=1.0000 20s
 step  248000 loss=0.01894 val_exact=1.0000 val_pw=1.0000 val_pair=1.0000 20s
 step  250000 loss=0.01893 val_exact=1.0000 val_pw=1.0000 val_pair=1.0000 20s
 step  252000 loss=0.01890 val_exact=1.0000 val_pw=1.0000 val_pair=1.0000 20s
 step  254000 loss=0.01891 val_exact=1.0000 val_pw=1.0000 val_pair=1.0000 21s
 step  256000 loss=0.01887 val_exact=1.0000 val_pw=1.0000 val_pair=1.0000 20s
 step  258000 loss=0.01887 val_exact=1.0000 val_pw=1.0000 val_pair=1.0000 20s
 step  260000 loss=0.01885 val_exact=1.0000 val_pw=1.0000 val_pair=1.0000 20s
 step  262000 loss=0.01884 val_exact=1.0000 val_pw=1.0000 val_pair=1.0000 20s
 step  264000 loss=0.01884 val_exact=1.0000 val_pw=1.0000 val_pair=1.0000 20s
 step  266000 loss=0.01883 val_exact=1.0000 val_pw=1.0000 val_pair=1.0000 20s
 step  268000 loss=0.01883 val_exact=1.0000 val_pw=1.0000 val_pair=1.0000 20s
 step  270000 loss=0.01880 val_exact=1.0000 val_pw=1.0000 val_pair=1.0000 20s
 step  272000 loss=0.01880 val_exact=1.0000 val_pw=1.0000 val_pair=1.0000 20s
 step  274000 loss=0.01879 val_exact=1.0000 val_pw=1.0000 val_pair=1.0000 20s
 step  276000 loss=0.01876 val_exact=1.0000 val_pw=1.0000 val_pair=1.0000 20s
 step  278000 loss=0.01877 val_exact=1.0000 val_pw=1.0000 val_pair=1.0000 21s
 step  280000 loss=0.01877 val_exact=1.0000 val_pw=1.0000 val_pair=1.0000 20s
 step  282000 loss=0.01875 val_exact=1.0000 val_pw=1.0000 val_pair=1.0000 20s
 step  284000 loss=0.01876 val_exact=1.0000 val_pw=1.0000 val_pair=1.0000 20s
 step  286000 loss=0.01874 val_exact=1.0000 val_pw=1.0000 val_pair=1.0000 20s
 step  288000 loss=0.01874 val_exact=1.0000 val_pw=1.0000 val_pair=1.0000 20s
 step  290000 loss=0.01874 val_exact=1.0000 val_pw=1.0000 val_pair=1.0000 20s
 step  292000 loss=0.01874 val_exact=1.0000 val_pw=1.0000 val_pair=1.0000 20s
 step  294000 loss=0.01873 val_exact=1.0000 val_pw=1.0000 val_pair=1.0000 20s
 step  296000 loss=0.01873 val_exact=1.0000 val_pw=1.0000 val_pair=1.0000 20s
 step  298000 loss=0.01875 val_exact=1.0000 val_pw=1.0000 val_pair=1.0000 20s
 step  300000 loss=0.01875 val_exact=1.0000 val_pw=1.0000 val_pair=1.0000 20s
done. steps_to={'pair_0.9': 2000, 'pair_0.99': 2000, 'pair_0.999': 2000, 'exact_0.9': 34000, 'exact_0.99': 100000, 'exact_0.999': 114000}  best exact=1.0000  -> runs/report6/multipath_train/n40_k2_ell11_clean_roberta_linear_seed1000
