task 20 -> n=40 k=2 ell=9 trunc=0 seed=1000
== n40_k2_ell9_clean_roberta_linear_seed1000 ==
 device=cuda arch=roberta readout=linear n=40 k=2 ell=9 trunc_frac=0.0 params=6,347,304
 step    2000 loss=0.50838 val_exact=0.0000 val_pw=0.8640 val_pair=1.0000 21s
 step    4000 loss=0.34433 val_exact=0.0000 val_pw=0.9219 val_pair=1.0000 20s
 step    6000 loss=0.26820 val_exact=0.0000 val_pw=0.9594 val_pair=1.0000 20s
 step    8000 loss=0.22541 val_exact=0.0000 val_pw=0.9669 val_pair=1.0000 20s
 step   10000 loss=0.18520 val_exact=0.0000 val_pw=0.9775 val_pair=1.0000 20s
 step   12000 loss=0.14311 val_exact=0.0000 val_pw=0.9858 val_pair=1.0000 20s
 step   14000 loss=0.10931 val_exact=0.0000 val_pw=0.9912 val_pair=1.0000 20s
 step   16000 loss=0.08317 val_exact=0.0000 val_pw=0.9970 val_pair=1.0000 20s
 step   18000 loss=0.06687 val_exact=0.0795 val_pw=0.9987 val_pair=1.0000 20s
 step   20000 loss=0.05683 val_exact=0.8085 val_pw=0.9999 val_pair=1.0000 21s
 step   22000 loss=0.05053 val_exact=0.9075 val_pw=0.9999 val_pair=1.0000 21s
 step   24000 loss=0.04613 val_exact=0.9830 val_pw=1.0000 val_pair=1.0000 21s
 step   26000 loss=0.04306 val_exact=0.9655 val_pw=1.0000 val_pair=1.0000 20s
 step   28000 loss=0.04070 val_exact=0.9760 val_pw=1.0000 val_pair=1.0000 21s
 step   30000 loss=0.03873 val_exact=0.9740 val_pw=1.0000 val_pair=1.0000 20s
 step   32000 loss=0.03725 val_exact=0.9975 val_pw=1.0000 val_pair=1.0000 20s
 step   34000 loss=0.03585 val_exact=0.9650 val_pw=1.0000 val_pair=1.0000 21s
 step   36000 loss=0.03461 val_exact=1.0000 val_pw=1.0000 val_pair=1.0000 20s
 step   38000 loss=0.03345 val_exact=0.9985 val_pw=1.0000 val_pair=1.0000 21s
 step   40000 loss=0.03258 val_exact=0.9995 val_pw=1.0000 val_pair=1.0000 21s
 step   42000 loss=0.03171 val_exact=0.9985 val_pw=1.0000 val_pair=1.0000 21s
 step   44000 loss=0.03096 val_exact=0.9990 val_pw=1.0000 val_pair=1.0000 21s
 step   46000 loss=0.03019 val_exact=0.9990 val_pw=1.0000 val_pair=1.0000 21s
 step   48000 loss=0.02943 val_exact=0.9930 val_pw=1.0000 val_pair=1.0000 21s
 step   50000 loss=0.02891 val_exact=0.9930 val_pw=1.0000 val_pair=1.0000 21s
 step   52000 loss=0.02824 val_exact=0.9995 val_pw=1.0000 val_pair=1.0000 20s
 step   54000 loss=0.02782 val_exact=1.0000 val_pw=1.0000 val_pair=1.0000 21s
 step   56000 loss=0.02749 val_exact=1.0000 val_pw=1.0000 val_pair=1.0000 21s
 step   58000 loss=0.02690 val_exact=0.9995 val_pw=1.0000 val_pair=1.0000 20s
 step   60000 loss=0.02645 val_exact=0.9990 val_pw=1.0000 val_pair=1.0000 20s
 step   62000 loss=0.02607 val_exact=1.0000 val_pw=1.0000 val_pair=1.0000 20s
 step   64000 loss=0.02575 val_exact=1.0000 val_pw=1.0000 val_pair=1.0000 21s
 step   66000 loss=0.02532 val_exact=0.9540 val_pw=1.0000 val_pair=1.0000 21s
 step   68000 loss=0.02503 val_exact=1.0000 val_pw=1.0000 val_pair=1.0000 21s
 step   70000 loss=0.02472 val_exact=1.0000 val_pw=1.0000 val_pair=1.0000 20s
 step   72000 loss=0.02439 val_exact=1.0000 val_pw=1.0000 val_pair=1.0000 21s
 step   74000 loss=0.02409 val_exact=1.0000 val_pw=1.0000 val_pair=1.0000 21s
 step   76000 loss=0.02375 val_exact=1.0000 val_pw=1.0000 val_pair=1.0000 21s
 step   78000 loss=0.02362 val_exact=1.0000 val_pw=1.0000 val_pair=1.0000 21s
 step   80000 loss=0.02330 val_exact=1.0000 val_pw=1.0000 val_pair=1.0000 20s
 step   82000 loss=0.02309 val_exact=1.0000 val_pw=1.0000 val_pair=1.0000 20s
 step   84000 loss=0.02284 val_exact=1.0000 val_pw=1.0000 val_pair=1.0000 21s
 step   86000 loss=0.02263 val_exact=1.0000 val_pw=1.0000 val_pair=1.0000 21s
 step   88000 loss=0.02239 val_exact=1.0000 val_pw=1.0000 val_pair=1.0000 21s
 step   90000 loss=0.02219 val_exact=1.0000 val_pw=1.0000 val_pair=1.0000 21s
 step   92000 loss=0.02197 val_exact=1.0000 val_pw=1.0000 val_pair=1.0000 20s
 step   94000 loss=0.02179 val_exact=1.0000 val_pw=1.0000 val_pair=1.0000 21s
 step   96000 loss=0.02158 val_exact=1.0000 val_pw=1.0000 val_pair=1.0000 20s
 step   98000 loss=0.02143 val_exact=1.0000 val_pw=1.0000 val_pair=1.0000 20s
 step  100000 loss=0.02123 val_exact=1.0000 val_pw=1.0000 val_pair=1.0000 20s
 step  102000 loss=0.02110 val_exact=1.0000 val_pw=1.0000 val_pair=1.0000 20s
 step  104000 loss=0.02092 val_exact=1.0000 val_pw=1.0000 val_pair=1.0000 20s
 step  106000 loss=0.02081 val_exact=1.0000 val_pw=1.0000 val_pair=1.0000 20s
 step  108000 loss=0.02056 val_exact=0.9995 val_pw=1.0000 val_pair=1.0000 20s
 step  110000 loss=0.02050 val_exact=1.0000 val_pw=1.0000 val_pair=1.0000 21s
 step  112000 loss=0.02034 val_exact=1.0000 val_pw=1.0000 val_pair=1.0000 21s
 step  114000 loss=0.02021 val_exact=1.0000 val_pw=1.0000 val_pair=1.0000 21s
 step  116000 loss=0.02007 val_exact=1.0000 val_pw=1.0000 val_pair=1.0000 21s
 step  118000 loss=0.01996 val_exact=1.0000 val_pw=1.0000 val_pair=1.0000 21s
 step  120000 loss=0.01980 val_exact=1.0000 val_pw=1.0000 val_pair=1.0000 21s
 step  122000 loss=0.01972 val_exact=1.0000 val_pw=1.0000 val_pair=1.0000 21s
 step  124000 loss=0.01952 val_exact=1.0000 val_pw=1.0000 val_pair=1.0000 21s
 step  126000 loss=0.01943 val_exact=1.0000 val_pw=1.0000 val_pair=1.0000 20s
 step  128000 loss=0.01934 val_exact=1.0000 val_pw=1.0000 val_pair=1.0000 21s
 step  130000 loss=0.01921 val_exact=1.0000 val_pw=1.0000 val_pair=1.0000 20s
 step  132000 loss=0.01908 val_exact=1.0000 val_pw=1.0000 val_pair=1.0000 21s
 step  134000 loss=0.01898 val_exact=1.0000 val_pw=1.0000 val_pair=1.0000 21s
 step  136000 loss=0.01885 val_exact=1.0000 val_pw=1.0000 val_pair=1.0000 21s
 step  138000 loss=0.01877 val_exact=1.0000 val_pw=1.0000 val_pair=1.0000 20s
 step  140000 loss=0.01864 val_exact=1.0000 val_pw=1.0000 val_pair=1.0000 20s
 step  142000 loss=0.01854 val_exact=1.0000 val_pw=1.0000 val_pair=1.0000 21s
 step  144000 loss=0.01846 val_exact=1.0000 val_pw=1.0000 val_pair=1.0000 21s
 step  146000 loss=0.01830 val_exact=1.0000 val_pw=1.0000 val_pair=1.0000 21s
 step  148000 loss=0.01823 val_exact=1.0000 val_pw=1.0000 val_pair=1.0000 21s
 step  150000 loss=0.01812 val_exact=1.0000 val_pw=1.0000 val_pair=1.0000 20s
 step  152000 loss=0.01798 val_exact=1.0000 val_pw=1.0000 val_pair=1.0000 20s
 step  154000 loss=0.01790 val_exact=1.0000 val_pw=1.0000 val_pair=1.0000 20s
 step  156000 loss=0.01780 val_exact=1.0000 val_pw=1.0000 val_pair=1.0000 20s
 step  158000 loss=0.01767 val_exact=1.0000 val_pw=1.0000 val_pair=1.0000 21s
 step  160000 loss=0.01755 val_exact=1.0000 val_pw=1.0000 val_pair=1.0000 21s
 step  162000 loss=0.01745 val_exact=1.0000 val_pw=1.0000 val_pair=1.0000 21s
 step  164000 loss=0.01734 val_exact=1.0000 val_pw=1.0000 val_pair=1.0000 20s
 step  166000 loss=0.01723 val_exact=1.0000 val_pw=1.0000 val_pair=1.0000 21s
 step  168000 loss=0.01711 val_exact=1.0000 val_pw=1.0000 val_pair=1.0000 20s
 step  170000 loss=0.01702 val_exact=1.0000 val_pw=1.0000 val_pair=1.0000 21s
 step  172000 loss=0.01689 val_exact=1.0000 val_pw=1.0000 val_pair=1.0000 20s
 step  174000 loss=0.01678 val_exact=1.0000 val_pw=1.0000 val_pair=1.0000 21s
 step  176000 loss=0.01667 val_exact=1.0000 val_pw=1.0000 val_pair=1.0000 20s
 step  178000 loss=0.01655 val_exact=1.0000 val_pw=1.0000 val_pair=1.0000 21s
 step  180000 loss=0.01644 val_exact=1.0000 val_pw=1.0000 val_pair=1.0000 20s
 step  182000 loss=0.01630 val_exact=1.0000 val_pw=1.0000 val_pair=1.0000 21s
 step  184000 loss=0.01620 val_exact=1.0000 val_pw=1.0000 val_pair=1.0000 21s
 step  186000 loss=0.01609 val_exact=1.0000 val_pw=1.0000 val_pair=1.0000 20s
 step  188000 loss=0.01599 val_exact=1.0000 val_pw=1.0000 val_pair=1.0000 21s
 step  190000 loss=0.01589 val_exact=1.0000 val_pw=1.0000 val_pair=1.0000 21s
 step  192000 loss=0.01579 val_exact=1.0000 val_pw=1.0000 val_pair=1.0000 20s
 step  194000 loss=0.01569 val_exact=1.0000 val_pw=1.0000 val_pair=1.0000 20s
 step  196000 loss=0.01557 val_exact=1.0000 val_pw=1.0000 val_pair=1.0000 21s
 step  198000 loss=0.01549 val_exact=1.0000 val_pw=1.0000 val_pair=1.0000 20s
 step  200000 loss=0.01542 val_exact=1.0000 val_pw=1.0000 val_pair=1.0000 21s
 step  202000 loss=0.01533 val_exact=1.0000 val_pw=1.0000 val_pair=1.0000 20s
 step  204000 loss=0.01526 val_exact=1.0000 val_pw=1.0000 val_pair=1.0000 21s
 step  206000 loss=0.01519 val_exact=1.0000 val_pw=1.0000 val_pair=1.0000 21s
 step  208000 loss=0.01509 val_exact=1.0000 val_pw=1.0000 val_pair=1.0000 20s
 step  210000 loss=0.01501 val_exact=1.0000 val_pw=1.0000 val_pair=1.0000 20s
 step  212000 loss=0.01494 val_exact=1.0000 val_pw=1.0000 val_pair=1.0000 21s
 step  214000 loss=0.01488 val_exact=1.0000 val_pw=1.0000 val_pair=1.0000 20s
 step  216000 loss=0.01483 val_exact=1.0000 val_pw=1.0000 val_pair=1.0000 20s
 step  218000 loss=0.01476 val_exact=1.0000 val_pw=1.0000 val_pair=1.0000 20s
 step  220000 loss=0.01469 val_exact=1.0000 val_pw=1.0000 val_pair=1.0000 21s
 step  222000 loss=0.01463 val_exact=1.0000 val_pw=1.0000 val_pair=1.0000 20s
 step  224000 loss=0.01457 val_exact=1.0000 val_pw=1.0000 val_pair=1.0000 21s
 step  226000 loss=0.01453 val_exact=1.0000 val_pw=1.0000 val_pair=1.0000 20s
 step  228000 loss=0.01447 val_exact=1.0000 val_pw=1.0000 val_pair=1.0000 20s
 step  230000 loss=0.01443 val_exact=1.0000 val_pw=1.0000 val_pair=1.0000 20s
 step  232000 loss=0.01437 val_exact=1.0000 val_pw=1.0000 val_pair=1.0000 21s
 step  234000 loss=0.01433 val_exact=1.0000 val_pw=1.0000 val_pair=1.0000 20s
 step  236000 loss=0.01428 val_exact=1.0000 val_pw=1.0000 val_pair=1.0000 20s
 step  238000 loss=0.01422 val_exact=1.0000 val_pw=1.0000 val_pair=1.0000 20s
 step  240000 loss=0.01420 val_exact=1.0000 val_pw=1.0000 val_pair=1.0000 20s
 step  242000 loss=0.01416 val_exact=1.0000 val_pw=1.0000 val_pair=1.0000 20s
 step  244000 loss=0.01411 val_exact=1.0000 val_pw=1.0000 val_pair=1.0000 20s
 step  246000 loss=0.01407 val_exact=1.0000 val_pw=1.0000 val_pair=1.0000 20s
 step  248000 loss=0.01403 val_exact=1.0000 val_pw=1.0000 val_pair=1.0000 20s
 step  250000 loss=0.01400 val_exact=1.0000 val_pw=1.0000 val_pair=1.0000 20s
 step  252000 loss=0.01397 val_exact=1.0000 val_pw=1.0000 val_pair=1.0000 21s
 step  254000 loss=0.01394 val_exact=1.0000 val_pw=1.0000 val_pair=1.0000 21s
 step  256000 loss=0.01391 val_exact=1.0000 val_pw=1.0000 val_pair=1.0000 20s
 step  258000 loss=0.01387 val_exact=1.0000 val_pw=1.0000 val_pair=1.0000 20s
 step  260000 loss=0.01384 val_exact=1.0000 val_pw=1.0000 val_pair=1.0000 20s
 step  262000 loss=0.01384 val_exact=1.0000 val_pw=1.0000 val_pair=1.0000 20s
 step  264000 loss=0.01381 val_exact=1.0000 val_pw=1.0000 val_pair=1.0000 21s
 step  266000 loss=0.01378 val_exact=1.0000 val_pw=1.0000 val_pair=1.0000 20s
 step  268000 loss=0.01376 val_exact=1.0000 val_pw=1.0000 val_pair=1.0000 20s
 step  270000 loss=0.01374 val_exact=1.0000 val_pw=1.0000 val_pair=1.0000 20s
 step  272000 loss=0.01373 val_exact=1.0000 val_pw=1.0000 val_pair=1.0000 21s
 step  274000 loss=0.01369 val_exact=1.0000 val_pw=1.0000 val_pair=1.0000 20s
 step  276000 loss=0.01368 val_exact=1.0000 val_pw=1.0000 val_pair=1.0000 21s
 step  278000 loss=0.01367 val_exact=1.0000 val_pw=1.0000 val_pair=1.0000 20s
 step  280000 loss=0.01365 val_exact=1.0000 val_pw=1.0000 val_pair=1.0000 20s
 step  282000 loss=0.01364 val_exact=1.0000 val_pw=1.0000 val_pair=1.0000 20s
 step  284000 loss=0.01364 val_exact=1.0000 val_pw=1.0000 val_pair=1.0000 20s
 step  286000 loss=0.01364 val_exact=1.0000 val_pw=1.0000 val_pair=1.0000 20s
 step  288000 loss=0.01360 val_exact=1.0000 val_pw=1.0000 val_pair=1.0000 21s
 step  290000 loss=0.01361 val_exact=1.0000 val_pw=1.0000 val_pair=1.0000 21s
 step  292000 loss=0.01361 val_exact=1.0000 val_pw=1.0000 val_pair=1.0000 20s
 step  294000 loss=0.01360 val_exact=1.0000 val_pw=1.0000 val_pair=1.0000 20s
 step  296000 loss=0.01359 val_exact=1.0000 val_pw=1.0000 val_pair=1.0000 20s
 step  298000 loss=0.01359 val_exact=1.0000 val_pw=1.0000 val_pair=1.0000 20s
 step  300000 loss=0.01360 val_exact=1.0000 val_pw=1.0000 val_pair=1.0000 20s
done. steps_to={'pair_0.9': 2000, 'pair_0.99': 2000, 'pair_0.999': 2000, 'exact_0.9': 22000, 'exact_0.99': 32000, 'exact_0.999': 36000}  best exact=1.0000  -> runs/report6/multipath_train/n40_k2_ell9_clean_roberta_linear_seed1000
