task 33 -> n=20 k=2 ell=7 trunc=0 seed=2000
== n20_k2_ell7_clean_roberta_linear_seed2000 ==
 device=cuda arch=roberta readout=linear n=20 k=2 ell=7 trunc_frac=0.0 params=6,326,804
 step    2000 loss=0.10568 val_exact=1.0000 val_pw=1.0000 val_pair=1.0000 13s
 step    4000 loss=0.00114 val_exact=1.0000 val_pw=1.0000 val_pair=1.0000 12s
 step    6000 loss=0.00025 val_exact=1.0000 val_pw=1.0000 val_pair=1.0000 12s
 step    8000 loss=0.00040 val_exact=1.0000 val_pw=1.0000 val_pair=1.0000 13s
 step   10000 loss=0.00006 val_exact=1.0000 val_pw=1.0000 val_pair=1.0000 12s
 step   12000 loss=0.00004 val_exact=1.0000 val_pw=1.0000 val_pair=1.0000 12s
 step   14000 loss=0.00006 val_exact=1.0000 val_pw=1.0000 val_pair=1.0000 13s
 step   16000 loss=0.00000 val_exact=1.0000 val_pw=1.0000 val_pair=1.0000 13s
 step   18000 loss=0.00006 val_exact=1.0000 val_pw=1.0000 val_pair=1.0000 12s
 step   20000 loss=0.00000 val_exact=1.0000 val_pw=1.0000 val_pair=1.0000 13s
 step   22000 loss=0.00003 val_exact=1.0000 val_pw=1.0000 val_pair=1.0000 12s
 step   24000 loss=0.00000 val_exact=1.0000 val_pw=1.0000 val_pair=1.0000 13s
 step   26000 loss=0.00004 val_exact=1.0000 val_pw=1.0000 val_pair=1.0000 13s
 step   28000 loss=0.00006 val_exact=1.0000 val_pw=1.0000 val_pair=1.0000 13s
 step   30000 loss=0.00000 val_exact=1.0000 val_pw=1.0000 val_pair=1.0000 13s
 step   32000 loss=0.00000 val_exact=1.0000 val_pw=1.0000 val_pair=1.0000 13s
 step   34000 loss=0.00009 val_exact=1.0000 val_pw=1.0000 val_pair=1.0000 13s
 step   36000 loss=0.00000 val_exact=1.0000 val_pw=1.0000 val_pair=1.0000 13s
 step   38000 loss=0.00004 val_exact=1.0000 val_pw=1.0000 val_pair=1.0000 12s
 step   40000 loss=0.00000 val_exact=1.0000 val_pw=1.0000 val_pair=1.0000 13s
 step   42000 loss=0.00004 val_exact=1.0000 val_pw=1.0000 val_pair=1.0000 13s
 step   44000 loss=0.00000 val_exact=1.0000 val_pw=1.0000 val_pair=1.0000 13s
 step   46000 loss=0.00009 val_exact=1.0000 val_pw=1.0000 val_pair=1.0000 13s
 step   48000 loss=0.00001 val_exact=1.0000 val_pw=1.0000 val_pair=1.0000 12s
 step   50000 loss=0.00000 val_exact=1.0000 val_pw=1.0000 val_pair=1.0000 13s
 step   52000 loss=0.00005 val_exact=1.0000 val_pw=1.0000 val_pair=1.0000 13s
 step   54000 loss=0.00000 val_exact=1.0000 val_pw=1.0000 val_pair=1.0000 13s
 step   56000 loss=0.00000 val_exact=1.0000 val_pw=1.0000 val_pair=1.0000 13s
 step   58000 loss=0.00000 val_exact=1.0000 val_pw=1.0000 val_pair=1.0000 13s
 step   60000 loss=0.00003 val_exact=1.0000 val_pw=1.0000 val_pair=1.0000 13s
 step   62000 loss=0.00002 val_exact=1.0000 val_pw=1.0000 val_pair=1.0000 12s
 step   64000 loss=0.00001 val_exact=0.9990 val_pw=1.0000 val_pair=1.0000 13s
 step   66000 loss=0.00005 val_exact=1.0000 val_pw=1.0000 val_pair=1.0000 13s
 step   68000 loss=0.00000 val_exact=1.0000 val_pw=1.0000 val_pair=1.0000 13s
 step   70000 loss=0.00000 val_exact=1.0000 val_pw=1.0000 val_pair=1.0000 12s
 step   72000 loss=0.00003 val_exact=1.0000 val_pw=1.0000 val_pair=1.0000 13s
 step   74000 loss=0.00002 val_exact=1.0000 val_pw=1.0000 val_pair=1.0000 13s
 step   76000 loss=0.00000 val_exact=1.0000 val_pw=1.0000 val_pair=1.0000 13s
 step   78000 loss=0.00000 val_exact=1.0000 val_pw=1.0000 val_pair=1.0000 13s
 step   80000 loss=0.00005 val_exact=1.0000 val_pw=1.0000 val_pair=1.0000 13s
 step   82000 loss=0.00001 val_exact=1.0000 val_pw=1.0000 val_pair=1.0000 13s
 step   84000 loss=0.00000 val_exact=1.0000 val_pw=1.0000 val_pair=1.0000 13s
 step   86000 loss=0.00000 val_exact=1.0000 val_pw=1.0000 val_pair=1.0000 13s
 step   88000 loss=0.00002 val_exact=1.0000 val_pw=1.0000 val_pair=1.0000 13s
 step   90000 loss=0.00000 val_exact=1.0000 val_pw=1.0000 val_pair=1.0000 13s
 step   92000 loss=0.00000 val_exact=1.0000 val_pw=1.0000 val_pair=1.0000 13s
 step   94000 loss=0.00000 val_exact=1.0000 val_pw=1.0000 val_pair=1.0000 13s
 step   96000 loss=0.00002 val_exact=1.0000 val_pw=1.0000 val_pair=1.0000 12s
 step   98000 loss=0.00000 val_exact=1.0000 val_pw=1.0000 val_pair=1.0000 13s
 step  100000 loss=0.00000 val_exact=1.0000 val_pw=1.0000 val_pair=1.0000 13s
 step  102000 loss=0.00002 val_exact=1.0000 val_pw=1.0000 val_pair=1.0000 13s
 step  104000 loss=0.00001 val_exact=1.0000 val_pw=1.0000 val_pair=1.0000 13s
 step  106000 loss=0.00000 val_exact=1.0000 val_pw=1.0000 val_pair=1.0000 12s
 step  108000 loss=0.00000 val_exact=1.0000 val_pw=1.0000 val_pair=1.0000 13s
 step  110000 loss=0.00000 val_exact=1.0000 val_pw=1.0000 val_pair=1.0000 13s
 step  112000 loss=0.00000 val_exact=1.0000 val_pw=1.0000 val_pair=1.0000 13s
 step  114000 loss=0.00003 val_exact=1.0000 val_pw=1.0000 val_pair=1.0000 13s
 step  116000 loss=0.00001 val_exact=1.0000 val_pw=1.0000 val_pair=1.0000 13s
 step  118000 loss=0.00000 val_exact=1.0000 val_pw=1.0000 val_pair=1.0000 13s
 step  120000 loss=0.00000 val_exact=1.0000 val_pw=1.0000 val_pair=1.0000 13s
 step  122000 loss=0.00001 val_exact=1.0000 val_pw=1.0000 val_pair=1.0000 13s
 step  124000 loss=0.00000 val_exact=1.0000 val_pw=1.0000 val_pair=1.0000 13s
 step  126000 loss=0.00000 val_exact=1.0000 val_pw=1.0000 val_pair=1.0000 13s
 step  128000 loss=0.00000 val_exact=1.0000 val_pw=1.0000 val_pair=1.0000 13s
 step  130000 loss=0.00001 val_exact=1.0000 val_pw=1.0000 val_pair=1.0000 13s
 step  132000 loss=0.00000 val_exact=1.0000 val_pw=1.0000 val_pair=1.0000 13s
 step  134000 loss=0.00000 val_exact=1.0000 val_pw=1.0000 val_pair=1.0000 13s
 step  136000 loss=0.00000 val_exact=1.0000 val_pw=1.0000 val_pair=1.0000 13s
 step  138000 loss=0.00001 val_exact=1.0000 val_pw=1.0000 val_pair=1.0000 13s
 step  140000 loss=0.00000 val_exact=1.0000 val_pw=1.0000 val_pair=1.0000 13s
 step  142000 loss=0.00000 val_exact=1.0000 val_pw=1.0000 val_pair=1.0000 13s
 step  144000 loss=0.00000 val_exact=1.0000 val_pw=1.0000 val_pair=1.0000 13s
 step  146000 loss=0.00001 val_exact=1.0000 val_pw=1.0000 val_pair=1.0000 13s
 step  148000 loss=0.00000 val_exact=1.0000 val_pw=1.0000 val_pair=1.0000 13s
 step  150000 loss=0.00000 val_exact=1.0000 val_pw=1.0000 val_pair=1.0000 13s
 step  152000 loss=0.00000 val_exact=1.0000 val_pw=1.0000 val_pair=1.0000 13s
 step  154000 loss=0.00000 val_exact=1.0000 val_pw=1.0000 val_pair=1.0000 13s
 step  156000 loss=0.00000 val_exact=1.0000 val_pw=1.0000 val_pair=1.0000 13s
 step  158000 loss=0.00000 val_exact=1.0000 val_pw=1.0000 val_pair=1.0000 13s
 step  160000 loss=0.00000 val_exact=1.0000 val_pw=1.0000 val_pair=1.0000 13s
 step  162000 loss=0.00000 val_exact=1.0000 val_pw=1.0000 val_pair=1.0000 13s
 step  164000 loss=0.00000 val_exact=1.0000 val_pw=1.0000 val_pair=1.0000 13s
 step  166000 loss=0.00000 val_exact=1.0000 val_pw=1.0000 val_pair=1.0000 13s
 step  168000 loss=0.00000 val_exact=1.0000 val_pw=1.0000 val_pair=1.0000 13s
 step  170000 loss=0.00000 val_exact=1.0000 val_pw=1.0000 val_pair=1.0000 13s
 step  172000 loss=0.00000 val_exact=1.0000 val_pw=1.0000 val_pair=1.0000 13s
 step  174000 loss=0.00000 val_exact=1.0000 val_pw=1.0000 val_pair=1.0000 13s
 step  176000 loss=0.00000 val_exact=1.0000 val_pw=1.0000 val_pair=1.0000 13s
 step  178000 loss=0.00000 val_exact=1.0000 val_pw=1.0000 val_pair=1.0000 13s
 step  180000 loss=0.00000 val_exact=1.0000 val_pw=1.0000 val_pair=1.0000 13s
 step  182000 loss=0.00000 val_exact=1.0000 val_pw=1.0000 val_pair=1.0000 13s
 step  184000 loss=0.00000 val_exact=1.0000 val_pw=1.0000 val_pair=1.0000 13s
 step  186000 loss=0.00000 val_exact=1.0000 val_pw=1.0000 val_pair=1.0000 13s
 step  188000 loss=0.00000 val_exact=1.0000 val_pw=1.0000 val_pair=1.0000 13s
 step  190000 loss=0.00000 val_exact=1.0000 val_pw=1.0000 val_pair=1.0000 13s
 step  192000 loss=0.00000 val_exact=1.0000 val_pw=1.0000 val_pair=1.0000 13s
 step  194000 loss=0.00000 val_exact=1.0000 val_pw=1.0000 val_pair=1.0000 13s
 step  196000 loss=0.00000 val_exact=1.0000 val_pw=1.0000 val_pair=1.0000 13s
 step  198000 loss=0.00000 val_exact=1.0000 val_pw=1.0000 val_pair=1.0000 13s
 step  200000 loss=0.00000 val_exact=1.0000 val_pw=1.0000 val_pair=1.0000 13s
 step  202000 loss=0.00000 val_exact=1.0000 val_pw=1.0000 val_pair=1.0000 13s
 step  204000 loss=0.00000 val_exact=1.0000 val_pw=1.0000 val_pair=1.0000 13s
 step  206000 loss=0.00000 val_exact=1.0000 val_pw=1.0000 val_pair=1.0000 13s
 step  208000 loss=0.00000 val_exact=1.0000 val_pw=1.0000 val_pair=1.0000 13s
 step  210000 loss=0.00000 val_exact=1.0000 val_pw=1.0000 val_pair=1.0000 13s
 step  212000 loss=0.00000 val_exact=1.0000 val_pw=1.0000 val_pair=1.0000 13s
 step  214000 loss=0.00000 val_exact=1.0000 val_pw=1.0000 val_pair=1.0000 13s
 step  216000 loss=0.00000 val_exact=1.0000 val_pw=1.0000 val_pair=1.0000 13s
 step  218000 loss=0.00000 val_exact=1.0000 val_pw=1.0000 val_pair=1.0000 13s
 step  220000 loss=0.00000 val_exact=1.0000 val_pw=1.0000 val_pair=1.0000 13s
 step  222000 loss=0.00000 val_exact=1.0000 val_pw=1.0000 val_pair=1.0000 12s
 step  224000 loss=0.00000 val_exact=1.0000 val_pw=1.0000 val_pair=1.0000 13s
 step  226000 loss=0.00000 val_exact=1.0000 val_pw=1.0000 val_pair=1.0000 13s
 step  228000 loss=0.00000 val_exact=1.0000 val_pw=1.0000 val_pair=1.0000 13s
 step  230000 loss=0.00000 val_exact=1.0000 val_pw=1.0000 val_pair=1.0000 13s
 step  232000 loss=0.00000 val_exact=1.0000 val_pw=1.0000 val_pair=1.0000 13s
 step  234000 loss=0.00000 val_exact=1.0000 val_pw=1.0000 val_pair=1.0000 13s
 step  236000 loss=0.00000 val_exact=1.0000 val_pw=1.0000 val_pair=1.0000 13s
 step  238000 loss=0.00000 val_exact=1.0000 val_pw=1.0000 val_pair=1.0000 13s
 step  240000 loss=0.00000 val_exact=1.0000 val_pw=1.0000 val_pair=1.0000 13s
 step  242000 loss=0.00000 val_exact=1.0000 val_pw=1.0000 val_pair=1.0000 13s
 step  244000 loss=0.00000 val_exact=1.0000 val_pw=1.0000 val_pair=1.0000 13s
 step  246000 loss=0.00000 val_exact=1.0000 val_pw=1.0000 val_pair=1.0000 12s
 step  248000 loss=0.00000 val_exact=1.0000 val_pw=1.0000 val_pair=1.0000 13s
 step  250000 loss=0.00000 val_exact=1.0000 val_pw=1.0000 val_pair=1.0000 13s
 step  252000 loss=0.00000 val_exact=1.0000 val_pw=1.0000 val_pair=1.0000 12s
 step  254000 loss=0.00000 val_exact=1.0000 val_pw=1.0000 val_pair=1.0000 13s
 step  256000 loss=0.00000 val_exact=1.0000 val_pw=1.0000 val_pair=1.0000 12s
 step  258000 loss=0.00000 val_exact=1.0000 val_pw=1.0000 val_pair=1.0000 13s
 step  260000 loss=0.00000 val_exact=1.0000 val_pw=1.0000 val_pair=1.0000 13s
 step  262000 loss=0.00000 val_exact=1.0000 val_pw=1.0000 val_pair=1.0000 13s
 step  264000 loss=0.00000 val_exact=1.0000 val_pw=1.0000 val_pair=1.0000 13s
 step  266000 loss=0.00000 val_exact=1.0000 val_pw=1.0000 val_pair=1.0000 13s
 step  268000 loss=0.00000 val_exact=1.0000 val_pw=1.0000 val_pair=1.0000 13s
 step  270000 loss=0.00000 val_exact=1.0000 val_pw=1.0000 val_pair=1.0000 13s
 step  272000 loss=0.00000 val_exact=1.0000 val_pw=1.0000 val_pair=1.0000 13s
 step  274000 loss=0.00000 val_exact=1.0000 val_pw=1.0000 val_pair=1.0000 13s
 step  276000 loss=0.00000 val_exact=1.0000 val_pw=1.0000 val_pair=1.0000 13s
 step  278000 loss=0.00000 val_exact=1.0000 val_pw=1.0000 val_pair=1.0000 13s
 step  280000 loss=0.00000 val_exact=1.0000 val_pw=1.0000 val_pair=1.0000 12s
 step  282000 loss=0.00000 val_exact=1.0000 val_pw=1.0000 val_pair=1.0000 13s
 step  284000 loss=0.00000 val_exact=1.0000 val_pw=1.0000 val_pair=1.0000 13s
 step  286000 loss=0.00000 val_exact=1.0000 val_pw=1.0000 val_pair=1.0000 13s
 step  288000 loss=0.00000 val_exact=1.0000 val_pw=1.0000 val_pair=1.0000 13s
 step  290000 loss=0.00000 val_exact=1.0000 val_pw=1.0000 val_pair=1.0000 13s
 step  292000 loss=0.00000 val_exact=1.0000 val_pw=1.0000 val_pair=1.0000 13s
 step  294000 loss=0.00000 val_exact=1.0000 val_pw=1.0000 val_pair=1.0000 13s
 step  296000 loss=0.00000 val_exact=1.0000 val_pw=1.0000 val_pair=1.0000 12s
 step  298000 loss=0.00000 val_exact=1.0000 val_pw=1.0000 val_pair=1.0000 13s
 step  300000 loss=0.00000 val_exact=1.0000 val_pw=1.0000 val_pair=1.0000 13s
done. steps_to={'pair_0.9': 2000, 'pair_0.99': 2000, 'pair_0.999': 2000, 'exact_0.9': 2000, 'exact_0.99': 2000, 'exact_0.999': 2000}  best exact=1.0000  -> runs/report6/multipath_train/n20_k2_ell7_clean_roberta_linear_seed2000
