task 2 -> n=40 k=1 ell=7 trunc=0 seed=3000
== n40_k1_ell7_clean_roberta_linear_seed3000 ==
 device=cuda arch=roberta readout=linear n=40 k=1 ell=7 trunc_frac=0.0 params=6,347,304
 step    2000 loss=0.52939 val_exact=0.0000 val_pw=0.8966 val_pair=1.0000 21s
 step    4000 loss=0.32930 val_exact=0.0000 val_pw=0.9398 val_pair=1.0000 20s
 step    6000 loss=0.29036 val_exact=0.0000 val_pw=0.9443 val_pair=1.0000 20s
 step    8000 loss=0.25917 val_exact=0.0000 val_pw=0.9597 val_pair=1.0000 20s
 step   10000 loss=0.21219 val_exact=0.0000 val_pw=0.9851 val_pair=1.0000 20s
 step   12000 loss=0.18063 val_exact=0.0000 val_pw=0.9876 val_pair=1.0000 20s
 step   14000 loss=0.16378 val_exact=0.0040 val_pw=0.9921 val_pair=1.0000 21s
 step   16000 loss=0.14438 val_exact=0.7165 val_pw=0.9998 val_pair=1.0000 21s
 step   18000 loss=0.12243 val_exact=0.9335 val_pw=0.9999 val_pair=1.0000 20s
 step   20000 loss=0.10945 val_exact=1.0000 val_pw=1.0000 val_pair=1.0000 20s
 step   22000 loss=0.10106 val_exact=0.9780 val_pw=1.0000 val_pair=0.9955 21s
 step   24000 loss=0.09464 val_exact=1.0000 val_pw=1.0000 val_pair=1.0000 20s
 step   26000 loss=0.08989 val_exact=0.9990 val_pw=1.0000 val_pair=0.9995 21s
 step   28000 loss=0.08527 val_exact=1.0000 val_pw=1.0000 val_pair=1.0000 21s
 step   30000 loss=0.08132 val_exact=1.0000 val_pw=1.0000 val_pair=1.0000 20s
 step   32000 loss=0.07800 val_exact=1.0000 val_pw=1.0000 val_pair=1.0000 21s
 step   34000 loss=0.07448 val_exact=1.0000 val_pw=1.0000 val_pair=1.0000 21s
 step   36000 loss=0.07109 val_exact=1.0000 val_pw=1.0000 val_pair=1.0000 20s
 step   38000 loss=0.06829 val_exact=1.0000 val_pw=1.0000 val_pair=1.0000 21s
 step   40000 loss=0.06556 val_exact=1.0000 val_pw=1.0000 val_pair=1.0000 21s
 step   42000 loss=0.06214 val_exact=1.0000 val_pw=1.0000 val_pair=1.0000 21s
 step   44000 loss=0.05969 val_exact=1.0000 val_pw=1.0000 val_pair=1.0000 20s
 step   46000 loss=0.05736 val_exact=1.0000 val_pw=1.0000 val_pair=1.0000 20s
 step   48000 loss=0.05495 val_exact=1.0000 val_pw=1.0000 val_pair=1.0000 21s
 step   50000 loss=0.05266 val_exact=1.0000 val_pw=1.0000 val_pair=1.0000 21s
 step   52000 loss=0.05097 val_exact=1.0000 val_pw=1.0000 val_pair=1.0000 21s
 step   54000 loss=0.04905 val_exact=1.0000 val_pw=1.0000 val_pair=1.0000 21s
 step   56000 loss=0.04699 val_exact=1.0000 val_pw=1.0000 val_pair=1.0000 21s
 step   58000 loss=0.04524 val_exact=1.0000 val_pw=1.0000 val_pair=1.0000 21s
 step   60000 loss=0.04365 val_exact=1.0000 val_pw=1.0000 val_pair=1.0000 20s
 step   62000 loss=0.04221 val_exact=1.0000 val_pw=1.0000 val_pair=1.0000 20s
 step   64000 loss=0.04102 val_exact=1.0000 val_pw=1.0000 val_pair=1.0000 21s
 step   66000 loss=0.03974 val_exact=1.0000 val_pw=1.0000 val_pair=1.0000 20s
 step   68000 loss=0.03864 val_exact=1.0000 val_pw=1.0000 val_pair=1.0000 21s
 step   70000 loss=0.03744 val_exact=1.0000 val_pw=1.0000 val_pair=1.0000 20s
 step   72000 loss=0.03645 val_exact=1.0000 val_pw=1.0000 val_pair=1.0000 20s
 step   74000 loss=0.03544 val_exact=1.0000 val_pw=1.0000 val_pair=1.0000 21s
 step   76000 loss=0.03448 val_exact=1.0000 val_pw=1.0000 val_pair=1.0000 20s
 step   78000 loss=0.03354 val_exact=1.0000 val_pw=1.0000 val_pair=1.0000 21s
 step   80000 loss=0.03268 val_exact=1.0000 val_pw=1.0000 val_pair=1.0000 20s
 step   82000 loss=0.03160 val_exact=1.0000 val_pw=1.0000 val_pair=1.0000 20s
 step   84000 loss=0.03066 val_exact=1.0000 val_pw=1.0000 val_pair=1.0000 20s
 step   86000 loss=0.02971 val_exact=1.0000 val_pw=1.0000 val_pair=1.0000 20s
 step   88000 loss=0.02876 val_exact=1.0000 val_pw=1.0000 val_pair=1.0000 21s
 step   90000 loss=0.02782 val_exact=1.0000 val_pw=1.0000 val_pair=1.0000 21s
 step   92000 loss=0.02706 val_exact=1.0000 val_pw=1.0000 val_pair=1.0000 20s
 step   94000 loss=0.02625 val_exact=1.0000 val_pw=1.0000 val_pair=1.0000 21s
 step   96000 loss=0.02550 val_exact=1.0000 val_pw=1.0000 val_pair=1.0000 21s
 step   98000 loss=0.02482 val_exact=1.0000 val_pw=1.0000 val_pair=1.0000 20s
 step  100000 loss=0.02422 val_exact=1.0000 val_pw=1.0000 val_pair=1.0000 21s
 step  102000 loss=0.02359 val_exact=1.0000 val_pw=1.0000 val_pair=1.0000 21s
 step  104000 loss=0.02300 val_exact=1.0000 val_pw=1.0000 val_pair=1.0000 21s
 step  106000 loss=0.02255 val_exact=1.0000 val_pw=1.0000 val_pair=1.0000 20s
 step  108000 loss=0.02202 val_exact=1.0000 val_pw=1.0000 val_pair=1.0000 21s
 step  110000 loss=0.02162 val_exact=1.0000 val_pw=1.0000 val_pair=1.0000 20s
 step  112000 loss=0.02111 val_exact=1.0000 val_pw=1.0000 val_pair=1.0000 21s
 step  114000 loss=0.02067 val_exact=1.0000 val_pw=1.0000 val_pair=1.0000 20s
 step  116000 loss=0.02027 val_exact=1.0000 val_pw=1.0000 val_pair=1.0000 20s
 step  118000 loss=0.01988 val_exact=1.0000 val_pw=1.0000 val_pair=1.0000 20s
 step  120000 loss=0.01955 val_exact=1.0000 val_pw=1.0000 val_pair=1.0000 20s
 step  122000 loss=0.01919 val_exact=1.0000 val_pw=1.0000 val_pair=1.0000 21s
 step  124000 loss=0.01886 val_exact=1.0000 val_pw=1.0000 val_pair=1.0000 20s
 step  126000 loss=0.01854 val_exact=1.0000 val_pw=1.0000 val_pair=1.0000 21s
 step  128000 loss=0.01819 val_exact=1.0000 val_pw=1.0000 val_pair=1.0000 20s
 step  130000 loss=0.01787 val_exact=1.0000 val_pw=1.0000 val_pair=1.0000 20s
 step  132000 loss=0.01767 val_exact=1.0000 val_pw=1.0000 val_pair=1.0000 20s
 step  134000 loss=0.01732 val_exact=1.0000 val_pw=1.0000 val_pair=1.0000 20s
 step  136000 loss=0.01708 val_exact=1.0000 val_pw=1.0000 val_pair=1.0000 20s
 step  138000 loss=0.01679 val_exact=1.0000 val_pw=1.0000 val_pair=1.0000 21s
 step  140000 loss=0.01657 val_exact=1.0000 val_pw=1.0000 val_pair=1.0000 21s
 step  142000 loss=0.01627 val_exact=1.0000 val_pw=1.0000 val_pair=1.0000 21s
 step  144000 loss=0.01606 val_exact=1.0000 val_pw=1.0000 val_pair=1.0000 21s
 step  146000 loss=0.01586 val_exact=1.0000 val_pw=1.0000 val_pair=1.0000 21s
 step  148000 loss=0.01561 val_exact=1.0000 val_pw=1.0000 val_pair=1.0000 21s
 step  150000 loss=0.01537 val_exact=1.0000 val_pw=1.0000 val_pair=1.0000 20s
 step  152000 loss=0.01524 val_exact=1.0000 val_pw=1.0000 val_pair=1.0000 20s
 step  154000 loss=0.01502 val_exact=1.0000 val_pw=1.0000 val_pair=1.0000 21s
 step  156000 loss=0.01479 val_exact=1.0000 val_pw=1.0000 val_pair=1.0000 21s
 step  158000 loss=0.01464 val_exact=1.0000 val_pw=1.0000 val_pair=1.0000 21s
 step  160000 loss=0.01440 val_exact=1.0000 val_pw=1.0000 val_pair=1.0000 21s
 step  162000 loss=0.01430 val_exact=1.0000 val_pw=1.0000 val_pair=1.0000 21s
 step  164000 loss=0.01410 val_exact=1.0000 val_pw=1.0000 val_pair=1.0000 21s
 step  166000 loss=0.01400 val_exact=1.0000 val_pw=1.0000 val_pair=1.0000 21s
 step  168000 loss=0.01379 val_exact=1.0000 val_pw=1.0000 val_pair=1.0000 20s
 step  170000 loss=0.01365 val_exact=1.0000 val_pw=1.0000 val_pair=1.0000 21s
 step  172000 loss=0.01351 val_exact=1.0000 val_pw=1.0000 val_pair=1.0000 21s
 step  174000 loss=0.01336 val_exact=1.0000 val_pw=1.0000 val_pair=1.0000 21s
 step  176000 loss=0.01321 val_exact=1.0000 val_pw=1.0000 val_pair=1.0000 20s
 step  178000 loss=0.01308 val_exact=1.0000 val_pw=1.0000 val_pair=1.0000 21s
 step  180000 loss=0.01293 val_exact=1.0000 val_pw=1.0000 val_pair=1.0000 20s
 step  182000 loss=0.01281 val_exact=1.0000 val_pw=1.0000 val_pair=1.0000 20s
 step  184000 loss=0.01265 val_exact=1.0000 val_pw=1.0000 val_pair=1.0000 20s
 step  186000 loss=0.01254 val_exact=1.0000 val_pw=1.0000 val_pair=1.0000 20s
 step  188000 loss=0.01242 val_exact=1.0000 val_pw=1.0000 val_pair=1.0000 21s
 step  190000 loss=0.01232 val_exact=1.0000 val_pw=1.0000 val_pair=1.0000 20s
 step  192000 loss=0.01220 val_exact=1.0000 val_pw=1.0000 val_pair=1.0000 21s
 step  194000 loss=0.01204 val_exact=1.0000 val_pw=1.0000 val_pair=1.0000 20s
 step  196000 loss=0.01202 val_exact=1.0000 val_pw=1.0000 val_pair=1.0000 21s
 step  198000 loss=0.01184 val_exact=1.0000 val_pw=1.0000 val_pair=1.0000 20s
 step  200000 loss=0.01179 val_exact=1.0000 val_pw=1.0000 val_pair=1.0000 20s
 step  202000 loss=0.01169 val_exact=1.0000 val_pw=1.0000 val_pair=1.0000 20s
 step  204000 loss=0.01158 val_exact=1.0000 val_pw=1.0000 val_pair=1.0000 21s
 step  206000 loss=0.01150 val_exact=1.0000 val_pw=1.0000 val_pair=1.0000 20s
 step  208000 loss=0.01140 val_exact=1.0000 val_pw=1.0000 val_pair=1.0000 20s
 step  210000 loss=0.01130 val_exact=1.0000 val_pw=1.0000 val_pair=1.0000 21s
 step  212000 loss=0.01120 val_exact=1.0000 val_pw=1.0000 val_pair=1.0000 21s
 step  214000 loss=0.01114 val_exact=1.0000 val_pw=1.0000 val_pair=1.0000 20s
 step  216000 loss=0.01110 val_exact=1.0000 val_pw=1.0000 val_pair=1.0000 21s
 step  218000 loss=0.01097 val_exact=1.0000 val_pw=1.0000 val_pair=1.0000 21s
 step  220000 loss=0.01092 val_exact=1.0000 val_pw=1.0000 val_pair=1.0000 20s
 step  222000 loss=0.01084 val_exact=1.0000 val_pw=1.0000 val_pair=1.0000 20s
 step  224000 loss=0.01075 val_exact=1.0000 val_pw=1.0000 val_pair=1.0000 21s
 step  226000 loss=0.01069 val_exact=1.0000 val_pw=1.0000 val_pair=1.0000 21s
 step  228000 loss=0.01062 val_exact=1.0000 val_pw=1.0000 val_pair=1.0000 21s
 step  230000 loss=0.01060 val_exact=1.0000 val_pw=1.0000 val_pair=1.0000 21s
 step  232000 loss=0.01049 val_exact=1.0000 val_pw=1.0000 val_pair=1.0000 21s
 step  234000 loss=0.01046 val_exact=1.0000 val_pw=1.0000 val_pair=1.0000 20s
 step  236000 loss=0.01040 val_exact=1.0000 val_pw=1.0000 val_pair=1.0000 21s
 step  238000 loss=0.01037 val_exact=1.0000 val_pw=1.0000 val_pair=1.0000 21s
 step  240000 loss=0.01027 val_exact=1.0000 val_pw=1.0000 val_pair=1.0000 21s
 step  242000 loss=0.01024 val_exact=1.0000 val_pw=1.0000 val_pair=1.0000 21s
 step  244000 loss=0.01018 val_exact=1.0000 val_pw=1.0000 val_pair=1.0000 21s
 step  246000 loss=0.01016 val_exact=1.0000 val_pw=1.0000 val_pair=1.0000 21s
 step  248000 loss=0.01009 val_exact=1.0000 val_pw=1.0000 val_pair=1.0000 21s
 step  250000 loss=0.01005 val_exact=1.0000 val_pw=1.0000 val_pair=1.0000 21s
 step  252000 loss=0.01000 val_exact=1.0000 val_pw=1.0000 val_pair=1.0000 21s
 step  254000 loss=0.00995 val_exact=1.0000 val_pw=1.0000 val_pair=1.0000 21s
 step  256000 loss=0.00994 val_exact=1.0000 val_pw=1.0000 val_pair=1.0000 21s
 step  258000 loss=0.00989 val_exact=1.0000 val_pw=1.0000 val_pair=1.0000 21s
 step  260000 loss=0.00987 val_exact=1.0000 val_pw=1.0000 val_pair=1.0000 21s
 step  262000 loss=0.00982 val_exact=1.0000 val_pw=1.0000 val_pair=1.0000 21s
 step  264000 loss=0.00978 val_exact=1.0000 val_pw=1.0000 val_pair=1.0000 21s
 step  266000 loss=0.00979 val_exact=1.0000 val_pw=1.0000 val_pair=1.0000 21s
 step  268000 loss=0.00975 val_exact=1.0000 val_pw=1.0000 val_pair=1.0000 21s
 step  270000 loss=0.00974 val_exact=1.0000 val_pw=1.0000 val_pair=1.0000 21s
 step  272000 loss=0.00972 val_exact=1.0000 val_pw=1.0000 val_pair=1.0000 21s
 step  274000 loss=0.00967 val_exact=1.0000 val_pw=1.0000 val_pair=1.0000 21s
 step  276000 loss=0.00967 val_exact=1.0000 val_pw=1.0000 val_pair=1.0000 21s
 step  278000 loss=0.00965 val_exact=1.0000 val_pw=1.0000 val_pair=1.0000 21s
 step  280000 loss=0.00963 val_exact=1.0000 val_pw=1.0000 val_pair=1.0000 21s
 step  282000 loss=0.00962 val_exact=1.0000 val_pw=1.0000 val_pair=1.0000 21s
 step  284000 loss=0.00960 val_exact=1.0000 val_pw=1.0000 val_pair=1.0000 21s
 step  286000 loss=0.00960 val_exact=1.0000 val_pw=1.0000 val_pair=1.0000 21s
 step  288000 loss=0.00960 val_exact=1.0000 val_pw=1.0000 val_pair=1.0000 21s
 step  290000 loss=0.00955 val_exact=1.0000 val_pw=1.0000 val_pair=1.0000 21s
 step  292000 loss=0.00957 val_exact=1.0000 val_pw=1.0000 val_pair=1.0000 21s
 step  294000 loss=0.00957 val_exact=1.0000 val_pw=1.0000 val_pair=1.0000 21s
 step  296000 loss=0.00958 val_exact=1.0000 val_pw=1.0000 val_pair=1.0000 21s
 step  298000 loss=0.00955 val_exact=1.0000 val_pw=1.0000 val_pair=1.0000 21s
 step  300000 loss=0.00959 val_exact=1.0000 val_pw=1.0000 val_pair=1.0000 21s
done. steps_to={'pair_0.9': 2000, 'pair_0.99': 2000, 'pair_0.999': 2000, 'exact_0.9': 18000, 'exact_0.99': 20000, 'exact_0.999': 20000}  best exact=1.0000  -> runs/report6/multipath_train/n40_k1_ell7_clean_roberta_linear_seed3000
