task 10 -> n=40 k=3 ell=7 trunc=0 seed=3000
== n40_k3_ell7_clean_roberta_linear_seed3000 ==
 device=cuda arch=roberta readout=linear n=40 k=3 ell=7 trunc_frac=0.0 params=6,347,304
 step    2000 loss=0.43337 val_exact=0.0000 val_pw=0.9569 val_pair=1.0000 21s
 step    4000 loss=0.15237 val_exact=0.0040 val_pw=0.9972 val_pair=1.0000 20s
 step    6000 loss=0.06423 val_exact=0.9455 val_pw=1.0000 val_pair=1.0000 20s
 step    8000 loss=0.04702 val_exact=0.9990 val_pw=1.0000 val_pair=1.0000 20s
 step   10000 loss=0.03785 val_exact=1.0000 val_pw=1.0000 val_pair=1.0000 20s
 step   12000 loss=0.02995 val_exact=1.0000 val_pw=1.0000 val_pair=1.0000 20s
 step   14000 loss=0.02300 val_exact=1.0000 val_pw=1.0000 val_pair=1.0000 20s
 step   16000 loss=0.01610 val_exact=1.0000 val_pw=1.0000 val_pair=1.0000 21s
 step   18000 loss=0.01024 val_exact=1.0000 val_pw=1.0000 val_pair=1.0000 20s
 step   20000 loss=0.00750 val_exact=1.0000 val_pw=1.0000 val_pair=1.0000 21s
 step   22000 loss=0.00581 val_exact=1.0000 val_pw=1.0000 val_pair=1.0000 20s
 step   24000 loss=0.00471 val_exact=1.0000 val_pw=1.0000 val_pair=1.0000 20s
 step   26000 loss=0.00413 val_exact=1.0000 val_pw=1.0000 val_pair=1.0000 20s
 step   28000 loss=0.00364 val_exact=1.0000 val_pw=1.0000 val_pair=1.0000 20s
 step   30000 loss=0.00318 val_exact=1.0000 val_pw=1.0000 val_pair=1.0000 20s
 step   32000 loss=0.00323 val_exact=1.0000 val_pw=1.0000 val_pair=1.0000 20s
 step   34000 loss=0.00300 val_exact=1.0000 val_pw=1.0000 val_pair=1.0000 20s
 step   36000 loss=0.00280 val_exact=1.0000 val_pw=1.0000 val_pair=1.0000 20s
 step   38000 loss=0.00281 val_exact=1.0000 val_pw=1.0000 val_pair=1.0000 20s
 step   40000 loss=0.00254 val_exact=1.0000 val_pw=1.0000 val_pair=1.0000 20s
 step   42000 loss=0.00233 val_exact=1.0000 val_pw=1.0000 val_pair=1.0000 20s
 step   44000 loss=0.00247 val_exact=1.0000 val_pw=1.0000 val_pair=1.0000 20s
 step   46000 loss=0.00209 val_exact=1.0000 val_pw=1.0000 val_pair=1.0000 21s
 step   48000 loss=0.00223 val_exact=1.0000 val_pw=1.0000 val_pair=1.0000 20s
 step   50000 loss=0.00216 val_exact=1.0000 val_pw=1.0000 val_pair=1.0000 20s
 step   52000 loss=0.00157 val_exact=1.0000 val_pw=1.0000 val_pair=1.0000 20s
 step   54000 loss=0.00183 val_exact=1.0000 val_pw=1.0000 val_pair=1.0000 21s
 step   56000 loss=0.00184 val_exact=1.0000 val_pw=1.0000 val_pair=1.0000 20s
 step   58000 loss=0.00193 val_exact=1.0000 val_pw=1.0000 val_pair=1.0000 20s
 step   60000 loss=0.00153 val_exact=1.0000 val_pw=1.0000 val_pair=1.0000 21s
 step   62000 loss=0.00193 val_exact=1.0000 val_pw=1.0000 val_pair=1.0000 20s
 step   64000 loss=0.00150 val_exact=1.0000 val_pw=1.0000 val_pair=1.0000 20s
 step   66000 loss=0.00169 val_exact=1.0000 val_pw=1.0000 val_pair=1.0000 21s
 step   68000 loss=0.00149 val_exact=1.0000 val_pw=1.0000 val_pair=1.0000 20s
 step   70000 loss=0.00141 val_exact=1.0000 val_pw=1.0000 val_pair=1.0000 21s
 step   72000 loss=0.00175 val_exact=1.0000 val_pw=1.0000 val_pair=1.0000 20s
 step   74000 loss=0.00161 val_exact=1.0000 val_pw=1.0000 val_pair=1.0000 21s
 step   76000 loss=0.00123 val_exact=1.0000 val_pw=1.0000 val_pair=1.0000 21s
 step   78000 loss=0.00138 val_exact=1.0000 val_pw=1.0000 val_pair=1.0000 21s
 step   80000 loss=0.00142 val_exact=1.0000 val_pw=1.0000 val_pair=1.0000 21s
 step   82000 loss=0.00122 val_exact=1.0000 val_pw=1.0000 val_pair=1.0000 20s
 step   84000 loss=0.00117 val_exact=1.0000 val_pw=1.0000 val_pair=1.0000 20s
 step   86000 loss=0.00155 val_exact=1.0000 val_pw=1.0000 val_pair=1.0000 21s
 step   88000 loss=0.00128 val_exact=1.0000 val_pw=1.0000 val_pair=1.0000 20s
 step   90000 loss=0.00099 val_exact=1.0000 val_pw=1.0000 val_pair=1.0000 20s
 step   92000 loss=0.00144 val_exact=1.0000 val_pw=1.0000 val_pair=1.0000 21s
 step   94000 loss=0.00122 val_exact=1.0000 val_pw=1.0000 val_pair=1.0000 20s
 step   96000 loss=0.00095 val_exact=1.0000 val_pw=1.0000 val_pair=1.0000 20s
 step   98000 loss=0.00100 val_exact=1.0000 val_pw=1.0000 val_pair=1.0000 20s
 step  100000 loss=0.00109 val_exact=1.0000 val_pw=1.0000 val_pair=1.0000 20s
 step  102000 loss=0.00098 val_exact=1.0000 val_pw=1.0000 val_pair=1.0000 20s
 step  104000 loss=0.00103 val_exact=1.0000 val_pw=1.0000 val_pair=1.0000 20s
 step  106000 loss=0.00097 val_exact=1.0000 val_pw=1.0000 val_pair=1.0000 20s
 step  108000 loss=0.00090 val_exact=1.0000 val_pw=1.0000 val_pair=1.0000 20s
 step  110000 loss=0.00077 val_exact=1.0000 val_pw=1.0000 val_pair=1.0000 21s
 step  112000 loss=0.00116 val_exact=1.0000 val_pw=1.0000 val_pair=1.0000 20s
 step  114000 loss=0.00078 val_exact=1.0000 val_pw=1.0000 val_pair=1.0000 20s
 step  116000 loss=0.00078 val_exact=0.9995 val_pw=1.0000 val_pair=1.0000 21s
 step  118000 loss=0.00087 val_exact=1.0000 val_pw=1.0000 val_pair=1.0000 20s
 step  120000 loss=0.00098 val_exact=1.0000 val_pw=1.0000 val_pair=1.0000 20s
 step  122000 loss=0.00070 val_exact=1.0000 val_pw=1.0000 val_pair=1.0000 21s
 step  124000 loss=0.00074 val_exact=1.0000 val_pw=1.0000 val_pair=1.0000 20s
 step  126000 loss=0.00071 val_exact=1.0000 val_pw=1.0000 val_pair=1.0000 21s
 step  128000 loss=0.00077 val_exact=1.0000 val_pw=1.0000 val_pair=1.0000 21s
 step  130000 loss=0.00071 val_exact=1.0000 val_pw=1.0000 val_pair=1.0000 20s
 step  132000 loss=0.00068 val_exact=1.0000 val_pw=1.0000 val_pair=1.0000 21s
 step  134000 loss=0.00075 val_exact=1.0000 val_pw=1.0000 val_pair=1.0000 20s
 step  136000 loss=0.00063 val_exact=1.0000 val_pw=1.0000 val_pair=1.0000 20s
 step  138000 loss=0.00073 val_exact=1.0000 val_pw=1.0000 val_pair=1.0000 20s
 step  140000 loss=0.00064 val_exact=1.0000 val_pw=1.0000 val_pair=1.0000 21s
 step  142000 loss=0.00062 val_exact=1.0000 val_pw=1.0000 val_pair=1.0000 21s
 step  144000 loss=0.00061 val_exact=1.0000 val_pw=1.0000 val_pair=1.0000 21s
 step  146000 loss=0.00065 val_exact=1.0000 val_pw=1.0000 val_pair=1.0000 21s
 step  148000 loss=0.00061 val_exact=1.0000 val_pw=1.0000 val_pair=1.0000 20s
 step  150000 loss=0.00057 val_exact=1.0000 val_pw=1.0000 val_pair=1.0000 20s
 step  152000 loss=0.00059 val_exact=1.0000 val_pw=1.0000 val_pair=1.0000 20s
 step  154000 loss=0.00058 val_exact=1.0000 val_pw=1.0000 val_pair=1.0000 21s
 step  156000 loss=0.00055 val_exact=1.0000 val_pw=1.0000 val_pair=1.0000 21s
 step  158000 loss=0.00056 val_exact=1.0000 val_pw=1.0000 val_pair=1.0000 20s
 step  160000 loss=0.00056 val_exact=1.0000 val_pw=1.0000 val_pair=1.0000 20s
 step  162000 loss=0.00056 val_exact=1.0000 val_pw=1.0000 val_pair=1.0000 20s
 step  164000 loss=0.00053 val_exact=1.0000 val_pw=1.0000 val_pair=1.0000 20s
 step  166000 loss=0.00052 val_exact=1.0000 val_pw=1.0000 val_pair=1.0000 20s
 step  168000 loss=0.00051 val_exact=1.0000 val_pw=1.0000 val_pair=1.0000 21s
 step  170000 loss=0.00050 val_exact=1.0000 val_pw=1.0000 val_pair=1.0000 20s
 step  172000 loss=0.00051 val_exact=1.0000 val_pw=1.0000 val_pair=1.0000 20s
 step  174000 loss=0.00050 val_exact=1.0000 val_pw=1.0000 val_pair=1.0000 20s
 step  176000 loss=0.00048 val_exact=1.0000 val_pw=1.0000 val_pair=1.0000 20s
 step  178000 loss=0.00047 val_exact=1.0000 val_pw=1.0000 val_pair=1.0000 20s
 step  180000 loss=0.00048 val_exact=1.0000 val_pw=1.0000 val_pair=1.0000 20s
 step  182000 loss=0.00047 val_exact=1.0000 val_pw=1.0000 val_pair=1.0000 20s
 step  184000 loss=0.00046 val_exact=1.0000 val_pw=1.0000 val_pair=1.0000 20s
 step  186000 loss=0.00046 val_exact=1.0000 val_pw=1.0000 val_pair=1.0000 20s
 step  188000 loss=0.00045 val_exact=1.0000 val_pw=1.0000 val_pair=1.0000 20s
 step  190000 loss=0.00044 val_exact=1.0000 val_pw=1.0000 val_pair=1.0000 20s
 step  192000 loss=0.00044 val_exact=1.0000 val_pw=1.0000 val_pair=1.0000 20s
 step  194000 loss=0.00043 val_exact=1.0000 val_pw=1.0000 val_pair=1.0000 21s
 step  196000 loss=0.00043 val_exact=1.0000 val_pw=1.0000 val_pair=1.0000 20s
 step  198000 loss=0.00043 val_exact=1.0000 val_pw=1.0000 val_pair=1.0000 20s
 step  200000 loss=0.00042 val_exact=1.0000 val_pw=1.0000 val_pair=1.0000 20s
 step  202000 loss=0.00041 val_exact=1.0000 val_pw=1.0000 val_pair=1.0000 21s
 step  204000 loss=0.00040 val_exact=1.0000 val_pw=1.0000 val_pair=1.0000 20s
 step  206000 loss=0.00041 val_exact=1.0000 val_pw=1.0000 val_pair=1.0000 20s
 step  208000 loss=0.00040 val_exact=1.0000 val_pw=1.0000 val_pair=1.0000 20s
 step  210000 loss=0.00040 val_exact=1.0000 val_pw=1.0000 val_pair=1.0000 21s
 step  212000 loss=0.00039 val_exact=1.0000 val_pw=1.0000 val_pair=1.0000 20s
 step  214000 loss=0.00039 val_exact=1.0000 val_pw=1.0000 val_pair=1.0000 20s
 step  216000 loss=0.00036 val_exact=1.0000 val_pw=1.0000 val_pair=1.0000 20s
 step  218000 loss=0.00034 val_exact=1.0000 val_pw=1.0000 val_pair=1.0000 20s
 step  220000 loss=0.00033 val_exact=1.0000 val_pw=1.0000 val_pair=1.0000 20s
 step  222000 loss=0.00033 val_exact=1.0000 val_pw=1.0000 val_pair=1.0000 20s
 step  224000 loss=0.00032 val_exact=1.0000 val_pw=1.0000 val_pair=1.0000 20s
 step  226000 loss=0.00032 val_exact=1.0000 val_pw=1.0000 val_pair=1.0000 20s
 step  228000 loss=0.00031 val_exact=1.0000 val_pw=1.0000 val_pair=1.0000 20s
 step  230000 loss=0.00031 val_exact=1.0000 val_pw=1.0000 val_pair=1.0000 20s
 step  232000 loss=0.00031 val_exact=1.0000 val_pw=1.0000 val_pair=1.0000 20s
 step  234000 loss=0.00030 val_exact=1.0000 val_pw=1.0000 val_pair=1.0000 20s
 step  236000 loss=0.00030 val_exact=1.0000 val_pw=1.0000 val_pair=1.0000 20s
 step  238000 loss=0.00030 val_exact=1.0000 val_pw=1.0000 val_pair=1.0000 20s
 step  240000 loss=0.00029 val_exact=1.0000 val_pw=1.0000 val_pair=1.0000 20s
 step  242000 loss=0.00029 val_exact=1.0000 val_pw=1.0000 val_pair=1.0000 20s
 step  244000 loss=0.00029 val_exact=1.0000 val_pw=1.0000 val_pair=1.0000 20s
 step  246000 loss=0.00028 val_exact=1.0000 val_pw=1.0000 val_pair=1.0000 20s
 step  248000 loss=0.00028 val_exact=1.0000 val_pw=1.0000 val_pair=1.0000 21s
 step  250000 loss=0.00028 val_exact=1.0000 val_pw=1.0000 val_pair=1.0000 20s
 step  252000 loss=0.00027 val_exact=1.0000 val_pw=1.0000 val_pair=1.0000 20s
 step  254000 loss=0.00027 val_exact=1.0000 val_pw=1.0000 val_pair=1.0000 20s
 step  256000 loss=0.00027 val_exact=1.0000 val_pw=1.0000 val_pair=1.0000 20s
 step  258000 loss=0.00027 val_exact=1.0000 val_pw=1.0000 val_pair=1.0000 20s
 step  260000 loss=0.00026 val_exact=1.0000 val_pw=1.0000 val_pair=1.0000 20s
 step  262000 loss=0.00026 val_exact=1.0000 val_pw=1.0000 val_pair=1.0000 20s
 step  264000 loss=0.00026 val_exact=1.0000 val_pw=1.0000 val_pair=1.0000 20s
 step  266000 loss=0.00026 val_exact=1.0000 val_pw=1.0000 val_pair=1.0000 21s
 step  268000 loss=0.00026 val_exact=1.0000 val_pw=1.0000 val_pair=1.0000 20s
 step  270000 loss=0.00026 val_exact=1.0000 val_pw=1.0000 val_pair=1.0000 21s
 step  272000 loss=0.00026 val_exact=1.0000 val_pw=1.0000 val_pair=1.0000 21s
 step  274000 loss=0.00025 val_exact=1.0000 val_pw=1.0000 val_pair=1.0000 21s
 step  276000 loss=0.00025 val_exact=1.0000 val_pw=1.0000 val_pair=1.0000 21s
 step  278000 loss=0.00025 val_exact=1.0000 val_pw=1.0000 val_pair=1.0000 21s
 step  280000 loss=0.00025 val_exact=1.0000 val_pw=1.0000 val_pair=1.0000 21s
 step  282000 loss=0.00025 val_exact=1.0000 val_pw=1.0000 val_pair=1.0000 21s
 step  284000 loss=0.00025 val_exact=1.0000 val_pw=1.0000 val_pair=1.0000 21s
 step  286000 loss=0.00025 val_exact=1.0000 val_pw=1.0000 val_pair=1.0000 21s
 step  288000 loss=0.00025 val_exact=1.0000 val_pw=1.0000 val_pair=1.0000 21s
 step  290000 loss=0.00025 val_exact=1.0000 val_pw=1.0000 val_pair=1.0000 21s
 step  292000 loss=0.00025 val_exact=1.0000 val_pw=1.0000 val_pair=1.0000 20s
 step  294000 loss=0.00025 val_exact=1.0000 val_pw=1.0000 val_pair=1.0000 21s
 step  296000 loss=0.00025 val_exact=1.0000 val_pw=1.0000 val_pair=1.0000 21s
 step  298000 loss=0.00025 val_exact=1.0000 val_pw=1.0000 val_pair=1.0000 21s
 step  300000 loss=0.00025 val_exact=1.0000 val_pw=1.0000 val_pair=1.0000 21s
done. steps_to={'pair_0.9': 2000, 'pair_0.99': 2000, 'pair_0.999': 2000, 'exact_0.9': 6000, 'exact_0.99': 8000, 'exact_0.999': 8000}  best exact=1.0000  -> runs/report6/multipath_train/n40_k3_ell7_clean_roberta_linear_seed3000
