task 18 -> n=40 k=2 ell=5 trunc=0 seed=3000
== n40_k2_ell5_clean_roberta_linear_seed3000 ==
 device=cuda arch=roberta readout=linear n=40 k=2 ell=5 trunc_frac=0.0 params=6,347,304
 step    2000 loss=0.49344 val_exact=0.9925 val_pw=1.0000 val_pair=1.0000 21s
 step    4000 loss=0.13587 val_exact=1.0000 val_pw=1.0000 val_pair=1.0000 20s
 step    6000 loss=0.04712 val_exact=1.0000 val_pw=1.0000 val_pair=1.0000 20s
 step    8000 loss=0.02966 val_exact=1.0000 val_pw=1.0000 val_pair=1.0000 20s
 step   10000 loss=0.02481 val_exact=1.0000 val_pw=1.0000 val_pair=1.0000 20s
 step   12000 loss=0.02267 val_exact=1.0000 val_pw=1.0000 val_pair=1.0000 20s
 step   14000 loss=0.02140 val_exact=1.0000 val_pw=1.0000 val_pair=1.0000 20s
 step   16000 loss=0.02042 val_exact=1.0000 val_pw=1.0000 val_pair=1.0000 20s
 step   18000 loss=0.01956 val_exact=1.0000 val_pw=1.0000 val_pair=1.0000 20s
 step   20000 loss=0.01884 val_exact=1.0000 val_pw=1.0000 val_pair=1.0000 20s
 step   22000 loss=0.01820 val_exact=1.0000 val_pw=1.0000 val_pair=1.0000 21s
 step   24000 loss=0.01758 val_exact=1.0000 val_pw=1.0000 val_pair=1.0000 20s
 step   26000 loss=0.01699 val_exact=1.0000 val_pw=1.0000 val_pair=1.0000 20s
 step   28000 loss=0.01600 val_exact=1.0000 val_pw=1.0000 val_pair=1.0000 20s
 step   30000 loss=0.01544 val_exact=1.0000 val_pw=1.0000 val_pair=1.0000 20s
 step   32000 loss=0.01510 val_exact=1.0000 val_pw=1.0000 val_pair=1.0000 20s
 step   34000 loss=0.01480 val_exact=1.0000 val_pw=1.0000 val_pair=1.0000 20s
 step   36000 loss=0.01454 val_exact=0.9995 val_pw=1.0000 val_pair=1.0000 21s
 step   38000 loss=0.01415 val_exact=1.0000 val_pw=1.0000 val_pair=1.0000 20s
 step   40000 loss=0.01381 val_exact=1.0000 val_pw=1.0000 val_pair=1.0000 21s
 step   42000 loss=0.01361 val_exact=1.0000 val_pw=1.0000 val_pair=1.0000 21s
 step   44000 loss=0.01342 val_exact=1.0000 val_pw=1.0000 val_pair=1.0000 21s
 step   46000 loss=0.01329 val_exact=1.0000 val_pw=1.0000 val_pair=1.0000 20s
 step   48000 loss=0.01317 val_exact=1.0000 val_pw=1.0000 val_pair=1.0000 21s
 step   50000 loss=0.01305 val_exact=1.0000 val_pw=1.0000 val_pair=1.0000 21s
 step   52000 loss=0.01295 val_exact=1.0000 val_pw=1.0000 val_pair=1.0000 20s
 step   54000 loss=0.01286 val_exact=1.0000 val_pw=1.0000 val_pair=1.0000 20s
 step   56000 loss=0.01181 val_exact=1.0000 val_pw=1.0000 val_pair=1.0000 20s
 step   58000 loss=0.00706 val_exact=0.9990 val_pw=1.0000 val_pair=1.0000 20s
 step   60000 loss=0.00636 val_exact=1.0000 val_pw=1.0000 val_pair=1.0000 20s
 step   62000 loss=0.00606 val_exact=1.0000 val_pw=1.0000 val_pair=1.0000 21s
 step   64000 loss=0.00587 val_exact=1.0000 val_pw=1.0000 val_pair=1.0000 21s
 step   66000 loss=0.00572 val_exact=1.0000 val_pw=1.0000 val_pair=1.0000 21s
 step   68000 loss=0.00560 val_exact=1.0000 val_pw=1.0000 val_pair=1.0000 21s
 step   70000 loss=0.00549 val_exact=1.0000 val_pw=1.0000 val_pair=1.0000 21s
 step   72000 loss=0.00540 val_exact=0.9995 val_pw=1.0000 val_pair=1.0000 20s
 step   74000 loss=0.00531 val_exact=0.9995 val_pw=1.0000 val_pair=1.0000 21s
 step   76000 loss=0.00525 val_exact=1.0000 val_pw=1.0000 val_pair=1.0000 20s
 step   78000 loss=0.00517 val_exact=1.0000 val_pw=1.0000 val_pair=1.0000 21s
 step   80000 loss=0.00512 val_exact=1.0000 val_pw=1.0000 val_pair=1.0000 21s
 step   82000 loss=0.00507 val_exact=1.0000 val_pw=1.0000 val_pair=1.0000 20s
 step   84000 loss=0.00501 val_exact=1.0000 val_pw=1.0000 val_pair=1.0000 20s
 step   86000 loss=0.00496 val_exact=1.0000 val_pw=1.0000 val_pair=1.0000 20s
 step   88000 loss=0.00491 val_exact=1.0000 val_pw=1.0000 val_pair=1.0000 20s
 step   90000 loss=0.00488 val_exact=0.9985 val_pw=1.0000 val_pair=1.0000 20s
 step   92000 loss=0.00485 val_exact=1.0000 val_pw=1.0000 val_pair=1.0000 21s
 step   94000 loss=0.00480 val_exact=1.0000 val_pw=1.0000 val_pair=1.0000 21s
 step   96000 loss=0.00477 val_exact=1.0000 val_pw=1.0000 val_pair=1.0000 21s
 step   98000 loss=0.00474 val_exact=0.9990 val_pw=1.0000 val_pair=1.0000 20s
 step  100000 loss=0.00472 val_exact=1.0000 val_pw=1.0000 val_pair=1.0000 20s
 step  102000 loss=0.00467 val_exact=1.0000 val_pw=1.0000 val_pair=1.0000 21s
 step  104000 loss=0.00466 val_exact=1.0000 val_pw=1.0000 val_pair=1.0000 21s
 step  106000 loss=0.00461 val_exact=1.0000 val_pw=1.0000 val_pair=1.0000 21s
 step  108000 loss=0.00460 val_exact=1.0000 val_pw=1.0000 val_pair=1.0000 21s
 step  110000 loss=0.00458 val_exact=1.0000 val_pw=1.0000 val_pair=1.0000 21s
 step  112000 loss=0.00456 val_exact=1.0000 val_pw=1.0000 val_pair=1.0000 20s
 step  114000 loss=0.00454 val_exact=1.0000 val_pw=1.0000 val_pair=1.0000 21s
 step  116000 loss=0.00450 val_exact=1.0000 val_pw=1.0000 val_pair=1.0000 21s
 step  118000 loss=0.00450 val_exact=1.0000 val_pw=1.0000 val_pair=1.0000 21s
 step  120000 loss=0.00447 val_exact=1.0000 val_pw=1.0000 val_pair=1.0000 20s
 step  122000 loss=0.00445 val_exact=1.0000 val_pw=1.0000 val_pair=1.0000 21s
 step  124000 loss=0.00443 val_exact=1.0000 val_pw=1.0000 val_pair=1.0000 21s
 step  126000 loss=0.00442 val_exact=1.0000 val_pw=1.0000 val_pair=1.0000 21s
 step  128000 loss=0.00439 val_exact=1.0000 val_pw=1.0000 val_pair=1.0000 21s
 step  130000 loss=0.00439 val_exact=1.0000 val_pw=1.0000 val_pair=1.0000 21s
 step  132000 loss=0.00435 val_exact=0.9995 val_pw=1.0000 val_pair=1.0000 21s
 step  134000 loss=0.00433 val_exact=0.9995 val_pw=1.0000 val_pair=1.0000 20s
 step  136000 loss=0.00432 val_exact=1.0000 val_pw=1.0000 val_pair=1.0000 20s
 step  138000 loss=0.00430 val_exact=1.0000 val_pw=1.0000 val_pair=1.0000 20s
 step  140000 loss=0.00429 val_exact=0.9895 val_pw=0.9999 val_pair=1.0000 20s
 step  142000 loss=0.00428 val_exact=1.0000 val_pw=1.0000 val_pair=1.0000 20s
 step  144000 loss=0.00426 val_exact=1.0000 val_pw=1.0000 val_pair=1.0000 21s
 step  146000 loss=0.00425 val_exact=0.9970 val_pw=1.0000 val_pair=1.0000 21s
 step  148000 loss=0.00424 val_exact=1.0000 val_pw=1.0000 val_pair=1.0000 21s
 step  150000 loss=0.00422 val_exact=1.0000 val_pw=1.0000 val_pair=1.0000 21s
 step  152000 loss=0.00421 val_exact=1.0000 val_pw=1.0000 val_pair=1.0000 20s
 step  154000 loss=0.00420 val_exact=0.9980 val_pw=1.0000 val_pair=1.0000 20s
 step  156000 loss=0.00419 val_exact=1.0000 val_pw=1.0000 val_pair=1.0000 21s
 step  158000 loss=0.00417 val_exact=1.0000 val_pw=1.0000 val_pair=1.0000 21s
 step  160000 loss=0.00416 val_exact=0.9980 val_pw=1.0000 val_pair=1.0000 21s
 step  162000 loss=0.00402 val_exact=0.5960 val_pw=0.9930 val_pair=0.9310 20s
 step  164000 loss=0.00301 val_exact=0.0645 val_pw=0.9451 val_pair=0.6905 20s
 step  166000 loss=0.00285 val_exact=0.0540 val_pw=0.9096 val_pair=0.5805 20s
 step  168000 loss=0.00279 val_exact=0.0580 val_pw=0.9131 val_pair=0.5630 20s
 step  170000 loss=0.00275 val_exact=0.0605 val_pw=0.9046 val_pair=0.5570 21s
 step  172000 loss=0.00272 val_exact=0.0190 val_pw=0.9166 val_pair=0.5365 20s
 step  174000 loss=0.00269 val_exact=0.0005 val_pw=0.8742 val_pair=0.3650 20s
 step  176000 loss=0.00266 val_exact=0.0000 val_pw=0.7752 val_pair=0.1945 20s
 step  178000 loss=0.00264 val_exact=0.0095 val_pw=0.8518 val_pair=0.3720 20s
 step  180000 loss=0.00262 val_exact=0.0000 val_pw=0.8169 val_pair=0.2495 20s
 step  182000 loss=0.00260 val_exact=0.0055 val_pw=0.8334 val_pair=0.2900 20s
 step  184000 loss=0.00259 val_exact=0.0000 val_pw=0.7682 val_pair=0.1245 20s
 step  186000 loss=0.00257 val_exact=0.0105 val_pw=0.8777 val_pair=0.3500 20s
 step  188000 loss=0.00255 val_exact=0.0165 val_pw=0.9481 val_pair=0.6060 21s
 step  190000 loss=0.00253 val_exact=0.0000 val_pw=0.8122 val_pair=0.1975 21s
 step  192000 loss=0.00252 val_exact=0.0000 val_pw=0.7900 val_pair=0.1855 20s
 step  194000 loss=0.00251 val_exact=0.0000 val_pw=0.7080 val_pair=0.0905 20s
 step  196000 loss=0.00250 val_exact=0.0000 val_pw=0.7954 val_pair=0.1670 20s
 step  198000 loss=0.00249 val_exact=0.0005 val_pw=0.7883 val_pair=0.2240 20s
 step  200000 loss=0.00248 val_exact=0.0000 val_pw=0.7354 val_pair=0.1170 20s
 step  202000 loss=0.00246 val_exact=0.0005 val_pw=0.8057 val_pair=0.1770 20s
 step  204000 loss=0.00245 val_exact=0.0000 val_pw=0.7172 val_pair=0.0855 20s
 step  206000 loss=0.00244 val_exact=0.0000 val_pw=0.7550 val_pair=0.1255 20s
 step  208000 loss=0.00243 val_exact=0.0000 val_pw=0.7264 val_pair=0.0745 21s
 step  210000 loss=0.00242 val_exact=0.0000 val_pw=0.7783 val_pair=0.1615 20s
 step  212000 loss=0.00241 val_exact=0.0000 val_pw=0.7650 val_pair=0.1160 21s
 step  214000 loss=0.00241 val_exact=0.0000 val_pw=0.6797 val_pair=0.0355 20s
 step  216000 loss=0.00239 val_exact=0.0000 val_pw=0.7935 val_pair=0.1580 20s
 step  218000 loss=0.00239 val_exact=0.0000 val_pw=0.6976 val_pair=0.0845 21s
 step  220000 loss=0.00238 val_exact=0.0000 val_pw=0.7106 val_pair=0.0780 21s
 step  222000 loss=0.00237 val_exact=0.0000 val_pw=0.7152 val_pair=0.0725 21s
 step  224000 loss=0.00236 val_exact=0.0000 val_pw=0.7495 val_pair=0.1190 21s
 step  226000 loss=0.00236 val_exact=0.0000 val_pw=0.7740 val_pair=0.1600 21s
 step  228000 loss=0.00235 val_exact=0.0000 val_pw=0.7329 val_pair=0.0870 21s
 step  230000 loss=0.00234 val_exact=0.0000 val_pw=0.7091 val_pair=0.0755 20s
 step  232000 loss=0.00233 val_exact=0.0000 val_pw=0.6855 val_pair=0.0425 21s
 step  234000 loss=0.00233 val_exact=0.0000 val_pw=0.7012 val_pair=0.0610 21s
 step  236000 loss=0.00232 val_exact=0.0000 val_pw=0.6869 val_pair=0.0455 21s
 step  238000 loss=0.00232 val_exact=0.0000 val_pw=0.6994 val_pair=0.0465 20s
 step  240000 loss=0.00231 val_exact=0.0000 val_pw=0.6970 val_pair=0.0580 20s
 step  242000 loss=0.00230 val_exact=0.0000 val_pw=0.6887 val_pair=0.0495 21s
 step  244000 loss=0.00229 val_exact=0.0000 val_pw=0.6908 val_pair=0.0560 21s
 step  246000 loss=0.00230 val_exact=0.0000 val_pw=0.6809 val_pair=0.0400 20s
 step  248000 loss=0.00229 val_exact=0.0000 val_pw=0.6785 val_pair=0.0340 20s
 step  250000 loss=0.00228 val_exact=0.0000 val_pw=0.6726 val_pair=0.0265 21s
 step  252000 loss=0.00228 val_exact=0.0000 val_pw=0.6968 val_pair=0.0525 20s
 step  254000 loss=0.00228 val_exact=0.0000 val_pw=0.6788 val_pair=0.0215 20s
 step  256000 loss=0.00227 val_exact=0.0000 val_pw=0.6798 val_pair=0.0305 21s
 step  258000 loss=0.00226 val_exact=0.0000 val_pw=0.6852 val_pair=0.0340 20s
 step  260000 loss=0.00226 val_exact=0.0000 val_pw=0.6839 val_pair=0.0265 20s
 step  262000 loss=0.00226 val_exact=0.0000 val_pw=0.6871 val_pair=0.0255 20s
 step  264000 loss=0.00226 val_exact=0.0000 val_pw=0.6819 val_pair=0.0350 21s
 step  266000 loss=0.00225 val_exact=0.0000 val_pw=0.6819 val_pair=0.0225 20s
 step  268000 loss=0.00225 val_exact=0.0000 val_pw=0.6820 val_pair=0.0375 21s
 step  270000 loss=0.00225 val_exact=0.0000 val_pw=0.6837 val_pair=0.0215 20s
 step  272000 loss=0.00224 val_exact=0.0000 val_pw=0.6856 val_pair=0.0360 21s
 step  274000 loss=0.00224 val_exact=0.0000 val_pw=0.6852 val_pair=0.0415 21s
 step  276000 loss=0.00224 val_exact=0.0000 val_pw=0.6847 val_pair=0.0350 21s
 step  278000 loss=0.00224 val_exact=0.0000 val_pw=0.6829 val_pair=0.0240 20s
 step  280000 loss=0.00224 val_exact=0.0000 val_pw=0.6842 val_pair=0.0225 20s
 step  282000 loss=0.00224 val_exact=0.0000 val_pw=0.6818 val_pair=0.0215 20s
 step  284000 loss=0.00223 val_exact=0.0000 val_pw=0.6835 val_pair=0.0335 20s
 step  286000 loss=0.00223 val_exact=0.0000 val_pw=0.6845 val_pair=0.0220 20s
 step  288000 loss=0.00223 val_exact=0.0000 val_pw=0.6853 val_pair=0.0245 20s
 step  290000 loss=0.00223 val_exact=0.0000 val_pw=0.6818 val_pair=0.0210 20s
 step  292000 loss=0.00223 val_exact=0.0000 val_pw=0.6855 val_pair=0.0235 20s
 step  294000 loss=0.00223 val_exact=0.0000 val_pw=0.6850 val_pair=0.0260 20s
 step  296000 loss=0.00223 val_exact=0.0000 val_pw=0.6862 val_pair=0.0245 20s
 step  298000 loss=0.00223 val_exact=0.0000 val_pw=0.6831 val_pair=0.0205 20s
 step  300000 loss=0.00222 val_exact=0.0000 val_pw=0.6860 val_pair=0.0240 21s
done. steps_to={'pair_0.9': 2000, 'pair_0.99': 2000, 'pair_0.999': 2000, 'exact_0.9': 2000, 'exact_0.99': 2000, 'exact_0.999': 4000}  best exact=1.0000  -> runs/report6/multipath_train/n40_k2_ell5_clean_roberta_linear_seed3000
