task 39 -> n=64 k=2 ell=7 trunc=0 seed=4000
== n64_k2_ell7_clean_roberta_linear_seed4000 ==
 device=cuda arch=roberta readout=linear n=64 k=2 ell=7 trunc_frac=0.0 params=6,371,904
 step    2000 loss=0.61712 val_exact=0.0000 val_pw=0.7684 val_pair=0.0000 33s
 step    4000 loss=0.46135 val_exact=0.0000 val_pw=0.8535 val_pair=0.4765 32s
 step    6000 loss=0.36168 val_exact=0.0000 val_pw=0.9597 val_pair=1.0000 32s
 step    8000 loss=0.31823 val_exact=0.0000 val_pw=0.9730 val_pair=1.0000 33s
 step   10000 loss=0.29297 val_exact=0.0000 val_pw=0.9836 val_pair=1.0000 33s
 step   12000 loss=0.27481 val_exact=0.0000 val_pw=0.9866 val_pair=1.0000 32s
 step   14000 loss=0.25939 val_exact=0.0000 val_pw=0.9905 val_pair=1.0000 32s
 step   16000 loss=0.24525 val_exact=0.0000 val_pw=0.9900 val_pair=1.0000 32s
 step   18000 loss=0.23403 val_exact=0.0000 val_pw=0.9886 val_pair=0.9990 32s
 step   20000 loss=0.22516 val_exact=0.0000 val_pw=0.9896 val_pair=1.0000 33s
 step   22000 loss=0.21876 val_exact=0.0000 val_pw=0.9877 val_pair=1.0000 32s
 step   24000 loss=0.21429 val_exact=0.0000 val_pw=0.9889 val_pair=1.0000 32s
 step   26000 loss=0.20976 val_exact=0.0000 val_pw=0.9878 val_pair=1.0000 32s
 step   28000 loss=0.20622 val_exact=0.0000 val_pw=0.9887 val_pair=1.0000 32s
 step   30000 loss=0.20295 val_exact=0.0000 val_pw=0.9908 val_pair=0.9995 32s
 step   32000 loss=0.19932 val_exact=0.0000 val_pw=0.9894 val_pair=0.9995 33s
 step   34000 loss=0.19688 val_exact=0.0000 val_pw=0.9901 val_pair=1.0000 32s
 step   36000 loss=0.19331 val_exact=0.0000 val_pw=0.9900 val_pair=0.9995 32s
 step   38000 loss=0.19178 val_exact=0.0000 val_pw=0.9918 val_pair=1.0000 32s
 step   40000 loss=0.18868 val_exact=0.0000 val_pw=0.9922 val_pair=1.0000 32s
 step   42000 loss=0.18535 val_exact=0.0000 val_pw=0.9926 val_pair=1.0000 32s
 step   44000 loss=0.18317 val_exact=0.0000 val_pw=0.9927 val_pair=0.9995 33s
 step   46000 loss=0.18011 val_exact=0.0000 val_pw=0.9932 val_pair=0.9995 32s
 step   48000 loss=0.17796 val_exact=0.0000 val_pw=0.9942 val_pair=1.0000 32s
 step   50000 loss=0.17623 val_exact=0.0000 val_pw=0.9942 val_pair=1.0000 32s
 step   52000 loss=0.17346 val_exact=0.0005 val_pw=0.9956 val_pair=1.0000 32s
 step   54000 loss=0.17027 val_exact=0.0005 val_pw=0.9953 val_pair=1.0000 34s
 step   56000 loss=0.16737 val_exact=0.0110 val_pw=0.9964 val_pair=1.0000 33s
 step   58000 loss=0.16580 val_exact=0.0060 val_pw=0.9963 val_pair=1.0000 32s
 step   60000 loss=0.16300 val_exact=0.0495 val_pw=0.9976 val_pair=1.0000 32s
 step   62000 loss=0.15954 val_exact=0.0710 val_pw=0.9982 val_pair=1.0000 32s
 step   64000 loss=0.15879 val_exact=0.0400 val_pw=0.9977 val_pair=1.0000 32s
 step   66000 loss=0.15517 val_exact=0.2265 val_pw=0.9991 val_pair=1.0000 32s
 step   68000 loss=0.15462 val_exact=0.4755 val_pw=0.9995 val_pair=1.0000 32s
 step   70000 loss=0.15393 val_exact=0.4090 val_pw=0.9994 val_pair=1.0000 32s
 step   72000 loss=0.15006 val_exact=0.5590 val_pw=0.9997 val_pair=1.0000 32s
 step   74000 loss=0.14975 val_exact=0.6315 val_pw=0.9997 val_pair=1.0000 33s
 step   76000 loss=0.14760 val_exact=0.7595 val_pw=0.9999 val_pair=1.0000 33s
 step   78000 loss=0.14648 val_exact=0.8830 val_pw=0.9999 val_pair=1.0000 32s
 step   80000 loss=0.14498 val_exact=0.8685 val_pw=0.9999 val_pair=1.0000 32s
 step   82000 loss=0.14206 val_exact=0.6895 val_pw=0.9998 val_pair=1.0000 33s
 step   84000 loss=0.14242 val_exact=0.0000 val_pw=0.9848 val_pair=1.0000 32s
 step   86000 loss=0.14110 val_exact=0.9550 val_pw=1.0000 val_pair=1.0000 32s
 step   88000 loss=0.14010 val_exact=0.9785 val_pw=1.0000 val_pair=1.0000 32s
 step   90000 loss=0.13748 val_exact=0.9190 val_pw=1.0000 val_pair=1.0000 33s
 step   92000 loss=0.13625 val_exact=0.9985 val_pw=1.0000 val_pair=1.0000 32s
 step   94000 loss=0.13555 val_exact=0.0175 val_pw=0.9964 val_pair=1.0000 33s
 step   96000 loss=0.13425 val_exact=0.9940 val_pw=1.0000 val_pair=1.0000 32s
 step   98000 loss=0.13247 val_exact=0.9515 val_pw=1.0000 val_pair=1.0000 32s
 step  100000 loss=0.13218 val_exact=0.9980 val_pw=1.0000 val_pair=1.0000 32s
 step  102000 loss=0.13169 val_exact=1.0000 val_pw=1.0000 val_pair=1.0000 33s
 step  104000 loss=0.13021 val_exact=1.0000 val_pw=1.0000 val_pair=1.0000 33s
 step  106000 loss=0.12881 val_exact=0.9985 val_pw=1.0000 val_pair=1.0000 33s
 step  108000 loss=0.12919 val_exact=0.9995 val_pw=1.0000 val_pair=1.0000 33s
 step  110000 loss=0.12724 val_exact=1.0000 val_pw=1.0000 val_pair=1.0000 33s
 step  112000 loss=0.12755 val_exact=1.0000 val_pw=1.0000 val_pair=1.0000 33s
 step  114000 loss=0.12611 val_exact=1.0000 val_pw=1.0000 val_pair=1.0000 32s
 step  116000 loss=0.12467 val_exact=1.0000 val_pw=1.0000 val_pair=1.0000 32s
 step  118000 loss=0.12418 val_exact=1.0000 val_pw=1.0000 val_pair=1.0000 33s
 step  120000 loss=0.12436 val_exact=1.0000 val_pw=1.0000 val_pair=1.0000 32s
 step  122000 loss=0.12303 val_exact=1.0000 val_pw=1.0000 val_pair=1.0000 33s
 step  124000 loss=0.12140 val_exact=1.0000 val_pw=1.0000 val_pair=1.0000 32s
 step  126000 loss=0.12088 val_exact=1.0000 val_pw=1.0000 val_pair=1.0000 32s
 step  128000 loss=0.12084 val_exact=0.9960 val_pw=1.0000 val_pair=1.0000 32s
 step  130000 loss=0.12027 val_exact=1.0000 val_pw=1.0000 val_pair=1.0000 32s
 step  132000 loss=0.11918 val_exact=1.0000 val_pw=1.0000 val_pair=1.0000 32s
 step  134000 loss=0.11885 val_exact=1.0000 val_pw=1.0000 val_pair=1.0000 32s
 step  136000 loss=0.11803 val_exact=1.0000 val_pw=1.0000 val_pair=1.0000 32s
 step  138000 loss=0.11752 val_exact=1.0000 val_pw=1.0000 val_pair=1.0000 33s
 step  140000 loss=0.11706 val_exact=1.0000 val_pw=1.0000 val_pair=1.0000 32s
 step  142000 loss=0.11626 val_exact=1.0000 val_pw=1.0000 val_pair=1.0000 32s
 step  144000 loss=0.11595 val_exact=1.0000 val_pw=1.0000 val_pair=1.0000 32s
 step  146000 loss=0.11497 val_exact=1.0000 val_pw=1.0000 val_pair=1.0000 32s
 step  148000 loss=0.11467 val_exact=1.0000 val_pw=1.0000 val_pair=1.0000 32s
 step  150000 loss=0.11402 val_exact=1.0000 val_pw=1.0000 val_pair=1.0000 32s
 step  152000 loss=0.11320 val_exact=1.0000 val_pw=1.0000 val_pair=1.0000 32s
 step  154000 loss=0.11226 val_exact=1.0000 val_pw=1.0000 val_pair=1.0000 32s
 step  156000 loss=0.11249 val_exact=1.0000 val_pw=1.0000 val_pair=1.0000 32s
 step  158000 loss=0.11196 val_exact=1.0000 val_pw=1.0000 val_pair=1.0000 32s
 step  160000 loss=0.11166 val_exact=1.0000 val_pw=1.0000 val_pair=1.0000 32s
 step  162000 loss=0.11089 val_exact=1.0000 val_pw=1.0000 val_pair=1.0000 32s
 step  164000 loss=0.11028 val_exact=1.0000 val_pw=1.0000 val_pair=1.0000 33s
 step  166000 loss=0.11003 val_exact=1.0000 val_pw=1.0000 val_pair=1.0000 32s
 step  168000 loss=0.10954 val_exact=1.0000 val_pw=1.0000 val_pair=1.0000 32s
 step  170000 loss=0.10909 val_exact=1.0000 val_pw=1.0000 val_pair=1.0000 33s
 step  172000 loss=0.10855 val_exact=1.0000 val_pw=1.0000 val_pair=1.0000 32s
 step  174000 loss=0.10825 val_exact=1.0000 val_pw=1.0000 val_pair=1.0000 32s
 step  176000 loss=0.10787 val_exact=1.0000 val_pw=1.0000 val_pair=1.0000 32s
 step  178000 loss=0.10741 val_exact=1.0000 val_pw=1.0000 val_pair=1.0000 33s
 step  180000 loss=0.10704 val_exact=1.0000 val_pw=1.0000 val_pair=1.0000 32s
 step  182000 loss=0.10668 val_exact=1.0000 val_pw=1.0000 val_pair=1.0000 32s
 step  184000 loss=0.10619 val_exact=1.0000 val_pw=1.0000 val_pair=1.0000 33s
 step  186000 loss=0.10618 val_exact=1.0000 val_pw=1.0000 val_pair=1.0000 33s
 step  188000 loss=0.10598 val_exact=1.0000 val_pw=1.0000 val_pair=1.0000 32s
 step  190000 loss=0.10541 val_exact=1.0000 val_pw=1.0000 val_pair=1.0000 32s
 step  192000 loss=0.10517 val_exact=1.0000 val_pw=1.0000 val_pair=1.0000 32s
 step  194000 loss=0.10472 val_exact=1.0000 val_pw=1.0000 val_pair=1.0000 32s
 step  196000 loss=0.10458 val_exact=1.0000 val_pw=1.0000 val_pair=1.0000 32s
 step  198000 loss=0.10430 val_exact=1.0000 val_pw=1.0000 val_pair=1.0000 32s
 step  200000 loss=0.10397 val_exact=1.0000 val_pw=1.0000 val_pair=1.0000 33s
 step  202000 loss=0.10369 val_exact=1.0000 val_pw=1.0000 val_pair=1.0000 33s
 step  204000 loss=0.10346 val_exact=1.0000 val_pw=1.0000 val_pair=1.0000 32s
 step  206000 loss=0.10304 val_exact=1.0000 val_pw=1.0000 val_pair=1.0000 33s
 step  208000 loss=0.10296 val_exact=1.0000 val_pw=1.0000 val_pair=1.0000 32s
 step  210000 loss=0.10260 val_exact=1.0000 val_pw=1.0000 val_pair=1.0000 32s
 step  212000 loss=0.10239 val_exact=1.0000 val_pw=1.0000 val_pair=1.0000 32s
 step  214000 loss=0.10209 val_exact=1.0000 val_pw=1.0000 val_pair=1.0000 32s
 step  216000 loss=0.10194 val_exact=1.0000 val_pw=1.0000 val_pair=1.0000 33s
 step  218000 loss=0.10174 val_exact=1.0000 val_pw=1.0000 val_pair=1.0000 32s
 step  220000 loss=0.10138 val_exact=1.0000 val_pw=1.0000 val_pair=1.0000 33s
 step  222000 loss=0.10129 val_exact=1.0000 val_pw=1.0000 val_pair=1.0000 32s
 step  224000 loss=0.10109 val_exact=1.0000 val_pw=1.0000 val_pair=1.0000 33s
 step  226000 loss=0.10083 val_exact=1.0000 val_pw=1.0000 val_pair=1.0000 32s
 step  228000 loss=0.10072 val_exact=1.0000 val_pw=1.0000 val_pair=1.0000 32s
 step  230000 loss=0.10060 val_exact=1.0000 val_pw=1.0000 val_pair=1.0000 33s
 step  232000 loss=0.10032 val_exact=1.0000 val_pw=1.0000 val_pair=1.0000 32s
 step  234000 loss=0.10016 val_exact=1.0000 val_pw=1.0000 val_pair=1.0000 32s
 step  236000 loss=0.10006 val_exact=1.0000 val_pw=1.0000 val_pair=1.0000 32s
 step  238000 loss=0.09987 val_exact=1.0000 val_pw=1.0000 val_pair=1.0000 33s
 step  240000 loss=0.09973 val_exact=1.0000 val_pw=1.0000 val_pair=1.0000 32s
 step  242000 loss=0.09960 val_exact=1.0000 val_pw=1.0000 val_pair=1.0000 32s
 step  244000 loss=0.09945 val_exact=1.0000 val_pw=1.0000 val_pair=1.0000 32s
 step  246000 loss=0.09934 val_exact=1.0000 val_pw=1.0000 val_pair=1.0000 32s
 step  248000 loss=0.09933 val_exact=1.0000 val_pw=1.0000 val_pair=1.0000 32s
 step  250000 loss=0.09916 val_exact=1.0000 val_pw=1.0000 val_pair=1.0000 33s
 step  252000 loss=0.09907 val_exact=1.0000 val_pw=1.0000 val_pair=1.0000 33s
 step  254000 loss=0.09888 val_exact=1.0000 val_pw=1.0000 val_pair=1.0000 33s
 step  256000 loss=0.09891 val_exact=1.0000 val_pw=1.0000 val_pair=1.0000 32s
 step  258000 loss=0.09879 val_exact=1.0000 val_pw=1.0000 val_pair=1.0000 32s
 step  260000 loss=0.09862 val_exact=1.0000 val_pw=1.0000 val_pair=1.0000 32s
 step  262000 loss=0.09866 val_exact=1.0000 val_pw=1.0000 val_pair=1.0000 32s
 step  264000 loss=0.09849 val_exact=1.0000 val_pw=1.0000 val_pair=1.0000 32s
 step  266000 loss=0.09835 val_exact=1.0000 val_pw=1.0000 val_pair=1.0000 32s
 step  268000 loss=0.09839 val_exact=1.0000 val_pw=1.0000 val_pair=1.0000 32s
 step  270000 loss=0.09819 val_exact=1.0000 val_pw=1.0000 val_pair=1.0000 32s
 step  272000 loss=0.09817 val_exact=1.0000 val_pw=1.0000 val_pair=1.0000 33s
 step  274000 loss=0.09822 val_exact=1.0000 val_pw=1.0000 val_pair=1.0000 32s
 step  276000 loss=0.09810 val_exact=1.0000 val_pw=1.0000 val_pair=1.0000 32s
 step  278000 loss=0.09811 val_exact=1.0000 val_pw=1.0000 val_pair=1.0000 32s
 step  280000 loss=0.09799 val_exact=1.0000 val_pw=1.0000 val_pair=1.0000 32s
 step  282000 loss=0.09795 val_exact=1.0000 val_pw=1.0000 val_pair=1.0000 32s
 step  284000 loss=0.09799 val_exact=1.0000 val_pw=1.0000 val_pair=1.0000 32s
 step  286000 loss=0.09789 val_exact=1.0000 val_pw=1.0000 val_pair=1.0000 32s
 step  288000 loss=0.09795 val_exact=1.0000 val_pw=1.0000 val_pair=1.0000 32s
 step  290000 loss=0.09793 val_exact=1.0000 val_pw=1.0000 val_pair=1.0000 33s
 step  292000 loss=0.09788 val_exact=1.0000 val_pw=1.0000 val_pair=1.0000 33s
 step  294000 loss=0.09782 val_exact=1.0000 val_pw=1.0000 val_pair=1.0000 32s
 step  296000 loss=0.09782 val_exact=1.0000 val_pw=1.0000 val_pair=1.0000 32s
 step  298000 loss=0.09777 val_exact=1.0000 val_pw=1.0000 val_pair=1.0000 32s
 step  300000 loss=0.09768 val_exact=1.0000 val_pw=1.0000 val_pair=1.0000 32s
done. steps_to={'pair_0.9': 6000, 'pair_0.99': 6000, 'pair_0.999': 6000, 'exact_0.9': 86000, 'exact_0.99': 92000, 'exact_0.999': 102000}  best exact=1.0000  -> runs/report6/multipath_train/n64_k2_ell7_clean_roberta_linear_seed4000
