task 19 -> n=40 k=2 ell=5 trunc=0 seed=4000
== n40_k2_ell5_clean_roberta_linear_seed4000 ==
 device=cuda arch=roberta readout=linear n=40 k=2 ell=5 trunc_frac=0.0 params=6,347,304
 step    2000 loss=0.48339 val_exact=1.0000 val_pw=1.0000 val_pair=1.0000 21s
 step    4000 loss=0.13065 val_exact=1.0000 val_pw=1.0000 val_pair=1.0000 20s
 step    6000 loss=0.04483 val_exact=1.0000 val_pw=1.0000 val_pair=1.0000 20s
 step    8000 loss=0.02981 val_exact=1.0000 val_pw=1.0000 val_pair=1.0000 20s
 step   10000 loss=0.02510 val_exact=1.0000 val_pw=1.0000 val_pair=1.0000 20s
 step   12000 loss=0.02283 val_exact=1.0000 val_pw=1.0000 val_pair=1.0000 20s
 step   14000 loss=0.02148 val_exact=1.0000 val_pw=1.0000 val_pair=1.0000 21s
 step   16000 loss=0.02050 val_exact=1.0000 val_pw=1.0000 val_pair=1.0000 21s
 step   18000 loss=0.01964 val_exact=1.0000 val_pw=1.0000 val_pair=1.0000 20s
 step   20000 loss=0.01891 val_exact=1.0000 val_pw=1.0000 val_pair=1.0000 20s
 step   22000 loss=0.01830 val_exact=1.0000 val_pw=1.0000 val_pair=1.0000 20s
 step   24000 loss=0.01766 val_exact=1.0000 val_pw=1.0000 val_pair=1.0000 20s
 step   26000 loss=0.01713 val_exact=1.0000 val_pw=1.0000 val_pair=1.0000 21s
 step   28000 loss=0.01636 val_exact=1.0000 val_pw=1.0000 val_pair=1.0000 21s
 step   30000 loss=0.01554 val_exact=1.0000 val_pw=1.0000 val_pair=1.0000 20s
 step   32000 loss=0.01517 val_exact=1.0000 val_pw=1.0000 val_pair=1.0000 20s
 step   34000 loss=0.01484 val_exact=1.0000 val_pw=1.0000 val_pair=1.0000 20s
 step   36000 loss=0.01458 val_exact=1.0000 val_pw=1.0000 val_pair=1.0000 20s
 step   38000 loss=0.01435 val_exact=1.0000 val_pw=1.0000 val_pair=1.0000 21s
 step   40000 loss=0.01391 val_exact=1.0000 val_pw=1.0000 val_pair=1.0000 20s
 step   42000 loss=0.01359 val_exact=1.0000 val_pw=1.0000 val_pair=1.0000 20s
 step   44000 loss=0.01340 val_exact=1.0000 val_pw=1.0000 val_pair=1.0000 20s
 step   46000 loss=0.01326 val_exact=1.0000 val_pw=1.0000 val_pair=1.0000 21s
 step   48000 loss=0.01312 val_exact=1.0000 val_pw=1.0000 val_pair=1.0000 21s
 step   50000 loss=0.01300 val_exact=1.0000 val_pw=1.0000 val_pair=1.0000 21s
 step   52000 loss=0.01289 val_exact=1.0000 val_pw=1.0000 val_pair=1.0000 21s
 step   54000 loss=0.01277 val_exact=1.0000 val_pw=1.0000 val_pair=1.0000 20s
 step   56000 loss=0.01269 val_exact=1.0000 val_pw=1.0000 val_pair=1.0000 20s
 step   58000 loss=0.01260 val_exact=1.0000 val_pw=1.0000 val_pair=1.0000 21s
 step   60000 loss=0.01178 val_exact=1.0000 val_pw=1.0000 val_pair=1.0000 21s
 step   62000 loss=0.00697 val_exact=1.0000 val_pw=1.0000 val_pair=1.0000 20s
 step   64000 loss=0.00622 val_exact=1.0000 val_pw=1.0000 val_pair=1.0000 20s
 step   66000 loss=0.00593 val_exact=1.0000 val_pw=1.0000 val_pair=1.0000 21s
 step   68000 loss=0.00575 val_exact=1.0000 val_pw=1.0000 val_pair=1.0000 21s
 step   70000 loss=0.00560 val_exact=1.0000 val_pw=1.0000 val_pair=1.0000 20s
 step   72000 loss=0.00548 val_exact=1.0000 val_pw=1.0000 val_pair=1.0000 20s
 step   74000 loss=0.00536 val_exact=0.9950 val_pw=1.0000 val_pair=1.0000 20s
 step   76000 loss=0.00528 val_exact=1.0000 val_pw=1.0000 val_pair=1.0000 21s
 step   78000 loss=0.00521 val_exact=1.0000 val_pw=1.0000 val_pair=1.0000 20s
 step   80000 loss=0.00513 val_exact=1.0000 val_pw=1.0000 val_pair=1.0000 20s
 step   82000 loss=0.00507 val_exact=1.0000 val_pw=1.0000 val_pair=1.0000 20s
 step   84000 loss=0.00502 val_exact=1.0000 val_pw=1.0000 val_pair=1.0000 21s
 step   86000 loss=0.00495 val_exact=1.0000 val_pw=1.0000 val_pair=1.0000 21s
 step   88000 loss=0.00491 val_exact=0.9960 val_pw=0.9999 val_pair=1.0000 20s
 step   90000 loss=0.00489 val_exact=1.0000 val_pw=1.0000 val_pair=1.0000 20s
 step   92000 loss=0.00481 val_exact=1.0000 val_pw=1.0000 val_pair=1.0000 20s
 step   94000 loss=0.00481 val_exact=1.0000 val_pw=1.0000 val_pair=1.0000 20s
 step   96000 loss=0.00475 val_exact=1.0000 val_pw=1.0000 val_pair=1.0000 20s
 step   98000 loss=0.00473 val_exact=1.0000 val_pw=1.0000 val_pair=1.0000 20s
 step  100000 loss=0.00469 val_exact=1.0000 val_pw=1.0000 val_pair=1.0000 21s
 step  102000 loss=0.00466 val_exact=0.9985 val_pw=1.0000 val_pair=1.0000 21s
 step  104000 loss=0.00464 val_exact=1.0000 val_pw=1.0000 val_pair=1.0000 20s
 step  106000 loss=0.00460 val_exact=1.0000 val_pw=1.0000 val_pair=1.0000 20s
 step  108000 loss=0.00458 val_exact=0.9995 val_pw=1.0000 val_pair=1.0000 20s
 step  110000 loss=0.00456 val_exact=1.0000 val_pw=1.0000 val_pair=1.0000 20s
 step  112000 loss=0.00452 val_exact=1.0000 val_pw=1.0000 val_pair=1.0000 20s
 step  114000 loss=0.00451 val_exact=1.0000 val_pw=1.0000 val_pair=1.0000 21s
 step  116000 loss=0.00449 val_exact=1.0000 val_pw=1.0000 val_pair=1.0000 20s
 step  118000 loss=0.00447 val_exact=1.0000 val_pw=1.0000 val_pair=1.0000 20s
 step  120000 loss=0.00444 val_exact=1.0000 val_pw=1.0000 val_pair=1.0000 21s
 step  122000 loss=0.00442 val_exact=1.0000 val_pw=1.0000 val_pair=1.0000 21s
 step  124000 loss=0.00441 val_exact=1.0000 val_pw=1.0000 val_pair=1.0000 21s
 step  126000 loss=0.00438 val_exact=1.0000 val_pw=1.0000 val_pair=1.0000 20s
 step  128000 loss=0.00436 val_exact=1.0000 val_pw=1.0000 val_pair=1.0000 20s
 step  130000 loss=0.00435 val_exact=0.9945 val_pw=0.9999 val_pair=1.0000 20s
 step  132000 loss=0.00433 val_exact=1.0000 val_pw=1.0000 val_pair=1.0000 21s
 step  134000 loss=0.00432 val_exact=1.0000 val_pw=1.0000 val_pair=1.0000 21s
 step  136000 loss=0.00429 val_exact=1.0000 val_pw=1.0000 val_pair=1.0000 20s
 step  138000 loss=0.00428 val_exact=1.0000 val_pw=1.0000 val_pair=1.0000 21s
 step  140000 loss=0.00426 val_exact=1.0000 val_pw=1.0000 val_pair=1.0000 21s
 step  142000 loss=0.00425 val_exact=1.0000 val_pw=1.0000 val_pair=1.0000 21s
 step  144000 loss=0.00424 val_exact=1.0000 val_pw=1.0000 val_pair=1.0000 20s
 step  146000 loss=0.00422 val_exact=1.0000 val_pw=1.0000 val_pair=1.0000 20s
 step  148000 loss=0.00421 val_exact=1.0000 val_pw=1.0000 val_pair=1.0000 20s
 step  150000 loss=0.00419 val_exact=1.0000 val_pw=1.0000 val_pair=1.0000 20s
 step  152000 loss=0.00418 val_exact=1.0000 val_pw=1.0000 val_pair=1.0000 20s
 step  154000 loss=0.00417 val_exact=1.0000 val_pw=1.0000 val_pair=1.0000 20s
 step  156000 loss=0.00415 val_exact=1.0000 val_pw=1.0000 val_pair=1.0000 20s
 step  158000 loss=0.00413 val_exact=0.9990 val_pw=1.0000 val_pair=1.0000 21s
 step  160000 loss=0.00413 val_exact=1.0000 val_pw=1.0000 val_pair=1.0000 20s
 step  162000 loss=0.00412 val_exact=1.0000 val_pw=1.0000 val_pair=1.0000 21s
 step  164000 loss=0.00411 val_exact=1.0000 val_pw=1.0000 val_pair=1.0000 21s
 step  166000 loss=0.00409 val_exact=1.0000 val_pw=1.0000 val_pair=1.0000 21s
 step  168000 loss=0.00409 val_exact=1.0000 val_pw=1.0000 val_pair=1.0000 21s
 step  170000 loss=0.00408 val_exact=1.0000 val_pw=1.0000 val_pair=1.0000 21s
 step  172000 loss=0.00406 val_exact=0.9425 val_pw=0.9987 val_pair=0.9950 20s
 step  174000 loss=0.00405 val_exact=1.0000 val_pw=1.0000 val_pair=1.0000 20s
 step  176000 loss=0.00404 val_exact=1.0000 val_pw=1.0000 val_pair=1.0000 21s
 step  178000 loss=0.00403 val_exact=1.0000 val_pw=1.0000 val_pair=1.0000 21s
 step  180000 loss=0.00402 val_exact=1.0000 val_pw=1.0000 val_pair=1.0000 21s
 step  182000 loss=0.00399 val_exact=0.9195 val_pw=0.9996 val_pair=0.9835 20s
 step  184000 loss=0.00307 val_exact=0.0060 val_pw=0.9200 val_pair=0.1810 20s
 step  186000 loss=0.00281 val_exact=0.0290 val_pw=0.9262 val_pair=0.2660 21s
 step  188000 loss=0.00274 val_exact=0.0470 val_pw=0.9542 val_pair=0.3525 21s
 step  190000 loss=0.00269 val_exact=0.0345 val_pw=0.8875 val_pair=0.2130 20s
 step  192000 loss=0.00265 val_exact=0.0060 val_pw=0.8907 val_pair=0.1480 20s
 step  194000 loss=0.00262 val_exact=0.0005 val_pw=0.8433 val_pair=0.0785 20s
 step  196000 loss=0.00260 val_exact=0.0005 val_pw=0.8971 val_pair=0.1175 21s
 step  198000 loss=0.00258 val_exact=0.0000 val_pw=0.8423 val_pair=0.0270 20s
 step  200000 loss=0.00256 val_exact=0.0145 val_pw=0.8470 val_pair=0.1265 20s
 step  202000 loss=0.00255 val_exact=0.0000 val_pw=0.7544 val_pair=0.0200 20s
 step  204000 loss=0.00252 val_exact=0.0005 val_pw=0.8213 val_pair=0.0465 20s
 step  206000 loss=0.00251 val_exact=0.0090 val_pw=0.8345 val_pair=0.1095 21s
 step  208000 loss=0.00250 val_exact=0.0775 val_pw=0.9461 val_pair=0.4650 21s
 step  210000 loss=0.00249 val_exact=0.0005 val_pw=0.9181 val_pair=0.1865 21s
 step  212000 loss=0.00247 val_exact=0.0030 val_pw=0.8849 val_pair=0.1365 20s
 step  214000 loss=0.00246 val_exact=0.0010 val_pw=0.8967 val_pair=0.1415 20s
 step  216000 loss=0.00245 val_exact=0.0095 val_pw=0.8643 val_pair=0.1850 20s
 step  218000 loss=0.00244 val_exact=0.0005 val_pw=0.7695 val_pair=0.0285 20s
 step  220000 loss=0.00243 val_exact=0.0000 val_pw=0.7684 val_pair=0.0100 21s
 step  222000 loss=0.00242 val_exact=0.0000 val_pw=0.7859 val_pair=0.0170 21s
 step  224000 loss=0.00241 val_exact=0.0000 val_pw=0.7604 val_pair=0.0250 21s
 step  226000 loss=0.00240 val_exact=0.0000 val_pw=0.8019 val_pair=0.0180 20s
 step  228000 loss=0.00240 val_exact=0.0000 val_pw=0.7314 val_pair=0.0110 21s
 step  230000 loss=0.00238 val_exact=0.0000 val_pw=0.7401 val_pair=0.0025 21s
 step  232000 loss=0.00237 val_exact=0.0075 val_pw=0.8316 val_pair=0.1280 21s
 step  234000 loss=0.00237 val_exact=0.0000 val_pw=0.7407 val_pair=0.0085 20s
 step  236000 loss=0.00236 val_exact=0.0000 val_pw=0.7482 val_pair=0.0040 20s
 step  238000 loss=0.00235 val_exact=0.0000 val_pw=0.7185 val_pair=0.0070 21s
 step  240000 loss=0.00235 val_exact=0.0000 val_pw=0.7534 val_pair=0.0035 20s
 step  242000 loss=0.00234 val_exact=0.0000 val_pw=0.7145 val_pair=0.0135 20s
 step  244000 loss=0.00234 val_exact=0.0000 val_pw=0.7470 val_pair=0.0070 21s
 step  246000 loss=0.00233 val_exact=0.0000 val_pw=0.7164 val_pair=0.0025 21s
 step  248000 loss=0.00233 val_exact=0.0000 val_pw=0.7006 val_pair=0.0045 21s
 step  250000 loss=0.00232 val_exact=0.0000 val_pw=0.7343 val_pair=0.0005 20s
 step  252000 loss=0.00231 val_exact=0.0000 val_pw=0.7315 val_pair=0.0025 21s
 step  254000 loss=0.00231 val_exact=0.0000 val_pw=0.7381 val_pair=0.0020 21s
 step  256000 loss=0.00231 val_exact=0.0000 val_pw=0.7244 val_pair=0.0010 21s
 step  258000 loss=0.00230 val_exact=0.0000 val_pw=0.6861 val_pair=0.0115 20s
 step  260000 loss=0.00230 val_exact=0.0000 val_pw=0.6861 val_pair=0.0085 20s
 step  262000 loss=0.00229 val_exact=0.0000 val_pw=0.7310 val_pair=0.0010 20s
 step  264000 loss=0.00229 val_exact=0.0000 val_pw=0.6703 val_pair=0.0160 21s
 step  266000 loss=0.00228 val_exact=0.0000 val_pw=0.6805 val_pair=0.0040 21s
 step  268000 loss=0.00228 val_exact=0.0000 val_pw=0.6740 val_pair=0.0055 20s
 step  270000 loss=0.00228 val_exact=0.0000 val_pw=0.7040 val_pair=0.0030 20s
 step  272000 loss=0.00228 val_exact=0.0000 val_pw=0.7256 val_pair=0.0015 21s
 step  274000 loss=0.00227 val_exact=0.0000 val_pw=0.7243 val_pair=0.0005 20s
 step  276000 loss=0.00227 val_exact=0.0000 val_pw=0.6878 val_pair=0.0025 20s
 step  278000 loss=0.00227 val_exact=0.0000 val_pw=0.6894 val_pair=0.0075 21s
 step  280000 loss=0.00227 val_exact=0.0000 val_pw=0.6545 val_pair=0.0115 20s
 step  282000 loss=0.00227 val_exact=0.0000 val_pw=0.6900 val_pair=0.0055 20s
 step  284000 loss=0.00227 val_exact=0.0000 val_pw=0.7073 val_pair=0.0010 20s
 step  286000 loss=0.00226 val_exact=0.0000 val_pw=0.6878 val_pair=0.0050 20s
 step  288000 loss=0.00226 val_exact=0.0000 val_pw=0.7332 val_pair=0.0005 20s
 step  290000 loss=0.00226 val_exact=0.0000 val_pw=0.6838 val_pair=0.0045 20s
 step  292000 loss=0.00226 val_exact=0.0000 val_pw=0.6969 val_pair=0.0030 21s
 step  294000 loss=0.00226 val_exact=0.0000 val_pw=0.6962 val_pair=0.0030 21s
 step  296000 loss=0.00226 val_exact=0.0000 val_pw=0.6822 val_pair=0.0040 20s
 step  298000 loss=0.00226 val_exact=0.0000 val_pw=0.7279 val_pair=0.0000 20s
 step  300000 loss=0.00226 val_exact=0.0000 val_pw=0.7020 val_pair=0.0025 21s
done. steps_to={'pair_0.9': 2000, 'pair_0.99': 2000, 'pair_0.999': 2000, 'exact_0.9': 2000, 'exact_0.99': 2000, 'exact_0.999': 2000}  best exact=1.0000  -> runs/report6/multipath_train/n40_k2_ell5_clean_roberta_linear_seed4000
