task 37 -> n=64 k=2 ell=7 trunc=0 seed=2000
== n64_k2_ell7_clean_roberta_linear_seed2000 ==
 device=cuda arch=roberta readout=linear n=64 k=2 ell=7 trunc_frac=0.0 params=6,371,904
 step    2000 loss=0.61837 val_exact=0.0000 val_pw=0.7521 val_pair=0.0000 32s
 step    4000 loss=0.46609 val_exact=0.0000 val_pw=0.8186 val_pair=0.3875 31s
 step    6000 loss=0.36415 val_exact=0.0000 val_pw=0.9618 val_pair=1.0000 31s
 step    8000 loss=0.32106 val_exact=0.0000 val_pw=0.9729 val_pair=1.0000 31s
 step   10000 loss=0.29488 val_exact=0.0000 val_pw=0.9824 val_pair=1.0000 31s
 step   12000 loss=0.27718 val_exact=0.0000 val_pw=0.9849 val_pair=1.0000 31s
 step   14000 loss=0.26195 val_exact=0.0000 val_pw=0.9877 val_pair=1.0000 32s
 step   16000 loss=0.24816 val_exact=0.0000 val_pw=0.9907 val_pair=1.0000 31s
 step   18000 loss=0.23649 val_exact=0.0000 val_pw=0.9922 val_pair=1.0000 32s
 step   20000 loss=0.22752 val_exact=0.0000 val_pw=0.9939 val_pair=1.0000 31s
 step   22000 loss=0.22118 val_exact=0.0000 val_pw=0.9901 val_pair=1.0000 32s
 step   24000 loss=0.21551 val_exact=0.0000 val_pw=0.9937 val_pair=1.0000 31s
 step   26000 loss=0.21153 val_exact=0.0000 val_pw=0.9927 val_pair=1.0000 31s
 step   28000 loss=0.20797 val_exact=0.0000 val_pw=0.9930 val_pair=0.9970 31s
 step   30000 loss=0.20403 val_exact=0.0000 val_pw=0.9914 val_pair=0.9995 32s
 step   32000 loss=0.20108 val_exact=0.0000 val_pw=0.9930 val_pair=1.0000 32s
 step   34000 loss=0.19881 val_exact=0.0000 val_pw=0.9934 val_pair=0.9985 32s
 step   36000 loss=0.19584 val_exact=0.0000 val_pw=0.9911 val_pair=1.0000 32s
 step   38000 loss=0.19296 val_exact=0.0000 val_pw=0.9895 val_pair=1.0000 32s
 step   40000 loss=0.19051 val_exact=0.0000 val_pw=0.9938 val_pair=0.9995 31s
 step   42000 loss=0.18881 val_exact=0.0000 val_pw=0.9924 val_pair=1.0000 31s
 step   44000 loss=0.18498 val_exact=0.0000 val_pw=0.9945 val_pair=1.0000 31s
 step   46000 loss=0.18194 val_exact=0.0000 val_pw=0.9946 val_pair=1.0000 31s
 step   48000 loss=0.18001 val_exact=0.0000 val_pw=0.9939 val_pair=1.0000 32s
 step   50000 loss=0.17731 val_exact=0.0000 val_pw=0.9943 val_pair=1.0000 31s
 step   52000 loss=0.17472 val_exact=0.0030 val_pw=0.9960 val_pair=1.0000 31s
 step   54000 loss=0.17116 val_exact=0.0000 val_pw=0.9943 val_pair=1.0000 31s
 step   56000 loss=0.16956 val_exact=0.0020 val_pw=0.9962 val_pair=1.0000 31s
 step   58000 loss=0.16728 val_exact=0.0005 val_pw=0.9941 val_pair=1.0000 31s
 step   60000 loss=0.16472 val_exact=0.0280 val_pw=0.9978 val_pair=1.0000 32s
 step   62000 loss=0.16323 val_exact=0.0200 val_pw=0.9970 val_pair=1.0000 32s
 step   64000 loss=0.16037 val_exact=0.0110 val_pw=0.9971 val_pair=1.0000 32s
 step   66000 loss=0.15828 val_exact=0.0610 val_pw=0.9980 val_pair=1.0000 32s
 step   68000 loss=0.15666 val_exact=0.1115 val_pw=0.9985 val_pair=1.0000 32s
 step   70000 loss=0.15502 val_exact=0.3010 val_pw=0.9993 val_pair=1.0000 31s
 step   72000 loss=0.15325 val_exact=0.2670 val_pw=0.9991 val_pair=1.0000 31s
 step   74000 loss=0.15083 val_exact=0.5185 val_pw=0.9996 val_pair=1.0000 31s
 step   76000 loss=0.14974 val_exact=0.3565 val_pw=0.9993 val_pair=1.0000 31s
 step   78000 loss=0.14868 val_exact=0.5310 val_pw=0.9997 val_pair=1.0000 31s
 step   80000 loss=0.14571 val_exact=0.7430 val_pw=0.9998 val_pair=1.0000 32s
 step   82000 loss=0.14635 val_exact=0.8425 val_pw=0.9999 val_pair=1.0000 31s
 step   84000 loss=0.14412 val_exact=0.8170 val_pw=0.9999 val_pair=1.0000 31s
 step   86000 loss=0.14276 val_exact=0.9015 val_pw=1.0000 val_pair=1.0000 31s
 step   88000 loss=0.14039 val_exact=0.9480 val_pw=1.0000 val_pair=1.0000 31s
 step   90000 loss=0.13979 val_exact=0.9605 val_pw=1.0000 val_pair=1.0000 32s
 step   92000 loss=0.13830 val_exact=0.9790 val_pw=1.0000 val_pair=1.0000 31s
 step   94000 loss=0.13706 val_exact=0.8355 val_pw=0.9999 val_pair=1.0000 31s
 step   96000 loss=0.13703 val_exact=0.9210 val_pw=1.0000 val_pair=1.0000 31s
 step   98000 loss=0.13434 val_exact=0.9940 val_pw=1.0000 val_pair=1.0000 31s
 step  100000 loss=0.13359 val_exact=0.9635 val_pw=1.0000 val_pair=1.0000 32s
 step  102000 loss=0.13353 val_exact=0.9755 val_pw=1.0000 val_pair=1.0000 31s
 step  104000 loss=0.13251 val_exact=0.9995 val_pw=1.0000 val_pair=1.0000 32s
 step  106000 loss=0.13021 val_exact=1.0000 val_pw=1.0000 val_pair=1.0000 32s
 step  108000 loss=0.13009 val_exact=0.9995 val_pw=1.0000 val_pair=1.0000 31s
 step  110000 loss=0.12944 val_exact=0.9995 val_pw=1.0000 val_pair=1.0000 31s
 step  112000 loss=0.12790 val_exact=1.0000 val_pw=1.0000 val_pair=1.0000 31s
 step  114000 loss=0.12701 val_exact=0.9930 val_pw=1.0000 val_pair=1.0000 32s
 step  116000 loss=0.12668 val_exact=0.9955 val_pw=1.0000 val_pair=1.0000 32s
 step  118000 loss=0.12634 val_exact=0.9985 val_pw=1.0000 val_pair=1.0000 31s
 step  120000 loss=0.12559 val_exact=1.0000 val_pw=1.0000 val_pair=1.0000 32s
 step  122000 loss=0.12426 val_exact=1.0000 val_pw=1.0000 val_pair=1.0000 32s
 step  124000 loss=0.12376 val_exact=1.0000 val_pw=1.0000 val_pair=1.0000 32s
 step  126000 loss=0.12304 val_exact=1.0000 val_pw=1.0000 val_pair=1.0000 31s
 step  128000 loss=0.12190 val_exact=1.0000 val_pw=1.0000 val_pair=1.0000 32s
 step  130000 loss=0.12137 val_exact=1.0000 val_pw=1.0000 val_pair=1.0000 32s
 step  132000 loss=0.12067 val_exact=1.0000 val_pw=1.0000 val_pair=1.0000 32s
 step  134000 loss=0.11949 val_exact=1.0000 val_pw=1.0000 val_pair=1.0000 32s
 step  136000 loss=0.11892 val_exact=1.0000 val_pw=1.0000 val_pair=1.0000 32s
 step  138000 loss=0.11972 val_exact=1.0000 val_pw=1.0000 val_pair=1.0000 32s
 step  140000 loss=0.11789 val_exact=1.0000 val_pw=1.0000 val_pair=1.0000 31s
 step  142000 loss=0.11752 val_exact=1.0000 val_pw=1.0000 val_pair=1.0000 31s
 step  144000 loss=0.11657 val_exact=1.0000 val_pw=1.0000 val_pair=1.0000 31s
 step  146000 loss=0.11617 val_exact=1.0000 val_pw=1.0000 val_pair=1.0000 32s
 step  148000 loss=0.11653 val_exact=1.0000 val_pw=1.0000 val_pair=1.0000 32s
 step  150000 loss=0.11523 val_exact=1.0000 val_pw=1.0000 val_pair=1.0000 31s
 step  152000 loss=0.11479 val_exact=0.9995 val_pw=1.0000 val_pair=1.0000 31s
 step  154000 loss=0.11448 val_exact=1.0000 val_pw=1.0000 val_pair=1.0000 32s
 step  156000 loss=0.11335 val_exact=1.0000 val_pw=1.0000 val_pair=1.0000 31s
 step  158000 loss=0.11351 val_exact=1.0000 val_pw=1.0000 val_pair=1.0000 32s
 step  160000 loss=0.11272 val_exact=1.0000 val_pw=1.0000 val_pair=1.0000 32s
 step  162000 loss=0.11228 val_exact=1.0000 val_pw=1.0000 val_pair=1.0000 31s
 step  164000 loss=0.11216 val_exact=1.0000 val_pw=1.0000 val_pair=1.0000 31s
 step  166000 loss=0.11180 val_exact=1.0000 val_pw=1.0000 val_pair=1.0000 31s
 step  168000 loss=0.11109 val_exact=1.0000 val_pw=1.0000 val_pair=1.0000 32s
 step  170000 loss=0.11049 val_exact=1.0000 val_pw=1.0000 val_pair=1.0000 32s
 step  172000 loss=0.10989 val_exact=1.0000 val_pw=1.0000 val_pair=1.0000 32s
 step  174000 loss=0.10951 val_exact=1.0000 val_pw=1.0000 val_pair=1.0000 32s
 step  176000 loss=0.10916 val_exact=1.0000 val_pw=1.0000 val_pair=1.0000 32s
 step  178000 loss=0.10886 val_exact=1.0000 val_pw=1.0000 val_pair=1.0000 31s
 step  180000 loss=0.10886 val_exact=1.0000 val_pw=1.0000 val_pair=1.0000 31s
 step  182000 loss=0.10823 val_exact=1.0000 val_pw=1.0000 val_pair=1.0000 31s
 step  184000 loss=0.10786 val_exact=1.0000 val_pw=1.0000 val_pair=1.0000 31s
 step  186000 loss=0.10760 val_exact=1.0000 val_pw=1.0000 val_pair=1.0000 31s
 step  188000 loss=0.10743 val_exact=1.0000 val_pw=1.0000 val_pair=1.0000 32s
 step  190000 loss=0.10686 val_exact=1.0000 val_pw=1.0000 val_pair=1.0000 31s
 step  192000 loss=0.10640 val_exact=1.0000 val_pw=1.0000 val_pair=1.0000 32s
 step  194000 loss=0.10611 val_exact=1.0000 val_pw=1.0000 val_pair=1.0000 31s
 step  196000 loss=0.10589 val_exact=1.0000 val_pw=1.0000 val_pair=1.0000 32s
 step  198000 loss=0.10553 val_exact=1.0000 val_pw=1.0000 val_pair=1.0000 32s
 step  200000 loss=0.10526 val_exact=1.0000 val_pw=1.0000 val_pair=1.0000 31s
 step  202000 loss=0.10503 val_exact=1.0000 val_pw=1.0000 val_pair=1.0000 31s
 step  204000 loss=0.10467 val_exact=1.0000 val_pw=1.0000 val_pair=1.0000 31s
 step  206000 loss=0.10455 val_exact=1.0000 val_pw=1.0000 val_pair=1.0000 31s
 step  208000 loss=0.10425 val_exact=1.0000 val_pw=1.0000 val_pair=1.0000 31s
 step  210000 loss=0.10387 val_exact=1.0000 val_pw=1.0000 val_pair=1.0000 31s
 step  212000 loss=0.10384 val_exact=1.0000 val_pw=1.0000 val_pair=1.0000 32s
 step  214000 loss=0.10364 val_exact=1.0000 val_pw=1.0000 val_pair=1.0000 31s
 step  216000 loss=0.10322 val_exact=1.0000 val_pw=1.0000 val_pair=1.0000 31s
 step  218000 loss=0.10306 val_exact=1.0000 val_pw=1.0000 val_pair=1.0000 32s
 step  220000 loss=0.10288 val_exact=1.0000 val_pw=1.0000 val_pair=1.0000 32s
 step  222000 loss=0.10261 val_exact=1.0000 val_pw=1.0000 val_pair=1.0000 32s
 step  224000 loss=0.10239 val_exact=1.0000 val_pw=1.0000 val_pair=1.0000 32s
 step  226000 loss=0.10229 val_exact=1.0000 val_pw=1.0000 val_pair=1.0000 32s
 step  228000 loss=0.10206 val_exact=1.0000 val_pw=1.0000 val_pair=1.0000 31s
 step  230000 loss=0.10179 val_exact=1.0000 val_pw=1.0000 val_pair=1.0000 31s
 step  232000 loss=0.10157 val_exact=1.0000 val_pw=1.0000 val_pair=1.0000 31s
 step  234000 loss=0.10148 val_exact=1.0000 val_pw=1.0000 val_pair=1.0000 32s
 step  236000 loss=0.10129 val_exact=1.0000 val_pw=1.0000 val_pair=1.0000 32s
 step  238000 loss=0.10122 val_exact=1.0000 val_pw=1.0000 val_pair=1.0000 32s
 step  240000 loss=0.10107 val_exact=1.0000 val_pw=1.0000 val_pair=1.0000 31s
 step  242000 loss=0.10074 val_exact=1.0000 val_pw=1.0000 val_pair=1.0000 31s
 step  244000 loss=0.10075 val_exact=1.0000 val_pw=1.0000 val_pair=1.0000 32s
 step  246000 loss=0.10069 val_exact=1.0000 val_pw=1.0000 val_pair=1.0000 31s
 step  248000 loss=0.10048 val_exact=1.0000 val_pw=1.0000 val_pair=1.0000 32s
 step  250000 loss=0.10044 val_exact=1.0000 val_pw=1.0000 val_pair=1.0000 31s
 step  252000 loss=0.10036 val_exact=1.0000 val_pw=1.0000 val_pair=1.0000 31s
 step  254000 loss=0.10022 val_exact=1.0000 val_pw=1.0000 val_pair=1.0000 31s
 step  256000 loss=0.10016 val_exact=1.0000 val_pw=1.0000 val_pair=1.0000 31s
 step  258000 loss=0.09989 val_exact=1.0000 val_pw=1.0000 val_pair=1.0000 32s
 step  260000 loss=0.09990 val_exact=1.0000 val_pw=1.0000 val_pair=1.0000 32s
 step  262000 loss=0.09978 val_exact=1.0000 val_pw=1.0000 val_pair=1.0000 32s
 step  264000 loss=0.09966 val_exact=1.0000 val_pw=1.0000 val_pair=1.0000 31s
 step  266000 loss=0.09968 val_exact=1.0000 val_pw=1.0000 val_pair=1.0000 31s
 step  268000 loss=0.09954 val_exact=1.0000 val_pw=1.0000 val_pair=1.0000 31s
 step  270000 loss=0.09945 val_exact=1.0000 val_pw=1.0000 val_pair=1.0000 31s
 step  272000 loss=0.09945 val_exact=1.0000 val_pw=1.0000 val_pair=1.0000 32s
 step  274000 loss=0.09941 val_exact=1.0000 val_pw=1.0000 val_pair=1.0000 32s
 step  276000 loss=0.09939 val_exact=1.0000 val_pw=1.0000 val_pair=1.0000 31s
 step  278000 loss=0.09934 val_exact=1.0000 val_pw=1.0000 val_pair=1.0000 32s
 step  280000 loss=0.09928 val_exact=1.0000 val_pw=1.0000 val_pair=1.0000 32s
 step  282000 loss=0.09926 val_exact=1.0000 val_pw=1.0000 val_pair=1.0000 31s
 step  284000 loss=0.09925 val_exact=1.0000 val_pw=1.0000 val_pair=1.0000 32s
 step  286000 loss=0.09918 val_exact=1.0000 val_pw=1.0000 val_pair=1.0000 31s
 step  288000 loss=0.09911 val_exact=1.0000 val_pw=1.0000 val_pair=1.0000 32s
 step  290000 loss=0.09913 val_exact=1.0000 val_pw=1.0000 val_pair=1.0000 32s
 step  292000 loss=0.09914 val_exact=1.0000 val_pw=1.0000 val_pair=1.0000 32s
 step  294000 loss=0.09907 val_exact=1.0000 val_pw=1.0000 val_pair=1.0000 32s
 step  296000 loss=0.09905 val_exact=1.0000 val_pw=1.0000 val_pair=1.0000 32s
 step  298000 loss=0.09903 val_exact=1.0000 val_pw=1.0000 val_pair=1.0000 31s
 step  300000 loss=0.09896 val_exact=1.0000 val_pw=1.0000 val_pair=1.0000 31s
done. steps_to={'pair_0.9': 6000, 'pair_0.99': 6000, 'pair_0.999': 6000, 'exact_0.9': 86000, 'exact_0.99': 98000, 'exact_0.999': 104000}  best exact=1.0000  -> runs/report6/multipath_train/n64_k2_ell7_clean_roberta_linear_seed2000
