task 36 -> n=64 k=2 ell=7 trunc=0 seed=1000
== n64_k2_ell7_clean_roberta_linear_seed1000 ==
 device=cuda arch=roberta readout=linear n=64 k=2 ell=7 trunc_frac=0.0 params=6,371,904
 step    2000 loss=0.61584 val_exact=0.0000 val_pw=0.7959 val_pair=0.0000 33s
 step    4000 loss=0.45207 val_exact=0.0000 val_pw=0.9357 val_pair=0.8945 32s
 step    6000 loss=0.35935 val_exact=0.0000 val_pw=0.9585 val_pair=1.0000 32s
 step    8000 loss=0.31694 val_exact=0.0000 val_pw=0.9766 val_pair=1.0000 32s
 step   10000 loss=0.29124 val_exact=0.0000 val_pw=0.9844 val_pair=1.0000 32s
 step   12000 loss=0.27234 val_exact=0.0000 val_pw=0.9758 val_pair=1.0000 32s
 step   14000 loss=0.25728 val_exact=0.0000 val_pw=0.9885 val_pair=1.0000 31s
 step   16000 loss=0.24301 val_exact=0.0000 val_pw=0.9898 val_pair=1.0000 31s
 step   18000 loss=0.23284 val_exact=0.0000 val_pw=0.9886 val_pair=0.9990 32s
 step   20000 loss=0.22506 val_exact=0.0000 val_pw=0.9881 val_pair=1.0000 32s
 step   22000 loss=0.22003 val_exact=0.0000 val_pw=0.9917 val_pair=1.0000 32s
 step   24000 loss=0.21514 val_exact=0.0000 val_pw=0.9912 val_pair=1.0000 32s
 step   26000 loss=0.21103 val_exact=0.0000 val_pw=0.9868 val_pair=1.0000 32s
 step   28000 loss=0.20734 val_exact=0.0000 val_pw=0.9883 val_pair=0.9995 32s
 step   30000 loss=0.20377 val_exact=0.0000 val_pw=0.9896 val_pair=1.0000 32s
 step   32000 loss=0.20029 val_exact=0.0000 val_pw=0.9908 val_pair=1.0000 32s
 step   34000 loss=0.19879 val_exact=0.0000 val_pw=0.9908 val_pair=1.0000 32s
 step   36000 loss=0.19480 val_exact=0.0000 val_pw=0.9934 val_pair=0.9995 32s
 step   38000 loss=0.19107 val_exact=0.0000 val_pw=0.9895 val_pair=1.0000 32s
 step   40000 loss=0.18902 val_exact=0.0000 val_pw=0.9938 val_pair=1.0000 32s
 step   42000 loss=0.18651 val_exact=0.0000 val_pw=0.9927 val_pair=1.0000 32s
 step   44000 loss=0.18418 val_exact=0.0000 val_pw=0.9920 val_pair=1.0000 32s
 step   46000 loss=0.18162 val_exact=0.0000 val_pw=0.9943 val_pair=1.0000 32s
 step   48000 loss=0.17843 val_exact=0.0000 val_pw=0.9931 val_pair=1.0000 32s
 step   50000 loss=0.17518 val_exact=0.0000 val_pw=0.9939 val_pair=1.0000 32s
 step   52000 loss=0.17365 val_exact=0.0000 val_pw=0.9937 val_pair=1.0000 32s
 step   54000 loss=0.17062 val_exact=0.0000 val_pw=0.9943 val_pair=1.0000 32s
 step   56000 loss=0.16741 val_exact=0.0015 val_pw=0.9959 val_pair=1.0000 32s
 step   58000 loss=0.16491 val_exact=0.0130 val_pw=0.9969 val_pair=1.0000 32s
 step   60000 loss=0.16284 val_exact=0.0065 val_pw=0.9974 val_pair=1.0000 32s
 step   62000 loss=0.16087 val_exact=0.0050 val_pw=0.9964 val_pair=1.0000 32s
 step   64000 loss=0.15836 val_exact=0.1145 val_pw=0.9989 val_pair=1.0000 32s
 step   66000 loss=0.15706 val_exact=0.1545 val_pw=0.9986 val_pair=1.0000 32s
 step   68000 loss=0.15472 val_exact=0.4015 val_pw=0.9994 val_pair=1.0000 32s
 step   70000 loss=0.15433 val_exact=0.5595 val_pw=0.9997 val_pair=1.0000 32s
 step   72000 loss=0.15048 val_exact=0.6025 val_pw=0.9997 val_pair=1.0000 32s
 step   74000 loss=0.15011 val_exact=0.6770 val_pw=0.9999 val_pair=1.0000 32s
 step   76000 loss=0.14758 val_exact=0.7205 val_pw=0.9998 val_pair=1.0000 32s
 step   78000 loss=0.14682 val_exact=0.8405 val_pw=0.9999 val_pair=1.0000 32s
 step   80000 loss=0.14547 val_exact=0.9405 val_pw=1.0000 val_pair=1.0000 32s
 step   82000 loss=0.14364 val_exact=0.9530 val_pw=1.0000 val_pair=1.0000 32s
 step   84000 loss=0.14143 val_exact=0.9985 val_pw=1.0000 val_pair=1.0000 32s
 step   86000 loss=0.14023 val_exact=0.9885 val_pw=1.0000 val_pair=1.0000 32s
 step   88000 loss=0.14114 val_exact=0.9920 val_pw=1.0000 val_pair=1.0000 32s
 step   90000 loss=0.13808 val_exact=0.8650 val_pw=0.9999 val_pair=1.0000 32s
 step   92000 loss=0.13790 val_exact=0.9850 val_pw=1.0000 val_pair=1.0000 32s
 step   94000 loss=0.13527 val_exact=0.9770 val_pw=1.0000 val_pair=1.0000 32s
 step   96000 loss=0.13562 val_exact=0.9770 val_pw=1.0000 val_pair=1.0000 32s
 step   98000 loss=0.13353 val_exact=0.9890 val_pw=1.0000 val_pair=1.0000 32s
 step  100000 loss=0.13257 val_exact=1.0000 val_pw=1.0000 val_pair=1.0000 32s
 step  102000 loss=0.13258 val_exact=0.9970 val_pw=1.0000 val_pair=1.0000 32s
 step  104000 loss=0.13049 val_exact=0.9995 val_pw=1.0000 val_pair=1.0000 32s
 step  106000 loss=0.13007 val_exact=1.0000 val_pw=1.0000 val_pair=1.0000 32s
 step  108000 loss=0.12859 val_exact=0.9995 val_pw=1.0000 val_pair=1.0000 32s
 step  110000 loss=0.12871 val_exact=0.9975 val_pw=1.0000 val_pair=1.0000 32s
 step  112000 loss=0.12714 val_exact=0.9965 val_pw=1.0000 val_pair=1.0000 32s
 step  114000 loss=0.12512 val_exact=0.9940 val_pw=1.0000 val_pair=1.0000 32s
 step  116000 loss=0.12658 val_exact=1.0000 val_pw=1.0000 val_pair=1.0000 32s
 step  118000 loss=0.12610 val_exact=1.0000 val_pw=1.0000 val_pair=1.0000 32s
 step  120000 loss=0.12331 val_exact=1.0000 val_pw=1.0000 val_pair=1.0000 32s
 step  122000 loss=0.12360 val_exact=1.0000 val_pw=1.0000 val_pair=1.0000 32s
 step  124000 loss=0.12272 val_exact=1.0000 val_pw=1.0000 val_pair=1.0000 32s
 step  126000 loss=0.12169 val_exact=1.0000 val_pw=1.0000 val_pair=1.0000 32s
 step  128000 loss=0.12125 val_exact=1.0000 val_pw=1.0000 val_pair=1.0000 32s
 step  130000 loss=0.12041 val_exact=1.0000 val_pw=1.0000 val_pair=1.0000 32s
 step  132000 loss=0.11967 val_exact=1.0000 val_pw=1.0000 val_pair=1.0000 32s
 step  134000 loss=0.11954 val_exact=1.0000 val_pw=1.0000 val_pair=1.0000 32s
 step  136000 loss=0.11858 val_exact=1.0000 val_pw=1.0000 val_pair=1.0000 32s
 step  138000 loss=0.11780 val_exact=1.0000 val_pw=1.0000 val_pair=1.0000 32s
 step  140000 loss=0.11731 val_exact=1.0000 val_pw=1.0000 val_pair=1.0000 32s
 step  142000 loss=0.11642 val_exact=1.0000 val_pw=1.0000 val_pair=1.0000 32s
 step  144000 loss=0.11636 val_exact=1.0000 val_pw=1.0000 val_pair=1.0000 32s
 step  146000 loss=0.11613 val_exact=1.0000 val_pw=1.0000 val_pair=1.0000 32s
 step  148000 loss=0.11483 val_exact=1.0000 val_pw=1.0000 val_pair=1.0000 32s
 step  150000 loss=0.11444 val_exact=1.0000 val_pw=1.0000 val_pair=1.0000 32s
 step  152000 loss=0.11378 val_exact=1.0000 val_pw=1.0000 val_pair=1.0000 32s
 step  154000 loss=0.11342 val_exact=1.0000 val_pw=1.0000 val_pair=1.0000 32s
 step  156000 loss=0.11313 val_exact=1.0000 val_pw=1.0000 val_pair=1.0000 32s
 step  158000 loss=0.11248 val_exact=1.0000 val_pw=1.0000 val_pair=1.0000 32s
 step  160000 loss=0.11181 val_exact=1.0000 val_pw=1.0000 val_pair=1.0000 32s
 step  162000 loss=0.11115 val_exact=1.0000 val_pw=1.0000 val_pair=1.0000 32s
 step  164000 loss=0.11062 val_exact=1.0000 val_pw=1.0000 val_pair=1.0000 32s
 step  166000 loss=0.11005 val_exact=1.0000 val_pw=1.0000 val_pair=1.0000 32s
 step  168000 loss=0.10975 val_exact=1.0000 val_pw=1.0000 val_pair=1.0000 32s
 step  170000 loss=0.10976 val_exact=1.0000 val_pw=1.0000 val_pair=1.0000 32s
 step  172000 loss=0.10965 val_exact=1.0000 val_pw=1.0000 val_pair=1.0000 32s
 step  174000 loss=0.10870 val_exact=1.0000 val_pw=1.0000 val_pair=1.0000 32s
 step  176000 loss=0.10853 val_exact=1.0000 val_pw=1.0000 val_pair=1.0000 32s
 step  178000 loss=0.10807 val_exact=1.0000 val_pw=1.0000 val_pair=1.0000 32s
 step  180000 loss=0.10779 val_exact=1.0000 val_pw=1.0000 val_pair=1.0000 32s
 step  182000 loss=0.10749 val_exact=1.0000 val_pw=1.0000 val_pair=1.0000 32s
 step  184000 loss=0.10694 val_exact=1.0000 val_pw=1.0000 val_pair=1.0000 32s
 step  186000 loss=0.10639 val_exact=1.0000 val_pw=1.0000 val_pair=1.0000 32s
 step  188000 loss=0.10629 val_exact=1.0000 val_pw=1.0000 val_pair=1.0000 32s
 step  190000 loss=0.10583 val_exact=1.0000 val_pw=1.0000 val_pair=1.0000 32s
 step  192000 loss=0.10543 val_exact=1.0000 val_pw=1.0000 val_pair=1.0000 32s
 step  194000 loss=0.10545 val_exact=1.0000 val_pw=1.0000 val_pair=1.0000 32s
 step  196000 loss=0.10514 val_exact=1.0000 val_pw=1.0000 val_pair=1.0000 32s
 step  198000 loss=0.10496 val_exact=1.0000 val_pw=1.0000 val_pair=1.0000 31s
 step  200000 loss=0.10430 val_exact=1.0000 val_pw=1.0000 val_pair=1.0000 32s
 step  202000 loss=0.10396 val_exact=1.0000 val_pw=1.0000 val_pair=1.0000 32s
 step  204000 loss=0.10382 val_exact=1.0000 val_pw=1.0000 val_pair=1.0000 32s
 step  206000 loss=0.10354 val_exact=1.0000 val_pw=1.0000 val_pair=1.0000 32s
 step  208000 loss=0.10335 val_exact=1.0000 val_pw=1.0000 val_pair=1.0000 32s
 step  210000 loss=0.10332 val_exact=1.0000 val_pw=1.0000 val_pair=1.0000 32s
 step  212000 loss=0.10298 val_exact=1.0000 val_pw=1.0000 val_pair=1.0000 32s
 step  214000 loss=0.10271 val_exact=1.0000 val_pw=1.0000 val_pair=1.0000 32s
 step  216000 loss=0.10245 val_exact=1.0000 val_pw=1.0000 val_pair=1.0000 32s
 step  218000 loss=0.10229 val_exact=1.0000 val_pw=1.0000 val_pair=1.0000 32s
 step  220000 loss=0.10201 val_exact=1.0000 val_pw=1.0000 val_pair=1.0000 32s
 step  222000 loss=0.10183 val_exact=1.0000 val_pw=1.0000 val_pair=1.0000 32s
 step  224000 loss=0.10169 val_exact=1.0000 val_pw=1.0000 val_pair=1.0000 32s
 step  226000 loss=0.10146 val_exact=1.0000 val_pw=1.0000 val_pair=1.0000 32s
 step  228000 loss=0.10118 val_exact=1.0000 val_pw=1.0000 val_pair=1.0000 32s
 step  230000 loss=0.10118 val_exact=1.0000 val_pw=1.0000 val_pair=1.0000 32s
 step  232000 loss=0.10099 val_exact=1.0000 val_pw=1.0000 val_pair=1.0000 32s
 step  234000 loss=0.10070 val_exact=1.0000 val_pw=1.0000 val_pair=1.0000 31s
 step  236000 loss=0.10059 val_exact=1.0000 val_pw=1.0000 val_pair=1.0000 32s
 step  238000 loss=0.10042 val_exact=1.0000 val_pw=1.0000 val_pair=1.0000 32s
 step  240000 loss=0.10028 val_exact=1.0000 val_pw=1.0000 val_pair=1.0000 32s
 step  242000 loss=0.10001 val_exact=1.0000 val_pw=1.0000 val_pair=1.0000 31s
 step  244000 loss=0.09993 val_exact=1.0000 val_pw=1.0000 val_pair=1.0000 32s
 step  246000 loss=0.09975 val_exact=1.0000 val_pw=1.0000 val_pair=1.0000 32s
 step  248000 loss=0.09967 val_exact=1.0000 val_pw=1.0000 val_pair=1.0000 32s
 step  250000 loss=0.09966 val_exact=1.0000 val_pw=1.0000 val_pair=1.0000 32s
 step  252000 loss=0.09951 val_exact=1.0000 val_pw=1.0000 val_pair=1.0000 32s
 step  254000 loss=0.09941 val_exact=1.0000 val_pw=1.0000 val_pair=1.0000 32s
 step  256000 loss=0.09933 val_exact=1.0000 val_pw=1.0000 val_pair=1.0000 32s
 step  258000 loss=0.09916 val_exact=1.0000 val_pw=1.0000 val_pair=1.0000 32s
 step  260000 loss=0.09908 val_exact=1.0000 val_pw=1.0000 val_pair=1.0000 32s
 step  262000 loss=0.09916 val_exact=1.0000 val_pw=1.0000 val_pair=1.0000 32s
 step  264000 loss=0.09897 val_exact=1.0000 val_pw=1.0000 val_pair=1.0000 32s
 step  266000 loss=0.09889 val_exact=1.0000 val_pw=1.0000 val_pair=1.0000 32s
 step  268000 loss=0.09885 val_exact=1.0000 val_pw=1.0000 val_pair=1.0000 32s
 step  270000 loss=0.09878 val_exact=1.0000 val_pw=1.0000 val_pair=1.0000 32s
 step  272000 loss=0.09880 val_exact=1.0000 val_pw=1.0000 val_pair=1.0000 32s
 step  274000 loss=0.09855 val_exact=1.0000 val_pw=1.0000 val_pair=1.0000 32s
 step  276000 loss=0.09853 val_exact=1.0000 val_pw=1.0000 val_pair=1.0000 32s
 step  278000 loss=0.09857 val_exact=1.0000 val_pw=1.0000 val_pair=1.0000 32s
 step  280000 loss=0.09852 val_exact=1.0000 val_pw=1.0000 val_pair=1.0000 32s
 step  282000 loss=0.09847 val_exact=1.0000 val_pw=1.0000 val_pair=1.0000 32s
 step  284000 loss=0.09845 val_exact=1.0000 val_pw=1.0000 val_pair=1.0000 32s
 step  286000 loss=0.09843 val_exact=1.0000 val_pw=1.0000 val_pair=1.0000 32s
 step  288000 loss=0.09848 val_exact=1.0000 val_pw=1.0000 val_pair=1.0000 32s
 step  290000 loss=0.09837 val_exact=1.0000 val_pw=1.0000 val_pair=1.0000 32s
 step  292000 loss=0.09834 val_exact=1.0000 val_pw=1.0000 val_pair=1.0000 32s
 step  294000 loss=0.09833 val_exact=1.0000 val_pw=1.0000 val_pair=1.0000 31s
 step  296000 loss=0.09831 val_exact=1.0000 val_pw=1.0000 val_pair=1.0000 32s
 step  298000 loss=0.09831 val_exact=1.0000 val_pw=1.0000 val_pair=1.0000 32s
 step  300000 loss=0.09818 val_exact=1.0000 val_pw=1.0000 val_pair=1.0000 32s
done. steps_to={'pair_0.9': 6000, 'pair_0.99': 6000, 'pair_0.999': 6000, 'exact_0.9': 80000, 'exact_0.99': 84000, 'exact_0.999': 100000}  best exact=1.0000  -> runs/report6/multipath_train/n64_k2_ell7_clean_roberta_linear_seed1000
