task 28 -> n=40 k=2 ell=13 trunc=0 seed=1000
== n40_k2_ell13_clean_roberta_linear_seed1000 ==
 device=cuda arch=roberta readout=linear n=40 k=2 ell=13 trunc_frac=0.0 params=6,347,304
 step    2000 loss=0.52997 val_exact=0.0000 val_pw=0.8599 val_pair=1.0000 21s
 step    4000 loss=0.40319 val_exact=0.0000 val_pw=0.9216 val_pair=1.0000 20s
 step    6000 loss=0.32480 val_exact=0.0000 val_pw=0.9450 val_pair=1.0000 20s
 step    8000 loss=0.26389 val_exact=0.0000 val_pw=0.9656 val_pair=1.0000 20s
 step   10000 loss=0.22755 val_exact=0.0000 val_pw=0.9655 val_pair=1.0000 20s
 step   12000 loss=0.21302 val_exact=0.0000 val_pw=0.9744 val_pair=1.0000 20s
 step   14000 loss=0.17811 val_exact=0.0000 val_pw=0.9775 val_pair=1.0000 21s
 step   16000 loss=0.16189 val_exact=0.0075 val_pw=0.9925 val_pair=1.0000 21s
 step   18000 loss=0.14583 val_exact=0.1755 val_pw=0.9968 val_pair=1.0000 21s
 step   20000 loss=0.13318 val_exact=0.2680 val_pw=0.9951 val_pair=1.0000 20s
 step   22000 loss=0.12029 val_exact=0.6360 val_pw=0.9990 val_pair=1.0000 20s
 step   24000 loss=0.10998 val_exact=0.8190 val_pw=0.9995 val_pair=1.0000 21s
 step   26000 loss=0.09591 val_exact=0.9335 val_pw=0.9998 val_pair=1.0000 21s
 step   28000 loss=0.08581 val_exact=0.9395 val_pw=0.9999 val_pair=1.0000 21s
 step   30000 loss=0.07660 val_exact=0.8720 val_pw=0.9997 val_pair=1.0000 20s
 step   32000 loss=0.06898 val_exact=0.9125 val_pw=0.9997 val_pair=1.0000 21s
 step   34000 loss=0.06338 val_exact=0.9735 val_pw=0.9999 val_pair=1.0000 21s
 step   36000 loss=0.05884 val_exact=0.9765 val_pw=1.0000 val_pair=1.0000 21s
 step   38000 loss=0.05502 val_exact=0.9875 val_pw=1.0000 val_pair=1.0000 21s
 step   40000 loss=0.05153 val_exact=0.9895 val_pw=1.0000 val_pair=1.0000 21s
 step   42000 loss=0.04681 val_exact=0.9865 val_pw=1.0000 val_pair=1.0000 21s
 step   44000 loss=0.04395 val_exact=0.9940 val_pw=1.0000 val_pair=1.0000 21s
 step   46000 loss=0.04174 val_exact=0.9955 val_pw=1.0000 val_pair=1.0000 20s
 step   48000 loss=0.04003 val_exact=0.9770 val_pw=1.0000 val_pair=1.0000 22s
 step   50000 loss=0.03840 val_exact=0.9960 val_pw=1.0000 val_pair=1.0000 21s
 step   52000 loss=0.03708 val_exact=0.9930 val_pw=1.0000 val_pair=1.0000 21s
 step   54000 loss=0.03586 val_exact=0.9675 val_pw=0.9999 val_pair=1.0000 21s
 step   56000 loss=0.03468 val_exact=0.9980 val_pw=1.0000 val_pair=1.0000 21s
 step   58000 loss=0.03374 val_exact=0.9965 val_pw=1.0000 val_pair=1.0000 21s
 step   60000 loss=0.03280 val_exact=0.9960 val_pw=1.0000 val_pair=1.0000 21s
 step   62000 loss=0.03201 val_exact=0.9995 val_pw=1.0000 val_pair=1.0000 21s
 step   64000 loss=0.03143 val_exact=0.9995 val_pw=1.0000 val_pair=1.0000 20s
 step   66000 loss=0.03073 val_exact=1.0000 val_pw=1.0000 val_pair=1.0000 21s
 step   68000 loss=0.03030 val_exact=0.9985 val_pw=1.0000 val_pair=1.0000 21s
 step   70000 loss=0.02943 val_exact=0.9985 val_pw=1.0000 val_pair=1.0000 21s
 step   72000 loss=0.02917 val_exact=1.0000 val_pw=1.0000 val_pair=1.0000 21s
 step   74000 loss=0.02856 val_exact=1.0000 val_pw=1.0000 val_pair=1.0000 20s
 step   76000 loss=0.02812 val_exact=1.0000 val_pw=1.0000 val_pair=1.0000 21s
 step   78000 loss=0.02749 val_exact=1.0000 val_pw=1.0000 val_pair=1.0000 21s
 step   80000 loss=0.02717 val_exact=1.0000 val_pw=1.0000 val_pair=1.0000 21s
 step   82000 loss=0.02692 val_exact=0.9995 val_pw=1.0000 val_pair=1.0000 21s
 step   84000 loss=0.02635 val_exact=1.0000 val_pw=1.0000 val_pair=1.0000 21s
 step   86000 loss=0.02613 val_exact=0.9970 val_pw=1.0000 val_pair=1.0000 21s
 step   88000 loss=0.02594 val_exact=1.0000 val_pw=1.0000 val_pair=1.0000 20s
 step   90000 loss=0.02543 val_exact=1.0000 val_pw=1.0000 val_pair=1.0000 21s
 step   92000 loss=0.02520 val_exact=1.0000 val_pw=1.0000 val_pair=1.0000 21s
 step   94000 loss=0.02492 val_exact=1.0000 val_pw=1.0000 val_pair=1.0000 21s
 step   96000 loss=0.02464 val_exact=1.0000 val_pw=1.0000 val_pair=1.0000 20s
 step   98000 loss=0.02433 val_exact=1.0000 val_pw=1.0000 val_pair=1.0000 20s
 step  100000 loss=0.02419 val_exact=1.0000 val_pw=1.0000 val_pair=1.0000 20s
 step  102000 loss=0.02383 val_exact=1.0000 val_pw=1.0000 val_pair=1.0000 21s
 step  104000 loss=0.02372 val_exact=1.0000 val_pw=1.0000 val_pair=1.0000 21s
 step  106000 loss=0.02346 val_exact=1.0000 val_pw=1.0000 val_pair=1.0000 21s
 step  108000 loss=0.02321 val_exact=1.0000 val_pw=1.0000 val_pair=1.0000 20s
 step  110000 loss=0.02312 val_exact=1.0000 val_pw=1.0000 val_pair=1.0000 20s
 step  112000 loss=0.02284 val_exact=1.0000 val_pw=1.0000 val_pair=1.0000 20s
 step  114000 loss=0.02269 val_exact=1.0000 val_pw=1.0000 val_pair=1.0000 21s
 step  116000 loss=0.02247 val_exact=1.0000 val_pw=1.0000 val_pair=1.0000 21s
 step  118000 loss=0.02233 val_exact=1.0000 val_pw=1.0000 val_pair=1.0000 21s
 step  120000 loss=0.02211 val_exact=1.0000 val_pw=1.0000 val_pair=1.0000 21s
 step  122000 loss=0.02197 val_exact=1.0000 val_pw=1.0000 val_pair=1.0000 21s
 step  124000 loss=0.02178 val_exact=1.0000 val_pw=1.0000 val_pair=1.0000 20s
 step  126000 loss=0.02164 val_exact=1.0000 val_pw=1.0000 val_pair=1.0000 21s
 step  128000 loss=0.02147 val_exact=1.0000 val_pw=1.0000 val_pair=1.0000 20s
 step  130000 loss=0.02134 val_exact=1.0000 val_pw=1.0000 val_pair=1.0000 20s
 step  132000 loss=0.02122 val_exact=1.0000 val_pw=1.0000 val_pair=1.0000 20s
 step  134000 loss=0.02107 val_exact=1.0000 val_pw=1.0000 val_pair=1.0000 20s
 step  136000 loss=0.02090 val_exact=1.0000 val_pw=1.0000 val_pair=1.0000 20s
 step  138000 loss=0.02077 val_exact=1.0000 val_pw=1.0000 val_pair=1.0000 20s
 step  140000 loss=0.02060 val_exact=1.0000 val_pw=1.0000 val_pair=1.0000 20s
 step  142000 loss=0.02049 val_exact=1.0000 val_pw=1.0000 val_pair=1.0000 20s
 step  144000 loss=0.02038 val_exact=1.0000 val_pw=1.0000 val_pair=1.0000 20s
 step  146000 loss=0.02029 val_exact=1.0000 val_pw=1.0000 val_pair=1.0000 20s
 step  148000 loss=0.02015 val_exact=1.0000 val_pw=1.0000 val_pair=1.0000 20s
 step  150000 loss=0.02005 val_exact=1.0000 val_pw=1.0000 val_pair=1.0000 20s
 step  152000 loss=0.01995 val_exact=1.0000 val_pw=1.0000 val_pair=1.0000 20s
 step  154000 loss=0.01981 val_exact=1.0000 val_pw=1.0000 val_pair=1.0000 20s
 step  156000 loss=0.01970 val_exact=1.0000 val_pw=1.0000 val_pair=1.0000 20s
 step  158000 loss=0.01961 val_exact=1.0000 val_pw=1.0000 val_pair=1.0000 20s
 step  160000 loss=0.01949 val_exact=1.0000 val_pw=1.0000 val_pair=1.0000 20s
 step  162000 loss=0.01938 val_exact=1.0000 val_pw=1.0000 val_pair=1.0000 20s
 step  164000 loss=0.01926 val_exact=1.0000 val_pw=1.0000 val_pair=1.0000 20s
 step  166000 loss=0.01919 val_exact=1.0000 val_pw=1.0000 val_pair=1.0000 20s
 step  168000 loss=0.01912 val_exact=1.0000 val_pw=1.0000 val_pair=1.0000 21s
 step  170000 loss=0.01901 val_exact=1.0000 val_pw=1.0000 val_pair=1.0000 20s
 step  172000 loss=0.01892 val_exact=1.0000 val_pw=1.0000 val_pair=1.0000 20s
 step  174000 loss=0.01883 val_exact=1.0000 val_pw=1.0000 val_pair=1.0000 20s
 step  176000 loss=0.01874 val_exact=1.0000 val_pw=1.0000 val_pair=1.0000 21s
 step  178000 loss=0.01865 val_exact=1.0000 val_pw=1.0000 val_pair=1.0000 20s
 step  180000 loss=0.01856 val_exact=1.0000 val_pw=1.0000 val_pair=1.0000 20s
 step  182000 loss=0.01849 val_exact=1.0000 val_pw=1.0000 val_pair=1.0000 20s
 step  184000 loss=0.01841 val_exact=1.0000 val_pw=1.0000 val_pair=1.0000 20s
 step  186000 loss=0.01836 val_exact=1.0000 val_pw=1.0000 val_pair=1.0000 20s
 step  188000 loss=0.01829 val_exact=1.0000 val_pw=1.0000 val_pair=1.0000 20s
 step  190000 loss=0.01815 val_exact=1.0000 val_pw=1.0000 val_pair=1.0000 20s
 step  192000 loss=0.01810 val_exact=1.0000 val_pw=1.0000 val_pair=1.0000 21s
 step  194000 loss=0.01803 val_exact=1.0000 val_pw=1.0000 val_pair=1.0000 21s
 step  196000 loss=0.01797 val_exact=1.0000 val_pw=1.0000 val_pair=1.0000 20s
 step  198000 loss=0.01791 val_exact=1.0000 val_pw=1.0000 val_pair=1.0000 20s
 step  200000 loss=0.01785 val_exact=1.0000 val_pw=1.0000 val_pair=1.0000 20s
 step  202000 loss=0.01776 val_exact=1.0000 val_pw=1.0000 val_pair=1.0000 21s
 step  204000 loss=0.01772 val_exact=1.0000 val_pw=1.0000 val_pair=1.0000 21s
 step  206000 loss=0.01764 val_exact=1.0000 val_pw=1.0000 val_pair=1.0000 20s
 step  208000 loss=0.01757 val_exact=1.0000 val_pw=1.0000 val_pair=1.0000 20s
 step  210000 loss=0.01752 val_exact=1.0000 val_pw=1.0000 val_pair=1.0000 20s
 step  212000 loss=0.01746 val_exact=1.0000 val_pw=1.0000 val_pair=1.0000 21s
 step  214000 loss=0.01743 val_exact=1.0000 val_pw=1.0000 val_pair=1.0000 20s
 step  216000 loss=0.01736 val_exact=1.0000 val_pw=1.0000 val_pair=1.0000 21s
 step  218000 loss=0.01732 val_exact=1.0000 val_pw=1.0000 val_pair=1.0000 20s
 step  220000 loss=0.01726 val_exact=1.0000 val_pw=1.0000 val_pair=1.0000 20s
 step  222000 loss=0.01720 val_exact=1.0000 val_pw=1.0000 val_pair=1.0000 20s
 step  224000 loss=0.01716 val_exact=1.0000 val_pw=1.0000 val_pair=1.0000 21s
 step  226000 loss=0.01710 val_exact=1.0000 val_pw=1.0000 val_pair=1.0000 21s
 step  228000 loss=0.01706 val_exact=1.0000 val_pw=1.0000 val_pair=1.0000 20s
 step  230000 loss=0.01700 val_exact=1.0000 val_pw=1.0000 val_pair=1.0000 20s
 step  232000 loss=0.01699 val_exact=1.0000 val_pw=1.0000 val_pair=1.0000 20s
 step  234000 loss=0.01692 val_exact=1.0000 val_pw=1.0000 val_pair=1.0000 21s
 step  236000 loss=0.01689 val_exact=1.0000 val_pw=1.0000 val_pair=1.0000 20s
 step  238000 loss=0.01681 val_exact=1.0000 val_pw=1.0000 val_pair=1.0000 20s
 step  240000 loss=0.01680 val_exact=1.0000 val_pw=1.0000 val_pair=1.0000 20s
 step  242000 loss=0.01677 val_exact=1.0000 val_pw=1.0000 val_pair=1.0000 20s
 step  244000 loss=0.01672 val_exact=1.0000 val_pw=1.0000 val_pair=1.0000 20s
 step  246000 loss=0.01670 val_exact=1.0000 val_pw=1.0000 val_pair=1.0000 21s
 step  248000 loss=0.01666 val_exact=1.0000 val_pw=1.0000 val_pair=1.0000 20s
 step  250000 loss=0.01661 val_exact=1.0000 val_pw=1.0000 val_pair=1.0000 20s
 step  252000 loss=0.01658 val_exact=1.0000 val_pw=1.0000 val_pair=1.0000 20s
 step  254000 loss=0.01656 val_exact=1.0000 val_pw=1.0000 val_pair=1.0000 20s
 step  256000 loss=0.01652 val_exact=1.0000 val_pw=1.0000 val_pair=1.0000 20s
 step  258000 loss=0.01650 val_exact=1.0000 val_pw=1.0000 val_pair=1.0000 20s
 step  260000 loss=0.01646 val_exact=1.0000 val_pw=1.0000 val_pair=1.0000 21s
 step  262000 loss=0.01643 val_exact=1.0000 val_pw=1.0000 val_pair=1.0000 20s
 step  264000 loss=0.01642 val_exact=1.0000 val_pw=1.0000 val_pair=1.0000 20s
 step  266000 loss=0.01637 val_exact=1.0000 val_pw=1.0000 val_pair=1.0000 20s
 step  268000 loss=0.01637 val_exact=1.0000 val_pw=1.0000 val_pair=1.0000 21s
 step  270000 loss=0.01636 val_exact=1.0000 val_pw=1.0000 val_pair=1.0000 20s
 step  272000 loss=0.01635 val_exact=1.0000 val_pw=1.0000 val_pair=1.0000 20s
 step  274000 loss=0.01633 val_exact=1.0000 val_pw=1.0000 val_pair=1.0000 21s
 step  276000 loss=0.01629 val_exact=1.0000 val_pw=1.0000 val_pair=1.0000 21s
 step  278000 loss=0.01627 val_exact=1.0000 val_pw=1.0000 val_pair=1.0000 21s
 step  280000 loss=0.01623 val_exact=1.0000 val_pw=1.0000 val_pair=1.0000 20s
 step  282000 loss=0.01625 val_exact=1.0000 val_pw=1.0000 val_pair=1.0000 20s
 step  284000 loss=0.01624 val_exact=1.0000 val_pw=1.0000 val_pair=1.0000 21s
 step  286000 loss=0.01622 val_exact=1.0000 val_pw=1.0000 val_pair=1.0000 20s
 step  288000 loss=0.01620 val_exact=1.0000 val_pw=1.0000 val_pair=1.0000 21s
 step  290000 loss=0.01619 val_exact=1.0000 val_pw=1.0000 val_pair=1.0000 20s
 step  292000 loss=0.01620 val_exact=1.0000 val_pw=1.0000 val_pair=1.0000 20s
 step  294000 loss=0.01619 val_exact=1.0000 val_pw=1.0000 val_pair=1.0000 20s
 step  296000 loss=0.01619 val_exact=1.0000 val_pw=1.0000 val_pair=1.0000 21s
 step  298000 loss=0.01619 val_exact=1.0000 val_pw=1.0000 val_pair=1.0000 20s
 step  300000 loss=0.01621 val_exact=1.0000 val_pw=1.0000 val_pair=1.0000 20s
done. steps_to={'pair_0.9': 2000, 'pair_0.99': 2000, 'pair_0.999': 2000, 'exact_0.9': 26000, 'exact_0.99': 44000, 'exact_0.999': 62000}  best exact=1.0000  -> runs/report6/multipath_train/n40_k2_ell13_clean_roberta_linear_seed1000
