task 1 -> n=40 k=1 ell=7 trunc=0 seed=2000
== n40_k1_ell7_clean_roberta_linear_seed2000 ==
 device=cuda arch=roberta readout=linear n=40 k=1 ell=7 trunc_frac=0.0 params=6,347,304
 step    2000 loss=0.52546 val_exact=0.0000 val_pw=0.8801 val_pair=1.0000 21s
 step    4000 loss=0.29409 val_exact=0.0000 val_pw=0.8491 val_pair=1.0000 20s
 step    6000 loss=0.18807 val_exact=0.0000 val_pw=0.8628 val_pair=1.0000 20s
 step    8000 loss=0.13810 val_exact=0.0470 val_pw=0.9759 val_pair=1.0000 20s
 step   10000 loss=0.11391 val_exact=0.0245 val_pw=0.9812 val_pair=1.0000 20s
 step   12000 loss=0.09627 val_exact=0.3605 val_pw=0.9981 val_pair=1.0000 20s
 step   14000 loss=0.07980 val_exact=0.3655 val_pw=0.9986 val_pair=1.0000 20s
 step   16000 loss=0.06484 val_exact=0.8825 val_pw=0.9998 val_pair=1.0000 20s
 step   18000 loss=0.05278 val_exact=0.8005 val_pw=0.9996 val_pair=1.0000 20s
 step   20000 loss=0.04293 val_exact=0.6090 val_pw=0.9990 val_pair=1.0000 20s
 step   22000 loss=0.03509 val_exact=0.3445 val_pw=0.9959 val_pair=1.0000 20s
 step   24000 loss=0.02928 val_exact=0.1555 val_pw=0.9957 val_pair=1.0000 20s
 step   26000 loss=0.02529 val_exact=0.3435 val_pw=0.9994 val_pair=1.0000 20s
 step   28000 loss=0.02242 val_exact=0.3085 val_pw=0.9994 val_pair=1.0000 20s
 step   30000 loss=0.02012 val_exact=0.2775 val_pw=0.9993 val_pair=1.0000 20s
 step   32000 loss=0.01856 val_exact=0.5495 val_pw=0.9997 val_pair=1.0000 20s
 step   34000 loss=0.01727 val_exact=0.5470 val_pw=0.9997 val_pair=1.0000 20s
 step   36000 loss=0.01625 val_exact=0.2445 val_pw=0.9993 val_pair=1.0000 20s
 step   38000 loss=0.01533 val_exact=0.7470 val_pw=0.9998 val_pair=1.0000 20s
 step   40000 loss=0.01454 val_exact=0.6440 val_pw=0.9997 val_pair=1.0000 21s
 step   42000 loss=0.01380 val_exact=0.6295 val_pw=0.9997 val_pair=1.0000 20s
 step   44000 loss=0.01315 val_exact=0.8405 val_pw=0.9999 val_pair=1.0000 20s
 step   46000 loss=0.01259 val_exact=0.8990 val_pw=0.9999 val_pair=1.0000 20s
 step   48000 loss=0.01201 val_exact=0.9205 val_pw=0.9999 val_pair=1.0000 21s
 step   50000 loss=0.01154 val_exact=0.7965 val_pw=0.9999 val_pair=1.0000 20s
 step   52000 loss=0.01111 val_exact=0.8380 val_pw=0.9999 val_pair=1.0000 20s
 step   54000 loss=0.01068 val_exact=0.7890 val_pw=0.9998 val_pair=1.0000 20s
 step   56000 loss=0.01031 val_exact=0.5515 val_pw=0.9994 val_pair=1.0000 20s
 step   58000 loss=0.00998 val_exact=0.8430 val_pw=0.9999 val_pair=1.0000 20s
 step   60000 loss=0.00968 val_exact=0.9325 val_pw=0.9999 val_pair=1.0000 20s
 step   62000 loss=0.00939 val_exact=0.7170 val_pw=0.9997 val_pair=1.0000 21s
 step   64000 loss=0.00908 val_exact=0.9305 val_pw=0.9999 val_pair=1.0000 21s
 step   66000 loss=0.00888 val_exact=0.8970 val_pw=0.9999 val_pair=1.0000 20s
 step   68000 loss=0.00863 val_exact=0.5860 val_pw=0.9996 val_pair=1.0000 20s
 step   70000 loss=0.00842 val_exact=0.9445 val_pw=1.0000 val_pair=1.0000 21s
 step   72000 loss=0.00821 val_exact=0.7200 val_pw=0.9998 val_pair=1.0000 21s
 step   74000 loss=0.00803 val_exact=0.6745 val_pw=0.9997 val_pair=1.0000 21s
 step   76000 loss=0.00787 val_exact=0.8720 val_pw=0.9999 val_pair=1.0000 21s
 step   78000 loss=0.00767 val_exact=0.5000 val_pw=0.9995 val_pair=1.0000 21s
 step   80000 loss=0.00754 val_exact=0.4345 val_pw=0.9994 val_pair=1.0000 21s
 step   82000 loss=0.00737 val_exact=0.6485 val_pw=0.9997 val_pair=1.0000 21s
 step   84000 loss=0.00722 val_exact=0.2100 val_pw=0.9987 val_pair=1.0000 21s
 step   86000 loss=0.00711 val_exact=0.3630 val_pw=0.9993 val_pair=1.0000 21s
 step   88000 loss=0.00695 val_exact=0.2815 val_pw=0.9989 val_pair=1.0000 21s
 step   90000 loss=0.00685 val_exact=0.2880 val_pw=0.9991 val_pair=1.0000 21s
 step   92000 loss=0.00673 val_exact=0.4760 val_pw=0.9994 val_pair=1.0000 21s
 step   94000 loss=0.00663 val_exact=0.3710 val_pw=0.9992 val_pair=1.0000 20s
 step   96000 loss=0.00651 val_exact=0.5450 val_pw=0.9996 val_pair=1.0000 21s
 step   98000 loss=0.00642 val_exact=0.0700 val_pw=0.9980 val_pair=1.0000 20s
 step  100000 loss=0.00630 val_exact=0.1765 val_pw=0.9987 val_pair=1.0000 20s
 step  102000 loss=0.00622 val_exact=0.2665 val_pw=0.9989 val_pair=1.0000 21s
 step  104000 loss=0.00613 val_exact=0.1895 val_pw=0.9987 val_pair=1.0000 21s
 step  106000 loss=0.00604 val_exact=0.0775 val_pw=0.9978 val_pair=1.0000 20s
 step  108000 loss=0.00594 val_exact=0.2070 val_pw=0.9988 val_pair=1.0000 21s
 step  110000 loss=0.00589 val_exact=0.2145 val_pw=0.9988 val_pair=1.0000 21s
 step  112000 loss=0.00581 val_exact=0.1560 val_pw=0.9985 val_pair=1.0000 21s
 step  114000 loss=0.00573 val_exact=0.3400 val_pw=0.9992 val_pair=1.0000 20s
 step  116000 loss=0.00566 val_exact=0.5020 val_pw=0.9994 val_pair=1.0000 21s
 step  118000 loss=0.00559 val_exact=0.1220 val_pw=0.9983 val_pair=1.0000 21s
 step  120000 loss=0.00551 val_exact=0.2245 val_pw=0.9988 val_pair=1.0000 20s
 step  122000 loss=0.00547 val_exact=0.0805 val_pw=0.9974 val_pair=1.0000 20s
 step  124000 loss=0.00541 val_exact=0.2220 val_pw=0.9988 val_pair=1.0000 20s
 step  126000 loss=0.00532 val_exact=0.1015 val_pw=0.9983 val_pair=1.0000 20s
 step  128000 loss=0.00527 val_exact=0.2010 val_pw=0.9987 val_pair=1.0000 20s
 step  130000 loss=0.00523 val_exact=0.3900 val_pw=0.9992 val_pair=1.0000 20s
 step  132000 loss=0.00516 val_exact=0.0870 val_pw=0.9981 val_pair=1.0000 20s
 step  134000 loss=0.00511 val_exact=0.2765 val_pw=0.9990 val_pair=1.0000 21s
 step  136000 loss=0.00505 val_exact=0.0590 val_pw=0.9979 val_pair=1.0000 21s
 step  138000 loss=0.00499 val_exact=0.1365 val_pw=0.9986 val_pair=1.0000 21s
 step  140000 loss=0.00493 val_exact=0.1340 val_pw=0.9984 val_pair=1.0000 21s
 step  142000 loss=0.00491 val_exact=0.1940 val_pw=0.9987 val_pair=1.0000 20s
 step  144000 loss=0.00485 val_exact=0.1290 val_pw=0.9984 val_pair=1.0000 21s
 step  146000 loss=0.00479 val_exact=0.2535 val_pw=0.9989 val_pair=1.0000 21s
 step  148000 loss=0.00474 val_exact=0.2165 val_pw=0.9988 val_pair=1.0000 21s
 step  150000 loss=0.00472 val_exact=0.0755 val_pw=0.9980 val_pair=1.0000 21s
 step  152000 loss=0.00466 val_exact=0.1410 val_pw=0.9984 val_pair=1.0000 21s
 step  154000 loss=0.00461 val_exact=0.2265 val_pw=0.9988 val_pair=1.0000 21s
 step  156000 loss=0.00458 val_exact=0.1710 val_pw=0.9987 val_pair=1.0000 20s
 step  158000 loss=0.00454 val_exact=0.0870 val_pw=0.9981 val_pair=1.0000 21s
 step  160000 loss=0.00449 val_exact=0.0570 val_pw=0.9979 val_pair=1.0000 21s
 step  162000 loss=0.00446 val_exact=0.0700 val_pw=0.9981 val_pair=1.0000 21s
 step  164000 loss=0.00442 val_exact=0.0650 val_pw=0.9980 val_pair=1.0000 21s
 step  166000 loss=0.00438 val_exact=0.0720 val_pw=0.9981 val_pair=1.0000 21s
 step  168000 loss=0.00433 val_exact=0.0545 val_pw=0.9977 val_pair=1.0000 21s
 step  170000 loss=0.00431 val_exact=0.2140 val_pw=0.9989 val_pair=1.0000 21s
 step  172000 loss=0.00428 val_exact=0.0290 val_pw=0.9974 val_pair=1.0000 20s
 step  174000 loss=0.00424 val_exact=0.0405 val_pw=0.9978 val_pair=1.0000 21s
 step  176000 loss=0.00421 val_exact=0.1360 val_pw=0.9986 val_pair=1.0000 20s
 step  178000 loss=0.00417 val_exact=0.0570 val_pw=0.9978 val_pair=1.0000 20s
 step  180000 loss=0.00414 val_exact=0.1210 val_pw=0.9984 val_pair=1.0000 21s
 step  182000 loss=0.00411 val_exact=0.1945 val_pw=0.9987 val_pair=1.0000 20s
 step  184000 loss=0.00409 val_exact=0.0600 val_pw=0.9979 val_pair=1.0000 20s
 step  186000 loss=0.00405 val_exact=0.0405 val_pw=0.9976 val_pair=1.0000 20s
 step  188000 loss=0.00402 val_exact=0.2550 val_pw=0.9990 val_pair=1.0000 21s
 step  190000 loss=0.00400 val_exact=0.0530 val_pw=0.9979 val_pair=1.0000 21s
 step  192000 loss=0.00398 val_exact=0.0740 val_pw=0.9981 val_pair=1.0000 21s
 step  194000 loss=0.00393 val_exact=0.0400 val_pw=0.9978 val_pair=1.0000 21s
 step  196000 loss=0.00390 val_exact=0.0455 val_pw=0.9980 val_pair=1.0000 21s
 step  198000 loss=0.00388 val_exact=0.2045 val_pw=0.9987 val_pair=1.0000 21s
 step  200000 loss=0.00386 val_exact=0.0450 val_pw=0.9979 val_pair=1.0000 20s
 step  202000 loss=0.00382 val_exact=0.1810 val_pw=0.9988 val_pair=1.0000 20s
 step  204000 loss=0.00380 val_exact=0.1185 val_pw=0.9983 val_pair=1.0000 20s
 step  206000 loss=0.00378 val_exact=0.0825 val_pw=0.9981 val_pair=1.0000 21s
 step  208000 loss=0.00376 val_exact=0.0685 val_pw=0.9981 val_pair=1.0000 21s
 step  210000 loss=0.00373 val_exact=0.0995 val_pw=0.9984 val_pair=1.0000 21s
 step  212000 loss=0.00372 val_exact=0.0965 val_pw=0.9984 val_pair=1.0000 21s
 step  214000 loss=0.00369 val_exact=0.0735 val_pw=0.9981 val_pair=1.0000 20s
 step  216000 loss=0.00367 val_exact=0.1245 val_pw=0.9985 val_pair=1.0000 20s
 step  218000 loss=0.00365 val_exact=0.0930 val_pw=0.9982 val_pair=1.0000 20s
 step  220000 loss=0.00363 val_exact=0.0700 val_pw=0.9980 val_pair=1.0000 21s
 step  222000 loss=0.00361 val_exact=0.0755 val_pw=0.9983 val_pair=1.0000 21s
 step  224000 loss=0.00359 val_exact=0.0640 val_pw=0.9981 val_pair=1.0000 21s
 step  226000 loss=0.00357 val_exact=0.1040 val_pw=0.9984 val_pair=1.0000 20s
 step  228000 loss=0.00355 val_exact=0.1150 val_pw=0.9985 val_pair=1.0000 21s
 step  230000 loss=0.00354 val_exact=0.1205 val_pw=0.9986 val_pair=1.0000 21s
 step  232000 loss=0.00352 val_exact=0.0465 val_pw=0.9979 val_pair=1.0000 21s
 step  234000 loss=0.00350 val_exact=0.0520 val_pw=0.9979 val_pair=1.0000 21s
 step  236000 loss=0.00348 val_exact=0.1015 val_pw=0.9985 val_pair=1.0000 21s
 step  238000 loss=0.00347 val_exact=0.0665 val_pw=0.9983 val_pair=1.0000 20s
 step  240000 loss=0.00345 val_exact=0.1160 val_pw=0.9985 val_pair=1.0000 20s
 step  242000 loss=0.00344 val_exact=0.0435 val_pw=0.9979 val_pair=1.0000 20s
 step  244000 loss=0.00343 val_exact=0.0605 val_pw=0.9982 val_pair=1.0000 21s
 step  246000 loss=0.00341 val_exact=0.0515 val_pw=0.9981 val_pair=1.0000 21s
 step  248000 loss=0.00340 val_exact=0.0575 val_pw=0.9981 val_pair=1.0000 21s
 step  250000 loss=0.00339 val_exact=0.0640 val_pw=0.9982 val_pair=1.0000 20s
 step  252000 loss=0.00339 val_exact=0.0755 val_pw=0.9983 val_pair=1.0000 21s
 step  254000 loss=0.00336 val_exact=0.0770 val_pw=0.9984 val_pair=1.0000 21s
 step  256000 loss=0.00335 val_exact=0.0850 val_pw=0.9983 val_pair=1.0000 20s
 step  258000 loss=0.00335 val_exact=0.0770 val_pw=0.9983 val_pair=1.0000 20s
 step  260000 loss=0.00333 val_exact=0.0735 val_pw=0.9983 val_pair=1.0000 21s
 step  262000 loss=0.00333 val_exact=0.0400 val_pw=0.9980 val_pair=1.0000 21s
 step  264000 loss=0.00332 val_exact=0.0765 val_pw=0.9983 val_pair=1.0000 21s
 step  266000 loss=0.00331 val_exact=0.0740 val_pw=0.9983 val_pair=1.0000 21s
 step  268000 loss=0.00330 val_exact=0.0440 val_pw=0.9980 val_pair=1.0000 20s
 step  270000 loss=0.00330 val_exact=0.0750 val_pw=0.9983 val_pair=1.0000 21s
 step  272000 loss=0.00329 val_exact=0.0745 val_pw=0.9983 val_pair=1.0000 21s
 step  274000 loss=0.00328 val_exact=0.0915 val_pw=0.9984 val_pair=1.0000 21s
 step  276000 loss=0.00329 val_exact=0.0655 val_pw=0.9982 val_pair=1.0000 20s
 step  278000 loss=0.00327 val_exact=0.0735 val_pw=0.9982 val_pair=1.0000 21s
 step  280000 loss=0.00327 val_exact=0.0655 val_pw=0.9982 val_pair=1.0000 21s
 step  282000 loss=0.00326 val_exact=0.0555 val_pw=0.9981 val_pair=1.0000 20s
 step  284000 loss=0.00326 val_exact=0.0645 val_pw=0.9982 val_pair=1.0000 21s
 step  286000 loss=0.00326 val_exact=0.0710 val_pw=0.9982 val_pair=1.0000 21s
 step  288000 loss=0.00325 val_exact=0.0770 val_pw=0.9983 val_pair=1.0000 21s
 step  290000 loss=0.00325 val_exact=0.0655 val_pw=0.9982 val_pair=1.0000 20s
 step  292000 loss=0.00324 val_exact=0.0625 val_pw=0.9982 val_pair=1.0000 21s
 step  294000 loss=0.00325 val_exact=0.0715 val_pw=0.9982 val_pair=1.0000 20s
 step  296000 loss=0.00325 val_exact=0.0580 val_pw=0.9981 val_pair=1.0000 20s
 step  298000 loss=0.00325 val_exact=0.0640 val_pw=0.9982 val_pair=1.0000 20s
 step  300000 loss=0.00325 val_exact=0.0665 val_pw=0.9982 val_pair=1.0000 20s
done. steps_to={'pair_0.9': 2000, 'pair_0.99': 2000, 'pair_0.999': 2000, 'exact_0.9': 48000, 'exact_0.99': None, 'exact_0.999': None}  best exact=0.9445  -> runs/report6/multipath_train/n40_k1_ell7_clean_roberta_linear_seed2000
