task 38 -> n=64 k=2 ell=7 trunc=0 seed=3000
== n64_k2_ell7_clean_roberta_linear_seed3000 ==
 device=cuda arch=roberta readout=linear n=64 k=2 ell=7 trunc_frac=0.0 params=6,371,904
 step    2000 loss=0.61649 val_exact=0.0000 val_pw=0.7276 val_pair=0.0000 33s
 step    4000 loss=0.47735 val_exact=0.0000 val_pw=0.8109 val_pair=0.7805 32s
 step    6000 loss=0.36824 val_exact=0.0000 val_pw=0.9585 val_pair=1.0000 31s
 step    8000 loss=0.32255 val_exact=0.0000 val_pw=0.9733 val_pair=1.0000 32s
 step   10000 loss=0.29799 val_exact=0.0000 val_pw=0.9838 val_pair=1.0000 32s
 step   12000 loss=0.27932 val_exact=0.0000 val_pw=0.9872 val_pair=1.0000 32s
 step   14000 loss=0.26485 val_exact=0.0000 val_pw=0.9867 val_pair=1.0000 31s
 step   16000 loss=0.25236 val_exact=0.0000 val_pw=0.9859 val_pair=1.0000 32s
 step   18000 loss=0.24143 val_exact=0.0000 val_pw=0.9917 val_pair=1.0000 32s
 step   20000 loss=0.23203 val_exact=0.0000 val_pw=0.9913 val_pair=1.0000 32s
 step   22000 loss=0.22531 val_exact=0.0000 val_pw=0.9941 val_pair=1.0000 32s
 step   24000 loss=0.22046 val_exact=0.0000 val_pw=0.9941 val_pair=1.0000 32s
 step   26000 loss=0.21581 val_exact=0.0000 val_pw=0.9941 val_pair=1.0000 32s
 step   28000 loss=0.21219 val_exact=0.0000 val_pw=0.9932 val_pair=1.0000 32s
 step   30000 loss=0.20826 val_exact=0.0000 val_pw=0.9935 val_pair=1.0000 32s
 step   32000 loss=0.20445 val_exact=0.0000 val_pw=0.9960 val_pair=1.0000 32s
 step   34000 loss=0.20208 val_exact=0.0000 val_pw=0.9930 val_pair=1.0000 32s
 step   36000 loss=0.19871 val_exact=0.0000 val_pw=0.9932 val_pair=1.0000 32s
 step   38000 loss=0.19696 val_exact=0.0000 val_pw=0.9929 val_pair=1.0000 32s
 step   40000 loss=0.19576 val_exact=0.0000 val_pw=0.9932 val_pair=1.0000 32s
 step   42000 loss=0.19105 val_exact=0.0000 val_pw=0.9939 val_pair=1.0000 32s
 step   44000 loss=0.18923 val_exact=0.0000 val_pw=0.9931 val_pair=1.0000 32s
 step   46000 loss=0.18647 val_exact=0.0000 val_pw=0.9907 val_pair=0.9970 32s
 step   48000 loss=0.18442 val_exact=0.0000 val_pw=0.9943 val_pair=1.0000 32s
 step   50000 loss=0.18098 val_exact=0.0000 val_pw=0.9936 val_pair=0.9995 32s
 step   52000 loss=0.17900 val_exact=0.0000 val_pw=0.9941 val_pair=1.0000 32s
 step   54000 loss=0.17667 val_exact=0.0000 val_pw=0.9940 val_pair=1.0000 32s
 step   56000 loss=0.17432 val_exact=0.0000 val_pw=0.9950 val_pair=1.0000 32s
 step   58000 loss=0.17209 val_exact=0.0010 val_pw=0.9953 val_pair=1.0000 32s
 step   60000 loss=0.16832 val_exact=0.0020 val_pw=0.9964 val_pair=1.0000 32s
 step   62000 loss=0.16824 val_exact=0.0020 val_pw=0.9960 val_pair=1.0000 32s
 step   64000 loss=0.16434 val_exact=0.0010 val_pw=0.9960 val_pair=1.0000 32s
 step   66000 loss=0.16302 val_exact=0.0010 val_pw=0.9955 val_pair=1.0000 32s
 step   68000 loss=0.15936 val_exact=0.0360 val_pw=0.9975 val_pair=1.0000 32s
 step   70000 loss=0.15848 val_exact=0.0970 val_pw=0.9985 val_pair=1.0000 32s
 step   72000 loss=0.15678 val_exact=0.0915 val_pw=0.9985 val_pair=1.0000 32s
 step   74000 loss=0.15430 val_exact=0.0740 val_pw=0.9984 val_pair=1.0000 32s
 step   76000 loss=0.15196 val_exact=0.3635 val_pw=0.9993 val_pair=1.0000 32s
 step   78000 loss=0.15064 val_exact=0.1575 val_pw=0.9989 val_pair=1.0000 32s
 step   80000 loss=0.14939 val_exact=0.5330 val_pw=0.9996 val_pair=1.0000 32s
 step   82000 loss=0.14795 val_exact=0.4825 val_pw=0.9995 val_pair=1.0000 32s
 step   84000 loss=0.14611 val_exact=0.7420 val_pw=0.9998 val_pair=1.0000 32s
 step   86000 loss=0.14406 val_exact=0.8610 val_pw=0.9999 val_pair=1.0000 32s
 step   88000 loss=0.14287 val_exact=0.9760 val_pw=1.0000 val_pair=1.0000 32s
 step   90000 loss=0.14167 val_exact=0.9715 val_pw=1.0000 val_pair=1.0000 32s
 step   92000 loss=0.14011 val_exact=0.9665 val_pw=1.0000 val_pair=1.0000 32s
 step   94000 loss=0.13856 val_exact=0.9795 val_pw=1.0000 val_pair=1.0000 32s
 step   96000 loss=0.13682 val_exact=0.9755 val_pw=1.0000 val_pair=1.0000 32s
 step   98000 loss=0.13774 val_exact=0.9755 val_pw=1.0000 val_pair=1.0000 32s
 step  100000 loss=0.13384 val_exact=0.9995 val_pw=1.0000 val_pair=1.0000 32s
 step  102000 loss=0.13451 val_exact=0.9990 val_pw=1.0000 val_pair=1.0000 32s
 step  104000 loss=0.13281 val_exact=0.9985 val_pw=1.0000 val_pair=1.0000 32s
 step  106000 loss=0.13153 val_exact=0.9985 val_pw=1.0000 val_pair=1.0000 32s
 step  108000 loss=0.13073 val_exact=1.0000 val_pw=1.0000 val_pair=1.0000 31s
 step  110000 loss=0.13002 val_exact=0.9995 val_pw=1.0000 val_pair=1.0000 32s
 step  112000 loss=0.12961 val_exact=0.9990 val_pw=1.0000 val_pair=1.0000 32s
 step  114000 loss=0.12807 val_exact=1.0000 val_pw=1.0000 val_pair=1.0000 32s
 step  116000 loss=0.12762 val_exact=1.0000 val_pw=1.0000 val_pair=1.0000 32s
 step  118000 loss=0.12622 val_exact=1.0000 val_pw=1.0000 val_pair=1.0000 32s
 step  120000 loss=0.12575 val_exact=1.0000 val_pw=1.0000 val_pair=1.0000 32s
 step  122000 loss=0.12569 val_exact=0.9995 val_pw=1.0000 val_pair=1.0000 32s
 step  124000 loss=0.12374 val_exact=1.0000 val_pw=1.0000 val_pair=1.0000 33s
 step  126000 loss=0.12267 val_exact=1.0000 val_pw=1.0000 val_pair=1.0000 32s
 step  128000 loss=0.12251 val_exact=1.0000 val_pw=1.0000 val_pair=1.0000 32s
 step  130000 loss=0.12249 val_exact=1.0000 val_pw=1.0000 val_pair=1.0000 32s
 step  132000 loss=0.12110 val_exact=1.0000 val_pw=1.0000 val_pair=1.0000 32s
 step  134000 loss=0.12073 val_exact=1.0000 val_pw=1.0000 val_pair=1.0000 32s
 step  136000 loss=0.11975 val_exact=1.0000 val_pw=1.0000 val_pair=1.0000 32s
 step  138000 loss=0.11886 val_exact=1.0000 val_pw=1.0000 val_pair=1.0000 32s
 step  140000 loss=0.11885 val_exact=1.0000 val_pw=1.0000 val_pair=1.0000 32s
 step  142000 loss=0.11845 val_exact=1.0000 val_pw=1.0000 val_pair=1.0000 32s
 step  144000 loss=0.11736 val_exact=1.0000 val_pw=1.0000 val_pair=1.0000 32s
 step  146000 loss=0.11761 val_exact=1.0000 val_pw=1.0000 val_pair=1.0000 32s
 step  148000 loss=0.11586 val_exact=1.0000 val_pw=1.0000 val_pair=1.0000 32s
 step  150000 loss=0.11568 val_exact=0.9990 val_pw=1.0000 val_pair=1.0000 32s
 step  152000 loss=0.11515 val_exact=1.0000 val_pw=1.0000 val_pair=1.0000 32s
 step  154000 loss=0.11448 val_exact=1.0000 val_pw=1.0000 val_pair=1.0000 32s
 step  156000 loss=0.11423 val_exact=1.0000 val_pw=1.0000 val_pair=1.0000 32s
 step  158000 loss=0.11367 val_exact=1.0000 val_pw=1.0000 val_pair=1.0000 32s
 step  160000 loss=0.11249 val_exact=1.0000 val_pw=1.0000 val_pair=1.0000 32s
 step  162000 loss=0.11277 val_exact=1.0000 val_pw=1.0000 val_pair=1.0000 32s
 step  164000 loss=0.11179 val_exact=1.0000 val_pw=1.0000 val_pair=1.0000 32s
 step  166000 loss=0.11125 val_exact=1.0000 val_pw=1.0000 val_pair=1.0000 32s
 step  168000 loss=0.11073 val_exact=1.0000 val_pw=1.0000 val_pair=1.0000 32s
 step  170000 loss=0.11076 val_exact=1.0000 val_pw=1.0000 val_pair=1.0000 33s
 step  172000 loss=0.11023 val_exact=1.0000 val_pw=1.0000 val_pair=1.0000 32s
 step  174000 loss=0.10970 val_exact=1.0000 val_pw=1.0000 val_pair=1.0000 33s
 step  176000 loss=0.10904 val_exact=1.0000 val_pw=1.0000 val_pair=1.0000 32s
 step  178000 loss=0.10902 val_exact=1.0000 val_pw=1.0000 val_pair=1.0000 32s
 step  180000 loss=0.10855 val_exact=1.0000 val_pw=1.0000 val_pair=1.0000 32s
 step  182000 loss=0.10795 val_exact=1.0000 val_pw=1.0000 val_pair=1.0000 32s
 step  184000 loss=0.10759 val_exact=1.0000 val_pw=1.0000 val_pair=1.0000 32s
 step  186000 loss=0.10748 val_exact=1.0000 val_pw=1.0000 val_pair=1.0000 32s
 step  188000 loss=0.10701 val_exact=1.0000 val_pw=1.0000 val_pair=1.0000 32s
 step  190000 loss=0.10652 val_exact=1.0000 val_pw=1.0000 val_pair=1.0000 32s
 step  192000 loss=0.10618 val_exact=1.0000 val_pw=1.0000 val_pair=1.0000 32s
 step  194000 loss=0.10597 val_exact=1.0000 val_pw=1.0000 val_pair=1.0000 32s
 step  196000 loss=0.10556 val_exact=1.0000 val_pw=1.0000 val_pair=1.0000 32s
 step  198000 loss=0.10552 val_exact=1.0000 val_pw=1.0000 val_pair=1.0000 32s
 step  200000 loss=0.10509 val_exact=1.0000 val_pw=1.0000 val_pair=1.0000 33s
 step  202000 loss=0.10486 val_exact=1.0000 val_pw=1.0000 val_pair=1.0000 32s
 step  204000 loss=0.10477 val_exact=1.0000 val_pw=1.0000 val_pair=1.0000 32s
 step  206000 loss=0.10464 val_exact=1.0000 val_pw=1.0000 val_pair=1.0000 32s
 step  208000 loss=0.10416 val_exact=1.0000 val_pw=1.0000 val_pair=1.0000 32s
 step  210000 loss=0.10373 val_exact=1.0000 val_pw=1.0000 val_pair=1.0000 33s
 step  212000 loss=0.10352 val_exact=1.0000 val_pw=1.0000 val_pair=1.0000 33s
 step  214000 loss=0.10318 val_exact=1.0000 val_pw=1.0000 val_pair=1.0000 32s
 step  216000 loss=0.10299 val_exact=1.0000 val_pw=1.0000 val_pair=1.0000 33s
 step  218000 loss=0.10283 val_exact=1.0000 val_pw=1.0000 val_pair=1.0000 32s
 step  220000 loss=0.10260 val_exact=1.0000 val_pw=1.0000 val_pair=1.0000 32s
 step  222000 loss=0.10250 val_exact=1.0000 val_pw=1.0000 val_pair=1.0000 32s
 step  224000 loss=0.10229 val_exact=1.0000 val_pw=1.0000 val_pair=1.0000 32s
 step  226000 loss=0.10205 val_exact=1.0000 val_pw=1.0000 val_pair=1.0000 33s
 step  228000 loss=0.10188 val_exact=1.0000 val_pw=1.0000 val_pair=1.0000 32s
 step  230000 loss=0.10156 val_exact=1.0000 val_pw=1.0000 val_pair=1.0000 32s
 step  232000 loss=0.10147 val_exact=1.0000 val_pw=1.0000 val_pair=1.0000 32s
 step  234000 loss=0.10114 val_exact=1.0000 val_pw=1.0000 val_pair=1.0000 32s
 step  236000 loss=0.10110 val_exact=1.0000 val_pw=1.0000 val_pair=1.0000 32s
 step  238000 loss=0.10095 val_exact=1.0000 val_pw=1.0000 val_pair=1.0000 32s
 step  240000 loss=0.10073 val_exact=1.0000 val_pw=1.0000 val_pair=1.0000 32s
 step  242000 loss=0.10074 val_exact=1.0000 val_pw=1.0000 val_pair=1.0000 32s
 step  244000 loss=0.10049 val_exact=1.0000 val_pw=1.0000 val_pair=1.0000 32s
 step  246000 loss=0.10043 val_exact=1.0000 val_pw=1.0000 val_pair=1.0000 32s
 step  248000 loss=0.10032 val_exact=1.0000 val_pw=1.0000 val_pair=1.0000 32s
 step  250000 loss=0.10010 val_exact=1.0000 val_pw=1.0000 val_pair=1.0000 32s
 step  252000 loss=0.10011 val_exact=1.0000 val_pw=1.0000 val_pair=1.0000 33s
 step  254000 loss=0.09995 val_exact=1.0000 val_pw=1.0000 val_pair=1.0000 32s
 step  256000 loss=0.09990 val_exact=1.0000 val_pw=1.0000 val_pair=1.0000 32s
 step  258000 loss=0.09974 val_exact=1.0000 val_pw=1.0000 val_pair=1.0000 32s
 step  260000 loss=0.09966 val_exact=1.0000 val_pw=1.0000 val_pair=1.0000 32s
 step  262000 loss=0.09963 val_exact=1.0000 val_pw=1.0000 val_pair=1.0000 32s
 step  264000 loss=0.09944 val_exact=1.0000 val_pw=1.0000 val_pair=1.0000 32s
 step  266000 loss=0.09949 val_exact=1.0000 val_pw=1.0000 val_pair=1.0000 32s
 step  268000 loss=0.09940 val_exact=1.0000 val_pw=1.0000 val_pair=1.0000 32s
 step  270000 loss=0.09929 val_exact=1.0000 val_pw=1.0000 val_pair=1.0000 32s
 step  272000 loss=0.09932 val_exact=1.0000 val_pw=1.0000 val_pair=1.0000 32s
 step  274000 loss=0.09924 val_exact=1.0000 val_pw=1.0000 val_pair=1.0000 32s
 step  276000 loss=0.09915 val_exact=1.0000 val_pw=1.0000 val_pair=1.0000 32s
 step  278000 loss=0.09918 val_exact=1.0000 val_pw=1.0000 val_pair=1.0000 32s
 step  280000 loss=0.09907 val_exact=1.0000 val_pw=1.0000 val_pair=1.0000 32s
 step  282000 loss=0.09900 val_exact=1.0000 val_pw=1.0000 val_pair=1.0000 32s
 step  284000 loss=0.09895 val_exact=1.0000 val_pw=1.0000 val_pair=1.0000 32s
 step  286000 loss=0.09896 val_exact=1.0000 val_pw=1.0000 val_pair=1.0000 32s
 step  288000 loss=0.09884 val_exact=1.0000 val_pw=1.0000 val_pair=1.0000 32s
 step  290000 loss=0.09894 val_exact=1.0000 val_pw=1.0000 val_pair=1.0000 32s
 step  292000 loss=0.09889 val_exact=1.0000 val_pw=1.0000 val_pair=1.0000 33s
 step  294000 loss=0.09891 val_exact=1.0000 val_pw=1.0000 val_pair=1.0000 32s
 step  296000 loss=0.09887 val_exact=1.0000 val_pw=1.0000 val_pair=1.0000 32s
 step  298000 loss=0.09882 val_exact=1.0000 val_pw=1.0000 val_pair=1.0000 32s
 step  300000 loss=0.09877 val_exact=1.0000 val_pw=1.0000 val_pair=1.0000 32s
done. steps_to={'pair_0.9': 6000, 'pair_0.99': 6000, 'pair_0.999': 6000, 'exact_0.9': 88000, 'exact_0.99': 100000, 'exact_0.999': 100000}  best exact=1.0000  -> runs/report6/multipath_train/n64_k2_ell7_clean_roberta_linear_seed3000
