task 16 -> n=40 k=2 ell=5 trunc=0 seed=1000
== n40_k2_ell5_clean_roberta_linear_seed1000 ==
 device=cuda arch=roberta readout=linear n=40 k=2 ell=5 trunc_frac=0.0 params=6,347,304
 step    2000 loss=0.49891 val_exact=0.9990 val_pw=1.0000 val_pair=1.0000 21s
 step    4000 loss=0.13265 val_exact=1.0000 val_pw=1.0000 val_pair=1.0000 21s
 step    6000 loss=0.04423 val_exact=1.0000 val_pw=1.0000 val_pair=1.0000 21s
 step    8000 loss=0.02951 val_exact=1.0000 val_pw=1.0000 val_pair=1.0000 20s
 step   10000 loss=0.02339 val_exact=1.0000 val_pw=1.0000 val_pair=1.0000 21s
 step   12000 loss=0.01865 val_exact=1.0000 val_pw=1.0000 val_pair=1.0000 20s
 step   14000 loss=0.01560 val_exact=1.0000 val_pw=1.0000 val_pair=1.0000 20s
 step   16000 loss=0.01387 val_exact=1.0000 val_pw=1.0000 val_pair=1.0000 20s
 step   18000 loss=0.01269 val_exact=1.0000 val_pw=1.0000 val_pair=1.0000 20s
 step   20000 loss=0.01162 val_exact=0.9995 val_pw=1.0000 val_pair=1.0000 21s
 step   22000 loss=0.01050 val_exact=1.0000 val_pw=1.0000 val_pair=1.0000 20s
 step   24000 loss=0.00961 val_exact=1.0000 val_pw=1.0000 val_pair=1.0000 21s
 step   26000 loss=0.00896 val_exact=1.0000 val_pw=1.0000 val_pair=1.0000 20s
 step   28000 loss=0.00843 val_exact=0.9995 val_pw=1.0000 val_pair=1.0000 21s
 step   30000 loss=0.00795 val_exact=1.0000 val_pw=1.0000 val_pair=1.0000 21s
 step   32000 loss=0.00760 val_exact=1.0000 val_pw=1.0000 val_pair=1.0000 21s
 step   34000 loss=0.00727 val_exact=1.0000 val_pw=1.0000 val_pair=1.0000 21s
 step   36000 loss=0.00700 val_exact=1.0000 val_pw=1.0000 val_pair=1.0000 20s
 step   38000 loss=0.00676 val_exact=1.0000 val_pw=1.0000 val_pair=1.0000 21s
 step   40000 loss=0.00656 val_exact=1.0000 val_pw=1.0000 val_pair=1.0000 21s
 step   42000 loss=0.00639 val_exact=1.0000 val_pw=1.0000 val_pair=1.0000 21s
 step   44000 loss=0.00626 val_exact=1.0000 val_pw=1.0000 val_pair=1.0000 21s
 step   46000 loss=0.00611 val_exact=1.0000 val_pw=1.0000 val_pair=1.0000 21s
 step   48000 loss=0.00602 val_exact=1.0000 val_pw=1.0000 val_pair=1.0000 21s
 step   50000 loss=0.00589 val_exact=0.9995 val_pw=1.0000 val_pair=1.0000 21s
 step   52000 loss=0.00582 val_exact=1.0000 val_pw=1.0000 val_pair=1.0000 20s
 step   54000 loss=0.00571 val_exact=0.9995 val_pw=1.0000 val_pair=1.0000 21s
 step   56000 loss=0.00566 val_exact=1.0000 val_pw=1.0000 val_pair=1.0000 21s
 step   58000 loss=0.00558 val_exact=1.0000 val_pw=1.0000 val_pair=1.0000 21s
 step   60000 loss=0.00551 val_exact=1.0000 val_pw=1.0000 val_pair=1.0000 21s
 step   62000 loss=0.00545 val_exact=0.9995 val_pw=1.0000 val_pair=1.0000 21s
 step   64000 loss=0.00540 val_exact=0.9980 val_pw=1.0000 val_pair=1.0000 21s
 step   66000 loss=0.00534 val_exact=1.0000 val_pw=1.0000 val_pair=1.0000 21s
 step   68000 loss=0.00529 val_exact=0.9985 val_pw=1.0000 val_pair=1.0000 21s
 step   70000 loss=0.00524 val_exact=1.0000 val_pw=1.0000 val_pair=1.0000 21s
 step   72000 loss=0.00520 val_exact=1.0000 val_pw=1.0000 val_pair=1.0000 21s
 step   74000 loss=0.00516 val_exact=1.0000 val_pw=1.0000 val_pair=1.0000 20s
 step   76000 loss=0.00512 val_exact=1.0000 val_pw=1.0000 val_pair=1.0000 20s
 step   78000 loss=0.00508 val_exact=0.9995 val_pw=1.0000 val_pair=1.0000 21s
 step   80000 loss=0.00504 val_exact=0.9985 val_pw=1.0000 val_pair=1.0000 21s
 step   82000 loss=0.00500 val_exact=1.0000 val_pw=1.0000 val_pair=1.0000 20s
 step   84000 loss=0.00497 val_exact=0.9990 val_pw=1.0000 val_pair=1.0000 21s
 step   86000 loss=0.00494 val_exact=1.0000 val_pw=1.0000 val_pair=1.0000 21s
 step   88000 loss=0.00490 val_exact=1.0000 val_pw=1.0000 val_pair=1.0000 21s
 step   90000 loss=0.00489 val_exact=0.9995 val_pw=1.0000 val_pair=1.0000 21s
 step   92000 loss=0.00483 val_exact=1.0000 val_pw=1.0000 val_pair=1.0000 21s
 step   94000 loss=0.00482 val_exact=0.9975 val_pw=1.0000 val_pair=1.0000 21s
 step   96000 loss=0.00478 val_exact=1.0000 val_pw=1.0000 val_pair=1.0000 21s
 step   98000 loss=0.00476 val_exact=1.0000 val_pw=1.0000 val_pair=1.0000 21s
 step  100000 loss=0.00474 val_exact=1.0000 val_pw=1.0000 val_pair=1.0000 21s
 step  102000 loss=0.00471 val_exact=0.9995 val_pw=1.0000 val_pair=1.0000 20s
 step  104000 loss=0.00468 val_exact=1.0000 val_pw=1.0000 val_pair=1.0000 21s
 step  106000 loss=0.00466 val_exact=0.9970 val_pw=1.0000 val_pair=1.0000 20s
 step  108000 loss=0.00463 val_exact=1.0000 val_pw=1.0000 val_pair=1.0000 21s
 step  110000 loss=0.00461 val_exact=1.0000 val_pw=1.0000 val_pair=1.0000 21s
 step  112000 loss=0.00460 val_exact=1.0000 val_pw=1.0000 val_pair=1.0000 21s
 step  114000 loss=0.00456 val_exact=0.9935 val_pw=1.0000 val_pair=1.0000 21s
 step  116000 loss=0.00454 val_exact=1.0000 val_pw=1.0000 val_pair=1.0000 21s
 step  118000 loss=0.00453 val_exact=1.0000 val_pw=1.0000 val_pair=1.0000 21s
 step  120000 loss=0.00450 val_exact=1.0000 val_pw=1.0000 val_pair=1.0000 21s
 step  122000 loss=0.00449 val_exact=1.0000 val_pw=1.0000 val_pair=1.0000 21s
 step  124000 loss=0.00447 val_exact=1.0000 val_pw=1.0000 val_pair=1.0000 20s
 step  126000 loss=0.00444 val_exact=0.9975 val_pw=1.0000 val_pair=1.0000 21s
 step  128000 loss=0.00443 val_exact=1.0000 val_pw=1.0000 val_pair=1.0000 20s
 step  130000 loss=0.00441 val_exact=1.0000 val_pw=1.0000 val_pair=1.0000 21s
 step  132000 loss=0.00439 val_exact=1.0000 val_pw=1.0000 val_pair=1.0000 20s
 step  134000 loss=0.00438 val_exact=1.0000 val_pw=1.0000 val_pair=1.0000 21s
 step  136000 loss=0.00436 val_exact=1.0000 val_pw=1.0000 val_pair=1.0000 21s
 step  138000 loss=0.00434 val_exact=0.9980 val_pw=1.0000 val_pair=1.0000 21s
 step  140000 loss=0.00348 val_exact=0.0780 val_pw=0.9319 val_pair=0.6430 21s
 step  142000 loss=0.00302 val_exact=0.0725 val_pw=0.9261 val_pair=0.7125 21s
 step  144000 loss=0.00295 val_exact=0.2515 val_pw=0.9732 val_pair=0.8770 21s
 step  146000 loss=0.00290 val_exact=0.1240 val_pw=0.9348 val_pair=0.7295 21s
 step  148000 loss=0.00286 val_exact=0.0735 val_pw=0.9475 val_pair=0.8110 20s
 step  150000 loss=0.00282 val_exact=0.1525 val_pw=0.9342 val_pair=0.6765 21s
 step  152000 loss=0.00281 val_exact=0.0155 val_pw=0.8696 val_pair=0.3410 21s
 step  154000 loss=0.00277 val_exact=0.0020 val_pw=0.8751 val_pair=0.3320 20s
 step  156000 loss=0.00276 val_exact=0.1535 val_pw=0.9580 val_pair=0.7790 21s
 step  158000 loss=0.00273 val_exact=0.0945 val_pw=0.9206 val_pair=0.6635 21s
 step  160000 loss=0.00270 val_exact=0.0305 val_pw=0.8598 val_pair=0.4660 21s
 step  162000 loss=0.00269 val_exact=0.0670 val_pw=0.9393 val_pair=0.7255 21s
 step  164000 loss=0.00267 val_exact=0.0320 val_pw=0.8858 val_pair=0.4420 21s
 step  166000 loss=0.00265 val_exact=0.0010 val_pw=0.8248 val_pair=0.2320 21s
 step  168000 loss=0.00263 val_exact=0.0030 val_pw=0.9024 val_pair=0.5785 21s
 step  170000 loss=0.00262 val_exact=0.0270 val_pw=0.9278 val_pair=0.7150 21s
 step  172000 loss=0.00261 val_exact=0.0010 val_pw=0.8058 val_pair=0.1885 21s
 step  174000 loss=0.00259 val_exact=0.0175 val_pw=0.8806 val_pair=0.5020 20s
 step  176000 loss=0.00258 val_exact=0.4510 val_pw=0.9478 val_pair=0.8120 21s
 step  178000 loss=0.00256 val_exact=0.0200 val_pw=0.8923 val_pair=0.5155 20s
 step  180000 loss=0.00255 val_exact=0.0015 val_pw=0.7809 val_pair=0.1410 21s
 step  182000 loss=0.00254 val_exact=0.0055 val_pw=0.8663 val_pair=0.4175 21s
 step  184000 loss=0.00252 val_exact=0.0005 val_pw=0.7679 val_pair=0.1030 21s
 step  186000 loss=0.00251 val_exact=0.0000 val_pw=0.8027 val_pair=0.1940 21s
 step  188000 loss=0.00250 val_exact=0.0005 val_pw=0.7079 val_pair=0.1005 21s
 step  190000 loss=0.00249 val_exact=0.0005 val_pw=0.8165 val_pair=0.2445 21s
 step  192000 loss=0.00247 val_exact=0.0235 val_pw=0.8151 val_pair=0.3365 21s
 step  194000 loss=0.00247 val_exact=0.0415 val_pw=0.8969 val_pair=0.4840 20s
 step  196000 loss=0.00245 val_exact=0.0000 val_pw=0.6946 val_pair=0.0230 21s
 step  198000 loss=0.00244 val_exact=0.0000 val_pw=0.7397 val_pair=0.0745 21s
 step  200000 loss=0.00243 val_exact=0.0005 val_pw=0.7086 val_pair=0.0365 21s
 step  202000 loss=0.00243 val_exact=0.0000 val_pw=0.7454 val_pair=0.0425 21s
 step  204000 loss=0.00241 val_exact=0.0000 val_pw=0.6528 val_pair=0.0100 21s
 step  206000 loss=0.00241 val_exact=0.0005 val_pw=0.7080 val_pair=0.0610 21s
 step  208000 loss=0.00240 val_exact=0.0000 val_pw=0.7138 val_pair=0.0230 21s
 step  210000 loss=0.00239 val_exact=0.0000 val_pw=0.6637 val_pair=0.0080 21s
 step  212000 loss=0.00238 val_exact=0.0000 val_pw=0.6588 val_pair=0.0050 21s
 step  214000 loss=0.00237 val_exact=0.0000 val_pw=0.6927 val_pair=0.0165 20s
 step  216000 loss=0.00237 val_exact=0.0000 val_pw=0.6541 val_pair=0.0105 20s
 step  218000 loss=0.00235 val_exact=0.0000 val_pw=0.6485 val_pair=0.0010 20s
 step  220000 loss=0.00235 val_exact=0.0000 val_pw=0.6640 val_pair=0.0050 21s
 step  222000 loss=0.00234 val_exact=0.0000 val_pw=0.7152 val_pair=0.0075 21s
 step  224000 loss=0.00233 val_exact=0.0000 val_pw=0.6597 val_pair=0.0045 21s
 step  226000 loss=0.00232 val_exact=0.0000 val_pw=0.6833 val_pair=0.0050 21s
 step  228000 loss=0.00232 val_exact=0.0000 val_pw=0.6584 val_pair=0.0045 21s
 step  230000 loss=0.00231 val_exact=0.0000 val_pw=0.6522 val_pair=0.0000 21s
 step  232000 loss=0.00231 val_exact=0.0000 val_pw=0.7106 val_pair=0.0450 21s
 step  234000 loss=0.00230 val_exact=0.0000 val_pw=0.6494 val_pair=0.0010 21s
 step  236000 loss=0.00230 val_exact=0.0000 val_pw=0.6448 val_pair=0.0000 20s
 step  238000 loss=0.00229 val_exact=0.0000 val_pw=0.6796 val_pair=0.0010 20s
 step  240000 loss=0.00228 val_exact=0.0000 val_pw=0.6581 val_pair=0.0010 21s
 step  242000 loss=0.00228 val_exact=0.0000 val_pw=0.6314 val_pair=0.0010 21s
 step  244000 loss=0.00227 val_exact=0.0000 val_pw=0.6409 val_pair=0.0010 21s
 step  246000 loss=0.00227 val_exact=0.0000 val_pw=0.6369 val_pair=0.0000 21s
 step  248000 loss=0.00226 val_exact=0.0000 val_pw=0.6398 val_pair=0.0010 21s
 step  250000 loss=0.00226 val_exact=0.0000 val_pw=0.6356 val_pair=0.0005 21s
 step  252000 loss=0.00225 val_exact=0.0000 val_pw=0.6447 val_pair=0.0005 21s
 step  254000 loss=0.00225 val_exact=0.0000 val_pw=0.6468 val_pair=0.0005 20s
 step  256000 loss=0.00224 val_exact=0.0000 val_pw=0.6314 val_pair=0.0000 21s
 step  258000 loss=0.00224 val_exact=0.0000 val_pw=0.6380 val_pair=0.0000 21s
 step  260000 loss=0.00224 val_exact=0.0000 val_pw=0.6325 val_pair=0.0010 21s
 step  262000 loss=0.00223 val_exact=0.0000 val_pw=0.6265 val_pair=0.0005 21s
 step  264000 loss=0.00223 val_exact=0.0000 val_pw=0.6221 val_pair=0.0000 21s
 step  266000 loss=0.00223 val_exact=0.0000 val_pw=0.6255 val_pair=0.0000 21s
 step  268000 loss=0.00222 val_exact=0.0000 val_pw=0.6353 val_pair=0.0000 21s
 step  270000 loss=0.00222 val_exact=0.0000 val_pw=0.6269 val_pair=0.0000 21s
 step  272000 loss=0.00222 val_exact=0.0000 val_pw=0.6176 val_pair=0.0000 21s
 step  274000 loss=0.00222 val_exact=0.0000 val_pw=0.6292 val_pair=0.0000 21s
 step  276000 loss=0.00221 val_exact=0.0000 val_pw=0.6298 val_pair=0.0005 21s
 step  278000 loss=0.00221 val_exact=0.0000 val_pw=0.6232 val_pair=0.0000 21s
 step  280000 loss=0.00221 val_exact=0.0000 val_pw=0.6191 val_pair=0.0000 20s
 step  282000 loss=0.00221 val_exact=0.0000 val_pw=0.6324 val_pair=0.0000 21s
 step  284000 loss=0.00221 val_exact=0.0000 val_pw=0.6265 val_pair=0.0000 21s
 step  286000 loss=0.00221 val_exact=0.0000 val_pw=0.6304 val_pair=0.0000 21s
 step  288000 loss=0.00220 val_exact=0.0000 val_pw=0.6281 val_pair=0.0000 21s
 step  290000 loss=0.00221 val_exact=0.0000 val_pw=0.6282 val_pair=0.0000 21s
 step  292000 loss=0.00220 val_exact=0.0000 val_pw=0.6290 val_pair=0.0000 21s
 step  294000 loss=0.00221 val_exact=0.0000 val_pw=0.6268 val_pair=0.0000 21s
 step  296000 loss=0.00220 val_exact=0.0000 val_pw=0.6301 val_pair=0.0000 21s
 step  298000 loss=0.00220 val_exact=0.0000 val_pw=0.6260 val_pair=0.0000 21s
 step  300000 loss=0.00220 val_exact=0.0000 val_pw=0.6279 val_pair=0.0000 21s
done. steps_to={'pair_0.9': 2000, 'pair_0.99': 2000, 'pair_0.999': 2000, 'exact_0.9': 2000, 'exact_0.99': 2000, 'exact_0.999': 2000}  best exact=1.0000  -> runs/report6/multipath_train/n40_k2_ell5_clean_roberta_linear_seed1000
