task 0 -> n=40 k=1 ell=7 trunc=0 seed=1000
== n40_k1_ell7_clean_roberta_linear_seed1000 ==
 device=cuda arch=roberta readout=linear n=40 k=1 ell=7 trunc_frac=0.0 params=6,347,304
 step    2000 loss=0.48370 val_exact=0.0000 val_pw=0.9577 val_pair=1.0000 21s
 step    4000 loss=0.22897 val_exact=0.0000 val_pw=0.9691 val_pair=1.0000 21s
 step    6000 loss=0.20862 val_exact=0.0000 val_pw=0.9333 val_pair=1.0000 21s
 step    8000 loss=0.18370 val_exact=0.0000 val_pw=0.9833 val_pair=1.0000 20s
 step   10000 loss=0.16182 val_exact=0.0000 val_pw=0.9934 val_pair=1.0000 20s
 step   12000 loss=0.13954 val_exact=0.0035 val_pw=0.9968 val_pair=1.0000 21s
 step   14000 loss=0.11158 val_exact=0.3405 val_pw=0.9995 val_pair=1.0000 21s
 step   16000 loss=0.07599 val_exact=0.8015 val_pw=0.9998 val_pair=1.0000 21s
 step   18000 loss=0.04576 val_exact=1.0000 val_pw=1.0000 val_pair=1.0000 20s
 step   20000 loss=0.03356 val_exact=1.0000 val_pw=1.0000 val_pair=1.0000 20s
 step   22000 loss=0.02714 val_exact=1.0000 val_pw=1.0000 val_pair=1.0000 21s
 step   24000 loss=0.02369 val_exact=1.0000 val_pw=1.0000 val_pair=1.0000 20s
 step   26000 loss=0.02095 val_exact=1.0000 val_pw=1.0000 val_pair=1.0000 20s
 step   28000 loss=0.01910 val_exact=1.0000 val_pw=1.0000 val_pair=1.0000 21s
 step   30000 loss=0.01740 val_exact=1.0000 val_pw=1.0000 val_pair=1.0000 20s
 step   32000 loss=0.01607 val_exact=1.0000 val_pw=1.0000 val_pair=1.0000 20s
 step   34000 loss=0.01500 val_exact=1.0000 val_pw=1.0000 val_pair=1.0000 20s
 step   36000 loss=0.01402 val_exact=1.0000 val_pw=1.0000 val_pair=1.0000 20s
 step   38000 loss=0.01323 val_exact=1.0000 val_pw=1.0000 val_pair=1.0000 21s
 step   40000 loss=0.01247 val_exact=1.0000 val_pw=1.0000 val_pair=1.0000 20s
 step   42000 loss=0.01184 val_exact=1.0000 val_pw=1.0000 val_pair=1.0000 21s
 step   44000 loss=0.01123 val_exact=1.0000 val_pw=1.0000 val_pair=1.0000 20s
 step   46000 loss=0.01070 val_exact=1.0000 val_pw=1.0000 val_pair=1.0000 21s
 step   48000 loss=0.01021 val_exact=1.0000 val_pw=1.0000 val_pair=1.0000 20s
 step   50000 loss=0.00975 val_exact=1.0000 val_pw=1.0000 val_pair=1.0000 20s
 step   52000 loss=0.00937 val_exact=1.0000 val_pw=1.0000 val_pair=1.0000 20s
 step   54000 loss=0.00898 val_exact=1.0000 val_pw=1.0000 val_pair=1.0000 21s
 step   56000 loss=0.00861 val_exact=1.0000 val_pw=1.0000 val_pair=1.0000 21s
 step   58000 loss=0.00826 val_exact=1.0000 val_pw=1.0000 val_pair=1.0000 21s
 step   60000 loss=0.00798 val_exact=1.0000 val_pw=1.0000 val_pair=1.0000 21s
 step   62000 loss=0.00769 val_exact=1.0000 val_pw=1.0000 val_pair=1.0000 21s
 step   64000 loss=0.00739 val_exact=1.0000 val_pw=1.0000 val_pair=1.0000 20s
 step   66000 loss=0.00715 val_exact=1.0000 val_pw=1.0000 val_pair=1.0000 21s
 step   68000 loss=0.00693 val_exact=1.0000 val_pw=1.0000 val_pair=1.0000 21s
 step   70000 loss=0.00670 val_exact=1.0000 val_pw=1.0000 val_pair=1.0000 21s
 step   72000 loss=0.00650 val_exact=1.0000 val_pw=1.0000 val_pair=1.0000 21s
 step   74000 loss=0.00632 val_exact=1.0000 val_pw=1.0000 val_pair=1.0000 21s
 step   76000 loss=0.00614 val_exact=1.0000 val_pw=1.0000 val_pair=1.0000 20s
 step   78000 loss=0.00597 val_exact=1.0000 val_pw=1.0000 val_pair=1.0000 21s
 step   80000 loss=0.00582 val_exact=1.0000 val_pw=1.0000 val_pair=1.0000 21s
 step   82000 loss=0.00570 val_exact=1.0000 val_pw=1.0000 val_pair=1.0000 21s
 step   84000 loss=0.00557 val_exact=1.0000 val_pw=1.0000 val_pair=1.0000 21s
 step   86000 loss=0.00545 val_exact=1.0000 val_pw=1.0000 val_pair=1.0000 21s
 step   88000 loss=0.00536 val_exact=1.0000 val_pw=1.0000 val_pair=1.0000 21s
 step   90000 loss=0.00525 val_exact=1.0000 val_pw=1.0000 val_pair=1.0000 20s
 step   92000 loss=0.00513 val_exact=1.0000 val_pw=1.0000 val_pair=1.0000 21s
 step   94000 loss=0.00504 val_exact=1.0000 val_pw=1.0000 val_pair=1.0000 21s
 step   96000 loss=0.00494 val_exact=1.0000 val_pw=1.0000 val_pair=1.0000 21s
 step   98000 loss=0.00488 val_exact=1.0000 val_pw=1.0000 val_pair=1.0000 21s
 step  100000 loss=0.00478 val_exact=1.0000 val_pw=1.0000 val_pair=1.0000 21s
 step  102000 loss=0.00469 val_exact=1.0000 val_pw=1.0000 val_pair=1.0000 21s
 step  104000 loss=0.00463 val_exact=1.0000 val_pw=1.0000 val_pair=1.0000 21s
 step  106000 loss=0.00456 val_exact=1.0000 val_pw=1.0000 val_pair=1.0000 21s
 step  108000 loss=0.00448 val_exact=1.0000 val_pw=1.0000 val_pair=1.0000 21s
 step  110000 loss=0.00443 val_exact=1.0000 val_pw=1.0000 val_pair=1.0000 20s
 step  112000 loss=0.00437 val_exact=1.0000 val_pw=1.0000 val_pair=1.0000 21s
 step  114000 loss=0.00431 val_exact=1.0000 val_pw=1.0000 val_pair=1.0000 20s
 step  116000 loss=0.00426 val_exact=1.0000 val_pw=1.0000 val_pair=1.0000 21s
 step  118000 loss=0.00419 val_exact=1.0000 val_pw=1.0000 val_pair=1.0000 20s
 step  120000 loss=0.00414 val_exact=1.0000 val_pw=1.0000 val_pair=1.0000 20s
 step  122000 loss=0.00409 val_exact=1.0000 val_pw=1.0000 val_pair=1.0000 21s
 step  124000 loss=0.00403 val_exact=1.0000 val_pw=1.0000 val_pair=1.0000 21s
 step  126000 loss=0.00401 val_exact=1.0000 val_pw=1.0000 val_pair=1.0000 21s
 step  128000 loss=0.00394 val_exact=1.0000 val_pw=1.0000 val_pair=1.0000 21s
 step  130000 loss=0.00390 val_exact=1.0000 val_pw=1.0000 val_pair=1.0000 21s
 step  132000 loss=0.00386 val_exact=1.0000 val_pw=1.0000 val_pair=1.0000 20s
 step  134000 loss=0.00383 val_exact=1.0000 val_pw=1.0000 val_pair=1.0000 20s
 step  136000 loss=0.00378 val_exact=1.0000 val_pw=1.0000 val_pair=1.0000 21s
 step  138000 loss=0.00375 val_exact=1.0000 val_pw=1.0000 val_pair=1.0000 20s
 step  140000 loss=0.00369 val_exact=1.0000 val_pw=1.0000 val_pair=1.0000 21s
 step  142000 loss=0.00367 val_exact=1.0000 val_pw=1.0000 val_pair=1.0000 21s
 step  144000 loss=0.00362 val_exact=1.0000 val_pw=1.0000 val_pair=1.0000 21s
 step  146000 loss=0.00360 val_exact=1.0000 val_pw=1.0000 val_pair=1.0000 21s
 step  148000 loss=0.00357 val_exact=1.0000 val_pw=1.0000 val_pair=1.0000 21s
 step  150000 loss=0.00353 val_exact=1.0000 val_pw=1.0000 val_pair=1.0000 20s
 step  152000 loss=0.00349 val_exact=1.0000 val_pw=1.0000 val_pair=1.0000 21s
 step  154000 loss=0.00346 val_exact=1.0000 val_pw=1.0000 val_pair=1.0000 21s
 step  156000 loss=0.00343 val_exact=1.0000 val_pw=1.0000 val_pair=1.0000 20s
 step  158000 loss=0.00341 val_exact=1.0000 val_pw=1.0000 val_pair=1.0000 21s
 step  160000 loss=0.00338 val_exact=1.0000 val_pw=1.0000 val_pair=1.0000 21s
 step  162000 loss=0.00335 val_exact=1.0000 val_pw=1.0000 val_pair=1.0000 21s
 step  164000 loss=0.00331 val_exact=1.0000 val_pw=1.0000 val_pair=1.0000 21s
 step  166000 loss=0.00329 val_exact=1.0000 val_pw=1.0000 val_pair=1.0000 20s
 step  168000 loss=0.00327 val_exact=1.0000 val_pw=1.0000 val_pair=1.0000 21s
 step  170000 loss=0.00323 val_exact=1.0000 val_pw=1.0000 val_pair=1.0000 21s
 step  172000 loss=0.00321 val_exact=1.0000 val_pw=1.0000 val_pair=1.0000 21s
 step  174000 loss=0.00318 val_exact=1.0000 val_pw=1.0000 val_pair=1.0000 21s
 step  176000 loss=0.00317 val_exact=1.0000 val_pw=1.0000 val_pair=1.0000 21s
 step  178000 loss=0.00314 val_exact=1.0000 val_pw=1.0000 val_pair=1.0000 20s
 step  180000 loss=0.00311 val_exact=1.0000 val_pw=1.0000 val_pair=1.0000 20s
 step  182000 loss=0.00309 val_exact=1.0000 val_pw=1.0000 val_pair=1.0000 20s
 step  184000 loss=0.00307 val_exact=1.0000 val_pw=1.0000 val_pair=1.0000 20s
 step  186000 loss=0.00305 val_exact=1.0000 val_pw=1.0000 val_pair=1.0000 20s
 step  188000 loss=0.00303 val_exact=1.0000 val_pw=1.0000 val_pair=1.0000 21s
 step  190000 loss=0.00300 val_exact=1.0000 val_pw=1.0000 val_pair=1.0000 21s
 step  192000 loss=0.00299 val_exact=1.0000 val_pw=1.0000 val_pair=1.0000 21s
 step  194000 loss=0.00296 val_exact=1.0000 val_pw=1.0000 val_pair=1.0000 21s
 step  196000 loss=0.00294 val_exact=1.0000 val_pw=1.0000 val_pair=1.0000 21s
 step  198000 loss=0.00292 val_exact=1.0000 val_pw=1.0000 val_pair=1.0000 20s
 step  200000 loss=0.00291 val_exact=1.0000 val_pw=1.0000 val_pair=1.0000 20s
 step  202000 loss=0.00289 val_exact=1.0000 val_pw=1.0000 val_pair=1.0000 21s
 step  204000 loss=0.00287 val_exact=1.0000 val_pw=1.0000 val_pair=1.0000 21s
 step  206000 loss=0.00285 val_exact=1.0000 val_pw=1.0000 val_pair=1.0000 21s
 step  208000 loss=0.00284 val_exact=1.0000 val_pw=1.0000 val_pair=1.0000 21s
 step  210000 loss=0.00281 val_exact=1.0000 val_pw=1.0000 val_pair=1.0000 21s
 step  212000 loss=0.00280 val_exact=1.0000 val_pw=1.0000 val_pair=1.0000 21s
 step  214000 loss=0.00279 val_exact=1.0000 val_pw=1.0000 val_pair=1.0000 21s
 step  216000 loss=0.00277 val_exact=1.0000 val_pw=1.0000 val_pair=1.0000 21s
 step  218000 loss=0.00275 val_exact=1.0000 val_pw=1.0000 val_pair=1.0000 21s
 step  220000 loss=0.00274 val_exact=1.0000 val_pw=1.0000 val_pair=1.0000 21s
 step  222000 loss=0.00272 val_exact=1.0000 val_pw=1.0000 val_pair=1.0000 20s
 step  224000 loss=0.00271 val_exact=1.0000 val_pw=1.0000 val_pair=1.0000 21s
 step  226000 loss=0.00270 val_exact=1.0000 val_pw=1.0000 val_pair=1.0000 20s
 step  228000 loss=0.00268 val_exact=1.0000 val_pw=1.0000 val_pair=1.0000 21s
 step  230000 loss=0.00268 val_exact=1.0000 val_pw=1.0000 val_pair=1.0000 21s
 step  232000 loss=0.00267 val_exact=1.0000 val_pw=1.0000 val_pair=1.0000 21s
 step  234000 loss=0.00264 val_exact=1.0000 val_pw=1.0000 val_pair=1.0000 21s
 step  236000 loss=0.00264 val_exact=1.0000 val_pw=1.0000 val_pair=1.0000 21s
 step  238000 loss=0.00263 val_exact=1.0000 val_pw=1.0000 val_pair=1.0000 21s
 step  240000 loss=0.00260 val_exact=1.0000 val_pw=1.0000 val_pair=1.0000 21s
 step  242000 loss=0.00260 val_exact=1.0000 val_pw=1.0000 val_pair=1.0000 21s
 step  244000 loss=0.00258 val_exact=1.0000 val_pw=1.0000 val_pair=1.0000 21s
 step  246000 loss=0.00259 val_exact=1.0000 val_pw=1.0000 val_pair=1.0000 21s
 step  248000 loss=0.00257 val_exact=1.0000 val_pw=1.0000 val_pair=1.0000 21s
 step  250000 loss=0.00256 val_exact=1.0000 val_pw=1.0000 val_pair=1.0000 21s
 step  252000 loss=0.00255 val_exact=1.0000 val_pw=1.0000 val_pair=1.0000 21s
 step  254000 loss=0.00254 val_exact=1.0000 val_pw=1.0000 val_pair=1.0000 20s
 step  256000 loss=0.00253 val_exact=1.0000 val_pw=1.0000 val_pair=1.0000 20s
 step  258000 loss=0.00253 val_exact=1.0000 val_pw=1.0000 val_pair=1.0000 21s
 step  260000 loss=0.00251 val_exact=1.0000 val_pw=1.0000 val_pair=1.0000 20s
 step  262000 loss=0.00251 val_exact=1.0000 val_pw=1.0000 val_pair=1.0000 20s
 step  264000 loss=0.00251 val_exact=1.0000 val_pw=1.0000 val_pair=1.0000 21s
 step  266000 loss=0.00250 val_exact=1.0000 val_pw=1.0000 val_pair=1.0000 21s
 step  268000 loss=0.00249 val_exact=1.0000 val_pw=1.0000 val_pair=1.0000 20s
 step  270000 loss=0.00249 val_exact=1.0000 val_pw=1.0000 val_pair=1.0000 20s
 step  272000 loss=0.00248 val_exact=1.0000 val_pw=1.0000 val_pair=1.0000 21s
 step  274000 loss=0.00248 val_exact=1.0000 val_pw=1.0000 val_pair=1.0000 21s
 step  276000 loss=0.00246 val_exact=1.0000 val_pw=1.0000 val_pair=1.0000 21s
 step  278000 loss=0.00247 val_exact=1.0000 val_pw=1.0000 val_pair=1.0000 21s
 step  280000 loss=0.00246 val_exact=1.0000 val_pw=1.0000 val_pair=1.0000 20s
 step  282000 loss=0.00247 val_exact=1.0000 val_pw=1.0000 val_pair=1.0000 21s
 step  284000 loss=0.00246 val_exact=1.0000 val_pw=1.0000 val_pair=1.0000 21s
 step  286000 loss=0.00247 val_exact=1.0000 val_pw=1.0000 val_pair=1.0000 21s
 step  288000 loss=0.00245 val_exact=1.0000 val_pw=1.0000 val_pair=1.0000 21s
 step  290000 loss=0.00246 val_exact=1.0000 val_pw=1.0000 val_pair=1.0000 21s
 step  292000 loss=0.00245 val_exact=1.0000 val_pw=1.0000 val_pair=1.0000 21s
 step  294000 loss=0.00245 val_exact=1.0000 val_pw=1.0000 val_pair=1.0000 20s
 step  296000 loss=0.00245 val_exact=1.0000 val_pw=1.0000 val_pair=1.0000 20s
 step  298000 loss=0.00245 val_exact=1.0000 val_pw=1.0000 val_pair=1.0000 21s
 step  300000 loss=0.00244 val_exact=1.0000 val_pw=1.0000 val_pair=1.0000 21s
done. steps_to={'pair_0.9': 2000, 'pair_0.99': 2000, 'pair_0.999': 2000, 'exact_0.9': 18000, 'exact_0.99': 18000, 'exact_0.999': 18000}  best exact=1.0000  -> runs/report6/multipath_train/n40_k1_ell7_clean_roberta_linear_seed1000
