task 30 -> n=40 k=2 ell=13 trunc=0 seed=3000
== n40_k2_ell13_clean_roberta_linear_seed3000 ==
 device=cuda arch=roberta readout=linear n=40 k=2 ell=13 trunc_frac=0.0 params=6,347,304
 step    2000 loss=0.52896 val_exact=0.0000 val_pw=0.8253 val_pair=1.0000 21s
 step    4000 loss=0.40798 val_exact=0.0000 val_pw=0.9242 val_pair=1.0000 20s
 step    6000 loss=0.33525 val_exact=0.0000 val_pw=0.9408 val_pair=1.0000 20s
 step    8000 loss=0.26970 val_exact=0.0000 val_pw=0.9610 val_pair=1.0000 20s
 step   10000 loss=0.23243 val_exact=0.0000 val_pw=0.9682 val_pair=1.0000 20s
 step   12000 loss=0.21180 val_exact=0.0000 val_pw=0.9620 val_pair=1.0000 21s
 step   14000 loss=0.18519 val_exact=0.0000 val_pw=0.9799 val_pair=1.0000 20s
 step   16000 loss=0.16386 val_exact=0.0040 val_pw=0.9863 val_pair=1.0000 20s
 step   18000 loss=0.15093 val_exact=0.1635 val_pw=0.9965 val_pair=1.0000 20s
 step   20000 loss=0.14497 val_exact=0.6045 val_pw=0.9993 val_pair=1.0000 20s
 step   22000 loss=0.13102 val_exact=0.6735 val_pw=0.9989 val_pair=1.0000 20s
 step   24000 loss=0.11471 val_exact=0.6775 val_pw=0.9986 val_pair=1.0000 20s
 step   26000 loss=0.10125 val_exact=0.9090 val_pw=0.9997 val_pair=1.0000 20s
 step   28000 loss=0.09135 val_exact=0.9700 val_pw=1.0000 val_pair=1.0000 21s
 step   30000 loss=0.07885 val_exact=0.9470 val_pw=0.9999 val_pair=1.0000 20s
 step   32000 loss=0.07079 val_exact=0.9745 val_pw=1.0000 val_pair=1.0000 20s
 step   34000 loss=0.06462 val_exact=0.9830 val_pw=1.0000 val_pair=1.0000 20s
 step   36000 loss=0.05987 val_exact=0.9820 val_pw=1.0000 val_pair=1.0000 20s
 step   38000 loss=0.05575 val_exact=0.9715 val_pw=1.0000 val_pair=1.0000 20s
 step   40000 loss=0.05227 val_exact=0.9970 val_pw=1.0000 val_pair=1.0000 20s
 step   42000 loss=0.04772 val_exact=0.9910 val_pw=1.0000 val_pair=1.0000 20s
 step   44000 loss=0.04420 val_exact=0.9615 val_pw=0.9999 val_pair=1.0000 20s
 step   46000 loss=0.04217 val_exact=0.9935 val_pw=1.0000 val_pair=1.0000 20s
 step   48000 loss=0.04020 val_exact=0.9900 val_pw=1.0000 val_pair=1.0000 20s
 step   50000 loss=0.03868 val_exact=0.9990 val_pw=1.0000 val_pair=1.0000 20s
 step   52000 loss=0.03734 val_exact=0.9350 val_pw=0.9999 val_pair=1.0000 21s
 step   54000 loss=0.03609 val_exact=0.9960 val_pw=1.0000 val_pair=1.0000 21s
 step   56000 loss=0.03487 val_exact=1.0000 val_pw=1.0000 val_pair=1.0000 20s
 step   58000 loss=0.03404 val_exact=0.9975 val_pw=1.0000 val_pair=1.0000 20s
 step   60000 loss=0.03337 val_exact=0.9990 val_pw=1.0000 val_pair=1.0000 20s
 step   62000 loss=0.03220 val_exact=0.9985 val_pw=1.0000 val_pair=1.0000 20s
 step   64000 loss=0.03154 val_exact=0.9995 val_pw=1.0000 val_pair=1.0000 20s
 step   66000 loss=0.03084 val_exact=0.9995 val_pw=1.0000 val_pair=1.0000 20s
 step   68000 loss=0.03020 val_exact=1.0000 val_pw=1.0000 val_pair=1.0000 20s
 step   70000 loss=0.02967 val_exact=0.9990 val_pw=1.0000 val_pair=1.0000 20s
 step   72000 loss=0.02932 val_exact=0.9995 val_pw=1.0000 val_pair=1.0000 21s
 step   74000 loss=0.02846 val_exact=1.0000 val_pw=1.0000 val_pair=1.0000 20s
 step   76000 loss=0.02804 val_exact=1.0000 val_pw=1.0000 val_pair=1.0000 20s
 step   78000 loss=0.02770 val_exact=0.9980 val_pw=1.0000 val_pair=1.0000 20s
 step   80000 loss=0.02724 val_exact=1.0000 val_pw=1.0000 val_pair=1.0000 20s
 step   82000 loss=0.02693 val_exact=1.0000 val_pw=1.0000 val_pair=1.0000 20s
 step   84000 loss=0.02653 val_exact=1.0000 val_pw=1.0000 val_pair=1.0000 21s
 step   86000 loss=0.02609 val_exact=1.0000 val_pw=1.0000 val_pair=1.0000 20s
 step   88000 loss=0.02588 val_exact=1.0000 val_pw=1.0000 val_pair=1.0000 20s
 step   90000 loss=0.02545 val_exact=1.0000 val_pw=1.0000 val_pair=1.0000 20s
 step   92000 loss=0.02516 val_exact=1.0000 val_pw=1.0000 val_pair=1.0000 20s
 step   94000 loss=0.02491 val_exact=1.0000 val_pw=1.0000 val_pair=1.0000 20s
 step   96000 loss=0.02459 val_exact=0.9980 val_pw=1.0000 val_pair=1.0000 20s
 step   98000 loss=0.02436 val_exact=1.0000 val_pw=1.0000 val_pair=1.0000 20s
 step  100000 loss=0.02406 val_exact=1.0000 val_pw=1.0000 val_pair=1.0000 20s
 step  102000 loss=0.02393 val_exact=1.0000 val_pw=1.0000 val_pair=1.0000 21s
 step  104000 loss=0.02357 val_exact=1.0000 val_pw=1.0000 val_pair=1.0000 20s
 step  106000 loss=0.02336 val_exact=1.0000 val_pw=1.0000 val_pair=1.0000 20s
 step  108000 loss=0.02318 val_exact=1.0000 val_pw=1.0000 val_pair=1.0000 20s
 step  110000 loss=0.02296 val_exact=1.0000 val_pw=1.0000 val_pair=1.0000 21s
 step  112000 loss=0.02277 val_exact=1.0000 val_pw=1.0000 val_pair=1.0000 21s
 step  114000 loss=0.02257 val_exact=0.9995 val_pw=1.0000 val_pair=1.0000 21s
 step  116000 loss=0.02238 val_exact=1.0000 val_pw=1.0000 val_pair=1.0000 21s
 step  118000 loss=0.02224 val_exact=1.0000 val_pw=1.0000 val_pair=1.0000 20s
 step  120000 loss=0.02198 val_exact=1.0000 val_pw=1.0000 val_pair=1.0000 20s
 step  122000 loss=0.02184 val_exact=1.0000 val_pw=1.0000 val_pair=1.0000 21s
 step  124000 loss=0.02165 val_exact=1.0000 val_pw=1.0000 val_pair=1.0000 20s
 step  126000 loss=0.02155 val_exact=1.0000 val_pw=1.0000 val_pair=1.0000 20s
 step  128000 loss=0.02132 val_exact=1.0000 val_pw=1.0000 val_pair=1.0000 20s
 step  130000 loss=0.02117 val_exact=1.0000 val_pw=1.0000 val_pair=1.0000 20s
 step  132000 loss=0.02101 val_exact=1.0000 val_pw=1.0000 val_pair=1.0000 21s
 step  134000 loss=0.02091 val_exact=1.0000 val_pw=1.0000 val_pair=1.0000 20s
 step  136000 loss=0.02075 val_exact=1.0000 val_pw=1.0000 val_pair=1.0000 20s
 step  138000 loss=0.02060 val_exact=1.0000 val_pw=1.0000 val_pair=1.0000 20s
 step  140000 loss=0.02047 val_exact=1.0000 val_pw=1.0000 val_pair=1.0000 20s
 step  142000 loss=0.02034 val_exact=1.0000 val_pw=1.0000 val_pair=1.0000 20s
 step  144000 loss=0.02023 val_exact=1.0000 val_pw=1.0000 val_pair=1.0000 20s
 step  146000 loss=0.02008 val_exact=1.0000 val_pw=1.0000 val_pair=1.0000 20s
 step  148000 loss=0.02000 val_exact=1.0000 val_pw=1.0000 val_pair=1.0000 20s
 step  150000 loss=0.01988 val_exact=1.0000 val_pw=1.0000 val_pair=1.0000 20s
 step  152000 loss=0.01978 val_exact=1.0000 val_pw=1.0000 val_pair=1.0000 20s
 step  154000 loss=0.01965 val_exact=1.0000 val_pw=1.0000 val_pair=1.0000 20s
 step  156000 loss=0.01953 val_exact=1.0000 val_pw=1.0000 val_pair=1.0000 20s
 step  158000 loss=0.01947 val_exact=1.0000 val_pw=1.0000 val_pair=1.0000 20s
 step  160000 loss=0.01934 val_exact=1.0000 val_pw=1.0000 val_pair=1.0000 20s
 step  162000 loss=0.01926 val_exact=1.0000 val_pw=1.0000 val_pair=1.0000 20s
 step  164000 loss=0.01915 val_exact=1.0000 val_pw=1.0000 val_pair=1.0000 20s
 step  166000 loss=0.01905 val_exact=1.0000 val_pw=1.0000 val_pair=1.0000 21s
 step  168000 loss=0.01895 val_exact=1.0000 val_pw=1.0000 val_pair=1.0000 20s
 step  170000 loss=0.01887 val_exact=1.0000 val_pw=1.0000 val_pair=1.0000 20s
 step  172000 loss=0.01876 val_exact=1.0000 val_pw=1.0000 val_pair=1.0000 20s
 step  174000 loss=0.01869 val_exact=1.0000 val_pw=1.0000 val_pair=1.0000 20s
 step  176000 loss=0.01862 val_exact=1.0000 val_pw=1.0000 val_pair=1.0000 20s
 step  178000 loss=0.01853 val_exact=1.0000 val_pw=1.0000 val_pair=1.0000 20s
 step  180000 loss=0.01844 val_exact=1.0000 val_pw=1.0000 val_pair=1.0000 20s
 step  182000 loss=0.01838 val_exact=1.0000 val_pw=1.0000 val_pair=1.0000 20s
 step  184000 loss=0.01830 val_exact=1.0000 val_pw=1.0000 val_pair=1.0000 20s
 step  186000 loss=0.01823 val_exact=1.0000 val_pw=1.0000 val_pair=1.0000 21s
 step  188000 loss=0.01813 val_exact=1.0000 val_pw=1.0000 val_pair=1.0000 21s
 step  190000 loss=0.01807 val_exact=1.0000 val_pw=1.0000 val_pair=1.0000 20s
 step  192000 loss=0.01803 val_exact=1.0000 val_pw=1.0000 val_pair=1.0000 20s
 step  194000 loss=0.01797 val_exact=1.0000 val_pw=1.0000 val_pair=1.0000 21s
 step  196000 loss=0.01785 val_exact=1.0000 val_pw=1.0000 val_pair=1.0000 20s
 step  198000 loss=0.01779 val_exact=1.0000 val_pw=1.0000 val_pair=1.0000 20s
 step  200000 loss=0.01773 val_exact=1.0000 val_pw=1.0000 val_pair=1.0000 20s
 step  202000 loss=0.01768 val_exact=1.0000 val_pw=1.0000 val_pair=1.0000 20s
 step  204000 loss=0.01760 val_exact=1.0000 val_pw=1.0000 val_pair=1.0000 20s
 step  206000 loss=0.01755 val_exact=1.0000 val_pw=1.0000 val_pair=1.0000 20s
 step  208000 loss=0.01750 val_exact=1.0000 val_pw=1.0000 val_pair=1.0000 20s
 step  210000 loss=0.01745 val_exact=1.0000 val_pw=1.0000 val_pair=1.0000 20s
 step  212000 loss=0.01738 val_exact=1.0000 val_pw=1.0000 val_pair=1.0000 20s
 step  214000 loss=0.01735 val_exact=1.0000 val_pw=1.0000 val_pair=1.0000 20s
 step  216000 loss=0.01727 val_exact=1.0000 val_pw=1.0000 val_pair=1.0000 20s
 step  218000 loss=0.01722 val_exact=1.0000 val_pw=1.0000 val_pair=1.0000 20s
 step  220000 loss=0.01717 val_exact=1.0000 val_pw=1.0000 val_pair=1.0000 20s
 step  222000 loss=0.01711 val_exact=1.0000 val_pw=1.0000 val_pair=1.0000 20s
 step  224000 loss=0.01708 val_exact=1.0000 val_pw=1.0000 val_pair=1.0000 20s
 step  226000 loss=0.01700 val_exact=1.0000 val_pw=1.0000 val_pair=1.0000 21s
 step  228000 loss=0.01700 val_exact=1.0000 val_pw=1.0000 val_pair=1.0000 20s
 step  230000 loss=0.01694 val_exact=1.0000 val_pw=1.0000 val_pair=1.0000 20s
 step  232000 loss=0.01688 val_exact=1.0000 val_pw=1.0000 val_pair=1.0000 20s
 step  234000 loss=0.01688 val_exact=1.0000 val_pw=1.0000 val_pair=1.0000 20s
 step  236000 loss=0.01681 val_exact=1.0000 val_pw=1.0000 val_pair=1.0000 20s
 step  238000 loss=0.01678 val_exact=1.0000 val_pw=1.0000 val_pair=1.0000 20s
 step  240000 loss=0.01674 val_exact=1.0000 val_pw=1.0000 val_pair=1.0000 20s
 step  242000 loss=0.01667 val_exact=1.0000 val_pw=1.0000 val_pair=1.0000 20s
 step  244000 loss=0.01668 val_exact=1.0000 val_pw=1.0000 val_pair=1.0000 20s
 step  246000 loss=0.01662 val_exact=1.0000 val_pw=1.0000 val_pair=1.0000 20s
 step  248000 loss=0.01658 val_exact=1.0000 val_pw=1.0000 val_pair=1.0000 20s
 step  250000 loss=0.01654 val_exact=1.0000 val_pw=1.0000 val_pair=1.0000 20s
 step  252000 loss=0.01654 val_exact=1.0000 val_pw=1.0000 val_pair=1.0000 20s
 step  254000 loss=0.01649 val_exact=1.0000 val_pw=1.0000 val_pair=1.0000 20s
 step  256000 loss=0.01648 val_exact=1.0000 val_pw=1.0000 val_pair=1.0000 21s
 step  258000 loss=0.01643 val_exact=1.0000 val_pw=1.0000 val_pair=1.0000 20s
 step  260000 loss=0.01642 val_exact=1.0000 val_pw=1.0000 val_pair=1.0000 20s
 step  262000 loss=0.01638 val_exact=1.0000 val_pw=1.0000 val_pair=1.0000 20s
 step  264000 loss=0.01636 val_exact=1.0000 val_pw=1.0000 val_pair=1.0000 20s
 step  266000 loss=0.01634 val_exact=1.0000 val_pw=1.0000 val_pair=1.0000 20s
 step  268000 loss=0.01631 val_exact=1.0000 val_pw=1.0000 val_pair=1.0000 20s
 step  270000 loss=0.01630 val_exact=1.0000 val_pw=1.0000 val_pair=1.0000 21s
 step  272000 loss=0.01630 val_exact=1.0000 val_pw=1.0000 val_pair=1.0000 20s
 step  274000 loss=0.01627 val_exact=1.0000 val_pw=1.0000 val_pair=1.0000 20s
 step  276000 loss=0.01622 val_exact=1.0000 val_pw=1.0000 val_pair=1.0000 20s
 step  278000 loss=0.01625 val_exact=1.0000 val_pw=1.0000 val_pair=1.0000 21s
 step  280000 loss=0.01620 val_exact=1.0000 val_pw=1.0000 val_pair=1.0000 21s
 step  282000 loss=0.01620 val_exact=1.0000 val_pw=1.0000 val_pair=1.0000 20s
 step  284000 loss=0.01618 val_exact=1.0000 val_pw=1.0000 val_pair=1.0000 21s
 step  286000 loss=0.01621 val_exact=1.0000 val_pw=1.0000 val_pair=1.0000 21s
 step  288000 loss=0.01616 val_exact=1.0000 val_pw=1.0000 val_pair=1.0000 20s
 step  290000 loss=0.01614 val_exact=1.0000 val_pw=1.0000 val_pair=1.0000 20s
 step  292000 loss=0.01614 val_exact=1.0000 val_pw=1.0000 val_pair=1.0000 20s
 step  294000 loss=0.01617 val_exact=1.0000 val_pw=1.0000 val_pair=1.0000 21s
 step  296000 loss=0.01616 val_exact=1.0000 val_pw=1.0000 val_pair=1.0000 20s
 step  298000 loss=0.01616 val_exact=1.0000 val_pw=1.0000 val_pair=1.0000 20s
 step  300000 loss=0.01614 val_exact=1.0000 val_pw=1.0000 val_pair=1.0000 21s
done. steps_to={'pair_0.9': 2000, 'pair_0.99': 2000, 'pair_0.999': 2000, 'exact_0.9': 26000, 'exact_0.99': 40000, 'exact_0.999': 50000}  best exact=1.0000  -> runs/report6/multipath_train/n40_k2_ell13_clean_roberta_linear_seed3000
