task 31 -> n=40 k=2 ell=13 trunc=0 seed=4000
== n40_k2_ell13_clean_roberta_linear_seed4000 ==
 device=cuda arch=roberta readout=linear n=40 k=2 ell=13 trunc_frac=0.0 params=6,347,304
 step    2000 loss=0.53017 val_exact=0.0000 val_pw=0.8492 val_pair=1.0000 22s
 step    4000 loss=0.40336 val_exact=0.0000 val_pw=0.9275 val_pair=1.0000 21s
 step    6000 loss=0.32895 val_exact=0.0000 val_pw=0.9443 val_pair=1.0000 21s
 step    8000 loss=0.26488 val_exact=0.0000 val_pw=0.9604 val_pair=1.0000 21s
 step   10000 loss=0.22866 val_exact=0.0000 val_pw=0.9714 val_pair=1.0000 21s
 step   12000 loss=0.20785 val_exact=0.0000 val_pw=0.9500 val_pair=1.0000 21s
 step   14000 loss=0.19288 val_exact=0.0000 val_pw=0.9908 val_pair=1.0000 20s
 step   16000 loss=0.15583 val_exact=0.0155 val_pw=0.9931 val_pair=1.0000 21s
 step   18000 loss=0.14332 val_exact=0.3475 val_pw=0.9973 val_pair=1.0000 21s
 step   20000 loss=0.12977 val_exact=0.6005 val_pw=0.9987 val_pair=1.0000 21s
 step   22000 loss=0.11639 val_exact=0.6220 val_pw=0.9989 val_pair=1.0000 21s
 step   24000 loss=0.10351 val_exact=0.8105 val_pw=0.9994 val_pair=1.0000 21s
 step   26000 loss=0.09149 val_exact=0.9170 val_pw=0.9998 val_pair=1.0000 21s
 step   28000 loss=0.08175 val_exact=0.9050 val_pw=0.9998 val_pair=1.0000 21s
 step   30000 loss=0.07377 val_exact=0.9160 val_pw=0.9999 val_pair=1.0000 21s
 step   32000 loss=0.06762 val_exact=0.9310 val_pw=0.9999 val_pair=1.0000 21s
 step   34000 loss=0.06263 val_exact=0.9695 val_pw=1.0000 val_pair=1.0000 21s
 step   36000 loss=0.05870 val_exact=0.8260 val_pw=0.9996 val_pair=1.0000 21s
 step   38000 loss=0.05539 val_exact=0.9760 val_pw=1.0000 val_pair=1.0000 21s
 step   40000 loss=0.05270 val_exact=0.8335 val_pw=0.9996 val_pair=1.0000 21s
 step   42000 loss=0.05027 val_exact=0.9840 val_pw=1.0000 val_pair=1.0000 21s
 step   44000 loss=0.04870 val_exact=0.9420 val_pw=0.9999 val_pair=1.0000 21s
 step   46000 loss=0.04689 val_exact=0.9920 val_pw=1.0000 val_pair=1.0000 21s
 step   48000 loss=0.04524 val_exact=0.9975 val_pw=1.0000 val_pair=1.0000 21s
 step   50000 loss=0.04394 val_exact=0.9955 val_pw=1.0000 val_pair=1.0000 21s
 step   52000 loss=0.04252 val_exact=0.9690 val_pw=0.9999 val_pair=1.0000 21s
 step   54000 loss=0.04025 val_exact=0.8845 val_pw=0.9998 val_pair=1.0000 21s
 step   56000 loss=0.03760 val_exact=0.9995 val_pw=1.0000 val_pair=1.0000 21s
 step   58000 loss=0.03634 val_exact=0.9935 val_pw=1.0000 val_pair=1.0000 21s
 step   60000 loss=0.03548 val_exact=0.9995 val_pw=1.0000 val_pair=1.0000 21s
 step   62000 loss=0.03459 val_exact=0.9965 val_pw=1.0000 val_pair=1.0000 21s
 step   64000 loss=0.03366 val_exact=0.9930 val_pw=1.0000 val_pair=1.0000 21s
 step   66000 loss=0.03295 val_exact=0.9995 val_pw=1.0000 val_pair=1.0000 21s
 step   68000 loss=0.03249 val_exact=0.9995 val_pw=1.0000 val_pair=1.0000 21s
 step   70000 loss=0.03165 val_exact=0.9985 val_pw=1.0000 val_pair=1.0000 21s
 step   72000 loss=0.03122 val_exact=0.9995 val_pw=1.0000 val_pair=1.0000 21s
 step   74000 loss=0.03068 val_exact=0.9995 val_pw=1.0000 val_pair=1.0000 21s
 step   76000 loss=0.03021 val_exact=1.0000 val_pw=1.0000 val_pair=1.0000 21s
 step   78000 loss=0.02971 val_exact=1.0000 val_pw=1.0000 val_pair=1.0000 21s
 step   80000 loss=0.02917 val_exact=1.0000 val_pw=1.0000 val_pair=1.0000 21s
 step   82000 loss=0.02878 val_exact=1.0000 val_pw=1.0000 val_pair=1.0000 21s
 step   84000 loss=0.02852 val_exact=1.0000 val_pw=1.0000 val_pair=1.0000 21s
 step   86000 loss=0.02808 val_exact=1.0000 val_pw=1.0000 val_pair=1.0000 21s
 step   88000 loss=0.02773 val_exact=1.0000 val_pw=1.0000 val_pair=1.0000 21s
 step   90000 loss=0.02743 val_exact=1.0000 val_pw=1.0000 val_pair=1.0000 21s
 step   92000 loss=0.02706 val_exact=1.0000 val_pw=1.0000 val_pair=1.0000 21s
 step   94000 loss=0.02683 val_exact=1.0000 val_pw=1.0000 val_pair=1.0000 21s
 step   96000 loss=0.02661 val_exact=1.0000 val_pw=1.0000 val_pair=1.0000 21s
 step   98000 loss=0.02624 val_exact=1.0000 val_pw=1.0000 val_pair=1.0000 21s
 step  100000 loss=0.02602 val_exact=1.0000 val_pw=1.0000 val_pair=1.0000 21s
 step  102000 loss=0.02574 val_exact=1.0000 val_pw=1.0000 val_pair=1.0000 21s
 step  104000 loss=0.02546 val_exact=1.0000 val_pw=1.0000 val_pair=1.0000 21s
 step  106000 loss=0.02521 val_exact=0.9985 val_pw=1.0000 val_pair=1.0000 21s
 step  108000 loss=0.02501 val_exact=0.9825 val_pw=1.0000 val_pair=1.0000 21s
 step  110000 loss=0.02478 val_exact=1.0000 val_pw=1.0000 val_pair=1.0000 21s
 step  112000 loss=0.02455 val_exact=1.0000 val_pw=1.0000 val_pair=1.0000 21s
 step  114000 loss=0.02427 val_exact=1.0000 val_pw=1.0000 val_pair=1.0000 20s
 step  116000 loss=0.02410 val_exact=1.0000 val_pw=1.0000 val_pair=1.0000 21s
 step  118000 loss=0.02387 val_exact=1.0000 val_pw=1.0000 val_pair=1.0000 20s
 step  120000 loss=0.02371 val_exact=1.0000 val_pw=1.0000 val_pair=1.0000 21s
 step  122000 loss=0.02353 val_exact=1.0000 val_pw=1.0000 val_pair=1.0000 21s
 step  124000 loss=0.02333 val_exact=1.0000 val_pw=1.0000 val_pair=1.0000 21s
 step  126000 loss=0.02318 val_exact=1.0000 val_pw=1.0000 val_pair=1.0000 21s
 step  128000 loss=0.02301 val_exact=1.0000 val_pw=1.0000 val_pair=1.0000 21s
 step  130000 loss=0.02285 val_exact=1.0000 val_pw=1.0000 val_pair=1.0000 21s
 step  132000 loss=0.02267 val_exact=1.0000 val_pw=1.0000 val_pair=1.0000 21s
 step  134000 loss=0.02251 val_exact=1.0000 val_pw=1.0000 val_pair=1.0000 21s
 step  136000 loss=0.02234 val_exact=0.9995 val_pw=1.0000 val_pair=1.0000 21s
 step  138000 loss=0.02223 val_exact=1.0000 val_pw=1.0000 val_pair=1.0000 20s
 step  140000 loss=0.02204 val_exact=1.0000 val_pw=1.0000 val_pair=1.0000 20s
 step  142000 loss=0.02194 val_exact=0.9995 val_pw=1.0000 val_pair=1.0000 20s
 step  144000 loss=0.02182 val_exact=0.9995 val_pw=1.0000 val_pair=1.0000 21s
 step  146000 loss=0.02164 val_exact=1.0000 val_pw=1.0000 val_pair=1.0000 20s
 step  148000 loss=0.02151 val_exact=1.0000 val_pw=1.0000 val_pair=1.0000 20s
 step  150000 loss=0.02143 val_exact=1.0000 val_pw=1.0000 val_pair=1.0000 20s
 step  152000 loss=0.02130 val_exact=0.9930 val_pw=1.0000 val_pair=1.0000 20s
 step  154000 loss=0.02116 val_exact=1.0000 val_pw=1.0000 val_pair=1.0000 20s
 step  156000 loss=0.02105 val_exact=0.9985 val_pw=1.0000 val_pair=1.0000 20s
 step  158000 loss=0.02094 val_exact=1.0000 val_pw=1.0000 val_pair=1.0000 20s
 step  160000 loss=0.02087 val_exact=0.9985 val_pw=1.0000 val_pair=1.0000 21s
 step  162000 loss=0.02070 val_exact=1.0000 val_pw=1.0000 val_pair=1.0000 20s
 step  164000 loss=0.02061 val_exact=1.0000 val_pw=1.0000 val_pair=1.0000 20s
 step  166000 loss=0.02050 val_exact=1.0000 val_pw=1.0000 val_pair=1.0000 20s
 step  168000 loss=0.02043 val_exact=0.9955 val_pw=1.0000 val_pair=1.0000 21s
 step  170000 loss=0.02033 val_exact=1.0000 val_pw=1.0000 val_pair=1.0000 20s
 step  172000 loss=0.02022 val_exact=1.0000 val_pw=1.0000 val_pair=1.0000 20s
 step  174000 loss=0.02012 val_exact=0.9995 val_pw=1.0000 val_pair=1.0000 20s
 step  176000 loss=0.02003 val_exact=1.0000 val_pw=1.0000 val_pair=1.0000 20s
 step  178000 loss=0.01994 val_exact=0.9945 val_pw=1.0000 val_pair=1.0000 21s
 step  180000 loss=0.01986 val_exact=0.9970 val_pw=1.0000 val_pair=1.0000 21s
 step  182000 loss=0.01975 val_exact=0.9995 val_pw=1.0000 val_pair=1.0000 20s
 step  184000 loss=0.01969 val_exact=1.0000 val_pw=1.0000 val_pair=1.0000 20s
 step  186000 loss=0.01963 val_exact=1.0000 val_pw=1.0000 val_pair=1.0000 20s
 step  188000 loss=0.01953 val_exact=1.0000 val_pw=1.0000 val_pair=1.0000 20s
 step  190000 loss=0.01945 val_exact=0.9995 val_pw=1.0000 val_pair=1.0000 20s
 step  192000 loss=0.01939 val_exact=0.9970 val_pw=1.0000 val_pair=1.0000 20s
 step  194000 loss=0.01932 val_exact=1.0000 val_pw=1.0000 val_pair=1.0000 20s
 step  196000 loss=0.01923 val_exact=1.0000 val_pw=1.0000 val_pair=1.0000 20s
 step  198000 loss=0.01917 val_exact=1.0000 val_pw=1.0000 val_pair=1.0000 20s
 step  200000 loss=0.01909 val_exact=1.0000 val_pw=1.0000 val_pair=1.0000 20s
 step  202000 loss=0.01905 val_exact=1.0000 val_pw=1.0000 val_pair=1.0000 20s
 step  204000 loss=0.01897 val_exact=1.0000 val_pw=1.0000 val_pair=1.0000 20s
 step  206000 loss=0.01890 val_exact=1.0000 val_pw=1.0000 val_pair=1.0000 20s
 step  208000 loss=0.01885 val_exact=1.0000 val_pw=1.0000 val_pair=1.0000 20s
 step  210000 loss=0.01879 val_exact=1.0000 val_pw=1.0000 val_pair=1.0000 20s
 step  212000 loss=0.01868 val_exact=0.9950 val_pw=1.0000 val_pair=1.0000 20s
 step  214000 loss=0.01865 val_exact=0.9995 val_pw=1.0000 val_pair=1.0000 20s
 step  216000 loss=0.01860 val_exact=1.0000 val_pw=1.0000 val_pair=1.0000 20s
 step  218000 loss=0.01854 val_exact=0.9930 val_pw=1.0000 val_pair=1.0000 20s
 step  220000 loss=0.01848 val_exact=0.9995 val_pw=1.0000 val_pair=1.0000 20s
 step  222000 loss=0.01841 val_exact=1.0000 val_pw=1.0000 val_pair=1.0000 20s
 step  224000 loss=0.01839 val_exact=0.9945 val_pw=1.0000 val_pair=1.0000 20s
 step  226000 loss=0.01835 val_exact=0.9980 val_pw=1.0000 val_pair=1.0000 20s
 step  228000 loss=0.01830 val_exact=0.9985 val_pw=1.0000 val_pair=1.0000 20s
 step  230000 loss=0.01825 val_exact=0.9995 val_pw=1.0000 val_pair=1.0000 20s
 step  232000 loss=0.01820 val_exact=0.9965 val_pw=1.0000 val_pair=1.0000 20s
 step  234000 loss=0.01814 val_exact=1.0000 val_pw=1.0000 val_pair=1.0000 20s
 step  236000 loss=0.01812 val_exact=0.9915 val_pw=1.0000 val_pair=1.0000 20s
 step  238000 loss=0.01805 val_exact=0.9975 val_pw=1.0000 val_pair=1.0000 20s
 step  240000 loss=0.01803 val_exact=0.9995 val_pw=1.0000 val_pair=1.0000 20s
 step  242000 loss=0.01797 val_exact=0.9970 val_pw=1.0000 val_pair=1.0000 20s
 step  244000 loss=0.01794 val_exact=0.9990 val_pw=1.0000 val_pair=1.0000 20s
 step  246000 loss=0.01788 val_exact=0.9980 val_pw=1.0000 val_pair=1.0000 20s
 step  248000 loss=0.01790 val_exact=0.9990 val_pw=1.0000 val_pair=1.0000 20s
 step  250000 loss=0.01785 val_exact=1.0000 val_pw=1.0000 val_pair=1.0000 20s
 step  252000 loss=0.01779 val_exact=0.9995 val_pw=1.0000 val_pair=1.0000 20s
 step  254000 loss=0.01776 val_exact=0.9920 val_pw=1.0000 val_pair=1.0000 20s
 step  256000 loss=0.01773 val_exact=0.9935 val_pw=1.0000 val_pair=1.0000 20s
 step  258000 loss=0.01773 val_exact=0.9990 val_pw=1.0000 val_pair=1.0000 20s
 step  260000 loss=0.01767 val_exact=0.9940 val_pw=1.0000 val_pair=1.0000 20s
 step  262000 loss=0.01766 val_exact=0.9970 val_pw=1.0000 val_pair=1.0000 20s
 step  264000 loss=0.01765 val_exact=0.9970 val_pw=1.0000 val_pair=1.0000 20s
 step  266000 loss=0.01759 val_exact=0.9995 val_pw=1.0000 val_pair=1.0000 20s
 step  268000 loss=0.01759 val_exact=0.9990 val_pw=1.0000 val_pair=1.0000 20s
 step  270000 loss=0.01758 val_exact=0.9995 val_pw=1.0000 val_pair=1.0000 20s
 step  272000 loss=0.01755 val_exact=0.9960 val_pw=1.0000 val_pair=1.0000 20s
 step  274000 loss=0.01753 val_exact=1.0000 val_pw=1.0000 val_pair=1.0000 20s
 step  276000 loss=0.01749 val_exact=0.9995 val_pw=1.0000 val_pair=1.0000 20s
 step  278000 loss=0.01748 val_exact=0.9985 val_pw=1.0000 val_pair=1.0000 20s
 step  280000 loss=0.01748 val_exact=0.9990 val_pw=1.0000 val_pair=1.0000 20s
 step  282000 loss=0.01745 val_exact=0.9990 val_pw=1.0000 val_pair=1.0000 20s
 step  284000 loss=0.01746 val_exact=0.9990 val_pw=1.0000 val_pair=1.0000 20s
 step  286000 loss=0.01743 val_exact=0.9985 val_pw=1.0000 val_pair=1.0000 20s
 step  288000 loss=0.01741 val_exact=0.9995 val_pw=1.0000 val_pair=1.0000 20s
 step  290000 loss=0.01744 val_exact=0.9985 val_pw=1.0000 val_pair=1.0000 20s
 step  292000 loss=0.01740 val_exact=0.9995 val_pw=1.0000 val_pair=1.0000 20s
 step  294000 loss=0.01740 val_exact=0.9990 val_pw=1.0000 val_pair=1.0000 20s
 step  296000 loss=0.01741 val_exact=0.9990 val_pw=1.0000 val_pair=1.0000 20s
 step  298000 loss=0.01740 val_exact=0.9990 val_pw=1.0000 val_pair=1.0000 20s
 step  300000 loss=0.01739 val_exact=0.9985 val_pw=1.0000 val_pair=1.0000 20s
done. steps_to={'pair_0.9': 2000, 'pair_0.99': 2000, 'pair_0.999': 2000, 'exact_0.9': 26000, 'exact_0.99': 46000, 'exact_0.999': 56000}  best exact=1.0000  -> runs/report6/multipath_train/n40_k2_ell13_clean_roberta_linear_seed4000
