task 22 -> n=40 k=2 ell=9 trunc=0 seed=3000
== n40_k2_ell9_clean_roberta_linear_seed3000 ==
 device=cuda arch=roberta readout=linear n=40 k=2 ell=9 trunc_frac=0.0 params=6,347,304
 step    2000 loss=0.58341 val_exact=0.0000 val_pw=0.7743 val_pair=0.8750 21s
 step    4000 loss=0.45439 val_exact=0.0000 val_pw=0.6766 val_pair=0.2485 20s
 step    6000 loss=0.40334 val_exact=0.0000 val_pw=0.8008 val_pair=0.9915 20s
 step    8000 loss=0.37521 val_exact=0.0000 val_pw=0.9175 val_pair=1.0000 20s
 step   10000 loss=0.35285 val_exact=0.0000 val_pw=0.9414 val_pair=1.0000 20s
 step   12000 loss=0.33304 val_exact=0.0000 val_pw=0.9618 val_pair=1.0000 20s
 step   14000 loss=0.31682 val_exact=0.0000 val_pw=0.9760 val_pair=1.0000 20s
 step   16000 loss=0.30337 val_exact=0.0000 val_pw=0.9815 val_pair=1.0000 21s
 step   18000 loss=0.29204 val_exact=0.0000 val_pw=0.9860 val_pair=1.0000 20s
 step   20000 loss=0.28284 val_exact=0.0000 val_pw=0.9874 val_pair=1.0000 20s
 step   22000 loss=0.27537 val_exact=0.0000 val_pw=0.9890 val_pair=1.0000 20s
 step   24000 loss=0.26879 val_exact=0.0000 val_pw=0.9896 val_pair=1.0000 21s
 step   26000 loss=0.26303 val_exact=0.0000 val_pw=0.9904 val_pair=1.0000 20s
 step   28000 loss=0.25776 val_exact=0.0000 val_pw=0.9916 val_pair=1.0000 20s
 step   30000 loss=0.25293 val_exact=0.0000 val_pw=0.9912 val_pair=1.0000 20s
 step   32000 loss=0.24858 val_exact=0.0000 val_pw=0.9926 val_pair=1.0000 20s
 step   34000 loss=0.24415 val_exact=0.0000 val_pw=0.9922 val_pair=1.0000 20s
 step   36000 loss=0.23993 val_exact=0.0010 val_pw=0.9931 val_pair=1.0000 20s
 step   38000 loss=0.23602 val_exact=0.0000 val_pw=0.9921 val_pair=1.0000 20s
 step   40000 loss=0.23235 val_exact=0.0000 val_pw=0.9942 val_pair=1.0000 20s
 step   42000 loss=0.22863 val_exact=0.0030 val_pw=0.9933 val_pair=1.0000 20s
 step   44000 loss=0.22472 val_exact=0.0005 val_pw=0.9923 val_pair=1.0000 20s
 step   46000 loss=0.22091 val_exact=0.0005 val_pw=0.9887 val_pair=1.0000 21s
 step   48000 loss=0.21659 val_exact=0.0060 val_pw=0.9933 val_pair=1.0000 21s
 step   50000 loss=0.21178 val_exact=0.0230 val_pw=0.9929 val_pair=1.0000 21s
 step   52000 loss=0.20680 val_exact=0.0035 val_pw=0.9905 val_pair=1.0000 20s
 step   54000 loss=0.20149 val_exact=0.0000 val_pw=0.9812 val_pair=1.0000 20s
 step   56000 loss=0.19617 val_exact=0.0000 val_pw=0.9610 val_pair=1.0000 20s
 step   58000 loss=0.19093 val_exact=0.0000 val_pw=0.9542 val_pair=1.0000 20s
 step   60000 loss=0.18563 val_exact=0.0000 val_pw=0.9490 val_pair=1.0000 20s
 step   62000 loss=0.18048 val_exact=0.0000 val_pw=0.9211 val_pair=0.9960 20s
 step   64000 loss=0.17595 val_exact=0.0000 val_pw=0.8621 val_pair=0.8905 20s
 step   66000 loss=0.17217 val_exact=0.0000 val_pw=0.8197 val_pair=0.7725 20s
 step   68000 loss=0.16825 val_exact=0.0000 val_pw=0.8027 val_pair=0.6670 21s
 step   70000 loss=0.16490 val_exact=0.0000 val_pw=0.7708 val_pair=0.5355 21s
 step   72000 loss=0.16152 val_exact=0.0000 val_pw=0.7605 val_pair=0.5910 21s
 step   74000 loss=0.15645 val_exact=0.0000 val_pw=0.7539 val_pair=0.9360 21s
 step   76000 loss=0.14897 val_exact=0.0000 val_pw=0.7608 val_pair=0.9830 21s
 step   78000 loss=0.14484 val_exact=0.0000 val_pw=0.7437 val_pair=0.9845 20s
 step   80000 loss=0.14113 val_exact=0.0000 val_pw=0.7232 val_pair=0.9825 20s
 step   82000 loss=0.13777 val_exact=0.0000 val_pw=0.7340 val_pair=0.9930 20s
 step   84000 loss=0.13476 val_exact=0.0000 val_pw=0.7126 val_pair=0.9685 20s
 step   86000 loss=0.13193 val_exact=0.0000 val_pw=0.6911 val_pair=0.9145 20s
 step   88000 loss=0.12929 val_exact=0.0000 val_pw=0.6792 val_pair=0.8870 20s
 step   90000 loss=0.12696 val_exact=0.0000 val_pw=0.6725 val_pair=0.8615 20s
 step   92000 loss=0.12472 val_exact=0.0000 val_pw=0.6654 val_pair=0.8235 21s
 step   94000 loss=0.12276 val_exact=0.0000 val_pw=0.6544 val_pair=0.8100 20s
 step   96000 loss=0.12047 val_exact=0.0000 val_pw=0.6723 val_pair=0.8255 21s
 step   98000 loss=0.11856 val_exact=0.0000 val_pw=0.6523 val_pair=0.7650 21s
 step  100000 loss=0.11700 val_exact=0.0000 val_pw=0.6590 val_pair=0.7525 20s
 step  102000 loss=0.11501 val_exact=0.0000 val_pw=0.6325 val_pair=0.6695 20s
 step  104000 loss=0.11339 val_exact=0.0000 val_pw=0.6292 val_pair=0.6130 20s
 step  106000 loss=0.11179 val_exact=0.0000 val_pw=0.6351 val_pair=0.5630 20s
 step  108000 loss=0.11052 val_exact=0.0000 val_pw=0.6129 val_pair=0.5720 21s
 step  110000 loss=0.10918 val_exact=0.0000 val_pw=0.6130 val_pair=0.5460 22s
 step  112000 loss=0.10779 val_exact=0.0000 val_pw=0.6192 val_pair=0.4875 20s
 step  114000 loss=0.10659 val_exact=0.0000 val_pw=0.6165 val_pair=0.4870 20s
 step  116000 loss=0.10550 val_exact=0.0000 val_pw=0.6004 val_pair=0.4390 20s
 step  118000 loss=0.10420 val_exact=0.0000 val_pw=0.6019 val_pair=0.4070 20s
 step  120000 loss=0.10313 val_exact=0.0000 val_pw=0.5911 val_pair=0.3325 20s
 step  122000 loss=0.10222 val_exact=0.0000 val_pw=0.5915 val_pair=0.4175 21s
 step  124000 loss=0.10132 val_exact=0.0000 val_pw=0.5838 val_pair=0.4160 20s
 step  126000 loss=0.10039 val_exact=0.0000 val_pw=0.6050 val_pair=0.4060 21s
 step  128000 loss=0.09941 val_exact=0.0000 val_pw=0.5975 val_pair=0.4040 21s
 step  130000 loss=0.09866 val_exact=0.0000 val_pw=0.5946 val_pair=0.3925 21s
 step  132000 loss=0.09783 val_exact=0.0000 val_pw=0.5912 val_pair=0.3840 21s
 step  134000 loss=0.09710 val_exact=0.0000 val_pw=0.5889 val_pair=0.3840 20s
 step  136000 loss=0.09633 val_exact=0.0000 val_pw=0.5982 val_pair=0.3400 21s
 step  138000 loss=0.09552 val_exact=0.0000 val_pw=0.5871 val_pair=0.4165 20s
 step  140000 loss=0.09488 val_exact=0.0000 val_pw=0.5881 val_pair=0.4285 20s
 step  142000 loss=0.09427 val_exact=0.0000 val_pw=0.5921 val_pair=0.3995 20s
 step  144000 loss=0.09368 val_exact=0.0000 val_pw=0.5856 val_pair=0.3790 20s
 step  146000 loss=0.09304 val_exact=0.0000 val_pw=0.5924 val_pair=0.4445 21s
 step  148000 loss=0.09242 val_exact=0.0000 val_pw=0.5919 val_pair=0.4155 20s
 step  150000 loss=0.09193 val_exact=0.0000 val_pw=0.5874 val_pair=0.4255 20s
 step  152000 loss=0.09141 val_exact=0.0000 val_pw=0.5918 val_pair=0.4115 21s
 step  154000 loss=0.09085 val_exact=0.0000 val_pw=0.5969 val_pair=0.4315 21s
 step  156000 loss=0.09031 val_exact=0.0000 val_pw=0.5901 val_pair=0.4510 21s
 step  158000 loss=0.08974 val_exact=0.0000 val_pw=0.5886 val_pair=0.4325 21s
 step  160000 loss=0.08935 val_exact=0.0000 val_pw=0.5853 val_pair=0.4955 21s
 step  162000 loss=0.08895 val_exact=0.0000 val_pw=0.5949 val_pair=0.4225 21s
 step  164000 loss=0.08832 val_exact=0.0000 val_pw=0.5907 val_pair=0.4595 20s
 step  166000 loss=0.08793 val_exact=0.0000 val_pw=0.5934 val_pair=0.4435 20s
 step  168000 loss=0.08765 val_exact=0.0000 val_pw=0.5924 val_pair=0.4450 20s
 step  170000 loss=0.08714 val_exact=0.0000 val_pw=0.5898 val_pair=0.4880 20s
 step  172000 loss=0.08673 val_exact=0.0000 val_pw=0.5877 val_pair=0.4960 20s
 step  174000 loss=0.08636 val_exact=0.0000 val_pw=0.5889 val_pair=0.4795 20s
 step  176000 loss=0.08594 val_exact=0.0000 val_pw=0.5910 val_pair=0.4810 21s
 step  178000 loss=0.08559 val_exact=0.0000 val_pw=0.5904 val_pair=0.4910 21s
 step  180000 loss=0.08521 val_exact=0.0000 val_pw=0.5881 val_pair=0.4900 20s
 step  182000 loss=0.08497 val_exact=0.0000 val_pw=0.5898 val_pair=0.4710 20s
 step  184000 loss=0.08452 val_exact=0.0000 val_pw=0.5899 val_pair=0.4440 20s
 step  186000 loss=0.08421 val_exact=0.0000 val_pw=0.5879 val_pair=0.4515 21s
 step  188000 loss=0.08394 val_exact=0.0000 val_pw=0.5894 val_pair=0.4665 20s
 step  190000 loss=0.08366 val_exact=0.0000 val_pw=0.5916 val_pair=0.4645 20s
 step  192000 loss=0.08323 val_exact=0.0000 val_pw=0.5923 val_pair=0.4895 20s
 step  194000 loss=0.08302 val_exact=0.0000 val_pw=0.5897 val_pair=0.4315 20s
 step  196000 loss=0.08276 val_exact=0.0000 val_pw=0.5914 val_pair=0.4570 20s
 step  198000 loss=0.08246 val_exact=0.0000 val_pw=0.5892 val_pair=0.4475 20s
 step  200000 loss=0.08218 val_exact=0.0000 val_pw=0.5893 val_pair=0.4235 21s
 step  202000 loss=0.08191 val_exact=0.0000 val_pw=0.5909 val_pair=0.4795 20s
 step  204000 loss=0.08158 val_exact=0.0000 val_pw=0.5908 val_pair=0.4640 20s
 step  206000 loss=0.08140 val_exact=0.0000 val_pw=0.5897 val_pair=0.4610 20s
 step  208000 loss=0.08123 val_exact=0.0000 val_pw=0.5873 val_pair=0.4250 20s
 step  210000 loss=0.08092 val_exact=0.0000 val_pw=0.5883 val_pair=0.4360 20s
 step  212000 loss=0.08073 val_exact=0.0000 val_pw=0.5886 val_pair=0.4395 20s
 step  214000 loss=0.08053 val_exact=0.0000 val_pw=0.5888 val_pair=0.4790 20s
 step  216000 loss=0.08026 val_exact=0.0000 val_pw=0.5890 val_pair=0.4480 20s
 step  218000 loss=0.07998 val_exact=0.0000 val_pw=0.5880 val_pair=0.4200 20s
 step  220000 loss=0.07983 val_exact=0.0000 val_pw=0.5909 val_pair=0.4975 20s
 step  222000 loss=0.07966 val_exact=0.0000 val_pw=0.5908 val_pair=0.4645 20s
 step  224000 loss=0.07945 val_exact=0.0000 val_pw=0.5884 val_pair=0.4445 20s
 step  226000 loss=0.07936 val_exact=0.0000 val_pw=0.5888 val_pair=0.4430 20s
 step  228000 loss=0.07905 val_exact=0.0000 val_pw=0.5893 val_pair=0.4885 20s
 step  230000 loss=0.07906 val_exact=0.0000 val_pw=0.5908 val_pair=0.4985 20s
 step  232000 loss=0.07877 val_exact=0.0000 val_pw=0.5886 val_pair=0.4575 20s
 step  234000 loss=0.07859 val_exact=0.0000 val_pw=0.5860 val_pair=0.4205 20s
 step  236000 loss=0.07853 val_exact=0.0000 val_pw=0.5884 val_pair=0.4530 20s
 step  238000 loss=0.07836 val_exact=0.0000 val_pw=0.5900 val_pair=0.4700 20s
 step  240000 loss=0.07823 val_exact=0.0000 val_pw=0.5900 val_pair=0.4825 20s
 step  242000 loss=0.07805 val_exact=0.0000 val_pw=0.5902 val_pair=0.4870 20s
 step  244000 loss=0.07790 val_exact=0.0000 val_pw=0.5879 val_pair=0.4540 20s
 step  246000 loss=0.07777 val_exact=0.0000 val_pw=0.5871 val_pair=0.4440 20s
 step  248000 loss=0.07763 val_exact=0.0000 val_pw=0.5883 val_pair=0.4665 20s
 step  250000 loss=0.07761 val_exact=0.0000 val_pw=0.5901 val_pair=0.4670 20s
 step  252000 loss=0.07741 val_exact=0.0000 val_pw=0.5901 val_pair=0.4830 20s
 step  254000 loss=0.07730 val_exact=0.0000 val_pw=0.5889 val_pair=0.4780 20s
 step  256000 loss=0.07730 val_exact=0.0000 val_pw=0.5887 val_pair=0.4660 20s
 step  258000 loss=0.07711 val_exact=0.0000 val_pw=0.5890 val_pair=0.4670 20s
 step  260000 loss=0.07709 val_exact=0.0000 val_pw=0.5897 val_pair=0.4830 20s
 step  262000 loss=0.07695 val_exact=0.0000 val_pw=0.5893 val_pair=0.4665 20s
 step  264000 loss=0.07686 val_exact=0.0000 val_pw=0.5893 val_pair=0.4685 20s
 step  266000 loss=0.07681 val_exact=0.0000 val_pw=0.5872 val_pair=0.4335 20s
 step  268000 loss=0.07670 val_exact=0.0000 val_pw=0.5881 val_pair=0.4575 20s
 step  270000 loss=0.07668 val_exact=0.0000 val_pw=0.5872 val_pair=0.4575 20s
 step  272000 loss=0.07656 val_exact=0.0000 val_pw=0.5876 val_pair=0.4585 20s
 step  274000 loss=0.07658 val_exact=0.0000 val_pw=0.5884 val_pair=0.4680 20s
 step  276000 loss=0.07655 val_exact=0.0000 val_pw=0.5894 val_pair=0.4815 20s
 step  278000 loss=0.07639 val_exact=0.0000 val_pw=0.5890 val_pair=0.4720 20s
 step  280000 loss=0.07640 val_exact=0.0000 val_pw=0.5881 val_pair=0.4700 20s
 step  282000 loss=0.07637 val_exact=0.0000 val_pw=0.5881 val_pair=0.4615 20s
 step  284000 loss=0.07638 val_exact=0.0000 val_pw=0.5876 val_pair=0.4595 20s
 step  286000 loss=0.07623 val_exact=0.0000 val_pw=0.5880 val_pair=0.4725 20s
 step  288000 loss=0.07625 val_exact=0.0000 val_pw=0.5880 val_pair=0.4660 20s
 step  290000 loss=0.07617 val_exact=0.0000 val_pw=0.5876 val_pair=0.4670 20s
 step  292000 loss=0.07618 val_exact=0.0000 val_pw=0.5883 val_pair=0.4735 20s
 step  294000 loss=0.07618 val_exact=0.0000 val_pw=0.5885 val_pair=0.4785 21s
 step  296000 loss=0.07619 val_exact=0.0000 val_pw=0.5879 val_pair=0.4655 20s
 step  298000 loss=0.07628 val_exact=0.0000 val_pw=0.5884 val_pair=0.4765 20s
 step  300000 loss=0.07613 val_exact=0.0000 val_pw=0.5879 val_pair=0.4685 20s
done. steps_to={'pair_0.9': 6000, 'pair_0.99': 6000, 'pair_0.999': 8000, 'exact_0.9': None, 'exact_0.99': None, 'exact_0.999': None}  best exact=0.0230  -> runs/report6/multipath_train/n40_k2_ell9_clean_roberta_linear_seed3000
