task 3 -> n=40 k=1 ell=7 trunc=0 seed=4000
== n40_k1_ell7_clean_roberta_linear_seed4000 ==
 device=cuda arch=roberta readout=linear n=40 k=1 ell=7 trunc_frac=0.0 params=6,347,304
 step    2000 loss=0.52841 val_exact=0.0000 val_pw=0.9151 val_pair=1.0000 21s
 step    4000 loss=0.32893 val_exact=0.0000 val_pw=0.9418 val_pair=1.0000 21s
 step    6000 loss=0.28994 val_exact=0.0000 val_pw=0.9571 val_pair=1.0000 21s
 step    8000 loss=0.24100 val_exact=0.0000 val_pw=0.9774 val_pair=1.0000 21s
 step   10000 loss=0.19786 val_exact=0.0000 val_pw=0.9880 val_pair=1.0000 21s
 step   12000 loss=0.17381 val_exact=0.0000 val_pw=0.9935 val_pair=1.0000 21s
 step   14000 loss=0.15851 val_exact=0.0000 val_pw=0.9967 val_pair=1.0000 21s
 step   16000 loss=0.14239 val_exact=0.0250 val_pw=0.9982 val_pair=1.0000 21s
 step   18000 loss=0.12244 val_exact=0.1135 val_pw=0.9988 val_pair=0.8870 21s
 step   20000 loss=0.10217 val_exact=0.0885 val_pw=0.9986 val_pair=0.9945 21s
 step   22000 loss=0.09342 val_exact=0.3535 val_pw=0.9992 val_pair=0.9935 21s
 step   24000 loss=0.08714 val_exact=0.7830 val_pw=0.9998 val_pair=0.9980 21s
 step   26000 loss=0.08243 val_exact=0.9190 val_pw=0.9999 val_pair=1.0000 21s
 step   28000 loss=0.07823 val_exact=0.8355 val_pw=0.9999 val_pair=1.0000 21s
 step   30000 loss=0.07453 val_exact=0.9850 val_pw=1.0000 val_pair=1.0000 21s
 step   32000 loss=0.07122 val_exact=0.9785 val_pw=1.0000 val_pair=1.0000 21s
 step   34000 loss=0.06824 val_exact=0.9935 val_pw=1.0000 val_pair=1.0000 21s
 step   36000 loss=0.06596 val_exact=0.9920 val_pw=1.0000 val_pair=1.0000 21s
 step   38000 loss=0.06328 val_exact=0.9915 val_pw=1.0000 val_pair=1.0000 21s
 step   40000 loss=0.06105 val_exact=0.9995 val_pw=1.0000 val_pair=1.0000 20s
 step   42000 loss=0.05951 val_exact=0.9950 val_pw=1.0000 val_pair=1.0000 20s
 step   44000 loss=0.05746 val_exact=0.9970 val_pw=1.0000 val_pair=1.0000 20s
 step   46000 loss=0.05578 val_exact=0.9995 val_pw=1.0000 val_pair=1.0000 20s
 step   48000 loss=0.05412 val_exact=1.0000 val_pw=1.0000 val_pair=1.0000 20s
 step   50000 loss=0.05277 val_exact=1.0000 val_pw=1.0000 val_pair=1.0000 20s
 step   52000 loss=0.05120 val_exact=1.0000 val_pw=1.0000 val_pair=1.0000 20s
 step   54000 loss=0.04990 val_exact=1.0000 val_pw=1.0000 val_pair=1.0000 20s
 step   56000 loss=0.04842 val_exact=1.0000 val_pw=1.0000 val_pair=1.0000 20s
 step   58000 loss=0.04723 val_exact=1.0000 val_pw=1.0000 val_pair=1.0000 20s
 step   60000 loss=0.04576 val_exact=1.0000 val_pw=1.0000 val_pair=1.0000 20s
 step   62000 loss=0.04464 val_exact=1.0000 val_pw=1.0000 val_pair=1.0000 20s
 step   64000 loss=0.04357 val_exact=1.0000 val_pw=1.0000 val_pair=1.0000 20s
 step   66000 loss=0.04253 val_exact=1.0000 val_pw=1.0000 val_pair=1.0000 20s
 step   68000 loss=0.04147 val_exact=1.0000 val_pw=1.0000 val_pair=1.0000 20s
 step   70000 loss=0.04042 val_exact=1.0000 val_pw=1.0000 val_pair=1.0000 21s
 step   72000 loss=0.03950 val_exact=1.0000 val_pw=1.0000 val_pair=1.0000 21s
 step   74000 loss=0.03864 val_exact=1.0000 val_pw=1.0000 val_pair=1.0000 20s
 step   76000 loss=0.03782 val_exact=1.0000 val_pw=1.0000 val_pair=1.0000 20s
 step   78000 loss=0.03706 val_exact=1.0000 val_pw=1.0000 val_pair=1.0000 20s
 step   80000 loss=0.03625 val_exact=1.0000 val_pw=1.0000 val_pair=1.0000 20s
 step   82000 loss=0.03551 val_exact=1.0000 val_pw=1.0000 val_pair=1.0000 22s
 step   84000 loss=0.03485 val_exact=1.0000 val_pw=1.0000 val_pair=1.0000 21s
 step   86000 loss=0.03417 val_exact=1.0000 val_pw=1.0000 val_pair=1.0000 21s
 step   88000 loss=0.03359 val_exact=1.0000 val_pw=1.0000 val_pair=1.0000 21s
 step   90000 loss=0.03294 val_exact=1.0000 val_pw=1.0000 val_pair=1.0000 21s
 step   92000 loss=0.03236 val_exact=1.0000 val_pw=1.0000 val_pair=1.0000 21s
 step   94000 loss=0.03179 val_exact=1.0000 val_pw=1.0000 val_pair=1.0000 20s
 step   96000 loss=0.03123 val_exact=1.0000 val_pw=1.0000 val_pair=1.0000 20s
 step   98000 loss=0.03066 val_exact=1.0000 val_pw=1.0000 val_pair=1.0000 20s
 step  100000 loss=0.03010 val_exact=1.0000 val_pw=1.0000 val_pair=1.0000 20s
 step  102000 loss=0.02960 val_exact=1.0000 val_pw=1.0000 val_pair=1.0000 20s
 step  104000 loss=0.02913 val_exact=1.0000 val_pw=1.0000 val_pair=1.0000 20s
 step  106000 loss=0.02864 val_exact=1.0000 val_pw=1.0000 val_pair=1.0000 20s
 step  108000 loss=0.02807 val_exact=1.0000 val_pw=1.0000 val_pair=1.0000 20s
 step  110000 loss=0.02767 val_exact=1.0000 val_pw=1.0000 val_pair=1.0000 20s
 step  112000 loss=0.02718 val_exact=1.0000 val_pw=1.0000 val_pair=1.0000 21s
 step  114000 loss=0.02675 val_exact=1.0000 val_pw=1.0000 val_pair=1.0000 21s
 step  116000 loss=0.02627 val_exact=1.0000 val_pw=1.0000 val_pair=1.0000 21s
 step  118000 loss=0.02582 val_exact=1.0000 val_pw=1.0000 val_pair=1.0000 21s
 step  120000 loss=0.02536 val_exact=1.0000 val_pw=1.0000 val_pair=1.0000 21s
 step  122000 loss=0.02493 val_exact=1.0000 val_pw=1.0000 val_pair=1.0000 21s
 step  124000 loss=0.02448 val_exact=1.0000 val_pw=1.0000 val_pair=1.0000 21s
 step  126000 loss=0.02404 val_exact=1.0000 val_pw=1.0000 val_pair=1.0000 22s
 step  128000 loss=0.02365 val_exact=1.0000 val_pw=1.0000 val_pair=1.0000 21s
 step  130000 loss=0.02322 val_exact=1.0000 val_pw=1.0000 val_pair=1.0000 21s
 step  132000 loss=0.02276 val_exact=1.0000 val_pw=1.0000 val_pair=1.0000 21s
 step  134000 loss=0.02235 val_exact=1.0000 val_pw=1.0000 val_pair=1.0000 21s
 step  136000 loss=0.02188 val_exact=1.0000 val_pw=1.0000 val_pair=1.0000 21s
 step  138000 loss=0.02150 val_exact=1.0000 val_pw=1.0000 val_pair=1.0000 21s
 step  140000 loss=0.02109 val_exact=1.0000 val_pw=1.0000 val_pair=1.0000 21s
 step  142000 loss=0.02062 val_exact=1.0000 val_pw=1.0000 val_pair=1.0000 21s
 step  144000 loss=0.02028 val_exact=1.0000 val_pw=1.0000 val_pair=1.0000 21s
 step  146000 loss=0.01986 val_exact=1.0000 val_pw=1.0000 val_pair=1.0000 20s
 step  148000 loss=0.01949 val_exact=1.0000 val_pw=1.0000 val_pair=1.0000 20s
 step  150000 loss=0.01917 val_exact=1.0000 val_pw=1.0000 val_pair=1.0000 20s
 step  152000 loss=0.01883 val_exact=1.0000 val_pw=1.0000 val_pair=1.0000 20s
 step  154000 loss=0.01853 val_exact=1.0000 val_pw=1.0000 val_pair=1.0000 20s
 step  156000 loss=0.01822 val_exact=1.0000 val_pw=1.0000 val_pair=1.0000 20s
 step  158000 loss=0.01794 val_exact=1.0000 val_pw=1.0000 val_pair=1.0000 21s
 step  160000 loss=0.01769 val_exact=1.0000 val_pw=1.0000 val_pair=1.0000 21s
 step  162000 loss=0.01745 val_exact=1.0000 val_pw=1.0000 val_pair=1.0000 20s
 step  164000 loss=0.01723 val_exact=1.0000 val_pw=1.0000 val_pair=1.0000 20s
 step  166000 loss=0.01700 val_exact=1.0000 val_pw=1.0000 val_pair=1.0000 21s
 step  168000 loss=0.01676 val_exact=1.0000 val_pw=1.0000 val_pair=1.0000 21s
 step  170000 loss=0.01655 val_exact=1.0000 val_pw=1.0000 val_pair=1.0000 21s
 step  172000 loss=0.01638 val_exact=1.0000 val_pw=1.0000 val_pair=1.0000 21s
 step  174000 loss=0.01611 val_exact=1.0000 val_pw=1.0000 val_pair=1.0000 21s
 step  176000 loss=0.01597 val_exact=1.0000 val_pw=1.0000 val_pair=1.0000 21s
 step  178000 loss=0.01578 val_exact=1.0000 val_pw=1.0000 val_pair=1.0000 21s
 step  180000 loss=0.01559 val_exact=1.0000 val_pw=1.0000 val_pair=1.0000 21s
 step  182000 loss=0.01541 val_exact=1.0000 val_pw=1.0000 val_pair=1.0000 21s
 step  184000 loss=0.01532 val_exact=1.0000 val_pw=1.0000 val_pair=1.0000 21s
 step  186000 loss=0.01513 val_exact=1.0000 val_pw=1.0000 val_pair=1.0000 21s
 step  188000 loss=0.01492 val_exact=1.0000 val_pw=1.0000 val_pair=1.0000 20s
 step  190000 loss=0.01476 val_exact=1.0000 val_pw=1.0000 val_pair=1.0000 20s
 step  192000 loss=0.01462 val_exact=1.0000 val_pw=1.0000 val_pair=1.0000 21s
 step  194000 loss=0.01449 val_exact=1.0000 val_pw=1.0000 val_pair=1.0000 21s
 step  196000 loss=0.01435 val_exact=1.0000 val_pw=1.0000 val_pair=1.0000 21s
 step  198000 loss=0.01425 val_exact=1.0000 val_pw=1.0000 val_pair=1.0000 20s
 step  200000 loss=0.01410 val_exact=1.0000 val_pw=1.0000 val_pair=1.0000 21s
 step  202000 loss=0.01399 val_exact=1.0000 val_pw=1.0000 val_pair=1.0000 21s
 step  204000 loss=0.01388 val_exact=1.0000 val_pw=1.0000 val_pair=1.0000 21s
 step  206000 loss=0.01376 val_exact=1.0000 val_pw=1.0000 val_pair=1.0000 20s
 step  208000 loss=0.01365 val_exact=1.0000 val_pw=1.0000 val_pair=1.0000 21s
 step  210000 loss=0.01356 val_exact=1.0000 val_pw=1.0000 val_pair=1.0000 20s
 step  212000 loss=0.01344 val_exact=1.0000 val_pw=1.0000 val_pair=1.0000 21s
 step  214000 loss=0.01332 val_exact=1.0000 val_pw=1.0000 val_pair=1.0000 21s
 step  216000 loss=0.01321 val_exact=1.0000 val_pw=1.0000 val_pair=1.0000 21s
 step  218000 loss=0.01315 val_exact=1.0000 val_pw=1.0000 val_pair=1.0000 21s
 step  220000 loss=0.01305 val_exact=1.0000 val_pw=1.0000 val_pair=1.0000 20s
 step  222000 loss=0.01294 val_exact=1.0000 val_pw=1.0000 val_pair=1.0000 21s
 step  224000 loss=0.01287 val_exact=1.0000 val_pw=1.0000 val_pair=1.0000 21s
 step  226000 loss=0.01280 val_exact=1.0000 val_pw=1.0000 val_pair=1.0000 20s
 step  228000 loss=0.01274 val_exact=1.0000 val_pw=1.0000 val_pair=1.0000 21s
 step  230000 loss=0.01266 val_exact=1.0000 val_pw=1.0000 val_pair=1.0000 21s
 step  232000 loss=0.01258 val_exact=1.0000 val_pw=1.0000 val_pair=1.0000 20s
 step  234000 loss=0.01249 val_exact=1.0000 val_pw=1.0000 val_pair=1.0000 21s
 step  236000 loss=0.01244 val_exact=1.0000 val_pw=1.0000 val_pair=1.0000 21s
 step  238000 loss=0.01240 val_exact=1.0000 val_pw=1.0000 val_pair=1.0000 20s
 step  240000 loss=0.01232 val_exact=1.0000 val_pw=1.0000 val_pair=1.0000 21s
 step  242000 loss=0.01226 val_exact=1.0000 val_pw=1.0000 val_pair=1.0000 21s
 step  244000 loss=0.01221 val_exact=1.0000 val_pw=1.0000 val_pair=1.0000 21s
 step  246000 loss=0.01213 val_exact=1.0000 val_pw=1.0000 val_pair=1.0000 20s
 step  248000 loss=0.01207 val_exact=1.0000 val_pw=1.0000 val_pair=1.0000 20s
 step  250000 loss=0.01205 val_exact=1.0000 val_pw=1.0000 val_pair=1.0000 21s
 step  252000 loss=0.01198 val_exact=1.0000 val_pw=1.0000 val_pair=1.0000 21s
 step  254000 loss=0.01196 val_exact=1.0000 val_pw=1.0000 val_pair=1.0000 21s
 step  256000 loss=0.01194 val_exact=1.0000 val_pw=1.0000 val_pair=1.0000 20s
 step  258000 loss=0.01183 val_exact=1.0000 val_pw=1.0000 val_pair=1.0000 20s
 step  260000 loss=0.01184 val_exact=1.0000 val_pw=1.0000 val_pair=1.0000 21s
 step  262000 loss=0.01177 val_exact=1.0000 val_pw=1.0000 val_pair=1.0000 21s
 step  264000 loss=0.01176 val_exact=1.0000 val_pw=1.0000 val_pair=1.0000 21s
 step  266000 loss=0.01172 val_exact=1.0000 val_pw=1.0000 val_pair=1.0000 21s
 step  268000 loss=0.01171 val_exact=1.0000 val_pw=1.0000 val_pair=1.0000 20s
 step  270000 loss=0.01165 val_exact=1.0000 val_pw=1.0000 val_pair=1.0000 20s
 step  272000 loss=0.01165 val_exact=1.0000 val_pw=1.0000 val_pair=1.0000 20s
 step  274000 loss=0.01164 val_exact=1.0000 val_pw=1.0000 val_pair=1.0000 21s
 step  276000 loss=0.01159 val_exact=1.0000 val_pw=1.0000 val_pair=1.0000 21s
 step  278000 loss=0.01159 val_exact=1.0000 val_pw=1.0000 val_pair=1.0000 20s
 step  280000 loss=0.01159 val_exact=1.0000 val_pw=1.0000 val_pair=1.0000 20s
 step  282000 loss=0.01158 val_exact=1.0000 val_pw=1.0000 val_pair=1.0000 20s
 step  284000 loss=0.01156 val_exact=1.0000 val_pw=1.0000 val_pair=1.0000 20s
 step  286000 loss=0.01152 val_exact=1.0000 val_pw=1.0000 val_pair=1.0000 20s
 step  288000 loss=0.01153 val_exact=1.0000 val_pw=1.0000 val_pair=1.0000 20s
 step  290000 loss=0.01153 val_exact=1.0000 val_pw=1.0000 val_pair=1.0000 21s
 step  292000 loss=0.01150 val_exact=1.0000 val_pw=1.0000 val_pair=1.0000 21s
 step  294000 loss=0.01148 val_exact=1.0000 val_pw=1.0000 val_pair=1.0000 21s
 step  296000 loss=0.01153 val_exact=1.0000 val_pw=1.0000 val_pair=1.0000 20s
 step  298000 loss=0.01150 val_exact=1.0000 val_pw=1.0000 val_pair=1.0000 20s
 step  300000 loss=0.01152 val_exact=1.0000 val_pw=1.0000 val_pair=1.0000 21s
done. steps_to={'pair_0.9': 2000, 'pair_0.99': 2000, 'pair_0.999': 2000, 'exact_0.9': 26000, 'exact_0.99': 34000, 'exact_0.999': 40000}  best exact=1.0000  -> runs/report6/multipath_train/n40_k1_ell7_clean_roberta_linear_seed4000
