task 15 -> n=40 k=2 ell=9 trunc=0.6 seed=4000
== n40_k2_ell9_trunc0.6_roberta_linear_seed4000 ==
 device=cuda arch=roberta readout=linear n=40 k=2 ell=9 trunc_frac=0.6 params=6,347,304
 step    2000 loss=0.59518 val_exact=0.0000 val_pw=0.7020 val_pair=0.0000 21s
 step    4000 loss=0.54524 val_exact=0.0000 val_pw=0.7338 val_pair=0.0000 21s
 step    6000 loss=0.52401 val_exact=0.0000 val_pw=0.8778 val_pair=1.0000 21s
 step    8000 loss=0.50219 val_exact=0.0000 val_pw=0.8196 val_pair=1.0000 21s
 step   10000 loss=0.48837 val_exact=0.0000 val_pw=0.9187 val_pair=1.0000 20s
 step   12000 loss=0.47618 val_exact=0.0000 val_pw=0.9341 val_pair=1.0000 20s
 step   14000 loss=0.46697 val_exact=0.0000 val_pw=0.9448 val_pair=1.0000 20s
 step   16000 loss=0.45923 val_exact=0.0000 val_pw=0.9533 val_pair=1.0000 20s
 step   18000 loss=0.45133 val_exact=0.0000 val_pw=0.9576 val_pair=1.0000 20s
 step   20000 loss=0.44400 val_exact=0.0000 val_pw=0.9626 val_pair=1.0000 20s
 step   22000 loss=0.43843 val_exact=0.0000 val_pw=0.9557 val_pair=1.0000 21s
 step   24000 loss=0.43457 val_exact=0.0000 val_pw=0.9580 val_pair=1.0000 20s
 step   26000 loss=0.43067 val_exact=0.0000 val_pw=0.9648 val_pair=1.0000 20s
 step   28000 loss=0.42807 val_exact=0.0000 val_pw=0.9641 val_pair=1.0000 21s
 step   30000 loss=0.42504 val_exact=0.0000 val_pw=0.9632 val_pair=1.0000 20s
 step   32000 loss=0.42289 val_exact=0.0000 val_pw=0.9650 val_pair=1.0000 21s
 step   34000 loss=0.42077 val_exact=0.0000 val_pw=0.9662 val_pair=1.0000 20s
 step   36000 loss=0.41856 val_exact=0.0000 val_pw=0.9666 val_pair=1.0000 20s
 step   38000 loss=0.41695 val_exact=0.0000 val_pw=0.9687 val_pair=1.0000 20s
 step   40000 loss=0.41515 val_exact=0.0000 val_pw=0.9681 val_pair=1.0000 21s
 step   42000 loss=0.41365 val_exact=0.0000 val_pw=0.9701 val_pair=1.0000 20s
 step   44000 loss=0.41194 val_exact=0.0000 val_pw=0.9760 val_pair=1.0000 20s
 step   46000 loss=0.41063 val_exact=0.0000 val_pw=0.9695 val_pair=1.0000 20s
 step   48000 loss=0.40872 val_exact=0.0000 val_pw=0.9696 val_pair=1.0000 20s
 step   50000 loss=0.40747 val_exact=0.0000 val_pw=0.9776 val_pair=1.0000 20s
 step   52000 loss=0.40546 val_exact=0.0000 val_pw=0.9769 val_pair=1.0000 21s
 step   54000 loss=0.40426 val_exact=0.0000 val_pw=0.9785 val_pair=1.0000 20s
 step   56000 loss=0.40281 val_exact=0.0000 val_pw=0.9779 val_pair=1.0000 20s
 step   58000 loss=0.40123 val_exact=0.0000 val_pw=0.9777 val_pair=1.0000 20s
 step   60000 loss=0.40005 val_exact=0.0000 val_pw=0.9781 val_pair=1.0000 20s
 step   62000 loss=0.39823 val_exact=0.0000 val_pw=0.9783 val_pair=1.0000 20s
 step   64000 loss=0.39675 val_exact=0.0000 val_pw=0.9775 val_pair=1.0000 20s
 step   66000 loss=0.39461 val_exact=0.0000 val_pw=0.9804 val_pair=1.0000 20s
 step   68000 loss=0.39308 val_exact=0.0000 val_pw=0.9766 val_pair=1.0000 20s
 step   70000 loss=0.39112 val_exact=0.0000 val_pw=0.9778 val_pair=1.0000 20s
 step   72000 loss=0.39062 val_exact=0.0000 val_pw=0.9776 val_pair=1.0000 21s
 step   74000 loss=0.38898 val_exact=0.0000 val_pw=0.9809 val_pair=1.0000 21s
 step   76000 loss=0.38861 val_exact=0.0000 val_pw=0.9797 val_pair=1.0000 20s
 step   78000 loss=0.38688 val_exact=0.0000 val_pw=0.9809 val_pair=1.0000 20s
 step   80000 loss=0.38596 val_exact=0.0000 val_pw=0.9757 val_pair=1.0000 20s
 step   82000 loss=0.38517 val_exact=0.0000 val_pw=0.9832 val_pair=1.0000 21s
 step   84000 loss=0.38461 val_exact=0.0000 val_pw=0.9866 val_pair=1.0000 20s
 step   86000 loss=0.38264 val_exact=0.0000 val_pw=0.9835 val_pair=1.0000 21s
 step   88000 loss=0.38204 val_exact=0.0000 val_pw=0.9857 val_pair=1.0000 20s
 step   90000 loss=0.38106 val_exact=0.0000 val_pw=0.9864 val_pair=1.0000 21s
 step   92000 loss=0.37979 val_exact=0.0000 val_pw=0.9867 val_pair=1.0000 21s
 step   94000 loss=0.38011 val_exact=0.0000 val_pw=0.9858 val_pair=1.0000 21s
 step   96000 loss=0.37898 val_exact=0.0000 val_pw=0.9875 val_pair=1.0000 20s
 step   98000 loss=0.37764 val_exact=0.0000 val_pw=0.9864 val_pair=1.0000 20s
 step  100000 loss=0.37699 val_exact=0.0000 val_pw=0.9870 val_pair=1.0000 20s
 step  102000 loss=0.37629 val_exact=0.0000 val_pw=0.9875 val_pair=1.0000 21s
 step  104000 loss=0.37624 val_exact=0.0000 val_pw=0.9871 val_pair=1.0000 20s
 step  106000 loss=0.37448 val_exact=0.0000 val_pw=0.9856 val_pair=1.0000 20s
 step  108000 loss=0.37466 val_exact=0.0000 val_pw=0.9859 val_pair=1.0000 21s
 step  110000 loss=0.37330 val_exact=0.0000 val_pw=0.9862 val_pair=1.0000 21s
 step  112000 loss=0.37279 val_exact=0.0000 val_pw=0.9851 val_pair=1.0000 21s
 step  114000 loss=0.37230 val_exact=0.0000 val_pw=0.9851 val_pair=1.0000 20s
 step  116000 loss=0.37132 val_exact=0.0000 val_pw=0.9844 val_pair=1.0000 20s
 step  118000 loss=0.37055 val_exact=0.0000 val_pw=0.9839 val_pair=1.0000 20s
 step  120000 loss=0.36995 val_exact=0.0000 val_pw=0.9844 val_pair=1.0000 20s
 step  122000 loss=0.36936 val_exact=0.0000 val_pw=0.9823 val_pair=1.0000 20s
 step  124000 loss=0.36886 val_exact=0.0000 val_pw=0.9808 val_pair=1.0000 20s
 step  126000 loss=0.36818 val_exact=0.0000 val_pw=0.9825 val_pair=1.0000 20s
 step  128000 loss=0.36755 val_exact=0.0000 val_pw=0.9838 val_pair=1.0000 21s
 step  130000 loss=0.36730 val_exact=0.0000 val_pw=0.9857 val_pair=1.0000 21s
 step  132000 loss=0.36667 val_exact=0.0000 val_pw=0.9845 val_pair=1.0000 20s
 step  134000 loss=0.36604 val_exact=0.0000 val_pw=0.9827 val_pair=1.0000 20s
 step  136000 loss=0.36552 val_exact=0.0000 val_pw=0.9836 val_pair=1.0000 21s
 step  138000 loss=0.36487 val_exact=0.0000 val_pw=0.9819 val_pair=1.0000 20s
 step  140000 loss=0.36449 val_exact=0.0000 val_pw=0.9826 val_pair=1.0000 21s
 step  142000 loss=0.36400 val_exact=0.0000 val_pw=0.9830 val_pair=1.0000 20s
 step  144000 loss=0.36346 val_exact=0.0000 val_pw=0.9785 val_pair=1.0000 21s
 step  146000 loss=0.36294 val_exact=0.0000 val_pw=0.9823 val_pair=1.0000 20s
 step  148000 loss=0.36262 val_exact=0.0000 val_pw=0.9817 val_pair=1.0000 20s
 step  150000 loss=0.36217 val_exact=0.0000 val_pw=0.9811 val_pair=1.0000 20s
 step  152000 loss=0.36171 val_exact=0.0000 val_pw=0.9826 val_pair=1.0000 20s
 step  154000 loss=0.36125 val_exact=0.0000 val_pw=0.9841 val_pair=1.0000 20s
 step  156000 loss=0.36084 val_exact=0.0000 val_pw=0.9844 val_pair=1.0000 20s
 step  158000 loss=0.36054 val_exact=0.0000 val_pw=0.9820 val_pair=1.0000 21s
 step  160000 loss=0.36009 val_exact=0.0000 val_pw=0.9862 val_pair=1.0000 20s
 step  162000 loss=0.35962 val_exact=0.0000 val_pw=0.9862 val_pair=1.0000 20s
 step  164000 loss=0.35927 val_exact=0.0000 val_pw=0.9814 val_pair=1.0000 20s
 step  166000 loss=0.35881 val_exact=0.0000 val_pw=0.9826 val_pair=1.0000 20s
 step  168000 loss=0.35852 val_exact=0.0000 val_pw=0.9843 val_pair=1.0000 20s
 step  170000 loss=0.35810 val_exact=0.0000 val_pw=0.9836 val_pair=1.0000 20s
 step  172000 loss=0.35777 val_exact=0.0000 val_pw=0.9837 val_pair=1.0000 20s
 step  174000 loss=0.35734 val_exact=0.0000 val_pw=0.9849 val_pair=1.0000 21s
 step  176000 loss=0.35711 val_exact=0.0000 val_pw=0.9841 val_pair=1.0000 21s
 step  178000 loss=0.35662 val_exact=0.0000 val_pw=0.9849 val_pair=1.0000 20s
 step  180000 loss=0.35648 val_exact=0.0000 val_pw=0.9856 val_pair=1.0000 20s
 step  182000 loss=0.35599 val_exact=0.0000 val_pw=0.9856 val_pair=1.0000 20s
 step  184000 loss=0.35562 val_exact=0.0000 val_pw=0.9874 val_pair=1.0000 20s
 step  186000 loss=0.35539 val_exact=0.0000 val_pw=0.9860 val_pair=1.0000 20s
 step  188000 loss=0.35499 val_exact=0.0000 val_pw=0.9820 val_pair=1.0000 20s
 step  190000 loss=0.35465 val_exact=0.0000 val_pw=0.9864 val_pair=1.0000 20s
 step  192000 loss=0.35446 val_exact=0.0000 val_pw=0.9869 val_pair=1.0000 21s
 step  194000 loss=0.35409 val_exact=0.0000 val_pw=0.9874 val_pair=1.0000 21s
 step  196000 loss=0.35364 val_exact=0.0000 val_pw=0.9871 val_pair=1.0000 20s
 step  198000 loss=0.35347 val_exact=0.0000 val_pw=0.9865 val_pair=1.0000 21s
 step  200000 loss=0.35305 val_exact=0.0000 val_pw=0.9880 val_pair=1.0000 20s
 step  202000 loss=0.35284 val_exact=0.0000 val_pw=0.9868 val_pair=1.0000 20s
 step  204000 loss=0.35243 val_exact=0.0000 val_pw=0.9873 val_pair=1.0000 21s
 step  206000 loss=0.35237 val_exact=0.0000 val_pw=0.9865 val_pair=1.0000 20s
 step  208000 loss=0.35198 val_exact=0.0000 val_pw=0.9859 val_pair=1.0000 20s
 step  210000 loss=0.35179 val_exact=0.0000 val_pw=0.9872 val_pair=1.0000 21s
 step  212000 loss=0.35144 val_exact=0.0000 val_pw=0.9870 val_pair=1.0000 21s
 step  214000 loss=0.35126 val_exact=0.0000 val_pw=0.9865 val_pair=1.0000 20s
 step  216000 loss=0.35100 val_exact=0.0000 val_pw=0.9875 val_pair=1.0000 20s
 step  218000 loss=0.35075 val_exact=0.0000 val_pw=0.9821 val_pair=1.0000 21s
 step  220000 loss=0.35041 val_exact=0.0000 val_pw=0.9864 val_pair=1.0000 20s
 step  222000 loss=0.35046 val_exact=0.0000 val_pw=0.9864 val_pair=1.0000 21s
 step  224000 loss=0.35018 val_exact=0.0000 val_pw=0.9864 val_pair=1.0000 21s
 step  226000 loss=0.34993 val_exact=0.0000 val_pw=0.9857 val_pair=1.0000 21s
 step  228000 loss=0.34978 val_exact=0.0000 val_pw=0.9873 val_pair=1.0000 20s
 step  230000 loss=0.34965 val_exact=0.0000 val_pw=0.9865 val_pair=1.0000 20s
 step  232000 loss=0.34939 val_exact=0.0000 val_pw=0.9865 val_pair=1.0000 20s
 step  234000 loss=0.34933 val_exact=0.0000 val_pw=0.9857 val_pair=1.0000 20s
 step  236000 loss=0.34913 val_exact=0.0000 val_pw=0.9871 val_pair=1.0000 20s
 step  238000 loss=0.34901 val_exact=0.0000 val_pw=0.9818 val_pair=1.0000 20s
 step  240000 loss=0.34872 val_exact=0.0000 val_pw=0.9860 val_pair=1.0000 20s
 step  242000 loss=0.34866 val_exact=0.0000 val_pw=0.9870 val_pair=1.0000 20s
 step  244000 loss=0.34848 val_exact=0.0000 val_pw=0.9862 val_pair=1.0000 20s
 step  246000 loss=0.34841 val_exact=0.0000 val_pw=0.9876 val_pair=1.0000 20s
 step  248000 loss=0.34819 val_exact=0.0000 val_pw=0.9874 val_pair=1.0000 20s
 step  250000 loss=0.34803 val_exact=0.0000 val_pw=0.9849 val_pair=1.0000 21s
 step  252000 loss=0.34808 val_exact=0.0000 val_pw=0.9857 val_pair=1.0000 20s
 step  254000 loss=0.34783 val_exact=0.0000 val_pw=0.9874 val_pair=1.0000 21s
 step  256000 loss=0.34778 val_exact=0.0000 val_pw=0.9868 val_pair=1.0000 20s
 step  258000 loss=0.34778 val_exact=0.0000 val_pw=0.9861 val_pair=1.0000 20s
 step  260000 loss=0.34770 val_exact=0.0000 val_pw=0.9854 val_pair=1.0000 21s
 step  262000 loss=0.34756 val_exact=0.0000 val_pw=0.9861 val_pair=1.0000 20s
 step  264000 loss=0.34750 val_exact=0.0000 val_pw=0.9869 val_pair=1.0000 20s
 step  266000 loss=0.34734 val_exact=0.0000 val_pw=0.9841 val_pair=1.0000 21s
 step  268000 loss=0.34749 val_exact=0.0000 val_pw=0.9866 val_pair=1.0000 21s
 step  270000 loss=0.34727 val_exact=0.0000 val_pw=0.9844 val_pair=1.0000 20s
 step  272000 loss=0.34718 val_exact=0.0000 val_pw=0.9819 val_pair=1.0000 21s
 step  274000 loss=0.34724 val_exact=0.0000 val_pw=0.9843 val_pair=1.0000 21s
 step  276000 loss=0.34706 val_exact=0.0000 val_pw=0.9869 val_pair=1.0000 21s
 step  278000 loss=0.34712 val_exact=0.0000 val_pw=0.9861 val_pair=1.0000 20s
 step  280000 loss=0.34707 val_exact=0.0000 val_pw=0.9864 val_pair=1.0000 21s
 step  282000 loss=0.34693 val_exact=0.0000 val_pw=0.9865 val_pair=1.0000 20s
 step  284000 loss=0.34707 val_exact=0.0000 val_pw=0.9863 val_pair=1.0000 20s
 step  286000 loss=0.34701 val_exact=0.0000 val_pw=0.9866 val_pair=1.0000 21s
 step  288000 loss=0.34700 val_exact=0.0000 val_pw=0.9869 val_pair=1.0000 20s
 step  290000 loss=0.34693 val_exact=0.0000 val_pw=0.9861 val_pair=1.0000 20s
 step  292000 loss=0.34699 val_exact=0.0000 val_pw=0.9864 val_pair=1.0000 21s
 step  294000 loss=0.34703 val_exact=0.0000 val_pw=0.9847 val_pair=1.0000 20s
 step  296000 loss=0.34693 val_exact=0.0000 val_pw=0.9857 val_pair=1.0000 21s
 step  298000 loss=0.34702 val_exact=0.0000 val_pw=0.9860 val_pair=1.0000 21s
 step  300000 loss=0.34695 val_exact=0.0000 val_pw=0.9862 val_pair=1.0000 20s
done. steps_to={'pair_0.9': 6000, 'pair_0.99': 6000, 'pair_0.999': 6000, 'exact_0.9': None, 'exact_0.99': None, 'exact_0.999': None}  best exact=0.0000  -> runs/report6/multipath_train/n40_k2_ell9_trunc0.6_roberta_linear_seed4000
