task 1 -> n=40 k=3 ell=7 trunc=0.3 seed=2000
== n40_k3_ell7_trunc0.3_roberta_linear_seed2000 ==
 device=cuda arch=roberta readout=linear n=40 k=3 ell=7 trunc_frac=0.3 params=6,347,304
 step    2000 loss=0.56977 val_exact=0.0000 val_pw=0.8356 val_pair=1.0000 21s
 step    4000 loss=0.47281 val_exact=0.0000 val_pw=0.8968 val_pair=1.0000 20s
 step    6000 loss=0.38243 val_exact=0.0000 val_pw=0.8578 val_pair=1.0000 20s
 step    8000 loss=0.34901 val_exact=0.0000 val_pw=0.8289 val_pair=1.0000 21s
 step   10000 loss=0.32911 val_exact=0.0000 val_pw=0.9296 val_pair=1.0000 21s
 step   12000 loss=0.31349 val_exact=0.0000 val_pw=0.9116 val_pair=1.0000 21s
 step   14000 loss=0.29928 val_exact=0.0365 val_pw=0.9704 val_pair=1.0000 21s
 step   16000 loss=0.28433 val_exact=0.0570 val_pw=0.9854 val_pair=1.0000 20s
 step   18000 loss=0.27184 val_exact=0.8370 val_pw=0.9997 val_pair=1.0000 21s
 step   20000 loss=0.26000 val_exact=0.5395 val_pw=0.9978 val_pair=1.0000 21s
 step   22000 loss=0.24547 val_exact=0.8020 val_pw=0.9996 val_pair=1.0000 20s
 step   24000 loss=0.22659 val_exact=0.6795 val_pw=0.9997 val_pair=1.0000 20s
 step   26000 loss=0.20799 val_exact=0.7285 val_pw=0.9996 val_pair=1.0000 21s
 step   28000 loss=0.19755 val_exact=0.8115 val_pw=0.9998 val_pair=1.0000 20s
 step   30000 loss=0.19126 val_exact=0.9290 val_pw=0.9999 val_pair=1.0000 20s
 step   32000 loss=0.18598 val_exact=0.9705 val_pw=1.0000 val_pair=1.0000 21s
 step   34000 loss=0.18008 val_exact=0.9235 val_pw=0.9999 val_pair=1.0000 21s
 step   36000 loss=0.17598 val_exact=0.3805 val_pw=0.9960 val_pair=1.0000 21s
 step   38000 loss=0.17195 val_exact=0.9305 val_pw=0.9999 val_pair=1.0000 20s
 step   40000 loss=0.16856 val_exact=0.9650 val_pw=1.0000 val_pair=1.0000 20s
 step   42000 loss=0.16525 val_exact=0.9245 val_pw=0.9999 val_pair=1.0000 20s
 step   44000 loss=0.16188 val_exact=0.0000 val_pw=0.9394 val_pair=1.0000 20s
 step   46000 loss=0.15945 val_exact=0.3510 val_pw=0.9964 val_pair=1.0000 20s
 step   48000 loss=0.15579 val_exact=0.7975 val_pw=0.9998 val_pair=1.0000 20s
 step   50000 loss=0.15375 val_exact=0.9020 val_pw=0.9999 val_pair=1.0000 21s
 step   52000 loss=0.15147 val_exact=0.9345 val_pw=1.0000 val_pair=1.0000 20s
 step   54000 loss=0.14902 val_exact=0.9075 val_pw=0.9999 val_pair=1.0000 21s
 step   56000 loss=0.14740 val_exact=0.9690 val_pw=1.0000 val_pair=1.0000 20s
 step   58000 loss=0.14544 val_exact=0.1330 val_pw=0.9907 val_pair=1.0000 20s
 step   60000 loss=0.14378 val_exact=0.9495 val_pw=1.0000 val_pair=1.0000 20s
 step   62000 loss=0.14177 val_exact=0.6695 val_pw=0.9990 val_pair=1.0000 21s
 step   64000 loss=0.13990 val_exact=0.1585 val_pw=0.9908 val_pair=1.0000 21s
 step   66000 loss=0.13861 val_exact=0.9220 val_pw=0.9999 val_pair=1.0000 20s
 step   68000 loss=0.13729 val_exact=0.9175 val_pw=0.9999 val_pair=1.0000 21s
 step   70000 loss=0.13628 val_exact=0.8790 val_pw=0.9999 val_pair=1.0000 21s
 step   72000 loss=0.13445 val_exact=0.9320 val_pw=1.0000 val_pair=1.0000 21s
 step   74000 loss=0.13358 val_exact=0.0000 val_pw=0.9464 val_pair=1.0000 21s
 step   76000 loss=0.13256 val_exact=0.7375 val_pw=0.9994 val_pair=1.0000 20s
 step   78000 loss=0.13149 val_exact=0.8780 val_pw=0.9999 val_pair=1.0000 20s
 step   80000 loss=0.13017 val_exact=0.9070 val_pw=0.9999 val_pair=1.0000 20s
 step   82000 loss=0.12922 val_exact=0.0425 val_pw=0.9820 val_pair=1.0000 21s
 step   84000 loss=0.12820 val_exact=0.8710 val_pw=0.9999 val_pair=1.0000 20s
 step   86000 loss=0.12696 val_exact=0.6745 val_pw=0.9992 val_pair=1.0000 21s
 step   88000 loss=0.12627 val_exact=0.9545 val_pw=1.0000 val_pair=1.0000 21s
 step   90000 loss=0.12561 val_exact=0.0555 val_pw=0.9714 val_pair=1.0000 20s
 step   92000 loss=0.12472 val_exact=0.5865 val_pw=0.9985 val_pair=1.0000 21s
 step   94000 loss=0.12370 val_exact=0.8185 val_pw=0.9997 val_pair=1.0000 21s
 step   96000 loss=0.12276 val_exact=0.1800 val_pw=0.9905 val_pair=1.0000 21s
 step   98000 loss=0.12223 val_exact=0.8450 val_pw=0.9998 val_pair=1.0000 20s
 step  100000 loss=0.12137 val_exact=0.0785 val_pw=0.9883 val_pair=1.0000 21s
 step  102000 loss=0.12064 val_exact=0.0000 val_pw=0.9510 val_pair=1.0000 21s
 step  104000 loss=0.12004 val_exact=0.9010 val_pw=0.9999 val_pair=1.0000 21s
 step  106000 loss=0.11943 val_exact=0.0025 val_pw=0.9639 val_pair=1.0000 21s
 step  108000 loss=0.11861 val_exact=0.2345 val_pw=0.9934 val_pair=1.0000 21s
 step  110000 loss=0.11816 val_exact=0.0425 val_pw=0.9828 val_pair=1.0000 21s
 step  112000 loss=0.11745 val_exact=0.3250 val_pw=0.9958 val_pair=1.0000 20s
 step  114000 loss=0.11684 val_exact=0.9225 val_pw=0.9999 val_pair=1.0000 20s
 step  116000 loss=0.11635 val_exact=0.0795 val_pw=0.9892 val_pair=1.0000 20s
 step  118000 loss=0.11565 val_exact=0.2140 val_pw=0.9934 val_pair=1.0000 21s
 step  120000 loss=0.11508 val_exact=0.0040 val_pw=0.9570 val_pair=1.0000 21s
 step  122000 loss=0.11473 val_exact=0.1895 val_pw=0.9950 val_pair=1.0000 21s
 step  124000 loss=0.11415 val_exact=0.0000 val_pw=0.8871 val_pair=1.0000 21s
 step  126000 loss=0.11374 val_exact=0.0035 val_pw=0.9616 val_pair=1.0000 21s
 step  128000 loss=0.11311 val_exact=0.0370 val_pw=0.9792 val_pair=1.0000 21s
 step  130000 loss=0.11263 val_exact=0.0605 val_pw=0.9873 val_pair=1.0000 21s
 step  132000 loss=0.11238 val_exact=0.1680 val_pw=0.9903 val_pair=1.0000 21s
 step  134000 loss=0.11186 val_exact=0.2020 val_pw=0.9947 val_pair=1.0000 20s
 step  136000 loss=0.11143 val_exact=0.1430 val_pw=0.9904 val_pair=1.0000 21s
 step  138000 loss=0.11100 val_exact=0.0020 val_pw=0.9587 val_pair=1.0000 21s
 step  140000 loss=0.11056 val_exact=0.0235 val_pw=0.9844 val_pair=1.0000 20s
 step  142000 loss=0.11018 val_exact=0.1305 val_pw=0.9927 val_pair=1.0000 21s
 step  144000 loss=0.10978 val_exact=0.1815 val_pw=0.9924 val_pair=1.0000 21s
 step  146000 loss=0.10954 val_exact=0.0375 val_pw=0.9881 val_pair=1.0000 21s
 step  148000 loss=0.10908 val_exact=0.0000 val_pw=0.9007 val_pair=1.0000 21s
 step  150000 loss=0.10865 val_exact=0.0235 val_pw=0.9833 val_pair=1.0000 21s
 step  152000 loss=0.10839 val_exact=0.0045 val_pw=0.9671 val_pair=1.0000 21s
 step  154000 loss=0.10802 val_exact=0.0000 val_pw=0.9420 val_pair=1.0000 21s
 step  156000 loss=0.10779 val_exact=0.4110 val_pw=0.9976 val_pair=1.0000 21s
 step  158000 loss=0.10744 val_exact=0.0000 val_pw=0.9601 val_pair=1.0000 21s
 step  160000 loss=0.10705 val_exact=0.2740 val_pw=0.9959 val_pair=1.0000 21s
 step  162000 loss=0.10665 val_exact=0.0025 val_pw=0.9596 val_pair=1.0000 20s
 step  164000 loss=0.10649 val_exact=0.0025 val_pw=0.9637 val_pair=1.0000 21s
 step  166000 loss=0.10606 val_exact=0.0000 val_pw=0.7674 val_pair=1.0000 21s
 step  168000 loss=0.10582 val_exact=0.1875 val_pw=0.9944 val_pair=1.0000 20s
 step  170000 loss=0.10544 val_exact=0.0195 val_pw=0.9856 val_pair=1.0000 20s
 step  172000 loss=0.10513 val_exact=0.0085 val_pw=0.9838 val_pair=1.0000 20s
 step  174000 loss=0.10510 val_exact=0.0110 val_pw=0.9837 val_pair=1.0000 20s
 step  176000 loss=0.10477 val_exact=0.0040 val_pw=0.9824 val_pair=1.0000 21s
 step  178000 loss=0.10437 val_exact=0.0000 val_pw=0.9132 val_pair=1.0000 20s
 step  180000 loss=0.10422 val_exact=0.0000 val_pw=0.9196 val_pair=1.0000 20s
 step  182000 loss=0.10386 val_exact=0.0000 val_pw=0.8557 val_pair=1.0000 20s
 step  184000 loss=0.10354 val_exact=0.0000 val_pw=0.8801 val_pair=1.0000 20s
 step  186000 loss=0.10340 val_exact=0.0000 val_pw=0.9596 val_pair=1.0000 21s
 step  188000 loss=0.10319 val_exact=0.0000 val_pw=0.9656 val_pair=1.0000 21s
 step  190000 loss=0.10306 val_exact=0.0000 val_pw=0.9256 val_pair=1.0000 20s
 step  192000 loss=0.10260 val_exact=0.0000 val_pw=0.9367 val_pair=1.0000 21s
 step  194000 loss=0.10249 val_exact=0.0000 val_pw=0.9723 val_pair=1.0000 21s
 step  196000 loss=0.10241 val_exact=0.0000 val_pw=0.8891 val_pair=1.0000 20s
 step  198000 loss=0.10215 val_exact=0.0000 val_pw=0.9326 val_pair=1.0000 20s
 step  200000 loss=0.10200 val_exact=0.0000 val_pw=0.8975 val_pair=1.0000 21s
 step  202000 loss=0.10186 val_exact=0.0000 val_pw=0.9129 val_pair=1.0000 21s
 step  204000 loss=0.10146 val_exact=0.0000 val_pw=0.8859 val_pair=1.0000 21s
 step  206000 loss=0.10117 val_exact=0.0000 val_pw=0.9630 val_pair=1.0000 21s
 step  208000 loss=0.10121 val_exact=0.0000 val_pw=0.8551 val_pair=1.0000 21s
 step  210000 loss=0.10108 val_exact=0.0000 val_pw=0.9418 val_pair=1.0000 21s
 step  212000 loss=0.10083 val_exact=0.0000 val_pw=0.8712 val_pair=1.0000 20s
 step  214000 loss=0.10052 val_exact=0.0000 val_pw=0.9147 val_pair=1.0000 21s
 step  216000 loss=0.10037 val_exact=0.0000 val_pw=0.8933 val_pair=1.0000 20s
 step  218000 loss=0.10029 val_exact=0.0000 val_pw=0.8729 val_pair=1.0000 20s
 step  220000 loss=0.10023 val_exact=0.0000 val_pw=0.9484 val_pair=1.0000 20s
 step  222000 loss=0.09992 val_exact=0.0000 val_pw=0.9573 val_pair=1.0000 20s
 step  224000 loss=0.09993 val_exact=0.0000 val_pw=0.9194 val_pair=1.0000 20s
 step  226000 loss=0.09983 val_exact=0.0000 val_pw=0.9387 val_pair=1.0000 20s
 step  228000 loss=0.09955 val_exact=0.0000 val_pw=0.9459 val_pair=1.0000 20s
 step  230000 loss=0.09953 val_exact=0.0000 val_pw=0.9329 val_pair=1.0000 20s
 step  232000 loss=0.09927 val_exact=0.0000 val_pw=0.9251 val_pair=1.0000 20s
 step  234000 loss=0.09934 val_exact=0.0000 val_pw=0.8889 val_pair=1.0000 21s
 step  236000 loss=0.09905 val_exact=0.0000 val_pw=0.8879 val_pair=1.0000 20s
 step  238000 loss=0.09901 val_exact=0.0000 val_pw=0.9455 val_pair=1.0000 20s
 step  240000 loss=0.09892 val_exact=0.0000 val_pw=0.9323 val_pair=1.0000 20s
 step  242000 loss=0.09870 val_exact=0.0000 val_pw=0.9248 val_pair=1.0000 20s
 step  244000 loss=0.09867 val_exact=0.0000 val_pw=0.9140 val_pair=1.0000 20s
 step  246000 loss=0.09859 val_exact=0.0000 val_pw=0.9161 val_pair=1.0000 20s
 step  248000 loss=0.09848 val_exact=0.0000 val_pw=0.9420 val_pair=1.0000 20s
 step  250000 loss=0.09828 val_exact=0.0000 val_pw=0.8893 val_pair=1.0000 20s
 step  252000 loss=0.09815 val_exact=0.0000 val_pw=0.9363 val_pair=1.0000 20s
 step  254000 loss=0.09838 val_exact=0.0000 val_pw=0.9400 val_pair=1.0000 21s
 step  256000 loss=0.09816 val_exact=0.0000 val_pw=0.9228 val_pair=1.0000 20s
 step  258000 loss=0.09813 val_exact=0.0000 val_pw=0.8952 val_pair=1.0000 21s
 step  260000 loss=0.09817 val_exact=0.0000 val_pw=0.9171 val_pair=1.0000 20s
 step  262000 loss=0.09793 val_exact=0.0000 val_pw=0.8391 val_pair=1.0000 20s
 step  264000 loss=0.09790 val_exact=0.0000 val_pw=0.8886 val_pair=1.0000 20s
 step  266000 loss=0.09782 val_exact=0.0000 val_pw=0.8480 val_pair=1.0000 21s
 step  268000 loss=0.09787 val_exact=0.0000 val_pw=0.9012 val_pair=1.0000 20s
 step  270000 loss=0.09767 val_exact=0.0000 val_pw=0.8688 val_pair=1.0000 20s
 step  272000 loss=0.09786 val_exact=0.0000 val_pw=0.9366 val_pair=1.0000 21s
 step  274000 loss=0.09775 val_exact=0.0000 val_pw=0.9304 val_pair=1.0000 21s
 step  276000 loss=0.09767 val_exact=0.0000 val_pw=0.9284 val_pair=1.0000 20s
 step  278000 loss=0.09761 val_exact=0.0000 val_pw=0.9326 val_pair=1.0000 21s
 step  280000 loss=0.09767 val_exact=0.0000 val_pw=0.9332 val_pair=1.0000 20s
 step  282000 loss=0.09759 val_exact=0.0000 val_pw=0.9286 val_pair=1.0000 20s
 step  284000 loss=0.09739 val_exact=0.0000 val_pw=0.9304 val_pair=1.0000 20s
 step  286000 loss=0.09746 val_exact=0.0000 val_pw=0.9108 val_pair=1.0000 20s
 step  288000 loss=0.09748 val_exact=0.0000 val_pw=0.9179 val_pair=1.0000 20s
 step  290000 loss=0.09757 val_exact=0.0000 val_pw=0.9209 val_pair=1.0000 21s
 step  292000 loss=0.09753 val_exact=0.0000 val_pw=0.8973 val_pair=1.0000 20s
 step  294000 loss=0.09753 val_exact=0.0000 val_pw=0.9116 val_pair=1.0000 20s
 step  296000 loss=0.09753 val_exact=0.0000 val_pw=0.8987 val_pair=1.0000 20s
 step  298000 loss=0.09742 val_exact=0.0000 val_pw=0.9246 val_pair=1.0000 20s
 step  300000 loss=0.09748 val_exact=0.0000 val_pw=0.9172 val_pair=1.0000 21s
done. steps_to={'pair_0.9': 2000, 'pair_0.99': 2000, 'pair_0.999': 2000, 'exact_0.9': 30000, 'exact_0.99': None, 'exact_0.999': None}  best exact=0.9705  -> runs/report6/multipath_train/n40_k3_ell7_trunc0.3_roberta_linear_seed2000
