task 13 -> n=40 k=2 ell=9 trunc=0.6 seed=2000
== n40_k2_ell9_trunc0.6_roberta_linear_seed2000 ==
 device=cuda arch=roberta readout=linear n=40 k=2 ell=9 trunc_frac=0.6 params=6,347,304
 step    2000 loss=0.57885 val_exact=0.0000 val_pw=0.7215 val_pair=0.0000 22s
 step    4000 loss=0.52689 val_exact=0.0000 val_pw=0.7438 val_pair=0.2120 23s
 step    6000 loss=0.50550 val_exact=0.0000 val_pw=0.8483 val_pair=1.0000 22s
 step    8000 loss=0.48671 val_exact=0.0000 val_pw=0.8645 val_pair=1.0000 20s
 step   10000 loss=0.47564 val_exact=0.0000 val_pw=0.8732 val_pair=1.0000 20s
 step   12000 loss=0.46737 val_exact=0.0000 val_pw=0.9000 val_pair=1.0000 20s
 step   14000 loss=0.46010 val_exact=0.0000 val_pw=0.9056 val_pair=1.0000 20s
 step   16000 loss=0.45397 val_exact=0.0000 val_pw=0.9133 val_pair=1.0000 20s
 step   18000 loss=0.44847 val_exact=0.0000 val_pw=0.9295 val_pair=1.0000 20s
 step   20000 loss=0.44411 val_exact=0.0000 val_pw=0.9312 val_pair=1.0000 20s
 step   22000 loss=0.44035 val_exact=0.0000 val_pw=0.9400 val_pair=1.0000 20s
 step   24000 loss=0.43696 val_exact=0.0000 val_pw=0.9381 val_pair=1.0000 20s
 step   26000 loss=0.43384 val_exact=0.0000 val_pw=0.9346 val_pair=1.0000 20s
 step   28000 loss=0.43184 val_exact=0.0000 val_pw=0.9339 val_pair=1.0000 20s
 step   30000 loss=0.42897 val_exact=0.0000 val_pw=0.9346 val_pair=1.0000 20s
 step   32000 loss=0.42607 val_exact=0.0000 val_pw=0.9241 val_pair=1.0000 20s
 step   34000 loss=0.42364 val_exact=0.0000 val_pw=0.9345 val_pair=1.0000 20s
 step   36000 loss=0.42099 val_exact=0.0000 val_pw=0.9604 val_pair=1.0000 20s
 step   38000 loss=0.41870 val_exact=0.0000 val_pw=0.9414 val_pair=1.0000 20s
 step   40000 loss=0.41586 val_exact=0.0000 val_pw=0.9290 val_pair=1.0000 20s
 step   42000 loss=0.41356 val_exact=0.0000 val_pw=0.9495 val_pair=1.0000 20s
 step   44000 loss=0.41167 val_exact=0.0000 val_pw=0.9464 val_pair=1.0000 20s
 step   46000 loss=0.40960 val_exact=0.0000 val_pw=0.9597 val_pair=1.0000 20s
 step   48000 loss=0.40740 val_exact=0.0000 val_pw=0.9620 val_pair=1.0000 20s
 step   50000 loss=0.40530 val_exact=0.0000 val_pw=0.9748 val_pair=1.0000 20s
 step   52000 loss=0.40405 val_exact=0.0000 val_pw=0.9734 val_pair=1.0000 20s
 step   54000 loss=0.40241 val_exact=0.0000 val_pw=0.9586 val_pair=1.0000 20s
 step   56000 loss=0.40025 val_exact=0.0000 val_pw=0.9850 val_pair=1.0000 20s
 step   58000 loss=0.39890 val_exact=0.0000 val_pw=0.9824 val_pair=1.0000 20s
 step   60000 loss=0.39752 val_exact=0.0000 val_pw=0.9679 val_pair=1.0000 20s
 step   62000 loss=0.39585 val_exact=0.0000 val_pw=0.9853 val_pair=1.0000 20s
 step   64000 loss=0.39428 val_exact=0.0000 val_pw=0.9800 val_pair=1.0000 20s
 step   66000 loss=0.39183 val_exact=0.0000 val_pw=0.9866 val_pair=1.0000 20s
 step   68000 loss=0.39142 val_exact=0.0000 val_pw=0.9879 val_pair=1.0000 20s
 step   70000 loss=0.38960 val_exact=0.0000 val_pw=0.9485 val_pair=1.0000 20s
 step   72000 loss=0.38735 val_exact=0.0000 val_pw=0.9859 val_pair=1.0000 20s
 step   74000 loss=0.38598 val_exact=0.0000 val_pw=0.9809 val_pair=1.0000 22s
 step   76000 loss=0.38484 val_exact=0.0000 val_pw=0.9861 val_pair=1.0000 23s
 step   78000 loss=0.38178 val_exact=0.0000 val_pw=0.9862 val_pair=1.0000 22s
 step   80000 loss=0.38202 val_exact=0.0000 val_pw=0.9838 val_pair=1.0000 22s
 step   82000 loss=0.37772 val_exact=0.0000 val_pw=0.9853 val_pair=1.0000 22s
 step   84000 loss=0.37680 val_exact=0.0000 val_pw=0.9863 val_pair=1.0000 22s
 step   86000 loss=0.37477 val_exact=0.0000 val_pw=0.9866 val_pair=1.0000 20s
 step   88000 loss=0.37339 val_exact=0.0000 val_pw=0.9864 val_pair=1.0000 20s
 step   90000 loss=0.37225 val_exact=0.0000 val_pw=0.9868 val_pair=1.0000 20s
 step   92000 loss=0.36969 val_exact=0.0000 val_pw=0.9857 val_pair=1.0000 20s
 step   94000 loss=0.36925 val_exact=0.0000 val_pw=0.9867 val_pair=1.0000 20s
 step   96000 loss=0.36721 val_exact=0.0000 val_pw=0.8915 val_pair=1.0000 20s
 step   98000 loss=0.36654 val_exact=0.0000 val_pw=0.9849 val_pair=1.0000 20s
 step  100000 loss=0.36487 val_exact=0.0000 val_pw=0.9853 val_pair=1.0000 20s
 step  102000 loss=0.36421 val_exact=0.0000 val_pw=0.9859 val_pair=1.0000 20s
 step  104000 loss=0.36250 val_exact=0.0000 val_pw=0.9836 val_pair=1.0000 20s
 step  106000 loss=0.36153 val_exact=0.0000 val_pw=0.9840 val_pair=1.0000 20s
 step  108000 loss=0.36035 val_exact=0.0000 val_pw=0.9831 val_pair=1.0000 20s
 step  110000 loss=0.35961 val_exact=0.0000 val_pw=0.9842 val_pair=1.0000 20s
 step  112000 loss=0.35829 val_exact=0.0000 val_pw=0.9813 val_pair=1.0000 20s
 step  114000 loss=0.35728 val_exact=0.0000 val_pw=0.9847 val_pair=1.0000 20s
 step  116000 loss=0.35705 val_exact=0.0000 val_pw=0.9829 val_pair=1.0000 20s
 step  118000 loss=0.35586 val_exact=0.0000 val_pw=0.9798 val_pair=1.0000 20s
 step  120000 loss=0.35531 val_exact=0.0000 val_pw=0.9710 val_pair=1.0000 20s
 step  122000 loss=0.35411 val_exact=0.0000 val_pw=0.9651 val_pair=1.0000 20s
 step  124000 loss=0.35343 val_exact=0.0000 val_pw=0.9843 val_pair=1.0000 20s
 step  126000 loss=0.35243 val_exact=0.0000 val_pw=0.9820 val_pair=1.0000 20s
 step  128000 loss=0.35224 val_exact=0.0000 val_pw=0.9823 val_pair=1.0000 20s
 step  130000 loss=0.35143 val_exact=0.0000 val_pw=0.9844 val_pair=1.0000 20s
 step  132000 loss=0.35059 val_exact=0.0000 val_pw=0.9843 val_pair=1.0000 20s
 step  134000 loss=0.35010 val_exact=0.0000 val_pw=0.9838 val_pair=1.0000 20s
 step  136000 loss=0.34983 val_exact=0.0000 val_pw=0.9854 val_pair=1.0000 22s
 step  138000 loss=0.34901 val_exact=0.0000 val_pw=0.9841 val_pair=1.0000 22s
 step  140000 loss=0.34825 val_exact=0.0000 val_pw=0.9849 val_pair=1.0000 22s
 step  142000 loss=0.34760 val_exact=0.0000 val_pw=0.9841 val_pair=1.0000 22s
 step  144000 loss=0.34732 val_exact=0.0000 val_pw=0.9797 val_pair=1.0000 21s
 step  146000 loss=0.34664 val_exact=0.0000 val_pw=0.9805 val_pair=1.0000 20s
 step  148000 loss=0.34620 val_exact=0.0000 val_pw=0.9853 val_pair=1.0000 20s
 step  150000 loss=0.34585 val_exact=0.0000 val_pw=0.9816 val_pair=1.0000 20s
 step  152000 loss=0.34528 val_exact=0.0000 val_pw=0.9827 val_pair=1.0000 20s
 step  154000 loss=0.34528 val_exact=0.0000 val_pw=0.9838 val_pair=1.0000 20s
 step  156000 loss=0.34435 val_exact=0.0000 val_pw=0.9830 val_pair=1.0000 20s
 step  158000 loss=0.34378 val_exact=0.0000 val_pw=0.9841 val_pair=1.0000 20s
 step  160000 loss=0.34341 val_exact=0.0000 val_pw=0.9855 val_pair=1.0000 20s
 step  162000 loss=0.34308 val_exact=0.0000 val_pw=0.9714 val_pair=1.0000 20s
 step  164000 loss=0.34256 val_exact=0.0000 val_pw=0.9861 val_pair=1.0000 20s
 step  166000 loss=0.34219 val_exact=0.0000 val_pw=0.9859 val_pair=1.0000 20s
 step  168000 loss=0.34191 val_exact=0.0000 val_pw=0.9865 val_pair=1.0000 20s
 step  170000 loss=0.34141 val_exact=0.0000 val_pw=0.9856 val_pair=1.0000 20s
 step  172000 loss=0.34124 val_exact=0.0000 val_pw=0.9860 val_pair=1.0000 20s
 step  174000 loss=0.34071 val_exact=0.0000 val_pw=0.9875 val_pair=1.0000 20s
 step  176000 loss=0.34051 val_exact=0.0000 val_pw=0.9830 val_pair=1.0000 20s
 step  178000 loss=0.34020 val_exact=0.0000 val_pw=0.9852 val_pair=1.0000 20s
 step  180000 loss=0.33973 val_exact=0.0000 val_pw=0.9868 val_pair=1.0000 20s
 step  182000 loss=0.33948 val_exact=0.0000 val_pw=0.9864 val_pair=1.0000 20s
 step  184000 loss=0.33926 val_exact=0.0000 val_pw=0.9856 val_pair=1.0000 20s
 step  186000 loss=0.33906 val_exact=0.0000 val_pw=0.9889 val_pair=1.0000 20s
 step  188000 loss=0.33864 val_exact=0.0000 val_pw=0.9849 val_pair=1.0000 21s
 step  190000 loss=0.33839 val_exact=0.0000 val_pw=0.9875 val_pair=1.0000 22s
 step  192000 loss=0.33812 val_exact=0.0000 val_pw=0.9880 val_pair=1.0000 22s
 step  194000 loss=0.33783 val_exact=0.0000 val_pw=0.9887 val_pair=1.0000 22s
 step  196000 loss=0.33764 val_exact=0.0000 val_pw=0.9896 val_pair=1.0000 22s
 step  198000 loss=0.33749 val_exact=0.0000 val_pw=0.9879 val_pair=1.0000 22s
 step  200000 loss=0.33721 val_exact=0.0000 val_pw=0.9872 val_pair=1.0000 22s
 step  202000 loss=0.33695 val_exact=0.0000 val_pw=0.9894 val_pair=1.0000 20s
 step  204000 loss=0.33666 val_exact=0.0000 val_pw=0.9899 val_pair=1.0000 20s
 step  206000 loss=0.33642 val_exact=0.0000 val_pw=0.9889 val_pair=1.0000 20s
 step  208000 loss=0.33621 val_exact=0.0000 val_pw=0.9901 val_pair=1.0000 20s
 step  210000 loss=0.33614 val_exact=0.0000 val_pw=0.9887 val_pair=1.0000 20s
 step  212000 loss=0.33574 val_exact=0.0000 val_pw=0.9885 val_pair=1.0000 20s
 step  214000 loss=0.33553 val_exact=0.0000 val_pw=0.9892 val_pair=1.0000 20s
 step  216000 loss=0.33554 val_exact=0.0000 val_pw=0.9892 val_pair=1.0000 20s
 step  218000 loss=0.33536 val_exact=0.0000 val_pw=0.9910 val_pair=1.0000 20s
 step  220000 loss=0.33512 val_exact=0.0000 val_pw=0.9893 val_pair=1.0000 20s
 step  222000 loss=0.33499 val_exact=0.0000 val_pw=0.9883 val_pair=1.0000 20s
 step  224000 loss=0.33474 val_exact=0.0000 val_pw=0.9885 val_pair=1.0000 20s
 step  226000 loss=0.33476 val_exact=0.0000 val_pw=0.9900 val_pair=1.0000 20s
 step  228000 loss=0.33452 val_exact=0.0000 val_pw=0.9905 val_pair=1.0000 20s
 step  230000 loss=0.33434 val_exact=0.0000 val_pw=0.9889 val_pair=1.0000 20s
 step  232000 loss=0.33426 val_exact=0.0000 val_pw=0.9895 val_pair=1.0000 20s
 step  234000 loss=0.33413 val_exact=0.0000 val_pw=0.9907 val_pair=1.0000 20s
 step  236000 loss=0.33404 val_exact=0.0000 val_pw=0.9898 val_pair=1.0000 20s
 step  238000 loss=0.33371 val_exact=0.0000 val_pw=0.9895 val_pair=1.0000 20s
 step  240000 loss=0.33371 val_exact=0.0000 val_pw=0.9895 val_pair=1.0000 20s
 step  242000 loss=0.33359 val_exact=0.0000 val_pw=0.9902 val_pair=1.0000 20s
 step  244000 loss=0.33355 val_exact=0.0000 val_pw=0.9894 val_pair=1.0000 20s
 step  246000 loss=0.33344 val_exact=0.0000 val_pw=0.9888 val_pair=1.0000 20s
 step  248000 loss=0.33315 val_exact=0.0000 val_pw=0.9898 val_pair=1.0000 20s
 step  250000 loss=0.33321 val_exact=0.0000 val_pw=0.9908 val_pair=1.0000 20s
 step  252000 loss=0.33319 val_exact=0.0000 val_pw=0.9885 val_pair=1.0000 20s
 step  254000 loss=0.33295 val_exact=0.0000 val_pw=0.9909 val_pair=1.0000 20s
 step  256000 loss=0.33286 val_exact=0.0000 val_pw=0.9898 val_pair=1.0000 20s
 step  258000 loss=0.33296 val_exact=0.0000 val_pw=0.9901 val_pair=1.0000 20s
 step  260000 loss=0.33266 val_exact=0.0000 val_pw=0.9892 val_pair=1.0000 20s
 step  262000 loss=0.33261 val_exact=0.0000 val_pw=0.9909 val_pair=1.0000 20s
 step  264000 loss=0.33265 val_exact=0.0000 val_pw=0.9898 val_pair=1.0000 20s
 step  266000 loss=0.33255 val_exact=0.0000 val_pw=0.9903 val_pair=1.0000 20s
 step  268000 loss=0.33245 val_exact=0.0000 val_pw=0.9904 val_pair=1.0000 20s
 step  270000 loss=0.33248 val_exact=0.0000 val_pw=0.9901 val_pair=1.0000 20s
 step  272000 loss=0.33236 val_exact=0.0000 val_pw=0.9905 val_pair=1.0000 20s
 step  274000 loss=0.33242 val_exact=0.0000 val_pw=0.9898 val_pair=1.0000 20s
 step  276000 loss=0.33239 val_exact=0.0000 val_pw=0.9899 val_pair=1.0000 20s
 step  278000 loss=0.33241 val_exact=0.0000 val_pw=0.9909 val_pair=1.0000 20s
 step  280000 loss=0.33231 val_exact=0.0000 val_pw=0.9908 val_pair=1.0000 20s
 step  282000 loss=0.33226 val_exact=0.0000 val_pw=0.9904 val_pair=1.0000 20s
 step  284000 loss=0.33218 val_exact=0.0000 val_pw=0.9903 val_pair=1.0000 20s
 step  286000 loss=0.33215 val_exact=0.0000 val_pw=0.9906 val_pair=1.0000 20s
 step  288000 loss=0.33221 val_exact=0.0000 val_pw=0.9904 val_pair=1.0000 20s
 step  290000 loss=0.33205 val_exact=0.0000 val_pw=0.9901 val_pair=1.0000 20s
 step  292000 loss=0.33214 val_exact=0.0000 val_pw=0.9901 val_pair=1.0000 20s
 step  294000 loss=0.33217 val_exact=0.0000 val_pw=0.9913 val_pair=1.0000 20s
 step  296000 loss=0.33204 val_exact=0.0000 val_pw=0.9906 val_pair=1.0000 20s
 step  298000 loss=0.33210 val_exact=0.0000 val_pw=0.9907 val_pair=1.0000 20s
 step  300000 loss=0.33218 val_exact=0.0000 val_pw=0.9909 val_pair=1.0000 20s
done. steps_to={'pair_0.9': 6000, 'pair_0.99': 6000, 'pair_0.999': 6000, 'exact_0.9': None, 'exact_0.99': None, 'exact_0.999': None}  best exact=0.0000  -> runs/report6/multipath_train/n40_k2_ell9_trunc0.6_roberta_linear_seed2000
