task 9 -> n=40 k=2 ell=9 trunc=0.3 seed=2000
== n40_k2_ell9_trunc0.3_roberta_linear_seed2000 ==
 device=cuda arch=roberta readout=linear n=40 k=2 ell=9 trunc_frac=0.3 params=6,347,304
 step    2000 loss=0.58151 val_exact=0.0000 val_pw=0.7328 val_pair=0.9995 22s
 step    4000 loss=0.52529 val_exact=0.0000 val_pw=0.8183 val_pair=1.0000 22s
 step    6000 loss=0.49720 val_exact=0.0000 val_pw=0.8199 val_pair=1.0000 22s
 step    8000 loss=0.47879 val_exact=0.0000 val_pw=0.8698 val_pair=1.0000 22s
 step   10000 loss=0.46524 val_exact=0.0000 val_pw=0.8943 val_pair=1.0000 22s
 step   12000 loss=0.45572 val_exact=0.0000 val_pw=0.9097 val_pair=1.0000 22s
 step   14000 loss=0.44565 val_exact=0.0000 val_pw=0.9269 val_pair=1.0000 22s
 step   16000 loss=0.43862 val_exact=0.0000 val_pw=0.9269 val_pair=1.0000 22s
 step   18000 loss=0.43206 val_exact=0.0000 val_pw=0.9370 val_pair=1.0000 22s
 step   20000 loss=0.42660 val_exact=0.0000 val_pw=0.9410 val_pair=1.0000 22s
 step   22000 loss=0.42326 val_exact=0.0000 val_pw=0.9449 val_pair=1.0000 22s
 step   24000 loss=0.41821 val_exact=0.0000 val_pw=0.9416 val_pair=1.0000 22s
 step   26000 loss=0.41557 val_exact=0.0000 val_pw=0.9458 val_pair=1.0000 22s
 step   28000 loss=0.41259 val_exact=0.0000 val_pw=0.9481 val_pair=1.0000 22s
 step   30000 loss=0.40873 val_exact=0.0000 val_pw=0.9426 val_pair=1.0000 20s
 step   32000 loss=0.40541 val_exact=0.0000 val_pw=0.9555 val_pair=1.0000 20s
 step   34000 loss=0.40217 val_exact=0.0000 val_pw=0.9583 val_pair=1.0000 20s
 step   36000 loss=0.39850 val_exact=0.0000 val_pw=0.9578 val_pair=1.0000 20s
 step   38000 loss=0.39410 val_exact=0.0000 val_pw=0.9625 val_pair=1.0000 20s
 step   40000 loss=0.38951 val_exact=0.0000 val_pw=0.9727 val_pair=1.0000 20s
 step   42000 loss=0.38635 val_exact=0.0000 val_pw=0.9706 val_pair=1.0000 20s
 step   44000 loss=0.38264 val_exact=0.0000 val_pw=0.9763 val_pair=1.0000 20s
 step   46000 loss=0.37873 val_exact=0.0000 val_pw=0.9739 val_pair=1.0000 20s
 step   48000 loss=0.37601 val_exact=0.0000 val_pw=0.9799 val_pair=1.0000 20s
 step   50000 loss=0.37246 val_exact=0.0000 val_pw=0.9879 val_pair=1.0000 20s
 step   52000 loss=0.36897 val_exact=0.0000 val_pw=0.9881 val_pair=1.0000 20s
 step   54000 loss=0.36585 val_exact=0.0000 val_pw=0.9813 val_pair=1.0000 20s
 step   56000 loss=0.36270 val_exact=0.0050 val_pw=0.9930 val_pair=1.0000 20s
 step   58000 loss=0.35960 val_exact=0.0085 val_pw=0.9937 val_pair=1.0000 20s
 step   60000 loss=0.35653 val_exact=0.0035 val_pw=0.9893 val_pair=1.0000 20s
 step   62000 loss=0.35358 val_exact=0.0105 val_pw=0.9917 val_pair=1.0000 20s
 step   64000 loss=0.35113 val_exact=0.0130 val_pw=0.9929 val_pair=1.0000 20s
 step   66000 loss=0.34845 val_exact=0.0010 val_pw=0.9898 val_pair=1.0000 20s
 step   68000 loss=0.34560 val_exact=0.0290 val_pw=0.9949 val_pair=1.0000 20s
 step   70000 loss=0.34365 val_exact=0.0000 val_pw=0.9881 val_pair=1.0000 20s
 step   72000 loss=0.34014 val_exact=0.0000 val_pw=0.9812 val_pair=1.0000 20s
 step   74000 loss=0.33082 val_exact=0.0000 val_pw=0.9884 val_pair=1.0000 20s
 step   76000 loss=0.31857 val_exact=0.0180 val_pw=0.9940 val_pair=1.0000 20s
 step   78000 loss=0.31416 val_exact=0.1105 val_pw=0.9974 val_pair=1.0000 20s
 step   80000 loss=0.31075 val_exact=0.2165 val_pw=0.9986 val_pair=1.0000 20s
 step   82000 loss=0.30835 val_exact=0.5875 val_pw=0.9994 val_pair=1.0000 20s
 step   84000 loss=0.30319 val_exact=0.6350 val_pw=0.9995 val_pair=1.0000 20s
 step   86000 loss=0.30063 val_exact=0.7585 val_pw=0.9998 val_pair=1.0000 20s
 step   88000 loss=0.29855 val_exact=0.8625 val_pw=0.9999 val_pair=1.0000 20s
 step   90000 loss=0.29628 val_exact=0.8480 val_pw=0.9999 val_pair=1.0000 20s
 step   92000 loss=0.29436 val_exact=0.9435 val_pw=0.9999 val_pair=1.0000 20s
 step   94000 loss=0.29287 val_exact=0.8340 val_pw=0.9997 val_pair=1.0000 20s
 step   96000 loss=0.29065 val_exact=0.9815 val_pw=1.0000 val_pair=1.0000 20s
 step   98000 loss=0.28923 val_exact=0.9775 val_pw=1.0000 val_pair=1.0000 20s
 step  100000 loss=0.28738 val_exact=0.9910 val_pw=1.0000 val_pair=1.0000 20s
 step  102000 loss=0.28617 val_exact=0.9960 val_pw=1.0000 val_pair=1.0000 20s
 step  104000 loss=0.28435 val_exact=0.9840 val_pw=1.0000 val_pair=1.0000 20s
 step  106000 loss=0.28328 val_exact=0.9540 val_pw=0.9999 val_pair=1.0000 20s
 step  108000 loss=0.28162 val_exact=0.9960 val_pw=1.0000 val_pair=1.0000 20s
 step  110000 loss=0.28041 val_exact=0.9940 val_pw=1.0000 val_pair=1.0000 20s
 step  112000 loss=0.27892 val_exact=0.9565 val_pw=0.9999 val_pair=1.0000 20s
 step  114000 loss=0.27771 val_exact=0.9900 val_pw=1.0000 val_pair=1.0000 20s
 step  116000 loss=0.27647 val_exact=0.9250 val_pw=0.9999 val_pair=1.0000 20s
 step  118000 loss=0.27512 val_exact=0.9915 val_pw=1.0000 val_pair=1.0000 20s
 step  120000 loss=0.27417 val_exact=0.9995 val_pw=1.0000 val_pair=1.0000 20s
 step  122000 loss=0.27289 val_exact=0.9440 val_pw=0.9999 val_pair=1.0000 20s
 step  124000 loss=0.27162 val_exact=0.9805 val_pw=1.0000 val_pair=1.0000 22s
 step  126000 loss=0.27062 val_exact=0.9975 val_pw=1.0000 val_pair=1.0000 22s
 step  128000 loss=0.26950 val_exact=0.9705 val_pw=1.0000 val_pair=1.0000 22s
 step  130000 loss=0.26839 val_exact=0.9605 val_pw=1.0000 val_pair=1.0000 21s
 step  132000 loss=0.26749 val_exact=0.9510 val_pw=0.9999 val_pair=1.0000 20s
 step  134000 loss=0.26643 val_exact=0.9845 val_pw=1.0000 val_pair=1.0000 20s
 step  136000 loss=0.26566 val_exact=0.9930 val_pw=1.0000 val_pair=1.0000 20s
 step  138000 loss=0.26474 val_exact=0.8810 val_pw=0.9998 val_pair=1.0000 20s
 step  140000 loss=0.26368 val_exact=0.8390 val_pw=0.9997 val_pair=1.0000 20s
 step  142000 loss=0.26280 val_exact=0.7025 val_pw=0.9991 val_pair=1.0000 20s
 step  144000 loss=0.26201 val_exact=0.9660 val_pw=0.9999 val_pair=1.0000 20s
 step  146000 loss=0.26127 val_exact=0.6920 val_pw=0.9993 val_pair=1.0000 20s
 step  148000 loss=0.26017 val_exact=0.6230 val_pw=0.9990 val_pair=1.0000 20s
 step  150000 loss=0.25941 val_exact=0.9280 val_pw=0.9999 val_pair=1.0000 20s
 step  152000 loss=0.25861 val_exact=0.9720 val_pw=1.0000 val_pair=1.0000 20s
 step  154000 loss=0.25814 val_exact=0.9985 val_pw=1.0000 val_pair=1.0000 20s
 step  156000 loss=0.25740 val_exact=0.7765 val_pw=0.9996 val_pair=1.0000 20s
 step  158000 loss=0.25643 val_exact=0.9805 val_pw=1.0000 val_pair=1.0000 20s
 step  160000 loss=0.25593 val_exact=0.8210 val_pw=0.9997 val_pair=1.0000 20s
 step  162000 loss=0.25524 val_exact=0.9440 val_pw=0.9999 val_pair=1.0000 20s
 step  164000 loss=0.25465 val_exact=0.7455 val_pw=0.9995 val_pair=1.0000 20s
 step  166000 loss=0.25375 val_exact=0.6555 val_pw=0.9993 val_pair=1.0000 20s
 step  168000 loss=0.25312 val_exact=0.9685 val_pw=1.0000 val_pair=1.0000 21s
 step  170000 loss=0.25255 val_exact=0.9225 val_pw=0.9999 val_pair=1.0000 22s
 step  172000 loss=0.25213 val_exact=0.9020 val_pw=0.9999 val_pair=1.0000 22s
 step  174000 loss=0.25155 val_exact=0.8045 val_pw=0.9997 val_pair=1.0000 22s
 step  176000 loss=0.25096 val_exact=0.6975 val_pw=0.9995 val_pair=1.0000 21s
 step  178000 loss=0.25036 val_exact=0.2855 val_pw=0.9973 val_pair=1.0000 22s
 step  180000 loss=0.24986 val_exact=0.4175 val_pw=0.9981 val_pair=1.0000 22s
 step  182000 loss=0.24940 val_exact=0.3890 val_pw=0.9982 val_pair=1.0000 20s
 step  184000 loss=0.24873 val_exact=0.7120 val_pw=0.9996 val_pair=1.0000 20s
 step  186000 loss=0.24830 val_exact=0.7885 val_pw=0.9997 val_pair=1.0000 20s
 step  188000 loss=0.24796 val_exact=0.7015 val_pw=0.9995 val_pair=1.0000 20s
 step  190000 loss=0.24749 val_exact=0.2460 val_pw=0.9972 val_pair=1.0000 20s
 step  192000 loss=0.24669 val_exact=0.6620 val_pw=0.9994 val_pair=1.0000 20s
 step  194000 loss=0.24635 val_exact=0.2470 val_pw=0.9973 val_pair=1.0000 20s
 step  196000 loss=0.24629 val_exact=0.3995 val_pw=0.9983 val_pair=1.0000 20s
 step  198000 loss=0.24578 val_exact=0.7950 val_pw=0.9997 val_pair=1.0000 20s
 step  200000 loss=0.24529 val_exact=0.4655 val_pw=0.9988 val_pair=1.0000 20s
 step  202000 loss=0.24492 val_exact=0.4625 val_pw=0.9988 val_pair=1.0000 20s
 step  204000 loss=0.24449 val_exact=0.2820 val_pw=0.9977 val_pair=1.0000 20s
 step  206000 loss=0.24403 val_exact=0.5070 val_pw=0.9989 val_pair=1.0000 20s
 step  208000 loss=0.24395 val_exact=0.2675 val_pw=0.9974 val_pair=1.0000 20s
 step  210000 loss=0.24352 val_exact=0.8305 val_pw=0.9998 val_pair=1.0000 20s
 step  212000 loss=0.24300 val_exact=0.3795 val_pw=0.9985 val_pair=1.0000 20s
 step  214000 loss=0.24270 val_exact=0.7380 val_pw=0.9996 val_pair=1.0000 20s
 step  216000 loss=0.24253 val_exact=0.2125 val_pw=0.9975 val_pair=1.0000 20s
 step  218000 loss=0.24228 val_exact=0.7240 val_pw=0.9996 val_pair=1.0000 20s
 step  220000 loss=0.24208 val_exact=0.5470 val_pw=0.9992 val_pair=1.0000 20s
 step  222000 loss=0.24148 val_exact=0.2430 val_pw=0.9978 val_pair=1.0000 20s
 step  224000 loss=0.24131 val_exact=0.3120 val_pw=0.9980 val_pair=1.0000 20s
 step  226000 loss=0.24125 val_exact=0.1925 val_pw=0.9973 val_pair=1.0000 20s
 step  228000 loss=0.24063 val_exact=0.7780 val_pw=0.9997 val_pair=1.0000 20s
 step  230000 loss=0.24059 val_exact=0.6475 val_pw=0.9995 val_pair=1.0000 20s
 step  232000 loss=0.24025 val_exact=0.1615 val_pw=0.9969 val_pair=1.0000 20s
 step  234000 loss=0.24022 val_exact=0.3750 val_pw=0.9985 val_pair=1.0000 20s
 step  236000 loss=0.23987 val_exact=0.3340 val_pw=0.9983 val_pair=1.0000 20s
 step  238000 loss=0.23972 val_exact=0.3340 val_pw=0.9984 val_pair=1.0000 20s
 step  240000 loss=0.23961 val_exact=0.3495 val_pw=0.9985 val_pair=1.0000 20s
 step  242000 loss=0.23931 val_exact=0.1695 val_pw=0.9973 val_pair=1.0000 20s
 step  244000 loss=0.23912 val_exact=0.4525 val_pw=0.9988 val_pair=1.0000 20s
 step  246000 loss=0.23881 val_exact=0.4395 val_pw=0.9988 val_pair=1.0000 20s
 step  248000 loss=0.23872 val_exact=0.4680 val_pw=0.9989 val_pair=1.0000 21s
 step  250000 loss=0.23839 val_exact=0.3220 val_pw=0.9983 val_pair=1.0000 21s
 step  252000 loss=0.23831 val_exact=0.5135 val_pw=0.9990 val_pair=1.0000 21s
 step  254000 loss=0.23833 val_exact=0.3265 val_pw=0.9982 val_pair=1.0000 20s
 step  256000 loss=0.23812 val_exact=0.1870 val_pw=0.9974 val_pair=1.0000 21s
 step  258000 loss=0.23792 val_exact=0.1490 val_pw=0.9970 val_pair=1.0000 21s
 step  260000 loss=0.23796 val_exact=0.4885 val_pw=0.9989 val_pair=1.0000 21s
 step  262000 loss=0.23769 val_exact=0.1900 val_pw=0.9975 val_pair=1.0000 21s
 step  264000 loss=0.23778 val_exact=0.4135 val_pw=0.9987 val_pair=1.0000 21s
 step  266000 loss=0.23749 val_exact=0.3105 val_pw=0.9983 val_pair=1.0000 21s
 step  268000 loss=0.23752 val_exact=0.3525 val_pw=0.9985 val_pair=1.0000 21s
 step  270000 loss=0.23735 val_exact=0.4910 val_pw=0.9990 val_pair=1.0000 21s
 step  272000 loss=0.23762 val_exact=0.5095 val_pw=0.9991 val_pair=1.0000 20s
 step  274000 loss=0.23739 val_exact=0.2970 val_pw=0.9982 val_pair=1.0000 21s
 step  276000 loss=0.23727 val_exact=0.2120 val_pw=0.9978 val_pair=1.0000 21s
 step  278000 loss=0.23723 val_exact=0.3015 val_pw=0.9983 val_pair=1.0000 21s
 step  280000 loss=0.23718 val_exact=0.3900 val_pw=0.9986 val_pair=1.0000 21s
 step  282000 loss=0.23715 val_exact=0.1625 val_pw=0.9972 val_pair=1.0000 21s
 step  284000 loss=0.23695 val_exact=0.4815 val_pw=0.9990 val_pair=1.0000 21s
 step  286000 loss=0.23681 val_exact=0.2985 val_pw=0.9982 val_pair=1.0000 20s
 step  288000 loss=0.23700 val_exact=0.3220 val_pw=0.9984 val_pair=1.0000 20s
 step  290000 loss=0.23702 val_exact=0.3330 val_pw=0.9984 val_pair=1.0000 20s
 step  292000 loss=0.23710 val_exact=0.2535 val_pw=0.9980 val_pair=1.0000 20s
 step  294000 loss=0.23699 val_exact=0.2215 val_pw=0.9977 val_pair=1.0000 20s
 step  296000 loss=0.23686 val_exact=0.2620 val_pw=0.9980 val_pair=1.0000 20s
 step  298000 loss=0.23688 val_exact=0.2520 val_pw=0.9980 val_pair=1.0000 21s
 step  300000 loss=0.23692 val_exact=0.2740 val_pw=0.9981 val_pair=1.0000 20s
done. steps_to={'pair_0.9': 2000, 'pair_0.99': 2000, 'pair_0.999': 2000, 'exact_0.9': 92000, 'exact_0.99': 100000, 'exact_0.999': 120000}  best exact=0.9995  -> runs/report6/multipath_train/n40_k2_ell9_trunc0.3_roberta_linear_seed2000
