task 4 -> n=40 k=3 ell=7 trunc=0.6 seed=1000
== n40_k3_ell7_trunc0.6_roberta_linear_seed1000 ==
 device=cuda arch=roberta readout=linear n=40 k=3 ell=7 trunc_frac=0.6 params=6,347,304
 step    2000 loss=0.50487 val_exact=0.0000 val_pw=0.8876 val_pair=1.0000 23s
 step    4000 loss=0.36033 val_exact=0.0000 val_pw=0.9274 val_pair=1.0000 20s
 step    6000 loss=0.29704 val_exact=0.0000 val_pw=0.9396 val_pair=1.0000 20s
 step    8000 loss=0.26264 val_exact=0.0000 val_pw=0.9655 val_pair=1.0000 20s
 step   10000 loss=0.23216 val_exact=0.0000 val_pw=0.9907 val_pair=1.0000 20s
 step   12000 loss=0.20255 val_exact=0.0135 val_pw=0.9957 val_pair=1.0000 20s
 step   14000 loss=0.18058 val_exact=0.1105 val_pw=0.9980 val_pair=1.0000 20s
 step   16000 loss=0.16488 val_exact=0.1995 val_pw=0.9986 val_pair=1.0000 20s
 step   18000 loss=0.15379 val_exact=0.3380 val_pw=0.9991 val_pair=1.0000 20s
 step   20000 loss=0.14544 val_exact=0.3895 val_pw=0.9992 val_pair=1.0000 20s
 step   22000 loss=0.13889 val_exact=0.3870 val_pw=0.9992 val_pair=1.0000 20s
 step   24000 loss=0.13302 val_exact=0.5040 val_pw=0.9994 val_pair=1.0000 20s
 step   26000 loss=0.12826 val_exact=0.6245 val_pw=0.9996 val_pair=1.0000 20s
 step   28000 loss=0.12463 val_exact=0.6525 val_pw=0.9997 val_pair=1.0000 20s
 step   30000 loss=0.12163 val_exact=0.6355 val_pw=0.9996 val_pair=1.0000 21s
 step   32000 loss=0.11888 val_exact=0.7430 val_pw=0.9998 val_pair=1.0000 20s
 step   34000 loss=0.11656 val_exact=0.8350 val_pw=0.9999 val_pair=1.0000 20s
 step   36000 loss=0.11433 val_exact=0.7680 val_pw=0.9998 val_pair=1.0000 20s
 step   38000 loss=0.11237 val_exact=0.7775 val_pw=0.9998 val_pair=1.0000 20s
 step   40000 loss=0.11046 val_exact=0.7115 val_pw=0.9997 val_pair=1.0000 20s
 step   42000 loss=0.10857 val_exact=0.8640 val_pw=0.9999 val_pair=1.0000 20s
 step   44000 loss=0.10681 val_exact=0.8115 val_pw=0.9999 val_pair=1.0000 20s
 step   46000 loss=0.10517 val_exact=0.8445 val_pw=0.9999 val_pair=1.0000 20s
 step   48000 loss=0.10363 val_exact=0.9295 val_pw=1.0000 val_pair=1.0000 20s
 step   50000 loss=0.10220 val_exact=0.8900 val_pw=0.9999 val_pair=1.0000 20s
 step   52000 loss=0.10080 val_exact=0.8555 val_pw=0.9999 val_pair=1.0000 20s
 step   54000 loss=0.09943 val_exact=0.8890 val_pw=0.9999 val_pair=1.0000 20s
 step   56000 loss=0.09820 val_exact=0.9230 val_pw=0.9999 val_pair=1.0000 20s
 step   58000 loss=0.09679 val_exact=0.9020 val_pw=0.9999 val_pair=1.0000 20s
 step   60000 loss=0.09558 val_exact=0.8685 val_pw=0.9999 val_pair=1.0000 20s
 step   62000 loss=0.09415 val_exact=0.8780 val_pw=0.9999 val_pair=1.0000 20s
 step   64000 loss=0.09294 val_exact=0.8955 val_pw=0.9999 val_pair=1.0000 20s
 step   66000 loss=0.09157 val_exact=0.9240 val_pw=0.9999 val_pair=1.0000 20s
 step   68000 loss=0.09018 val_exact=0.9315 val_pw=1.0000 val_pair=1.0000 20s
 step   70000 loss=0.08852 val_exact=0.9140 val_pw=0.9999 val_pair=1.0000 20s
 step   72000 loss=0.08688 val_exact=0.9405 val_pw=1.0000 val_pair=1.0000 20s
 step   74000 loss=0.08424 val_exact=1.0000 val_pw=1.0000 val_pair=1.0000 20s
 step   76000 loss=0.07932 val_exact=1.0000 val_pw=1.0000 val_pair=1.0000 20s
 step   78000 loss=0.07672 val_exact=1.0000 val_pw=1.0000 val_pair=1.0000 20s
 step   80000 loss=0.07500 val_exact=1.0000 val_pw=1.0000 val_pair=1.0000 20s
 step   82000 loss=0.07378 val_exact=1.0000 val_pw=1.0000 val_pair=1.0000 20s
 step   84000 loss=0.07273 val_exact=1.0000 val_pw=1.0000 val_pair=1.0000 20s
 step   86000 loss=0.07180 val_exact=1.0000 val_pw=1.0000 val_pair=1.0000 20s
 step   88000 loss=0.07097 val_exact=1.0000 val_pw=1.0000 val_pair=1.0000 20s
 step   90000 loss=0.07027 val_exact=1.0000 val_pw=1.0000 val_pair=1.0000 20s
 step   92000 loss=0.06951 val_exact=1.0000 val_pw=1.0000 val_pair=1.0000 20s
 step   94000 loss=0.06885 val_exact=0.9995 val_pw=1.0000 val_pair=1.0000 20s
 step   96000 loss=0.06822 val_exact=0.9995 val_pw=1.0000 val_pair=1.0000 20s
 step   98000 loss=0.06779 val_exact=0.9975 val_pw=1.0000 val_pair=1.0000 20s
 step  100000 loss=0.06720 val_exact=0.9965 val_pw=1.0000 val_pair=1.0000 21s
 step  102000 loss=0.06668 val_exact=0.9990 val_pw=1.0000 val_pair=1.0000 20s
 step  104000 loss=0.06623 val_exact=1.0000 val_pw=1.0000 val_pair=1.0000 20s
 step  106000 loss=0.06571 val_exact=0.9980 val_pw=1.0000 val_pair=1.0000 20s
 step  108000 loss=0.06530 val_exact=0.9970 val_pw=1.0000 val_pair=1.0000 20s
 step  110000 loss=0.06488 val_exact=1.0000 val_pw=1.0000 val_pair=1.0000 20s
 step  112000 loss=0.06438 val_exact=0.9950 val_pw=1.0000 val_pair=1.0000 22s
 step  114000 loss=0.06411 val_exact=0.9990 val_pw=1.0000 val_pair=1.0000 22s
 step  116000 loss=0.06372 val_exact=0.9950 val_pw=1.0000 val_pair=1.0000 22s
 step  118000 loss=0.06334 val_exact=0.9990 val_pw=1.0000 val_pair=1.0000 22s
 step  120000 loss=0.06298 val_exact=0.9995 val_pw=1.0000 val_pair=1.0000 21s
 step  122000 loss=0.06264 val_exact=0.9960 val_pw=1.0000 val_pair=1.0000 20s
 step  124000 loss=0.06226 val_exact=0.9975 val_pw=1.0000 val_pair=1.0000 20s
 step  126000 loss=0.06193 val_exact=0.9985 val_pw=1.0000 val_pair=1.0000 20s
 step  128000 loss=0.06167 val_exact=1.0000 val_pw=1.0000 val_pair=1.0000 20s
 step  130000 loss=0.06132 val_exact=0.9960 val_pw=1.0000 val_pair=1.0000 20s
 step  132000 loss=0.06108 val_exact=0.9965 val_pw=1.0000 val_pair=1.0000 20s
 step  134000 loss=0.06076 val_exact=0.9965 val_pw=1.0000 val_pair=1.0000 20s
 step  136000 loss=0.06043 val_exact=0.9975 val_pw=1.0000 val_pair=1.0000 20s
 step  138000 loss=0.06018 val_exact=1.0000 val_pw=1.0000 val_pair=1.0000 20s
 step  140000 loss=0.05990 val_exact=0.9980 val_pw=1.0000 val_pair=1.0000 20s
 step  142000 loss=0.05964 val_exact=0.9995 val_pw=1.0000 val_pair=1.0000 20s
 step  144000 loss=0.05938 val_exact=0.9980 val_pw=1.0000 val_pair=1.0000 20s
 step  146000 loss=0.05913 val_exact=0.9990 val_pw=1.0000 val_pair=1.0000 20s
 step  148000 loss=0.05888 val_exact=0.9995 val_pw=1.0000 val_pair=1.0000 20s
 step  150000 loss=0.05872 val_exact=1.0000 val_pw=1.0000 val_pair=1.0000 20s
 step  152000 loss=0.05848 val_exact=1.0000 val_pw=1.0000 val_pair=1.0000 20s
 step  154000 loss=0.05827 val_exact=1.0000 val_pw=1.0000 val_pair=1.0000 20s
 step  156000 loss=0.05797 val_exact=0.9995 val_pw=1.0000 val_pair=1.0000 20s
 step  158000 loss=0.05780 val_exact=1.0000 val_pw=1.0000 val_pair=1.0000 20s
 step  160000 loss=0.05762 val_exact=1.0000 val_pw=1.0000 val_pair=1.0000 20s
 step  162000 loss=0.05744 val_exact=0.9995 val_pw=1.0000 val_pair=1.0000 20s
 step  164000 loss=0.05721 val_exact=1.0000 val_pw=1.0000 val_pair=1.0000 20s
 step  166000 loss=0.05701 val_exact=1.0000 val_pw=1.0000 val_pair=1.0000 20s
 step  168000 loss=0.05686 val_exact=1.0000 val_pw=1.0000 val_pair=1.0000 20s
 step  170000 loss=0.05665 val_exact=0.9995 val_pw=1.0000 val_pair=1.0000 20s
 step  172000 loss=0.05648 val_exact=0.9990 val_pw=1.0000 val_pair=1.0000 20s
 step  174000 loss=0.05631 val_exact=1.0000 val_pw=1.0000 val_pair=1.0000 20s
 step  176000 loss=0.05618 val_exact=1.0000 val_pw=1.0000 val_pair=1.0000 20s
 step  178000 loss=0.05601 val_exact=1.0000 val_pw=1.0000 val_pair=1.0000 20s
 step  180000 loss=0.05577 val_exact=1.0000 val_pw=1.0000 val_pair=1.0000 20s
 step  182000 loss=0.05567 val_exact=1.0000 val_pw=1.0000 val_pair=1.0000 20s
 step  184000 loss=0.05552 val_exact=1.0000 val_pw=1.0000 val_pair=1.0000 20s
 step  186000 loss=0.05531 val_exact=1.0000 val_pw=1.0000 val_pair=1.0000 20s
 step  188000 loss=0.05519 val_exact=1.0000 val_pw=1.0000 val_pair=1.0000 20s
 step  190000 loss=0.05509 val_exact=1.0000 val_pw=1.0000 val_pair=1.0000 20s
 step  192000 loss=0.05489 val_exact=1.0000 val_pw=1.0000 val_pair=1.0000 20s
 step  194000 loss=0.05477 val_exact=1.0000 val_pw=1.0000 val_pair=1.0000 20s
 step  196000 loss=0.05460 val_exact=1.0000 val_pw=1.0000 val_pair=1.0000 20s
 step  198000 loss=0.05452 val_exact=1.0000 val_pw=1.0000 val_pair=1.0000 20s
 step  200000 loss=0.05429 val_exact=1.0000 val_pw=1.0000 val_pair=1.0000 20s
 step  202000 loss=0.05415 val_exact=1.0000 val_pw=1.0000 val_pair=1.0000 20s
 step  204000 loss=0.05407 val_exact=1.0000 val_pw=1.0000 val_pair=1.0000 20s
 step  206000 loss=0.05394 val_exact=1.0000 val_pw=1.0000 val_pair=1.0000 20s
 step  208000 loss=0.05382 val_exact=1.0000 val_pw=1.0000 val_pair=1.0000 20s
 step  210000 loss=0.05368 val_exact=1.0000 val_pw=1.0000 val_pair=1.0000 20s
 step  212000 loss=0.05353 val_exact=1.0000 val_pw=1.0000 val_pair=1.0000 20s
 step  214000 loss=0.05337 val_exact=1.0000 val_pw=1.0000 val_pair=1.0000 20s
 step  216000 loss=0.05327 val_exact=1.0000 val_pw=1.0000 val_pair=1.0000 20s
 step  218000 loss=0.05316 val_exact=1.0000 val_pw=1.0000 val_pair=1.0000 20s
 step  220000 loss=0.05306 val_exact=1.0000 val_pw=1.0000 val_pair=1.0000 20s
 step  222000 loss=0.05291 val_exact=1.0000 val_pw=1.0000 val_pair=1.0000 20s
 step  224000 loss=0.05290 val_exact=1.0000 val_pw=1.0000 val_pair=1.0000 20s
 step  226000 loss=0.05276 val_exact=1.0000 val_pw=1.0000 val_pair=1.0000 20s
 step  228000 loss=0.05262 val_exact=1.0000 val_pw=1.0000 val_pair=1.0000 20s
 step  230000 loss=0.05248 val_exact=1.0000 val_pw=1.0000 val_pair=1.0000 20s
 step  232000 loss=0.05245 val_exact=1.0000 val_pw=1.0000 val_pair=1.0000 20s
 step  234000 loss=0.05237 val_exact=1.0000 val_pw=1.0000 val_pair=1.0000 20s
 step  236000 loss=0.05229 val_exact=1.0000 val_pw=1.0000 val_pair=1.0000 20s
 step  238000 loss=0.05225 val_exact=1.0000 val_pw=1.0000 val_pair=1.0000 20s
 step  240000 loss=0.05210 val_exact=1.0000 val_pw=1.0000 val_pair=1.0000 20s
 step  242000 loss=0.05206 val_exact=1.0000 val_pw=1.0000 val_pair=1.0000 20s
 step  244000 loss=0.05198 val_exact=1.0000 val_pw=1.0000 val_pair=1.0000 20s
 step  246000 loss=0.05189 val_exact=1.0000 val_pw=1.0000 val_pair=1.0000 20s
 step  248000 loss=0.05180 val_exact=1.0000 val_pw=1.0000 val_pair=1.0000 20s
 step  250000 loss=0.05176 val_exact=1.0000 val_pw=1.0000 val_pair=1.0000 20s
 step  252000 loss=0.05167 val_exact=1.0000 val_pw=1.0000 val_pair=1.0000 20s
 step  254000 loss=0.05163 val_exact=1.0000 val_pw=1.0000 val_pair=1.0000 20s
 step  256000 loss=0.05152 val_exact=1.0000 val_pw=1.0000 val_pair=1.0000 20s
 step  258000 loss=0.05155 val_exact=1.0000 val_pw=1.0000 val_pair=1.0000 20s
 step  260000 loss=0.05149 val_exact=1.0000 val_pw=1.0000 val_pair=1.0000 20s
 step  262000 loss=0.05140 val_exact=1.0000 val_pw=1.0000 val_pair=1.0000 20s
 step  264000 loss=0.05134 val_exact=1.0000 val_pw=1.0000 val_pair=1.0000 20s
 step  266000 loss=0.05135 val_exact=1.0000 val_pw=1.0000 val_pair=1.0000 20s
 step  268000 loss=0.05128 val_exact=1.0000 val_pw=1.0000 val_pair=1.0000 20s
 step  270000 loss=0.05123 val_exact=1.0000 val_pw=1.0000 val_pair=1.0000 20s
 step  272000 loss=0.05127 val_exact=1.0000 val_pw=1.0000 val_pair=1.0000 20s
 step  274000 loss=0.05114 val_exact=1.0000 val_pw=1.0000 val_pair=1.0000 20s
 step  276000 loss=0.05111 val_exact=1.0000 val_pw=1.0000 val_pair=1.0000 20s
 step  278000 loss=0.05114 val_exact=1.0000 val_pw=1.0000 val_pair=1.0000 20s
 step  280000 loss=0.05109 val_exact=1.0000 val_pw=1.0000 val_pair=1.0000 20s
 step  282000 loss=0.05106 val_exact=1.0000 val_pw=1.0000 val_pair=1.0000 20s
 step  284000 loss=0.05106 val_exact=1.0000 val_pw=1.0000 val_pair=1.0000 20s
 step  286000 loss=0.05096 val_exact=1.0000 val_pw=1.0000 val_pair=1.0000 20s
 step  288000 loss=0.05103 val_exact=1.0000 val_pw=1.0000 val_pair=1.0000 20s
 step  290000 loss=0.05101 val_exact=1.0000 val_pw=1.0000 val_pair=1.0000 20s
 step  292000 loss=0.05098 val_exact=1.0000 val_pw=1.0000 val_pair=1.0000 20s
 step  294000 loss=0.05096 val_exact=1.0000 val_pw=1.0000 val_pair=1.0000 20s
 step  296000 loss=0.05093 val_exact=1.0000 val_pw=1.0000 val_pair=1.0000 20s
 step  298000 loss=0.05093 val_exact=1.0000 val_pw=1.0000 val_pair=1.0000 20s
 step  300000 loss=0.05096 val_exact=1.0000 val_pw=1.0000 val_pair=1.0000 20s
done. steps_to={'pair_0.9': 2000, 'pair_0.99': 2000, 'pair_0.999': 2000, 'exact_0.9': 48000, 'exact_0.99': 74000, 'exact_0.999': 74000}  best exact=1.0000  -> runs/report6/multipath_train/n40_k3_ell7_trunc0.6_roberta_linear_seed1000
