task 3 -> n=40 k=3 ell=7 trunc=0.3 seed=4000
== n40_k3_ell7_trunc0.3_roberta_linear_seed4000 ==
 device=cuda arch=roberta readout=linear n=40 k=3 ell=7 trunc_frac=0.3 params=6,347,304
 step    2000 loss=0.57543 val_exact=0.0000 val_pw=0.8307 val_pair=1.0000 23s
 step    4000 loss=0.47785 val_exact=0.0000 val_pw=0.8814 val_pair=1.0000 23s
 step    6000 loss=0.38257 val_exact=0.0000 val_pw=0.8156 val_pair=1.0000 23s
 step    8000 loss=0.34961 val_exact=0.0000 val_pw=0.9211 val_pair=1.0000 21s
 step   10000 loss=0.33212 val_exact=0.0000 val_pw=0.9363 val_pair=1.0000 21s
 step   12000 loss=0.31585 val_exact=0.0055 val_pw=0.9671 val_pair=1.0000 20s
 step   14000 loss=0.30277 val_exact=0.2460 val_pw=0.9880 val_pair=1.0000 20s
 step   16000 loss=0.28835 val_exact=0.1255 val_pw=0.9833 val_pair=1.0000 20s
 step   18000 loss=0.27607 val_exact=0.0425 val_pw=0.9713 val_pair=1.0000 20s
 step   20000 loss=0.26340 val_exact=0.6550 val_pw=0.9984 val_pair=1.0000 20s
 step   22000 loss=0.25295 val_exact=0.0010 val_pw=0.9246 val_pair=1.0000 20s
 step   24000 loss=0.23849 val_exact=0.1840 val_pw=0.9894 val_pair=1.0000 20s
 step   26000 loss=0.22128 val_exact=0.2120 val_pw=0.9991 val_pair=1.0000 20s
 step   28000 loss=0.20344 val_exact=0.1810 val_pw=0.9851 val_pair=1.0000 20s
 step   30000 loss=0.19462 val_exact=0.4565 val_pw=0.9958 val_pair=1.0000 20s
 step   32000 loss=0.18916 val_exact=0.5205 val_pw=0.9995 val_pair=1.0000 20s
 step   34000 loss=0.18226 val_exact=0.2255 val_pw=0.9987 val_pair=1.0000 20s
 step   36000 loss=0.17875 val_exact=0.3310 val_pw=0.9957 val_pair=1.0000 20s
 step   38000 loss=0.17462 val_exact=0.1735 val_pw=0.9984 val_pair=1.0000 20s
 step   40000 loss=0.17074 val_exact=0.2990 val_pw=0.9989 val_pair=1.0000 20s
 step   42000 loss=0.16776 val_exact=0.4235 val_pw=0.9959 val_pair=1.0000 20s
 step   44000 loss=0.16440 val_exact=0.6055 val_pw=0.9978 val_pair=1.0000 20s
 step   46000 loss=0.16121 val_exact=0.3480 val_pw=0.9991 val_pair=1.0000 20s
 step   48000 loss=0.15884 val_exact=0.1715 val_pw=0.9986 val_pair=1.0000 20s
 step   50000 loss=0.15581 val_exact=0.8445 val_pw=0.9997 val_pair=1.0000 20s
 step   52000 loss=0.15422 val_exact=0.2390 val_pw=0.9990 val_pair=1.0000 20s
 step   54000 loss=0.15156 val_exact=0.2060 val_pw=0.9988 val_pair=1.0000 20s
 step   56000 loss=0.14953 val_exact=0.4625 val_pw=0.9994 val_pair=1.0000 20s
 step   58000 loss=0.14722 val_exact=0.8270 val_pw=0.9997 val_pair=1.0000 20s
 step   60000 loss=0.14547 val_exact=0.3640 val_pw=0.9993 val_pair=1.0000 20s
 step   62000 loss=0.14372 val_exact=0.7455 val_pw=0.9997 val_pair=1.0000 20s
 step   64000 loss=0.14234 val_exact=0.9110 val_pw=0.9999 val_pair=1.0000 20s
 step   66000 loss=0.14049 val_exact=0.5580 val_pw=0.9996 val_pair=1.0000 20s
 step   68000 loss=0.13947 val_exact=0.8800 val_pw=0.9999 val_pair=1.0000 20s
 step   70000 loss=0.13765 val_exact=0.8540 val_pw=0.9999 val_pair=1.0000 20s
 step   72000 loss=0.13660 val_exact=0.7335 val_pw=0.9991 val_pair=1.0000 20s
 step   74000 loss=0.13517 val_exact=0.9505 val_pw=1.0000 val_pair=1.0000 20s
 step   76000 loss=0.13392 val_exact=0.7840 val_pw=0.9996 val_pair=1.0000 20s
 step   78000 loss=0.13263 val_exact=0.8020 val_pw=0.9998 val_pair=1.0000 20s
 step   80000 loss=0.13150 val_exact=0.7870 val_pw=0.9998 val_pair=1.0000 20s
 step   82000 loss=0.13039 val_exact=0.9040 val_pw=0.9999 val_pair=1.0000 20s
 step   84000 loss=0.12920 val_exact=0.4590 val_pw=0.9985 val_pair=1.0000 20s
 step   86000 loss=0.12824 val_exact=0.8585 val_pw=0.9999 val_pair=1.0000 20s
 step   88000 loss=0.12749 val_exact=0.8465 val_pw=0.9999 val_pair=1.0000 20s
 step   90000 loss=0.12651 val_exact=0.7445 val_pw=0.9997 val_pair=1.0000 20s
 step   92000 loss=0.12560 val_exact=0.1000 val_pw=0.9891 val_pair=1.0000 20s
 step   94000 loss=0.12484 val_exact=0.9290 val_pw=1.0000 val_pair=1.0000 20s
 step   96000 loss=0.12401 val_exact=0.9340 val_pw=1.0000 val_pair=1.0000 20s
 step   98000 loss=0.12346 val_exact=0.0695 val_pw=0.9811 val_pair=1.0000 20s
 step  100000 loss=0.12250 val_exact=0.1845 val_pw=0.9950 val_pair=1.0000 20s
 step  102000 loss=0.12199 val_exact=0.6090 val_pw=0.9991 val_pair=1.0000 20s
 step  104000 loss=0.12119 val_exact=0.3540 val_pw=0.9960 val_pair=1.0000 20s
 step  106000 loss=0.12031 val_exact=0.3240 val_pw=0.9977 val_pair=1.0000 20s
 step  108000 loss=0.11977 val_exact=0.0025 val_pw=0.9475 val_pair=1.0000 20s
 step  110000 loss=0.11933 val_exact=0.1815 val_pw=0.9921 val_pair=1.0000 20s
 step  112000 loss=0.11875 val_exact=0.9095 val_pw=0.9999 val_pair=1.0000 20s
 step  114000 loss=0.11792 val_exact=0.3460 val_pw=0.9972 val_pair=1.0000 20s
 step  116000 loss=0.11749 val_exact=0.6970 val_pw=0.9993 val_pair=1.0000 20s
 step  118000 loss=0.11698 val_exact=0.0980 val_pw=0.9888 val_pair=1.0000 20s
 step  120000 loss=0.11628 val_exact=0.1725 val_pw=0.9941 val_pair=1.0000 20s
 step  122000 loss=0.11562 val_exact=0.0155 val_pw=0.9708 val_pair=1.0000 20s
 step  124000 loss=0.11545 val_exact=0.0470 val_pw=0.9854 val_pair=1.0000 20s
 step  126000 loss=0.11503 val_exact=0.6885 val_pw=0.9994 val_pair=1.0000 20s
 step  128000 loss=0.11466 val_exact=0.0455 val_pw=0.9844 val_pair=1.0000 20s
 step  130000 loss=0.11406 val_exact=0.1120 val_pw=0.9916 val_pair=1.0000 20s
 step  132000 loss=0.11355 val_exact=0.0035 val_pw=0.9633 val_pair=1.0000 20s
 step  134000 loss=0.11329 val_exact=0.5840 val_pw=0.9989 val_pair=1.0000 20s
 step  136000 loss=0.11251 val_exact=0.0165 val_pw=0.9754 val_pair=1.0000 20s
 step  138000 loss=0.11234 val_exact=0.2655 val_pw=0.9963 val_pair=1.0000 21s
 step  140000 loss=0.11216 val_exact=0.0090 val_pw=0.9676 val_pair=1.0000 22s
 step  142000 loss=0.11157 val_exact=0.0035 val_pw=0.9736 val_pair=1.0000 22s
 step  144000 loss=0.11115 val_exact=0.0000 val_pw=0.9388 val_pair=1.0000 21s
 step  146000 loss=0.11067 val_exact=0.0000 val_pw=0.8751 val_pair=1.0000 22s
 step  148000 loss=0.11036 val_exact=0.0590 val_pw=0.9885 val_pair=1.0000 22s
 step  150000 loss=0.11004 val_exact=0.3665 val_pw=0.9975 val_pair=1.0000 22s
 step  152000 loss=0.10964 val_exact=0.0000 val_pw=0.9033 val_pair=1.0000 21s
 step  154000 loss=0.10934 val_exact=0.0010 val_pw=0.9717 val_pair=1.0000 20s
 step  156000 loss=0.10898 val_exact=0.1200 val_pw=0.9934 val_pair=1.0000 20s
 step  158000 loss=0.10873 val_exact=0.0075 val_pw=0.9729 val_pair=1.0000 20s
 step  160000 loss=0.10838 val_exact=0.7520 val_pw=0.9996 val_pair=1.0000 20s
 step  162000 loss=0.10805 val_exact=0.0000 val_pw=0.9320 val_pair=1.0000 20s
 step  164000 loss=0.10759 val_exact=0.0000 val_pw=0.9176 val_pair=1.0000 20s
 step  166000 loss=0.10721 val_exact=0.0000 val_pw=0.8792 val_pair=1.0000 20s
 step  168000 loss=0.10715 val_exact=0.0010 val_pw=0.9711 val_pair=1.0000 20s
 step  170000 loss=0.10693 val_exact=0.0020 val_pw=0.9691 val_pair=1.0000 20s
 step  172000 loss=0.10664 val_exact=0.0000 val_pw=0.8565 val_pair=1.0000 20s
 step  174000 loss=0.10623 val_exact=0.0000 val_pw=0.9535 val_pair=1.0000 20s
 step  176000 loss=0.10608 val_exact=0.0020 val_pw=0.9717 val_pair=1.0000 20s
 step  178000 loss=0.10578 val_exact=0.0000 val_pw=0.9081 val_pair=1.0000 20s
 step  180000 loss=0.10551 val_exact=0.0000 val_pw=0.9530 val_pair=1.0000 20s
 step  182000 loss=0.10517 val_exact=0.0035 val_pw=0.9809 val_pair=1.0000 20s
 step  184000 loss=0.10487 val_exact=0.0005 val_pw=0.9506 val_pair=1.0000 20s
 step  186000 loss=0.10489 val_exact=0.0000 val_pw=0.9540 val_pair=1.0000 20s
 step  188000 loss=0.10446 val_exact=0.0295 val_pw=0.9888 val_pair=1.0000 20s
 step  190000 loss=0.10423 val_exact=0.0000 val_pw=0.8438 val_pair=1.0000 20s
 step  192000 loss=0.10420 val_exact=0.0175 val_pw=0.9817 val_pair=1.0000 20s
 step  194000 loss=0.10385 val_exact=0.0000 val_pw=0.9379 val_pair=1.0000 20s
 step  196000 loss=0.10390 val_exact=0.0000 val_pw=0.8511 val_pair=1.0000 20s
 step  198000 loss=0.10339 val_exact=0.0000 val_pw=0.9653 val_pair=1.0000 20s
 step  200000 loss=0.10330 val_exact=0.0000 val_pw=0.9389 val_pair=1.0000 20s
 step  202000 loss=0.10299 val_exact=0.0000 val_pw=0.9383 val_pair=1.0000 20s
 step  204000 loss=0.10298 val_exact=0.0000 val_pw=0.9169 val_pair=1.0000 20s
 step  206000 loss=0.10266 val_exact=0.0005 val_pw=0.9738 val_pair=1.0000 20s
 step  208000 loss=0.10259 val_exact=0.0000 val_pw=0.8832 val_pair=1.0000 20s
 step  210000 loss=0.10235 val_exact=0.0000 val_pw=0.9290 val_pair=1.0000 20s
 step  212000 loss=0.10209 val_exact=0.0000 val_pw=0.9471 val_pair=1.0000 20s
 step  214000 loss=0.10193 val_exact=0.0000 val_pw=0.8550 val_pair=1.0000 20s
 step  216000 loss=0.10179 val_exact=0.0000 val_pw=0.9467 val_pair=1.0000 22s
 step  218000 loss=0.10178 val_exact=0.0000 val_pw=0.9202 val_pair=1.0000 22s
 step  220000 loss=0.10154 val_exact=0.0000 val_pw=0.9606 val_pair=1.0000 22s
 step  222000 loss=0.10129 val_exact=0.0000 val_pw=0.9120 val_pair=1.0000 22s
 step  224000 loss=0.10139 val_exact=0.0000 val_pw=0.9667 val_pair=1.0000 22s
 step  226000 loss=0.10100 val_exact=0.0005 val_pw=0.9735 val_pair=1.0000 22s
 step  228000 loss=0.10093 val_exact=0.0000 val_pw=0.9504 val_pair=1.0000 21s
 step  230000 loss=0.10091 val_exact=0.0000 val_pw=0.9428 val_pair=1.0000 21s
 step  232000 loss=0.10076 val_exact=0.0000 val_pw=0.9475 val_pair=1.0000 21s
 step  234000 loss=0.10056 val_exact=0.0000 val_pw=0.9077 val_pair=1.0000 21s
 step  236000 loss=0.10055 val_exact=0.0000 val_pw=0.7906 val_pair=1.0000 22s
 step  238000 loss=0.10048 val_exact=0.0000 val_pw=0.9076 val_pair=1.0000 21s
 step  240000 loss=0.10033 val_exact=0.0000 val_pw=0.9346 val_pair=1.0000 21s
 step  242000 loss=0.10033 val_exact=0.0000 val_pw=0.9437 val_pair=1.0000 21s
 step  244000 loss=0.10009 val_exact=0.0000 val_pw=0.9495 val_pair=1.0000 22s
 step  246000 loss=0.10013 val_exact=0.0000 val_pw=0.9099 val_pair=1.0000 22s
 step  248000 loss=0.09994 val_exact=0.0000 val_pw=0.9546 val_pair=1.0000 21s
 step  250000 loss=0.09988 val_exact=0.0000 val_pw=0.9595 val_pair=1.0000 21s
 step  252000 loss=0.09985 val_exact=0.0000 val_pw=0.9280 val_pair=1.0000 21s
 step  254000 loss=0.09967 val_exact=0.0000 val_pw=0.9222 val_pair=1.0000 21s
 step  256000 loss=0.09945 val_exact=0.0000 val_pw=0.9567 val_pair=1.0000 20s
 step  258000 loss=0.09961 val_exact=0.0000 val_pw=0.9242 val_pair=1.0000 20s
 step  260000 loss=0.09949 val_exact=0.0000 val_pw=0.9243 val_pair=1.0000 20s
 step  262000 loss=0.09968 val_exact=0.0000 val_pw=0.9352 val_pair=1.0000 20s
 step  264000 loss=0.09930 val_exact=0.0000 val_pw=0.9413 val_pair=1.0000 20s
 step  266000 loss=0.09935 val_exact=0.0000 val_pw=0.9563 val_pair=1.0000 20s
 step  268000 loss=0.09914 val_exact=0.0000 val_pw=0.9192 val_pair=1.0000 20s
 step  270000 loss=0.09930 val_exact=0.0000 val_pw=0.9190 val_pair=1.0000 21s
 step  272000 loss=0.09909 val_exact=0.0000 val_pw=0.9356 val_pair=1.0000 20s
 step  274000 loss=0.09910 val_exact=0.0000 val_pw=0.9158 val_pair=1.0000 20s
 step  276000 loss=0.09912 val_exact=0.0000 val_pw=0.9378 val_pair=1.0000 20s
 step  278000 loss=0.09910 val_exact=0.0000 val_pw=0.9232 val_pair=1.0000 20s
 step  280000 loss=0.09906 val_exact=0.0000 val_pw=0.9434 val_pair=1.0000 20s
 step  282000 loss=0.09898 val_exact=0.0000 val_pw=0.9403 val_pair=1.0000 20s
 step  284000 loss=0.09885 val_exact=0.0000 val_pw=0.9308 val_pair=1.0000 20s
 step  286000 loss=0.09896 val_exact=0.0000 val_pw=0.9246 val_pair=1.0000 20s
 step  288000 loss=0.09877 val_exact=0.0000 val_pw=0.9240 val_pair=1.0000 20s
 step  290000 loss=0.09893 val_exact=0.0000 val_pw=0.9200 val_pair=1.0000 21s
 step  292000 loss=0.09876 val_exact=0.0000 val_pw=0.9153 val_pair=1.0000 21s
 step  294000 loss=0.09892 val_exact=0.0000 val_pw=0.9297 val_pair=1.0000 22s
 step  296000 loss=0.09888 val_exact=0.0000 val_pw=0.9349 val_pair=1.0000 22s
 step  298000 loss=0.09881 val_exact=0.0000 val_pw=0.9292 val_pair=1.0000 20s
 step  300000 loss=0.09885 val_exact=0.0000 val_pw=0.9366 val_pair=1.0000 20s
done. steps_to={'pair_0.9': 2000, 'pair_0.99': 2000, 'pair_0.999': 2000, 'exact_0.9': 64000, 'exact_0.99': None, 'exact_0.999': None}  best exact=0.9505  -> runs/report6/multipath_train/n40_k3_ell7_trunc0.3_roberta_linear_seed4000
