task 8 -> n=40 k=2 ell=9 trunc=0.3 seed=1000
== n40_k2_ell9_trunc0.3_roberta_linear_seed1000 ==
 device=cuda arch=roberta readout=linear n=40 k=2 ell=9 trunc_frac=0.3 params=6,347,304
 step    2000 loss=0.52115 val_exact=0.0000 val_pw=0.8463 val_pair=1.0000 22s
 step    4000 loss=0.39178 val_exact=0.0000 val_pw=0.9066 val_pair=1.0000 22s
 step    6000 loss=0.33202 val_exact=0.0000 val_pw=0.9174 val_pair=1.0000 23s
 step    8000 loss=0.29450 val_exact=0.0000 val_pw=0.9529 val_pair=1.0000 22s
 step   10000 loss=0.25649 val_exact=0.0000 val_pw=0.9752 val_pair=1.0000 22s
 step   12000 loss=0.21514 val_exact=0.0000 val_pw=0.9831 val_pair=1.0000 22s
 step   14000 loss=0.18518 val_exact=0.0000 val_pw=0.9890 val_pair=1.0000 22s
 step   16000 loss=0.16219 val_exact=0.0000 val_pw=0.9946 val_pair=1.0000 23s
 step   18000 loss=0.14567 val_exact=0.0015 val_pw=0.9964 val_pair=1.0000 23s
 step   20000 loss=0.13488 val_exact=0.0705 val_pw=0.9982 val_pair=1.0000 23s
 step   22000 loss=0.12760 val_exact=0.1020 val_pw=0.9983 val_pair=1.0000 22s
 step   24000 loss=0.12219 val_exact=0.1570 val_pw=0.9985 val_pair=1.0000 21s
 step   26000 loss=0.11800 val_exact=0.1970 val_pw=0.9987 val_pair=1.0000 20s
 step   28000 loss=0.11455 val_exact=0.2820 val_pw=0.9989 val_pair=1.0000 20s
 step   30000 loss=0.11173 val_exact=0.3530 val_pw=0.9991 val_pair=1.0000 20s
 step   32000 loss=0.10924 val_exact=0.3670 val_pw=0.9991 val_pair=1.0000 20s
 step   34000 loss=0.10720 val_exact=0.3140 val_pw=0.9990 val_pair=1.0000 20s
 step   36000 loss=0.10535 val_exact=0.4830 val_pw=0.9994 val_pair=1.0000 20s
 step   38000 loss=0.10357 val_exact=0.5395 val_pw=0.9995 val_pair=1.0000 20s
 step   40000 loss=0.10213 val_exact=0.5950 val_pw=0.9995 val_pair=1.0000 20s
 step   42000 loss=0.10074 val_exact=0.6870 val_pw=0.9997 val_pair=1.0000 21s
 step   44000 loss=0.09938 val_exact=0.7015 val_pw=0.9997 val_pair=1.0000 20s
 step   46000 loss=0.09815 val_exact=0.6540 val_pw=0.9996 val_pair=1.0000 20s
 step   48000 loss=0.09707 val_exact=0.5920 val_pw=0.9995 val_pair=1.0000 20s
 step   50000 loss=0.09599 val_exact=0.6645 val_pw=0.9996 val_pair=1.0000 20s
 step   52000 loss=0.09510 val_exact=0.7290 val_pw=0.9997 val_pair=1.0000 20s
 step   54000 loss=0.09407 val_exact=0.6410 val_pw=0.9996 val_pair=1.0000 20s
 step   56000 loss=0.09295 val_exact=0.7690 val_pw=0.9998 val_pair=1.0000 20s
 step   58000 loss=0.09214 val_exact=0.7420 val_pw=0.9998 val_pair=1.0000 20s
 step   60000 loss=0.09137 val_exact=0.7300 val_pw=0.9997 val_pair=1.0000 20s
 step   62000 loss=0.09049 val_exact=0.8535 val_pw=0.9999 val_pair=1.0000 20s
 step   64000 loss=0.08963 val_exact=0.7585 val_pw=0.9997 val_pair=1.0000 20s
 step   66000 loss=0.08894 val_exact=0.7470 val_pw=0.9997 val_pair=1.0000 20s
 step   68000 loss=0.08816 val_exact=0.8410 val_pw=0.9998 val_pair=1.0000 20s
 step   70000 loss=0.08739 val_exact=0.7885 val_pw=0.9998 val_pair=1.0000 20s
 step   72000 loss=0.08668 val_exact=0.8245 val_pw=0.9998 val_pair=1.0000 20s
 step   74000 loss=0.08591 val_exact=0.7680 val_pw=0.9998 val_pair=1.0000 20s
 step   76000 loss=0.08529 val_exact=0.8375 val_pw=0.9999 val_pair=1.0000 20s
 step   78000 loss=0.08454 val_exact=0.7965 val_pw=0.9998 val_pair=1.0000 20s
 step   80000 loss=0.08402 val_exact=0.8215 val_pw=0.9998 val_pair=1.0000 21s
 step   82000 loss=0.08344 val_exact=0.8610 val_pw=0.9999 val_pair=1.0000 20s
 step   84000 loss=0.08276 val_exact=0.8540 val_pw=0.9999 val_pair=1.0000 21s
 step   86000 loss=0.08217 val_exact=0.7665 val_pw=0.9998 val_pair=1.0000 22s
 step   88000 loss=0.08159 val_exact=0.9325 val_pw=0.9999 val_pair=1.0000 22s
 step   90000 loss=0.08110 val_exact=0.8950 val_pw=0.9999 val_pair=1.0000 23s
 step   92000 loss=0.08057 val_exact=0.8845 val_pw=0.9999 val_pair=1.0000 22s
 step   94000 loss=0.07986 val_exact=0.8985 val_pw=0.9999 val_pair=1.0000 22s
 step   96000 loss=0.07936 val_exact=0.8960 val_pw=0.9999 val_pair=1.0000 22s
 step   98000 loss=0.07879 val_exact=0.9115 val_pw=0.9999 val_pair=1.0000 22s
 step  100000 loss=0.07842 val_exact=0.9185 val_pw=0.9999 val_pair=1.0000 22s
 step  102000 loss=0.07779 val_exact=0.8985 val_pw=0.9999 val_pair=1.0000 22s
 step  104000 loss=0.07725 val_exact=0.9300 val_pw=0.9999 val_pair=1.0000 23s
 step  106000 loss=0.07671 val_exact=0.9110 val_pw=0.9999 val_pair=1.0000 22s
 step  108000 loss=0.07617 val_exact=0.9265 val_pw=0.9999 val_pair=1.0000 22s
 step  110000 loss=0.07557 val_exact=0.9315 val_pw=0.9999 val_pair=1.0000 22s
 step  112000 loss=0.07503 val_exact=0.9025 val_pw=0.9999 val_pair=1.0000 22s
 step  114000 loss=0.07470 val_exact=0.9650 val_pw=1.0000 val_pair=1.0000 22s
 step  116000 loss=0.07405 val_exact=0.9685 val_pw=1.0000 val_pair=1.0000 22s
 step  118000 loss=0.07357 val_exact=0.9730 val_pw=1.0000 val_pair=1.0000 22s
 step  120000 loss=0.07308 val_exact=0.9625 val_pw=1.0000 val_pair=1.0000 22s
 step  122000 loss=0.07265 val_exact=0.9690 val_pw=1.0000 val_pair=1.0000 20s
 step  124000 loss=0.07207 val_exact=0.9915 val_pw=1.0000 val_pair=1.0000 20s
 step  126000 loss=0.07163 val_exact=0.9700 val_pw=1.0000 val_pair=1.0000 20s
 step  128000 loss=0.07118 val_exact=0.9755 val_pw=1.0000 val_pair=1.0000 20s
 step  130000 loss=0.07074 val_exact=0.9870 val_pw=1.0000 val_pair=1.0000 20s
 step  132000 loss=0.07048 val_exact=0.9770 val_pw=1.0000 val_pair=1.0000 20s
 step  134000 loss=0.07005 val_exact=0.9840 val_pw=1.0000 val_pair=1.0000 20s
 step  136000 loss=0.06964 val_exact=0.9960 val_pw=1.0000 val_pair=1.0000 21s
 step  138000 loss=0.06929 val_exact=0.9965 val_pw=1.0000 val_pair=1.0000 20s
 step  140000 loss=0.06898 val_exact=0.9960 val_pw=1.0000 val_pair=1.0000 20s
 step  142000 loss=0.06854 val_exact=0.9945 val_pw=1.0000 val_pair=1.0000 20s
 step  144000 loss=0.06827 val_exact=0.9990 val_pw=1.0000 val_pair=1.0000 20s
 step  146000 loss=0.06792 val_exact=0.9970 val_pw=1.0000 val_pair=1.0000 20s
 step  148000 loss=0.06767 val_exact=0.9985 val_pw=1.0000 val_pair=1.0000 20s
 step  150000 loss=0.06742 val_exact=0.9960 val_pw=1.0000 val_pair=1.0000 20s
 step  152000 loss=0.06718 val_exact=0.9985 val_pw=1.0000 val_pair=1.0000 20s
 step  154000 loss=0.06685 val_exact=0.9980 val_pw=1.0000 val_pair=1.0000 20s
 step  156000 loss=0.06670 val_exact=0.9950 val_pw=1.0000 val_pair=1.0000 20s
 step  158000 loss=0.06625 val_exact=1.0000 val_pw=1.0000 val_pair=1.0000 20s
 step  160000 loss=0.06608 val_exact=0.9990 val_pw=1.0000 val_pair=1.0000 20s
 step  162000 loss=0.06596 val_exact=0.9995 val_pw=1.0000 val_pair=1.0000 20s
 step  164000 loss=0.06566 val_exact=1.0000 val_pw=1.0000 val_pair=1.0000 20s
 step  166000 loss=0.06541 val_exact=0.9990 val_pw=1.0000 val_pair=1.0000 20s
 step  168000 loss=0.06526 val_exact=1.0000 val_pw=1.0000 val_pair=1.0000 20s
 step  170000 loss=0.06502 val_exact=1.0000 val_pw=1.0000 val_pair=1.0000 20s
 step  172000 loss=0.06487 val_exact=0.9990 val_pw=1.0000 val_pair=1.0000 22s
 step  174000 loss=0.06472 val_exact=0.9995 val_pw=1.0000 val_pair=1.0000 22s
 step  176000 loss=0.06444 val_exact=1.0000 val_pw=1.0000 val_pair=1.0000 22s
 step  178000 loss=0.06432 val_exact=1.0000 val_pw=1.0000 val_pair=1.0000 22s
 step  180000 loss=0.06410 val_exact=1.0000 val_pw=1.0000 val_pair=1.0000 23s
 step  182000 loss=0.06393 val_exact=1.0000 val_pw=1.0000 val_pair=1.0000 22s
 step  184000 loss=0.06378 val_exact=1.0000 val_pw=1.0000 val_pair=1.0000 22s
 step  186000 loss=0.06363 val_exact=1.0000 val_pw=1.0000 val_pair=1.0000 22s
 step  188000 loss=0.06339 val_exact=1.0000 val_pw=1.0000 val_pair=1.0000 23s
 step  190000 loss=0.06330 val_exact=1.0000 val_pw=1.0000 val_pair=1.0000 22s
 step  192000 loss=0.06322 val_exact=1.0000 val_pw=1.0000 val_pair=1.0000 22s
 step  194000 loss=0.06295 val_exact=1.0000 val_pw=1.0000 val_pair=1.0000 23s
 step  196000 loss=0.06284 val_exact=1.0000 val_pw=1.0000 val_pair=1.0000 23s
 step  198000 loss=0.06261 val_exact=1.0000 val_pw=1.0000 val_pair=1.0000 21s
 step  200000 loss=0.06255 val_exact=1.0000 val_pw=1.0000 val_pair=1.0000 20s
 step  202000 loss=0.06240 val_exact=1.0000 val_pw=1.0000 val_pair=1.0000 20s
 step  204000 loss=0.06231 val_exact=1.0000 val_pw=1.0000 val_pair=1.0000 20s
 step  206000 loss=0.06216 val_exact=1.0000 val_pw=1.0000 val_pair=1.0000 20s
 step  208000 loss=0.06193 val_exact=1.0000 val_pw=1.0000 val_pair=1.0000 20s
 step  210000 loss=0.06191 val_exact=1.0000 val_pw=1.0000 val_pair=1.0000 20s
 step  212000 loss=0.06181 val_exact=1.0000 val_pw=1.0000 val_pair=1.0000 20s
 step  214000 loss=0.06161 val_exact=1.0000 val_pw=1.0000 val_pair=1.0000 20s
 step  216000 loss=0.06152 val_exact=1.0000 val_pw=1.0000 val_pair=1.0000 20s
 step  218000 loss=0.06148 val_exact=1.0000 val_pw=1.0000 val_pair=1.0000 20s
 step  220000 loss=0.06133 val_exact=1.0000 val_pw=1.0000 val_pair=1.0000 21s
 step  222000 loss=0.06117 val_exact=1.0000 val_pw=1.0000 val_pair=1.0000 20s
 step  224000 loss=0.06110 val_exact=1.0000 val_pw=1.0000 val_pair=1.0000 20s
 step  226000 loss=0.06105 val_exact=1.0000 val_pw=1.0000 val_pair=1.0000 20s
 step  228000 loss=0.06092 val_exact=1.0000 val_pw=1.0000 val_pair=1.0000 20s
 step  230000 loss=0.06083 val_exact=1.0000 val_pw=1.0000 val_pair=1.0000 20s
 step  232000 loss=0.06073 val_exact=1.0000 val_pw=1.0000 val_pair=1.0000 20s
 step  234000 loss=0.06069 val_exact=1.0000 val_pw=1.0000 val_pair=1.0000 20s
 step  236000 loss=0.06065 val_exact=1.0000 val_pw=1.0000 val_pair=1.0000 20s
 step  238000 loss=0.06050 val_exact=1.0000 val_pw=1.0000 val_pair=1.0000 20s
 step  240000 loss=0.06049 val_exact=1.0000 val_pw=1.0000 val_pair=1.0000 20s
 step  242000 loss=0.06035 val_exact=1.0000 val_pw=1.0000 val_pair=1.0000 20s
 step  244000 loss=0.06030 val_exact=1.0000 val_pw=1.0000 val_pair=1.0000 20s
 step  246000 loss=0.06028 val_exact=1.0000 val_pw=1.0000 val_pair=1.0000 20s
 step  248000 loss=0.06009 val_exact=1.0000 val_pw=1.0000 val_pair=1.0000 20s
 step  250000 loss=0.06010 val_exact=1.0000 val_pw=1.0000 val_pair=1.0000 20s
 step  252000 loss=0.05999 val_exact=1.0000 val_pw=1.0000 val_pair=1.0000 20s
 step  254000 loss=0.05999 val_exact=1.0000 val_pw=1.0000 val_pair=1.0000 20s
 step  256000 loss=0.05987 val_exact=1.0000 val_pw=1.0000 val_pair=1.0000 20s
 step  258000 loss=0.05984 val_exact=1.0000 val_pw=1.0000 val_pair=1.0000 20s
 step  260000 loss=0.05979 val_exact=1.0000 val_pw=1.0000 val_pair=1.0000 20s
 step  262000 loss=0.05974 val_exact=1.0000 val_pw=1.0000 val_pair=1.0000 20s
 step  264000 loss=0.05977 val_exact=1.0000 val_pw=1.0000 val_pair=1.0000 20s
 step  266000 loss=0.05960 val_exact=1.0000 val_pw=1.0000 val_pair=1.0000 20s
 step  268000 loss=0.05974 val_exact=1.0000 val_pw=1.0000 val_pair=1.0000 20s
 step  270000 loss=0.05953 val_exact=1.0000 val_pw=1.0000 val_pair=1.0000 20s
 step  272000 loss=0.05950 val_exact=1.0000 val_pw=1.0000 val_pair=1.0000 20s
 step  274000 loss=0.05960 val_exact=1.0000 val_pw=1.0000 val_pair=1.0000 20s
 step  276000 loss=0.05940 val_exact=1.0000 val_pw=1.0000 val_pair=1.0000 20s
 step  278000 loss=0.05941 val_exact=1.0000 val_pw=1.0000 val_pair=1.0000 20s
 step  280000 loss=0.05941 val_exact=1.0000 val_pw=1.0000 val_pair=1.0000 20s
 step  282000 loss=0.05934 val_exact=1.0000 val_pw=1.0000 val_pair=1.0000 20s
 step  284000 loss=0.05942 val_exact=1.0000 val_pw=1.0000 val_pair=1.0000 20s
 step  286000 loss=0.05936 val_exact=1.0000 val_pw=1.0000 val_pair=1.0000 20s
 step  288000 loss=0.05930 val_exact=1.0000 val_pw=1.0000 val_pair=1.0000 20s
 step  290000 loss=0.05935 val_exact=1.0000 val_pw=1.0000 val_pair=1.0000 20s
 step  292000 loss=0.05927 val_exact=1.0000 val_pw=1.0000 val_pair=1.0000 20s
 step  294000 loss=0.05929 val_exact=1.0000 val_pw=1.0000 val_pair=1.0000 20s
 step  296000 loss=0.05930 val_exact=1.0000 val_pw=1.0000 val_pair=1.0000 20s
 step  298000 loss=0.05926 val_exact=1.0000 val_pw=1.0000 val_pair=1.0000 20s
 step  300000 loss=0.05927 val_exact=1.0000 val_pw=1.0000 val_pair=1.0000 20s
done. steps_to={'pair_0.9': 2000, 'pair_0.99': 2000, 'pair_0.999': 2000, 'exact_0.9': 88000, 'exact_0.99': 124000, 'exact_0.999': 144000}  best exact=1.0000  -> runs/report6/multipath_train/n40_k2_ell9_trunc0.3_roberta_linear_seed1000
