task 12 -> n=40 k=2 ell=9 trunc=0.6 seed=1000
== n40_k2_ell9_trunc0.6_roberta_linear_seed1000 ==
 device=cuda arch=roberta readout=linear n=40 k=2 ell=9 trunc_frac=0.6 params=6,347,304
 step    2000 loss=0.52431 val_exact=0.0000 val_pw=0.7998 val_pair=0.9995 22s
 step    4000 loss=0.42339 val_exact=0.0000 val_pw=0.8845 val_pair=1.0000 22s
 step    6000 loss=0.37010 val_exact=0.0000 val_pw=0.9025 val_pair=1.0000 23s
 step    8000 loss=0.33380 val_exact=0.0000 val_pw=0.9099 val_pair=1.0000 23s
 step   10000 loss=0.30225 val_exact=0.0000 val_pw=0.9290 val_pair=1.0000 23s
 step   12000 loss=0.26915 val_exact=0.0000 val_pw=0.9550 val_pair=1.0000 23s
 step   14000 loss=0.23814 val_exact=0.0000 val_pw=0.9758 val_pair=1.0000 20s
 step   16000 loss=0.21485 val_exact=0.0000 val_pw=0.9841 val_pair=1.0000 20s
 step   18000 loss=0.20015 val_exact=0.0000 val_pw=0.9884 val_pair=1.0000 20s
 step   20000 loss=0.19062 val_exact=0.0000 val_pw=0.9906 val_pair=1.0000 20s
 step   22000 loss=0.18365 val_exact=0.0000 val_pw=0.9921 val_pair=1.0000 20s
 step   24000 loss=0.17798 val_exact=0.0000 val_pw=0.9933 val_pair=1.0000 20s
 step   26000 loss=0.17357 val_exact=0.0005 val_pw=0.9940 val_pair=1.0000 20s
 step   28000 loss=0.17019 val_exact=0.0000 val_pw=0.9947 val_pair=1.0000 20s
 step   30000 loss=0.16740 val_exact=0.0000 val_pw=0.9947 val_pair=1.0000 20s
 step   32000 loss=0.16477 val_exact=0.0005 val_pw=0.9951 val_pair=1.0000 20s
 step   34000 loss=0.16254 val_exact=0.0020 val_pw=0.9955 val_pair=1.0000 20s
 step   36000 loss=0.16035 val_exact=0.0010 val_pw=0.9955 val_pair=1.0000 20s
 step   38000 loss=0.15855 val_exact=0.0040 val_pw=0.9956 val_pair=1.0000 20s
 step   40000 loss=0.15675 val_exact=0.0070 val_pw=0.9962 val_pair=1.0000 20s
 step   42000 loss=0.15513 val_exact=0.0055 val_pw=0.9960 val_pair=1.0000 20s
 step   44000 loss=0.15349 val_exact=0.0125 val_pw=0.9965 val_pair=1.0000 20s
 step   46000 loss=0.15196 val_exact=0.0350 val_pw=0.9970 val_pair=1.0000 20s
 step   48000 loss=0.15052 val_exact=0.0495 val_pw=0.9974 val_pair=1.0000 20s
 step   50000 loss=0.14926 val_exact=0.0780 val_pw=0.9975 val_pair=1.0000 23s
 step   52000 loss=0.14795 val_exact=0.0730 val_pw=0.9973 val_pair=1.0000 23s
 step   54000 loss=0.14683 val_exact=0.0820 val_pw=0.9978 val_pair=1.0000 22s
 step   56000 loss=0.14570 val_exact=0.1170 val_pw=0.9980 val_pair=1.0000 23s
 step   58000 loss=0.14467 val_exact=0.0715 val_pw=0.9978 val_pair=1.0000 21s
 step   60000 loss=0.14363 val_exact=0.0845 val_pw=0.9978 val_pair=1.0000 20s
 step   62000 loss=0.14252 val_exact=0.1395 val_pw=0.9982 val_pair=1.0000 20s
 step   64000 loss=0.14172 val_exact=0.2375 val_pw=0.9986 val_pair=1.0000 20s
 step   66000 loss=0.14069 val_exact=0.1680 val_pw=0.9983 val_pair=1.0000 20s
 step   68000 loss=0.13979 val_exact=0.2655 val_pw=0.9987 val_pair=1.0000 20s
 step   70000 loss=0.13867 val_exact=0.2325 val_pw=0.9985 val_pair=1.0000 20s
 step   72000 loss=0.13785 val_exact=0.4330 val_pw=0.9991 val_pair=1.0000 20s
 step   74000 loss=0.13685 val_exact=0.4345 val_pw=0.9990 val_pair=1.0000 20s
 step   76000 loss=0.13595 val_exact=0.3370 val_pw=0.9988 val_pair=1.0000 20s
 step   78000 loss=0.13499 val_exact=0.5180 val_pw=0.9993 val_pair=1.0000 20s
 step   80000 loss=0.13410 val_exact=0.4910 val_pw=0.9993 val_pair=1.0000 20s
 step   82000 loss=0.13330 val_exact=0.5450 val_pw=0.9993 val_pair=1.0000 20s
 step   84000 loss=0.13237 val_exact=0.5655 val_pw=0.9994 val_pair=1.0000 20s
 step   86000 loss=0.13151 val_exact=0.5460 val_pw=0.9994 val_pair=1.0000 20s
 step   88000 loss=0.13068 val_exact=0.5655 val_pw=0.9994 val_pair=1.0000 20s
 step   90000 loss=0.12988 val_exact=0.5500 val_pw=0.9994 val_pair=1.0000 20s
 step   92000 loss=0.12897 val_exact=0.7340 val_pw=0.9997 val_pair=1.0000 20s
 step   94000 loss=0.12808 val_exact=0.5600 val_pw=0.9994 val_pair=1.0000 20s
 step   96000 loss=0.12717 val_exact=0.6095 val_pw=0.9995 val_pair=1.0000 20s
 step   98000 loss=0.12655 val_exact=0.6410 val_pw=0.9995 val_pair=1.0000 20s
 step  100000 loss=0.12560 val_exact=0.7290 val_pw=0.9997 val_pair=1.0000 20s
 step  102000 loss=0.12478 val_exact=0.7185 val_pw=0.9997 val_pair=1.0000 20s
 step  104000 loss=0.12404 val_exact=0.7085 val_pw=0.9997 val_pair=1.0000 20s
 step  106000 loss=0.12319 val_exact=0.8835 val_pw=0.9999 val_pair=1.0000 20s
 step  108000 loss=0.12250 val_exact=0.7445 val_pw=0.9998 val_pair=1.0000 20s
 step  110000 loss=0.12172 val_exact=0.8425 val_pw=0.9998 val_pair=1.0000 20s
 step  112000 loss=0.12084 val_exact=0.7535 val_pw=0.9997 val_pair=1.0000 20s
 step  114000 loss=0.12029 val_exact=0.8505 val_pw=0.9999 val_pair=1.0000 20s
 step  116000 loss=0.11960 val_exact=0.8650 val_pw=0.9999 val_pair=1.0000 20s
 step  118000 loss=0.11883 val_exact=0.8500 val_pw=0.9999 val_pair=1.0000 20s
 step  120000 loss=0.11821 val_exact=0.8835 val_pw=0.9999 val_pair=1.0000 20s
 step  122000 loss=0.11761 val_exact=0.9405 val_pw=0.9999 val_pair=1.0000 20s
 step  124000 loss=0.11690 val_exact=0.9145 val_pw=0.9999 val_pair=1.0000 20s
 step  126000 loss=0.11633 val_exact=0.9260 val_pw=0.9999 val_pair=1.0000 20s
 step  128000 loss=0.11578 val_exact=0.9255 val_pw=0.9999 val_pair=1.0000 20s
 step  130000 loss=0.11518 val_exact=0.9370 val_pw=0.9999 val_pair=1.0000 20s
 step  132000 loss=0.11477 val_exact=0.9520 val_pw=1.0000 val_pair=1.0000 20s
 step  134000 loss=0.11423 val_exact=0.9600 val_pw=1.0000 val_pair=1.0000 20s
 step  136000 loss=0.11358 val_exact=0.9605 val_pw=1.0000 val_pair=1.0000 20s
 step  138000 loss=0.11312 val_exact=0.9355 val_pw=0.9999 val_pair=1.0000 20s
 step  140000 loss=0.11266 val_exact=0.9525 val_pw=1.0000 val_pair=1.0000 20s
 step  142000 loss=0.11214 val_exact=0.9830 val_pw=1.0000 val_pair=1.0000 20s
 step  144000 loss=0.11165 val_exact=0.9875 val_pw=1.0000 val_pair=1.0000 20s
 step  146000 loss=0.11117 val_exact=0.9890 val_pw=1.0000 val_pair=1.0000 20s
 step  148000 loss=0.11069 val_exact=0.9795 val_pw=1.0000 val_pair=1.0000 20s
 step  150000 loss=0.11032 val_exact=0.9840 val_pw=1.0000 val_pair=1.0000 22s
 step  152000 loss=0.10989 val_exact=0.9940 val_pw=1.0000 val_pair=1.0000 22s
 step  154000 loss=0.10946 val_exact=0.9845 val_pw=1.0000 val_pair=1.0000 21s
 step  156000 loss=0.10891 val_exact=0.9935 val_pw=1.0000 val_pair=1.0000 21s
 step  158000 loss=0.10853 val_exact=0.9945 val_pw=1.0000 val_pair=1.0000 21s
 step  160000 loss=0.10813 val_exact=0.9905 val_pw=1.0000 val_pair=1.0000 21s
 step  162000 loss=0.10776 val_exact=0.9905 val_pw=1.0000 val_pair=1.0000 21s
 step  164000 loss=0.10717 val_exact=0.9845 val_pw=1.0000 val_pair=1.0000 20s
 step  166000 loss=0.10657 val_exact=0.9960 val_pw=1.0000 val_pair=1.0000 20s
 step  168000 loss=0.10609 val_exact=0.9970 val_pw=1.0000 val_pair=1.0000 20s
 step  170000 loss=0.10556 val_exact=0.9980 val_pw=1.0000 val_pair=1.0000 20s
 step  172000 loss=0.10509 val_exact=0.9950 val_pw=1.0000 val_pair=1.0000 20s
 step  174000 loss=0.10475 val_exact=0.9985 val_pw=1.0000 val_pair=1.0000 20s
 step  176000 loss=0.10440 val_exact=0.9975 val_pw=1.0000 val_pair=1.0000 20s
 step  178000 loss=0.10400 val_exact=0.9905 val_pw=1.0000 val_pair=1.0000 20s
 step  180000 loss=0.10359 val_exact=0.9995 val_pw=1.0000 val_pair=1.0000 20s
 step  182000 loss=0.10330 val_exact=1.0000 val_pw=1.0000 val_pair=1.0000 20s
 step  184000 loss=0.10298 val_exact=0.9995 val_pw=1.0000 val_pair=1.0000 20s
 step  186000 loss=0.10263 val_exact=1.0000 val_pw=1.0000 val_pair=1.0000 20s
 step  188000 loss=0.10235 val_exact=0.9995 val_pw=1.0000 val_pair=1.0000 20s
 step  190000 loss=0.10220 val_exact=1.0000 val_pw=1.0000 val_pair=1.0000 20s
 step  192000 loss=0.10188 val_exact=1.0000 val_pw=1.0000 val_pair=1.0000 20s
 step  194000 loss=0.10161 val_exact=1.0000 val_pw=1.0000 val_pair=1.0000 20s
 step  196000 loss=0.10132 val_exact=0.9995 val_pw=1.0000 val_pair=1.0000 20s
 step  198000 loss=0.10123 val_exact=1.0000 val_pw=1.0000 val_pair=1.0000 20s
 step  200000 loss=0.10088 val_exact=1.0000 val_pw=1.0000 val_pair=1.0000 20s
 step  202000 loss=0.10067 val_exact=0.9995 val_pw=1.0000 val_pair=1.0000 20s
 step  204000 loss=0.10054 val_exact=1.0000 val_pw=1.0000 val_pair=1.0000 20s
 step  206000 loss=0.10039 val_exact=1.0000 val_pw=1.0000 val_pair=1.0000 20s
 step  208000 loss=0.10022 val_exact=1.0000 val_pw=1.0000 val_pair=1.0000 20s
 step  210000 loss=0.09999 val_exact=1.0000 val_pw=1.0000 val_pair=1.0000 20s
 step  212000 loss=0.09984 val_exact=1.0000 val_pw=1.0000 val_pair=1.0000 20s
 step  214000 loss=0.09961 val_exact=1.0000 val_pw=1.0000 val_pair=1.0000 20s
 step  216000 loss=0.09945 val_exact=1.0000 val_pw=1.0000 val_pair=1.0000 20s
 step  218000 loss=0.09931 val_exact=1.0000 val_pw=1.0000 val_pair=1.0000 20s
 step  220000 loss=0.09918 val_exact=1.0000 val_pw=1.0000 val_pair=1.0000 20s
 step  222000 loss=0.09902 val_exact=1.0000 val_pw=1.0000 val_pair=1.0000 20s
 step  224000 loss=0.09899 val_exact=1.0000 val_pw=1.0000 val_pair=1.0000 20s
 step  226000 loss=0.09873 val_exact=1.0000 val_pw=1.0000 val_pair=1.0000 20s
 step  228000 loss=0.09856 val_exact=1.0000 val_pw=1.0000 val_pair=1.0000 20s
 step  230000 loss=0.09836 val_exact=1.0000 val_pw=1.0000 val_pair=1.0000 20s
 step  232000 loss=0.09834 val_exact=1.0000 val_pw=1.0000 val_pair=1.0000 20s
 step  234000 loss=0.09827 val_exact=1.0000 val_pw=1.0000 val_pair=1.0000 20s
 step  236000 loss=0.09820 val_exact=1.0000 val_pw=1.0000 val_pair=1.0000 20s
 step  238000 loss=0.09815 val_exact=1.0000 val_pw=1.0000 val_pair=1.0000 20s
 step  240000 loss=0.09792 val_exact=1.0000 val_pw=1.0000 val_pair=1.0000 20s
 step  242000 loss=0.09788 val_exact=1.0000 val_pw=1.0000 val_pair=1.0000 20s
 step  244000 loss=0.09781 val_exact=1.0000 val_pw=1.0000 val_pair=1.0000 20s
 step  246000 loss=0.09765 val_exact=1.0000 val_pw=1.0000 val_pair=1.0000 20s
 step  248000 loss=0.09756 val_exact=1.0000 val_pw=1.0000 val_pair=1.0000 20s
 step  250000 loss=0.09747 val_exact=1.0000 val_pw=1.0000 val_pair=1.0000 20s
 step  252000 loss=0.09739 val_exact=1.0000 val_pw=1.0000 val_pair=1.0000 20s
 step  254000 loss=0.09736 val_exact=1.0000 val_pw=1.0000 val_pair=1.0000 20s
 step  256000 loss=0.09721 val_exact=1.0000 val_pw=1.0000 val_pair=1.0000 21s
 step  258000 loss=0.09726 val_exact=1.0000 val_pw=1.0000 val_pair=1.0000 22s
 step  260000 loss=0.09714 val_exact=1.0000 val_pw=1.0000 val_pair=1.0000 22s
 step  262000 loss=0.09708 val_exact=1.0000 val_pw=1.0000 val_pair=1.0000 22s
 step  264000 loss=0.09696 val_exact=1.0000 val_pw=1.0000 val_pair=1.0000 21s
 step  266000 loss=0.09705 val_exact=1.0000 val_pw=1.0000 val_pair=1.0000 21s
 step  268000 loss=0.09691 val_exact=1.0000 val_pw=1.0000 val_pair=1.0000 21s
 step  270000 loss=0.09686 val_exact=1.0000 val_pw=1.0000 val_pair=1.0000 21s
 step  272000 loss=0.09692 val_exact=1.0000 val_pw=1.0000 val_pair=1.0000 21s
 step  274000 loss=0.09680 val_exact=1.0000 val_pw=1.0000 val_pair=1.0000 21s
 step  276000 loss=0.09672 val_exact=1.0000 val_pw=1.0000 val_pair=1.0000 21s
 step  278000 loss=0.09674 val_exact=1.0000 val_pw=1.0000 val_pair=1.0000 22s
 step  280000 loss=0.09667 val_exact=1.0000 val_pw=1.0000 val_pair=1.0000 21s
 step  282000 loss=0.09665 val_exact=1.0000 val_pw=1.0000 val_pair=1.0000 21s
 step  284000 loss=0.09668 val_exact=1.0000 val_pw=1.0000 val_pair=1.0000 21s
 step  286000 loss=0.09655 val_exact=1.0000 val_pw=1.0000 val_pair=1.0000 21s
 step  288000 loss=0.09666 val_exact=1.0000 val_pw=1.0000 val_pair=1.0000 21s
 step  290000 loss=0.09660 val_exact=1.0000 val_pw=1.0000 val_pair=1.0000 21s
 step  292000 loss=0.09655 val_exact=1.0000 val_pw=1.0000 val_pair=1.0000 20s
 step  294000 loss=0.09655 val_exact=1.0000 val_pw=1.0000 val_pair=1.0000 21s
 step  296000 loss=0.09654 val_exact=1.0000 val_pw=1.0000 val_pair=1.0000 21s
 step  298000 loss=0.09649 val_exact=1.0000 val_pw=1.0000 val_pair=1.0000 22s
 step  300000 loss=0.09654 val_exact=1.0000 val_pw=1.0000 val_pair=1.0000 22s
done. steps_to={'pair_0.9': 2000, 'pair_0.99': 2000, 'pair_0.999': 2000, 'exact_0.9': 122000, 'exact_0.99': 152000, 'exact_0.999': 180000}  best exact=1.0000  -> runs/report6/multipath_train/n40_k2_ell9_trunc0.6_roberta_linear_seed1000
