task 14 -> n=40 k=2 ell=9 trunc=0.6 seed=3000
== n40_k2_ell9_trunc0.6_roberta_linear_seed3000 ==
 device=cuda arch=roberta readout=linear n=40 k=2 ell=9 trunc_frac=0.6 params=6,347,304
 step    2000 loss=0.55759 val_exact=0.0000 val_pw=0.7671 val_pair=0.0430 21s
 step    4000 loss=0.47670 val_exact=0.0000 val_pw=0.8426 val_pair=1.0000 20s
 step    6000 loss=0.42642 val_exact=0.0000 val_pw=0.9398 val_pair=1.0000 20s
 step    8000 loss=0.38338 val_exact=0.0000 val_pw=0.9706 val_pair=1.0000 20s
 step   10000 loss=0.35605 val_exact=0.0000 val_pw=0.9833 val_pair=1.0000 20s
 step   12000 loss=0.32350 val_exact=0.0000 val_pw=0.9946 val_pair=1.0000 20s
 step   14000 loss=0.29405 val_exact=0.2470 val_pw=0.9991 val_pair=1.0000 20s
 step   16000 loss=0.27233 val_exact=0.5200 val_pw=0.9996 val_pair=1.0000 21s
 step   18000 loss=0.25259 val_exact=0.6980 val_pw=0.9998 val_pair=1.0000 20s
 step   20000 loss=0.23418 val_exact=0.7770 val_pw=0.9998 val_pair=1.0000 20s
 step   22000 loss=0.21706 val_exact=0.7775 val_pw=0.9998 val_pair=1.0000 21s
 step   24000 loss=0.20346 val_exact=0.7950 val_pw=0.9998 val_pair=1.0000 20s
 step   26000 loss=0.19326 val_exact=0.8975 val_pw=0.9999 val_pair=1.0000 21s
 step   28000 loss=0.18459 val_exact=0.8975 val_pw=0.9999 val_pair=1.0000 21s
 step   30000 loss=0.17736 val_exact=0.9390 val_pw=1.0000 val_pair=1.0000 20s
 step   32000 loss=0.17155 val_exact=0.9775 val_pw=1.0000 val_pair=1.0000 20s
 step   34000 loss=0.16647 val_exact=0.9645 val_pw=1.0000 val_pair=1.0000 21s
 step   36000 loss=0.16267 val_exact=0.9830 val_pw=1.0000 val_pair=1.0000 21s
 step   38000 loss=0.15906 val_exact=0.9935 val_pw=1.0000 val_pair=1.0000 21s
 step   40000 loss=0.15616 val_exact=0.9925 val_pw=1.0000 val_pair=1.0000 21s
 step   42000 loss=0.15342 val_exact=0.9870 val_pw=1.0000 val_pair=1.0000 20s
 step   44000 loss=0.15107 val_exact=0.9970 val_pw=1.0000 val_pair=1.0000 21s
 step   46000 loss=0.14874 val_exact=0.9975 val_pw=1.0000 val_pair=1.0000 21s
 step   48000 loss=0.14640 val_exact=0.9975 val_pw=1.0000 val_pair=1.0000 21s
 step   50000 loss=0.14435 val_exact=0.9965 val_pw=1.0000 val_pair=1.0000 21s
 step   52000 loss=0.14231 val_exact=0.9950 val_pw=1.0000 val_pair=1.0000 21s
 step   54000 loss=0.14049 val_exact=0.9995 val_pw=1.0000 val_pair=1.0000 20s
 step   56000 loss=0.13858 val_exact=0.9995 val_pw=1.0000 val_pair=1.0000 21s
 step   58000 loss=0.13616 val_exact=0.9995 val_pw=1.0000 val_pair=1.0000 20s
 step   60000 loss=0.13426 val_exact=1.0000 val_pw=1.0000 val_pair=1.0000 21s
 step   62000 loss=0.13245 val_exact=1.0000 val_pw=1.0000 val_pair=1.0000 20s
 step   64000 loss=0.13098 val_exact=0.9985 val_pw=1.0000 val_pair=1.0000 20s
 step   66000 loss=0.12974 val_exact=1.0000 val_pw=1.0000 val_pair=1.0000 20s
 step   68000 loss=0.12834 val_exact=0.9995 val_pw=1.0000 val_pair=1.0000 20s
 step   70000 loss=0.12725 val_exact=1.0000 val_pw=1.0000 val_pair=1.0000 20s
 step   72000 loss=0.12639 val_exact=1.0000 val_pw=1.0000 val_pair=1.0000 20s
 step   74000 loss=0.12531 val_exact=1.0000 val_pw=1.0000 val_pair=1.0000 20s
 step   76000 loss=0.12432 val_exact=1.0000 val_pw=1.0000 val_pair=1.0000 20s
 step   78000 loss=0.12339 val_exact=1.0000 val_pw=1.0000 val_pair=1.0000 20s
 step   80000 loss=0.12251 val_exact=1.0000 val_pw=1.0000 val_pair=1.0000 20s
 step   82000 loss=0.12169 val_exact=1.0000 val_pw=1.0000 val_pair=1.0000 21s
 step   84000 loss=0.12085 val_exact=1.0000 val_pw=1.0000 val_pair=1.0000 20s
 step   86000 loss=0.12027 val_exact=1.0000 val_pw=1.0000 val_pair=1.0000 20s
 step   88000 loss=0.11947 val_exact=1.0000 val_pw=1.0000 val_pair=1.0000 20s
 step   90000 loss=0.11854 val_exact=1.0000 val_pw=1.0000 val_pair=1.0000 20s
 step   92000 loss=0.11785 val_exact=1.0000 val_pw=1.0000 val_pair=1.0000 21s
 step   94000 loss=0.11686 val_exact=1.0000 val_pw=1.0000 val_pair=1.0000 20s
 step   96000 loss=0.11649 val_exact=1.0000 val_pw=1.0000 val_pair=1.0000 21s
 step   98000 loss=0.11510 val_exact=1.0000 val_pw=1.0000 val_pair=1.0000 20s
 step  100000 loss=0.11403 val_exact=1.0000 val_pw=1.0000 val_pair=1.0000 20s
 step  102000 loss=0.11269 val_exact=1.0000 val_pw=1.0000 val_pair=1.0000 21s
 step  104000 loss=0.11161 val_exact=1.0000 val_pw=1.0000 val_pair=1.0000 20s
 step  106000 loss=0.11038 val_exact=1.0000 val_pw=1.0000 val_pair=1.0000 21s
 step  108000 loss=0.10935 val_exact=1.0000 val_pw=1.0000 val_pair=1.0000 20s
 step  110000 loss=0.10830 val_exact=1.0000 val_pw=1.0000 val_pair=1.0000 20s
 step  112000 loss=0.10730 val_exact=1.0000 val_pw=1.0000 val_pair=1.0000 20s
 step  114000 loss=0.10652 val_exact=1.0000 val_pw=1.0000 val_pair=1.0000 20s
 step  116000 loss=0.10601 val_exact=1.0000 val_pw=1.0000 val_pair=1.0000 21s
 step  118000 loss=0.10515 val_exact=1.0000 val_pw=1.0000 val_pair=1.0000 21s
 step  120000 loss=0.10455 val_exact=0.7865 val_pw=0.9996 val_pair=1.0000 21s
 step  122000 loss=0.10359 val_exact=1.0000 val_pw=1.0000 val_pair=1.0000 21s
 step  124000 loss=0.10283 val_exact=1.0000 val_pw=1.0000 val_pair=1.0000 20s
 step  126000 loss=0.10221 val_exact=1.0000 val_pw=1.0000 val_pair=1.0000 20s
 step  128000 loss=0.10147 val_exact=1.0000 val_pw=1.0000 val_pair=1.0000 21s
 step  130000 loss=0.10087 val_exact=1.0000 val_pw=1.0000 val_pair=1.0000 20s
 step  132000 loss=0.10024 val_exact=1.0000 val_pw=1.0000 val_pair=1.0000 21s
 step  134000 loss=0.09960 val_exact=1.0000 val_pw=1.0000 val_pair=1.0000 20s
 step  136000 loss=0.09911 val_exact=1.0000 val_pw=1.0000 val_pair=1.0000 20s
 step  138000 loss=0.09870 val_exact=1.0000 val_pw=1.0000 val_pair=1.0000 21s
 step  140000 loss=0.09804 val_exact=1.0000 val_pw=1.0000 val_pair=1.0000 21s
 step  142000 loss=0.09746 val_exact=1.0000 val_pw=1.0000 val_pair=1.0000 21s
 step  144000 loss=0.09714 val_exact=1.0000 val_pw=1.0000 val_pair=1.0000 21s
 step  146000 loss=0.09650 val_exact=1.0000 val_pw=1.0000 val_pair=1.0000 20s
 step  148000 loss=0.09627 val_exact=1.0000 val_pw=1.0000 val_pair=1.0000 20s
 step  150000 loss=0.09546 val_exact=1.0000 val_pw=1.0000 val_pair=1.0000 21s
 step  152000 loss=0.09538 val_exact=1.0000 val_pw=1.0000 val_pair=1.0000 21s
 step  154000 loss=0.09472 val_exact=1.0000 val_pw=1.0000 val_pair=1.0000 21s
 step  156000 loss=0.09437 val_exact=1.0000 val_pw=1.0000 val_pair=1.0000 20s
 step  158000 loss=0.09374 val_exact=1.0000 val_pw=1.0000 val_pair=1.0000 21s
 step  160000 loss=0.09352 val_exact=1.0000 val_pw=1.0000 val_pair=1.0000 21s
 step  162000 loss=0.09314 val_exact=1.0000 val_pw=1.0000 val_pair=1.0000 21s
 step  164000 loss=0.09254 val_exact=1.0000 val_pw=1.0000 val_pair=1.0000 21s
 step  166000 loss=0.09237 val_exact=1.0000 val_pw=1.0000 val_pair=1.0000 21s
 step  168000 loss=0.09193 val_exact=1.0000 val_pw=1.0000 val_pair=1.0000 21s
 step  170000 loss=0.09154 val_exact=1.0000 val_pw=1.0000 val_pair=1.0000 21s
 step  172000 loss=0.09114 val_exact=1.0000 val_pw=1.0000 val_pair=1.0000 20s
 step  174000 loss=0.09079 val_exact=1.0000 val_pw=1.0000 val_pair=1.0000 21s
 step  176000 loss=0.09024 val_exact=1.0000 val_pw=1.0000 val_pair=1.0000 21s
 step  178000 loss=0.08990 val_exact=1.0000 val_pw=1.0000 val_pair=1.0000 21s
 step  180000 loss=0.08952 val_exact=1.0000 val_pw=1.0000 val_pair=1.0000 20s
 step  182000 loss=0.08934 val_exact=1.0000 val_pw=1.0000 val_pair=1.0000 21s
 step  184000 loss=0.08905 val_exact=1.0000 val_pw=1.0000 val_pair=1.0000 21s
 step  186000 loss=0.08848 val_exact=1.0000 val_pw=1.0000 val_pair=1.0000 20s
 step  188000 loss=0.08829 val_exact=1.0000 val_pw=1.0000 val_pair=1.0000 21s
 step  190000 loss=0.08791 val_exact=1.0000 val_pw=1.0000 val_pair=1.0000 20s
 step  192000 loss=0.08764 val_exact=1.0000 val_pw=1.0000 val_pair=1.0000 21s
 step  194000 loss=0.08722 val_exact=1.0000 val_pw=1.0000 val_pair=1.0000 20s
 step  196000 loss=0.08705 val_exact=1.0000 val_pw=1.0000 val_pair=1.0000 20s
 step  198000 loss=0.08678 val_exact=1.0000 val_pw=1.0000 val_pair=1.0000 21s
 step  200000 loss=0.08654 val_exact=1.0000 val_pw=1.0000 val_pair=1.0000 20s
 step  202000 loss=0.08624 val_exact=1.0000 val_pw=1.0000 val_pair=1.0000 20s
 step  204000 loss=0.08597 val_exact=1.0000 val_pw=1.0000 val_pair=1.0000 21s
 step  206000 loss=0.08582 val_exact=1.0000 val_pw=1.0000 val_pair=1.0000 21s
 step  208000 loss=0.08556 val_exact=1.0000 val_pw=1.0000 val_pair=1.0000 20s
 step  210000 loss=0.08518 val_exact=1.0000 val_pw=1.0000 val_pair=1.0000 20s
 step  212000 loss=0.08503 val_exact=1.0000 val_pw=1.0000 val_pair=1.0000 21s
 step  214000 loss=0.08487 val_exact=1.0000 val_pw=1.0000 val_pair=1.0000 21s
 step  216000 loss=0.08461 val_exact=1.0000 val_pw=1.0000 val_pair=1.0000 20s
 step  218000 loss=0.08452 val_exact=1.0000 val_pw=1.0000 val_pair=1.0000 21s
 step  220000 loss=0.08412 val_exact=1.0000 val_pw=1.0000 val_pair=1.0000 21s
 step  222000 loss=0.08391 val_exact=1.0000 val_pw=1.0000 val_pair=1.0000 20s
 step  224000 loss=0.08377 val_exact=1.0000 val_pw=1.0000 val_pair=1.0000 21s
 step  226000 loss=0.08359 val_exact=1.0000 val_pw=1.0000 val_pair=1.0000 21s
 step  228000 loss=0.08341 val_exact=1.0000 val_pw=1.0000 val_pair=1.0000 20s
 step  230000 loss=0.08324 val_exact=1.0000 val_pw=1.0000 val_pair=1.0000 21s
 step  232000 loss=0.08320 val_exact=1.0000 val_pw=1.0000 val_pair=1.0000 20s
 step  234000 loss=0.08301 val_exact=1.0000 val_pw=1.0000 val_pair=1.0000 21s
 step  236000 loss=0.08291 val_exact=1.0000 val_pw=1.0000 val_pair=1.0000 21s
 step  238000 loss=0.08277 val_exact=1.0000 val_pw=1.0000 val_pair=1.0000 21s
 step  240000 loss=0.08268 val_exact=1.0000 val_pw=1.0000 val_pair=1.0000 20s
 step  242000 loss=0.08243 val_exact=1.0000 val_pw=1.0000 val_pair=1.0000 20s
 step  244000 loss=0.08234 val_exact=1.0000 val_pw=1.0000 val_pair=1.0000 20s
 step  246000 loss=0.08219 val_exact=1.0000 val_pw=1.0000 val_pair=1.0000 20s
 step  248000 loss=0.08199 val_exact=1.0000 val_pw=1.0000 val_pair=1.0000 20s
 step  250000 loss=0.08204 val_exact=1.0000 val_pw=1.0000 val_pair=1.0000 21s
 step  252000 loss=0.08192 val_exact=1.0000 val_pw=1.0000 val_pair=1.0000 21s
 step  254000 loss=0.08177 val_exact=1.0000 val_pw=1.0000 val_pair=1.0000 21s
 step  256000 loss=0.08162 val_exact=1.0000 val_pw=1.0000 val_pair=1.0000 20s
 step  258000 loss=0.08170 val_exact=1.0000 val_pw=1.0000 val_pair=1.0000 21s
 step  260000 loss=0.08160 val_exact=1.0000 val_pw=1.0000 val_pair=1.0000 20s
 step  262000 loss=0.08151 val_exact=1.0000 val_pw=1.0000 val_pair=1.0000 21s
 step  264000 loss=0.08146 val_exact=1.0000 val_pw=1.0000 val_pair=1.0000 21s
 step  266000 loss=0.08148 val_exact=1.0000 val_pw=1.0000 val_pair=1.0000 21s
 step  268000 loss=0.08135 val_exact=1.0000 val_pw=1.0000 val_pair=1.0000 20s
 step  270000 loss=0.08127 val_exact=1.0000 val_pw=1.0000 val_pair=1.0000 20s
 step  272000 loss=0.08121 val_exact=1.0000 val_pw=1.0000 val_pair=1.0000 21s
 step  274000 loss=0.08120 val_exact=1.0000 val_pw=1.0000 val_pair=1.0000 20s
 step  276000 loss=0.08114 val_exact=1.0000 val_pw=1.0000 val_pair=1.0000 21s
 step  278000 loss=0.08119 val_exact=1.0000 val_pw=1.0000 val_pair=1.0000 20s
 step  280000 loss=0.08108 val_exact=1.0000 val_pw=1.0000 val_pair=1.0000 20s
 step  282000 loss=0.08105 val_exact=1.0000 val_pw=1.0000 val_pair=1.0000 20s
 step  284000 loss=0.08097 val_exact=1.0000 val_pw=1.0000 val_pair=1.0000 21s
 step  286000 loss=0.08104 val_exact=1.0000 val_pw=1.0000 val_pair=1.0000 21s
 step  288000 loss=0.08099 val_exact=1.0000 val_pw=1.0000 val_pair=1.0000 21s
 step  290000 loss=0.08098 val_exact=1.0000 val_pw=1.0000 val_pair=1.0000 21s
 step  292000 loss=0.08095 val_exact=1.0000 val_pw=1.0000 val_pair=1.0000 21s
 step  294000 loss=0.08093 val_exact=1.0000 val_pw=1.0000 val_pair=1.0000 20s
 step  296000 loss=0.08087 val_exact=1.0000 val_pw=1.0000 val_pair=1.0000 20s
 step  298000 loss=0.08086 val_exact=1.0000 val_pw=1.0000 val_pair=1.0000 20s
 step  300000 loss=0.08090 val_exact=1.0000 val_pw=1.0000 val_pair=1.0000 20s
done. steps_to={'pair_0.9': 4000, 'pair_0.99': 4000, 'pair_0.999': 4000, 'exact_0.9': 30000, 'exact_0.99': 38000, 'exact_0.999': 54000}  best exact=1.0000  -> runs/report6/multipath_train/n40_k2_ell9_trunc0.6_roberta_linear_seed3000
