task 0 -> n=40 k=3 ell=7 trunc=0.3 seed=1000
== n40_k3_ell7_trunc0.3_roberta_linear_seed1000 ==
 device=cuda arch=roberta readout=linear n=40 k=3 ell=7 trunc_frac=0.3 params=6,347,304
 step    2000 loss=0.48600 val_exact=0.0000 val_pw=0.9105 val_pair=1.0000 22s
 step    4000 loss=0.31102 val_exact=0.0000 val_pw=0.9676 val_pair=1.0000 21s
 step    6000 loss=0.23934 val_exact=0.0000 val_pw=0.9809 val_pair=1.0000 21s
 step    8000 loss=0.20038 val_exact=0.0040 val_pw=0.9953 val_pair=1.0000 21s
 step   10000 loss=0.16814 val_exact=0.2955 val_pw=0.9990 val_pair=1.0000 21s
 step   12000 loss=0.14096 val_exact=0.7435 val_pw=0.9998 val_pair=1.0000 21s
 step   14000 loss=0.12136 val_exact=0.9235 val_pw=0.9999 val_pair=1.0000 21s
 step   16000 loss=0.10816 val_exact=0.9885 val_pw=1.0000 val_pair=1.0000 21s
 step   18000 loss=0.09905 val_exact=0.9895 val_pw=1.0000 val_pair=1.0000 21s
 step   20000 loss=0.09279 val_exact=0.9910 val_pw=1.0000 val_pair=1.0000 21s
 step   22000 loss=0.08821 val_exact=0.9950 val_pw=1.0000 val_pair=1.0000 21s
 step   24000 loss=0.08447 val_exact=0.9995 val_pw=1.0000 val_pair=1.0000 21s
 step   26000 loss=0.08133 val_exact=0.9965 val_pw=1.0000 val_pair=1.0000 22s
 step   28000 loss=0.07853 val_exact=0.9975 val_pw=1.0000 val_pair=1.0000 21s
 step   30000 loss=0.07605 val_exact=0.9980 val_pw=1.0000 val_pair=1.0000 21s
 step   32000 loss=0.07376 val_exact=1.0000 val_pw=1.0000 val_pair=1.0000 21s
 step   34000 loss=0.07181 val_exact=0.9995 val_pw=1.0000 val_pair=1.0000 21s
 step   36000 loss=0.06992 val_exact=1.0000 val_pw=1.0000 val_pair=1.0000 22s
 step   38000 loss=0.06804 val_exact=0.9990 val_pw=1.0000 val_pair=1.0000 22s
 step   40000 loss=0.06645 val_exact=0.9975 val_pw=1.0000 val_pair=1.0000 21s
 step   42000 loss=0.06499 val_exact=0.9995 val_pw=1.0000 val_pair=1.0000 21s
 step   44000 loss=0.06355 val_exact=0.9995 val_pw=1.0000 val_pair=1.0000 21s
 step   46000 loss=0.06225 val_exact=0.9995 val_pw=1.0000 val_pair=1.0000 21s
 step   48000 loss=0.06113 val_exact=1.0000 val_pw=1.0000 val_pair=1.0000 21s
 step   50000 loss=0.05995 val_exact=1.0000 val_pw=1.0000 val_pair=1.0000 21s
 step   52000 loss=0.05901 val_exact=1.0000 val_pw=1.0000 val_pair=1.0000 21s
 step   54000 loss=0.05800 val_exact=0.9990 val_pw=1.0000 val_pair=1.0000 21s
 step   56000 loss=0.05683 val_exact=1.0000 val_pw=1.0000 val_pair=1.0000 21s
 step   58000 loss=0.05596 val_exact=1.0000 val_pw=1.0000 val_pair=1.0000 21s
 step   60000 loss=0.05510 val_exact=1.0000 val_pw=1.0000 val_pair=1.0000 21s
 step   62000 loss=0.05415 val_exact=1.0000 val_pw=1.0000 val_pair=1.0000 21s
 step   64000 loss=0.05327 val_exact=1.0000 val_pw=1.0000 val_pair=1.0000 21s
 step   66000 loss=0.05247 val_exact=1.0000 val_pw=1.0000 val_pair=1.0000 21s
 step   68000 loss=0.05169 val_exact=1.0000 val_pw=1.0000 val_pair=1.0000 21s
 step   70000 loss=0.05096 val_exact=1.0000 val_pw=1.0000 val_pair=1.0000 21s
 step   72000 loss=0.05028 val_exact=1.0000 val_pw=1.0000 val_pair=1.0000 21s
 step   74000 loss=0.04956 val_exact=1.0000 val_pw=1.0000 val_pair=1.0000 21s
 step   76000 loss=0.04900 val_exact=1.0000 val_pw=1.0000 val_pair=1.0000 22s
 step   78000 loss=0.04838 val_exact=1.0000 val_pw=1.0000 val_pair=1.0000 22s
 step   80000 loss=0.04790 val_exact=1.0000 val_pw=1.0000 val_pair=1.0000 21s
 step   82000 loss=0.04740 val_exact=1.0000 val_pw=1.0000 val_pair=1.0000 21s
 step   84000 loss=0.04682 val_exact=1.0000 val_pw=1.0000 val_pair=1.0000 21s
 step   86000 loss=0.04629 val_exact=1.0000 val_pw=1.0000 val_pair=1.0000 21s
 step   88000 loss=0.04585 val_exact=1.0000 val_pw=1.0000 val_pair=1.0000 21s
 step   90000 loss=0.04543 val_exact=1.0000 val_pw=1.0000 val_pair=1.0000 22s
 step   92000 loss=0.04500 val_exact=1.0000 val_pw=1.0000 val_pair=1.0000 21s
 step   94000 loss=0.04446 val_exact=1.0000 val_pw=1.0000 val_pair=1.0000 21s
 step   96000 loss=0.04405 val_exact=1.0000 val_pw=1.0000 val_pair=1.0000 21s
 step   98000 loss=0.04361 val_exact=1.0000 val_pw=1.0000 val_pair=1.0000 21s
 step  100000 loss=0.04329 val_exact=1.0000 val_pw=1.0000 val_pair=1.0000 21s
 step  102000 loss=0.04280 val_exact=1.0000 val_pw=1.0000 val_pair=1.0000 21s
 step  104000 loss=0.04124 val_exact=1.0000 val_pw=1.0000 val_pair=1.0000 21s
 step  106000 loss=0.03946 val_exact=1.0000 val_pw=1.0000 val_pair=1.0000 21s
 step  108000 loss=0.03868 val_exact=1.0000 val_pw=1.0000 val_pair=1.0000 21s
 step  110000 loss=0.03802 val_exact=1.0000 val_pw=1.0000 val_pair=1.0000 21s
 step  112000 loss=0.03758 val_exact=1.0000 val_pw=1.0000 val_pair=1.0000 21s
 step  114000 loss=0.03724 val_exact=1.0000 val_pw=1.0000 val_pair=1.0000 21s
 step  116000 loss=0.03681 val_exact=1.0000 val_pw=1.0000 val_pair=1.0000 21s
 step  118000 loss=0.03649 val_exact=1.0000 val_pw=1.0000 val_pair=1.0000 21s
 step  120000 loss=0.03615 val_exact=1.0000 val_pw=1.0000 val_pair=1.0000 21s
 step  122000 loss=0.03588 val_exact=1.0000 val_pw=1.0000 val_pair=1.0000 21s
 step  124000 loss=0.03554 val_exact=1.0000 val_pw=1.0000 val_pair=1.0000 21s
 step  126000 loss=0.03529 val_exact=1.0000 val_pw=1.0000 val_pair=1.0000 21s
 step  128000 loss=0.03503 val_exact=1.0000 val_pw=1.0000 val_pair=1.0000 21s
 step  130000 loss=0.03481 val_exact=1.0000 val_pw=1.0000 val_pair=1.0000 21s
 step  132000 loss=0.03465 val_exact=1.0000 val_pw=1.0000 val_pair=1.0000 21s
 step  134000 loss=0.03444 val_exact=1.0000 val_pw=1.0000 val_pair=1.0000 21s
 step  136000 loss=0.03415 val_exact=1.0000 val_pw=1.0000 val_pair=1.0000 21s
 step  138000 loss=0.03396 val_exact=1.0000 val_pw=1.0000 val_pair=1.0000 21s
 step  140000 loss=0.03380 val_exact=1.0000 val_pw=1.0000 val_pair=1.0000 21s
 step  142000 loss=0.03356 val_exact=1.0000 val_pw=1.0000 val_pair=1.0000 21s
 step  144000 loss=0.03340 val_exact=1.0000 val_pw=1.0000 val_pair=1.0000 21s
 step  146000 loss=0.03318 val_exact=1.0000 val_pw=1.0000 val_pair=1.0000 21s
 step  148000 loss=0.03303 val_exact=1.0000 val_pw=1.0000 val_pair=1.0000 21s
 step  150000 loss=0.03289 val_exact=1.0000 val_pw=1.0000 val_pair=1.0000 21s
 step  152000 loss=0.03274 val_exact=1.0000 val_pw=1.0000 val_pair=1.0000 21s
 step  154000 loss=0.03252 val_exact=1.0000 val_pw=1.0000 val_pair=1.0000 21s
 step  156000 loss=0.03246 val_exact=1.0000 val_pw=1.0000 val_pair=1.0000 21s
 step  158000 loss=0.03217 val_exact=1.0000 val_pw=1.0000 val_pair=1.0000 21s
 step  160000 loss=0.03208 val_exact=1.0000 val_pw=1.0000 val_pair=1.0000 21s
 step  162000 loss=0.03202 val_exact=1.0000 val_pw=1.0000 val_pair=1.0000 21s
 step  164000 loss=0.03181 val_exact=1.0000 val_pw=1.0000 val_pair=1.0000 21s
 step  166000 loss=0.03167 val_exact=1.0000 val_pw=1.0000 val_pair=1.0000 21s
 step  168000 loss=0.03158 val_exact=1.0000 val_pw=1.0000 val_pair=1.0000 20s
 step  170000 loss=0.03141 val_exact=1.0000 val_pw=1.0000 val_pair=1.0000 20s
 step  172000 loss=0.03132 val_exact=1.0000 val_pw=1.0000 val_pair=1.0000 21s
 step  174000 loss=0.03125 val_exact=1.0000 val_pw=1.0000 val_pair=1.0000 21s
 step  176000 loss=0.03105 val_exact=1.0000 val_pw=1.0000 val_pair=1.0000 21s
 step  178000 loss=0.03098 val_exact=1.0000 val_pw=1.0000 val_pair=1.0000 20s
 step  180000 loss=0.03084 val_exact=1.0000 val_pw=1.0000 val_pair=1.0000 20s
 step  182000 loss=0.03074 val_exact=1.0000 val_pw=1.0000 val_pair=1.0000 21s
 step  184000 loss=0.03066 val_exact=1.0000 val_pw=1.0000 val_pair=1.0000 21s
 step  186000 loss=0.03055 val_exact=1.0000 val_pw=1.0000 val_pair=1.0000 21s
 step  188000 loss=0.03041 val_exact=1.0000 val_pw=1.0000 val_pair=1.0000 21s
 step  190000 loss=0.03035 val_exact=1.0000 val_pw=1.0000 val_pair=1.0000 21s
 step  192000 loss=0.03031 val_exact=1.0000 val_pw=1.0000 val_pair=1.0000 21s
 step  194000 loss=0.03014 val_exact=1.0000 val_pw=1.0000 val_pair=1.0000 21s
 step  196000 loss=0.03008 val_exact=1.0000 val_pw=1.0000 val_pair=1.0000 21s
 step  198000 loss=0.02993 val_exact=1.0000 val_pw=1.0000 val_pair=1.0000 21s
 step  200000 loss=0.02987 val_exact=1.0000 val_pw=1.0000 val_pair=1.0000 21s
 step  202000 loss=0.02978 val_exact=1.0000 val_pw=1.0000 val_pair=1.0000 21s
 step  204000 loss=0.02974 val_exact=1.0000 val_pw=1.0000 val_pair=1.0000 21s
 step  206000 loss=0.02963 val_exact=1.0000 val_pw=1.0000 val_pair=1.0000 20s
 step  208000 loss=0.02949 val_exact=1.0000 val_pw=1.0000 val_pair=1.0000 20s
 step  210000 loss=0.02948 val_exact=1.0000 val_pw=1.0000 val_pair=1.0000 20s
 step  212000 loss=0.02942 val_exact=1.0000 val_pw=1.0000 val_pair=1.0000 20s
 step  214000 loss=0.02931 val_exact=1.0000 val_pw=1.0000 val_pair=1.0000 21s
 step  216000 loss=0.02922 val_exact=1.0000 val_pw=1.0000 val_pair=1.0000 21s
 step  218000 loss=0.02920 val_exact=1.0000 val_pw=1.0000 val_pair=1.0000 21s
 step  220000 loss=0.02911 val_exact=1.0000 val_pw=1.0000 val_pair=1.0000 21s
 step  222000 loss=0.02902 val_exact=1.0000 val_pw=1.0000 val_pair=1.0000 21s
 step  224000 loss=0.02898 val_exact=1.0000 val_pw=1.0000 val_pair=1.0000 20s
 step  226000 loss=0.02895 val_exact=1.0000 val_pw=1.0000 val_pair=1.0000 21s
 step  228000 loss=0.02890 val_exact=1.0000 val_pw=1.0000 val_pair=1.0000 20s
 step  230000 loss=0.02879 val_exact=1.0000 val_pw=1.0000 val_pair=1.0000 20s
 step  232000 loss=0.02874 val_exact=1.0000 val_pw=1.0000 val_pair=1.0000 20s
 step  234000 loss=0.02872 val_exact=1.0000 val_pw=1.0000 val_pair=1.0000 20s
 step  236000 loss=0.02869 val_exact=1.0000 val_pw=1.0000 val_pair=1.0000 21s
 step  238000 loss=0.02863 val_exact=1.0000 val_pw=1.0000 val_pair=1.0000 21s
 step  240000 loss=0.02861 val_exact=1.0000 val_pw=1.0000 val_pair=1.0000 21s
 step  242000 loss=0.02853 val_exact=1.0000 val_pw=1.0000 val_pair=1.0000 20s
 step  244000 loss=0.02847 val_exact=1.0000 val_pw=1.0000 val_pair=1.0000 20s
 step  246000 loss=0.02846 val_exact=1.0000 val_pw=1.0000 val_pair=1.0000 21s
 step  248000 loss=0.02834 val_exact=1.0000 val_pw=1.0000 val_pair=1.0000 21s
 step  250000 loss=0.02835 val_exact=1.0000 val_pw=1.0000 val_pair=1.0000 21s
 step  252000 loss=0.02826 val_exact=1.0000 val_pw=1.0000 val_pair=1.0000 20s
 step  254000 loss=0.02829 val_exact=1.0000 val_pw=1.0000 val_pair=1.0000 20s
 step  256000 loss=0.02822 val_exact=1.0000 val_pw=1.0000 val_pair=1.0000 21s
 step  258000 loss=0.02819 val_exact=1.0000 val_pw=1.0000 val_pair=1.0000 21s
 step  260000 loss=0.02817 val_exact=1.0000 val_pw=1.0000 val_pair=1.0000 20s
 step  262000 loss=0.02811 val_exact=1.0000 val_pw=1.0000 val_pair=1.0000 21s
 step  264000 loss=0.02813 val_exact=1.0000 val_pw=1.0000 val_pair=1.0000 20s
 step  266000 loss=0.02803 val_exact=1.0000 val_pw=1.0000 val_pair=1.0000 21s
 step  268000 loss=0.02813 val_exact=1.0000 val_pw=1.0000 val_pair=1.0000 20s
 step  270000 loss=0.02799 val_exact=1.0000 val_pw=1.0000 val_pair=1.0000 21s
 step  272000 loss=0.02799 val_exact=1.0000 val_pw=1.0000 val_pair=1.0000 21s
 step  274000 loss=0.02803 val_exact=1.0000 val_pw=1.0000 val_pair=1.0000 21s
 step  276000 loss=0.02791 val_exact=1.0000 val_pw=1.0000 val_pair=1.0000 20s
 step  278000 loss=0.02794 val_exact=1.0000 val_pw=1.0000 val_pair=1.0000 20s
 step  280000 loss=0.02793 val_exact=1.0000 val_pw=1.0000 val_pair=1.0000 20s
 step  282000 loss=0.02787 val_exact=1.0000 val_pw=1.0000 val_pair=1.0000 20s
 step  284000 loss=0.02792 val_exact=1.0000 val_pw=1.0000 val_pair=1.0000 21s
 step  286000 loss=0.02790 val_exact=1.0000 val_pw=1.0000 val_pair=1.0000 20s
 step  288000 loss=0.02784 val_exact=1.0000 val_pw=1.0000 val_pair=1.0000 21s
 step  290000 loss=0.02788 val_exact=1.0000 val_pw=1.0000 val_pair=1.0000 20s
 step  292000 loss=0.02784 val_exact=1.0000 val_pw=1.0000 val_pair=1.0000 20s
 step  294000 loss=0.02786 val_exact=1.0000 val_pw=1.0000 val_pair=1.0000 21s
 step  296000 loss=0.02784 val_exact=1.0000 val_pw=1.0000 val_pair=1.0000 20s
 step  298000 loss=0.02782 val_exact=1.0000 val_pw=1.0000 val_pair=1.0000 20s
 step  300000 loss=0.02785 val_exact=1.0000 val_pw=1.0000 val_pair=1.0000 21s
done. steps_to={'pair_0.9': 2000, 'pair_0.99': 2000, 'pair_0.999': 2000, 'exact_0.9': 14000, 'exact_0.99': 20000, 'exact_0.999': 24000}  best exact=1.0000  -> runs/report6/multipath_train/n40_k3_ell7_trunc0.3_roberta_linear_seed1000
