task 2 -> n=40 k=3 ell=7 trunc=0.3 seed=3000
== n40_k3_ell7_trunc0.3_roberta_linear_seed3000 ==
 device=cuda arch=roberta readout=linear n=40 k=3 ell=7 trunc_frac=0.3 params=6,347,304
 step    2000 loss=0.49581 val_exact=0.0000 val_pw=0.9335 val_pair=1.0000 21s
 step    4000 loss=0.28377 val_exact=0.0005 val_pw=0.9918 val_pair=1.0000 20s
 step    6000 loss=0.22035 val_exact=0.4360 val_pw=0.9993 val_pair=1.0000 20s
 step    8000 loss=0.18257 val_exact=0.8575 val_pw=0.9999 val_pair=1.0000 21s
 step   10000 loss=0.16609 val_exact=0.9545 val_pw=1.0000 val_pair=1.0000 21s
 step   12000 loss=0.14668 val_exact=0.9980 val_pw=1.0000 val_pair=1.0000 20s
 step   14000 loss=0.12972 val_exact=1.0000 val_pw=1.0000 val_pair=1.0000 20s
 step   16000 loss=0.11856 val_exact=1.0000 val_pw=1.0000 val_pair=1.0000 21s
 step   18000 loss=0.10763 val_exact=1.0000 val_pw=1.0000 val_pair=1.0000 20s
 step   20000 loss=0.09787 val_exact=1.0000 val_pw=1.0000 val_pair=1.0000 20s
 step   22000 loss=0.08980 val_exact=1.0000 val_pw=1.0000 val_pair=1.0000 20s
 step   24000 loss=0.08328 val_exact=1.0000 val_pw=1.0000 val_pair=1.0000 20s
 step   26000 loss=0.07805 val_exact=1.0000 val_pw=1.0000 val_pair=1.0000 21s
 step   28000 loss=0.07437 val_exact=1.0000 val_pw=1.0000 val_pair=1.0000 21s
 step   30000 loss=0.07138 val_exact=1.0000 val_pw=1.0000 val_pair=1.0000 21s
 step   32000 loss=0.06892 val_exact=1.0000 val_pw=1.0000 val_pair=1.0000 21s
 step   34000 loss=0.06682 val_exact=1.0000 val_pw=1.0000 val_pair=1.0000 21s
 step   36000 loss=0.06517 val_exact=1.0000 val_pw=1.0000 val_pair=1.0000 21s
 step   38000 loss=0.06358 val_exact=1.0000 val_pw=1.0000 val_pair=1.0000 21s
 step   40000 loss=0.06226 val_exact=1.0000 val_pw=1.0000 val_pair=1.0000 20s
 step   42000 loss=0.06107 val_exact=1.0000 val_pw=1.0000 val_pair=1.0000 21s
 step   44000 loss=0.06002 val_exact=1.0000 val_pw=1.0000 val_pair=1.0000 20s
 step   46000 loss=0.05907 val_exact=1.0000 val_pw=1.0000 val_pair=1.0000 20s
 step   48000 loss=0.05804 val_exact=1.0000 val_pw=1.0000 val_pair=1.0000 21s
 step   50000 loss=0.05724 val_exact=1.0000 val_pw=1.0000 val_pair=1.0000 20s
 step   52000 loss=0.05642 val_exact=1.0000 val_pw=1.0000 val_pair=1.0000 20s
 step   54000 loss=0.05569 val_exact=1.0000 val_pw=1.0000 val_pair=1.0000 20s
 step   56000 loss=0.05498 val_exact=1.0000 val_pw=1.0000 val_pair=1.0000 21s
 step   58000 loss=0.05426 val_exact=1.0000 val_pw=1.0000 val_pair=1.0000 21s
 step   60000 loss=0.05360 val_exact=1.0000 val_pw=1.0000 val_pair=1.0000 20s
 step   62000 loss=0.05296 val_exact=1.0000 val_pw=1.0000 val_pair=1.0000 20s
 step   64000 loss=0.05230 val_exact=1.0000 val_pw=1.0000 val_pair=1.0000 21s
 step   66000 loss=0.05189 val_exact=1.0000 val_pw=1.0000 val_pair=1.0000 21s
 step   68000 loss=0.05126 val_exact=1.0000 val_pw=1.0000 val_pair=1.0000 21s
 step   70000 loss=0.05077 val_exact=1.0000 val_pw=1.0000 val_pair=1.0000 21s
 step   72000 loss=0.05017 val_exact=1.0000 val_pw=1.0000 val_pair=1.0000 21s
 step   74000 loss=0.04974 val_exact=1.0000 val_pw=1.0000 val_pair=1.0000 21s
 step   76000 loss=0.04920 val_exact=1.0000 val_pw=1.0000 val_pair=1.0000 21s
 step   78000 loss=0.04877 val_exact=1.0000 val_pw=1.0000 val_pair=1.0000 21s
 step   80000 loss=0.04827 val_exact=1.0000 val_pw=1.0000 val_pair=1.0000 21s
 step   82000 loss=0.04788 val_exact=1.0000 val_pw=1.0000 val_pair=1.0000 21s
 step   84000 loss=0.04733 val_exact=1.0000 val_pw=1.0000 val_pair=1.0000 21s
 step   86000 loss=0.04689 val_exact=1.0000 val_pw=1.0000 val_pair=1.0000 21s
 step   88000 loss=0.04655 val_exact=1.0000 val_pw=1.0000 val_pair=1.0000 21s
 step   90000 loss=0.04604 val_exact=1.0000 val_pw=1.0000 val_pair=1.0000 21s
 step   92000 loss=0.04560 val_exact=1.0000 val_pw=1.0000 val_pair=1.0000 21s
 step   94000 loss=0.04504 val_exact=1.0000 val_pw=1.0000 val_pair=1.0000 21s
 step   96000 loss=0.04459 val_exact=1.0000 val_pw=1.0000 val_pair=1.0000 21s
 step   98000 loss=0.04426 val_exact=1.0000 val_pw=1.0000 val_pair=1.0000 21s
 step  100000 loss=0.04383 val_exact=1.0000 val_pw=1.0000 val_pair=1.0000 21s
 step  102000 loss=0.04339 val_exact=1.0000 val_pw=1.0000 val_pair=1.0000 21s
 step  104000 loss=0.04307 val_exact=1.0000 val_pw=1.0000 val_pair=1.0000 21s
 step  106000 loss=0.04267 val_exact=1.0000 val_pw=1.0000 val_pair=1.0000 20s
 step  108000 loss=0.04239 val_exact=1.0000 val_pw=1.0000 val_pair=1.0000 20s
 step  110000 loss=0.04219 val_exact=1.0000 val_pw=1.0000 val_pair=1.0000 21s
 step  112000 loss=0.04176 val_exact=1.0000 val_pw=1.0000 val_pair=1.0000 21s
 step  114000 loss=0.04151 val_exact=1.0000 val_pw=1.0000 val_pair=1.0000 21s
 step  116000 loss=0.04112 val_exact=1.0000 val_pw=1.0000 val_pair=1.0000 21s
 step  118000 loss=0.04088 val_exact=1.0000 val_pw=1.0000 val_pair=1.0000 21s
 step  120000 loss=0.04049 val_exact=1.0000 val_pw=1.0000 val_pair=1.0000 21s
 step  122000 loss=0.04022 val_exact=1.0000 val_pw=1.0000 val_pair=1.0000 20s
 step  124000 loss=0.03993 val_exact=1.0000 val_pw=1.0000 val_pair=1.0000 20s
 step  126000 loss=0.03972 val_exact=1.0000 val_pw=1.0000 val_pair=1.0000 20s
 step  128000 loss=0.03930 val_exact=1.0000 val_pw=1.0000 val_pair=1.0000 20s
 step  130000 loss=0.03908 val_exact=1.0000 val_pw=1.0000 val_pair=1.0000 21s
 step  132000 loss=0.03876 val_exact=1.0000 val_pw=1.0000 val_pair=1.0000 21s
 step  134000 loss=0.03858 val_exact=1.0000 val_pw=1.0000 val_pair=1.0000 20s
 step  136000 loss=0.03834 val_exact=1.0000 val_pw=1.0000 val_pair=1.0000 21s
 step  138000 loss=0.03815 val_exact=1.0000 val_pw=1.0000 val_pair=1.0000 20s
 step  140000 loss=0.03794 val_exact=1.0000 val_pw=1.0000 val_pair=1.0000 21s
 step  142000 loss=0.03772 val_exact=1.0000 val_pw=1.0000 val_pair=1.0000 20s
 step  144000 loss=0.03722 val_exact=1.0000 val_pw=1.0000 val_pair=1.0000 21s
 step  146000 loss=0.03697 val_exact=1.0000 val_pw=1.0000 val_pair=1.0000 21s
 step  148000 loss=0.03655 val_exact=1.0000 val_pw=1.0000 val_pair=1.0000 21s
 step  150000 loss=0.03622 val_exact=1.0000 val_pw=1.0000 val_pair=1.0000 21s
 step  152000 loss=0.03598 val_exact=1.0000 val_pw=1.0000 val_pair=1.0000 21s
 step  154000 loss=0.03577 val_exact=1.0000 val_pw=1.0000 val_pair=1.0000 21s
 step  156000 loss=0.03546 val_exact=1.0000 val_pw=1.0000 val_pair=1.0000 20s
 step  158000 loss=0.03524 val_exact=1.0000 val_pw=1.0000 val_pair=1.0000 21s
 step  160000 loss=0.03505 val_exact=1.0000 val_pw=1.0000 val_pair=1.0000 21s
 step  162000 loss=0.03484 val_exact=1.0000 val_pw=1.0000 val_pair=1.0000 20s
 step  164000 loss=0.03469 val_exact=1.0000 val_pw=1.0000 val_pair=1.0000 20s
 step  166000 loss=0.03448 val_exact=1.0000 val_pw=1.0000 val_pair=1.0000 20s
 step  168000 loss=0.03422 val_exact=1.0000 val_pw=1.0000 val_pair=1.0000 20s
 step  170000 loss=0.03410 val_exact=1.0000 val_pw=1.0000 val_pair=1.0000 21s
 step  172000 loss=0.03383 val_exact=1.0000 val_pw=1.0000 val_pair=1.0000 21s
 step  174000 loss=0.03371 val_exact=1.0000 val_pw=1.0000 val_pair=1.0000 21s
 step  176000 loss=0.03349 val_exact=1.0000 val_pw=1.0000 val_pair=1.0000 20s
 step  178000 loss=0.03332 val_exact=1.0000 val_pw=1.0000 val_pair=1.0000 21s
 step  180000 loss=0.03323 val_exact=1.0000 val_pw=1.0000 val_pair=1.0000 21s
 step  182000 loss=0.03301 val_exact=1.0000 val_pw=1.0000 val_pair=1.0000 21s
 step  184000 loss=0.03286 val_exact=1.0000 val_pw=1.0000 val_pair=1.0000 20s
 step  186000 loss=0.03271 val_exact=1.0000 val_pw=1.0000 val_pair=1.0000 20s
 step  188000 loss=0.03253 val_exact=1.0000 val_pw=1.0000 val_pair=1.0000 21s
 step  190000 loss=0.03256 val_exact=1.0000 val_pw=1.0000 val_pair=1.0000 21s
 step  192000 loss=0.03225 val_exact=1.0000 val_pw=1.0000 val_pair=1.0000 20s
 step  194000 loss=0.03217 val_exact=1.0000 val_pw=1.0000 val_pair=1.0000 21s
 step  196000 loss=0.03200 val_exact=1.0000 val_pw=1.0000 val_pair=1.0000 21s
 step  198000 loss=0.03186 val_exact=1.0000 val_pw=1.0000 val_pair=1.0000 20s
 step  200000 loss=0.03171 val_exact=1.0000 val_pw=1.0000 val_pair=1.0000 21s
 step  202000 loss=0.03167 val_exact=1.0000 val_pw=1.0000 val_pair=1.0000 21s
 step  204000 loss=0.03149 val_exact=1.0000 val_pw=1.0000 val_pair=1.0000 21s
 step  206000 loss=0.03142 val_exact=1.0000 val_pw=1.0000 val_pair=1.0000 21s
 step  208000 loss=0.03123 val_exact=1.0000 val_pw=1.0000 val_pair=1.0000 21s
 step  210000 loss=0.03116 val_exact=1.0000 val_pw=1.0000 val_pair=1.0000 21s
 step  212000 loss=0.03105 val_exact=1.0000 val_pw=1.0000 val_pair=1.0000 21s
 step  214000 loss=0.03087 val_exact=1.0000 val_pw=1.0000 val_pair=1.0000 21s
 step  216000 loss=0.03085 val_exact=1.0000 val_pw=1.0000 val_pair=1.0000 21s
 step  218000 loss=0.03075 val_exact=1.0000 val_pw=1.0000 val_pair=1.0000 21s
 step  220000 loss=0.03065 val_exact=1.0000 val_pw=1.0000 val_pair=1.0000 20s
 step  222000 loss=0.03052 val_exact=1.0000 val_pw=1.0000 val_pair=1.0000 21s
 step  224000 loss=0.03041 val_exact=1.0000 val_pw=1.0000 val_pair=1.0000 20s
 step  226000 loss=0.03037 val_exact=1.0000 val_pw=1.0000 val_pair=1.0000 21s
 step  228000 loss=0.03028 val_exact=1.0000 val_pw=1.0000 val_pair=1.0000 20s
 step  230000 loss=0.03017 val_exact=1.0000 val_pw=1.0000 val_pair=1.0000 20s
 step  232000 loss=0.03006 val_exact=1.0000 val_pw=1.0000 val_pair=1.0000 21s
 step  234000 loss=0.03006 val_exact=1.0000 val_pw=1.0000 val_pair=1.0000 21s
 step  236000 loss=0.02992 val_exact=1.0000 val_pw=1.0000 val_pair=1.0000 21s
 step  238000 loss=0.02977 val_exact=1.0000 val_pw=1.0000 val_pair=1.0000 21s
 step  240000 loss=0.02977 val_exact=1.0000 val_pw=1.0000 val_pair=1.0000 21s
 step  242000 loss=0.02970 val_exact=1.0000 val_pw=1.0000 val_pair=1.0000 20s
 step  244000 loss=0.02961 val_exact=1.0000 val_pw=1.0000 val_pair=1.0000 20s
 step  246000 loss=0.02959 val_exact=1.0000 val_pw=1.0000 val_pair=1.0000 20s
 step  248000 loss=0.02954 val_exact=1.0000 val_pw=1.0000 val_pair=1.0000 21s
 step  250000 loss=0.02952 val_exact=1.0000 val_pw=1.0000 val_pair=1.0000 21s
 step  252000 loss=0.02940 val_exact=1.0000 val_pw=1.0000 val_pair=1.0000 21s
 step  254000 loss=0.02933 val_exact=1.0000 val_pw=1.0000 val_pair=1.0000 21s
 step  256000 loss=0.02930 val_exact=1.0000 val_pw=1.0000 val_pair=1.0000 21s
 step  258000 loss=0.02922 val_exact=1.0000 val_pw=1.0000 val_pair=1.0000 21s
 step  260000 loss=0.02922 val_exact=1.0000 val_pw=1.0000 val_pair=1.0000 21s
 step  262000 loss=0.02918 val_exact=1.0000 val_pw=1.0000 val_pair=1.0000 21s
 step  264000 loss=0.02910 val_exact=1.0000 val_pw=1.0000 val_pair=1.0000 21s
 step  266000 loss=0.02913 val_exact=1.0000 val_pw=1.0000 val_pair=1.0000 21s
 step  268000 loss=0.02911 val_exact=1.0000 val_pw=1.0000 val_pair=1.0000 21s
 step  270000 loss=0.02903 val_exact=1.0000 val_pw=1.0000 val_pair=1.0000 21s
 step  272000 loss=0.02905 val_exact=1.0000 val_pw=1.0000 val_pair=1.0000 20s
 step  274000 loss=0.02899 val_exact=1.0000 val_pw=1.0000 val_pair=1.0000 20s
 step  276000 loss=0.02888 val_exact=1.0000 val_pw=1.0000 val_pair=1.0000 21s
 step  278000 loss=0.02899 val_exact=1.0000 val_pw=1.0000 val_pair=1.0000 20s
 step  280000 loss=0.02893 val_exact=1.0000 val_pw=1.0000 val_pair=1.0000 21s
 step  282000 loss=0.02888 val_exact=1.0000 val_pw=1.0000 val_pair=1.0000 21s
 step  284000 loss=0.02890 val_exact=1.0000 val_pw=1.0000 val_pair=1.0000 21s
 step  286000 loss=0.02884 val_exact=1.0000 val_pw=1.0000 val_pair=1.0000 20s
 step  288000 loss=0.02884 val_exact=1.0000 val_pw=1.0000 val_pair=1.0000 20s
 step  290000 loss=0.02885 val_exact=1.0000 val_pw=1.0000 val_pair=1.0000 21s
 step  292000 loss=0.02883 val_exact=1.0000 val_pw=1.0000 val_pair=1.0000 21s
 step  294000 loss=0.02885 val_exact=1.0000 val_pw=1.0000 val_pair=1.0000 20s
 step  296000 loss=0.02878 val_exact=1.0000 val_pw=1.0000 val_pair=1.0000 21s
 step  298000 loss=0.02875 val_exact=1.0000 val_pw=1.0000 val_pair=1.0000 21s
 step  300000 loss=0.02887 val_exact=1.0000 val_pw=1.0000 val_pair=1.0000 20s
done. steps_to={'pair_0.9': 2000, 'pair_0.99': 2000, 'pair_0.999': 2000, 'exact_0.9': 10000, 'exact_0.99': 12000, 'exact_0.999': 14000}  best exact=1.0000  -> runs/report6/multipath_train/n40_k3_ell7_trunc0.3_roberta_linear_seed3000
