task 10 -> n=40 k=2 ell=9 trunc=0.3 seed=3000
== n40_k2_ell9_trunc0.3_roberta_linear_seed3000 ==
 device=cuda arch=roberta readout=linear n=40 k=2 ell=9 trunc_frac=0.3 params=6,347,304
 step    2000 loss=0.59960 val_exact=0.0000 val_pw=0.7049 val_pair=0.0000 23s
 step    4000 loss=0.54388 val_exact=0.0000 val_pw=0.7684 val_pair=0.7040 22s
 step    6000 loss=0.49063 val_exact=0.0000 val_pw=0.7841 val_pair=0.2945 20s
 step    8000 loss=0.44750 val_exact=0.0000 val_pw=0.8808 val_pair=0.9345 20s
 step   10000 loss=0.42369 val_exact=0.0000 val_pw=0.9176 val_pair=1.0000 20s
 step   12000 loss=0.40599 val_exact=0.0000 val_pw=0.9293 val_pair=1.0000 20s
 step   14000 loss=0.39193 val_exact=0.0000 val_pw=0.9445 val_pair=1.0000 20s
 step   16000 loss=0.38105 val_exact=0.0000 val_pw=0.9530 val_pair=1.0000 20s
 step   18000 loss=0.37243 val_exact=0.0000 val_pw=0.9500 val_pair=1.0000 20s
 step   20000 loss=0.36468 val_exact=0.0000 val_pw=0.9363 val_pair=1.0000 20s
 step   22000 loss=0.35714 val_exact=0.0000 val_pw=0.9648 val_pair=1.0000 20s
 step   24000 loss=0.34973 val_exact=0.0000 val_pw=0.9542 val_pair=1.0000 20s
 step   26000 loss=0.34236 val_exact=0.0000 val_pw=0.9503 val_pair=0.9985 21s
 step   28000 loss=0.33524 val_exact=0.0000 val_pw=0.9674 val_pair=1.0000 22s
 step   30000 loss=0.33018 val_exact=0.0005 val_pw=0.9864 val_pair=1.0000 22s
 step   32000 loss=0.32363 val_exact=0.0000 val_pw=0.9808 val_pair=1.0000 22s
 step   34000 loss=0.31734 val_exact=0.0000 val_pw=0.9617 val_pair=1.0000 22s
 step   36000 loss=0.31364 val_exact=0.0000 val_pw=0.9805 val_pair=1.0000 22s
 step   38000 loss=0.30698 val_exact=0.0885 val_pw=0.9953 val_pair=1.0000 22s
 step   40000 loss=0.30334 val_exact=0.0005 val_pw=0.9726 val_pair=1.0000 22s
 step   42000 loss=0.29788 val_exact=0.0000 val_pw=0.8981 val_pair=1.0000 22s
 step   44000 loss=0.29172 val_exact=0.0000 val_pw=0.8602 val_pair=1.0000 23s
 step   46000 loss=0.28863 val_exact=0.0000 val_pw=0.9589 val_pair=1.0000 23s
 step   48000 loss=0.28437 val_exact=0.0000 val_pw=0.8645 val_pair=1.0000 22s
 step   50000 loss=0.28133 val_exact=0.0355 val_pw=0.9930 val_pair=1.0000 22s
 step   52000 loss=0.27989 val_exact=0.0000 val_pw=0.9240 val_pair=1.0000 20s
 step   54000 loss=0.27432 val_exact=0.0000 val_pw=0.9311 val_pair=1.0000 20s
 step   56000 loss=0.27175 val_exact=0.0000 val_pw=0.8584 val_pair=1.0000 20s
 step   58000 loss=0.27071 val_exact=0.0000 val_pw=0.9550 val_pair=1.0000 20s
 step   60000 loss=0.26756 val_exact=0.0080 val_pw=0.9770 val_pair=1.0000 20s
 step   62000 loss=0.26661 val_exact=0.2510 val_pw=0.9979 val_pair=1.0000 20s
 step   64000 loss=0.26406 val_exact=0.0095 val_pw=0.9852 val_pair=1.0000 20s
 step   66000 loss=0.26424 val_exact=0.0000 val_pw=0.9483 val_pair=1.0000 20s
 step   68000 loss=0.26070 val_exact=0.0000 val_pw=0.8451 val_pair=1.0000 20s
 step   70000 loss=0.25855 val_exact=0.0000 val_pw=0.7835 val_pair=1.0000 20s
 step   72000 loss=0.25713 val_exact=0.0010 val_pw=0.9700 val_pair=1.0000 20s
 step   74000 loss=0.25567 val_exact=0.0175 val_pw=0.9855 val_pair=1.0000 20s
 step   76000 loss=0.25317 val_exact=0.0000 val_pw=0.7659 val_pair=1.0000 20s
 step   78000 loss=0.25269 val_exact=0.0345 val_pw=0.9893 val_pair=1.0000 20s
 step   80000 loss=0.25058 val_exact=0.0000 val_pw=0.7540 val_pair=0.9995 20s
 step   82000 loss=0.24603 val_exact=0.0115 val_pw=0.9682 val_pair=1.0000 20s
 step   84000 loss=0.24324 val_exact=0.0000 val_pw=0.7389 val_pair=1.0000 20s
 step   86000 loss=0.24360 val_exact=0.0000 val_pw=0.7207 val_pair=0.9950 20s
 step   88000 loss=0.24091 val_exact=0.0000 val_pw=0.6731 val_pair=0.9965 20s
 step   90000 loss=0.23952 val_exact=0.0000 val_pw=0.8480 val_pair=1.0000 20s
 step   92000 loss=0.23802 val_exact=0.0005 val_pw=0.9263 val_pair=1.0000 20s
 step   94000 loss=0.23583 val_exact=0.0000 val_pw=0.8880 val_pair=1.0000 20s
 step   96000 loss=0.23529 val_exact=0.0000 val_pw=0.6964 val_pair=0.9990 20s
 step   98000 loss=0.23305 val_exact=0.0010 val_pw=0.9543 val_pair=1.0000 20s
 step  100000 loss=0.23191 val_exact=0.0000 val_pw=0.9004 val_pair=1.0000 20s
 step  102000 loss=0.23044 val_exact=0.0000 val_pw=0.6912 val_pair=0.9945 20s
 step  104000 loss=0.22942 val_exact=0.0000 val_pw=0.6855 val_pair=0.9910 20s
 step  106000 loss=0.22797 val_exact=0.0000 val_pw=0.6962 val_pair=0.9975 20s
 step  108000 loss=0.22570 val_exact=0.0000 val_pw=0.6820 val_pair=0.9980 20s
 step  110000 loss=0.22581 val_exact=0.0000 val_pw=0.6993 val_pair=0.9930 20s
 step  112000 loss=0.22498 val_exact=0.0315 val_pw=0.9875 val_pair=1.0000 20s
 step  114000 loss=0.22307 val_exact=0.0000 val_pw=0.8880 val_pair=1.0000 20s
 step  116000 loss=0.22168 val_exact=0.0005 val_pw=0.9652 val_pair=1.0000 20s
 step  118000 loss=0.22040 val_exact=0.0010 val_pw=0.9583 val_pair=1.0000 20s
 step  120000 loss=0.21986 val_exact=0.0090 val_pw=0.9721 val_pair=1.0000 20s
 step  122000 loss=0.22089 val_exact=0.0000 val_pw=0.7241 val_pair=0.9980 20s
 step  124000 loss=0.21720 val_exact=0.0000 val_pw=0.6865 val_pair=0.9905 20s
 step  126000 loss=0.21752 val_exact=0.0000 val_pw=0.8832 val_pair=1.0000 20s
 step  128000 loss=0.21559 val_exact=0.0000 val_pw=0.7181 val_pair=0.9985 22s
 step  130000 loss=0.21546 val_exact=0.0000 val_pw=0.7160 val_pair=1.0000 22s
 step  132000 loss=0.21457 val_exact=0.0000 val_pw=0.8223 val_pair=1.0000 22s
 step  134000 loss=0.21266 val_exact=0.0000 val_pw=0.6881 val_pair=0.9950 22s
 step  136000 loss=0.21322 val_exact=0.0000 val_pw=0.9077 val_pair=1.0000 20s
 step  138000 loss=0.21142 val_exact=0.0000 val_pw=0.8523 val_pair=1.0000 21s
 step  140000 loss=0.21034 val_exact=0.0000 val_pw=0.6900 val_pair=0.9975 21s
 step  142000 loss=0.21006 val_exact=0.0000 val_pw=0.7288 val_pair=0.9980 22s
 step  144000 loss=0.20854 val_exact=0.0000 val_pw=0.7059 val_pair=0.9885 22s
 step  146000 loss=0.20800 val_exact=0.0000 val_pw=0.7279 val_pair=0.9945 20s
 step  148000 loss=0.20708 val_exact=0.0000 val_pw=0.8058 val_pair=1.0000 22s
 step  150000 loss=0.20615 val_exact=0.0000 val_pw=0.7190 val_pair=0.9995 22s
 step  152000 loss=0.20559 val_exact=0.0000 val_pw=0.7561 val_pair=0.9955 23s
 step  154000 loss=0.20478 val_exact=0.0000 val_pw=0.7304 val_pair=0.9990 22s
 step  156000 loss=0.20416 val_exact=0.0000 val_pw=0.6797 val_pair=0.9860 20s
 step  158000 loss=0.20329 val_exact=0.0000 val_pw=0.6711 val_pair=0.9645 20s
 step  160000 loss=0.20273 val_exact=0.0000 val_pw=0.7282 val_pair=0.9985 20s
 step  162000 loss=0.20202 val_exact=0.0000 val_pw=0.7047 val_pair=0.9910 20s
 step  164000 loss=0.20135 val_exact=0.0000 val_pw=0.7900 val_pair=1.0000 20s
 step  166000 loss=0.20067 val_exact=0.0000 val_pw=0.7972 val_pair=1.0000 20s
 step  168000 loss=0.19992 val_exact=0.0000 val_pw=0.8075 val_pair=1.0000 20s
 step  170000 loss=0.19963 val_exact=0.0000 val_pw=0.6951 val_pair=0.9925 20s
 step  172000 loss=0.19866 val_exact=0.0000 val_pw=0.6689 val_pair=0.9470 20s
 step  174000 loss=0.19823 val_exact=0.0000 val_pw=0.8386 val_pair=1.0000 20s
 step  176000 loss=0.19762 val_exact=0.0000 val_pw=0.6689 val_pair=0.9200 20s
 step  178000 loss=0.19707 val_exact=0.0000 val_pw=0.7195 val_pair=0.9960 20s
 step  180000 loss=0.19673 val_exact=0.0000 val_pw=0.7141 val_pair=0.9970 20s
 step  182000 loss=0.19596 val_exact=0.0000 val_pw=0.6822 val_pair=0.9445 23s
 step  184000 loss=0.19545 val_exact=0.0000 val_pw=0.6834 val_pair=0.9340 22s
 step  186000 loss=0.19495 val_exact=0.0000 val_pw=0.6837 val_pair=0.9605 23s
 step  188000 loss=0.19451 val_exact=0.0000 val_pw=0.6894 val_pair=0.9455 22s
 step  190000 loss=0.19441 val_exact=0.0000 val_pw=0.6964 val_pair=0.9555 22s
 step  192000 loss=0.19349 val_exact=0.0000 val_pw=0.6992 val_pair=0.9870 20s
 step  194000 loss=0.19334 val_exact=0.0000 val_pw=0.6799 val_pair=0.9115 20s
 step  196000 loss=0.19257 val_exact=0.0000 val_pw=0.7149 val_pair=0.9870 20s
 step  198000 loss=0.19221 val_exact=0.0000 val_pw=0.7300 val_pair=0.9975 20s
 step  200000 loss=0.19181 val_exact=0.0000 val_pw=0.6424 val_pair=0.8030 20s
 step  202000 loss=0.19169 val_exact=0.0000 val_pw=0.7015 val_pair=0.9675 20s
 step  204000 loss=0.19116 val_exact=0.0000 val_pw=0.7184 val_pair=0.9845 20s
 step  206000 loss=0.19092 val_exact=0.0000 val_pw=0.6808 val_pair=0.9275 20s
 step  208000 loss=0.19044 val_exact=0.0000 val_pw=0.6782 val_pair=0.9085 20s
 step  210000 loss=0.19009 val_exact=0.0000 val_pw=0.6875 val_pair=0.9195 21s
 step  212000 loss=0.18988 val_exact=0.0000 val_pw=0.6941 val_pair=0.9400 22s
 step  214000 loss=0.18938 val_exact=0.0000 val_pw=0.6993 val_pair=0.9665 22s
 step  216000 loss=0.18924 val_exact=0.0000 val_pw=0.7297 val_pair=0.9940 21s
 step  218000 loss=0.18896 val_exact=0.0000 val_pw=0.6666 val_pair=0.8565 21s
 step  220000 loss=0.18863 val_exact=0.0000 val_pw=0.6996 val_pair=0.9630 22s
 step  222000 loss=0.18829 val_exact=0.0000 val_pw=0.7028 val_pair=0.9720 21s
 step  224000 loss=0.18801 val_exact=0.0000 val_pw=0.6790 val_pair=0.8485 20s
 step  226000 loss=0.18786 val_exact=0.0000 val_pw=0.7072 val_pair=0.9610 20s
 step  228000 loss=0.18762 val_exact=0.0000 val_pw=0.6871 val_pair=0.8960 20s
 step  230000 loss=0.18734 val_exact=0.0000 val_pw=0.6999 val_pair=0.9385 20s
 step  232000 loss=0.18703 val_exact=0.0000 val_pw=0.6835 val_pair=0.8880 20s
 step  234000 loss=0.18703 val_exact=0.0000 val_pw=0.6676 val_pair=0.8290 20s
 step  236000 loss=0.18658 val_exact=0.0000 val_pw=0.6783 val_pair=0.8570 20s
 step  238000 loss=0.18618 val_exact=0.0000 val_pw=0.6846 val_pair=0.8725 20s
 step  240000 loss=0.18625 val_exact=0.0000 val_pw=0.6979 val_pair=0.9335 20s
 step  242000 loss=0.18600 val_exact=0.0000 val_pw=0.7019 val_pair=0.9450 20s
 step  244000 loss=0.18585 val_exact=0.0000 val_pw=0.7006 val_pair=0.9495 20s
 step  246000 loss=0.18575 val_exact=0.0000 val_pw=0.6790 val_pair=0.8450 20s
 step  248000 loss=0.18556 val_exact=0.0000 val_pw=0.6881 val_pair=0.8935 20s
 step  250000 loss=0.18563 val_exact=0.0000 val_pw=0.6951 val_pair=0.8950 20s
 step  252000 loss=0.18529 val_exact=0.0000 val_pw=0.6963 val_pair=0.9320 20s
 step  254000 loss=0.18502 val_exact=0.0000 val_pw=0.7087 val_pair=0.9540 20s
 step  256000 loss=0.18496 val_exact=0.0000 val_pw=0.6919 val_pair=0.9095 20s
 step  258000 loss=0.18482 val_exact=0.0000 val_pw=0.6884 val_pair=0.8900 20s
 step  260000 loss=0.18484 val_exact=0.0000 val_pw=0.6720 val_pair=0.8175 20s
 step  262000 loss=0.18471 val_exact=0.0000 val_pw=0.6787 val_pair=0.8450 20s
 step  264000 loss=0.18450 val_exact=0.0000 val_pw=0.6969 val_pair=0.9085 20s
 step  266000 loss=0.18457 val_exact=0.0000 val_pw=0.6811 val_pair=0.8455 20s
 step  268000 loss=0.18460 val_exact=0.0000 val_pw=0.6752 val_pair=0.8235 20s
 step  270000 loss=0.18439 val_exact=0.0000 val_pw=0.6869 val_pair=0.8540 20s
 step  272000 loss=0.18444 val_exact=0.0000 val_pw=0.6776 val_pair=0.8275 20s
 step  274000 loss=0.18416 val_exact=0.0000 val_pw=0.6721 val_pair=0.8185 20s
 step  276000 loss=0.18403 val_exact=0.0000 val_pw=0.6918 val_pair=0.8750 20s
 step  278000 loss=0.18432 val_exact=0.0000 val_pw=0.6821 val_pair=0.8430 20s
 step  280000 loss=0.18419 val_exact=0.0000 val_pw=0.6805 val_pair=0.8410 20s
 step  282000 loss=0.18409 val_exact=0.0000 val_pw=0.6771 val_pair=0.8240 20s
 step  284000 loss=0.18401 val_exact=0.0000 val_pw=0.6762 val_pair=0.8280 20s
 step  286000 loss=0.18386 val_exact=0.0000 val_pw=0.6824 val_pair=0.8415 20s
 step  288000 loss=0.18382 val_exact=0.0000 val_pw=0.6795 val_pair=0.8350 20s
 step  290000 loss=0.18410 val_exact=0.0000 val_pw=0.6815 val_pair=0.8410 20s
 step  292000 loss=0.18393 val_exact=0.0000 val_pw=0.6809 val_pair=0.8395 20s
 step  294000 loss=0.18397 val_exact=0.0000 val_pw=0.6794 val_pair=0.8330 20s
 step  296000 loss=0.18386 val_exact=0.0000 val_pw=0.6785 val_pair=0.8305 20s
 step  298000 loss=0.18364 val_exact=0.0000 val_pw=0.6807 val_pair=0.8395 20s
 step  300000 loss=0.18391 val_exact=0.0000 val_pw=0.6815 val_pair=0.8415 20s
done. steps_to={'pair_0.9': 8000, 'pair_0.99': 10000, 'pair_0.999': 10000, 'exact_0.9': None, 'exact_0.99': None, 'exact_0.999': None}  best exact=0.2510  -> runs/report6/multipath_train/n40_k2_ell9_trunc0.3_roberta_linear_seed3000
