task 3 -> n=20 p=0.08 seed=4000 (families=bridged,split)
== n20_bridged+split_roberta_linear_lam0_seed4000 ==
 device=cuda arch=roberta readout=linear lambda=0.0 params=6,326,804
 step    5000 loss=0.08560 bce=0.08560 lap=0.00 lam=0.0e+00 val=1.0000 2ch=0.000 2cl=1.000 34s
 step   10000 loss=0.00574 bce=0.00574 lap=0.00 lam=0.0e+00 val=1.0000 2ch=0.000 2cl=1.000 34s
 step   15000 loss=0.00426 bce=0.00426 lap=0.00 lam=0.0e+00 val=1.0000 2ch=0.000 2cl=1.000 34s
 step   20000 loss=0.00388 bce=0.00388 lap=0.00 lam=0.0e+00 val=1.0000 2ch=0.000 2cl=1.000 34s
 step   25000 loss=0.00365 bce=0.00365 lap=0.00 lam=0.0e+00 val=1.0000 2ch=0.000 2cl=1.000 34s
 step   30000 loss=0.00352 bce=0.00352 lap=0.00 lam=0.0e+00 val=1.0000 2ch=0.000 2cl=1.000 34s
 step   35000 loss=0.00339 bce=0.00339 lap=0.00 lam=0.0e+00 val=1.0000 2ch=0.000 2cl=1.000 34s
 step   40000 loss=0.00324 bce=0.00324 lap=0.00 lam=0.0e+00 val=1.0000 2ch=0.000 2cl=1.000 34s
 step   45000 loss=0.00307 bce=0.00307 lap=0.00 lam=0.0e+00 val=1.0000 2ch=0.000 2cl=1.000 34s
 step   50000 loss=0.00293 bce=0.00293 lap=0.00 lam=0.0e+00 val=1.0000 2ch=0.000 2cl=1.000 34s
 step   55000 loss=0.00283 bce=0.00283 lap=0.00 lam=0.0e+00 val=1.0000 2ch=0.000 2cl=1.000 34s
 step   60000 loss=0.00273 bce=0.00273 lap=0.00 lam=0.0e+00 val=1.0000 2ch=0.000 2cl=1.000 35s
 step   65000 loss=0.00261 bce=0.00261 lap=0.00 lam=0.0e+00 val=1.0000 2ch=0.000 2cl=1.000 34s
 step   70000 loss=0.00247 bce=0.00247 lap=0.00 lam=0.0e+00 val=1.0000 2ch=0.000 2cl=1.000 34s
 step   75000 loss=0.00233 bce=0.00233 lap=0.00 lam=0.0e+00 val=1.0000 2ch=0.000 2cl=1.000 34s
 step   80000 loss=0.00216 bce=0.00216 lap=0.00 lam=0.0e+00 val=1.0000 2ch=0.000 2cl=1.000 34s
 step   85000 loss=0.00198 bce=0.00198 lap=0.00 lam=0.0e+00 val=1.0000 2ch=0.000 2cl=1.000 34s
 step   90000 loss=0.00194 bce=0.00194 lap=0.00 lam=0.0e+00 val=1.0000 2ch=0.000 2cl=1.000 34s
 step   95000 loss=0.00177 bce=0.00177 lap=0.00 lam=0.0e+00 val=1.0000 2ch=0.000 2cl=1.000 34s
 step  100000 loss=0.00169 bce=0.00169 lap=0.00 lam=0.0e+00 val=1.0000 2ch=0.000 2cl=1.000 34s
 step  105000 loss=0.00168 bce=0.00168 lap=0.00 lam=0.0e+00 val=1.0000 2ch=0.000 2cl=1.000 34s
 step  110000 loss=0.00160 bce=0.00160 lap=0.00 lam=0.0e+00 val=1.0000 2ch=0.000 2cl=1.000 33s
 step  115000 loss=0.00157 bce=0.00157 lap=0.00 lam=0.0e+00 val=1.0000 2ch=0.000 2cl=1.000 34s
 step  120000 loss=0.00152 bce=0.00152 lap=0.00 lam=0.0e+00 val=1.0000 2ch=0.000 2cl=1.000 34s
 step  125000 loss=0.00150 bce=0.00150 lap=0.00 lam=0.0e+00 val=1.0000 2ch=0.000 2cl=1.000 34s
 step  130000 loss=0.00148 bce=0.00148 lap=0.00 lam=0.0e+00 val=1.0000 2ch=0.000 2cl=1.000 34s
 step  135000 loss=0.00147 bce=0.00147 lap=0.00 lam=0.0e+00 val=1.0000 2ch=0.000 2cl=1.000 34s
 step  140000 loss=0.00141 bce=0.00141 lap=0.00 lam=0.0e+00 val=1.0000 2ch=0.000 2cl=1.000 34s
 step  145000 loss=0.00141 bce=0.00141 lap=0.00 lam=0.0e+00 val=1.0000 2ch=0.000 2cl=1.000 34s
 step  150000 loss=0.00138 bce=0.00138 lap=0.00 lam=0.0e+00 val=1.0000 2ch=0.000 2cl=1.000 33s
 step  155000 loss=0.00134 bce=0.00134 lap=0.00 lam=0.0e+00 val=1.0000 2ch=0.000 2cl=1.000 34s
 step  160000 loss=0.00133 bce=0.00133 lap=0.00 lam=0.0e+00 val=1.0000 2ch=0.000 2cl=1.000 34s
 step  165000 loss=0.00131 bce=0.00131 lap=0.00 lam=0.0e+00 val=1.0000 2ch=0.000 2cl=1.000 34s
 step  170000 loss=0.00121 bce=0.00121 lap=0.00 lam=0.0e+00 val=1.0000 2ch=0.000 2cl=1.000 34s
 step  175000 loss=0.00121 bce=0.00121 lap=0.00 lam=0.0e+00 val=0.9998 2ch=0.000 2cl=1.000 34s
 step  180000 loss=0.00121 bce=0.00121 lap=0.00 lam=0.0e+00 val=1.0000 2ch=0.000 2cl=1.000 34s
 step  185000 loss=0.00120 bce=0.00120 lap=0.00 lam=0.0e+00 val=1.0000 2ch=0.000 2cl=1.000 34s
 step  190000 loss=0.00117 bce=0.00117 lap=0.00 lam=0.0e+00 val=1.0000 2ch=0.000 2cl=1.000 34s
 step  195000 loss=0.00119 bce=0.00119 lap=0.00 lam=0.0e+00 val=0.9998 2ch=0.000 2cl=1.000 34s
 step  200000 loss=0.00116 bce=0.00116 lap=0.00 lam=0.0e+00 val=1.0000 2ch=0.000 2cl=1.000 34s
 step  205000 loss=0.00115 bce=0.00115 lap=0.00 lam=0.0e+00 val=1.0000 2ch=0.000 2cl=1.000 34s
 step  210000 loss=0.00112 bce=0.00112 lap=0.00 lam=0.0e+00 val=1.0000 2ch=0.000 2cl=1.000 34s
 step  215000 loss=0.00111 bce=0.00111 lap=0.00 lam=0.0e+00 val=1.0000 2ch=0.000 2cl=1.000 34s
 step  220000 loss=0.00110 bce=0.00110 lap=0.00 lam=0.0e+00 val=1.0000 2ch=0.000 2cl=1.000 34s
 step  225000 loss=0.00109 bce=0.00109 lap=0.00 lam=0.0e+00 val=1.0000 2ch=0.000 2cl=1.000 34s
 step  230000 loss=0.00108 bce=0.00108 lap=0.00 lam=0.0e+00 val=1.0000 2ch=0.000 2cl=1.000 34s
 step  235000 loss=0.00106 bce=0.00106 lap=0.00 lam=0.0e+00 val=1.0000 2ch=0.000 2cl=1.000 34s
 step  240000 loss=0.00105 bce=0.00105 lap=0.00 lam=0.0e+00 val=1.0000 2ch=0.000 2cl=1.000 34s
 step  245000 loss=0.00103 bce=0.00103 lap=0.00 lam=0.0e+00 val=1.0000 2ch=0.000 2cl=1.000 34s
 step  250000 loss=0.00105 bce=0.00105 lap=0.00 lam=0.0e+00 val=1.0000 2ch=0.000 2cl=1.000 34s
 step  255000 loss=0.00102 bce=0.00102 lap=0.00 lam=0.0e+00 val=1.0000 2ch=0.000 2cl=1.000 34s
 step  260000 loss=0.00098 bce=0.00098 lap=0.00 lam=0.0e+00 val=1.0000 2ch=0.000 2cl=1.000 34s
 step  265000 loss=0.00099 bce=0.00099 lap=0.00 lam=0.0e+00 val=1.0000 2ch=0.000 2cl=1.000 34s
 step  270000 loss=0.00097 bce=0.00097 lap=0.00 lam=0.0e+00 val=1.0000 2ch=0.000 2cl=1.000 34s
 step  275000 loss=0.00097 bce=0.00097 lap=0.00 lam=0.0e+00 val=1.0000 2ch=0.000 2cl=1.000 34s
 step  280000 loss=0.00094 bce=0.00094 lap=0.00 lam=0.0e+00 val=1.0000 2ch=0.000 2cl=0.999 34s
 step  285000 loss=0.00095 bce=0.00095 lap=0.00 lam=0.0e+00 val=1.0000 2ch=0.000 2cl=1.000 34s
 step  290000 loss=0.00092 bce=0.00092 lap=0.00 lam=0.0e+00 val=1.0000 2ch=0.000 2cl=1.000 34s
 step  295000 loss=0.00092 bce=0.00092 lap=0.00 lam=0.0e+00 val=1.0000 2ch=0.000 2cl=1.000 34s
 step  300000 loss=0.00092 bce=0.00092 lap=0.00 lam=0.0e+00 val=1.0000 2ch=0.000 2cl=1.000 34s
 step  305000 loss=0.00088 bce=0.00088 lap=0.00 lam=0.0e+00 val=1.0000 2ch=0.000 2cl=1.000 34s
 step  310000 loss=0.00088 bce=0.00088 lap=0.00 lam=0.0e+00 val=1.0000 2ch=0.000 2cl=1.000 34s
 step  315000 loss=0.00087 bce=0.00087 lap=0.00 lam=0.0e+00 val=1.0000 2ch=0.000 2cl=1.000 34s
 step  320000 loss=0.00087 bce=0.00087 lap=0.00 lam=0.0e+00 val=1.0000 2ch=0.000 2cl=1.000 34s
 step  325000 loss=0.00085 bce=0.00085 lap=0.00 lam=0.0e+00 val=1.0000 2ch=0.000 2cl=1.000 34s
 step  330000 loss=0.00083 bce=0.00083 lap=0.00 lam=0.0e+00 val=1.0000 2ch=0.000 2cl=1.000 34s
 step  335000 loss=0.00082 bce=0.00082 lap=0.00 lam=0.0e+00 val=1.0000 2ch=0.000 2cl=0.999 34s
 step  340000 loss=0.00081 bce=0.00081 lap=0.00 lam=0.0e+00 val=1.0000 2ch=0.000 2cl=0.998 34s
 step  345000 loss=0.00081 bce=0.00081 lap=0.00 lam=0.0e+00 val=1.0000 2ch=0.000 2cl=1.000 34s
 step  350000 loss=0.00078 bce=0.00078 lap=0.00 lam=0.0e+00 val=1.0000 2ch=0.000 2cl=1.000 34s
 step  355000 loss=0.00079 bce=0.00079 lap=0.00 lam=0.0e+00 val=1.0000 2ch=0.000 2cl=1.000 34s
 step  360000 loss=0.00076 bce=0.00076 lap=0.00 lam=0.0e+00 val=1.0000 2ch=0.000 2cl=1.000 34s
 step  365000 loss=0.00075 bce=0.00075 lap=0.00 lam=0.0e+00 val=0.9998 2ch=0.000 2cl=0.993 34s
 step  370000 loss=0.00073 bce=0.00073 lap=0.00 lam=0.0e+00 val=1.0000 2ch=0.000 2cl=0.999 34s
 step  375000 loss=0.00073 bce=0.00073 lap=0.00 lam=0.0e+00 val=1.0000 2ch=0.000 2cl=1.000 33s
 step  380000 loss=0.00073 bce=0.00073 lap=0.00 lam=0.0e+00 val=1.0000 2ch=0.000 2cl=1.000 34s
 step  385000 loss=0.00071 bce=0.00071 lap=0.00 lam=0.0e+00 val=0.9998 2ch=0.000 2cl=1.000 34s
 step  390000 loss=0.00069 bce=0.00069 lap=0.00 lam=0.0e+00 val=0.9986 2ch=0.000 2cl=0.967 34s
 step  395000 loss=0.00070 bce=0.00070 lap=0.00 lam=0.0e+00 val=1.0000 2ch=0.000 2cl=1.000 35s
 step  400000 loss=0.00069 bce=0.00069 lap=0.00 lam=0.0e+00 val=1.0000 2ch=0.000 2cl=1.000 34s
 step  405000 loss=0.00067 bce=0.00067 lap=0.00 lam=0.0e+00 val=1.0000 2ch=0.000 2cl=1.000 35s
 step  410000 loss=0.00065 bce=0.00065 lap=0.00 lam=0.0e+00 val=1.0000 2ch=0.000 2cl=0.996 35s
 step  415000 loss=0.00066 bce=0.00066 lap=0.00 lam=0.0e+00 val=1.0000 2ch=0.000 2cl=1.000 35s
 step  420000 loss=0.00064 bce=0.00064 lap=0.00 lam=0.0e+00 val=1.0000 2ch=0.000 2cl=1.000 35s
 step  425000 loss=0.00064 bce=0.00064 lap=0.00 lam=0.0e+00 val=1.0000 2ch=0.000 2cl=1.000 35s
 step  430000 loss=0.00061 bce=0.00061 lap=0.00 lam=0.0e+00 val=1.0000 2ch=0.000 2cl=1.000 35s
 step  435000 loss=0.00060 bce=0.00060 lap=0.00 lam=0.0e+00 val=1.0000 2ch=0.000 2cl=1.000 35s
 step  440000 loss=0.00060 bce=0.00060 lap=0.00 lam=0.0e+00 val=1.0000 2ch=0.000 2cl=1.000 35s
 step  445000 loss=0.00058 bce=0.00058 lap=0.00 lam=0.0e+00 val=1.0000 2ch=0.000 2cl=1.000 34s
 step  450000 loss=0.00056 bce=0.00056 lap=0.00 lam=0.0e+00 val=1.0000 2ch=0.000 2cl=1.000 35s
 step  455000 loss=0.00055 bce=0.00055 lap=0.00 lam=0.0e+00 val=1.0000 2ch=0.000 2cl=1.000 35s
 step  460000 loss=0.00054 bce=0.00054 lap=0.00 lam=0.0e+00 val=1.0000 2ch=0.000 2cl=1.000 35s
 step  465000 loss=0.00055 bce=0.00055 lap=0.00 lam=0.0e+00 val=0.9990 2ch=0.000 2cl=0.990 34s
 step  470000 loss=0.00054 bce=0.00054 lap=0.00 lam=0.0e+00 val=1.0000 2ch=0.000 2cl=1.000 35s
 step  475000 loss=0.00052 bce=0.00052 lap=0.00 lam=0.0e+00 val=0.9998 2ch=0.000 2cl=0.994 34s
 step  480000 loss=0.00051 bce=0.00051 lap=0.00 lam=0.0e+00 val=0.9776 2ch=0.000 2cl=0.620 35s
 step  485000 loss=0.00049 bce=0.00049 lap=0.00 lam=0.0e+00 val=1.0000 2ch=0.000 2cl=1.000 35s
 step  490000 loss=0.00048 bce=0.00048 lap=0.00 lam=0.0e+00 val=0.9750 2ch=0.000 2cl=0.580 35s
 step  495000 loss=0.00047 bce=0.00047 lap=0.00 lam=0.0e+00 val=0.9940 2ch=0.000 2cl=0.888 35s
 step  500000 loss=0.00047 bce=0.00047 lap=0.00 lam=0.0e+00 val=0.9854 2ch=0.000 2cl=0.750 35s
 step  505000 loss=0.00045 bce=0.00045 lap=0.00 lam=0.0e+00 val=0.9888 2ch=0.000 2cl=0.765 35s
 step  510000 loss=0.00044 bce=0.00044 lap=0.00 lam=0.0e+00 val=0.9724 2ch=0.000 2cl=0.543 35s
 step  515000 loss=0.00044 bce=0.00044 lap=0.00 lam=0.0e+00 val=0.9988 2ch=0.000 2cl=0.989 35s
 step  520000 loss=0.00043 bce=0.00043 lap=0.00 lam=0.0e+00 val=1.0000 2ch=0.000 2cl=1.000 35s
 step  525000 loss=0.00042 bce=0.00042 lap=0.00 lam=0.0e+00 val=0.9866 2ch=0.000 2cl=0.744 35s
 step  530000 loss=0.00040 bce=0.00040 lap=0.00 lam=0.0e+00 val=0.9992 2ch=0.000 2cl=0.987 35s
 step  535000 loss=0.00041 bce=0.00041 lap=0.00 lam=0.0e+00 val=0.9726 2ch=0.000 2cl=0.518 34s
 step  540000 loss=0.00039 bce=0.00039 lap=0.00 lam=0.0e+00 val=1.0000 2ch=0.000 2cl=0.995 35s
 step  545000 loss=0.00038 bce=0.00038 lap=0.00 lam=0.0e+00 val=0.9602 2ch=0.000 2cl=0.315 35s
 step  550000 loss=0.00037 bce=0.00037 lap=0.00 lam=0.0e+00 val=0.9956 2ch=0.000 2cl=0.935 34s
 step  555000 loss=0.00036 bce=0.00036 lap=0.00 lam=0.0e+00 val=0.9978 2ch=0.000 2cl=0.952 34s
 step  560000 loss=0.00036 bce=0.00036 lap=0.00 lam=0.0e+00 val=0.9994 2ch=0.000 2cl=0.987 34s
 step  565000 loss=0.00035 bce=0.00035 lap=0.00 lam=0.0e+00 val=1.0000 2ch=0.000 2cl=1.000 35s
 step  570000 loss=0.00033 bce=0.00033 lap=0.00 lam=0.0e+00 val=1.0000 2ch=0.000 2cl=0.999 35s
 step  575000 loss=0.00033 bce=0.00033 lap=0.00 lam=0.0e+00 val=0.9742 2ch=0.000 2cl=0.575 35s
 step  580000 loss=0.00033 bce=0.00033 lap=0.00 lam=0.0e+00 val=0.9694 2ch=0.000 2cl=0.570 34s
 step  585000 loss=0.00031 bce=0.00031 lap=0.00 lam=0.0e+00 val=0.9978 2ch=0.000 2cl=0.966 35s
 step  590000 loss=0.00032 bce=0.00032 lap=0.00 lam=0.0e+00 val=0.9562 2ch=0.000 2cl=0.996 35s
 step  595000 loss=0.00030 bce=0.00030 lap=0.00 lam=0.0e+00 val=0.9876 2ch=0.000 2cl=0.895 35s
 step  600000 loss=0.00029 bce=0.00029 lap=0.00 lam=0.0e+00 val=0.9924 2ch=0.000 2cl=0.864 35s
 step  605000 loss=0.00028 bce=0.00028 lap=0.00 lam=0.0e+00 val=0.9660 2ch=0.000 2cl=0.468 35s
 step  610000 loss=0.00027 bce=0.00027 lap=0.00 lam=0.0e+00 val=0.9602 2ch=0.000 2cl=0.295 35s
 step  615000 loss=0.00028 bce=0.00028 lap=0.00 lam=0.0e+00 val=0.9526 2ch=0.000 2cl=0.190 35s
 step  620000 loss=0.00027 bce=0.00027 lap=0.00 lam=0.0e+00 val=0.9600 2ch=0.000 2cl=0.277 35s
 step  625000 loss=0.00026 bce=0.00026 lap=0.00 lam=0.0e+00 val=0.9924 2ch=0.000 2cl=0.950 35s
 step  630000 loss=0.00024 bce=0.00024 lap=0.00 lam=0.0e+00 val=0.9388 2ch=0.000 2cl=0.042 35s
 step  635000 loss=0.00024 bce=0.00024 lap=0.00 lam=0.0e+00 val=0.9450 2ch=0.000 2cl=0.059 35s
 step  640000 loss=0.00024 bce=0.00024 lap=0.00 lam=0.0e+00 val=0.9434 2ch=0.000 2cl=0.060 35s
 step  645000 loss=0.00023 bce=0.00023 lap=0.00 lam=0.0e+00 val=0.9382 2ch=0.000 2cl=0.066 35s
 step  650000 loss=0.00023 bce=0.00023 lap=0.00 lam=0.0e+00 val=0.9426 2ch=0.000 2cl=0.101 34s
 step  655000 loss=0.00022 bce=0.00022 lap=0.00 lam=0.0e+00 val=0.9420 2ch=0.000 2cl=0.005 34s
 step  660000 loss=0.00022 bce=0.00022 lap=0.00 lam=0.0e+00 val=0.9158 2ch=0.000 2cl=0.016 34s
 step  665000 loss=0.00021 bce=0.00021 lap=0.00 lam=0.0e+00 val=0.9346 2ch=0.000 2cl=0.016 34s
 step  670000 loss=0.00020 bce=0.00020 lap=0.00 lam=0.0e+00 val=0.9400 2ch=0.000 2cl=0.013 34s
 step  675000 loss=0.00020 bce=0.00020 lap=0.00 lam=0.0e+00 val=0.9148 2ch=0.000 2cl=0.070 34s
 step  680000 loss=0.00020 bce=0.00020 lap=0.00 lam=0.0e+00 val=0.9406 2ch=0.000 2cl=0.098 34s
 step  685000 loss=0.00019 bce=0.00019 lap=0.00 lam=0.0e+00 val=0.9482 2ch=0.000 2cl=0.150 34s
 step  690000 loss=0.00018 bce=0.00018 lap=0.00 lam=0.0e+00 val=0.9334 2ch=0.000 2cl=0.027 34s
 step  695000 loss=0.00018 bce=0.00018 lap=0.00 lam=0.0e+00 val=0.9424 2ch=0.000 2cl=0.024 34s
 step  700000 loss=0.00017 bce=0.00017 lap=0.00 lam=0.0e+00 val=0.9392 2ch=0.000 2cl=0.002 34s
 step  705000 loss=0.00017 bce=0.00017 lap=0.00 lam=0.0e+00 val=0.9414 2ch=0.000 2cl=0.056 34s
 step  710000 loss=0.00017 bce=0.00017 lap=0.00 lam=0.0e+00 val=0.9408 2ch=0.000 2cl=0.000 34s
 step  715000 loss=0.00016 bce=0.00016 lap=0.00 lam=0.0e+00 val=0.9210 2ch=0.000 2cl=0.008 34s
 step  720000 loss=0.00016 bce=0.00016 lap=0.00 lam=0.0e+00 val=0.9144 2ch=0.000 2cl=0.001 34s
 step  725000 loss=0.00015 bce=0.00015 lap=0.00 lam=0.0e+00 val=0.9388 2ch=0.000 2cl=0.001 34s
 step  730000 loss=0.00015 bce=0.00015 lap=0.00 lam=0.0e+00 val=0.8892 2ch=0.000 2cl=0.017 34s
 step  735000 loss=0.00014 bce=0.00014 lap=0.00 lam=0.0e+00 val=0.8936 2ch=0.000 2cl=0.007 34s
 step  740000 loss=0.00014 bce=0.00014 lap=0.00 lam=0.0e+00 val=0.8912 2ch=0.000 2cl=0.000 34s
 step  745000 loss=0.00014 bce=0.00014 lap=0.00 lam=0.0e+00 val=0.9194 2ch=0.000 2cl=0.307 34s
 step  750000 loss=0.00013 bce=0.00013 lap=0.00 lam=0.0e+00 val=0.9134 2ch=0.000 2cl=0.001 34s
 step  755000 loss=0.00013 bce=0.00013 lap=0.00 lam=0.0e+00 val=0.8922 2ch=0.000 2cl=0.000 34s
 step  760000 loss=0.00012 bce=0.00012 lap=0.00 lam=0.0e+00 val=0.8986 2ch=0.000 2cl=0.009 34s
 step  765000 loss=0.00012 bce=0.00012 lap=0.00 lam=0.0e+00 val=0.8978 2ch=0.000 2cl=0.000 34s
 step  770000 loss=0.00012 bce=0.00012 lap=0.00 lam=0.0e+00 val=0.8906 2ch=0.000 2cl=0.000 34s
 step  775000 loss=0.00011 bce=0.00011 lap=0.00 lam=0.0e+00 val=0.9344 2ch=0.000 2cl=0.001 34s
 step  780000 loss=0.00011 bce=0.00011 lap=0.00 lam=0.0e+00 val=0.9318 2ch=0.000 2cl=0.000 34s
 step  785000 loss=0.00011 bce=0.00011 lap=0.00 lam=0.0e+00 val=0.9110 2ch=0.000 2cl=0.013 34s
 step  790000 loss=0.00011 bce=0.00011 lap=0.00 lam=0.0e+00 val=0.9280 2ch=0.000 2cl=0.001 34s
 step  795000 loss=0.00010 bce=0.00010 lap=0.00 lam=0.0e+00 val=0.9042 2ch=0.000 2cl=0.000 34s
 step  800000 loss=0.00010 bce=0.00010 lap=0.00 lam=0.0e+00 val=0.9060 2ch=0.000 2cl=0.000 34s
 step  805000 loss=0.00010 bce=0.00010 lap=0.00 lam=0.0e+00 val=0.9396 2ch=0.000 2cl=0.000 34s
 step  810000 loss=0.00009 bce=0.00009 lap=0.00 lam=0.0e+00 val=0.8974 2ch=0.000 2cl=0.000 34s
 step  815000 loss=0.00009 bce=0.00009 lap=0.00 lam=0.0e+00 val=0.9008 2ch=0.000 2cl=0.001 34s
 step  820000 loss=0.00009 bce=0.00009 lap=0.00 lam=0.0e+00 val=0.8976 2ch=0.000 2cl=0.000 34s
 step  825000 loss=0.00009 bce=0.00009 lap=0.00 lam=0.0e+00 val=0.9340 2ch=0.000 2cl=0.000 34s
 step  830000 loss=0.00009 bce=0.00009 lap=0.00 lam=0.0e+00 val=0.9166 2ch=0.000 2cl=0.001 34s
 step  835000 loss=0.00009 bce=0.00009 lap=0.00 lam=0.0e+00 val=0.9166 2ch=0.000 2cl=0.001 34s
 step  840000 loss=0.00009 bce=0.00009 lap=0.00 lam=0.0e+00 val=0.9228 2ch=0.000 2cl=0.000 34s
 step  845000 loss=0.00009 bce=0.00009 lap=0.00 lam=0.0e+00 val=0.9398 2ch=0.000 2cl=0.000 34s
 step  850000 loss=0.00008 bce=0.00008 lap=0.00 lam=0.0e+00 val=0.9330 2ch=0.000 2cl=0.000 34s
 step  855000 loss=0.00008 bce=0.00008 lap=0.00 lam=0.0e+00 val=0.9054 2ch=0.000 2cl=0.000 34s
 step  860000 loss=0.00008 bce=0.00008 lap=0.00 lam=0.0e+00 val=0.9278 2ch=0.000 2cl=0.000 34s
 step  865000 loss=0.00008 bce=0.00008 lap=0.00 lam=0.0e+00 val=0.9382 2ch=0.000 2cl=0.000 34s
 step  870000 loss=0.00008 bce=0.00008 lap=0.00 lam=0.0e+00 val=0.9186 2ch=0.000 2cl=0.000 34s
 step  875000 loss=0.00008 bce=0.00008 lap=0.00 lam=0.0e+00 val=0.8888 2ch=0.000 2cl=0.000 33s
 step  880000 loss=0.00007 bce=0.00007 lap=0.00 lam=0.0e+00 val=0.9024 2ch=0.000 2cl=0.000 34s
 step  885000 loss=0.00008 bce=0.00008 lap=0.00 lam=0.0e+00 val=0.9150 2ch=0.000 2cl=0.000 34s
 step  890000 loss=0.00007 bce=0.00007 lap=0.00 lam=0.0e+00 val=0.8992 2ch=0.000 2cl=0.000 34s
 step  895000 loss=0.00007 bce=0.00007 lap=0.00 lam=0.0e+00 val=0.8902 2ch=0.000 2cl=0.000 34s
 step  900000 loss=0.00007 bce=0.00007 lap=0.00 lam=0.0e+00 val=0.8950 2ch=0.000 2cl=0.000 34s
 step  905000 loss=0.00007 bce=0.00007 lap=0.00 lam=0.0e+00 val=0.9344 2ch=0.000 2cl=0.000 33s
 step  910000 loss=0.00007 bce=0.00007 lap=0.00 lam=0.0e+00 val=0.8892 2ch=0.000 2cl=0.000 34s
 step  915000 loss=0.00007 bce=0.00007 lap=0.00 lam=0.0e+00 val=0.9412 2ch=0.000 2cl=0.000 34s
 step  920000 loss=0.00007 bce=0.00007 lap=0.00 lam=0.0e+00 val=0.8942 2ch=0.000 2cl=0.000 34s
 step  925000 loss=0.00007 bce=0.00007 lap=0.00 lam=0.0e+00 val=0.8918 2ch=0.000 2cl=0.000 34s
 step  930000 loss=0.00007 bce=0.00007 lap=0.00 lam=0.0e+00 val=0.9020 2ch=0.000 2cl=0.000 34s
 step  935000 loss=0.00006 bce=0.00006 lap=0.00 lam=0.0e+00 val=0.8922 2ch=0.000 2cl=0.000 34s
 step  940000 loss=0.00006 bce=0.00006 lap=0.00 lam=0.0e+00 val=0.8990 2ch=0.000 2cl=0.000 34s
 step  945000 loss=0.00006 bce=0.00006 lap=0.00 lam=0.0e+00 val=0.9124 2ch=0.000 2cl=0.000 34s
 step  950000 loss=0.00006 bce=0.00006 lap=0.00 lam=0.0e+00 val=0.9132 2ch=0.000 2cl=0.000 33s
 step  955000 loss=0.00006 bce=0.00006 lap=0.00 lam=0.0e+00 val=0.8950 2ch=0.000 2cl=0.000 33s
 step  960000 loss=0.00006 bce=0.00006 lap=0.00 lam=0.0e+00 val=0.8904 2ch=0.000 2cl=0.000 34s
 step  965000 loss=0.00006 bce=0.00006 lap=0.00 lam=0.0e+00 val=0.8894 2ch=0.000 2cl=0.000 34s
 step  970000 loss=0.00006 bce=0.00006 lap=0.00 lam=0.0e+00 val=0.9002 2ch=0.000 2cl=0.000 34s
 step  975000 loss=0.00006 bce=0.00006 lap=0.00 lam=0.0e+00 val=0.8946 2ch=0.000 2cl=0.000 34s
 step  980000 loss=0.00006 bce=0.00006 lap=0.00 lam=0.0e+00 val=0.8898 2ch=0.000 2cl=0.000 34s
 step  985000 loss=0.00006 bce=0.00006 lap=0.00 lam=0.0e+00 val=0.8912 2ch=0.000 2cl=0.000 33s
 step  990000 loss=0.00006 bce=0.00006 lap=0.00 lam=0.0e+00 val=0.8914 2ch=0.000 2cl=0.000 34s
 step  995000 loss=0.00006 bce=0.00006 lap=0.00 lam=0.0e+00 val=0.8914 2ch=0.000 2cl=0.000 33s
 step 1000000 loss=0.00006 bce=0.00006 lap=0.00 lam=0.0e+00 val=0.8914 2ch=0.000 2cl=0.000 33s
done. best in-dist exact=1.0000  -> runs/report6/c_train/n20_bridged+split_roberta_linear_lam0_seed4000
done -> runs/report6/c_train/n20_bridged+split_roberta_linear_lam0_seed4000/last.pt
