task 0 -> n=20 p=0.08 seed=1000 (families=bridged,split)
== n20_bridged+split_roberta_linear_lam0_seed1000 ==
 device=cuda arch=roberta readout=linear lambda=0.0 params=6,326,804
 step    5000 loss=0.15661 bce=0.15661 lap=0.00 lam=0.0e+00 val=0.6446 2ch=0.000 2cl=0.880 38s
 step   10000 loss=0.10099 bce=0.10099 lap=0.00 lam=0.0e+00 val=0.7942 2ch=0.000 2cl=0.000 37s
 step   15000 loss=0.04535 bce=0.04535 lap=0.00 lam=0.0e+00 val=0.9724 2ch=0.000 2cl=1.000 34s
 step   20000 loss=0.01646 bce=0.01646 lap=0.00 lam=0.0e+00 val=0.9988 2ch=0.000 2cl=1.000 34s
 step   25000 loss=0.00661 bce=0.00661 lap=0.00 lam=0.0e+00 val=0.9990 2ch=0.000 2cl=1.000 34s
 step   30000 loss=0.00315 bce=0.00315 lap=0.00 lam=0.0e+00 val=0.9984 2ch=0.000 2cl=1.000 37s
 step   35000 loss=0.00314 bce=0.00314 lap=0.00 lam=0.0e+00 val=1.0000 2ch=0.000 2cl=1.000 37s
 step   40000 loss=0.00226 bce=0.00226 lap=0.00 lam=0.0e+00 val=0.9990 2ch=0.000 2cl=1.000 37s
 step   45000 loss=0.00197 bce=0.00197 lap=0.00 lam=0.0e+00 val=1.0000 2ch=0.000 2cl=1.000 36s
 step   50000 loss=0.00151 bce=0.00151 lap=0.00 lam=0.0e+00 val=0.9992 2ch=0.000 2cl=1.000 36s
 step   55000 loss=0.00129 bce=0.00129 lap=0.00 lam=0.0e+00 val=0.9996 2ch=0.000 2cl=1.000 36s
 step   60000 loss=0.00130 bce=0.00130 lap=0.00 lam=0.0e+00 val=1.0000 2ch=0.000 2cl=1.000 34s
 step   65000 loss=0.00121 bce=0.00121 lap=0.00 lam=0.0e+00 val=1.0000 2ch=0.000 2cl=1.000 34s
 step   70000 loss=0.00162 bce=0.00162 lap=0.00 lam=0.0e+00 val=0.9954 2ch=0.000 2cl=1.000 34s
 step   75000 loss=0.00111 bce=0.00111 lap=0.00 lam=0.0e+00 val=1.0000 2ch=0.000 2cl=1.000 34s
 step   80000 loss=0.00110 bce=0.00110 lap=0.00 lam=0.0e+00 val=1.0000 2ch=0.000 2cl=1.000 36s
 step   85000 loss=0.00107 bce=0.00107 lap=0.00 lam=0.0e+00 val=1.0000 2ch=0.000 2cl=1.000 36s
 step   90000 loss=0.00096 bce=0.00096 lap=0.00 lam=0.0e+00 val=1.0000 2ch=0.000 2cl=1.000 36s
 step   95000 loss=0.00096 bce=0.00096 lap=0.00 lam=0.0e+00 val=1.0000 2ch=0.000 2cl=1.000 37s
 step  100000 loss=0.00106 bce=0.00106 lap=0.00 lam=0.0e+00 val=1.0000 2ch=0.000 2cl=1.000 35s
 step  105000 loss=0.00081 bce=0.00081 lap=0.00 lam=0.0e+00 val=1.0000 2ch=0.000 2cl=1.000 34s
 step  110000 loss=0.00060 bce=0.00060 lap=0.00 lam=0.0e+00 val=0.9994 2ch=0.000 2cl=1.000 34s
 step  115000 loss=0.00052 bce=0.00052 lap=0.00 lam=0.0e+00 val=1.0000 2ch=0.000 2cl=1.000 34s
 step  120000 loss=0.00058 bce=0.00058 lap=0.00 lam=0.0e+00 val=1.0000 2ch=0.000 2cl=1.000 34s
 step  125000 loss=0.00056 bce=0.00056 lap=0.00 lam=0.0e+00 val=1.0000 2ch=0.000 2cl=1.000 34s
 step  130000 loss=0.00045 bce=0.00045 lap=0.00 lam=0.0e+00 val=1.0000 2ch=0.000 2cl=1.000 35s
 step  135000 loss=0.00045 bce=0.00045 lap=0.00 lam=0.0e+00 val=1.0000 2ch=0.000 2cl=1.000 34s
 step  140000 loss=0.00058 bce=0.00058 lap=0.00 lam=0.0e+00 val=1.0000 2ch=0.000 2cl=1.000 34s
 step  145000 loss=0.00041 bce=0.00041 lap=0.00 lam=0.0e+00 val=0.9998 2ch=0.000 2cl=1.000 34s
 step  150000 loss=0.00044 bce=0.00044 lap=0.00 lam=0.0e+00 val=1.0000 2ch=0.000 2cl=1.000 34s
 step  155000 loss=0.00044 bce=0.00044 lap=0.00 lam=0.0e+00 val=1.0000 2ch=0.000 2cl=1.000 34s
 step  160000 loss=0.00049 bce=0.00049 lap=0.00 lam=0.0e+00 val=0.9998 2ch=0.000 2cl=1.000 36s
 step  165000 loss=0.00043 bce=0.00043 lap=0.00 lam=0.0e+00 val=1.0000 2ch=0.000 2cl=1.000 35s
 step  170000 loss=0.00042 bce=0.00042 lap=0.00 lam=0.0e+00 val=1.0000 2ch=0.000 2cl=1.000 34s
 step  175000 loss=0.00040 bce=0.00040 lap=0.00 lam=0.0e+00 val=1.0000 2ch=0.000 2cl=1.000 34s
 step  180000 loss=0.00039 bce=0.00039 lap=0.00 lam=0.0e+00 val=1.0000 2ch=0.000 2cl=1.000 34s
 step  185000 loss=0.00043 bce=0.00043 lap=0.00 lam=0.0e+00 val=1.0000 2ch=0.000 2cl=1.000 34s
 step  190000 loss=0.00038 bce=0.00038 lap=0.00 lam=0.0e+00 val=1.0000 2ch=0.000 2cl=1.000 34s
 step  195000 loss=0.00030 bce=0.00030 lap=0.00 lam=0.0e+00 val=1.0000 2ch=0.000 2cl=1.000 34s
 step  200000 loss=0.00022 bce=0.00022 lap=0.00 lam=0.0e+00 val=1.0000 2ch=0.000 2cl=1.000 34s
 step  205000 loss=0.00027 bce=0.00027 lap=0.00 lam=0.0e+00 val=1.0000 2ch=0.000 2cl=1.000 34s
 step  210000 loss=0.00023 bce=0.00023 lap=0.00 lam=0.0e+00 val=1.0000 2ch=0.000 2cl=1.000 34s
 step  215000 loss=0.00030 bce=0.00030 lap=0.00 lam=0.0e+00 val=1.0000 2ch=0.000 2cl=1.000 34s
 step  220000 loss=0.00026 bce=0.00026 lap=0.00 lam=0.0e+00 val=1.0000 2ch=0.000 2cl=1.000 34s
 step  225000 loss=0.00027 bce=0.00027 lap=0.00 lam=0.0e+00 val=1.0000 2ch=0.000 2cl=1.000 34s
 step  230000 loss=0.00025 bce=0.00025 lap=0.00 lam=0.0e+00 val=1.0000 2ch=0.000 2cl=1.000 34s
 step  235000 loss=0.00027 bce=0.00027 lap=0.00 lam=0.0e+00 val=0.9992 2ch=0.000 2cl=1.000 34s
 step  240000 loss=0.00024 bce=0.00024 lap=0.00 lam=0.0e+00 val=1.0000 2ch=0.000 2cl=1.000 34s
 step  245000 loss=0.00024 bce=0.00024 lap=0.00 lam=0.0e+00 val=1.0000 2ch=0.000 2cl=1.000 34s
 step  250000 loss=0.00022 bce=0.00022 lap=0.00 lam=0.0e+00 val=1.0000 2ch=0.000 2cl=1.000 34s
 step  255000 loss=0.00023 bce=0.00023 lap=0.00 lam=0.0e+00 val=0.9994 2ch=0.000 2cl=1.000 34s
 step  260000 loss=0.00024 bce=0.00024 lap=0.00 lam=0.0e+00 val=1.0000 2ch=0.000 2cl=1.000 34s
 step  265000 loss=0.00023 bce=0.00023 lap=0.00 lam=0.0e+00 val=1.0000 2ch=0.000 2cl=1.000 35s
 step  270000 loss=0.00022 bce=0.00022 lap=0.00 lam=0.0e+00 val=1.0000 2ch=0.000 2cl=1.000 34s
 step  275000 loss=0.00022 bce=0.00022 lap=0.00 lam=0.0e+00 val=1.0000 2ch=0.000 2cl=1.000 34s
 step  280000 loss=0.00020 bce=0.00020 lap=0.00 lam=0.0e+00 val=1.0000 2ch=0.000 2cl=1.000 34s
 step  285000 loss=0.00023 bce=0.00023 lap=0.00 lam=0.0e+00 val=1.0000 2ch=0.000 2cl=1.000 34s
 step  290000 loss=0.00020 bce=0.00020 lap=0.00 lam=0.0e+00 val=1.0000 2ch=0.000 2cl=1.000 34s
 step  295000 loss=0.00023 bce=0.00023 lap=0.00 lam=0.0e+00 val=1.0000 2ch=0.000 2cl=1.000 34s
 step  300000 loss=0.00019 bce=0.00019 lap=0.00 lam=0.0e+00 val=1.0000 2ch=0.000 2cl=1.000 34s
 step  305000 loss=0.00021 bce=0.00021 lap=0.00 lam=0.0e+00 val=1.0000 2ch=0.000 2cl=1.000 34s
 step  310000 loss=0.00020 bce=0.00020 lap=0.00 lam=0.0e+00 val=1.0000 2ch=0.000 2cl=1.000 34s
 step  315000 loss=0.00020 bce=0.00020 lap=0.00 lam=0.0e+00 val=1.0000 2ch=0.000 2cl=1.000 35s
 step  320000 loss=0.00020 bce=0.00020 lap=0.00 lam=0.0e+00 val=1.0000 2ch=0.000 2cl=1.000 34s
 step  325000 loss=0.00022 bce=0.00022 lap=0.00 lam=0.0e+00 val=1.0000 2ch=0.000 2cl=1.000 34s
 step  330000 loss=0.00021 bce=0.00021 lap=0.00 lam=0.0e+00 val=1.0000 2ch=0.000 2cl=1.000 35s
 step  335000 loss=0.00019 bce=0.00019 lap=0.00 lam=0.0e+00 val=1.0000 2ch=0.000 2cl=1.000 34s
 step  340000 loss=0.00020 bce=0.00020 lap=0.00 lam=0.0e+00 val=1.0000 2ch=0.000 2cl=1.000 34s
 step  345000 loss=0.00019 bce=0.00019 lap=0.00 lam=0.0e+00 val=1.0000 2ch=0.000 2cl=1.000 34s
 step  350000 loss=0.00019 bce=0.00019 lap=0.00 lam=0.0e+00 val=1.0000 2ch=0.000 2cl=1.000 34s
 step  355000 loss=0.00019 bce=0.00019 lap=0.00 lam=0.0e+00 val=1.0000 2ch=0.000 2cl=1.000 34s
 step  360000 loss=0.00018 bce=0.00018 lap=0.00 lam=0.0e+00 val=1.0000 2ch=0.000 2cl=1.000 34s
 step  365000 loss=0.00020 bce=0.00020 lap=0.00 lam=0.0e+00 val=1.0000 2ch=0.000 2cl=1.000 35s
 step  370000 loss=0.00019 bce=0.00019 lap=0.00 lam=0.0e+00 val=1.0000 2ch=0.000 2cl=1.000 34s
 step  375000 loss=0.00020 bce=0.00020 lap=0.00 lam=0.0e+00 val=1.0000 2ch=0.000 2cl=1.000 34s
 step  380000 loss=0.00019 bce=0.00019 lap=0.00 lam=0.0e+00 val=1.0000 2ch=0.000 2cl=1.000 34s
 step  385000 loss=0.00019 bce=0.00019 lap=0.00 lam=0.0e+00 val=1.0000 2ch=0.000 2cl=1.000 34s
 step  390000 loss=0.00018 bce=0.00018 lap=0.00 lam=0.0e+00 val=1.0000 2ch=0.000 2cl=1.000 34s
 step  395000 loss=0.00018 bce=0.00018 lap=0.00 lam=0.0e+00 val=1.0000 2ch=0.000 2cl=1.000 34s
 step  400000 loss=0.00019 bce=0.00019 lap=0.00 lam=0.0e+00 val=0.9992 2ch=0.000 2cl=1.000 34s
 step  405000 loss=0.00018 bce=0.00018 lap=0.00 lam=0.0e+00 val=1.0000 2ch=0.000 2cl=1.000 34s
 step  410000 loss=0.00018 bce=0.00018 lap=0.00 lam=0.0e+00 val=1.0000 2ch=0.000 2cl=1.000 34s
 step  415000 loss=0.00018 bce=0.00018 lap=0.00 lam=0.0e+00 val=1.0000 2ch=0.000 2cl=1.000 34s
 step  420000 loss=0.00019 bce=0.00019 lap=0.00 lam=0.0e+00 val=1.0000 2ch=0.000 2cl=1.000 34s
 step  425000 loss=0.00018 bce=0.00018 lap=0.00 lam=0.0e+00 val=1.0000 2ch=0.000 2cl=1.000 34s
 step  430000 loss=0.00015 bce=0.00015 lap=0.00 lam=0.0e+00 val=1.0000 2ch=0.000 2cl=1.000 34s
 step  435000 loss=0.00016 bce=0.00016 lap=0.00 lam=0.0e+00 val=1.0000 2ch=0.000 2cl=1.000 34s
 step  440000 loss=0.00015 bce=0.00015 lap=0.00 lam=0.0e+00 val=1.0000 2ch=0.000 2cl=1.000 34s
 step  445000 loss=0.00015 bce=0.00015 lap=0.00 lam=0.0e+00 val=1.0000 2ch=0.000 2cl=1.000 34s
 step  450000 loss=0.00014 bce=0.00014 lap=0.00 lam=0.0e+00 val=1.0000 2ch=0.000 2cl=1.000 36s
 step  455000 loss=0.00014 bce=0.00014 lap=0.00 lam=0.0e+00 val=1.0000 2ch=0.000 2cl=1.000 37s
 step  460000 loss=0.00015 bce=0.00015 lap=0.00 lam=0.0e+00 val=1.0000 2ch=0.000 2cl=1.000 36s
 step  465000 loss=0.00015 bce=0.00015 lap=0.00 lam=0.0e+00 val=1.0000 2ch=0.000 2cl=1.000 34s
 step  470000 loss=0.00015 bce=0.00015 lap=0.00 lam=0.0e+00 val=1.0000 2ch=0.000 2cl=1.000 35s
 step  475000 loss=0.00015 bce=0.00015 lap=0.00 lam=0.0e+00 val=1.0000 2ch=0.000 2cl=1.000 34s
 step  480000 loss=0.00014 bce=0.00014 lap=0.00 lam=0.0e+00 val=1.0000 2ch=0.000 2cl=1.000 34s
 step  485000 loss=0.00015 bce=0.00015 lap=0.00 lam=0.0e+00 val=1.0000 2ch=0.000 2cl=1.000 35s
 step  490000 loss=0.00014 bce=0.00014 lap=0.00 lam=0.0e+00 val=1.0000 2ch=0.000 2cl=1.000 35s
 step  495000 loss=0.00015 bce=0.00015 lap=0.00 lam=0.0e+00 val=1.0000 2ch=0.000 2cl=1.000 35s
 step  500000 loss=0.00014 bce=0.00014 lap=0.00 lam=0.0e+00 val=1.0000 2ch=0.000 2cl=1.000 36s
 step  505000 loss=0.00013 bce=0.00013 lap=0.00 lam=0.0e+00 val=1.0000 2ch=0.000 2cl=1.000 34s
 step  510000 loss=0.00014 bce=0.00014 lap=0.00 lam=0.0e+00 val=1.0000 2ch=0.000 2cl=1.000 34s
 step  515000 loss=0.00013 bce=0.00013 lap=0.00 lam=0.0e+00 val=1.0000 2ch=0.000 2cl=1.000 34s
 step  520000 loss=0.00012 bce=0.00012 lap=0.00 lam=0.0e+00 val=1.0000 2ch=0.000 2cl=1.000 34s
 step  525000 loss=0.00012 bce=0.00012 lap=0.00 lam=0.0e+00 val=1.0000 2ch=0.000 2cl=1.000 34s
 step  530000 loss=0.00012 bce=0.00012 lap=0.00 lam=0.0e+00 val=1.0000 2ch=0.000 2cl=1.000 34s
 step  535000 loss=0.00012 bce=0.00012 lap=0.00 lam=0.0e+00 val=1.0000 2ch=0.000 2cl=1.000 34s
 step  540000 loss=0.00012 bce=0.00012 lap=0.00 lam=0.0e+00 val=1.0000 2ch=0.000 2cl=1.000 34s
 step  545000 loss=0.00012 bce=0.00012 lap=0.00 lam=0.0e+00 val=1.0000 2ch=0.000 2cl=1.000 34s
 step  550000 loss=0.00012 bce=0.00012 lap=0.00 lam=0.0e+00 val=1.0000 2ch=0.000 2cl=1.000 34s
 step  555000 loss=0.00012 bce=0.00012 lap=0.00 lam=0.0e+00 val=1.0000 2ch=0.000 2cl=1.000 34s
 step  560000 loss=0.00012 bce=0.00012 lap=0.00 lam=0.0e+00 val=1.0000 2ch=0.000 2cl=1.000 34s
 step  565000 loss=0.00012 bce=0.00012 lap=0.00 lam=0.0e+00 val=1.0000 2ch=0.000 2cl=1.000 34s
 step  570000 loss=0.00012 bce=0.00012 lap=0.00 lam=0.0e+00 val=1.0000 2ch=0.000 2cl=1.000 34s
 step  575000 loss=0.00012 bce=0.00012 lap=0.00 lam=0.0e+00 val=1.0000 2ch=0.000 2cl=1.000 35s
 step  580000 loss=0.00012 bce=0.00012 lap=0.00 lam=0.0e+00 val=1.0000 2ch=0.000 2cl=1.000 34s
 step  585000 loss=0.00012 bce=0.00012 lap=0.00 lam=0.0e+00 val=1.0000 2ch=0.000 2cl=1.000 34s
 step  590000 loss=0.00012 bce=0.00012 lap=0.00 lam=0.0e+00 val=1.0000 2ch=0.000 2cl=1.000 34s
 step  595000 loss=0.00012 bce=0.00012 lap=0.00 lam=0.0e+00 val=1.0000 2ch=0.000 2cl=1.000 34s
 step  600000 loss=0.00012 bce=0.00012 lap=0.00 lam=0.0e+00 val=1.0000 2ch=0.000 2cl=1.000 34s
 step  605000 loss=0.00012 bce=0.00012 lap=0.00 lam=0.0e+00 val=1.0000 2ch=0.000 2cl=1.000 34s
 step  610000 loss=0.00012 bce=0.00012 lap=0.00 lam=0.0e+00 val=1.0000 2ch=0.000 2cl=1.000 34s
 step  615000 loss=0.00012 bce=0.00012 lap=0.00 lam=0.0e+00 val=1.0000 2ch=0.000 2cl=1.000 34s
 step  620000 loss=0.00012 bce=0.00012 lap=0.00 lam=0.0e+00 val=1.0000 2ch=0.000 2cl=1.000 34s
 step  625000 loss=0.00012 bce=0.00012 lap=0.00 lam=0.0e+00 val=1.0000 2ch=0.000 2cl=1.000 34s
 step  630000 loss=0.00012 bce=0.00012 lap=0.00 lam=0.0e+00 val=1.0000 2ch=0.000 2cl=1.000 36s
 step  635000 loss=0.00011 bce=0.00011 lap=0.00 lam=0.0e+00 val=1.0000 2ch=0.000 2cl=1.000 37s
 step  640000 loss=0.00011 bce=0.00011 lap=0.00 lam=0.0e+00 val=1.0000 2ch=0.000 2cl=1.000 36s
 step  645000 loss=0.00011 bce=0.00011 lap=0.00 lam=0.0e+00 val=1.0000 2ch=0.000 2cl=1.000 36s
 step  650000 loss=0.00011 bce=0.00011 lap=0.00 lam=0.0e+00 val=1.0000 2ch=0.000 2cl=1.000 37s
 step  655000 loss=0.00011 bce=0.00011 lap=0.00 lam=0.0e+00 val=1.0000 2ch=0.000 2cl=1.000 35s
 step  660000 loss=0.00011 bce=0.00011 lap=0.00 lam=0.0e+00 val=1.0000 2ch=0.000 2cl=1.000 34s
 step  665000 loss=0.00011 bce=0.00011 lap=0.00 lam=0.0e+00 val=1.0000 2ch=0.000 2cl=1.000 34s
 step  670000 loss=0.00011 bce=0.00011 lap=0.00 lam=0.0e+00 val=1.0000 2ch=0.000 2cl=1.000 34s
 step  675000 loss=0.00011 bce=0.00011 lap=0.00 lam=0.0e+00 val=1.0000 2ch=0.000 2cl=1.000 34s
 step  680000 loss=0.00011 bce=0.00011 lap=0.00 lam=0.0e+00 val=1.0000 2ch=0.000 2cl=1.000 34s
 step  685000 loss=0.00011 bce=0.00011 lap=0.00 lam=0.0e+00 val=1.0000 2ch=0.000 2cl=1.000 34s
 step  690000 loss=0.00011 bce=0.00011 lap=0.00 lam=0.0e+00 val=1.0000 2ch=0.000 2cl=1.000 34s
 step  695000 loss=0.00011 bce=0.00011 lap=0.00 lam=0.0e+00 val=1.0000 2ch=0.000 2cl=1.000 34s
 step  700000 loss=0.00010 bce=0.00010 lap=0.00 lam=0.0e+00 val=1.0000 2ch=0.000 2cl=1.000 34s
 step  705000 loss=0.00010 bce=0.00010 lap=0.00 lam=0.0e+00 val=1.0000 2ch=0.000 2cl=1.000 34s
 step  710000 loss=0.00010 bce=0.00010 lap=0.00 lam=0.0e+00 val=1.0000 2ch=0.000 2cl=1.000 34s
 step  715000 loss=0.00010 bce=0.00010 lap=0.00 lam=0.0e+00 val=1.0000 2ch=0.000 2cl=1.000 34s
 step  720000 loss=0.00010 bce=0.00010 lap=0.00 lam=0.0e+00 val=1.0000 2ch=0.000 2cl=1.000 34s
 step  725000 loss=0.00010 bce=0.00010 lap=0.00 lam=0.0e+00 val=1.0000 2ch=0.000 2cl=1.000 34s
 step  730000 loss=0.00010 bce=0.00010 lap=0.00 lam=0.0e+00 val=1.0000 2ch=0.000 2cl=1.000 34s
 step  735000 loss=0.00010 bce=0.00010 lap=0.00 lam=0.0e+00 val=1.0000 2ch=0.000 2cl=1.000 34s
 step  740000 loss=0.00010 bce=0.00010 lap=0.00 lam=0.0e+00 val=1.0000 2ch=0.000 2cl=1.000 34s
 step  745000 loss=0.00010 bce=0.00010 lap=0.00 lam=0.0e+00 val=1.0000 2ch=0.000 2cl=1.000 34s
 step  750000 loss=0.00010 bce=0.00010 lap=0.00 lam=0.0e+00 val=1.0000 2ch=0.000 2cl=1.000 34s
 step  755000 loss=0.00010 bce=0.00010 lap=0.00 lam=0.0e+00 val=1.0000 2ch=0.000 2cl=1.000 34s
 step  760000 loss=0.00010 bce=0.00010 lap=0.00 lam=0.0e+00 val=1.0000 2ch=0.000 2cl=1.000 34s
 step  765000 loss=0.00010 bce=0.00010 lap=0.00 lam=0.0e+00 val=1.0000 2ch=0.000 2cl=1.000 34s
 step  770000 loss=0.00010 bce=0.00010 lap=0.00 lam=0.0e+00 val=1.0000 2ch=0.000 2cl=1.000 34s
 step  775000 loss=0.00010 bce=0.00010 lap=0.00 lam=0.0e+00 val=1.0000 2ch=0.000 2cl=1.000 34s
 step  780000 loss=0.00010 bce=0.00010 lap=0.00 lam=0.0e+00 val=1.0000 2ch=0.000 2cl=1.000 34s
 step  785000 loss=0.00010 bce=0.00010 lap=0.00 lam=0.0e+00 val=1.0000 2ch=0.000 2cl=1.000 34s
 step  790000 loss=0.00010 bce=0.00010 lap=0.00 lam=0.0e+00 val=1.0000 2ch=0.000 2cl=1.000 34s
 step  795000 loss=0.00010 bce=0.00010 lap=0.00 lam=0.0e+00 val=1.0000 2ch=0.000 2cl=1.000 35s
 step  800000 loss=0.00010 bce=0.00010 lap=0.00 lam=0.0e+00 val=1.0000 2ch=0.000 2cl=1.000 35s
 step  805000 loss=0.00010 bce=0.00010 lap=0.00 lam=0.0e+00 val=1.0000 2ch=0.000 2cl=1.000 34s
 step  810000 loss=0.00010 bce=0.00010 lap=0.00 lam=0.0e+00 val=1.0000 2ch=0.000 2cl=1.000 34s
 step  815000 loss=0.00010 bce=0.00010 lap=0.00 lam=0.0e+00 val=1.0000 2ch=0.000 2cl=1.000 34s
 step  820000 loss=0.00010 bce=0.00010 lap=0.00 lam=0.0e+00 val=1.0000 2ch=0.000 2cl=1.000 34s
 step  825000 loss=0.00010 bce=0.00010 lap=0.00 lam=0.0e+00 val=1.0000 2ch=0.000 2cl=1.000 34s
 step  830000 loss=0.00010 bce=0.00010 lap=0.00 lam=0.0e+00 val=1.0000 2ch=0.000 2cl=1.000 34s
 step  835000 loss=0.00010 bce=0.00010 lap=0.00 lam=0.0e+00 val=1.0000 2ch=0.000 2cl=1.000 34s
 step  840000 loss=0.00010 bce=0.00010 lap=0.00 lam=0.0e+00 val=1.0000 2ch=0.000 2cl=1.000 35s
 step  845000 loss=0.00010 bce=0.00010 lap=0.00 lam=0.0e+00 val=1.0000 2ch=0.000 2cl=1.000 35s
 step  850000 loss=0.00010 bce=0.00010 lap=0.00 lam=0.0e+00 val=1.0000 2ch=0.000 2cl=1.000 35s
 step  855000 loss=0.00010 bce=0.00010 lap=0.00 lam=0.0e+00 val=1.0000 2ch=0.000 2cl=1.000 34s
 step  860000 loss=0.00010 bce=0.00010 lap=0.00 lam=0.0e+00 val=1.0000 2ch=0.000 2cl=1.000 34s
 step  865000 loss=0.00010 bce=0.00010 lap=0.00 lam=0.0e+00 val=1.0000 2ch=0.000 2cl=1.000 34s
 step  870000 loss=0.00010 bce=0.00010 lap=0.00 lam=0.0e+00 val=1.0000 2ch=0.000 2cl=1.000 34s
 step  875000 loss=0.00010 bce=0.00010 lap=0.00 lam=0.0e+00 val=1.0000 2ch=0.000 2cl=1.000 34s
 step  880000 loss=0.00010 bce=0.00010 lap=0.00 lam=0.0e+00 val=1.0000 2ch=0.000 2cl=1.000 34s
 step  885000 loss=0.00010 bce=0.00010 lap=0.00 lam=0.0e+00 val=1.0000 2ch=0.000 2cl=1.000 34s
 step  890000 loss=0.00010 bce=0.00010 lap=0.00 lam=0.0e+00 val=1.0000 2ch=0.000 2cl=1.000 34s
 step  895000 loss=0.00010 bce=0.00010 lap=0.00 lam=0.0e+00 val=1.0000 2ch=0.000 2cl=1.000 34s
 step  900000 loss=0.00009 bce=0.00009 lap=0.00 lam=0.0e+00 val=1.0000 2ch=0.000 2cl=1.000 35s
 step  905000 loss=0.00010 bce=0.00010 lap=0.00 lam=0.0e+00 val=1.0000 2ch=0.000 2cl=1.000 35s
 step  910000 loss=0.00010 bce=0.00010 lap=0.00 lam=0.0e+00 val=1.0000 2ch=0.000 2cl=1.000 36s
 step  915000 loss=0.00010 bce=0.00010 lap=0.00 lam=0.0e+00 val=1.0000 2ch=0.000 2cl=1.000 36s
 step  920000 loss=0.00010 bce=0.00010 lap=0.00 lam=0.0e+00 val=1.0000 2ch=0.000 2cl=1.000 38s
 step  925000 loss=0.00010 bce=0.00010 lap=0.00 lam=0.0e+00 val=1.0000 2ch=0.000 2cl=1.000 36s
 step  930000 loss=0.00009 bce=0.00009 lap=0.00 lam=0.0e+00 val=1.0000 2ch=0.000 2cl=1.000 35s
 step  935000 loss=0.00010 bce=0.00010 lap=0.00 lam=0.0e+00 val=1.0000 2ch=0.000 2cl=1.000 36s
 step  940000 loss=0.00010 bce=0.00010 lap=0.00 lam=0.0e+00 val=1.0000 2ch=0.000 2cl=1.000 34s
 step  945000 loss=0.00010 bce=0.00010 lap=0.00 lam=0.0e+00 val=1.0000 2ch=0.000 2cl=1.000 34s
 step  950000 loss=0.00010 bce=0.00010 lap=0.00 lam=0.0e+00 val=1.0000 2ch=0.000 2cl=1.000 34s
 step  955000 loss=0.00010 bce=0.00010 lap=0.00 lam=0.0e+00 val=1.0000 2ch=0.000 2cl=1.000 34s
 step  960000 loss=0.00010 bce=0.00010 lap=0.00 lam=0.0e+00 val=1.0000 2ch=0.000 2cl=1.000 34s
 step  965000 loss=0.00010 bce=0.00010 lap=0.00 lam=0.0e+00 val=1.0000 2ch=0.000 2cl=1.000 34s
 step  970000 loss=0.00010 bce=0.00010 lap=0.00 lam=0.0e+00 val=1.0000 2ch=0.000 2cl=1.000 34s
 step  975000 loss=0.00010 bce=0.00010 lap=0.00 lam=0.0e+00 val=1.0000 2ch=0.000 2cl=1.000 34s
 step  980000 loss=0.00009 bce=0.00009 lap=0.00 lam=0.0e+00 val=1.0000 2ch=0.000 2cl=1.000 36s
 step  985000 loss=0.00010 bce=0.00010 lap=0.00 lam=0.0e+00 val=1.0000 2ch=0.000 2cl=1.000 34s
 step  990000 loss=0.00009 bce=0.00009 lap=0.00 lam=0.0e+00 val=1.0000 2ch=0.000 2cl=1.000 35s
 step  995000 loss=0.00010 bce=0.00010 lap=0.00 lam=0.0e+00 val=1.0000 2ch=0.000 2cl=1.000 37s
 step 1000000 loss=0.00010 bce=0.00010 lap=0.00 lam=0.0e+00 val=1.0000 2ch=0.000 2cl=1.000 36s
done. best in-dist exact=1.0000  -> runs/report6/c_train/n20_bridged+split_roberta_linear_lam0_seed1000
done -> runs/report6/c_train/n20_bridged+split_roberta_linear_lam0_seed1000/last.pt
