task 1 -> n=20 p=0.08 seed=2000 (families=bridged,split)
== n20_bridged+split_roberta_linear_lam0_seed2000 ==
 device=cuda arch=roberta readout=linear lambda=0.0 params=6,326,804
 step    5000 loss=0.08200 bce=0.08200 lap=0.00 lam=0.0e+00 val=1.0000 2ch=0.000 2cl=1.000 36s
 step   10000 loss=0.00594 bce=0.00594 lap=0.00 lam=0.0e+00 val=1.0000 2ch=0.000 2cl=1.000 37s
 step   15000 loss=0.00438 bce=0.00438 lap=0.00 lam=0.0e+00 val=1.0000 2ch=0.000 2cl=1.000 37s
 step   20000 loss=0.00398 bce=0.00398 lap=0.00 lam=0.0e+00 val=1.0000 2ch=0.000 2cl=1.000 38s
 step   25000 loss=0.00359 bce=0.00359 lap=0.00 lam=0.0e+00 val=1.0000 2ch=0.000 2cl=1.000 38s
 step   30000 loss=0.00307 bce=0.00307 lap=0.00 lam=0.0e+00 val=1.0000 2ch=0.000 2cl=1.000 38s
 step   35000 loss=0.00257 bce=0.00257 lap=0.00 lam=0.0e+00 val=1.0000 2ch=0.000 2cl=1.000 37s
 step   40000 loss=0.00226 bce=0.00226 lap=0.00 lam=0.0e+00 val=1.0000 2ch=0.000 2cl=1.000 37s
 step   45000 loss=0.00207 bce=0.00207 lap=0.00 lam=0.0e+00 val=1.0000 2ch=0.000 2cl=1.000 37s
 step   50000 loss=0.00196 bce=0.00196 lap=0.00 lam=0.0e+00 val=1.0000 2ch=0.000 2cl=1.000 38s
 step   55000 loss=0.00189 bce=0.00189 lap=0.00 lam=0.0e+00 val=1.0000 2ch=0.000 2cl=1.000 37s
 step   60000 loss=0.00186 bce=0.00186 lap=0.00 lam=0.0e+00 val=1.0000 2ch=0.000 2cl=1.000 36s
 step   65000 loss=0.00177 bce=0.00177 lap=0.00 lam=0.0e+00 val=1.0000 2ch=0.000 2cl=1.000 32s
 step   70000 loss=0.00171 bce=0.00171 lap=0.00 lam=0.0e+00 val=1.0000 2ch=0.000 2cl=1.000 33s
 step   75000 loss=0.00175 bce=0.00175 lap=0.00 lam=0.0e+00 val=1.0000 2ch=0.000 2cl=1.000 33s
 step   80000 loss=0.00168 bce=0.00168 lap=0.00 lam=0.0e+00 val=1.0000 2ch=0.000 2cl=1.000 33s
 step   85000 loss=0.00168 bce=0.00168 lap=0.00 lam=0.0e+00 val=1.0000 2ch=0.000 2cl=1.000 33s
 step   90000 loss=0.00167 bce=0.00167 lap=0.00 lam=0.0e+00 val=1.0000 2ch=0.000 2cl=1.000 33s
 step   95000 loss=0.00152 bce=0.00152 lap=0.00 lam=0.0e+00 val=1.0000 2ch=0.000 2cl=1.000 33s
 step  100000 loss=0.00153 bce=0.00153 lap=0.00 lam=0.0e+00 val=1.0000 2ch=0.000 2cl=1.000 33s
 step  105000 loss=0.00144 bce=0.00144 lap=0.00 lam=0.0e+00 val=1.0000 2ch=0.000 2cl=1.000 34s
 step  110000 loss=0.00141 bce=0.00141 lap=0.00 lam=0.0e+00 val=1.0000 2ch=0.000 2cl=1.000 34s
 step  115000 loss=0.00144 bce=0.00144 lap=0.00 lam=0.0e+00 val=1.0000 2ch=0.000 2cl=1.000 33s
 step  120000 loss=0.00138 bce=0.00138 lap=0.00 lam=0.0e+00 val=1.0000 2ch=0.000 2cl=1.000 33s
 step  125000 loss=0.00145 bce=0.00145 lap=0.00 lam=0.0e+00 val=1.0000 2ch=0.000 2cl=1.000 33s
 step  130000 loss=0.00137 bce=0.00137 lap=0.00 lam=0.0e+00 val=1.0000 2ch=0.000 2cl=1.000 33s
 step  135000 loss=0.00136 bce=0.00136 lap=0.00 lam=0.0e+00 val=1.0000 2ch=0.000 2cl=1.000 34s
 step  140000 loss=0.00135 bce=0.00135 lap=0.00 lam=0.0e+00 val=1.0000 2ch=0.000 2cl=1.000 33s
 step  145000 loss=0.00133 bce=0.00133 lap=0.00 lam=0.0e+00 val=1.0000 2ch=0.000 2cl=1.000 34s
 step  150000 loss=0.00132 bce=0.00132 lap=0.00 lam=0.0e+00 val=1.0000 2ch=0.000 2cl=1.000 33s
 step  155000 loss=0.00132 bce=0.00132 lap=0.00 lam=0.0e+00 val=1.0000 2ch=0.000 2cl=1.000 33s
 step  160000 loss=0.00130 bce=0.00130 lap=0.00 lam=0.0e+00 val=1.0000 2ch=0.000 2cl=1.000 33s
 step  165000 loss=0.00129 bce=0.00129 lap=0.00 lam=0.0e+00 val=1.0000 2ch=0.000 2cl=1.000 33s
 step  170000 loss=0.00126 bce=0.00126 lap=0.00 lam=0.0e+00 val=1.0000 2ch=0.000 2cl=1.000 33s
 step  175000 loss=0.00126 bce=0.00126 lap=0.00 lam=0.0e+00 val=1.0000 2ch=0.000 2cl=1.000 33s
 step  180000 loss=0.00128 bce=0.00128 lap=0.00 lam=0.0e+00 val=1.0000 2ch=0.000 2cl=1.000 33s
 step  185000 loss=0.00124 bce=0.00124 lap=0.00 lam=0.0e+00 val=1.0000 2ch=0.000 2cl=1.000 34s
 step  190000 loss=0.00124 bce=0.00124 lap=0.00 lam=0.0e+00 val=1.0000 2ch=0.000 2cl=1.000 33s
 step  195000 loss=0.00123 bce=0.00123 lap=0.00 lam=0.0e+00 val=1.0000 2ch=0.000 2cl=1.000 33s
 step  200000 loss=0.00124 bce=0.00124 lap=0.00 lam=0.0e+00 val=1.0000 2ch=0.000 2cl=1.000 33s
 step  205000 loss=0.00122 bce=0.00122 lap=0.00 lam=0.0e+00 val=1.0000 2ch=0.000 2cl=1.000 33s
 step  210000 loss=0.00120 bce=0.00120 lap=0.00 lam=0.0e+00 val=1.0000 2ch=0.000 2cl=1.000 33s
 step  215000 loss=0.00121 bce=0.00121 lap=0.00 lam=0.0e+00 val=1.0000 2ch=0.000 2cl=1.000 33s
 step  220000 loss=0.00119 bce=0.00119 lap=0.00 lam=0.0e+00 val=1.0000 2ch=0.000 2cl=1.000 33s
 step  225000 loss=0.00117 bce=0.00117 lap=0.00 lam=0.0e+00 val=1.0000 2ch=0.000 2cl=1.000 33s
 step  230000 loss=0.00116 bce=0.00116 lap=0.00 lam=0.0e+00 val=1.0000 2ch=0.000 2cl=1.000 33s
 step  235000 loss=0.00118 bce=0.00118 lap=0.00 lam=0.0e+00 val=1.0000 2ch=0.000 2cl=1.000 33s
 step  240000 loss=0.00114 bce=0.00114 lap=0.00 lam=0.0e+00 val=1.0000 2ch=0.000 2cl=1.000 33s
 step  245000 loss=0.00113 bce=0.00113 lap=0.00 lam=0.0e+00 val=1.0000 2ch=0.000 2cl=1.000 33s
 step  250000 loss=0.00113 bce=0.00113 lap=0.00 lam=0.0e+00 val=1.0000 2ch=0.000 2cl=1.000 33s
 step  255000 loss=0.00111 bce=0.00111 lap=0.00 lam=0.0e+00 val=1.0000 2ch=0.000 2cl=1.000 33s
 step  260000 loss=0.00111 bce=0.00111 lap=0.00 lam=0.0e+00 val=1.0000 2ch=0.000 2cl=1.000 33s
 step  265000 loss=0.00108 bce=0.00108 lap=0.00 lam=0.0e+00 val=1.0000 2ch=0.000 2cl=1.000 33s
 step  270000 loss=0.00108 bce=0.00108 lap=0.00 lam=0.0e+00 val=1.0000 2ch=0.000 2cl=1.000 33s
 step  275000 loss=0.00106 bce=0.00106 lap=0.00 lam=0.0e+00 val=1.0000 2ch=0.000 2cl=1.000 33s
 step  280000 loss=0.00105 bce=0.00105 lap=0.00 lam=0.0e+00 val=1.0000 2ch=0.000 2cl=1.000 33s
 step  285000 loss=0.00106 bce=0.00106 lap=0.00 lam=0.0e+00 val=1.0000 2ch=0.000 2cl=1.000 33s
 step  290000 loss=0.00104 bce=0.00104 lap=0.00 lam=0.0e+00 val=1.0000 2ch=0.000 2cl=1.000 33s
 step  295000 loss=0.00102 bce=0.00102 lap=0.00 lam=0.0e+00 val=1.0000 2ch=0.000 2cl=1.000 33s
 step  300000 loss=0.00102 bce=0.00102 lap=0.00 lam=0.0e+00 val=1.0000 2ch=0.000 2cl=1.000 33s
 step  305000 loss=0.00102 bce=0.00102 lap=0.00 lam=0.0e+00 val=1.0000 2ch=0.000 2cl=1.000 33s
 step  310000 loss=0.00099 bce=0.00099 lap=0.00 lam=0.0e+00 val=1.0000 2ch=0.000 2cl=1.000 33s
 step  315000 loss=0.00097 bce=0.00097 lap=0.00 lam=0.0e+00 val=1.0000 2ch=0.000 2cl=1.000 33s
 step  320000 loss=0.00097 bce=0.00097 lap=0.00 lam=0.0e+00 val=1.0000 2ch=0.000 2cl=1.000 33s
 step  325000 loss=0.00095 bce=0.00095 lap=0.00 lam=0.0e+00 val=1.0000 2ch=0.000 2cl=1.000 34s
 step  330000 loss=0.00094 bce=0.00094 lap=0.00 lam=0.0e+00 val=1.0000 2ch=0.000 2cl=1.000 35s
 step  335000 loss=0.00094 bce=0.00094 lap=0.00 lam=0.0e+00 val=1.0000 2ch=0.000 2cl=1.000 35s
 step  340000 loss=0.00092 bce=0.00092 lap=0.00 lam=0.0e+00 val=1.0000 2ch=0.000 2cl=1.000 36s
 step  345000 loss=0.00090 bce=0.00090 lap=0.00 lam=0.0e+00 val=1.0000 2ch=0.000 2cl=1.000 35s
 step  350000 loss=0.00089 bce=0.00089 lap=0.00 lam=0.0e+00 val=1.0000 2ch=0.000 2cl=1.000 35s
 step  355000 loss=0.00087 bce=0.00087 lap=0.00 lam=0.0e+00 val=1.0000 2ch=0.000 2cl=1.000 35s
 step  360000 loss=0.00089 bce=0.00089 lap=0.00 lam=0.0e+00 val=1.0000 2ch=0.000 2cl=1.000 36s
 step  365000 loss=0.00084 bce=0.00084 lap=0.00 lam=0.0e+00 val=1.0000 2ch=0.000 2cl=1.000 36s
 step  370000 loss=0.00085 bce=0.00085 lap=0.00 lam=0.0e+00 val=1.0000 2ch=0.000 2cl=1.000 35s
 step  375000 loss=0.00082 bce=0.00082 lap=0.00 lam=0.0e+00 val=1.0000 2ch=0.000 2cl=1.000 36s
 step  380000 loss=0.00082 bce=0.00082 lap=0.00 lam=0.0e+00 val=1.0000 2ch=0.000 2cl=1.000 36s
 step  385000 loss=0.00080 bce=0.00080 lap=0.00 lam=0.0e+00 val=1.0000 2ch=0.000 2cl=1.000 36s
 step  390000 loss=0.00080 bce=0.00080 lap=0.00 lam=0.0e+00 val=1.0000 2ch=0.000 2cl=1.000 36s
 step  395000 loss=0.00078 bce=0.00078 lap=0.00 lam=0.0e+00 val=1.0000 2ch=0.000 2cl=1.000 35s
 step  400000 loss=0.00076 bce=0.00076 lap=0.00 lam=0.0e+00 val=1.0000 2ch=0.000 2cl=1.000 35s
 step  405000 loss=0.00076 bce=0.00076 lap=0.00 lam=0.0e+00 val=1.0000 2ch=0.000 2cl=1.000 35s
 step  410000 loss=0.00076 bce=0.00076 lap=0.00 lam=0.0e+00 val=1.0000 2ch=0.000 2cl=1.000 36s
 step  415000 loss=0.00074 bce=0.00074 lap=0.00 lam=0.0e+00 val=1.0000 2ch=0.000 2cl=1.000 35s
 step  420000 loss=0.00072 bce=0.00072 lap=0.00 lam=0.0e+00 val=1.0000 2ch=0.000 2cl=1.000 36s
 step  425000 loss=0.00072 bce=0.00072 lap=0.00 lam=0.0e+00 val=1.0000 2ch=0.000 2cl=1.000 35s
 step  430000 loss=0.00070 bce=0.00070 lap=0.00 lam=0.0e+00 val=1.0000 2ch=0.000 2cl=1.000 35s
 step  435000 loss=0.00068 bce=0.00068 lap=0.00 lam=0.0e+00 val=1.0000 2ch=0.000 2cl=1.000 35s
 step  440000 loss=0.00068 bce=0.00068 lap=0.00 lam=0.0e+00 val=1.0000 2ch=0.000 2cl=1.000 35s
 step  445000 loss=0.00067 bce=0.00067 lap=0.00 lam=0.0e+00 val=1.0000 2ch=0.000 2cl=1.000 35s
 step  450000 loss=0.00065 bce=0.00065 lap=0.00 lam=0.0e+00 val=1.0000 2ch=0.000 2cl=1.000 35s
 step  455000 loss=0.00065 bce=0.00065 lap=0.00 lam=0.0e+00 val=1.0000 2ch=0.000 2cl=1.000 35s
 step  460000 loss=0.00064 bce=0.00064 lap=0.00 lam=0.0e+00 val=1.0000 2ch=0.000 2cl=1.000 35s
 step  465000 loss=0.00062 bce=0.00062 lap=0.00 lam=0.0e+00 val=1.0000 2ch=0.000 2cl=1.000 35s
 step  470000 loss=0.00061 bce=0.00061 lap=0.00 lam=0.0e+00 val=1.0000 2ch=0.000 2cl=1.000 35s
 step  475000 loss=0.00060 bce=0.00060 lap=0.00 lam=0.0e+00 val=1.0000 2ch=0.000 2cl=1.000 35s
 step  480000 loss=0.00060 bce=0.00060 lap=0.00 lam=0.0e+00 val=1.0000 2ch=0.000 2cl=1.000 35s
 step  485000 loss=0.00058 bce=0.00058 lap=0.00 lam=0.0e+00 val=1.0000 2ch=0.000 2cl=1.000 35s
 step  490000 loss=0.00056 bce=0.00056 lap=0.00 lam=0.0e+00 val=1.0000 2ch=0.000 2cl=1.000 36s
 step  495000 loss=0.00057 bce=0.00057 lap=0.00 lam=0.0e+00 val=1.0000 2ch=0.000 2cl=1.000 37s
 step  500000 loss=0.00055 bce=0.00055 lap=0.00 lam=0.0e+00 val=1.0000 2ch=0.000 2cl=1.000 37s
 step  505000 loss=0.00053 bce=0.00053 lap=0.00 lam=0.0e+00 val=1.0000 2ch=0.000 2cl=1.000 36s
 step  510000 loss=0.00052 bce=0.00052 lap=0.00 lam=0.0e+00 val=1.0000 2ch=0.000 2cl=1.000 36s
 step  515000 loss=0.00053 bce=0.00053 lap=0.00 lam=0.0e+00 val=1.0000 2ch=0.000 2cl=1.000 36s
 step  520000 loss=0.00050 bce=0.00050 lap=0.00 lam=0.0e+00 val=1.0000 2ch=0.000 2cl=1.000 36s
 step  525000 loss=0.00049 bce=0.00049 lap=0.00 lam=0.0e+00 val=0.9998 2ch=0.000 2cl=0.997 36s
 step  530000 loss=0.00049 bce=0.00049 lap=0.00 lam=0.0e+00 val=1.0000 2ch=0.000 2cl=1.000 36s
 step  535000 loss=0.00047 bce=0.00047 lap=0.00 lam=0.0e+00 val=1.0000 2ch=0.000 2cl=1.000 35s
 step  540000 loss=0.00046 bce=0.00046 lap=0.00 lam=0.0e+00 val=1.0000 2ch=0.000 2cl=1.000 36s
 step  545000 loss=0.00046 bce=0.00046 lap=0.00 lam=0.0e+00 val=1.0000 2ch=0.000 2cl=1.000 35s
 step  550000 loss=0.00044 bce=0.00044 lap=0.00 lam=0.0e+00 val=0.9910 2ch=0.000 2cl=0.818 36s
 step  555000 loss=0.00043 bce=0.00043 lap=0.00 lam=0.0e+00 val=0.9986 2ch=0.000 2cl=0.982 36s
 step  560000 loss=0.00042 bce=0.00042 lap=0.00 lam=0.0e+00 val=1.0000 2ch=0.000 2cl=1.000 35s
 step  565000 loss=0.00041 bce=0.00041 lap=0.00 lam=0.0e+00 val=0.9980 2ch=0.000 2cl=0.954 35s
 step  570000 loss=0.00040 bce=0.00040 lap=0.00 lam=0.0e+00 val=0.9838 2ch=0.000 2cl=0.664 36s
 step  575000 loss=0.00039 bce=0.00039 lap=0.00 lam=0.0e+00 val=0.9998 2ch=0.000 2cl=0.991 35s
 step  580000 loss=0.00038 bce=0.00038 lap=0.00 lam=0.0e+00 val=0.9990 2ch=0.000 2cl=0.970 36s
 step  585000 loss=0.00037 bce=0.00037 lap=0.00 lam=0.0e+00 val=0.9744 2ch=0.000 2cl=0.556 35s
 step  590000 loss=0.00036 bce=0.00036 lap=0.00 lam=0.0e+00 val=1.0000 2ch=0.000 2cl=0.998 35s
 step  595000 loss=0.00036 bce=0.00036 lap=0.00 lam=0.0e+00 val=1.0000 2ch=0.000 2cl=0.999 35s
 step  600000 loss=0.00034 bce=0.00034 lap=0.00 lam=0.0e+00 val=0.9656 2ch=0.000 2cl=0.385 35s
 step  605000 loss=0.00033 bce=0.00033 lap=0.00 lam=0.0e+00 val=0.9750 2ch=0.000 2cl=0.541 35s
 step  610000 loss=0.00032 bce=0.00032 lap=0.00 lam=0.0e+00 val=0.9894 2ch=0.000 2cl=0.812 35s
 step  615000 loss=0.00032 bce=0.00032 lap=0.00 lam=0.0e+00 val=0.9984 2ch=0.000 2cl=0.973 35s
 step  620000 loss=0.00031 bce=0.00031 lap=0.00 lam=0.0e+00 val=0.9754 2ch=0.000 2cl=0.567 35s
 step  625000 loss=0.00030 bce=0.00030 lap=0.00 lam=0.0e+00 val=0.9866 2ch=0.000 2cl=0.745 35s
 step  630000 loss=0.00029 bce=0.00029 lap=0.00 lam=0.0e+00 val=0.9976 2ch=0.000 2cl=0.960 35s
 step  635000 loss=0.00029 bce=0.00029 lap=0.00 lam=0.0e+00 val=0.9996 2ch=0.000 2cl=0.992 35s
 step  640000 loss=0.00028 bce=0.00028 lap=0.00 lam=0.0e+00 val=0.9998 2ch=0.000 2cl=0.995 35s
 step  645000 loss=0.00027 bce=0.00027 lap=0.00 lam=0.0e+00 val=0.9990 2ch=0.000 2cl=0.989 36s
 step  650000 loss=0.00026 bce=0.00026 lap=0.00 lam=0.0e+00 val=0.9996 2ch=0.000 2cl=0.996 35s
 step  655000 loss=0.00025 bce=0.00025 lap=0.00 lam=0.0e+00 val=0.9994 2ch=0.000 2cl=0.980 35s
 step  660000 loss=0.00024 bce=0.00024 lap=0.00 lam=0.0e+00 val=0.9988 2ch=0.000 2cl=0.989 35s
 step  665000 loss=0.00024 bce=0.00024 lap=0.00 lam=0.0e+00 val=1.0000 2ch=0.000 2cl=0.996 35s
 step  670000 loss=0.00023 bce=0.00023 lap=0.00 lam=0.0e+00 val=0.9996 2ch=0.000 2cl=0.990 35s
 step  675000 loss=0.00023 bce=0.00023 lap=0.00 lam=0.0e+00 val=0.9796 2ch=0.000 2cl=0.714 35s
 step  680000 loss=0.00022 bce=0.00022 lap=0.00 lam=0.0e+00 val=0.9748 2ch=0.000 2cl=0.607 35s
 step  685000 loss=0.00022 bce=0.00022 lap=0.00 lam=0.0e+00 val=0.9974 2ch=0.000 2cl=0.941 35s
 step  690000 loss=0.00021 bce=0.00021 lap=0.00 lam=0.0e+00 val=0.9914 2ch=0.000 2cl=0.873 35s
 step  695000 loss=0.00021 bce=0.00021 lap=0.00 lam=0.0e+00 val=0.9902 2ch=0.000 2cl=0.824 35s
 step  700000 loss=0.00020 bce=0.00020 lap=0.00 lam=0.0e+00 val=0.9984 2ch=0.000 2cl=0.978 35s
 step  705000 loss=0.00020 bce=0.00020 lap=0.00 lam=0.0e+00 val=0.9710 2ch=0.000 2cl=0.527 35s
 step  710000 loss=0.00018 bce=0.00018 lap=0.00 lam=0.0e+00 val=0.9752 2ch=0.000 2cl=0.577 35s
 step  715000 loss=0.00019 bce=0.00019 lap=0.00 lam=0.0e+00 val=0.9420 2ch=0.000 2cl=0.003 35s
 step  720000 loss=0.00018 bce=0.00018 lap=0.00 lam=0.0e+00 val=0.9532 2ch=0.000 2cl=0.191 35s
 step  725000 loss=0.00017 bce=0.00017 lap=0.00 lam=0.0e+00 val=0.9950 2ch=0.000 2cl=0.914 36s
 step  730000 loss=0.00016 bce=0.00016 lap=0.00 lam=0.0e+00 val=0.9828 2ch=0.000 2cl=0.685 36s
 step  735000 loss=0.00016 bce=0.00016 lap=0.00 lam=0.0e+00 val=0.9610 2ch=0.000 2cl=0.347 35s
 step  740000 loss=0.00016 bce=0.00016 lap=0.00 lam=0.0e+00 val=0.9436 2ch=0.000 2cl=0.023 35s
 step  745000 loss=0.00016 bce=0.00016 lap=0.00 lam=0.0e+00 val=0.9424 2ch=0.000 2cl=0.009 35s
 step  750000 loss=0.00015 bce=0.00015 lap=0.00 lam=0.0e+00 val=0.9428 2ch=0.000 2cl=0.036 35s
 step  755000 loss=0.00014 bce=0.00014 lap=0.00 lam=0.0e+00 val=0.9426 2ch=0.000 2cl=0.020 35s
 step  760000 loss=0.00015 bce=0.00015 lap=0.00 lam=0.0e+00 val=0.9418 2ch=0.000 2cl=0.000 35s
 step  765000 loss=0.00014 bce=0.00014 lap=0.00 lam=0.0e+00 val=0.9418 2ch=0.000 2cl=0.000 35s
 step  770000 loss=0.00013 bce=0.00013 lap=0.00 lam=0.0e+00 val=0.9418 2ch=0.000 2cl=0.006 35s
 step  775000 loss=0.00013 bce=0.00013 lap=0.00 lam=0.0e+00 val=0.9418 2ch=0.000 2cl=0.001 35s
 step  780000 loss=0.00012 bce=0.00012 lap=0.00 lam=0.0e+00 val=0.9494 2ch=0.000 2cl=0.137 36s
 step  785000 loss=0.00012 bce=0.00012 lap=0.00 lam=0.0e+00 val=0.9422 2ch=0.000 2cl=0.004 36s
 step  790000 loss=0.00012 bce=0.00012 lap=0.00 lam=0.0e+00 val=0.9420 2ch=0.000 2cl=0.000 35s
 step  795000 loss=0.00012 bce=0.00012 lap=0.00 lam=0.0e+00 val=0.9418 2ch=0.000 2cl=0.001 36s
 step  800000 loss=0.00011 bce=0.00011 lap=0.00 lam=0.0e+00 val=0.9418 2ch=0.000 2cl=0.004 35s
 step  805000 loss=0.00011 bce=0.00011 lap=0.00 lam=0.0e+00 val=0.9418 2ch=0.000 2cl=0.000 35s
 step  810000 loss=0.00010 bce=0.00010 lap=0.00 lam=0.0e+00 val=0.9424 2ch=0.000 2cl=0.018 35s
 step  815000 loss=0.00010 bce=0.00010 lap=0.00 lam=0.0e+00 val=0.9418 2ch=0.000 2cl=0.000 35s
 step  820000 loss=0.00010 bce=0.00010 lap=0.00 lam=0.0e+00 val=0.9418 2ch=0.000 2cl=0.000 35s
 step  825000 loss=0.00010 bce=0.00010 lap=0.00 lam=0.0e+00 val=0.9482 2ch=0.000 2cl=0.098 35s
 step  830000 loss=0.00009 bce=0.00009 lap=0.00 lam=0.0e+00 val=0.9418 2ch=0.000 2cl=0.000 35s
 step  835000 loss=0.00009 bce=0.00009 lap=0.00 lam=0.0e+00 val=0.9418 2ch=0.000 2cl=0.000 35s
 step  840000 loss=0.00009 bce=0.00009 lap=0.00 lam=0.0e+00 val=0.9418 2ch=0.000 2cl=0.000 35s
 step  845000 loss=0.00009 bce=0.00009 lap=0.00 lam=0.0e+00 val=0.9418 2ch=0.000 2cl=0.000 35s
 step  850000 loss=0.00008 bce=0.00008 lap=0.00 lam=0.0e+00 val=0.9418 2ch=0.000 2cl=0.001 36s
 step  855000 loss=0.00008 bce=0.00008 lap=0.00 lam=0.0e+00 val=0.9418 2ch=0.000 2cl=0.000 35s
 step  860000 loss=0.00008 bce=0.00008 lap=0.00 lam=0.0e+00 val=0.9418 2ch=0.000 2cl=0.000 35s
 step  865000 loss=0.00008 bce=0.00008 lap=0.00 lam=0.0e+00 val=0.9418 2ch=0.000 2cl=0.000 36s
 step  870000 loss=0.00008 bce=0.00008 lap=0.00 lam=0.0e+00 val=0.9418 2ch=0.000 2cl=0.000 35s
 step  875000 loss=0.00007 bce=0.00007 lap=0.00 lam=0.0e+00 val=0.9418 2ch=0.000 2cl=0.000 35s
 step  880000 loss=0.00008 bce=0.00008 lap=0.00 lam=0.0e+00 val=0.9418 2ch=0.000 2cl=0.000 35s
 step  885000 loss=0.00007 bce=0.00007 lap=0.00 lam=0.0e+00 val=0.9418 2ch=0.000 2cl=0.000 35s
 step  890000 loss=0.00007 bce=0.00007 lap=0.00 lam=0.0e+00 val=0.9418 2ch=0.000 2cl=0.000 35s
 step  895000 loss=0.00007 bce=0.00007 lap=0.00 lam=0.0e+00 val=0.9418 2ch=0.000 2cl=0.000 35s
 step  900000 loss=0.00007 bce=0.00007 lap=0.00 lam=0.0e+00 val=0.9418 2ch=0.000 2cl=0.000 36s
 step  905000 loss=0.00007 bce=0.00007 lap=0.00 lam=0.0e+00 val=0.9418 2ch=0.000 2cl=0.000 36s
 step  910000 loss=0.00007 bce=0.00007 lap=0.00 lam=0.0e+00 val=0.9418 2ch=0.000 2cl=0.000 36s
 step  915000 loss=0.00007 bce=0.00007 lap=0.00 lam=0.0e+00 val=0.9418 2ch=0.000 2cl=0.000 35s
 step  920000 loss=0.00006 bce=0.00006 lap=0.00 lam=0.0e+00 val=0.9418 2ch=0.000 2cl=0.000 35s
 step  925000 loss=0.00006 bce=0.00006 lap=0.00 lam=0.0e+00 val=0.9418 2ch=0.000 2cl=0.000 35s
 step  930000 loss=0.00006 bce=0.00006 lap=0.00 lam=0.0e+00 val=0.9418 2ch=0.000 2cl=0.000 35s
 step  935000 loss=0.00006 bce=0.00006 lap=0.00 lam=0.0e+00 val=0.9418 2ch=0.000 2cl=0.000 35s
 step  940000 loss=0.00006 bce=0.00006 lap=0.00 lam=0.0e+00 val=0.9418 2ch=0.000 2cl=0.000 35s
 step  945000 loss=0.00006 bce=0.00006 lap=0.00 lam=0.0e+00 val=0.9418 2ch=0.000 2cl=0.000 35s
 step  950000 loss=0.00006 bce=0.00006 lap=0.00 lam=0.0e+00 val=0.9418 2ch=0.000 2cl=0.000 35s
 step  955000 loss=0.00006 bce=0.00006 lap=0.00 lam=0.0e+00 val=0.9418 2ch=0.000 2cl=0.000 36s
 step  960000 loss=0.00006 bce=0.00006 lap=0.00 lam=0.0e+00 val=0.9418 2ch=0.000 2cl=0.000 35s
 step  965000 loss=0.00006 bce=0.00006 lap=0.00 lam=0.0e+00 val=0.9418 2ch=0.000 2cl=0.000 35s
 step  970000 loss=0.00006 bce=0.00006 lap=0.00 lam=0.0e+00 val=0.9418 2ch=0.000 2cl=0.000 35s
 step  975000 loss=0.00006 bce=0.00006 lap=0.00 lam=0.0e+00 val=0.9418 2ch=0.000 2cl=0.000 36s
 step  980000 loss=0.00006 bce=0.00006 lap=0.00 lam=0.0e+00 val=0.9418 2ch=0.000 2cl=0.000 36s
 step  985000 loss=0.00006 bce=0.00006 lap=0.00 lam=0.0e+00 val=0.9418 2ch=0.000 2cl=0.000 36s
 step  990000 loss=0.00006 bce=0.00006 lap=0.00 lam=0.0e+00 val=0.9418 2ch=0.000 2cl=0.000 36s
 step  995000 loss=0.00006 bce=0.00006 lap=0.00 lam=0.0e+00 val=0.9418 2ch=0.000 2cl=0.000 37s
 step 1000000 loss=0.00006 bce=0.00006 lap=0.00 lam=0.0e+00 val=0.9418 2ch=0.000 2cl=0.000 36s
done. best in-dist exact=1.0000  -> runs/report6/c_train/n20_bridged+split_roberta_linear_lam0_seed2000
done -> runs/report6/c_train/n20_bridged+split_roberta_linear_lam0_seed2000/last.pt
