task 4 -> n=40 p=0.05 seed=1000 (families=bridged,split)
== n40_bridged+split_roberta_linear_lam0_seed1000 ==
 device=cuda arch=roberta readout=linear lambda=0.0 params=6,347,304
 step    5000 loss=0.16929 bce=0.16929 lap=0.00 lam=0.0e+00 val=0.1568 2ch=0.000 2cl=0.000 63s
 step   10000 loss=0.13482 bce=0.13482 lap=0.00 lam=0.0e+00 val=0.2438 2ch=0.000 2cl=0.001 60s
 step   15000 loss=0.12873 bce=0.12873 lap=0.00 lam=0.0e+00 val=0.3284 2ch=0.000 2cl=0.273 61s
 step   20000 loss=0.12630 bce=0.12630 lap=0.00 lam=0.0e+00 val=0.2980 2ch=0.000 2cl=0.002 61s
 step   25000 loss=0.12454 bce=0.12454 lap=0.00 lam=0.0e+00 val=0.3564 2ch=0.000 2cl=0.039 60s
 step   30000 loss=0.12326 bce=0.12326 lap=0.00 lam=0.0e+00 val=0.3630 2ch=0.000 2cl=0.194 61s
 step   35000 loss=0.12232 bce=0.12232 lap=0.00 lam=0.0e+00 val=0.4020 2ch=0.000 2cl=0.089 61s
 step   40000 loss=0.12162 bce=0.12162 lap=0.00 lam=0.0e+00 val=0.4936 2ch=0.000 2cl=0.746 61s
 step   45000 loss=0.12079 bce=0.12079 lap=0.00 lam=0.0e+00 val=0.5484 2ch=0.000 2cl=0.953 61s
 step   50000 loss=0.12010 bce=0.12010 lap=0.00 lam=0.0e+00 val=0.5984 2ch=0.000 2cl=0.999 61s
 step   55000 loss=0.10297 bce=0.10297 lap=0.00 lam=0.0e+00 val=0.7566 2ch=0.000 2cl=1.000 61s
 step   60000 loss=0.04186 bce=0.04186 lap=0.00 lam=0.0e+00 val=0.7764 2ch=0.000 2cl=1.000 61s
 step   65000 loss=0.03376 bce=0.03376 lap=0.00 lam=0.0e+00 val=0.7976 2ch=0.000 2cl=1.000 61s
 step   70000 loss=0.03209 bce=0.03209 lap=0.00 lam=0.0e+00 val=0.8178 2ch=0.000 2cl=1.000 61s
 step   75000 loss=0.03136 bce=0.03136 lap=0.00 lam=0.0e+00 val=0.8304 2ch=0.000 2cl=1.000 61s
 step   80000 loss=0.03086 bce=0.03086 lap=0.00 lam=0.0e+00 val=0.8302 2ch=0.000 2cl=1.000 61s
 step   85000 loss=0.03060 bce=0.03060 lap=0.00 lam=0.0e+00 val=0.8398 2ch=0.000 2cl=1.000 61s
 step   90000 loss=0.03040 bce=0.03040 lap=0.00 lam=0.0e+00 val=0.8396 2ch=0.000 2cl=1.000 61s
 step   95000 loss=0.03012 bce=0.03012 lap=0.00 lam=0.0e+00 val=0.8482 2ch=0.000 2cl=1.000 61s
 step  100000 loss=0.02997 bce=0.02997 lap=0.00 lam=0.0e+00 val=0.8382 2ch=0.000 2cl=1.000 61s
 step  105000 loss=0.02976 bce=0.02976 lap=0.00 lam=0.0e+00 val=0.8450 2ch=0.000 2cl=1.000 61s
 step  110000 loss=0.02962 bce=0.02962 lap=0.00 lam=0.0e+00 val=0.8510 2ch=0.000 2cl=1.000 61s
 step  115000 loss=0.02938 bce=0.02938 lap=0.00 lam=0.0e+00 val=0.8530 2ch=0.000 2cl=1.000 61s
 step  120000 loss=0.02927 bce=0.02927 lap=0.00 lam=0.0e+00 val=0.8824 2ch=0.000 2cl=1.000 61s
 step  125000 loss=0.02857 bce=0.02857 lap=0.00 lam=0.0e+00 val=0.8672 2ch=0.000 2cl=1.000 61s
 step  130000 loss=0.02700 bce=0.02700 lap=0.00 lam=0.0e+00 val=0.8660 2ch=0.000 2cl=1.000 61s
 step  135000 loss=0.02668 bce=0.02668 lap=0.00 lam=0.0e+00 val=0.8404 2ch=0.000 2cl=1.000 61s
 step  140000 loss=0.02634 bce=0.02634 lap=0.00 lam=0.0e+00 val=0.8660 2ch=0.000 2cl=1.000 61s
 step  145000 loss=0.02602 bce=0.02602 lap=0.00 lam=0.0e+00 val=0.8658 2ch=0.000 2cl=1.000 61s
 step  150000 loss=0.02574 bce=0.02574 lap=0.00 lam=0.0e+00 val=0.8724 2ch=0.000 2cl=0.997 61s
 step  155000 loss=0.02532 bce=0.02532 lap=0.00 lam=0.0e+00 val=0.8742 2ch=0.000 2cl=1.000 61s
 step  160000 loss=0.02469 bce=0.02469 lap=0.00 lam=0.0e+00 val=0.8392 2ch=0.000 2cl=1.000 61s
 step  165000 loss=0.02410 bce=0.02410 lap=0.00 lam=0.0e+00 val=0.8216 2ch=0.000 2cl=1.000 61s
 step  170000 loss=0.02357 bce=0.02357 lap=0.00 lam=0.0e+00 val=0.8338 2ch=0.000 2cl=0.998 61s
 step  175000 loss=0.02306 bce=0.02306 lap=0.00 lam=0.0e+00 val=0.7936 2ch=0.000 2cl=0.997 61s
 step  180000 loss=0.02255 bce=0.02255 lap=0.00 lam=0.0e+00 val=0.7872 2ch=0.000 2cl=1.000 61s
 step  185000 loss=0.02170 bce=0.02170 lap=0.00 lam=0.0e+00 val=0.7910 2ch=0.000 2cl=1.000 61s
 step  190000 loss=0.02088 bce=0.02088 lap=0.00 lam=0.0e+00 val=0.7906 2ch=0.000 2cl=1.000 61s
 step  195000 loss=0.02013 bce=0.02013 lap=0.00 lam=0.0e+00 val=0.8120 2ch=0.000 2cl=1.000 61s
 step  200000 loss=0.01944 bce=0.01944 lap=0.00 lam=0.0e+00 val=0.7540 2ch=0.000 2cl=1.000 61s
 step  205000 loss=0.01879 bce=0.01879 lap=0.00 lam=0.0e+00 val=0.7904 2ch=0.000 2cl=1.000 61s
 step  210000 loss=0.01843 bce=0.01843 lap=0.00 lam=0.0e+00 val=0.7896 2ch=0.000 2cl=1.000 61s
 step  215000 loss=0.01800 bce=0.01800 lap=0.00 lam=0.0e+00 val=0.8076 2ch=0.000 2cl=1.000 61s
 step  220000 loss=0.01772 bce=0.01772 lap=0.00 lam=0.0e+00 val=0.8434 2ch=0.000 2cl=1.000 61s
 step  225000 loss=0.01742 bce=0.01742 lap=0.00 lam=0.0e+00 val=0.8616 2ch=0.000 2cl=0.998 61s
 step  230000 loss=0.01686 bce=0.01686 lap=0.00 lam=0.0e+00 val=0.8252 2ch=0.000 2cl=1.000 61s
 step  235000 loss=0.01664 bce=0.01664 lap=0.00 lam=0.0e+00 val=0.8358 2ch=0.000 2cl=0.990 61s
 step  240000 loss=0.01608 bce=0.01608 lap=0.00 lam=0.0e+00 val=0.8856 2ch=0.000 2cl=0.999 61s
 step  245000 loss=0.01572 bce=0.01572 lap=0.00 lam=0.0e+00 val=0.8346 2ch=0.000 2cl=1.000 61s
 step  250000 loss=0.01511 bce=0.01511 lap=0.00 lam=0.0e+00 val=0.8922 2ch=0.000 2cl=1.000 61s
 step  255000 loss=0.01451 bce=0.01451 lap=0.00 lam=0.0e+00 val=0.8018 2ch=0.000 2cl=1.000 61s
 step  260000 loss=0.01408 bce=0.01408 lap=0.00 lam=0.0e+00 val=0.9038 2ch=0.000 2cl=1.000 61s
 step  265000 loss=0.01371 bce=0.01371 lap=0.00 lam=0.0e+00 val=0.9264 2ch=0.000 2cl=1.000 61s
 step  270000 loss=0.01337 bce=0.01337 lap=0.00 lam=0.0e+00 val=0.8836 2ch=0.000 2cl=1.000 61s
 step  275000 loss=0.01306 bce=0.01306 lap=0.00 lam=0.0e+00 val=0.8872 2ch=0.000 2cl=1.000 60s
 step  280000 loss=0.01270 bce=0.01270 lap=0.00 lam=0.0e+00 val=0.8440 2ch=0.000 2cl=1.000 61s
 step  285000 loss=0.01222 bce=0.01222 lap=0.00 lam=0.0e+00 val=0.9068 2ch=0.000 2cl=1.000 61s
 step  290000 loss=0.01176 bce=0.01176 lap=0.00 lam=0.0e+00 val=0.8500 2ch=0.000 2cl=1.000 61s
 step  295000 loss=0.01129 bce=0.01129 lap=0.00 lam=0.0e+00 val=0.8812 2ch=0.000 2cl=1.000 61s
 step  300000 loss=0.01088 bce=0.01088 lap=0.00 lam=0.0e+00 val=0.9172 2ch=0.000 2cl=0.998 61s
 step  305000 loss=0.01055 bce=0.01055 lap=0.00 lam=0.0e+00 val=0.9352 2ch=0.000 2cl=1.000 60s
 step  310000 loss=0.01035 bce=0.01035 lap=0.00 lam=0.0e+00 val=0.9198 2ch=0.000 2cl=1.000 61s
 step  315000 loss=0.01014 bce=0.01014 lap=0.00 lam=0.0e+00 val=0.9238 2ch=0.000 2cl=1.000 60s
 step  320000 loss=0.00998 bce=0.00998 lap=0.00 lam=0.0e+00 val=0.9372 2ch=0.000 2cl=1.000 61s
 step  325000 loss=0.00987 bce=0.00987 lap=0.00 lam=0.0e+00 val=0.8688 2ch=0.000 2cl=1.000 61s
 step  330000 loss=0.00978 bce=0.00978 lap=0.00 lam=0.0e+00 val=0.9350 2ch=0.000 2cl=1.000 61s
 step  335000 loss=0.00966 bce=0.00966 lap=0.00 lam=0.0e+00 val=0.9270 2ch=0.000 2cl=0.959 61s
 step  340000 loss=0.00944 bce=0.00944 lap=0.00 lam=0.0e+00 val=0.9222 2ch=0.000 2cl=0.983 61s
 step  345000 loss=0.00897 bce=0.00897 lap=0.00 lam=0.0e+00 val=0.8846 2ch=0.000 2cl=1.000 61s
 step  350000 loss=0.00854 bce=0.00854 lap=0.00 lam=0.0e+00 val=0.9306 2ch=0.000 2cl=1.000 61s
 step  355000 loss=0.00843 bce=0.00843 lap=0.00 lam=0.0e+00 val=0.9134 2ch=0.000 2cl=1.000 61s
 step  360000 loss=0.00832 bce=0.00832 lap=0.00 lam=0.0e+00 val=0.9502 2ch=0.000 2cl=1.000 61s
 step  365000 loss=0.00828 bce=0.00828 lap=0.00 lam=0.0e+00 val=0.8980 2ch=0.000 2cl=1.000 61s
 step  370000 loss=0.00822 bce=0.00822 lap=0.00 lam=0.0e+00 val=0.9382 2ch=0.000 2cl=1.000 61s
 step  375000 loss=0.00809 bce=0.00809 lap=0.00 lam=0.0e+00 val=0.9384 2ch=0.000 2cl=0.884 61s
 step  380000 loss=0.00806 bce=0.00806 lap=0.00 lam=0.0e+00 val=0.9532 2ch=0.000 2cl=1.000 61s
 step  385000 loss=0.00808 bce=0.00808 lap=0.00 lam=0.0e+00 val=0.9320 2ch=0.000 2cl=1.000 61s
 step  390000 loss=0.00797 bce=0.00797 lap=0.00 lam=0.0e+00 val=0.9546 2ch=0.000 2cl=1.000 61s
 step  395000 loss=0.00790 bce=0.00790 lap=0.00 lam=0.0e+00 val=0.9132 2ch=0.000 2cl=1.000 61s
 step  400000 loss=0.00788 bce=0.00788 lap=0.00 lam=0.0e+00 val=0.8854 2ch=0.000 2cl=1.000 61s
 step  405000 loss=0.00779 bce=0.00779 lap=0.00 lam=0.0e+00 val=0.9116 2ch=0.000 2cl=0.995 60s
 step  410000 loss=0.00777 bce=0.00777 lap=0.00 lam=0.0e+00 val=0.9416 2ch=0.000 2cl=1.000 60s
 step  415000 loss=0.00769 bce=0.00769 lap=0.00 lam=0.0e+00 val=0.9056 2ch=0.000 2cl=1.000 60s
 step  420000 loss=0.00767 bce=0.00767 lap=0.00 lam=0.0e+00 val=0.9042 2ch=0.000 2cl=0.993 60s
 step  425000 loss=0.00768 bce=0.00768 lap=0.00 lam=0.0e+00 val=0.9064 2ch=0.000 2cl=1.000 60s
 step  430000 loss=0.00757 bce=0.00757 lap=0.00 lam=0.0e+00 val=0.8902 2ch=0.000 2cl=1.000 60s
 step  435000 loss=0.00762 bce=0.00762 lap=0.00 lam=0.0e+00 val=0.8962 2ch=0.000 2cl=1.000 60s
 step  440000 loss=0.00752 bce=0.00752 lap=0.00 lam=0.0e+00 val=0.9402 2ch=0.000 2cl=1.000 60s
 step  445000 loss=0.00749 bce=0.00749 lap=0.00 lam=0.0e+00 val=0.9450 2ch=0.000 2cl=1.000 60s
 step  450000 loss=0.00747 bce=0.00747 lap=0.00 lam=0.0e+00 val=0.9366 2ch=0.000 2cl=1.000 60s
 step  455000 loss=0.00737 bce=0.00737 lap=0.00 lam=0.0e+00 val=0.9240 2ch=0.000 2cl=1.000 60s
 step  460000 loss=0.00744 bce=0.00744 lap=0.00 lam=0.0e+00 val=0.9266 2ch=0.000 2cl=1.000 60s
 step  465000 loss=0.00732 bce=0.00732 lap=0.00 lam=0.0e+00 val=0.9084 2ch=0.000 2cl=1.000 60s
 step  470000 loss=0.00729 bce=0.00729 lap=0.00 lam=0.0e+00 val=0.9166 2ch=0.000 2cl=1.000 61s
 step  475000 loss=0.00726 bce=0.00726 lap=0.00 lam=0.0e+00 val=0.8822 2ch=0.000 2cl=0.976 61s
 step  480000 loss=0.00728 bce=0.00728 lap=0.00 lam=0.0e+00 val=0.9488 2ch=0.000 2cl=0.970 61s
 step  485000 loss=0.00723 bce=0.00723 lap=0.00 lam=0.0e+00 val=0.9448 2ch=0.000 2cl=0.987 61s
 step  490000 loss=0.00720 bce=0.00720 lap=0.00 lam=0.0e+00 val=0.8964 2ch=0.000 2cl=1.000 61s
 step  495000 loss=0.00719 bce=0.00719 lap=0.00 lam=0.0e+00 val=0.8802 2ch=0.000 2cl=1.000 61s
 step  500000 loss=0.00713 bce=0.00713 lap=0.00 lam=0.0e+00 val=0.9278 2ch=0.000 2cl=1.000 61s
 step  505000 loss=0.00716 bce=0.00716 lap=0.00 lam=0.0e+00 val=0.9036 2ch=0.000 2cl=0.999 61s
 step  510000 loss=0.00713 bce=0.00713 lap=0.00 lam=0.0e+00 val=0.9066 2ch=0.000 2cl=1.000 61s
 step  515000 loss=0.00711 bce=0.00711 lap=0.00 lam=0.0e+00 val=0.9320 2ch=0.000 2cl=1.000 60s
 step  520000 loss=0.00711 bce=0.00711 lap=0.00 lam=0.0e+00 val=0.9210 2ch=0.000 2cl=1.000 60s
 step  525000 loss=0.00702 bce=0.00702 lap=0.00 lam=0.0e+00 val=0.9544 2ch=0.000 2cl=1.000 60s
 step  530000 loss=0.00704 bce=0.00704 lap=0.00 lam=0.0e+00 val=0.9212 2ch=0.000 2cl=1.000 61s
 step  535000 loss=0.00696 bce=0.00696 lap=0.00 lam=0.0e+00 val=0.9596 2ch=0.000 2cl=1.000 60s
 step  540000 loss=0.00698 bce=0.00698 lap=0.00 lam=0.0e+00 val=0.8998 2ch=0.000 2cl=1.000 60s
 step  545000 loss=0.00691 bce=0.00691 lap=0.00 lam=0.0e+00 val=0.8942 2ch=0.000 2cl=1.000 60s
 step  550000 loss=0.00683 bce=0.00683 lap=0.00 lam=0.0e+00 val=0.9138 2ch=0.000 2cl=1.000 61s
 step  555000 loss=0.00685 bce=0.00685 lap=0.00 lam=0.0e+00 val=0.9146 2ch=0.000 2cl=1.000 60s
 step  560000 loss=0.00684 bce=0.00684 lap=0.00 lam=0.0e+00 val=0.8956 2ch=0.000 2cl=1.000 60s
 step  565000 loss=0.00682 bce=0.00682 lap=0.00 lam=0.0e+00 val=0.8994 2ch=0.000 2cl=0.999 61s
 step  570000 loss=0.00680 bce=0.00680 lap=0.00 lam=0.0e+00 val=0.8934 2ch=0.000 2cl=1.000 60s
 step  575000 loss=0.00675 bce=0.00675 lap=0.00 lam=0.0e+00 val=0.9006 2ch=0.000 2cl=1.000 60s
 step  580000 loss=0.00678 bce=0.00678 lap=0.00 lam=0.0e+00 val=0.8970 2ch=0.000 2cl=1.000 60s
 step  585000 loss=0.00676 bce=0.00676 lap=0.00 lam=0.0e+00 val=0.9028 2ch=0.000 2cl=1.000 60s
 step  590000 loss=0.00674 bce=0.00674 lap=0.00 lam=0.0e+00 val=0.9032 2ch=0.000 2cl=0.886 61s
 step  595000 loss=0.00669 bce=0.00669 lap=0.00 lam=0.0e+00 val=0.8902 2ch=0.000 2cl=1.000 61s
 step  600000 loss=0.00671 bce=0.00671 lap=0.00 lam=0.0e+00 val=0.9082 2ch=0.000 2cl=1.000 61s
 step  605000 loss=0.00667 bce=0.00667 lap=0.00 lam=0.0e+00 val=0.9040 2ch=0.000 2cl=1.000 61s
 step  610000 loss=0.00666 bce=0.00666 lap=0.00 lam=0.0e+00 val=0.8932 2ch=0.000 2cl=1.000 61s
 step  615000 loss=0.00662 bce=0.00662 lap=0.00 lam=0.0e+00 val=0.8996 2ch=0.000 2cl=1.000 61s
 step  620000 loss=0.00662 bce=0.00662 lap=0.00 lam=0.0e+00 val=0.8960 2ch=0.000 2cl=1.000 61s
 step  625000 loss=0.00663 bce=0.00663 lap=0.00 lam=0.0e+00 val=0.8954 2ch=0.000 2cl=1.000 61s
 step  630000 loss=0.00659 bce=0.00659 lap=0.00 lam=0.0e+00 val=0.9054 2ch=0.000 2cl=1.000 61s
 step  635000 loss=0.00660 bce=0.00660 lap=0.00 lam=0.0e+00 val=0.8952 2ch=0.000 2cl=1.000 61s
 step  640000 loss=0.00659 bce=0.00659 lap=0.00 lam=0.0e+00 val=0.8948 2ch=0.000 2cl=1.000 61s
 step  645000 loss=0.00657 bce=0.00657 lap=0.00 lam=0.0e+00 val=0.8884 2ch=0.000 2cl=1.000 61s
 step  650000 loss=0.00657 bce=0.00657 lap=0.00 lam=0.0e+00 val=0.8940 2ch=0.000 2cl=1.000 61s
 step  655000 loss=0.00658 bce=0.00658 lap=0.00 lam=0.0e+00 val=0.8842 2ch=0.000 2cl=1.000 61s
 step  660000 loss=0.00653 bce=0.00653 lap=0.00 lam=0.0e+00 val=0.8908 2ch=0.000 2cl=1.000 61s
 step  665000 loss=0.00656 bce=0.00656 lap=0.00 lam=0.0e+00 val=0.8978 2ch=0.000 2cl=1.000 60s
 step  670000 loss=0.00652 bce=0.00652 lap=0.00 lam=0.0e+00 val=0.8952 2ch=0.000 2cl=1.000 60s
 step  675000 loss=0.00650 bce=0.00650 lap=0.00 lam=0.0e+00 val=0.8910 2ch=0.000 2cl=1.000 60s
 step  680000 loss=0.00649 bce=0.00649 lap=0.00 lam=0.0e+00 val=0.8978 2ch=0.000 2cl=1.000 60s
 step  685000 loss=0.00650 bce=0.00650 lap=0.00 lam=0.0e+00 val=0.8990 2ch=0.000 2cl=1.000 61s
 step  690000 loss=0.00649 bce=0.00649 lap=0.00 lam=0.0e+00 val=0.9034 2ch=0.000 2cl=1.000 61s
 step  695000 loss=0.00649 bce=0.00649 lap=0.00 lam=0.0e+00 val=0.8932 2ch=0.000 2cl=1.000 61s
 step  700000 loss=0.00646 bce=0.00646 lap=0.00 lam=0.0e+00 val=0.8964 2ch=0.000 2cl=1.000 61s
 step  705000 loss=0.00647 bce=0.00647 lap=0.00 lam=0.0e+00 val=0.8884 2ch=0.000 2cl=1.000 61s
 step  710000 loss=0.00642 bce=0.00642 lap=0.00 lam=0.0e+00 val=0.8908 2ch=0.000 2cl=1.000 61s
 step  715000 loss=0.00644 bce=0.00644 lap=0.00 lam=0.0e+00 val=0.9012 2ch=0.000 2cl=1.000 61s
 step  720000 loss=0.00643 bce=0.00643 lap=0.00 lam=0.0e+00 val=0.8962 2ch=0.000 2cl=1.000 61s
 step  725000 loss=0.00642 bce=0.00642 lap=0.00 lam=0.0e+00 val=0.8942 2ch=0.000 2cl=1.000 61s
 step  730000 loss=0.00639 bce=0.00639 lap=0.00 lam=0.0e+00 val=0.8960 2ch=0.000 2cl=1.000 61s
 step  735000 loss=0.00640 bce=0.00640 lap=0.00 lam=0.0e+00 val=0.8894 2ch=0.000 2cl=1.000 61s
 step  740000 loss=0.00638 bce=0.00638 lap=0.00 lam=0.0e+00 val=0.8936 2ch=0.000 2cl=1.000 61s
 step  745000 loss=0.00638 bce=0.00638 lap=0.00 lam=0.0e+00 val=0.8956 2ch=0.000 2cl=1.000 60s
 step  750000 loss=0.00640 bce=0.00640 lap=0.00 lam=0.0e+00 val=0.8936 2ch=0.000 2cl=1.000 60s
 step  755000 loss=0.00639 bce=0.00639 lap=0.00 lam=0.0e+00 val=0.8924 2ch=0.000 2cl=1.000 60s
 step  760000 loss=0.00640 bce=0.00640 lap=0.00 lam=0.0e+00 val=0.8926 2ch=0.000 2cl=1.000 60s
 step  765000 loss=0.00638 bce=0.00638 lap=0.00 lam=0.0e+00 val=0.8902 2ch=0.000 2cl=1.000 61s
 step  770000 loss=0.00635 bce=0.00635 lap=0.00 lam=0.0e+00 val=0.8864 2ch=0.000 2cl=1.000 61s
 step  775000 loss=0.00638 bce=0.00638 lap=0.00 lam=0.0e+00 val=0.8890 2ch=0.000 2cl=1.000 61s
 step  780000 loss=0.00635 bce=0.00635 lap=0.00 lam=0.0e+00 val=0.8842 2ch=0.000 2cl=1.000 61s
 step  785000 loss=0.00638 bce=0.00638 lap=0.00 lam=0.0e+00 val=0.8848 2ch=0.000 2cl=0.998 61s
 step  790000 loss=0.00636 bce=0.00636 lap=0.00 lam=0.0e+00 val=0.8862 2ch=0.000 2cl=0.952 61s
 step  795000 loss=0.00636 bce=0.00636 lap=0.00 lam=0.0e+00 val=0.8854 2ch=0.000 2cl=1.000 61s
 step  800000 loss=0.00632 bce=0.00632 lap=0.00 lam=0.0e+00 val=0.8892 2ch=0.000 2cl=1.000 61s
 step  805000 loss=0.00633 bce=0.00633 lap=0.00 lam=0.0e+00 val=0.8852 2ch=0.000 2cl=1.000 61s
 step  810000 loss=0.00632 bce=0.00632 lap=0.00 lam=0.0e+00 val=0.8868 2ch=0.000 2cl=1.000 61s
 step  815000 loss=0.00635 bce=0.00635 lap=0.00 lam=0.0e+00 val=0.8834 2ch=0.000 2cl=1.000 61s
 step  820000 loss=0.00630 bce=0.00630 lap=0.00 lam=0.0e+00 val=0.8852 2ch=0.000 2cl=1.000 61s
 step  825000 loss=0.00634 bce=0.00634 lap=0.00 lam=0.0e+00 val=0.8882 2ch=0.000 2cl=1.000 61s
 step  830000 loss=0.00629 bce=0.00629 lap=0.00 lam=0.0e+00 val=0.8868 2ch=0.000 2cl=1.000 61s
 step  835000 loss=0.00628 bce=0.00628 lap=0.00 lam=0.0e+00 val=0.8830 2ch=0.000 2cl=1.000 61s
 step  840000 loss=0.00630 bce=0.00630 lap=0.00 lam=0.0e+00 val=0.8872 2ch=0.000 2cl=1.000 61s
 step  845000 loss=0.00629 bce=0.00629 lap=0.00 lam=0.0e+00 val=0.8852 2ch=0.000 2cl=1.000 61s
 step  850000 loss=0.00631 bce=0.00631 lap=0.00 lam=0.0e+00 val=0.8842 2ch=0.000 2cl=1.000 61s
 step  855000 loss=0.00632 bce=0.00632 lap=0.00 lam=0.0e+00 val=0.8868 2ch=0.000 2cl=1.000 61s
 step  860000 loss=0.00631 bce=0.00631 lap=0.00 lam=0.0e+00 val=0.8878 2ch=0.000 2cl=1.000 61s
 step  865000 loss=0.00631 bce=0.00631 lap=0.00 lam=0.0e+00 val=0.8850 2ch=0.000 2cl=1.000 61s
 step  870000 loss=0.00630 bce=0.00630 lap=0.00 lam=0.0e+00 val=0.8832 2ch=0.000 2cl=1.000 61s
 step  875000 loss=0.00628 bce=0.00628 lap=0.00 lam=0.0e+00 val=0.8854 2ch=0.000 2cl=1.000 61s
 step  880000 loss=0.00626 bce=0.00626 lap=0.00 lam=0.0e+00 val=0.8856 2ch=0.000 2cl=1.000 61s
 step  885000 loss=0.00627 bce=0.00627 lap=0.00 lam=0.0e+00 val=0.8870 2ch=0.000 2cl=1.000 61s
 step  890000 loss=0.00627 bce=0.00627 lap=0.00 lam=0.0e+00 val=0.8794 2ch=0.000 2cl=1.000 61s
 step  895000 loss=0.00628 bce=0.00628 lap=0.00 lam=0.0e+00 val=0.8812 2ch=0.000 2cl=1.000 61s
 step  900000 loss=0.00624 bce=0.00624 lap=0.00 lam=0.0e+00 val=0.8816 2ch=0.000 2cl=1.000 61s
 step  905000 loss=0.00627 bce=0.00627 lap=0.00 lam=0.0e+00 val=0.8828 2ch=0.000 2cl=1.000 61s
 step  910000 loss=0.00626 bce=0.00626 lap=0.00 lam=0.0e+00 val=0.8824 2ch=0.000 2cl=1.000 61s
 step  915000 loss=0.00626 bce=0.00626 lap=0.00 lam=0.0e+00 val=0.8798 2ch=0.000 2cl=1.000 61s
 step  920000 loss=0.00623 bce=0.00623 lap=0.00 lam=0.0e+00 val=0.8842 2ch=0.000 2cl=1.000 61s
 step  925000 loss=0.00625 bce=0.00625 lap=0.00 lam=0.0e+00 val=0.8816 2ch=0.000 2cl=1.000 61s
 step  930000 loss=0.00627 bce=0.00627 lap=0.00 lam=0.0e+00 val=0.8816 2ch=0.000 2cl=1.000 61s
 step  935000 loss=0.00624 bce=0.00624 lap=0.00 lam=0.0e+00 val=0.8832 2ch=0.000 2cl=1.000 61s
 step  940000 loss=0.00625 bce=0.00625 lap=0.00 lam=0.0e+00 val=0.8846 2ch=0.000 2cl=1.000 61s
 step  945000 loss=0.00625 bce=0.00625 lap=0.00 lam=0.0e+00 val=0.8826 2ch=0.000 2cl=1.000 61s
 step  950000 loss=0.00623 bce=0.00623 lap=0.00 lam=0.0e+00 val=0.8834 2ch=0.000 2cl=1.000 61s
 step  955000 loss=0.00626 bce=0.00626 lap=0.00 lam=0.0e+00 val=0.8848 2ch=0.000 2cl=1.000 61s
 step  960000 loss=0.00625 bce=0.00625 lap=0.00 lam=0.0e+00 val=0.8824 2ch=0.000 2cl=1.000 61s
 step  965000 loss=0.00625 bce=0.00625 lap=0.00 lam=0.0e+00 val=0.8846 2ch=0.000 2cl=1.000 61s
 step  970000 loss=0.00624 bce=0.00624 lap=0.00 lam=0.0e+00 val=0.8856 2ch=0.000 2cl=1.000 61s
 step  975000 loss=0.00627 bce=0.00627 lap=0.00 lam=0.0e+00 val=0.8852 2ch=0.000 2cl=1.000 61s
 step  980000 loss=0.00622 bce=0.00622 lap=0.00 lam=0.0e+00 val=0.8832 2ch=0.000 2cl=1.000 61s
 step  985000 loss=0.00624 bce=0.00624 lap=0.00 lam=0.0e+00 val=0.8826 2ch=0.000 2cl=1.000 61s
 step  990000 loss=0.00625 bce=0.00625 lap=0.00 lam=0.0e+00 val=0.8826 2ch=0.000 2cl=1.000 61s
 step  995000 loss=0.00626 bce=0.00626 lap=0.00 lam=0.0e+00 val=0.8832 2ch=0.000 2cl=1.000 60s
 step 1000000 loss=0.00624 bce=0.00624 lap=0.00 lam=0.0e+00 val=0.8830 2ch=0.000 2cl=1.000 60s
done. best in-dist exact=0.9596  -> runs/report6/c_train/n40_bridged+split_roberta_linear_lam0_seed1000
done -> runs/report6/c_train/n40_bridged+split_roberta_linear_lam0_seed1000/last.pt
