task 5 -> n=40 p=0.05 seed=2000 (families=bridged,split)
== n40_bridged+split_roberta_linear_lam0_seed2000 ==
 device=cuda arch=roberta readout=linear lambda=0.0 params=6,347,304
 step    5000 loss=0.16711 bce=0.16711 lap=0.00 lam=0.0e+00 val=0.1662 2ch=0.000 2cl=0.002 61s
 step   10000 loss=0.13432 bce=0.13432 lap=0.00 lam=0.0e+00 val=0.1644 2ch=0.000 2cl=0.001 61s
 step   15000 loss=0.13180 bce=0.13180 lap=0.00 lam=0.0e+00 val=0.1868 2ch=0.000 2cl=0.058 61s
 step   20000 loss=0.13042 bce=0.13042 lap=0.00 lam=0.0e+00 val=0.2086 2ch=0.000 2cl=0.021 61s
 step   25000 loss=0.12946 bce=0.12946 lap=0.00 lam=0.0e+00 val=0.3012 2ch=0.000 2cl=0.001 61s
 step   30000 loss=0.12849 bce=0.12849 lap=0.00 lam=0.0e+00 val=0.3228 2ch=0.000 2cl=0.022 61s
 step   35000 loss=0.10111 bce=0.10111 lap=0.00 lam=0.0e+00 val=0.9782 2ch=0.000 2cl=1.000 61s
 step   40000 loss=0.03769 bce=0.03769 lap=0.00 lam=0.0e+00 val=0.9984 2ch=0.000 2cl=1.000 61s
 step   45000 loss=0.02426 bce=0.02426 lap=0.00 lam=0.0e+00 val=0.9978 2ch=0.000 2cl=1.000 61s
 step   50000 loss=0.01943 bce=0.01943 lap=0.00 lam=0.0e+00 val=0.9902 2ch=0.000 2cl=1.000 61s
 step   55000 loss=0.01755 bce=0.01755 lap=0.00 lam=0.0e+00 val=0.9998 2ch=0.000 2cl=1.000 61s
 step   60000 loss=0.01483 bce=0.01483 lap=0.00 lam=0.0e+00 val=0.9998 2ch=0.000 2cl=0.998 61s
 step   65000 loss=0.01274 bce=0.01274 lap=0.00 lam=0.0e+00 val=1.0000 2ch=0.000 2cl=1.000 61s
 step   70000 loss=0.01050 bce=0.01050 lap=0.00 lam=0.0e+00 val=1.0000 2ch=0.000 2cl=1.000 61s
 step   75000 loss=0.00877 bce=0.00877 lap=0.00 lam=0.0e+00 val=1.0000 2ch=0.000 2cl=1.000 61s
 step   80000 loss=0.00754 bce=0.00754 lap=0.00 lam=0.0e+00 val=1.0000 2ch=0.000 2cl=1.000 61s
 step   85000 loss=0.00666 bce=0.00666 lap=0.00 lam=0.0e+00 val=1.0000 2ch=0.000 2cl=1.000 61s
 step   90000 loss=0.00587 bce=0.00587 lap=0.00 lam=0.0e+00 val=1.0000 2ch=0.000 2cl=1.000 61s
 step   95000 loss=0.00536 bce=0.00536 lap=0.00 lam=0.0e+00 val=1.0000 2ch=0.000 2cl=1.000 61s
 step  100000 loss=0.00493 bce=0.00493 lap=0.00 lam=0.0e+00 val=1.0000 2ch=0.000 2cl=1.000 61s
 step  105000 loss=0.00446 bce=0.00446 lap=0.00 lam=0.0e+00 val=1.0000 2ch=0.000 2cl=1.000 61s
 step  110000 loss=0.00415 bce=0.00415 lap=0.00 lam=0.0e+00 val=1.0000 2ch=0.000 2cl=1.000 61s
 step  115000 loss=0.00388 bce=0.00388 lap=0.00 lam=0.0e+00 val=0.9998 2ch=0.000 2cl=1.000 61s
 step  120000 loss=0.00362 bce=0.00362 lap=0.00 lam=0.0e+00 val=1.0000 2ch=0.000 2cl=1.000 61s
 step  125000 loss=0.00346 bce=0.00346 lap=0.00 lam=0.0e+00 val=1.0000 2ch=0.000 2cl=1.000 61s
 step  130000 loss=0.00322 bce=0.00322 lap=0.00 lam=0.0e+00 val=1.0000 2ch=0.000 2cl=1.000 61s
 step  135000 loss=0.00299 bce=0.00299 lap=0.00 lam=0.0e+00 val=0.9998 2ch=0.000 2cl=1.000 61s
 step  140000 loss=0.00279 bce=0.00279 lap=0.00 lam=0.0e+00 val=0.9998 2ch=0.000 2cl=1.000 61s
 step  145000 loss=0.00265 bce=0.00265 lap=0.00 lam=0.0e+00 val=1.0000 2ch=0.000 2cl=0.999 61s
 step  150000 loss=0.00247 bce=0.00247 lap=0.00 lam=0.0e+00 val=1.0000 2ch=0.000 2cl=1.000 61s
 step  155000 loss=0.00242 bce=0.00242 lap=0.00 lam=0.0e+00 val=0.9998 2ch=0.000 2cl=1.000 61s
 step  160000 loss=0.00230 bce=0.00230 lap=0.00 lam=0.0e+00 val=0.9996 2ch=0.000 2cl=1.000 61s
 step  165000 loss=0.00209 bce=0.00209 lap=0.00 lam=0.0e+00 val=0.9998 2ch=0.000 2cl=1.000 61s
 step  170000 loss=0.00202 bce=0.00202 lap=0.00 lam=0.0e+00 val=1.0000 2ch=0.000 2cl=1.000 61s
 step  175000 loss=0.00195 bce=0.00195 lap=0.00 lam=0.0e+00 val=1.0000 2ch=0.000 2cl=1.000 61s
 step  180000 loss=0.00191 bce=0.00191 lap=0.00 lam=0.0e+00 val=1.0000 2ch=0.000 2cl=1.000 61s
 step  185000 loss=0.00181 bce=0.00181 lap=0.00 lam=0.0e+00 val=1.0000 2ch=0.000 2cl=1.000 61s
 step  190000 loss=0.00168 bce=0.00168 lap=0.00 lam=0.0e+00 val=1.0000 2ch=0.000 2cl=1.000 61s
 step  195000 loss=0.00163 bce=0.00163 lap=0.00 lam=0.0e+00 val=0.9996 2ch=0.000 2cl=1.000 61s
 step  200000 loss=0.00161 bce=0.00161 lap=0.00 lam=0.0e+00 val=0.9998 2ch=0.000 2cl=1.000 61s
 step  205000 loss=0.00153 bce=0.00153 lap=0.00 lam=0.0e+00 val=1.0000 2ch=0.000 2cl=1.000 61s
 step  210000 loss=0.00146 bce=0.00146 lap=0.00 lam=0.0e+00 val=0.9994 2ch=0.000 2cl=1.000 61s
 step  215000 loss=0.00140 bce=0.00140 lap=0.00 lam=0.0e+00 val=0.9996 2ch=0.000 2cl=1.000 61s
 step  220000 loss=0.00130 bce=0.00130 lap=0.00 lam=0.0e+00 val=1.0000 2ch=0.000 2cl=1.000 61s
 step  225000 loss=0.00131 bce=0.00131 lap=0.00 lam=0.0e+00 val=1.0000 2ch=0.000 2cl=1.000 61s
 step  230000 loss=0.00125 bce=0.00125 lap=0.00 lam=0.0e+00 val=1.0000 2ch=0.000 2cl=1.000 61s
 step  235000 loss=0.00120 bce=0.00120 lap=0.00 lam=0.0e+00 val=1.0000 2ch=0.000 2cl=1.000 61s
 step  240000 loss=0.00118 bce=0.00118 lap=0.00 lam=0.0e+00 val=1.0000 2ch=0.000 2cl=1.000 61s
 step  245000 loss=0.00111 bce=0.00111 lap=0.00 lam=0.0e+00 val=0.9998 2ch=0.000 2cl=1.000 61s
 step  250000 loss=0.00107 bce=0.00107 lap=0.00 lam=0.0e+00 val=1.0000 2ch=0.000 2cl=1.000 61s
 step  255000 loss=0.00106 bce=0.00106 lap=0.00 lam=0.0e+00 val=1.0000 2ch=0.000 2cl=1.000 61s
 step  260000 loss=0.00100 bce=0.00100 lap=0.00 lam=0.0e+00 val=1.0000 2ch=0.000 2cl=1.000 61s
 step  265000 loss=0.00097 bce=0.00097 lap=0.00 lam=0.0e+00 val=1.0000 2ch=0.000 2cl=1.000 61s
 step  270000 loss=0.00097 bce=0.00097 lap=0.00 lam=0.0e+00 val=1.0000 2ch=0.000 2cl=1.000 61s
 step  275000 loss=0.00094 bce=0.00094 lap=0.00 lam=0.0e+00 val=1.0000 2ch=0.000 2cl=1.000 61s
 step  280000 loss=0.00088 bce=0.00088 lap=0.00 lam=0.0e+00 val=0.9998 2ch=0.000 2cl=1.000 61s
 step  285000 loss=0.00088 bce=0.00088 lap=0.00 lam=0.0e+00 val=0.9998 2ch=0.000 2cl=1.000 61s
 step  290000 loss=0.00085 bce=0.00085 lap=0.00 lam=0.0e+00 val=1.0000 2ch=0.000 2cl=1.000 61s
 step  295000 loss=0.00084 bce=0.00084 lap=0.00 lam=0.0e+00 val=1.0000 2ch=0.000 2cl=1.000 61s
 step  300000 loss=0.00080 bce=0.00080 lap=0.00 lam=0.0e+00 val=0.9998 2ch=0.000 2cl=0.998 61s
 step  305000 loss=0.00078 bce=0.00078 lap=0.00 lam=0.0e+00 val=1.0000 2ch=0.000 2cl=1.000 61s
 step  310000 loss=0.00077 bce=0.00077 lap=0.00 lam=0.0e+00 val=1.0000 2ch=0.000 2cl=1.000 61s
 step  315000 loss=0.00073 bce=0.00073 lap=0.00 lam=0.0e+00 val=0.9996 2ch=0.000 2cl=1.000 61s
 step  320000 loss=0.00075 bce=0.00075 lap=0.00 lam=0.0e+00 val=1.0000 2ch=0.000 2cl=1.000 61s
 step  325000 loss=0.00068 bce=0.00068 lap=0.00 lam=0.0e+00 val=0.9998 2ch=0.000 2cl=1.000 61s
 step  330000 loss=0.00069 bce=0.00069 lap=0.00 lam=0.0e+00 val=0.9994 2ch=0.000 2cl=1.000 61s
 step  335000 loss=0.00068 bce=0.00068 lap=0.00 lam=0.0e+00 val=0.9996 2ch=0.000 2cl=1.000 61s
 step  340000 loss=0.00064 bce=0.00064 lap=0.00 lam=0.0e+00 val=0.9996 2ch=0.000 2cl=1.000 61s
 step  345000 loss=0.00063 bce=0.00063 lap=0.00 lam=0.0e+00 val=0.9998 2ch=0.000 2cl=1.000 61s
 step  350000 loss=0.00064 bce=0.00064 lap=0.00 lam=0.0e+00 val=0.9998 2ch=0.000 2cl=1.000 61s
 step  355000 loss=0.00059 bce=0.00059 lap=0.00 lam=0.0e+00 val=1.0000 2ch=0.000 2cl=1.000 61s
 step  360000 loss=0.00059 bce=0.00059 lap=0.00 lam=0.0e+00 val=0.9992 2ch=0.000 2cl=1.000 61s
 step  365000 loss=0.00059 bce=0.00059 lap=0.00 lam=0.0e+00 val=1.0000 2ch=0.000 2cl=1.000 61s
 step  370000 loss=0.00058 bce=0.00058 lap=0.00 lam=0.0e+00 val=0.9994 2ch=0.000 2cl=1.000 61s
 step  375000 loss=0.00056 bce=0.00056 lap=0.00 lam=0.0e+00 val=1.0000 2ch=0.000 2cl=1.000 61s
 step  380000 loss=0.00053 bce=0.00053 lap=0.00 lam=0.0e+00 val=0.9998 2ch=0.000 2cl=0.999 61s
 step  385000 loss=0.00054 bce=0.00054 lap=0.00 lam=0.0e+00 val=1.0000 2ch=0.000 2cl=1.000 61s
 step  390000 loss=0.00052 bce=0.00052 lap=0.00 lam=0.0e+00 val=1.0000 2ch=0.000 2cl=1.000 61s
 step  395000 loss=0.00048 bce=0.00048 lap=0.00 lam=0.0e+00 val=0.9990 2ch=0.000 2cl=1.000 61s
 step  400000 loss=0.00051 bce=0.00051 lap=0.00 lam=0.0e+00 val=1.0000 2ch=0.000 2cl=1.000 61s
 step  405000 loss=0.00046 bce=0.00046 lap=0.00 lam=0.0e+00 val=0.9994 2ch=0.000 2cl=1.000 61s
 step  410000 loss=0.00046 bce=0.00046 lap=0.00 lam=0.0e+00 val=1.0000 2ch=0.000 2cl=1.000 61s
 step  415000 loss=0.00047 bce=0.00047 lap=0.00 lam=0.0e+00 val=0.9998 2ch=0.000 2cl=1.000 61s
 step  420000 loss=0.00046 bce=0.00046 lap=0.00 lam=0.0e+00 val=1.0000 2ch=0.000 2cl=1.000 61s
 step  425000 loss=0.00042 bce=0.00042 lap=0.00 lam=0.0e+00 val=0.9998 2ch=0.000 2cl=1.000 61s
 step  430000 loss=0.00044 bce=0.00044 lap=0.00 lam=0.0e+00 val=1.0000 2ch=0.000 2cl=1.000 61s
 step  435000 loss=0.00040 bce=0.00040 lap=0.00 lam=0.0e+00 val=1.0000 2ch=0.000 2cl=1.000 61s
 step  440000 loss=0.00041 bce=0.00041 lap=0.00 lam=0.0e+00 val=1.0000 2ch=0.000 2cl=1.000 61s
 step  445000 loss=0.00038 bce=0.00038 lap=0.00 lam=0.0e+00 val=0.9998 2ch=0.000 2cl=1.000 61s
 step  450000 loss=0.00039 bce=0.00039 lap=0.00 lam=0.0e+00 val=1.0000 2ch=0.000 2cl=1.000 61s
 step  455000 loss=0.00038 bce=0.00038 lap=0.00 lam=0.0e+00 val=1.0000 2ch=0.000 2cl=1.000 61s
 step  460000 loss=0.00034 bce=0.00034 lap=0.00 lam=0.0e+00 val=1.0000 2ch=0.000 2cl=1.000 61s
 step  465000 loss=0.00037 bce=0.00037 lap=0.00 lam=0.0e+00 val=1.0000 2ch=0.000 2cl=1.000 61s
 step  470000 loss=0.00035 bce=0.00035 lap=0.00 lam=0.0e+00 val=1.0000 2ch=0.000 2cl=1.000 61s
 step  475000 loss=0.00032 bce=0.00032 lap=0.00 lam=0.0e+00 val=1.0000 2ch=0.000 2cl=1.000 61s
 step  480000 loss=0.00031 bce=0.00031 lap=0.00 lam=0.0e+00 val=1.0000 2ch=0.000 2cl=1.000 61s
 step  485000 loss=0.00031 bce=0.00031 lap=0.00 lam=0.0e+00 val=1.0000 2ch=0.000 2cl=1.000 61s
 step  490000 loss=0.00029 bce=0.00029 lap=0.00 lam=0.0e+00 val=1.0000 2ch=0.000 2cl=1.000 61s
 step  495000 loss=0.00030 bce=0.00030 lap=0.00 lam=0.0e+00 val=0.9998 2ch=0.000 2cl=1.000 61s
 step  500000 loss=0.00027 bce=0.00027 lap=0.00 lam=0.0e+00 val=0.9998 2ch=0.000 2cl=1.000 61s
 step  505000 loss=0.00028 bce=0.00028 lap=0.00 lam=0.0e+00 val=1.0000 2ch=0.000 2cl=1.000 61s
 step  510000 loss=0.00027 bce=0.00027 lap=0.00 lam=0.0e+00 val=1.0000 2ch=0.000 2cl=1.000 61s
 step  515000 loss=0.00027 bce=0.00027 lap=0.00 lam=0.0e+00 val=1.0000 2ch=0.000 2cl=1.000 61s
 step  520000 loss=0.00025 bce=0.00025 lap=0.00 lam=0.0e+00 val=1.0000 2ch=0.000 2cl=1.000 61s
 step  525000 loss=0.00024 bce=0.00024 lap=0.00 lam=0.0e+00 val=1.0000 2ch=0.000 2cl=1.000 61s
 step  530000 loss=0.00024 bce=0.00024 lap=0.00 lam=0.0e+00 val=1.0000 2ch=0.000 2cl=1.000 61s
 step  535000 loss=0.00022 bce=0.00022 lap=0.00 lam=0.0e+00 val=1.0000 2ch=0.000 2cl=1.000 61s
 step  540000 loss=0.00023 bce=0.00023 lap=0.00 lam=0.0e+00 val=1.0000 2ch=0.000 2cl=1.000 61s
 step  545000 loss=0.00023 bce=0.00023 lap=0.00 lam=0.0e+00 val=1.0000 2ch=0.000 2cl=1.000 61s
 step  550000 loss=0.00020 bce=0.00020 lap=0.00 lam=0.0e+00 val=1.0000 2ch=0.000 2cl=1.000 61s
 step  555000 loss=0.00021 bce=0.00021 lap=0.00 lam=0.0e+00 val=1.0000 2ch=0.000 2cl=1.000 61s
 step  560000 loss=0.00019 bce=0.00019 lap=0.00 lam=0.0e+00 val=1.0000 2ch=0.000 2cl=1.000 61s
 step  565000 loss=0.00019 bce=0.00019 lap=0.00 lam=0.0e+00 val=1.0000 2ch=0.000 2cl=1.000 61s
 step  570000 loss=0.00016 bce=0.00016 lap=0.00 lam=0.0e+00 val=1.0000 2ch=0.000 2cl=1.000 61s
 step  575000 loss=0.00019 bce=0.00019 lap=0.00 lam=0.0e+00 val=1.0000 2ch=0.000 2cl=1.000 61s
 step  580000 loss=0.00017 bce=0.00017 lap=0.00 lam=0.0e+00 val=1.0000 2ch=0.000 2cl=1.000 61s
 step  585000 loss=0.00017 bce=0.00017 lap=0.00 lam=0.0e+00 val=1.0000 2ch=0.000 2cl=1.000 61s
 step  590000 loss=0.00015 bce=0.00015 lap=0.00 lam=0.0e+00 val=1.0000 2ch=0.000 2cl=1.000 61s
 step  595000 loss=0.00014 bce=0.00014 lap=0.00 lam=0.0e+00 val=1.0000 2ch=0.000 2cl=1.000 61s
 step  600000 loss=0.00016 bce=0.00016 lap=0.00 lam=0.0e+00 val=1.0000 2ch=0.000 2cl=1.000 61s
 step  605000 loss=0.00012 bce=0.00012 lap=0.00 lam=0.0e+00 val=1.0000 2ch=0.000 2cl=1.000 61s
 step  610000 loss=0.00015 bce=0.00015 lap=0.00 lam=0.0e+00 val=1.0000 2ch=0.000 2cl=1.000 61s
 step  615000 loss=0.00012 bce=0.00012 lap=0.00 lam=0.0e+00 val=1.0000 2ch=0.000 2cl=1.000 61s
 step  620000 loss=0.00013 bce=0.00013 lap=0.00 lam=0.0e+00 val=1.0000 2ch=0.000 2cl=1.000 61s
 step  625000 loss=0.00013 bce=0.00013 lap=0.00 lam=0.0e+00 val=1.0000 2ch=0.000 2cl=1.000 61s
 step  630000 loss=0.00010 bce=0.00010 lap=0.00 lam=0.0e+00 val=1.0000 2ch=0.000 2cl=1.000 61s
 step  635000 loss=0.00011 bce=0.00011 lap=0.00 lam=0.0e+00 val=1.0000 2ch=0.000 2cl=1.000 61s
 step  640000 loss=0.00010 bce=0.00010 lap=0.00 lam=0.0e+00 val=1.0000 2ch=0.000 2cl=1.000 61s
 step  645000 loss=0.00010 bce=0.00010 lap=0.00 lam=0.0e+00 val=1.0000 2ch=0.000 2cl=1.000 61s
 step  650000 loss=0.00011 bce=0.00011 lap=0.00 lam=0.0e+00 val=1.0000 2ch=0.000 2cl=1.000 61s
 step  655000 loss=0.00008 bce=0.00008 lap=0.00 lam=0.0e+00 val=1.0000 2ch=0.000 2cl=1.000 61s
 step  660000 loss=0.00009 bce=0.00009 lap=0.00 lam=0.0e+00 val=1.0000 2ch=0.000 2cl=1.000 61s
 step  665000 loss=0.00009 bce=0.00009 lap=0.00 lam=0.0e+00 val=1.0000 2ch=0.000 2cl=1.000 61s
 step  670000 loss=0.00009 bce=0.00009 lap=0.00 lam=0.0e+00 val=1.0000 2ch=0.000 2cl=1.000 61s
 step  675000 loss=0.00007 bce=0.00007 lap=0.00 lam=0.0e+00 val=1.0000 2ch=0.000 2cl=1.000 61s
 step  680000 loss=0.00008 bce=0.00008 lap=0.00 lam=0.0e+00 val=1.0000 2ch=0.000 2cl=1.000 61s
 step  685000 loss=0.00007 bce=0.00007 lap=0.00 lam=0.0e+00 val=1.0000 2ch=0.000 2cl=1.000 61s
 step  690000 loss=0.00006 bce=0.00006 lap=0.00 lam=0.0e+00 val=1.0000 2ch=0.000 2cl=1.000 61s
 step  695000 loss=0.00006 bce=0.00006 lap=0.00 lam=0.0e+00 val=1.0000 2ch=0.000 2cl=1.000 61s
 step  700000 loss=0.00005 bce=0.00005 lap=0.00 lam=0.0e+00 val=1.0000 2ch=0.000 2cl=1.000 61s
 step  705000 loss=0.00006 bce=0.00006 lap=0.00 lam=0.0e+00 val=1.0000 2ch=0.000 2cl=1.000 61s
 step  710000 loss=0.00005 bce=0.00005 lap=0.00 lam=0.0e+00 val=1.0000 2ch=0.000 2cl=1.000 61s
 step  715000 loss=0.00005 bce=0.00005 lap=0.00 lam=0.0e+00 val=1.0000 2ch=0.000 2cl=1.000 61s
 step  720000 loss=0.00005 bce=0.00005 lap=0.00 lam=0.0e+00 val=1.0000 2ch=0.000 2cl=1.000 61s
 step  725000 loss=0.00004 bce=0.00004 lap=0.00 lam=0.0e+00 val=1.0000 2ch=0.000 2cl=1.000 61s
 step  730000 loss=0.00004 bce=0.00004 lap=0.00 lam=0.0e+00 val=1.0000 2ch=0.000 2cl=1.000 61s
 step  735000 loss=0.00003 bce=0.00003 lap=0.00 lam=0.0e+00 val=1.0000 2ch=0.000 2cl=1.000 61s
 step  740000 loss=0.00004 bce=0.00004 lap=0.00 lam=0.0e+00 val=1.0000 2ch=0.000 2cl=1.000 61s
 step  745000 loss=0.00003 bce=0.00003 lap=0.00 lam=0.0e+00 val=1.0000 2ch=0.000 2cl=1.000 61s
 step  750000 loss=0.00003 bce=0.00003 lap=0.00 lam=0.0e+00 val=1.0000 2ch=0.000 2cl=1.000 61s
 step  755000 loss=0.00003 bce=0.00003 lap=0.00 lam=0.0e+00 val=1.0000 2ch=0.000 2cl=1.000 61s
 step  760000 loss=0.00003 bce=0.00003 lap=0.00 lam=0.0e+00 val=1.0000 2ch=0.000 2cl=1.000 61s
 step  765000 loss=0.00002 bce=0.00002 lap=0.00 lam=0.0e+00 val=1.0000 2ch=0.000 2cl=1.000 61s
 step  770000 loss=0.00003 bce=0.00003 lap=0.00 lam=0.0e+00 val=1.0000 2ch=0.000 2cl=1.000 61s
 step  775000 loss=0.00002 bce=0.00002 lap=0.00 lam=0.0e+00 val=1.0000 2ch=0.000 2cl=1.000 61s
 step  780000 loss=0.00002 bce=0.00002 lap=0.00 lam=0.0e+00 val=1.0000 2ch=0.000 2cl=1.000 61s
 step  785000 loss=0.00002 bce=0.00002 lap=0.00 lam=0.0e+00 val=1.0000 2ch=0.000 2cl=1.000 61s
 step  790000 loss=0.00002 bce=0.00002 lap=0.00 lam=0.0e+00 val=1.0000 2ch=0.000 2cl=1.000 61s
 step  795000 loss=0.00001 bce=0.00001 lap=0.00 lam=0.0e+00 val=1.0000 2ch=0.000 2cl=1.000 61s
 step  800000 loss=0.00001 bce=0.00001 lap=0.00 lam=0.0e+00 val=1.0000 2ch=0.000 2cl=1.000 61s
 step  805000 loss=0.00002 bce=0.00002 lap=0.00 lam=0.0e+00 val=1.0000 2ch=0.000 2cl=1.000 61s
 step  810000 loss=0.00001 bce=0.00001 lap=0.00 lam=0.0e+00 val=1.0000 2ch=0.000 2cl=1.000 61s
 step  815000 loss=0.00001 bce=0.00001 lap=0.00 lam=0.0e+00 val=1.0000 2ch=0.000 2cl=1.000 61s
 step  820000 loss=0.00001 bce=0.00001 lap=0.00 lam=0.0e+00 val=1.0000 2ch=0.000 2cl=1.000 61s
 step  825000 loss=0.00001 bce=0.00001 lap=0.00 lam=0.0e+00 val=1.0000 2ch=0.000 2cl=1.000 61s
 step  830000 loss=0.00001 bce=0.00001 lap=0.00 lam=0.0e+00 val=1.0000 2ch=0.000 2cl=1.000 61s
 step  835000 loss=0.00001 bce=0.00001 lap=0.00 lam=0.0e+00 val=1.0000 2ch=0.000 2cl=1.000 61s
 step  840000 loss=0.00001 bce=0.00001 lap=0.00 lam=0.0e+00 val=1.0000 2ch=0.000 2cl=1.000 61s
 step  845000 loss=0.00001 bce=0.00001 lap=0.00 lam=0.0e+00 val=1.0000 2ch=0.000 2cl=1.000 61s
 step  850000 loss=0.00001 bce=0.00001 lap=0.00 lam=0.0e+00 val=1.0000 2ch=0.000 2cl=1.000 61s
 step  855000 loss=0.00001 bce=0.00001 lap=0.00 lam=0.0e+00 val=1.0000 2ch=0.000 2cl=1.000 61s
 step  860000 loss=0.00000 bce=0.00000 lap=0.00 lam=0.0e+00 val=1.0000 2ch=0.000 2cl=1.000 61s
 step  865000 loss=0.00001 bce=0.00001 lap=0.00 lam=0.0e+00 val=1.0000 2ch=0.000 2cl=1.000 61s
 step  870000 loss=0.00000 bce=0.00000 lap=0.00 lam=0.0e+00 val=1.0000 2ch=0.000 2cl=1.000 61s
 step  875000 loss=0.00000 bce=0.00000 lap=0.00 lam=0.0e+00 val=1.0000 2ch=0.000 2cl=1.000 61s
 step  880000 loss=0.00000 bce=0.00000 lap=0.00 lam=0.0e+00 val=1.0000 2ch=0.000 2cl=1.000 61s
 step  885000 loss=0.00000 bce=0.00000 lap=0.00 lam=0.0e+00 val=1.0000 2ch=0.000 2cl=1.000 61s
 step  890000 loss=0.00000 bce=0.00000 lap=0.00 lam=0.0e+00 val=1.0000 2ch=0.000 2cl=1.000 61s
 step  895000 loss=0.00000 bce=0.00000 lap=0.00 lam=0.0e+00 val=1.0000 2ch=0.000 2cl=1.000 61s
 step  900000 loss=0.00000 bce=0.00000 lap=0.00 lam=0.0e+00 val=1.0000 2ch=0.000 2cl=1.000 61s
 step  905000 loss=0.00000 bce=0.00000 lap=0.00 lam=0.0e+00 val=1.0000 2ch=0.000 2cl=1.000 61s
 step  910000 loss=0.00000 bce=0.00000 lap=0.00 lam=0.0e+00 val=1.0000 2ch=0.000 2cl=1.000 61s
 step  915000 loss=0.00000 bce=0.00000 lap=0.00 lam=0.0e+00 val=1.0000 2ch=0.000 2cl=1.000 61s
 step  920000 loss=0.00000 bce=0.00000 lap=0.00 lam=0.0e+00 val=1.0000 2ch=0.000 2cl=1.000 61s
 step  925000 loss=0.00000 bce=0.00000 lap=0.00 lam=0.0e+00 val=1.0000 2ch=0.000 2cl=1.000 61s
 step  930000 loss=0.00000 bce=0.00000 lap=0.00 lam=0.0e+00 val=1.0000 2ch=0.000 2cl=1.000 61s
 step  935000 loss=0.00000 bce=0.00000 lap=0.00 lam=0.0e+00 val=1.0000 2ch=0.000 2cl=1.000 61s
 step  940000 loss=0.00000 bce=0.00000 lap=0.00 lam=0.0e+00 val=1.0000 2ch=0.000 2cl=1.000 61s
 step  945000 loss=0.00000 bce=0.00000 lap=0.00 lam=0.0e+00 val=1.0000 2ch=0.000 2cl=1.000 61s
 step  950000 loss=0.00000 bce=0.00000 lap=0.00 lam=0.0e+00 val=1.0000 2ch=0.000 2cl=1.000 61s
 step  955000 loss=0.00000 bce=0.00000 lap=0.00 lam=0.0e+00 val=1.0000 2ch=0.000 2cl=1.000 62s
 step  960000 loss=0.00000 bce=0.00000 lap=0.00 lam=0.0e+00 val=1.0000 2ch=0.000 2cl=1.000 61s
 step  965000 loss=0.00000 bce=0.00000 lap=0.00 lam=0.0e+00 val=1.0000 2ch=0.000 2cl=1.000 61s
 step  970000 loss=0.00000 bce=0.00000 lap=0.00 lam=0.0e+00 val=1.0000 2ch=0.000 2cl=1.000 61s
 step  975000 loss=0.00000 bce=0.00000 lap=0.00 lam=0.0e+00 val=1.0000 2ch=0.000 2cl=1.000 61s
 step  980000 loss=0.00000 bce=0.00000 lap=0.00 lam=0.0e+00 val=1.0000 2ch=0.000 2cl=1.000 61s
 step  985000 loss=0.00000 bce=0.00000 lap=0.00 lam=0.0e+00 val=1.0000 2ch=0.000 2cl=1.000 61s
 step  990000 loss=0.00000 bce=0.00000 lap=0.00 lam=0.0e+00 val=1.0000 2ch=0.000 2cl=1.000 61s
 step  995000 loss=0.00000 bce=0.00000 lap=0.00 lam=0.0e+00 val=1.0000 2ch=0.000 2cl=1.000 61s
 step 1000000 loss=0.00000 bce=0.00000 lap=0.00 lam=0.0e+00 val=1.0000 2ch=0.000 2cl=1.000 61s
done. best in-dist exact=1.0000  -> runs/report6/c_train/n40_bridged+split_roberta_linear_lam0_seed2000
done -> runs/report6/c_train/n40_bridged+split_roberta_linear_lam0_seed2000/last.pt
