task 6 -> n=40 p=0.05 seed=3000 (families=bridged,split)
== n40_bridged+split_roberta_linear_lam0_seed3000 ==
 device=cuda arch=roberta readout=linear lambda=0.0 params=6,347,304
 step    5000 loss=0.16927 bce=0.16927 lap=0.00 lam=0.0e+00 val=0.1924 2ch=0.000 2cl=0.000 60s
 step   10000 loss=0.13594 bce=0.13594 lap=0.00 lam=0.0e+00 val=0.1918 2ch=0.000 2cl=0.043 58s
 step   15000 loss=0.13238 bce=0.13238 lap=0.00 lam=0.0e+00 val=0.2664 2ch=0.000 2cl=0.086 58s
 step   20000 loss=0.12988 bce=0.12988 lap=0.00 lam=0.0e+00 val=0.3150 2ch=0.000 2cl=0.198 58s
 step   25000 loss=0.12813 bce=0.12813 lap=0.00 lam=0.0e+00 val=0.3292 2ch=0.000 2cl=0.042 58s
 step   30000 loss=0.12691 bce=0.12691 lap=0.00 lam=0.0e+00 val=0.3746 2ch=0.000 2cl=0.507 58s
 step   35000 loss=0.12574 bce=0.12574 lap=0.00 lam=0.0e+00 val=0.3988 2ch=0.000 2cl=0.235 58s
 step   40000 loss=0.12497 bce=0.12497 lap=0.00 lam=0.0e+00 val=0.4214 2ch=0.000 2cl=0.671 59s
 step   45000 loss=0.12404 bce=0.12404 lap=0.00 lam=0.0e+00 val=0.5326 2ch=0.000 2cl=0.993 59s
 step   50000 loss=0.12324 bce=0.12324 lap=0.00 lam=0.0e+00 val=0.5010 2ch=0.000 2cl=0.755 59s
 step   55000 loss=0.12230 bce=0.12230 lap=0.00 lam=0.0e+00 val=0.5930 2ch=0.000 2cl=0.926 58s
 step   60000 loss=0.12139 bce=0.12139 lap=0.00 lam=0.0e+00 val=0.5784 2ch=0.000 2cl=0.992 59s
 step   65000 loss=0.12053 bce=0.12053 lap=0.00 lam=0.0e+00 val=0.5922 2ch=0.000 2cl=0.969 58s
 step   70000 loss=0.11981 bce=0.11981 lap=0.00 lam=0.0e+00 val=0.5992 2ch=0.000 2cl=0.994 58s
 step   75000 loss=0.11919 bce=0.11919 lap=0.00 lam=0.0e+00 val=0.6154 2ch=0.000 2cl=1.000 58s
 step   80000 loss=0.11870 bce=0.11870 lap=0.00 lam=0.0e+00 val=0.6152 2ch=0.000 2cl=1.000 58s
 step   85000 loss=0.11827 bce=0.11827 lap=0.00 lam=0.0e+00 val=0.6506 2ch=0.000 2cl=0.997 58s
 step   90000 loss=0.11785 bce=0.11785 lap=0.00 lam=0.0e+00 val=0.5996 2ch=0.000 2cl=1.000 58s
 step   95000 loss=0.11764 bce=0.11764 lap=0.00 lam=0.0e+00 val=0.6562 2ch=0.000 2cl=0.996 58s
 step  100000 loss=0.11736 bce=0.11736 lap=0.00 lam=0.0e+00 val=0.6598 2ch=0.000 2cl=0.999 58s
 step  105000 loss=0.11696 bce=0.11696 lap=0.00 lam=0.0e+00 val=0.6586 2ch=0.000 2cl=1.000 59s
 step  110000 loss=0.11673 bce=0.11673 lap=0.00 lam=0.0e+00 val=0.6816 2ch=0.000 2cl=1.000 58s
 step  115000 loss=0.11664 bce=0.11664 lap=0.00 lam=0.0e+00 val=0.6752 2ch=0.000 2cl=0.998 58s
 step  120000 loss=0.11627 bce=0.11627 lap=0.00 lam=0.0e+00 val=0.6656 2ch=0.000 2cl=0.969 59s
 step  125000 loss=0.11590 bce=0.11590 lap=0.00 lam=0.0e+00 val=0.6924 2ch=0.000 2cl=0.999 59s
 step  130000 loss=0.11532 bce=0.11532 lap=0.00 lam=0.0e+00 val=0.6348 2ch=0.000 2cl=1.000 58s
 step  135000 loss=0.11421 bce=0.11421 lap=0.00 lam=0.0e+00 val=0.5866 2ch=0.000 2cl=1.000 58s
 step  140000 loss=0.11246 bce=0.11246 lap=0.00 lam=0.0e+00 val=0.4310 2ch=0.000 2cl=1.000 58s
 step  145000 loss=0.11012 bce=0.11012 lap=0.00 lam=0.0e+00 val=0.3526 2ch=0.000 2cl=1.000 59s
 step  150000 loss=0.10810 bce=0.10810 lap=0.00 lam=0.0e+00 val=0.3230 2ch=0.000 2cl=1.000 58s
 step  155000 loss=0.10659 bce=0.10659 lap=0.00 lam=0.0e+00 val=0.2868 2ch=0.000 2cl=1.000 59s
 step  160000 loss=0.10531 bce=0.10531 lap=0.00 lam=0.0e+00 val=0.3770 2ch=0.000 2cl=0.730 58s
 step  165000 loss=0.10389 bce=0.10389 lap=0.00 lam=0.0e+00 val=0.3268 2ch=0.000 2cl=0.963 58s
 step  170000 loss=0.10222 bce=0.10222 lap=0.00 lam=0.0e+00 val=0.4168 2ch=0.000 2cl=0.986 58s
 step  175000 loss=0.10034 bce=0.10034 lap=0.00 lam=0.0e+00 val=0.3526 2ch=0.000 2cl=0.980 59s
 step  180000 loss=0.09826 bce=0.09826 lap=0.00 lam=0.0e+00 val=0.4166 2ch=0.000 2cl=0.937 58s
 step  185000 loss=0.09620 bce=0.09620 lap=0.00 lam=0.0e+00 val=0.4974 2ch=0.000 2cl=0.381 58s
 step  190000 loss=0.09435 bce=0.09435 lap=0.00 lam=0.0e+00 val=0.4566 2ch=0.000 2cl=0.160 58s
 step  195000 loss=0.09077 bce=0.09077 lap=0.00 lam=0.0e+00 val=0.4564 2ch=0.000 2cl=0.956 58s
 step  200000 loss=0.09050 bce=0.09050 lap=0.00 lam=0.0e+00 val=0.5112 2ch=0.000 2cl=0.997 58s
 step  205000 loss=0.08912 bce=0.08912 lap=0.00 lam=0.0e+00 val=0.4992 2ch=0.000 2cl=0.000 58s
 step  210000 loss=0.08677 bce=0.08677 lap=0.00 lam=0.0e+00 val=0.5092 2ch=0.000 2cl=1.000 58s
 step  215000 loss=0.08599 bce=0.08599 lap=0.00 lam=0.0e+00 val=0.5188 2ch=0.000 2cl=0.544 58s
 step  220000 loss=0.08453 bce=0.08453 lap=0.00 lam=0.0e+00 val=0.5354 2ch=0.000 2cl=0.984 58s
 step  225000 loss=0.08382 bce=0.08382 lap=0.00 lam=0.0e+00 val=0.4994 2ch=0.000 2cl=0.998 58s
 step  230000 loss=0.08255 bce=0.08255 lap=0.00 lam=0.0e+00 val=0.4904 2ch=0.000 2cl=0.679 58s
 step  235000 loss=0.08078 bce=0.08078 lap=0.00 lam=0.0e+00 val=0.5054 2ch=0.000 2cl=1.000 58s
 step  240000 loss=0.07884 bce=0.07884 lap=0.00 lam=0.0e+00 val=0.5330 2ch=0.000 2cl=1.000 58s
 step  245000 loss=0.07650 bce=0.07650 lap=0.00 lam=0.0e+00 val=0.5110 2ch=0.000 2cl=1.000 59s
 step  250000 loss=0.07597 bce=0.07597 lap=0.00 lam=0.0e+00 val=0.5162 2ch=0.000 2cl=1.000 59s
 step  255000 loss=0.07508 bce=0.07508 lap=0.00 lam=0.0e+00 val=0.5150 2ch=0.000 2cl=1.000 59s
 step  260000 loss=0.07231 bce=0.07231 lap=0.00 lam=0.0e+00 val=0.5586 2ch=0.000 2cl=0.993 59s
 step  265000 loss=0.07073 bce=0.07073 lap=0.00 lam=0.0e+00 val=0.5710 2ch=0.000 2cl=1.000 60s
 step  270000 loss=0.06965 bce=0.06965 lap=0.00 lam=0.0e+00 val=0.5524 2ch=0.000 2cl=1.000 59s
 step  275000 loss=0.06913 bce=0.06913 lap=0.00 lam=0.0e+00 val=0.5286 2ch=0.000 2cl=1.000 59s
 step  280000 loss=0.06760 bce=0.06760 lap=0.00 lam=0.0e+00 val=0.5600 2ch=0.000 2cl=1.000 60s
 step  285000 loss=0.06797 bce=0.06797 lap=0.00 lam=0.0e+00 val=0.5616 2ch=0.000 2cl=0.313 59s
 step  290000 loss=0.06663 bce=0.06663 lap=0.00 lam=0.0e+00 val=0.5530 2ch=0.000 2cl=0.986 59s
 step  295000 loss=0.06532 bce=0.06532 lap=0.00 lam=0.0e+00 val=0.5282 2ch=0.000 2cl=0.996 59s
 step  300000 loss=0.06597 bce=0.06597 lap=0.00 lam=0.0e+00 val=0.5148 2ch=0.000 2cl=0.980 59s
 step  305000 loss=0.06365 bce=0.06365 lap=0.00 lam=0.0e+00 val=0.5236 2ch=0.000 2cl=0.944 59s
 step  310000 loss=0.06371 bce=0.06371 lap=0.00 lam=0.0e+00 val=0.5320 2ch=0.000 2cl=1.000 60s
 step  315000 loss=0.06254 bce=0.06254 lap=0.00 lam=0.0e+00 val=0.5202 2ch=0.000 2cl=0.789 60s
 step  320000 loss=0.06256 bce=0.06256 lap=0.00 lam=0.0e+00 val=0.4670 2ch=0.000 2cl=0.916 59s
 step  325000 loss=0.06328 bce=0.06328 lap=0.00 lam=0.0e+00 val=0.5482 2ch=0.000 2cl=1.000 59s
 step  330000 loss=0.06240 bce=0.06240 lap=0.00 lam=0.0e+00 val=0.5366 2ch=0.000 2cl=0.929 60s
 step  335000 loss=0.06213 bce=0.06213 lap=0.00 lam=0.0e+00 val=0.5094 2ch=0.000 2cl=1.000 60s
 step  340000 loss=0.06062 bce=0.06062 lap=0.00 lam=0.0e+00 val=0.4756 2ch=0.000 2cl=0.767 60s
 step  345000 loss=0.06040 bce=0.06040 lap=0.00 lam=0.0e+00 val=0.5700 2ch=0.000 2cl=0.776 60s
 step  350000 loss=0.05926 bce=0.05926 lap=0.00 lam=0.0e+00 val=0.5578 2ch=0.000 2cl=0.997 59s
 step  355000 loss=0.05937 bce=0.05937 lap=0.00 lam=0.0e+00 val=0.5576 2ch=0.000 2cl=0.954 59s
 step  360000 loss=0.05915 bce=0.05915 lap=0.00 lam=0.0e+00 val=0.5666 2ch=0.000 2cl=1.000 59s
 step  365000 loss=0.05807 bce=0.05807 lap=0.00 lam=0.0e+00 val=0.5608 2ch=0.000 2cl=0.586 59s
 step  370000 loss=0.05749 bce=0.05749 lap=0.00 lam=0.0e+00 val=0.4988 2ch=0.000 2cl=0.230 59s
 step  375000 loss=0.05749 bce=0.05749 lap=0.00 lam=0.0e+00 val=0.5434 2ch=0.000 2cl=0.935 59s
 step  380000 loss=0.05700 bce=0.05700 lap=0.00 lam=0.0e+00 val=0.5436 2ch=0.000 2cl=0.957 59s
 step  385000 loss=0.05707 bce=0.05707 lap=0.00 lam=0.0e+00 val=0.5624 2ch=0.000 2cl=0.983 58s
 step  390000 loss=0.05711 bce=0.05711 lap=0.00 lam=0.0e+00 val=0.5746 2ch=0.000 2cl=0.988 59s
 step  395000 loss=0.05655 bce=0.05655 lap=0.00 lam=0.0e+00 val=0.5398 2ch=0.000 2cl=0.822 58s
 step  400000 loss=0.05617 bce=0.05617 lap=0.00 lam=0.0e+00 val=0.5418 2ch=0.000 2cl=0.289 58s
 step  405000 loss=0.05599 bce=0.05599 lap=0.00 lam=0.0e+00 val=0.5270 2ch=0.000 2cl=0.992 58s
 step  410000 loss=0.05563 bce=0.05563 lap=0.00 lam=0.0e+00 val=0.5824 2ch=0.000 2cl=0.992 58s
 step  415000 loss=0.05539 bce=0.05539 lap=0.00 lam=0.0e+00 val=0.5438 2ch=0.000 2cl=0.323 59s
 step  420000 loss=0.05539 bce=0.05539 lap=0.00 lam=0.0e+00 val=0.5974 2ch=0.000 2cl=0.848 58s
 step  425000 loss=0.05521 bce=0.05521 lap=0.00 lam=0.0e+00 val=0.5552 2ch=0.000 2cl=0.007 59s
 step  430000 loss=0.05497 bce=0.05497 lap=0.00 lam=0.0e+00 val=0.5684 2ch=0.000 2cl=0.984 58s
 step  435000 loss=0.05487 bce=0.05487 lap=0.00 lam=0.0e+00 val=0.5566 2ch=0.000 2cl=0.091 58s
 step  440000 loss=0.05503 bce=0.05503 lap=0.00 lam=0.0e+00 val=0.5392 2ch=0.000 2cl=0.030 58s
 step  445000 loss=0.05449 bce=0.05449 lap=0.00 lam=0.0e+00 val=0.5882 2ch=0.000 2cl=0.790 58s
 step  450000 loss=0.05420 bce=0.05420 lap=0.00 lam=0.0e+00 val=0.5824 2ch=0.000 2cl=0.868 59s
 step  455000 loss=0.05390 bce=0.05390 lap=0.00 lam=0.0e+00 val=0.5926 2ch=0.000 2cl=0.785 58s
 step  460000 loss=0.05375 bce=0.05375 lap=0.00 lam=0.0e+00 val=0.5880 2ch=0.000 2cl=0.999 59s
 step  465000 loss=0.05364 bce=0.05364 lap=0.00 lam=0.0e+00 val=0.5778 2ch=0.000 2cl=0.984 58s
 step  470000 loss=0.05355 bce=0.05355 lap=0.00 lam=0.0e+00 val=0.5972 2ch=0.000 2cl=1.000 58s
 step  475000 loss=0.05329 bce=0.05329 lap=0.00 lam=0.0e+00 val=0.5982 2ch=0.000 2cl=0.881 58s
 step  480000 loss=0.05299 bce=0.05299 lap=0.00 lam=0.0e+00 val=0.5974 2ch=0.000 2cl=0.618 58s
 step  485000 loss=0.05292 bce=0.05292 lap=0.00 lam=0.0e+00 val=0.6208 2ch=0.000 2cl=0.967 58s
 step  490000 loss=0.05267 bce=0.05267 lap=0.00 lam=0.0e+00 val=0.5916 2ch=0.000 2cl=0.994 58s
 step  495000 loss=0.05253 bce=0.05253 lap=0.00 lam=0.0e+00 val=0.6260 2ch=0.000 2cl=0.995 58s
 step  500000 loss=0.05233 bce=0.05233 lap=0.00 lam=0.0e+00 val=0.5616 2ch=0.000 2cl=0.072 58s
 step  505000 loss=0.05227 bce=0.05227 lap=0.00 lam=0.0e+00 val=0.6236 2ch=0.000 2cl=0.998 58s
 step  510000 loss=0.05210 bce=0.05210 lap=0.00 lam=0.0e+00 val=0.6352 2ch=0.000 2cl=0.958 58s
 step  515000 loss=0.05209 bce=0.05209 lap=0.00 lam=0.0e+00 val=0.6526 2ch=0.000 2cl=1.000 58s
 step  520000 loss=0.05188 bce=0.05188 lap=0.00 lam=0.0e+00 val=0.6564 2ch=0.000 2cl=0.826 58s
 step  525000 loss=0.05180 bce=0.05180 lap=0.00 lam=0.0e+00 val=0.6522 2ch=0.000 2cl=0.980 58s
 step  530000 loss=0.05171 bce=0.05171 lap=0.00 lam=0.0e+00 val=0.6396 2ch=0.000 2cl=0.667 58s
 step  535000 loss=0.05155 bce=0.05155 lap=0.00 lam=0.0e+00 val=0.6696 2ch=0.000 2cl=1.000 58s
 step  540000 loss=0.05148 bce=0.05148 lap=0.00 lam=0.0e+00 val=0.6626 2ch=0.000 2cl=0.869 58s
 step  545000 loss=0.05152 bce=0.05152 lap=0.00 lam=0.0e+00 val=0.6690 2ch=0.000 2cl=0.938 58s
 step  550000 loss=0.05138 bce=0.05138 lap=0.00 lam=0.0e+00 val=0.6992 2ch=0.000 2cl=0.971 59s
 step  555000 loss=0.05130 bce=0.05130 lap=0.00 lam=0.0e+00 val=0.6852 2ch=0.000 2cl=0.989 58s
 step  560000 loss=0.04712 bce=0.04712 lap=0.00 lam=0.0e+00 val=0.6682 2ch=0.000 2cl=0.943 58s
 step  565000 loss=0.04630 bce=0.04630 lap=0.00 lam=0.0e+00 val=0.6486 2ch=0.000 2cl=0.755 58s
 step  570000 loss=0.04602 bce=0.04602 lap=0.00 lam=0.0e+00 val=0.6750 2ch=0.000 2cl=0.910 57s
 step  575000 loss=0.04421 bce=0.04421 lap=0.00 lam=0.0e+00 val=0.6070 2ch=0.000 2cl=1.000 58s
 step  580000 loss=0.04377 bce=0.04377 lap=0.00 lam=0.0e+00 val=0.6618 2ch=0.000 2cl=0.999 58s
 step  585000 loss=0.04364 bce=0.04364 lap=0.00 lam=0.0e+00 val=0.6590 2ch=0.000 2cl=0.953 58s
 step  590000 loss=0.04358 bce=0.04358 lap=0.00 lam=0.0e+00 val=0.6412 2ch=0.000 2cl=1.000 58s
 step  595000 loss=0.04341 bce=0.04341 lap=0.00 lam=0.0e+00 val=0.6528 2ch=0.000 2cl=1.000 58s
 step  600000 loss=0.04344 bce=0.04344 lap=0.00 lam=0.0e+00 val=0.6700 2ch=0.000 2cl=0.989 59s
 step  605000 loss=0.04339 bce=0.04339 lap=0.00 lam=0.0e+00 val=0.6526 2ch=0.000 2cl=0.948 58s
 step  610000 loss=0.04330 bce=0.04330 lap=0.00 lam=0.0e+00 val=0.6660 2ch=0.000 2cl=0.870 58s
 step  615000 loss=0.04319 bce=0.04319 lap=0.00 lam=0.0e+00 val=0.6298 2ch=0.000 2cl=0.985 58s
 step  620000 loss=0.04319 bce=0.04319 lap=0.00 lam=0.0e+00 val=0.6420 2ch=0.000 2cl=1.000 58s
 step  625000 loss=0.04312 bce=0.04312 lap=0.00 lam=0.0e+00 val=0.6578 2ch=0.000 2cl=0.723 58s
 step  630000 loss=0.04306 bce=0.04306 lap=0.00 lam=0.0e+00 val=0.6632 2ch=0.000 2cl=0.995 59s
 step  635000 loss=0.04304 bce=0.04304 lap=0.00 lam=0.0e+00 val=0.6574 2ch=0.000 2cl=1.000 58s
 step  640000 loss=0.04309 bce=0.04309 lap=0.00 lam=0.0e+00 val=0.6554 2ch=0.000 2cl=1.000 58s
 step  645000 loss=0.04301 bce=0.04301 lap=0.00 lam=0.0e+00 val=0.6672 2ch=0.000 2cl=0.778 58s
 step  650000 loss=0.04299 bce=0.04299 lap=0.00 lam=0.0e+00 val=0.6656 2ch=0.000 2cl=0.999 58s
 step  655000 loss=0.04290 bce=0.04290 lap=0.00 lam=0.0e+00 val=0.6704 2ch=0.000 2cl=0.997 58s
 step  660000 loss=0.04286 bce=0.04286 lap=0.00 lam=0.0e+00 val=0.6716 2ch=0.000 2cl=0.997 58s
 step  665000 loss=0.04289 bce=0.04289 lap=0.00 lam=0.0e+00 val=0.6874 2ch=0.000 2cl=1.000 58s
 step  670000 loss=0.04288 bce=0.04288 lap=0.00 lam=0.0e+00 val=0.6454 2ch=0.000 2cl=1.000 58s
 step  675000 loss=0.04286 bce=0.04286 lap=0.00 lam=0.0e+00 val=0.6698 2ch=0.000 2cl=1.000 58s
 step  680000 loss=0.04273 bce=0.04273 lap=0.00 lam=0.0e+00 val=0.6424 2ch=0.000 2cl=1.000 58s
 step  685000 loss=0.04273 bce=0.04273 lap=0.00 lam=0.0e+00 val=0.6676 2ch=0.000 2cl=0.642 58s
 step  690000 loss=0.04268 bce=0.04268 lap=0.00 lam=0.0e+00 val=0.6680 2ch=0.000 2cl=1.000 58s
 step  695000 loss=0.04267 bce=0.04267 lap=0.00 lam=0.0e+00 val=0.6740 2ch=0.000 2cl=0.996 58s
 step  700000 loss=0.04264 bce=0.04264 lap=0.00 lam=0.0e+00 val=0.6810 2ch=0.000 2cl=0.958 58s
 step  705000 loss=0.04261 bce=0.04261 lap=0.00 lam=0.0e+00 val=0.6926 2ch=0.000 2cl=0.984 58s
 step  710000 loss=0.04266 bce=0.04266 lap=0.00 lam=0.0e+00 val=0.7122 2ch=0.000 2cl=0.851 58s
 step  715000 loss=0.04261 bce=0.04261 lap=0.00 lam=0.0e+00 val=0.6850 2ch=0.000 2cl=0.989 57s
 step  720000 loss=0.04255 bce=0.04255 lap=0.00 lam=0.0e+00 val=0.6956 2ch=0.000 2cl=0.995 58s
 step  725000 loss=0.04257 bce=0.04257 lap=0.00 lam=0.0e+00 val=0.6722 2ch=0.000 2cl=0.832 58s
 step  730000 loss=0.04251 bce=0.04251 lap=0.00 lam=0.0e+00 val=0.6934 2ch=0.000 2cl=0.997 58s
 step  735000 loss=0.04248 bce=0.04248 lap=0.00 lam=0.0e+00 val=0.6912 2ch=0.000 2cl=0.961 58s
 step  740000 loss=0.04245 bce=0.04245 lap=0.00 lam=0.0e+00 val=0.6898 2ch=0.000 2cl=0.988 59s
 step  745000 loss=0.04244 bce=0.04244 lap=0.00 lam=0.0e+00 val=0.6874 2ch=0.000 2cl=0.751 59s
 step  750000 loss=0.04247 bce=0.04247 lap=0.00 lam=0.0e+00 val=0.6920 2ch=0.000 2cl=0.994 59s
 step  755000 loss=0.04240 bce=0.04240 lap=0.00 lam=0.0e+00 val=0.6678 2ch=0.000 2cl=1.000 59s
 step  760000 loss=0.04245 bce=0.04245 lap=0.00 lam=0.0e+00 val=0.6984 2ch=0.000 2cl=0.877 59s
 step  765000 loss=0.04236 bce=0.04236 lap=0.00 lam=0.0e+00 val=0.6844 2ch=0.000 2cl=0.852 59s
 step  770000 loss=0.04236 bce=0.04236 lap=0.00 lam=0.0e+00 val=0.6834 2ch=0.000 2cl=1.000 60s
 step  775000 loss=0.04232 bce=0.04232 lap=0.00 lam=0.0e+00 val=0.6968 2ch=0.000 2cl=1.000 59s
 step  780000 loss=0.04240 bce=0.04240 lap=0.00 lam=0.0e+00 val=0.6944 2ch=0.000 2cl=0.941 59s
 step  785000 loss=0.04235 bce=0.04235 lap=0.00 lam=0.0e+00 val=0.6640 2ch=0.000 2cl=0.638 59s
 step  790000 loss=0.04225 bce=0.04225 lap=0.00 lam=0.0e+00 val=0.6910 2ch=0.000 2cl=0.980 59s
 step  795000 loss=0.04226 bce=0.04226 lap=0.00 lam=0.0e+00 val=0.6808 2ch=0.000 2cl=1.000 59s
 step  800000 loss=0.04227 bce=0.04227 lap=0.00 lam=0.0e+00 val=0.6766 2ch=0.000 2cl=1.000 59s
 step  805000 loss=0.04220 bce=0.04220 lap=0.00 lam=0.0e+00 val=0.6938 2ch=0.000 2cl=0.998 59s
 step  810000 loss=0.04225 bce=0.04225 lap=0.00 lam=0.0e+00 val=0.6774 2ch=0.000 2cl=0.990 58s
 step  815000 loss=0.04229 bce=0.04229 lap=0.00 lam=0.0e+00 val=0.6858 2ch=0.000 2cl=0.934 59s
 step  820000 loss=0.04221 bce=0.04221 lap=0.00 lam=0.0e+00 val=0.6886 2ch=0.000 2cl=0.997 58s
 step  825000 loss=0.04218 bce=0.04218 lap=0.00 lam=0.0e+00 val=0.6956 2ch=0.000 2cl=0.998 59s
 step  830000 loss=0.04219 bce=0.04219 lap=0.00 lam=0.0e+00 val=0.6882 2ch=0.000 2cl=0.999 59s
 step  835000 loss=0.04217 bce=0.04217 lap=0.00 lam=0.0e+00 val=0.7030 2ch=0.000 2cl=0.951 59s
 step  840000 loss=0.04215 bce=0.04215 lap=0.00 lam=0.0e+00 val=0.7032 2ch=0.000 2cl=0.983 59s
 step  845000 loss=0.04214 bce=0.04214 lap=0.00 lam=0.0e+00 val=0.7080 2ch=0.000 2cl=1.000 59s
 step  850000 loss=0.04218 bce=0.04218 lap=0.00 lam=0.0e+00 val=0.6872 2ch=0.000 2cl=0.816 59s
 step  855000 loss=0.04214 bce=0.04214 lap=0.00 lam=0.0e+00 val=0.6998 2ch=0.000 2cl=0.955 59s
 step  860000 loss=0.04206 bce=0.04206 lap=0.00 lam=0.0e+00 val=0.6738 2ch=0.000 2cl=0.941 59s
 step  865000 loss=0.04205 bce=0.04205 lap=0.00 lam=0.0e+00 val=0.6932 2ch=0.000 2cl=0.919 59s
 step  870000 loss=0.04204 bce=0.04204 lap=0.00 lam=0.0e+00 val=0.6950 2ch=0.000 2cl=0.750 59s
 step  875000 loss=0.04205 bce=0.04205 lap=0.00 lam=0.0e+00 val=0.6928 2ch=0.000 2cl=0.974 59s
 step  880000 loss=0.04216 bce=0.04216 lap=0.00 lam=0.0e+00 val=0.7002 2ch=0.000 2cl=0.991 58s
 step  885000 loss=0.04205 bce=0.04205 lap=0.00 lam=0.0e+00 val=0.6952 2ch=0.000 2cl=0.843 58s
 step  890000 loss=0.04210 bce=0.04210 lap=0.00 lam=0.0e+00 val=0.7002 2ch=0.000 2cl=0.893 58s
 step  895000 loss=0.04201 bce=0.04201 lap=0.00 lam=0.0e+00 val=0.7020 2ch=0.000 2cl=0.979 58s
 step  900000 loss=0.04193 bce=0.04193 lap=0.00 lam=0.0e+00 val=0.6962 2ch=0.000 2cl=0.699 58s
 step  905000 loss=0.04204 bce=0.04204 lap=0.00 lam=0.0e+00 val=0.7008 2ch=0.000 2cl=0.826 58s
 step  910000 loss=0.04198 bce=0.04198 lap=0.00 lam=0.0e+00 val=0.7050 2ch=0.000 2cl=0.963 58s
 step  915000 loss=0.04200 bce=0.04200 lap=0.00 lam=0.0e+00 val=0.7018 2ch=0.000 2cl=0.922 58s
 step  920000 loss=0.04192 bce=0.04192 lap=0.00 lam=0.0e+00 val=0.6972 2ch=0.000 2cl=0.933 58s
 step  925000 loss=0.04198 bce=0.04198 lap=0.00 lam=0.0e+00 val=0.6960 2ch=0.000 2cl=0.820 58s
 step  930000 loss=0.04192 bce=0.04192 lap=0.00 lam=0.0e+00 val=0.7026 2ch=0.000 2cl=0.984 58s
 step  935000 loss=0.04194 bce=0.04194 lap=0.00 lam=0.0e+00 val=0.7060 2ch=0.000 2cl=0.991 58s
 step  940000 loss=0.04197 bce=0.04197 lap=0.00 lam=0.0e+00 val=0.6984 2ch=0.000 2cl=0.953 58s
 step  945000 loss=0.04200 bce=0.04200 lap=0.00 lam=0.0e+00 val=0.6996 2ch=0.000 2cl=0.957 58s
 step  950000 loss=0.04193 bce=0.04193 lap=0.00 lam=0.0e+00 val=0.6996 2ch=0.000 2cl=0.931 58s
 step  955000 loss=0.04192 bce=0.04192 lap=0.00 lam=0.0e+00 val=0.6994 2ch=0.000 2cl=0.860 58s
 step  960000 loss=0.04193 bce=0.04193 lap=0.00 lam=0.0e+00 val=0.7028 2ch=0.000 2cl=0.958 58s
 step  965000 loss=0.04193 bce=0.04193 lap=0.00 lam=0.0e+00 val=0.6978 2ch=0.000 2cl=0.927 58s
 step  970000 loss=0.04190 bce=0.04190 lap=0.00 lam=0.0e+00 val=0.6982 2ch=0.000 2cl=0.930 58s
 step  975000 loss=0.04187 bce=0.04187 lap=0.00 lam=0.0e+00 val=0.6992 2ch=0.000 2cl=0.923 57s
 step  980000 loss=0.04196 bce=0.04196 lap=0.00 lam=0.0e+00 val=0.7006 2ch=0.000 2cl=0.918 58s
 step  985000 loss=0.04197 bce=0.04197 lap=0.00 lam=0.0e+00 val=0.7026 2ch=0.000 2cl=0.930 58s
 step  990000 loss=0.04191 bce=0.04191 lap=0.00 lam=0.0e+00 val=0.7018 2ch=0.000 2cl=0.935 58s
 step  995000 loss=0.04188 bce=0.04188 lap=0.00 lam=0.0e+00 val=0.7016 2ch=0.000 2cl=0.926 58s
 step 1000000 loss=0.04190 bce=0.04190 lap=0.00 lam=0.0e+00 val=0.7026 2ch=0.000 2cl=0.927 58s
done. best in-dist exact=0.7122  -> runs/report6/c_train/n40_bridged+split_roberta_linear_lam0_seed3000
done -> runs/report6/c_train/n40_bridged+split_roberta_linear_lam0_seed3000/last.pt
