task 7 -> n=40 p=0.05 seed=4000 (families=bridged,split)
== n40_bridged+split_roberta_linear_lam0_seed4000 ==
 device=cuda arch=roberta readout=linear lambda=0.0 params=6,347,304
 step    5000 loss=0.16554 bce=0.16554 lap=0.00 lam=0.0e+00 val=0.1534 2ch=0.000 2cl=0.028 59s
 step   10000 loss=0.13601 bce=0.13601 lap=0.00 lam=0.0e+00 val=0.6420 2ch=0.000 2cl=0.000 58s
 step   15000 loss=0.02677 bce=0.02677 lap=0.00 lam=0.0e+00 val=1.0000 2ch=0.000 2cl=1.000 58s
 step   20000 loss=0.00865 bce=0.00865 lap=0.00 lam=0.0e+00 val=1.0000 2ch=0.000 2cl=1.000 58s
 step   25000 loss=0.00678 bce=0.00678 lap=0.00 lam=0.0e+00 val=0.9946 2ch=0.000 2cl=1.000 58s
 step   30000 loss=0.00590 bce=0.00590 lap=0.00 lam=0.0e+00 val=1.0000 2ch=0.000 2cl=1.000 58s
 step   35000 loss=0.00568 bce=0.00568 lap=0.00 lam=0.0e+00 val=1.0000 2ch=0.000 2cl=1.000 58s
 step   40000 loss=0.00540 bce=0.00540 lap=0.00 lam=0.0e+00 val=1.0000 2ch=0.000 2cl=1.000 58s
 step   45000 loss=0.00484 bce=0.00484 lap=0.00 lam=0.0e+00 val=0.6810 2ch=0.000 2cl=1.000 58s
 step   50000 loss=0.00268 bce=0.00268 lap=0.00 lam=0.0e+00 val=1.0000 2ch=0.000 2cl=1.000 58s
 step   55000 loss=0.00158 bce=0.00158 lap=0.00 lam=0.0e+00 val=1.0000 2ch=0.000 2cl=1.000 58s
 step   60000 loss=0.00137 bce=0.00137 lap=0.00 lam=0.0e+00 val=1.0000 2ch=0.000 2cl=1.000 58s
 step   65000 loss=0.00118 bce=0.00118 lap=0.00 lam=0.0e+00 val=1.0000 2ch=0.000 2cl=1.000 58s
 step   70000 loss=0.00112 bce=0.00112 lap=0.00 lam=0.0e+00 val=1.0000 2ch=0.000 2cl=1.000 58s
 step   75000 loss=0.00108 bce=0.00108 lap=0.00 lam=0.0e+00 val=0.8936 2ch=0.000 2cl=1.000 58s
 step   80000 loss=0.00100 bce=0.00100 lap=0.00 lam=0.0e+00 val=1.0000 2ch=0.000 2cl=1.000 58s
 step   85000 loss=0.00096 bce=0.00096 lap=0.00 lam=0.0e+00 val=1.0000 2ch=0.000 2cl=1.000 58s
 step   90000 loss=0.00079 bce=0.00079 lap=0.00 lam=0.0e+00 val=1.0000 2ch=0.000 2cl=1.000 58s
 step   95000 loss=0.00073 bce=0.00073 lap=0.00 lam=0.0e+00 val=1.0000 2ch=0.000 2cl=1.000 57s
 step  100000 loss=0.00081 bce=0.00081 lap=0.00 lam=0.0e+00 val=1.0000 2ch=0.000 2cl=1.000 58s
 step  105000 loss=0.00069 bce=0.00069 lap=0.00 lam=0.0e+00 val=1.0000 2ch=0.000 2cl=1.000 58s
 step  110000 loss=0.00067 bce=0.00067 lap=0.00 lam=0.0e+00 val=1.0000 2ch=0.000 2cl=1.000 58s
 step  115000 loss=0.00069 bce=0.00069 lap=0.00 lam=0.0e+00 val=1.0000 2ch=0.000 2cl=1.000 58s
 step  120000 loss=0.00058 bce=0.00058 lap=0.00 lam=0.0e+00 val=1.0000 2ch=0.000 2cl=1.000 58s
 step  125000 loss=0.00056 bce=0.00056 lap=0.00 lam=0.0e+00 val=1.0000 2ch=0.000 2cl=1.000 58s
 step  130000 loss=0.00060 bce=0.00060 lap=0.00 lam=0.0e+00 val=1.0000 2ch=0.000 2cl=1.000 58s
 step  135000 loss=0.00054 bce=0.00054 lap=0.00 lam=0.0e+00 val=1.0000 2ch=0.000 2cl=1.000 58s
 step  140000 loss=0.00058 bce=0.00058 lap=0.00 lam=0.0e+00 val=1.0000 2ch=0.000 2cl=1.000 58s
 step  145000 loss=0.00048 bce=0.00048 lap=0.00 lam=0.0e+00 val=1.0000 2ch=0.000 2cl=1.000 58s
 step  150000 loss=0.00046 bce=0.00046 lap=0.00 lam=0.0e+00 val=1.0000 2ch=0.000 2cl=1.000 58s
 step  155000 loss=0.00043 bce=0.00043 lap=0.00 lam=0.0e+00 val=1.0000 2ch=0.000 2cl=1.000 58s
 step  160000 loss=0.00046 bce=0.00046 lap=0.00 lam=0.0e+00 val=0.9322 2ch=0.000 2cl=1.000 58s
 step  165000 loss=0.00033 bce=0.00033 lap=0.00 lam=0.0e+00 val=1.0000 2ch=0.000 2cl=1.000 58s
 step  170000 loss=0.00047 bce=0.00047 lap=0.00 lam=0.0e+00 val=1.0000 2ch=0.000 2cl=1.000 58s
 step  175000 loss=0.00045 bce=0.00045 lap=0.00 lam=0.0e+00 val=1.0000 2ch=0.000 2cl=1.000 58s
 step  180000 loss=0.00037 bce=0.00037 lap=0.00 lam=0.0e+00 val=1.0000 2ch=0.000 2cl=1.000 58s
 step  185000 loss=0.00034 bce=0.00034 lap=0.00 lam=0.0e+00 val=1.0000 2ch=0.000 2cl=1.000 58s
 step  190000 loss=0.00036 bce=0.00036 lap=0.00 lam=0.0e+00 val=1.0000 2ch=0.000 2cl=1.000 58s
 step  195000 loss=0.00028 bce=0.00028 lap=0.00 lam=0.0e+00 val=1.0000 2ch=0.000 2cl=1.000 58s
 step  200000 loss=0.00033 bce=0.00033 lap=0.00 lam=0.0e+00 val=1.0000 2ch=0.000 2cl=1.000 58s
 step  205000 loss=0.00039 bce=0.00039 lap=0.00 lam=0.0e+00 val=1.0000 2ch=0.000 2cl=1.000 58s
 step  210000 loss=0.00029 bce=0.00029 lap=0.00 lam=0.0e+00 val=1.0000 2ch=0.000 2cl=1.000 58s
 step  215000 loss=0.00031 bce=0.00031 lap=0.00 lam=0.0e+00 val=1.0000 2ch=0.000 2cl=1.000 58s
 step  220000 loss=0.00026 bce=0.00026 lap=0.00 lam=0.0e+00 val=1.0000 2ch=0.000 2cl=1.000 58s
 step  225000 loss=0.00026 bce=0.00026 lap=0.00 lam=0.0e+00 val=1.0000 2ch=0.000 2cl=1.000 58s
 step  230000 loss=0.00033 bce=0.00033 lap=0.00 lam=0.0e+00 val=1.0000 2ch=0.000 2cl=1.000 58s
 step  235000 loss=0.00028 bce=0.00028 lap=0.00 lam=0.0e+00 val=1.0000 2ch=0.000 2cl=1.000 58s
 step  240000 loss=0.00024 bce=0.00024 lap=0.00 lam=0.0e+00 val=1.0000 2ch=0.000 2cl=1.000 58s
 step  245000 loss=0.00019 bce=0.00019 lap=0.00 lam=0.0e+00 val=1.0000 2ch=0.000 2cl=1.000 58s
 step  250000 loss=0.00021 bce=0.00021 lap=0.00 lam=0.0e+00 val=1.0000 2ch=0.000 2cl=1.000 58s
 step  255000 loss=0.00028 bce=0.00028 lap=0.00 lam=0.0e+00 val=1.0000 2ch=0.000 2cl=1.000 58s
 step  260000 loss=0.00021 bce=0.00021 lap=0.00 lam=0.0e+00 val=1.0000 2ch=0.000 2cl=1.000 58s
 step  265000 loss=0.00019 bce=0.00019 lap=0.00 lam=0.0e+00 val=1.0000 2ch=0.000 2cl=1.000 58s
 step  270000 loss=0.00019 bce=0.00019 lap=0.00 lam=0.0e+00 val=1.0000 2ch=0.000 2cl=1.000 58s
 step  275000 loss=0.00018 bce=0.00018 lap=0.00 lam=0.0e+00 val=1.0000 2ch=0.000 2cl=1.000 58s
 step  280000 loss=0.00020 bce=0.00020 lap=0.00 lam=0.0e+00 val=1.0000 2ch=0.000 2cl=1.000 58s
 step  285000 loss=0.00021 bce=0.00021 lap=0.00 lam=0.0e+00 val=1.0000 2ch=0.000 2cl=1.000 59s
 step  290000 loss=0.00021 bce=0.00021 lap=0.00 lam=0.0e+00 val=1.0000 2ch=0.000 2cl=1.000 59s
 step  295000 loss=0.00014 bce=0.00014 lap=0.00 lam=0.0e+00 val=1.0000 2ch=0.000 2cl=1.000 59s
 step  300000 loss=0.00020 bce=0.00020 lap=0.00 lam=0.0e+00 val=1.0000 2ch=0.000 2cl=1.000 58s
 step  305000 loss=0.00014 bce=0.00014 lap=0.00 lam=0.0e+00 val=1.0000 2ch=0.000 2cl=1.000 58s
 step  310000 loss=0.00015 bce=0.00015 lap=0.00 lam=0.0e+00 val=1.0000 2ch=0.000 2cl=1.000 58s
 step  315000 loss=0.00017 bce=0.00017 lap=0.00 lam=0.0e+00 val=1.0000 2ch=0.000 2cl=1.000 58s
 step  320000 loss=0.00012 bce=0.00012 lap=0.00 lam=0.0e+00 val=1.0000 2ch=0.000 2cl=1.000 58s
 step  325000 loss=0.00016 bce=0.00016 lap=0.00 lam=0.0e+00 val=1.0000 2ch=0.000 2cl=1.000 58s
 step  330000 loss=0.00011 bce=0.00011 lap=0.00 lam=0.0e+00 val=0.9976 2ch=0.000 2cl=1.000 58s
 step  335000 loss=0.00016 bce=0.00016 lap=0.00 lam=0.0e+00 val=1.0000 2ch=0.000 2cl=1.000 59s
 step  340000 loss=0.00010 bce=0.00010 lap=0.00 lam=0.0e+00 val=1.0000 2ch=0.000 2cl=1.000 58s
 step  345000 loss=0.00015 bce=0.00015 lap=0.00 lam=0.0e+00 val=1.0000 2ch=0.000 2cl=1.000 59s
 step  350000 loss=0.00011 bce=0.00011 lap=0.00 lam=0.0e+00 val=1.0000 2ch=0.000 2cl=1.000 58s
 step  355000 loss=0.00013 bce=0.00013 lap=0.00 lam=0.0e+00 val=0.9690 2ch=0.000 2cl=1.000 59s
 step  360000 loss=0.00006 bce=0.00006 lap=0.00 lam=0.0e+00 val=1.0000 2ch=0.000 2cl=1.000 58s
 step  365000 loss=0.00012 bce=0.00012 lap=0.00 lam=0.0e+00 val=1.0000 2ch=0.000 2cl=1.000 58s
 step  370000 loss=0.00015 bce=0.00015 lap=0.00 lam=0.0e+00 val=1.0000 2ch=0.000 2cl=1.000 58s
 step  375000 loss=0.00007 bce=0.00007 lap=0.00 lam=0.0e+00 val=1.0000 2ch=0.000 2cl=1.000 58s
 step  380000 loss=0.00011 bce=0.00011 lap=0.00 lam=0.0e+00 val=1.0000 2ch=0.000 2cl=1.000 58s
 step  385000 loss=0.00011 bce=0.00011 lap=0.00 lam=0.0e+00 val=1.0000 2ch=0.000 2cl=1.000 58s
 step  390000 loss=0.00012 bce=0.00012 lap=0.00 lam=0.0e+00 val=1.0000 2ch=0.000 2cl=1.000 58s
 step  395000 loss=0.00012 bce=0.00012 lap=0.00 lam=0.0e+00 val=1.0000 2ch=0.000 2cl=1.000 59s
 step  400000 loss=0.00009 bce=0.00009 lap=0.00 lam=0.0e+00 val=1.0000 2ch=0.000 2cl=1.000 59s
 step  405000 loss=0.00009 bce=0.00009 lap=0.00 lam=0.0e+00 val=1.0000 2ch=0.000 2cl=1.000 59s
 step  410000 loss=0.00003 bce=0.00003 lap=0.00 lam=0.0e+00 val=1.0000 2ch=0.000 2cl=1.000 59s
 step  415000 loss=0.00006 bce=0.00006 lap=0.00 lam=0.0e+00 val=1.0000 2ch=0.000 2cl=1.000 58s
 step  420000 loss=0.00008 bce=0.00008 lap=0.00 lam=0.0e+00 val=1.0000 2ch=0.000 2cl=1.000 59s
 step  425000 loss=0.00004 bce=0.00004 lap=0.00 lam=0.0e+00 val=1.0000 2ch=0.000 2cl=1.000 58s
 step  430000 loss=0.00006 bce=0.00006 lap=0.00 lam=0.0e+00 val=1.0000 2ch=0.000 2cl=1.000 58s
 step  435000 loss=0.00006 bce=0.00006 lap=0.00 lam=0.0e+00 val=1.0000 2ch=0.000 2cl=1.000 57s
 step  440000 loss=0.00006 bce=0.00006 lap=0.00 lam=0.0e+00 val=1.0000 2ch=0.000 2cl=1.000 58s
 step  445000 loss=0.00003 bce=0.00003 lap=0.00 lam=0.0e+00 val=1.0000 2ch=0.000 2cl=1.000 57s
 step  450000 loss=0.00004 bce=0.00004 lap=0.00 lam=0.0e+00 val=1.0000 2ch=0.000 2cl=1.000 58s
 step  455000 loss=0.00004 bce=0.00004 lap=0.00 lam=0.0e+00 val=1.0000 2ch=0.000 2cl=1.000 58s
 step  460000 loss=0.00004 bce=0.00004 lap=0.00 lam=0.0e+00 val=1.0000 2ch=0.000 2cl=1.000 58s
 step  465000 loss=0.00003 bce=0.00003 lap=0.00 lam=0.0e+00 val=1.0000 2ch=0.000 2cl=1.000 58s
 step  470000 loss=0.00004 bce=0.00004 lap=0.00 lam=0.0e+00 val=1.0000 2ch=0.000 2cl=1.000 57s
 step  475000 loss=0.00003 bce=0.00003 lap=0.00 lam=0.0e+00 val=1.0000 2ch=0.000 2cl=1.000 57s
 step  480000 loss=0.00004 bce=0.00004 lap=0.00 lam=0.0e+00 val=1.0000 2ch=0.000 2cl=1.000 57s
 step  485000 loss=0.00003 bce=0.00003 lap=0.00 lam=0.0e+00 val=1.0000 2ch=0.000 2cl=1.000 58s
 step  490000 loss=0.00003 bce=0.00003 lap=0.00 lam=0.0e+00 val=1.0000 2ch=0.000 2cl=1.000 58s
 step  495000 loss=0.00002 bce=0.00002 lap=0.00 lam=0.0e+00 val=1.0000 2ch=0.000 2cl=1.000 58s
 step  500000 loss=0.00003 bce=0.00003 lap=0.00 lam=0.0e+00 val=1.0000 2ch=0.000 2cl=1.000 58s
 step  505000 loss=0.00002 bce=0.00002 lap=0.00 lam=0.0e+00 val=1.0000 2ch=0.000 2cl=1.000 58s
 step  510000 loss=0.00002 bce=0.00002 lap=0.00 lam=0.0e+00 val=1.0000 2ch=0.000 2cl=1.000 57s
 step  515000 loss=0.00002 bce=0.00002 lap=0.00 lam=0.0e+00 val=1.0000 2ch=0.000 2cl=1.000 58s
 step  520000 loss=0.00002 bce=0.00002 lap=0.00 lam=0.0e+00 val=1.0000 2ch=0.000 2cl=1.000 58s
 step  525000 loss=0.00002 bce=0.00002 lap=0.00 lam=0.0e+00 val=1.0000 2ch=0.000 2cl=1.000 58s
 step  530000 loss=0.00001 bce=0.00001 lap=0.00 lam=0.0e+00 val=1.0000 2ch=0.000 2cl=1.000 58s
 step  535000 loss=0.00002 bce=0.00002 lap=0.00 lam=0.0e+00 val=1.0000 2ch=0.000 2cl=1.000 58s
 step  540000 loss=0.00002 bce=0.00002 lap=0.00 lam=0.0e+00 val=1.0000 2ch=0.000 2cl=1.000 58s
 step  545000 loss=0.00001 bce=0.00001 lap=0.00 lam=0.0e+00 val=1.0000 2ch=0.000 2cl=1.000 58s
 step  550000 loss=0.00001 bce=0.00001 lap=0.00 lam=0.0e+00 val=1.0000 2ch=0.000 2cl=1.000 58s
 step  555000 loss=0.00002 bce=0.00002 lap=0.00 lam=0.0e+00 val=1.0000 2ch=0.000 2cl=1.000 57s
 step  560000 loss=0.00002 bce=0.00002 lap=0.00 lam=0.0e+00 val=1.0000 2ch=0.000 2cl=1.000 58s
 step  565000 loss=0.00002 bce=0.00002 lap=0.00 lam=0.0e+00 val=1.0000 2ch=0.000 2cl=1.000 58s
 step  570000 loss=0.00001 bce=0.00001 lap=0.00 lam=0.0e+00 val=1.0000 2ch=0.000 2cl=1.000 58s
 step  575000 loss=0.00002 bce=0.00002 lap=0.00 lam=0.0e+00 val=1.0000 2ch=0.000 2cl=1.000 57s
 step  580000 loss=0.00001 bce=0.00001 lap=0.00 lam=0.0e+00 val=1.0000 2ch=0.000 2cl=1.000 58s
 step  585000 loss=0.00001 bce=0.00001 lap=0.00 lam=0.0e+00 val=1.0000 2ch=0.000 2cl=1.000 58s
 step  590000 loss=0.00001 bce=0.00001 lap=0.00 lam=0.0e+00 val=1.0000 2ch=0.000 2cl=1.000 57s
 step  595000 loss=0.00001 bce=0.00001 lap=0.00 lam=0.0e+00 val=1.0000 2ch=0.000 2cl=1.000 57s
 step  600000 loss=0.00001 bce=0.00001 lap=0.00 lam=0.0e+00 val=1.0000 2ch=0.000 2cl=1.000 58s
 step  605000 loss=0.00001 bce=0.00001 lap=0.00 lam=0.0e+00 val=1.0000 2ch=0.000 2cl=1.000 58s
 step  610000 loss=0.00001 bce=0.00001 lap=0.00 lam=0.0e+00 val=1.0000 2ch=0.000 2cl=1.000 58s
 step  615000 loss=0.00001 bce=0.00001 lap=0.00 lam=0.0e+00 val=1.0000 2ch=0.000 2cl=1.000 58s
 step  620000 loss=0.00001 bce=0.00001 lap=0.00 lam=0.0e+00 val=1.0000 2ch=0.000 2cl=1.000 58s
 step  625000 loss=0.00001 bce=0.00001 lap=0.00 lam=0.0e+00 val=1.0000 2ch=0.000 2cl=1.000 58s
 step  630000 loss=0.00001 bce=0.00001 lap=0.00 lam=0.0e+00 val=1.0000 2ch=0.000 2cl=1.000 58s
 step  635000 loss=0.00001 bce=0.00001 lap=0.00 lam=0.0e+00 val=1.0000 2ch=0.000 2cl=1.000 58s
 step  640000 loss=0.00001 bce=0.00001 lap=0.00 lam=0.0e+00 val=1.0000 2ch=0.000 2cl=1.000 57s
 step  645000 loss=0.00001 bce=0.00001 lap=0.00 lam=0.0e+00 val=1.0000 2ch=0.000 2cl=1.000 58s
 step  650000 loss=0.00001 bce=0.00001 lap=0.00 lam=0.0e+00 val=1.0000 2ch=0.000 2cl=1.000 58s
 step  655000 loss=0.00001 bce=0.00001 lap=0.00 lam=0.0e+00 val=1.0000 2ch=0.000 2cl=1.000 58s
 step  660000 loss=0.00001 bce=0.00001 lap=0.00 lam=0.0e+00 val=1.0000 2ch=0.000 2cl=1.000 58s
 step  665000 loss=0.00001 bce=0.00001 lap=0.00 lam=0.0e+00 val=1.0000 2ch=0.000 2cl=1.000 58s
 step  670000 loss=0.00001 bce=0.00001 lap=0.00 lam=0.0e+00 val=1.0000 2ch=0.000 2cl=1.000 58s
 step  675000 loss=0.00001 bce=0.00001 lap=0.00 lam=0.0e+00 val=1.0000 2ch=0.000 2cl=1.000 58s
 step  680000 loss=0.00001 bce=0.00001 lap=0.00 lam=0.0e+00 val=1.0000 2ch=0.000 2cl=1.000 58s
 step  685000 loss=0.00001 bce=0.00001 lap=0.00 lam=0.0e+00 val=1.0000 2ch=0.000 2cl=1.000 58s
 step  690000 loss=0.00001 bce=0.00001 lap=0.00 lam=0.0e+00 val=1.0000 2ch=0.000 2cl=1.000 57s
 step  695000 loss=0.00001 bce=0.00001 lap=0.00 lam=0.0e+00 val=1.0000 2ch=0.000 2cl=1.000 57s
 step  700000 loss=0.00001 bce=0.00001 lap=0.00 lam=0.0e+00 val=1.0000 2ch=0.000 2cl=1.000 57s
 step  705000 loss=0.00001 bce=0.00001 lap=0.00 lam=0.0e+00 val=1.0000 2ch=0.000 2cl=1.000 57s
 step  710000 loss=0.00001 bce=0.00001 lap=0.00 lam=0.0e+00 val=1.0000 2ch=0.000 2cl=1.000 57s
 step  715000 loss=0.00001 bce=0.00001 lap=0.00 lam=0.0e+00 val=1.0000 2ch=0.000 2cl=1.000 57s
 step  720000 loss=0.00001 bce=0.00001 lap=0.00 lam=0.0e+00 val=1.0000 2ch=0.000 2cl=1.000 57s
 step  725000 loss=0.00001 bce=0.00001 lap=0.00 lam=0.0e+00 val=1.0000 2ch=0.000 2cl=1.000 57s
 step  730000 loss=0.00001 bce=0.00001 lap=0.00 lam=0.0e+00 val=1.0000 2ch=0.000 2cl=1.000 57s
 step  735000 loss=0.00001 bce=0.00001 lap=0.00 lam=0.0e+00 val=1.0000 2ch=0.000 2cl=1.000 58s
 step  740000 loss=0.00001 bce=0.00001 lap=0.00 lam=0.0e+00 val=1.0000 2ch=0.000 2cl=1.000 57s
 step  745000 loss=0.00001 bce=0.00001 lap=0.00 lam=0.0e+00 val=1.0000 2ch=0.000 2cl=1.000 58s
 step  750000 loss=0.00000 bce=0.00000 lap=0.00 lam=0.0e+00 val=1.0000 2ch=0.000 2cl=1.000 58s
 step  755000 loss=0.00001 bce=0.00001 lap=0.00 lam=0.0e+00 val=1.0000 2ch=0.000 2cl=1.000 58s
 step  760000 loss=0.00001 bce=0.00001 lap=0.00 lam=0.0e+00 val=1.0000 2ch=0.000 2cl=1.000 58s
 step  765000 loss=0.00001 bce=0.00001 lap=0.00 lam=0.0e+00 val=1.0000 2ch=0.000 2cl=1.000 58s
 step  770000 loss=0.00000 bce=0.00000 lap=0.00 lam=0.0e+00 val=1.0000 2ch=0.000 2cl=1.000 58s
 step  775000 loss=0.00001 bce=0.00001 lap=0.00 lam=0.0e+00 val=1.0000 2ch=0.000 2cl=1.000 58s
 step  780000 loss=0.00000 bce=0.00000 lap=0.00 lam=0.0e+00 val=1.0000 2ch=0.000 2cl=1.000 58s
 step  785000 loss=0.00001 bce=0.00001 lap=0.00 lam=0.0e+00 val=1.0000 2ch=0.000 2cl=1.000 58s
 step  790000 loss=0.00000 bce=0.00000 lap=0.00 lam=0.0e+00 val=1.0000 2ch=0.000 2cl=1.000 58s
 step  795000 loss=0.00001 bce=0.00001 lap=0.00 lam=0.0e+00 val=1.0000 2ch=0.000 2cl=1.000 58s
 step  800000 loss=0.00000 bce=0.00000 lap=0.00 lam=0.0e+00 val=1.0000 2ch=0.000 2cl=1.000 58s
 step  805000 loss=0.00000 bce=0.00000 lap=0.00 lam=0.0e+00 val=1.0000 2ch=0.000 2cl=1.000 58s
 step  810000 loss=0.00000 bce=0.00000 lap=0.00 lam=0.0e+00 val=1.0000 2ch=0.000 2cl=1.000 58s
 step  815000 loss=0.00001 bce=0.00001 lap=0.00 lam=0.0e+00 val=1.0000 2ch=0.000 2cl=1.000 58s
 step  820000 loss=0.00000 bce=0.00000 lap=0.00 lam=0.0e+00 val=1.0000 2ch=0.000 2cl=1.000 57s
 step  825000 loss=0.00000 bce=0.00000 lap=0.00 lam=0.0e+00 val=1.0000 2ch=0.000 2cl=1.000 58s
 step  830000 loss=0.00000 bce=0.00000 lap=0.00 lam=0.0e+00 val=1.0000 2ch=0.000 2cl=1.000 58s
 step  835000 loss=0.00000 bce=0.00000 lap=0.00 lam=0.0e+00 val=1.0000 2ch=0.000 2cl=1.000 58s
 step  840000 loss=0.00000 bce=0.00000 lap=0.00 lam=0.0e+00 val=1.0000 2ch=0.000 2cl=1.000 57s
 step  845000 loss=0.00001 bce=0.00001 lap=0.00 lam=0.0e+00 val=1.0000 2ch=0.000 2cl=1.000 58s
 step  850000 loss=0.00000 bce=0.00000 lap=0.00 lam=0.0e+00 val=1.0000 2ch=0.000 2cl=1.000 58s
 step  855000 loss=0.00000 bce=0.00000 lap=0.00 lam=0.0e+00 val=1.0000 2ch=0.000 2cl=1.000 57s
 step  860000 loss=0.00000 bce=0.00000 lap=0.00 lam=0.0e+00 val=1.0000 2ch=0.000 2cl=1.000 58s
 step  865000 loss=0.00001 bce=0.00001 lap=0.00 lam=0.0e+00 val=1.0000 2ch=0.000 2cl=1.000 57s
 step  870000 loss=0.00000 bce=0.00000 lap=0.00 lam=0.0e+00 val=1.0000 2ch=0.000 2cl=1.000 57s
 step  875000 loss=0.00000 bce=0.00000 lap=0.00 lam=0.0e+00 val=1.0000 2ch=0.000 2cl=1.000 58s
 step  880000 loss=0.00000 bce=0.00000 lap=0.00 lam=0.0e+00 val=1.0000 2ch=0.000 2cl=1.000 58s
 step  885000 loss=0.00000 bce=0.00000 lap=0.00 lam=0.0e+00 val=1.0000 2ch=0.000 2cl=1.000 58s
 step  890000 loss=0.00000 bce=0.00000 lap=0.00 lam=0.0e+00 val=1.0000 2ch=0.000 2cl=1.000 58s
 step  895000 loss=0.00000 bce=0.00000 lap=0.00 lam=0.0e+00 val=1.0000 2ch=0.000 2cl=1.000 58s
 step  900000 loss=0.00000 bce=0.00000 lap=0.00 lam=0.0e+00 val=1.0000 2ch=0.000 2cl=1.000 57s
 step  905000 loss=0.00000 bce=0.00000 lap=0.00 lam=0.0e+00 val=1.0000 2ch=0.000 2cl=1.000 58s
 step  910000 loss=0.00000 bce=0.00000 lap=0.00 lam=0.0e+00 val=1.0000 2ch=0.000 2cl=1.000 58s
 step  915000 loss=0.00000 bce=0.00000 lap=0.00 lam=0.0e+00 val=1.0000 2ch=0.000 2cl=1.000 58s
 step  920000 loss=0.00000 bce=0.00000 lap=0.00 lam=0.0e+00 val=1.0000 2ch=0.000 2cl=1.000 58s
 step  925000 loss=0.00000 bce=0.00000 lap=0.00 lam=0.0e+00 val=1.0000 2ch=0.000 2cl=1.000 58s
 step  930000 loss=0.00000 bce=0.00000 lap=0.00 lam=0.0e+00 val=1.0000 2ch=0.000 2cl=1.000 57s
 step  935000 loss=0.00000 bce=0.00000 lap=0.00 lam=0.0e+00 val=1.0000 2ch=0.000 2cl=1.000 57s
 step  940000 loss=0.00000 bce=0.00000 lap=0.00 lam=0.0e+00 val=1.0000 2ch=0.000 2cl=1.000 57s
 step  945000 loss=0.00000 bce=0.00000 lap=0.00 lam=0.0e+00 val=1.0000 2ch=0.000 2cl=1.000 57s
 step  950000 loss=0.00000 bce=0.00000 lap=0.00 lam=0.0e+00 val=1.0000 2ch=0.000 2cl=1.000 57s
 step  955000 loss=0.00000 bce=0.00000 lap=0.00 lam=0.0e+00 val=1.0000 2ch=0.000 2cl=1.000 58s
 step  960000 loss=0.00000 bce=0.00000 lap=0.00 lam=0.0e+00 val=1.0000 2ch=0.000 2cl=1.000 57s
 step  965000 loss=0.00000 bce=0.00000 lap=0.00 lam=0.0e+00 val=1.0000 2ch=0.000 2cl=1.000 58s
 step  970000 loss=0.00000 bce=0.00000 lap=0.00 lam=0.0e+00 val=1.0000 2ch=0.000 2cl=1.000 57s
 step  975000 loss=0.00000 bce=0.00000 lap=0.00 lam=0.0e+00 val=1.0000 2ch=0.000 2cl=1.000 58s
 step  980000 loss=0.00000 bce=0.00000 lap=0.00 lam=0.0e+00 val=1.0000 2ch=0.000 2cl=1.000 58s
 step  985000 loss=0.00000 bce=0.00000 lap=0.00 lam=0.0e+00 val=1.0000 2ch=0.000 2cl=1.000 58s
 step  990000 loss=0.00000 bce=0.00000 lap=0.00 lam=0.0e+00 val=1.0000 2ch=0.000 2cl=1.000 58s
 step  995000 loss=0.00000 bce=0.00000 lap=0.00 lam=0.0e+00 val=1.0000 2ch=0.000 2cl=1.000 58s
 step 1000000 loss=0.00000 bce=0.00000 lap=0.00 lam=0.0e+00 val=1.0000 2ch=0.000 2cl=1.000 58s
done. best in-dist exact=1.0000  -> runs/report6/c_train/n40_bridged+split_roberta_linear_lam0_seed4000
done -> runs/report6/c_train/n40_bridged+split_roberta_linear_lam0_seed4000/last.pt
