seed=4000 checkpoint=runs/families_n40/n40_er_roberta_linear_lam0_seed4000/last.pt
== mechanistic_asym_chains.py (Tier-1 + attention probe, exact contribution) ==
checkpoint=runs/families_n40/n40_er_roberta_linear_lam0_seed4000/last.pt
  arch=roberta readout=linear n=40 device=cpu
  [selftest] run_with_cache matches model.forward_and_embeddings exactly
  [selftest] exact_contribution matches brute-force double loop (max diff 0.00e+00)

== behavioural sweep (random relabelling, the primary condition) ==
  a= 1 exact=0.365 reach_long=0.996 reach_short=nan cut=1.000 mode=random
  a= 2 exact=0.735 reach_long=0.999 reach_short=1.000 cut=1.000 mode=random
  a= 3 exact=0.930 reach_long=1.000 reach_short=1.000 cut=1.000 mode=random
  a= 4 exact=0.570 reach_long=1.000 reach_short=1.000 cut=0.996 mode=random
  a= 5 exact=0.000 reach_long=1.000 reach_short=1.000 cut=0.907 mode=random
  a= 6 exact=0.000 reach_long=1.000 reach_short=1.000 cut=0.534 mode=random
  a= 7 exact=0.000 reach_long=0.985 reach_short=1.000 cut=0.516 mode=random
  a= 8 exact=0.000 reach_long=0.968 reach_short=1.000 cut=0.532 mode=random
  a= 9 exact=0.000 reach_long=0.958 reach_short=1.000 cut=0.538 mode=random
  a=10 exact=0.000 reach_long=0.965 reach_short=1.000 cut=0.445 mode=random
  a=11 exact=0.000 reach_long=0.972 reach_short=1.000 cut=0.368 mode=random
  a=12 exact=0.000 reach_long=0.978 reach_short=1.000 cut=0.280 mode=random
  a=13 exact=0.000 reach_long=0.985 reach_short=1.000 cut=0.214 mode=random
  a=14 exact=0.000 reach_long=0.992 reach_short=1.000 cut=0.157 mode=random
  a=15 exact=0.000 reach_long=0.993 reach_short=1.000 cut=0.111 mode=random
  a=16 exact=0.000 reach_long=0.994 reach_short=1.000 cut=0.073 mode=random
  a=17 exact=0.000 reach_long=0.996 reach_short=0.999 cut=0.043 mode=random
  a=18 exact=0.000 reach_long=0.998 reach_short=0.999 cut=0.029 mode=random
  a=19 exact=0.000 reach_long=0.998 reach_short=0.998 cut=0.013 mode=random
  a=20 exact=0.000 reach_long=0.999 reach_short=0.998 cut=0.010 mode=random

== fixed-label comparison (identity permutation, confirmatory only) ==
  a= 1 exact=0.000 reach_long=0.999 reach_short=nan cut=1.000 mode=fixed
  a= 4 exact=1.000 reach_long=1.000 reach_short=1.000 cut=1.000 mode=fixed
  a= 7 exact=0.000 reach_long=1.000 reach_short=1.000 cut=0.511 mode=fixed
  a= 8 exact=0.000 reach_long=0.998 reach_short=1.000 cut=0.514 mode=fixed
  a=10 exact=0.000 reach_long=0.995 reach_short=1.000 cut=0.417 mode=fixed
  a=17 exact=0.000 reach_long=1.000 reach_short=1.000 cut=0.031 mode=fixed
  a=20 exact=0.000 reach_long=1.000 reach_short=0.992 cut=0.030 mode=fixed
  saved -> runs/report7/mechanistic/n40_er_seed4000/metrics.csv

== readout decomposition h_i^T w_j ==
  readout a= 1 done
  readout a= 2 done
  readout a= 3 done
  readout a= 4 done
  readout a= 5 done
  readout a= 6 done
  readout a= 7 done
  readout a= 8 done
  readout a= 9 done
  readout a=10 done
  readout a=11 done
  readout a=12 done
  readout a=13 done
  readout a=14 done
  readout a=15 done
  readout a=16 done
  readout a=17 done
  readout a=18 done
  readout a=19 done
  readout a=20 done
  saved -> runs/report7/mechanistic/n40_er_seed4000/readout.csv

== W_out / W_in geometry ==
  saved -> runs/report7/mechanistic/n40_er_seed4000/weights_summary.json

== attention probe (representative splits) ==
  attention a= 1 done (row_mass1 mean=8.304, exact-contribution over 64 graphs)
  attention a= 4 done (row_mass1 mean=7.666, exact-contribution over 64 graphs)
  attention a= 7 done (row_mass1 mean=7.339, exact-contribution over 64 graphs)
  attention a= 8 done (row_mass1 mean=7.315, exact-contribution over 64 graphs)
  attention a=10 done (row_mass1 mean=7.287, exact-contribution over 64 graphs)
  attention a=14 done (row_mass1 mean=7.277, exact-contribution over 64 graphs)
  attention a=17 done (row_mass1 mean=7.283, exact-contribution over 64 graphs)
  attention a=20 done (row_mass1 mean=7.290, exact-contribution over 64 graphs)
  saved -> runs/report7/mechanistic/n40_er_seed4000/attn_cache.npz
== mechanistic_heatmaps.py (heatmap probe, exact contribution) ==
checkpoint=runs/families_n40/n40_er_roberta_linear_lam0_seed4000/last.pt
  arch=roberta readout=linear n=40 device=cpu
== attention/Q/K/V heatmap probe ==
  heatmap probe a= 4 done
  heatmap probe a=20 done
  saved -> runs/report7/heatmaps/n40_er_seed4000/heatmap_data.npz
== raw weight matrices ==
  saved -> runs/report7/heatmaps/n40_er_seed4000/raw_weights.npz
== eval_three_way_split.py (falsification test) ==
python: can't open file '/home/3352759/transformer-for-graphs/eval_three_way_split.py': [Errno 2] No such file or directory
== ablation_asym_chains.py (layer ablations) ==
python: can't open file '/home/3352759/transformer-for-graphs/ablation_asym_chains.py': [Errno 2] No such file or directory
done seed 4000
