tag=n40_er_similarity_seed4000 checkpoint=runs/families_n40/n40_er_roberta_similarity_lam0_seed4000/last.pt
== mechanistic_asym_chains.py (Tier-1 + attention probe, exact contribution) ==
checkpoint=runs/families_n40/n40_er_roberta_similarity_lam0_seed4000/last.pt
  arch=roberta readout=similarity n=40 device=cpu
  [selftest] run_with_cache matches model.forward_and_embeddings exactly
  [selftest] exact_contribution matches brute-force double loop (max diff 0.00e+00)

== behavioural sweep (random relabelling, the primary condition) ==
  a= 1 exact=0.000 reach_long=0.716 reach_short=nan cut=1.000 mode=random
  a= 2 exact=0.000 reach_long=0.729 reach_short=1.000 cut=1.000 mode=random
  a= 3 exact=0.000 reach_long=0.743 reach_short=1.000 cut=1.000 mode=random
  a= 4 exact=0.000 reach_long=0.757 reach_short=1.000 cut=1.000 mode=random
  a= 5 exact=0.000 reach_long=0.771 reach_short=1.000 cut=1.000 mode=random
  a= 6 exact=0.000 reach_long=0.786 reach_short=1.000 cut=1.000 mode=random
  a= 7 exact=0.000 reach_long=0.801 reach_short=1.000 cut=1.000 mode=random
  a= 8 exact=0.000 reach_long=0.816 reach_short=1.000 cut=1.000 mode=random
  a= 9 exact=0.000 reach_long=0.832 reach_short=1.000 cut=1.000 mode=random
  a=10 exact=0.000 reach_long=0.848 reach_short=1.000 cut=1.000 mode=random
  a=11 exact=0.000 reach_long=0.865 reach_short=1.000 cut=1.000 mode=random
  a=12 exact=0.000 reach_long=0.881 reach_short=1.000 cut=1.000 mode=random
  a=13 exact=0.000 reach_long=0.897 reach_short=1.000 cut=1.000 mode=random
  a=14 exact=0.000 reach_long=0.914 reach_short=1.000 cut=1.000 mode=random
  a=15 exact=0.000 reach_long=0.930 reach_short=1.000 cut=1.000 mode=random
  a=16 exact=0.000 reach_long=0.946 reach_short=1.000 cut=1.000 mode=random
  a=17 exact=0.000 reach_long=0.960 reach_short=1.000 cut=1.000 mode=random
  a=18 exact=0.000 reach_long=0.974 reach_short=1.000 cut=1.000 mode=random
  a=19 exact=0.000 reach_long=0.986 reach_short=1.000 cut=1.000 mode=random
  a=20 exact=0.000 reach_long=0.995 reach_short=0.995 cut=1.000 mode=random

== fixed-label comparison (identity permutation, confirmatory only) ==
  a= 1 exact=0.000 reach_long=0.717 reach_short=nan cut=1.000 mode=fixed
  a= 4 exact=0.000 reach_long=0.757 reach_short=1.000 cut=1.000 mode=fixed
  a= 7 exact=0.000 reach_long=0.801 reach_short=1.000 cut=1.000 mode=fixed
  a= 8 exact=0.000 reach_long=0.817 reach_short=1.000 cut=1.000 mode=fixed
  a=10 exact=0.000 reach_long=0.848 reach_short=1.000 cut=1.000 mode=fixed
  a=17 exact=0.000 reach_long=0.960 reach_short=1.000 cut=1.000 mode=fixed
  a=20 exact=0.000 reach_long=0.995 reach_short=0.995 cut=1.000 mode=fixed
  saved -> runs/report7/mechanistic/n40_er_similarity_seed4000/metrics.csv

== readout decomposition cos(h_i,h_j) (similarity read-out) ==
  readout(similarity) a= 1 done
  readout(similarity) a= 2 done
  readout(similarity) a= 3 done
  readout(similarity) a= 4 done
  readout(similarity) a= 5 done
  readout(similarity) a= 6 done
  readout(similarity) a= 7 done
  readout(similarity) a= 8 done
  readout(similarity) a= 9 done
  readout(similarity) a=10 done
  readout(similarity) a=11 done
  readout(similarity) a=12 done
  readout(similarity) a=13 done
  readout(similarity) a=14 done
  readout(similarity) a=15 done
  readout(similarity) a=16 done
  readout(similarity) a=17 done
  readout(similarity) a=18 done
  readout(similarity) a=19 done
  readout(similarity) a=20 done
  saved -> runs/report7/mechanistic/n40_er_similarity_seed4000/readout.csv

== W_in geometry (similarity read-out has no W_out) ==
  saved -> runs/report7/mechanistic/n40_er_similarity_seed4000/weights_summary.json

== attention probe (representative splits) ==
  attention a= 1 done (row_mass1 mean=1.991, exact-contribution over 64 graphs)
  attention a= 4 done (row_mass1 mean=1.818, exact-contribution over 64 graphs)
  attention a= 7 done (row_mass1 mean=1.725, exact-contribution over 64 graphs)
  attention a= 8 done (row_mass1 mean=1.705, exact-contribution over 64 graphs)
  attention a=10 done (row_mass1 mean=1.700, exact-contribution over 64 graphs)
  attention a=14 done (row_mass1 mean=1.708, exact-contribution over 64 graphs)
  attention a=17 done (row_mass1 mean=1.702, exact-contribution over 64 graphs)
  attention a=20 done (row_mass1 mean=1.702, exact-contribution over 64 graphs)
  saved -> runs/report7/mechanistic/n40_er_similarity_seed4000/attn_cache.npz
== mechanistic_heatmaps.py (heatmap probe, exact contribution) ==
checkpoint=runs/families_n40/n40_er_roberta_similarity_lam0_seed4000/last.pt
  arch=roberta readout=similarity n=40 device=cpu
== attention/Q/K/V heatmap probe ==
  heatmap probe a= 4 done
  heatmap probe a=20 done
  saved -> runs/report7/heatmaps/n40_er_similarity_seed4000/heatmap_data.npz
== raw weight matrices ==
  saved -> runs/report7/heatmaps/n40_er_similarity_seed4000/raw_weights.npz
== eval_three_way_split.py (falsification test) ==
checkpoint=runs/families_n40/n40_er_roberta_similarity_lam0_seed4000/last.pt
  arch=roberta readout=similarity n=40 device=cpu
  small= 1 large=(19,20) exact=0.000 cut(L1,L2)=1.000 cut(S,L1)=1.000 cut(S,L2)=1.000
  small= 2 large=(19,19) exact=1.000 cut(L1,L2)=1.000 cut(S,L1)=1.000 cut(S,L2)=1.000
  small= 4 large=(18,18) exact=1.000 cut(L1,L2)=1.000 cut(S,L1)=1.000 cut(S,L2)=1.000
  small= 7 large=(16,17) exact=1.000 cut(L1,L2)=1.000 cut(S,L1)=1.000 cut(S,L2)=1.000
  small= 8 large=(16,16) exact=1.000 cut(L1,L2)=1.000 cut(S,L1)=1.000 cut(S,L2)=1.000
  small=10 large=(15,15) exact=1.000 cut(L1,L2)=1.000 cut(S,L1)=1.000 cut(S,L2)=1.000
  saved -> runs/report7/three_way/n40_er_similarity_seed4000/three_way_split.json
== ablation_asym_chains.py (layer ablations) ==
checkpoint=runs/families_n40/n40_er_roberta_similarity_lam0_seed4000/last.pt
  arch=roberta readout=similarity n=40 device=cpu
      baseline a= 1 exact=0.000 reach_long=0.716 reach_short=nan cut=1.000
      baseline a= 4 exact=0.000 reach_long=0.757 reach_short=1.000 cut=1.000
      baseline a= 7 exact=0.000 reach_long=0.801 reach_short=1.000 cut=1.000
      baseline a= 8 exact=0.000 reach_long=0.816 reach_short=1.000 cut=1.000
      baseline a=10 exact=0.000 reach_long=0.848 reach_short=1.000 cut=1.000
      baseline a=14 exact=0.000 reach_long=0.914 reach_short=1.000 cut=1.000
      baseline a=17 exact=0.000 reach_long=0.961 reach_short=1.000 cut=1.000
      baseline a=20 exact=0.000 reach_long=0.995 reach_short=0.995 cut=1.000
    zero_attn0 a= 1 exact=0.007 reach_long=0.934 reach_short=nan cut=0.995
    zero_attn0 a= 4 exact=0.000 reach_long=0.922 reach_short=0.894 cut=0.375
    zero_attn0 a= 7 exact=0.000 reach_long=0.920 reach_short=0.795 cut=0.238
    zero_attn0 a= 8 exact=0.000 reach_long=0.914 reach_short=0.815 cut=0.202
    zero_attn0 a=10 exact=0.000 reach_long=0.914 reach_short=0.797 cut=0.189
    zero_attn0 a=14 exact=0.000 reach_long=0.900 reach_short=0.828 cut=0.159
    zero_attn0 a=17 exact=0.000 reach_long=0.895 reach_short=0.867 cut=0.137
    zero_attn0 a=20 exact=0.000 reach_long=0.876 reach_short=0.876 cut=0.139
    zero_attn1 a= 1 exact=0.000 reach_long=0.227 reach_short=nan cut=1.000
    zero_attn1 a= 4 exact=0.000 reach_long=0.246 reach_short=1.000 cut=1.000
    zero_attn1 a= 7 exact=0.000 reach_long=0.268 reach_short=1.000 cut=1.000
    zero_attn1 a= 8 exact=0.000 reach_long=0.276 reach_short=0.956 cut=1.000
    zero_attn1 a=10 exact=0.000 reach_long=0.293 reach_short=0.802 cut=1.000
    zero_attn1 a=14 exact=0.000 reach_long=0.337 reach_short=0.594 cut=1.000
    zero_attn1 a=17 exact=0.000 reach_long=0.377 reach_short=0.500 cut=1.000
    zero_attn1 a=20 exact=0.000 reach_long=0.430 reach_short=0.428 cut=1.000
     zero_mlp0 a= 1 exact=0.327 reach_long=1.000 reach_short=nan cut=0.474
     zero_mlp0 a= 4 exact=0.000 reach_long=1.000 reach_short=0.999 cut=0.010
     zero_mlp0 a= 7 exact=0.000 reach_long=1.000 reach_short=0.995 cut=0.002
     zero_mlp0 a= 8 exact=0.000 reach_long=1.000 reach_short=0.998 cut=0.000
     zero_mlp0 a=10 exact=0.000 reach_long=1.000 reach_short=1.000 cut=0.000
     zero_mlp0 a=14 exact=0.000 reach_long=1.000 reach_short=1.000 cut=0.000
     zero_mlp0 a=17 exact=0.000 reach_long=1.000 reach_short=1.000 cut=0.000
     zero_mlp0 a=20 exact=0.000 reach_long=1.000 reach_short=1.000 cut=0.000
     zero_mlp1 a= 1 exact=0.000 reach_long=0.802 reach_short=nan cut=0.113
     zero_mlp1 a= 4 exact=0.000 reach_long=0.840 reach_short=1.000 cut=0.699
     zero_mlp1 a= 7 exact=0.000 reach_long=0.877 reach_short=1.000 cut=0.876
     zero_mlp1 a= 8 exact=0.000 reach_long=0.889 reach_short=1.000 cut=0.818
     zero_mlp1 a=10 exact=0.000 reach_long=0.900 reach_short=1.000 cut=0.667
     zero_mlp1 a=14 exact=0.000 reach_long=0.956 reach_short=1.000 cut=0.630
     zero_mlp1 a=17 exact=0.000 reach_long=0.984 reach_short=1.000 cut=0.667
     zero_mlp1 a=20 exact=0.000 reach_long=0.998 reach_short=0.998 cut=0.657
        bypass a= 1 exact=0.000 reach_long=0.101 reach_short=nan cut=1.000
        bypass a= 4 exact=0.000 reach_long=0.110 reach_short=0.833 cut=1.000
        bypass a= 7 exact=0.000 reach_long=0.119 reach_short=0.524 cut=1.000
        bypass a= 8 exact=0.000 reach_long=0.123 reach_short=0.464 cut=1.000
        bypass a=10 exact=0.000 reach_long=0.131 reach_short=0.378 cut=1.000
        bypass a=14 exact=0.000 reach_long=0.151 reach_short=0.275 cut=1.000
        bypass a=17 exact=0.000 reach_long=0.170 reach_short=0.228 cut=1.000
        bypass a=20 exact=0.000 reach_long=0.195 reach_short=0.195 cut=1.000
  saved -> runs/report7/ablation/n40_er_similarity_seed4000/ablation.csv
done n40_er_similarity_seed4000
