tag=n40_pathunion_similarity_seed4000 checkpoint=runs/report6/a1_train/n40_path_union_roberta_similarity_lam0_seed4000/last.pt
== mechanistic_asym_chains.py (Tier-1 + attention probe, exact contribution) ==
checkpoint=runs/report6/a1_train/n40_path_union_roberta_similarity_lam0_seed4000/last.pt
  arch=roberta readout=similarity n=40 device=cpu
  [selftest] run_with_cache matches model.forward_and_embeddings exactly
  [selftest] exact_contribution matches brute-force double loop (max diff 0.00e+00)

== behavioural sweep (random relabelling, the primary condition) ==
  a= 1 exact=1.000 reach_long=1.000 reach_short=nan cut=1.000 mode=random
  a= 2 exact=1.000 reach_long=1.000 reach_short=1.000 cut=1.000 mode=random
  a= 3 exact=1.000 reach_long=1.000 reach_short=1.000 cut=1.000 mode=random
  a= 4 exact=1.000 reach_long=1.000 reach_short=1.000 cut=1.000 mode=random
  a= 5 exact=1.000 reach_long=1.000 reach_short=1.000 cut=1.000 mode=random
  a= 6 exact=1.000 reach_long=1.000 reach_short=1.000 cut=1.000 mode=random
  a= 7 exact=1.000 reach_long=1.000 reach_short=1.000 cut=1.000 mode=random
  a= 8 exact=0.000 reach_long=0.818 reach_short=1.000 cut=1.000 mode=random
  a= 9 exact=0.000 reach_long=0.834 reach_short=1.000 cut=1.000 mode=random
  a=10 exact=0.000 reach_long=0.849 reach_short=1.000 cut=1.000 mode=random
  a=11 exact=0.000 reach_long=0.865 reach_short=1.000 cut=1.000 mode=random
  a=12 exact=0.000 reach_long=0.881 reach_short=1.000 cut=1.000 mode=random
  a=13 exact=0.000 reach_long=0.897 reach_short=1.000 cut=1.000 mode=random
  a=14 exact=0.000 reach_long=0.914 reach_short=1.000 cut=0.999 mode=random
  a=15 exact=0.000 reach_long=0.930 reach_short=1.000 cut=0.999 mode=random
  a=16 exact=0.000 reach_long=0.946 reach_short=1.000 cut=0.998 mode=random
  a=17 exact=0.000 reach_long=0.960 reach_short=1.000 cut=0.997 mode=random
  a=18 exact=0.000 reach_long=0.974 reach_short=1.000 cut=0.997 mode=random
  a=19 exact=0.000 reach_long=0.986 reach_short=1.000 cut=0.999 mode=random
  a=20 exact=0.000 reach_long=0.995 reach_short=0.995 cut=0.999 mode=random

== fixed-label comparison (identity permutation, confirmatory only) ==
  a= 1 exact=1.000 reach_long=1.000 reach_short=nan cut=1.000 mode=fixed
  a= 4 exact=1.000 reach_long=1.000 reach_short=1.000 cut=1.000 mode=fixed
  a= 7 exact=1.000 reach_long=1.000 reach_short=1.000 cut=1.000 mode=fixed
  a= 8 exact=0.000 reach_long=0.821 reach_short=1.000 cut=1.000 mode=fixed
  a=10 exact=0.000 reach_long=0.848 reach_short=1.000 cut=1.000 mode=fixed
  a=17 exact=0.000 reach_long=0.960 reach_short=1.000 cut=0.987 mode=fixed
  a=20 exact=0.000 reach_long=0.995 reach_short=0.995 cut=1.000 mode=fixed
  saved -> runs/report7/mechanistic/n40_pathunion_similarity_seed4000/metrics.csv

== readout decomposition cos(h_i,h_j) (similarity read-out) ==
  readout(similarity) a= 1 done
  readout(similarity) a= 2 done
  readout(similarity) a= 3 done
  readout(similarity) a= 4 done
  readout(similarity) a= 5 done
  readout(similarity) a= 6 done
  readout(similarity) a= 7 done
  readout(similarity) a= 8 done
  readout(similarity) a= 9 done
  readout(similarity) a=10 done
  readout(similarity) a=11 done
  readout(similarity) a=12 done
  readout(similarity) a=13 done
  readout(similarity) a=14 done
  readout(similarity) a=15 done
  readout(similarity) a=16 done
  readout(similarity) a=17 done
  readout(similarity) a=18 done
  readout(similarity) a=19 done
  readout(similarity) a=20 done
  saved -> runs/report7/mechanistic/n40_pathunion_similarity_seed4000/readout.csv

== W_in geometry (similarity read-out has no W_out) ==
  saved -> runs/report7/mechanistic/n40_pathunion_similarity_seed4000/weights_summary.json

== attention probe (representative splits) ==
  attention a= 1 done (row_mass1 mean=1.756, exact-contribution over 64 graphs)
  attention a= 4 done (row_mass1 mean=2.452, exact-contribution over 64 graphs)
  attention a= 7 done (row_mass1 mean=2.154, exact-contribution over 64 graphs)
  attention a= 8 done (row_mass1 mean=2.144, exact-contribution over 64 graphs)
  attention a=10 done (row_mass1 mean=2.139, exact-contribution over 64 graphs)
  attention a=14 done (row_mass1 mean=2.138, exact-contribution over 64 graphs)
  attention a=17 done (row_mass1 mean=2.138, exact-contribution over 64 graphs)
  attention a=20 done (row_mass1 mean=2.139, exact-contribution over 64 graphs)
  saved -> runs/report7/mechanistic/n40_pathunion_similarity_seed4000/attn_cache.npz
== mechanistic_heatmaps.py (heatmap probe, exact contribution) ==
checkpoint=runs/report6/a1_train/n40_path_union_roberta_similarity_lam0_seed4000/last.pt
  arch=roberta readout=similarity n=40 device=cpu
== attention/Q/K/V heatmap probe ==
  heatmap probe a= 4 done
  heatmap probe a=20 done
  saved -> runs/report7/heatmaps/n40_pathunion_similarity_seed4000/heatmap_data.npz
== raw weight matrices ==
  saved -> runs/report7/heatmaps/n40_pathunion_similarity_seed4000/raw_weights.npz
== eval_three_way_split.py (falsification test) ==
checkpoint=runs/report6/a1_train/n40_path_union_roberta_similarity_lam0_seed4000/last.pt
  arch=roberta readout=similarity n=40 device=cpu
  small= 1 large=(19,20) exact=0.000 cut(L1,L2)=1.000 cut(S,L1)=1.000 cut(S,L2)=1.000
  small= 2 large=(19,19) exact=0.510 cut(L1,L2)=0.996 cut(S,L1)=1.000 cut(S,L2)=1.000
  small= 4 large=(18,18) exact=0.877 cut(L1,L2)=0.999 cut(S,L1)=1.000 cut(S,L2)=1.000
  small= 7 large=(16,17) exact=0.967 cut(L1,L2)=1.000 cut(S,L1)=1.000 cut(S,L2)=1.000
  small= 8 large=(16,16) exact=1.000 cut(L1,L2)=1.000 cut(S,L1)=1.000 cut(S,L2)=1.000
  small=10 large=(15,15) exact=1.000 cut(L1,L2)=1.000 cut(S,L1)=1.000 cut(S,L2)=1.000
  saved -> runs/report7/three_way/n40_pathunion_similarity_seed4000/three_way_split.json
== ablation_asym_chains.py (layer ablations) ==
checkpoint=runs/report6/a1_train/n40_path_union_roberta_similarity_lam0_seed4000/last.pt
  arch=roberta readout=similarity n=40 device=cpu
      baseline a= 1 exact=1.000 reach_long=1.000 reach_short=nan cut=1.000
      baseline a= 4 exact=1.000 reach_long=1.000 reach_short=1.000 cut=1.000
      baseline a= 7 exact=1.000 reach_long=1.000 reach_short=1.000 cut=1.000
      baseline a= 8 exact=0.000 reach_long=0.819 reach_short=1.000 cut=1.000
      baseline a=10 exact=0.000 reach_long=0.849 reach_short=1.000 cut=1.000
      baseline a=14 exact=0.000 reach_long=0.914 reach_short=1.000 cut=1.000
      baseline a=17 exact=0.000 reach_long=0.961 reach_short=1.000 cut=0.997
      baseline a=20 exact=0.000 reach_long=0.995 reach_short=0.995 cut=0.999
    zero_attn0 a= 1 exact=0.493 reach_long=0.979 reach_short=nan cut=0.991
    zero_attn0 a= 4 exact=0.000 reach_long=0.978 reach_short=0.857 cut=0.088
    zero_attn0 a= 7 exact=0.000 reach_long=0.979 reach_short=0.904 cut=0.060
    zero_attn0 a= 8 exact=0.000 reach_long=0.980 reach_short=0.902 cut=0.059
    zero_attn0 a=10 exact=0.000 reach_long=0.975 reach_short=0.925 cut=0.051
    zero_attn0 a=14 exact=0.000 reach_long=0.972 reach_short=0.944 cut=0.043
    zero_attn0 a=17 exact=0.000 reach_long=0.971 reach_short=0.960 cut=0.034
    zero_attn0 a=20 exact=0.000 reach_long=0.967 reach_short=0.957 cut=0.036
    zero_attn1 a= 1 exact=0.000 reach_long=0.924 reach_short=nan cut=0.010
    zero_attn1 a= 4 exact=0.000 reach_long=0.919 reach_short=1.000 cut=0.855
    zero_attn1 a= 7 exact=0.000 reach_long=0.911 reach_short=0.991 cut=0.302
    zero_attn1 a= 8 exact=0.000 reach_long=0.913 reach_short=0.927 cut=0.276
    zero_attn1 a=10 exact=0.000 reach_long=0.905 reach_short=0.862 cut=0.232
    zero_attn1 a=14 exact=0.000 reach_long=0.895 reach_short=0.854 cut=0.189
    zero_attn1 a=17 exact=0.000 reach_long=0.888 reach_short=0.863 cut=0.179
    zero_attn1 a=20 exact=0.000 reach_long=0.877 reach_short=0.877 cut=0.172
     zero_mlp0 a= 1 exact=0.000 reach_long=0.950 reach_short=nan cut=0.938
     zero_mlp0 a= 4 exact=0.000 reach_long=0.917 reach_short=1.000 cut=0.080
     zero_mlp0 a= 7 exact=0.000 reach_long=0.918 reach_short=0.730 cut=0.190
     zero_mlp0 a= 8 exact=0.000 reach_long=0.934 reach_short=0.736 cut=0.154
     zero_mlp0 a=10 exact=0.000 reach_long=0.925 reach_short=0.767 cut=0.144
     zero_mlp0 a=14 exact=0.000 reach_long=0.909 reach_short=0.831 cut=0.122
     zero_mlp0 a=17 exact=0.000 reach_long=0.906 reach_short=0.870 cut=0.107
     zero_mlp0 a=20 exact=0.000 reach_long=0.889 reach_short=0.889 cut=0.107
     zero_mlp1 a= 1 exact=0.000 reach_long=0.673 reach_short=nan cut=0.983
     zero_mlp1 a= 4 exact=0.000 reach_long=0.880 reach_short=1.000 cut=0.116
     zero_mlp1 a= 7 exact=0.000 reach_long=0.810 reach_short=1.000 cut=0.736
     zero_mlp1 a= 8 exact=0.000 reach_long=0.766 reach_short=1.000 cut=0.979
     zero_mlp1 a=10 exact=0.000 reach_long=0.800 reach_short=1.000 cut=1.000
     zero_mlp1 a=14 exact=0.000 reach_long=0.880 reach_short=1.000 cut=0.997
     zero_mlp1 a=17 exact=0.000 reach_long=0.942 reach_short=1.000 cut=0.996
     zero_mlp1 a=20 exact=0.000 reach_long=0.986 reach_short=0.986 cut=0.996
        bypass a= 1 exact=0.000 reach_long=0.103 reach_short=nan cut=0.949
        bypass a= 4 exact=0.000 reach_long=0.111 reach_short=1.000 cut=0.972
        bypass a= 7 exact=0.000 reach_long=0.121 reach_short=0.571 cut=0.983
        bypass a= 8 exact=0.000 reach_long=0.125 reach_short=0.500 cut=0.984
        bypass a=10 exact=0.000 reach_long=0.133 reach_short=0.400 cut=0.987
        bypass a=14 exact=0.000 reach_long=0.154 reach_short=0.286 cut=0.989
        bypass a=17 exact=0.000 reach_long=0.174 reach_short=0.235 cut=0.990
        bypass a=20 exact=0.000 reach_long=0.200 reach_short=0.200 cut=0.990
  saved -> runs/report7/ablation/n40_pathunion_similarity_seed4000/ablation.csv
done n40_pathunion_similarity_seed4000
