tag=n40_pathunion_similarity_seed3000 checkpoint=runs/report6/a1_train/n40_path_union_roberta_similarity_lam0_seed3000/last.pt
== mechanistic_asym_chains.py (Tier-1 + attention probe, exact contribution) ==
checkpoint=runs/report6/a1_train/n40_path_union_roberta_similarity_lam0_seed3000/last.pt
  arch=roberta readout=similarity n=40 device=cpu
  [selftest] run_with_cache matches model.forward_and_embeddings exactly
  [selftest] exact_contribution matches brute-force double loop (max diff 0.00e+00)

== behavioural sweep (random relabelling, the primary condition) ==
  a= 1 exact=1.000 reach_long=1.000 reach_short=nan cut=1.000 mode=random
  a= 2 exact=1.000 reach_long=1.000 reach_short=1.000 cut=1.000 mode=random
  a= 3 exact=1.000 reach_long=1.000 reach_short=1.000 cut=1.000 mode=random
  a= 4 exact=1.000 reach_long=1.000 reach_short=1.000 cut=1.000 mode=random
  a= 5 exact=1.000 reach_long=1.000 reach_short=1.000 cut=1.000 mode=random
  a= 6 exact=1.000 reach_long=1.000 reach_short=1.000 cut=1.000 mode=random
  a= 7 exact=1.000 reach_long=1.000 reach_short=1.000 cut=1.000 mode=random
  a= 8 exact=1.000 reach_long=1.000 reach_short=1.000 cut=1.000 mode=random
  a= 9 exact=1.000 reach_long=1.000 reach_short=1.000 cut=1.000 mode=random
  a=10 exact=1.000 reach_long=1.000 reach_short=1.000 cut=1.000 mode=random
  a=11 exact=1.000 reach_long=1.000 reach_short=1.000 cut=1.000 mode=random
  a=12 exact=0.000 reach_long=0.882 reach_short=1.000 cut=1.000 mode=random
  a=13 exact=0.000 reach_long=0.899 reach_short=1.000 cut=1.000 mode=random
  a=14 exact=0.000 reach_long=0.915 reach_short=1.000 cut=1.000 mode=random
  a=15 exact=0.000 reach_long=0.931 reach_short=1.000 cut=1.000 mode=random
  a=16 exact=0.000 reach_long=0.946 reach_short=1.000 cut=0.999 mode=random
  a=17 exact=0.000 reach_long=0.961 reach_short=1.000 cut=0.998 mode=random
  a=18 exact=0.000 reach_long=0.974 reach_short=1.000 cut=0.998 mode=random
  a=19 exact=0.000 reach_long=0.986 reach_short=1.000 cut=0.998 mode=random
  a=20 exact=0.000 reach_long=0.995 reach_short=0.995 cut=0.998 mode=random

== fixed-label comparison (identity permutation, confirmatory only) ==
  a= 1 exact=1.000 reach_long=1.000 reach_short=nan cut=1.000 mode=fixed
  a= 4 exact=1.000 reach_long=1.000 reach_short=1.000 cut=1.000 mode=fixed
  a= 7 exact=1.000 reach_long=1.000 reach_short=1.000 cut=1.000 mode=fixed
  a= 8 exact=1.000 reach_long=1.000 reach_short=1.000 cut=1.000 mode=fixed
  a=10 exact=1.000 reach_long=1.000 reach_short=1.000 cut=1.000 mode=fixed
  a=17 exact=0.000 reach_long=0.960 reach_short=1.000 cut=1.000 mode=fixed
  a=20 exact=0.000 reach_long=0.995 reach_short=0.995 cut=1.000 mode=fixed
  saved -> runs/report7/mechanistic/n40_pathunion_similarity_seed3000/metrics.csv

== readout decomposition cos(h_i,h_j) (similarity read-out) ==
  readout(similarity) a= 1 done
  readout(similarity) a= 2 done
  readout(similarity) a= 3 done
  readout(similarity) a= 4 done
  readout(similarity) a= 5 done
  readout(similarity) a= 6 done
  readout(similarity) a= 7 done
  readout(similarity) a= 8 done
  readout(similarity) a= 9 done
  readout(similarity) a=10 done
  readout(similarity) a=11 done
  readout(similarity) a=12 done
  readout(similarity) a=13 done
  readout(similarity) a=14 done
  readout(similarity) a=15 done
  readout(similarity) a=16 done
  readout(similarity) a=17 done
  readout(similarity) a=18 done
  readout(similarity) a=19 done
  readout(similarity) a=20 done
  saved -> runs/report7/mechanistic/n40_pathunion_similarity_seed3000/readout.csv

== W_in geometry (similarity read-out has no W_out) ==
  saved -> runs/report7/mechanistic/n40_pathunion_similarity_seed3000/weights_summary.json

== attention probe (representative splits) ==
  attention a= 1 done (row_mass1 mean=2.038, exact-contribution over 64 graphs)
  attention a= 4 done (row_mass1 mean=2.519, exact-contribution over 64 graphs)
  attention a= 7 done (row_mass1 mean=2.873, exact-contribution over 64 graphs)
  attention a= 8 done (row_mass1 mean=2.846, exact-contribution over 64 graphs)
  attention a=10 done (row_mass1 mean=2.819, exact-contribution over 64 graphs)
  attention a=14 done (row_mass1 mean=2.813, exact-contribution over 64 graphs)
  attention a=17 done (row_mass1 mean=2.813, exact-contribution over 64 graphs)
  attention a=20 done (row_mass1 mean=2.814, exact-contribution over 64 graphs)
  saved -> runs/report7/mechanistic/n40_pathunion_similarity_seed3000/attn_cache.npz
== mechanistic_heatmaps.py (heatmap probe, exact contribution) ==
checkpoint=runs/report6/a1_train/n40_path_union_roberta_similarity_lam0_seed3000/last.pt
  arch=roberta readout=similarity n=40 device=cpu
== attention/Q/K/V heatmap probe ==
  heatmap probe a= 4 done
  heatmap probe a=20 done
  saved -> runs/report7/heatmaps/n40_pathunion_similarity_seed3000/heatmap_data.npz
== raw weight matrices ==
  saved -> runs/report7/heatmaps/n40_pathunion_similarity_seed3000/raw_weights.npz
== eval_three_way_split.py (falsification test) ==
checkpoint=runs/report6/a1_train/n40_path_union_roberta_similarity_lam0_seed3000/last.pt
  arch=roberta readout=similarity n=40 device=cpu
  small= 1 large=(19,20) exact=0.013 cut(L1,L2)=0.999 cut(S,L1)=1.000 cut(S,L2)=1.000
  small= 2 large=(19,19) exact=0.547 cut(L1,L2)=0.993 cut(S,L1)=1.000 cut(S,L2)=1.000
  small= 4 large=(18,18) exact=0.873 cut(L1,L2)=0.999 cut(S,L1)=1.000 cut(S,L2)=1.000
  small= 7 large=(16,17) exact=0.873 cut(L1,L2)=0.999 cut(S,L1)=1.000 cut(S,L2)=1.000
  small= 8 large=(16,16) exact=0.927 cut(L1,L2)=1.000 cut(S,L1)=1.000 cut(S,L2)=1.000
  small=10 large=(15,15) exact=1.000 cut(L1,L2)=1.000 cut(S,L1)=1.000 cut(S,L2)=1.000
  saved -> runs/report7/three_way/n40_pathunion_similarity_seed3000/three_way_split.json
== ablation_asym_chains.py (layer ablations) ==
checkpoint=runs/report6/a1_train/n40_path_union_roberta_similarity_lam0_seed3000/last.pt
  arch=roberta readout=similarity n=40 device=cpu
      baseline a= 1 exact=1.000 reach_long=1.000 reach_short=nan cut=1.000
      baseline a= 4 exact=1.000 reach_long=1.000 reach_short=1.000 cut=1.000
      baseline a= 7 exact=1.000 reach_long=1.000 reach_short=1.000 cut=1.000
      baseline a= 8 exact=1.000 reach_long=1.000 reach_short=1.000 cut=1.000
      baseline a=10 exact=1.000 reach_long=1.000 reach_short=1.000 cut=1.000
      baseline a=14 exact=0.000 reach_long=0.914 reach_short=1.000 cut=1.000
      baseline a=17 exact=0.000 reach_long=0.961 reach_short=1.000 cut=0.998
      baseline a=20 exact=0.000 reach_long=0.995 reach_short=0.995 cut=0.998
    zero_attn0 a= 1 exact=1.000 reach_long=1.000 reach_short=nan cut=1.000
    zero_attn0 a= 4 exact=0.000 reach_long=1.000 reach_short=1.000 cut=0.000
    zero_attn0 a= 7 exact=0.000 reach_long=1.000 reach_short=1.000 cut=0.000
    zero_attn0 a= 8 exact=0.000 reach_long=1.000 reach_short=1.000 cut=0.000
    zero_attn0 a=10 exact=0.000 reach_long=1.000 reach_short=1.000 cut=0.000
    zero_attn0 a=14 exact=0.000 reach_long=1.000 reach_short=1.000 cut=0.000
    zero_attn0 a=17 exact=0.000 reach_long=1.000 reach_short=1.000 cut=0.000
    zero_attn0 a=20 exact=0.000 reach_long=1.000 reach_short=1.000 cut=0.000
    zero_attn1 a= 1 exact=0.000 reach_long=0.827 reach_short=nan cut=1.000
    zero_attn1 a= 4 exact=0.000 reach_long=0.815 reach_short=0.333 cut=0.917
    zero_attn1 a= 7 exact=0.000 reach_long=0.803 reach_short=0.889 cut=0.483
    zero_attn1 a= 8 exact=0.000 reach_long=0.797 reach_short=0.807 cut=0.437
    zero_attn1 a=10 exact=0.000 reach_long=0.787 reach_short=0.718 cut=0.372
    zero_attn1 a=14 exact=0.000 reach_long=0.765 reach_short=0.682 cut=0.306
    zero_attn1 a=17 exact=0.000 reach_long=0.745 reach_short=0.704 cut=0.285
    zero_attn1 a=20 exact=0.000 reach_long=0.723 reach_short=0.725 cut=0.279
     zero_mlp0 a= 1 exact=0.000 reach_long=0.919 reach_short=nan cut=0.956
     zero_mlp0 a= 4 exact=0.000 reach_long=0.974 reach_short=1.000 cut=0.066
     zero_mlp0 a= 7 exact=0.000 reach_long=0.965 reach_short=0.693 cut=0.134
     zero_mlp0 a= 8 exact=0.000 reach_long=0.963 reach_short=0.695 cut=0.123
     zero_mlp0 a=10 exact=0.000 reach_long=0.943 reach_short=0.760 cut=0.117
     zero_mlp0 a=14 exact=0.000 reach_long=0.940 reach_short=0.856 cut=0.090
     zero_mlp0 a=17 exact=0.000 reach_long=0.927 reach_short=0.891 cut=0.086
     zero_mlp0 a=20 exact=0.000 reach_long=0.914 reach_short=0.911 cut=0.085
     zero_mlp1 a= 1 exact=0.000 reach_long=0.945 reach_short=nan cut=0.700
     zero_mlp1 a= 4 exact=0.000 reach_long=0.995 reach_short=1.000 cut=0.348
     zero_mlp1 a= 7 exact=0.000 reach_long=1.000 reach_short=1.000 cut=0.000
     zero_mlp1 a= 8 exact=0.000 reach_long=1.000 reach_short=1.000 cut=0.000
     zero_mlp1 a=10 exact=0.000 reach_long=0.997 reach_short=1.000 cut=0.039
     zero_mlp1 a=14 exact=0.000 reach_long=0.959 reach_short=1.000 cut=0.385
     zero_mlp1 a=17 exact=0.000 reach_long=0.978 reach_short=1.000 cut=0.470
     zero_mlp1 a=20 exact=0.000 reach_long=0.997 reach_short=0.997 cut=0.527
        bypass a= 1 exact=0.000 reach_long=0.101 reach_short=nan cut=0.949
        bypass a= 4 exact=0.000 reach_long=0.110 reach_short=0.833 cut=1.000
        bypass a= 7 exact=0.000 reach_long=0.119 reach_short=0.524 cut=1.000
        bypass a= 8 exact=0.000 reach_long=0.123 reach_short=0.464 cut=1.000
        bypass a=10 exact=0.000 reach_long=0.131 reach_short=0.378 cut=1.000
        bypass a=14 exact=0.000 reach_long=0.151 reach_short=0.275 cut=1.000
        bypass a=17 exact=0.000 reach_long=0.170 reach_short=0.228 cut=1.000
        bypass a=20 exact=0.000 reach_long=0.195 reach_short=0.195 cut=1.000
  saved -> runs/report7/ablation/n40_pathunion_similarity_seed3000/ablation.csv
done n40_pathunion_similarity_seed3000
