tag=n40_er_seed4000 checkpoint=runs/families_n40/n40_er_roberta_linear_lam0_seed4000/last.pt
== eval_three_way_split.py (falsification test) ==
checkpoint=runs/families_n40/n40_er_roberta_linear_lam0_seed4000/last.pt
  arch=roberta readout=linear n=40 device=cpu
  small= 1 large=(19,20) exact=0.000 cut(L1,L2)=0.006 cut(S,L1)=1.000 cut(S,L2)=1.000
  small= 2 large=(19,19) exact=0.000 cut(L1,L2)=0.003 cut(S,L1)=1.000 cut(S,L2)=1.000
  small= 4 large=(18,18) exact=0.000 cut(L1,L2)=0.000 cut(S,L1)=1.000 cut(S,L2)=1.000
  small= 7 large=(16,17) exact=0.000 cut(L1,L2)=0.121 cut(S,L1)=0.596 cut(S,L2)=0.592
  small= 8 large=(16,16) exact=0.000 cut(L1,L2)=0.319 cut(S,L1)=0.698 cut(S,L2)=0.703
  small=10 large=(15,15) exact=0.000 cut(L1,L2)=0.590 cut(S,L1)=0.749 cut(S,L2)=0.759
  saved -> runs/report7/three_way/n40_er_seed4000/three_way_split.json
== ablation_asym_chains.py (layer ablations) ==
checkpoint=runs/families_n40/n40_er_roberta_linear_lam0_seed4000/last.pt
  arch=roberta readout=linear n=40 device=cpu
      baseline a= 1 exact=0.393 reach_long=0.996 reach_short=nan cut=1.000
      baseline a= 4 exact=0.567 reach_long=1.000 reach_short=1.000 cut=0.997
      baseline a= 7 exact=0.000 reach_long=0.989 reach_short=1.000 cut=0.513
      baseline a= 8 exact=0.000 reach_long=0.966 reach_short=1.000 cut=0.534
      baseline a=10 exact=0.000 reach_long=0.964 reach_short=1.000 cut=0.446
      baseline a=14 exact=0.000 reach_long=0.988 reach_short=1.000 cut=0.164
      baseline a=17 exact=0.000 reach_long=0.996 reach_short=0.999 cut=0.044
      baseline a=20 exact=0.000 reach_long=0.999 reach_short=0.998 cut=0.007
    zero_attn0 a= 1 exact=0.000 reach_long=0.035 reach_short=nan cut=1.000
    zero_attn0 a= 4 exact=0.000 reach_long=0.046 reach_short=0.234 cut=0.997
    zero_attn0 a= 7 exact=0.000 reach_long=0.044 reach_short=0.141 cut=0.991
    zero_attn0 a= 8 exact=0.000 reach_long=0.046 reach_short=0.124 cut=0.988
    zero_attn0 a=10 exact=0.000 reach_long=0.047 reach_short=0.105 cut=0.988
    zero_attn0 a=14 exact=0.000 reach_long=0.051 reach_short=0.081 cut=0.986
    zero_attn0 a=17 exact=0.000 reach_long=0.057 reach_short=0.069 cut=0.985
    zero_attn0 a=20 exact=0.000 reach_long=0.062 reach_short=0.064 cut=0.984
    zero_attn1 a= 1 exact=0.000 reach_long=0.101 reach_short=nan cut=1.000
    zero_attn1 a= 4 exact=0.000 reach_long=0.109 reach_short=1.000 cut=1.000
    zero_attn1 a= 7 exact=0.000 reach_long=0.120 reach_short=0.591 cut=1.000
    zero_attn1 a= 8 exact=0.000 reach_long=0.123 reach_short=0.521 cut=1.000
    zero_attn1 a=10 exact=0.000 reach_long=0.132 reach_short=0.411 cut=1.000
    zero_attn1 a=14 exact=0.000 reach_long=0.152 reach_short=0.292 cut=1.000
    zero_attn1 a=17 exact=0.000 reach_long=0.170 reach_short=0.239 cut=1.000
    zero_attn1 a=20 exact=0.000 reach_long=0.199 reach_short=0.197 cut=1.000
     zero_mlp0 a= 1 exact=0.000 reach_long=0.503 reach_short=nan cut=1.000
     zero_mlp0 a= 4 exact=0.000 reach_long=0.618 reach_short=0.997 cut=0.629
     zero_mlp0 a= 7 exact=0.000 reach_long=0.546 reach_short=1.000 cut=0.812
     zero_mlp0 a= 8 exact=0.000 reach_long=0.547 reach_short=0.985 cut=0.806
     zero_mlp0 a=10 exact=0.000 reach_long=0.542 reach_short=0.882 cut=0.821
     zero_mlp0 a=14 exact=0.000 reach_long=0.569 reach_short=0.736 cut=0.796
     zero_mlp0 a=17 exact=0.000 reach_long=0.586 reach_short=0.663 cut=0.800
     zero_mlp0 a=20 exact=0.000 reach_long=0.621 reach_short=0.618 cut=0.785
     zero_mlp1 a= 1 exact=0.013 reach_long=0.997 reach_short=nan cut=0.989
     zero_mlp1 a= 4 exact=0.000 reach_long=0.991 reach_short=1.000 cut=0.473
     zero_mlp1 a= 7 exact=0.000 reach_long=0.987 reach_short=1.000 cut=0.233
     zero_mlp1 a= 8 exact=0.000 reach_long=0.986 reach_short=1.000 cut=0.173
     zero_mlp1 a=10 exact=0.000 reach_long=0.984 reach_short=1.000 cut=0.103
     zero_mlp1 a=14 exact=0.000 reach_long=0.979 reach_short=0.951 cut=0.079
     zero_mlp1 a=17 exact=0.000 reach_long=0.972 reach_short=0.953 cut=0.071
     zero_mlp1 a=20 exact=0.000 reach_long=0.961 reach_short=0.963 cut=0.071
        bypass a= 1 exact=0.000 reach_long=0.218 reach_short=nan cut=0.673
        bypass a= 4 exact=0.000 reach_long=0.219 reach_short=0.212 cut=0.765
        bypass a= 7 exact=0.000 reach_long=0.220 reach_short=0.209 cut=0.775
        bypass a= 8 exact=0.000 reach_long=0.220 reach_short=0.218 cut=0.769
        bypass a=10 exact=0.000 reach_long=0.218 reach_short=0.225 cut=0.772
        bypass a=14 exact=0.000 reach_long=0.214 reach_short=0.229 cut=0.774
        bypass a=17 exact=0.000 reach_long=0.216 reach_short=0.225 cut=0.774
        bypass a=20 exact=0.000 reach_long=0.227 reach_short=0.218 cut=0.773
  saved -> runs/report7/ablation/n40_er_seed4000/ablation.csv
done n40_er_seed4000
