tag=n20_er_seed3000 checkpoint=runs/repro_paper_n20_roberta/n20_p008_unrestricted_seed3000/best.pt
== eval_three_way_split.py (falsification test) ==
checkpoint=runs/repro_paper_n20_roberta/n20_p008_unrestricted_seed3000/best.pt
  arch=roberta readout=linear n=20 device=cpu
  small= 1 large=(9,10) exact=0.000 cut(L1,L2)=0.855 cut(S,L1)=1.000 cut(S,L2)=1.000
  small= 2 large=(9,9) exact=0.000 cut(L1,L2)=0.944 cut(S,L1)=1.000 cut(S,L2)=1.000
  small= 4 large=(8,8) exact=0.983 cut(L1,L2)=1.000 cut(S,L1)=1.000 cut(S,L2)=1.000
  small= 7 large=(6,7) exact=0.997 cut(L1,L2)=1.000 cut(S,L1)=1.000 cut(S,L2)=1.000
  small= 8 large=(6,6) exact=0.960 cut(L1,L2)=1.000 cut(S,L1)=1.000 cut(S,L2)=1.000
  small=10 large=(5,5) exact=0.630 cut(L1,L2)=1.000 cut(S,L1)=0.996 cut(S,L2)=0.997
  saved -> runs/report7/three_way/n20_er_seed3000/three_way_split.json
== ablation_asym_chains.py (layer ablations) ==
checkpoint=runs/repro_paper_n20_roberta/n20_p008_unrestricted_seed3000/best.pt
  arch=roberta readout=linear n=20 device=cpu
      baseline a= 1 exact=0.000 reach_long=0.929 reach_short=nan cut=1.000
      baseline a= 4 exact=0.647 reach_long=1.000 reach_short=1.000 cut=0.991
      baseline a= 7 exact=0.000 reach_long=0.997 reach_short=1.000 cut=0.838
      baseline a= 8 exact=0.000 reach_long=0.999 reach_short=1.000 cut=0.796
      baseline a=10 exact=0.000 reach_long=1.000 reach_short=1.000 cut=0.723
    zero_attn0 a= 1 exact=0.000 reach_long=0.067 reach_short=nan cut=0.993
    zero_attn0 a= 4 exact=0.000 reach_long=0.083 reach_short=0.364 cut=1.000
    zero_attn0 a= 7 exact=0.000 reach_long=0.100 reach_short=0.197 cut=1.000
    zero_attn0 a= 8 exact=0.000 reach_long=0.114 reach_short=0.169 cut=1.000
    zero_attn0 a=10 exact=0.000 reach_long=0.134 reach_short=0.130 cut=1.000
    zero_attn1 a= 1 exact=0.000 reach_long=0.312 reach_short=nan cut=0.997
    zero_attn1 a= 4 exact=0.000 reach_long=0.388 reach_short=1.000 cut=0.960
    zero_attn1 a= 7 exact=0.000 reach_long=0.459 reach_short=0.731 cut=0.941
    zero_attn1 a= 8 exact=0.000 reach_long=0.493 reach_short=0.666 cut=0.945
    zero_attn1 a=10 exact=0.000 reach_long=0.561 reach_short=0.565 cut=0.941
     zero_mlp0 a= 1 exact=0.000 reach_long=0.387 reach_short=nan cut=0.718
     zero_mlp0 a= 4 exact=0.000 reach_long=0.387 reach_short=0.919 cut=0.894
     zero_mlp0 a= 7 exact=0.000 reach_long=0.467 reach_short=0.758 cut=0.958
     zero_mlp0 a= 8 exact=0.000 reach_long=0.505 reach_short=0.724 cut=0.955
     zero_mlp0 a=10 exact=0.000 reach_long=0.601 reach_short=0.604 cut=0.953
     zero_mlp1 a= 1 exact=0.000 reach_long=0.997 reach_short=nan cut=0.490
     zero_mlp1 a= 4 exact=0.000 reach_long=0.996 reach_short=1.000 cut=0.500
     zero_mlp1 a= 7 exact=0.000 reach_long=1.000 reach_short=1.000 cut=0.161
     zero_mlp1 a= 8 exact=0.000 reach_long=1.000 reach_short=1.000 cut=0.069
     zero_mlp1 a=10 exact=0.000 reach_long=1.000 reach_short=1.000 cut=0.026
        bypass a= 1 exact=0.000 reach_long=0.417 reach_short=nan cut=0.547
        bypass a= 4 exact=0.000 reach_long=0.414 reach_short=0.289 cut=0.541
        bypass a= 7 exact=0.000 reach_long=0.403 reach_short=0.354 cut=0.543
        bypass a= 8 exact=0.000 reach_long=0.395 reach_short=0.372 cut=0.540
        bypass a=10 exact=0.000 reach_long=0.390 reach_short=0.382 cut=0.544
  saved -> runs/report7/ablation/n20_er_seed3000/ablation.csv
done n20_er_seed3000
