tag=n20_pathunion_seed2000 checkpoint=runs/report6/a1_train/n20_path_union_roberta_linear_lam0_seed2000/last.pt
== eval_three_way_split.py (falsification test) ==
checkpoint=runs/report6/a1_train/n20_path_union_roberta_linear_lam0_seed2000/last.pt
  arch=roberta readout=linear n=20 device=cpu
  small= 1 large=(9,10) exact=1.000 cut(L1,L2)=1.000 cut(S,L1)=1.000 cut(S,L2)=1.000
  small= 2 large=(9,9) exact=1.000 cut(L1,L2)=1.000 cut(S,L1)=1.000 cut(S,L2)=1.000
  small= 4 large=(8,8) exact=1.000 cut(L1,L2)=1.000 cut(S,L1)=1.000 cut(S,L2)=1.000
  small= 7 large=(6,7) exact=1.000 cut(L1,L2)=1.000 cut(S,L1)=1.000 cut(S,L2)=1.000
  small= 8 large=(6,6) exact=1.000 cut(L1,L2)=1.000 cut(S,L1)=1.000 cut(S,L2)=1.000
  small=10 large=(5,5) exact=1.000 cut(L1,L2)=1.000 cut(S,L1)=1.000 cut(S,L2)=1.000
  saved -> runs/report7/three_way/n20_pathunion_seed2000/three_way_split.json
== ablation_asym_chains.py (layer ablations) ==
checkpoint=runs/report6/a1_train/n20_path_union_roberta_linear_lam0_seed2000/last.pt
  arch=roberta readout=linear n=20 device=cpu
      baseline a= 1 exact=1.000 reach_long=1.000 reach_short=nan cut=1.000
      baseline a= 4 exact=1.000 reach_long=1.000 reach_short=1.000 cut=1.000
      baseline a= 7 exact=0.973 reach_long=1.000 reach_short=1.000 cut=1.000
      baseline a= 8 exact=0.980 reach_long=1.000 reach_short=1.000 cut=1.000
      baseline a=10 exact=1.000 reach_long=1.000 reach_short=1.000 cut=1.000
    zero_attn0 a= 1 exact=0.000 reach_long=0.110 reach_short=nan cut=1.000
    zero_attn0 a= 4 exact=0.000 reach_long=0.129 reach_short=0.501 cut=0.998
    zero_attn0 a= 7 exact=0.000 reach_long=0.158 reach_short=0.287 cut=0.996
    zero_attn0 a= 8 exact=0.000 reach_long=0.170 reach_short=0.252 cut=0.996
    zero_attn0 a=10 exact=0.000 reach_long=0.204 reach_short=0.202 cut=0.996
    zero_attn1 a= 1 exact=0.000 reach_long=0.691 reach_short=nan cut=0.709
    zero_attn1 a= 4 exact=0.000 reach_long=0.679 reach_short=1.000 cut=0.697
    zero_attn1 a= 7 exact=0.000 reach_long=0.670 reach_short=0.743 cut=0.669
    zero_attn1 a= 8 exact=0.000 reach_long=0.668 reach_short=0.706 cut=0.638
    zero_attn1 a=10 exact=0.000 reach_long=0.670 reach_short=0.673 cut=0.628
     zero_mlp0 a= 1 exact=0.000 reach_long=0.706 reach_short=nan cut=0.542
     zero_mlp0 a= 4 exact=0.000 reach_long=0.706 reach_short=0.923 cut=0.740
     zero_mlp0 a= 7 exact=0.000 reach_long=0.724 reach_short=0.786 cut=0.677
     zero_mlp0 a= 8 exact=0.000 reach_long=0.721 reach_short=0.781 cut=0.665
     zero_mlp0 a=10 exact=0.000 reach_long=0.755 reach_short=0.762 cut=0.625
     zero_mlp1 a= 1 exact=0.000 reach_long=0.997 reach_short=nan cut=0.706
     zero_mlp1 a= 4 exact=0.000 reach_long=0.994 reach_short=0.842 cut=0.588
     zero_mlp1 a= 7 exact=0.000 reach_long=0.987 reach_short=0.992 cut=0.521
     zero_mlp1 a= 8 exact=0.000 reach_long=0.989 reach_short=1.000 cut=0.454
     zero_mlp1 a=10 exact=0.000 reach_long=1.000 reach_short=1.000 cut=0.395
        bypass a= 1 exact=0.000 reach_long=0.433 reach_short=nan cut=0.734
        bypass a= 4 exact=0.000 reach_long=0.436 reach_short=0.519 cut=0.637
        bypass a= 7 exact=0.000 reach_long=0.440 reach_short=0.473 cut=0.618
        bypass a= 8 exact=0.000 reach_long=0.443 reach_short=0.465 cut=0.618
        bypass a=10 exact=0.000 reach_long=0.450 reach_short=0.454 cut=0.618
  saved -> runs/report7/ablation/n20_pathunion_seed2000/ablation.csv
done n20_pathunion_seed2000
