tag=n40_er_seed1000 checkpoint=runs/families_n40/n40_er_roberta_linear_lam0_seed1000/last.pt
== eval_three_way_split.py (falsification test) ==
checkpoint=runs/families_n40/n40_er_roberta_linear_lam0_seed1000/last.pt
  arch=roberta readout=linear n=40 device=cpu
  small= 1 large=(19,20) exact=0.000 cut(L1,L2)=0.172 cut(S,L1)=1.000 cut(S,L2)=1.000
  small= 2 large=(19,19) exact=0.000 cut(L1,L2)=0.115 cut(S,L1)=1.000 cut(S,L2)=1.000
  small= 4 large=(18,18) exact=0.000 cut(L1,L2)=0.029 cut(S,L1)=1.000 cut(S,L2)=1.000
  small= 7 large=(16,17) exact=0.000 cut(L1,L2)=0.502 cut(S,L1)=0.820 cut(S,L2)=0.855
  small= 8 large=(16,16) exact=0.000 cut(L1,L2)=0.808 cut(S,L1)=0.933 cut(S,L2)=0.933
  small=10 large=(15,15) exact=0.000 cut(L1,L2)=0.920 cut(S,L1)=0.951 cut(S,L2)=0.950
  saved -> runs/report7/three_way/n40_er_seed1000/three_way_split.json
== ablation_asym_chains.py (layer ablations) ==
checkpoint=runs/families_n40/n40_er_roberta_linear_lam0_seed1000/last.pt
  arch=roberta readout=linear n=40 device=cpu
      baseline a= 1 exact=0.000 reach_long=0.940 reach_short=nan cut=1.000
      baseline a= 4 exact=0.780 reach_long=0.999 reach_short=1.000 cut=1.000
      baseline a= 7 exact=0.000 reach_long=0.956 reach_short=1.000 cut=0.554
      baseline a= 8 exact=0.000 reach_long=0.908 reach_short=1.000 cut=0.595
      baseline a=10 exact=0.000 reach_long=0.837 reach_short=1.000 cut=0.597
      baseline a=14 exact=0.000 reach_long=0.876 reach_short=0.991 cut=0.382
      baseline a=17 exact=0.000 reach_long=0.909 reach_short=0.973 cut=0.292
      baseline a=20 exact=0.000 reach_long=0.932 reach_short=0.936 cut=0.280
    zero_attn0 a= 1 exact=0.000 reach_long=0.044 reach_short=nan cut=1.000
    zero_attn0 a= 4 exact=0.000 reach_long=0.048 reach_short=0.411 cut=1.000
    zero_attn0 a= 7 exact=0.000 reach_long=0.053 reach_short=0.245 cut=1.000
    zero_attn0 a= 8 exact=0.000 reach_long=0.055 reach_short=0.217 cut=1.000
    zero_attn0 a=10 exact=0.000 reach_long=0.058 reach_short=0.173 cut=1.000
    zero_attn0 a=14 exact=0.000 reach_long=0.066 reach_short=0.124 cut=1.000
    zero_attn0 a=17 exact=0.000 reach_long=0.075 reach_short=0.102 cut=1.000
    zero_attn0 a=20 exact=0.000 reach_long=0.087 reach_short=0.086 cut=1.000
    zero_attn1 a= 1 exact=0.000 reach_long=0.145 reach_short=nan cut=0.983
    zero_attn1 a= 4 exact=0.000 reach_long=0.157 reach_short=1.000 cut=1.000
    zero_attn1 a= 7 exact=0.000 reach_long=0.171 reach_short=0.707 cut=1.000
    zero_attn1 a= 8 exact=0.000 reach_long=0.176 reach_short=0.632 cut=1.000
    zero_attn1 a=10 exact=0.000 reach_long=0.187 reach_short=0.524 cut=1.000
    zero_attn1 a=14 exact=0.000 reach_long=0.215 reach_short=0.386 cut=1.000
    zero_attn1 a=17 exact=0.000 reach_long=0.242 reach_short=0.323 cut=1.000
    zero_attn1 a=20 exact=0.000 reach_long=0.277 reach_short=0.276 cut=1.000
     zero_mlp0 a= 1 exact=0.000 reach_long=0.505 reach_short=nan cut=1.000
     zero_mlp0 a= 4 exact=0.000 reach_long=0.585 reach_short=0.997 cut=0.805
     zero_mlp0 a= 7 exact=0.000 reach_long=0.506 reach_short=1.000 cut=0.816
     zero_mlp0 a= 8 exact=0.000 reach_long=0.497 reach_short=0.974 cut=0.816
     zero_mlp0 a=10 exact=0.000 reach_long=0.503 reach_short=0.879 cut=0.814
     zero_mlp0 a=14 exact=0.000 reach_long=0.540 reach_short=0.729 cut=0.802
     zero_mlp0 a=17 exact=0.000 reach_long=0.566 reach_short=0.656 cut=0.804
     zero_mlp0 a=20 exact=0.000 reach_long=0.615 reach_short=0.605 cut=0.797
     zero_mlp1 a= 1 exact=0.000 reach_long=0.994 reach_short=nan cut=0.837
     zero_mlp1 a= 4 exact=0.000 reach_long=0.982 reach_short=1.000 cut=0.519
     zero_mlp1 a= 7 exact=0.000 reach_long=0.973 reach_short=1.000 cut=0.356
     zero_mlp1 a= 8 exact=0.000 reach_long=0.972 reach_short=1.000 cut=0.281
     zero_mlp1 a=10 exact=0.000 reach_long=0.968 reach_short=1.000 cut=0.189
     zero_mlp1 a=14 exact=0.000 reach_long=0.957 reach_short=0.925 cut=0.156
     zero_mlp1 a=17 exact=0.000 reach_long=0.948 reach_short=0.911 cut=0.135
     zero_mlp1 a=20 exact=0.000 reach_long=0.930 reach_short=0.927 cut=0.138
        bypass a= 1 exact=0.000 reach_long=0.223 reach_short=nan cut=0.706
        bypass a= 4 exact=0.000 reach_long=0.224 reach_short=0.228 cut=0.762
        bypass a= 7 exact=0.000 reach_long=0.226 reach_short=0.222 cut=0.769
        bypass a= 8 exact=0.000 reach_long=0.223 reach_short=0.236 cut=0.768
        bypass a=10 exact=0.000 reach_long=0.223 reach_short=0.223 cut=0.770
        bypass a=14 exact=0.000 reach_long=0.225 reach_short=0.224 cut=0.772
        bypass a=17 exact=0.000 reach_long=0.228 reach_short=0.221 cut=0.773
        bypass a=20 exact=0.000 reach_long=0.223 reach_short=0.227 cut=0.771
  saved -> runs/report7/ablation/n40_er_seed1000/ablation.csv
done n40_er_seed1000
