== mechanistic_asym_chains.py --topology cycle (seed 2000) ==
checkpoint=runs/report6/a1_train/n40_path_union_roberta_similarity_lam0_seed2000/last.pt
  arch=roberta readout=similarity n=40 device=cpu
  [selftest] run_with_cache matches model.forward_and_embeddings exactly
  [selftest] exact_contribution matches brute-force double loop (max diff 0.00e+00)

== behavioural sweep (random relabelling, the primary condition) ==
  a= 3 exact=0.000 reach_long=1.000 reach_short=1.000 cut=0.000 mode=random
  a= 4 exact=0.000 reach_long=1.000 reach_short=1.000 cut=0.000 mode=random
  a= 5 exact=0.000 reach_long=1.000 reach_short=1.000 cut=0.000 mode=random
  a= 6 exact=0.000 reach_long=1.000 reach_short=1.000 cut=0.000 mode=random
  a= 7 exact=0.000 reach_long=1.000 reach_short=1.000 cut=0.000 mode=random
  a= 8 exact=0.000 reach_long=1.000 reach_short=1.000 cut=0.000 mode=random
  a= 9 exact=0.000 reach_long=1.000 reach_short=1.000 cut=0.000 mode=random
  a=10 exact=0.000 reach_long=1.000 reach_short=1.000 cut=0.000 mode=random
  a=11 exact=0.000 reach_long=1.000 reach_short=1.000 cut=0.000 mode=random
  a=12 exact=0.000 reach_long=1.000 reach_short=1.000 cut=0.000 mode=random
  a=13 exact=0.000 reach_long=1.000 reach_short=1.000 cut=0.000 mode=random
  a=14 exact=0.000 reach_long=1.000 reach_short=1.000 cut=0.000 mode=random
  a=15 exact=0.000 reach_long=1.000 reach_short=1.000 cut=0.000 mode=random
  a=16 exact=0.000 reach_long=1.000 reach_short=1.000 cut=0.000 mode=random
  a=17 exact=0.000 reach_long=1.000 reach_short=1.000 cut=0.000 mode=random
  a=18 exact=0.000 reach_long=1.000 reach_short=1.000 cut=0.000 mode=random
  a=19 exact=0.000 reach_long=1.000 reach_short=1.000 cut=0.000 mode=random
  a=20 exact=0.000 reach_long=1.000 reach_short=1.000 cut=0.000 mode=random

== fixed-label comparison (identity permutation, confirmatory only) ==
  a= 4 exact=0.000 reach_long=1.000 reach_short=1.000 cut=0.000 mode=fixed
  a= 7 exact=0.000 reach_long=1.000 reach_short=1.000 cut=0.000 mode=fixed
  a= 8 exact=0.000 reach_long=1.000 reach_short=1.000 cut=0.000 mode=fixed
  a=10 exact=0.000 reach_long=1.000 reach_short=1.000 cut=0.000 mode=fixed
  a=17 exact=0.000 reach_long=1.000 reach_short=1.000 cut=0.000 mode=fixed
  a=20 exact=0.000 reach_long=1.000 reach_short=1.000 cut=0.000 mode=fixed
  saved -> runs/report8/mechanistic/n40_pathunion_cycle_seed2000/metrics.csv

== readout decomposition cos(h_i,h_j) (similarity read-out) ==
  readout(similarity) a= 3 done
  readout(similarity) a= 4 done
  readout(similarity) a= 5 done
  readout(similarity) a= 6 done
  readout(similarity) a= 7 done
  readout(similarity) a= 8 done
  readout(similarity) a= 9 done
  readout(similarity) a=10 done
  readout(similarity) a=11 done
  readout(similarity) a=12 done
  readout(similarity) a=13 done
  readout(similarity) a=14 done
  readout(similarity) a=15 done
  readout(similarity) a=16 done
  readout(similarity) a=17 done
  readout(similarity) a=18 done
  readout(similarity) a=19 done
  readout(similarity) a=20 done
  saved -> runs/report8/mechanistic/n40_pathunion_cycle_seed2000/readout.csv

== W_in geometry (similarity read-out has no W_out) ==
  saved -> runs/report8/mechanistic/n40_pathunion_cycle_seed2000/weights_summary.json

== attention probe (representative splits) ==
  attention a= 4 done (row_mass1 mean=1.336, exact-contribution over 64 graphs)
  attention a= 7 done (row_mass1 mean=1.327, exact-contribution over 64 graphs)
  attention a= 8 done (row_mass1 mean=1.387, exact-contribution over 64 graphs)
  attention a=10 done (row_mass1 mean=1.401, exact-contribution over 64 graphs)
  attention a=11 done (row_mass1 mean=1.396, exact-contribution over 64 graphs)
  attention a=12 done (row_mass1 mean=1.390, exact-contribution over 64 graphs)
  attention a=13 done (row_mass1 mean=1.385, exact-contribution over 64 graphs)
  attention a=14 done (row_mass1 mean=1.383, exact-contribution over 64 graphs)
  attention a=17 done (row_mass1 mean=1.383, exact-contribution over 64 graphs)
  attention a=20 done (row_mass1 mean=1.384, exact-contribution over 64 graphs)
  saved -> runs/report8/mechanistic/n40_pathunion_cycle_seed2000/attn_cache.npz (60 arrays)
== mechanistic_heatmaps.py --topology cycle (seed 2000) ==
checkpoint=runs/report6/a1_train/n40_path_union_roberta_similarity_lam0_seed2000/last.pt
  arch=roberta readout=similarity n=40 device=cpu
== attention/Q/K/V heatmap probe ==
  heatmap probe a= 4 done
  heatmap probe a=20 done
  saved -> runs/report8/heatmaps/n40_pathunion_cycle_seed2000/heatmap_data.npz
== raw weight matrices ==
  saved -> runs/report8/heatmaps/n40_pathunion_cycle_seed2000/raw_weights.npz
== edge_ablation_contribution.py --topology cycle (seed 2000) ==
checkpoint=runs/report6/a1_train/n40_path_union_roberta_similarity_lam0_seed2000/last.pt
  arch=roberta readout=similarity n=40 device=cpu topology=cycle
  [selftest] batched baseline matches standalone forward; self-loops survive ablation; F(i) confined to the long component
  edge-ablation a= 4 done (edges=40, edge_leak=0.076, logit_leak=0.050, far_leak=0.021)
  edge-ablation a= 7 done (edges=40, edge_leak=0.147, logit_leak=0.134, far_leak=0.077)
  edge-ablation a= 8 done (edges=40, edge_leak=0.194, logit_leak=0.197, far_leak=0.154)
  edge-ablation a=10 done (edges=40, edge_leak=0.243, logit_leak=0.258, far_leak=0.187)
  edge-ablation a=11 done (edges=40, edge_leak=0.268, logit_leak=0.285, far_leak=0.201)
  edge-ablation a=12 done (edges=40, edge_leak=0.291, logit_leak=0.315, far_leak=0.211)
  edge-ablation a=13 done (edges=40, edge_leak=0.316, logit_leak=0.348, far_leak=0.228)
  edge-ablation a=14 done (edges=40, edge_leak=0.338, logit_leak=0.375, far_leak=0.251)
  edge-ablation a=17 done (edges=40, edge_leak=0.414, logit_leak=0.423, far_leak=0.313)
  edge-ablation a=20 done (edges=40, edge_leak=0.484, logit_leak=0.457, far_leak=0.373)
  saved -> runs/report8/edge_contrib/n40_pathunion_cycle_seed2000/edge_contrib.npz
done seed 2000
