checkpoint=runs/report9/n46_train/n46_split_chains_roberta_similarity_lam0_seed1000/last.pt
  arch=roberta readout=similarity n=46 device=cpu topology=chain
testing 176 distinct 3-way size combinations (partitions of 46, min_size=1)
  sizes=(1, 1, 44) exact=0.000 reach=(None,None,1.0) cut=(0.0,0.5641,0.6094) pos_rate=0.951
  sizes=(1, 2, 43) exact=0.000 reach=(None,1.0,1.0) cut=(1.0,1.0,0.0) pos_rate=0.958
  sizes=(1, 3, 42) exact=0.000 reach=(None,0.3333,1.0) cut=(0.6667,1.0,0.3333) pos_rate=0.917
  sizes=(1, 4, 41) exact=0.000 reach=(None,1.0,1.0) cut=(1.0,1.0,0.0004) pos_rate=0.957
  sizes=(1, 5, 40) exact=0.000 reach=(None,1.0,1.0) cut=(1.0,1.0,0.0) pos_rate=0.958
  sizes=(1, 6, 39) exact=0.000 reach=(None,1.0,1.0) cut=(1.0,1.0,0.0) pos_rate=0.958
  sizes=(1, 7, 38) exact=0.000 reach=(None,1.0,1.0) cut=(1.0,1.0,0.0) pos_rate=0.958
  sizes=(1, 8, 37) exact=0.000 reach=(None,1.0,1.0) cut=(1.0,1.0,0.0) pos_rate=0.958
  sizes=(1, 9, 36) exact=0.000 reach=(None,1.0,1.0) cut=(1.0,1.0,0.0) pos_rate=0.958
  sizes=(1, 10, 35) exact=0.000 reach=(None,1.0,1.0) cut=(1.0,1.0,0.0) pos_rate=0.958
  sizes=(1, 11, 34) exact=0.000 reach=(None,1.0,1.0) cut=(1.0,1.0,0.0) pos_rate=0.958
  sizes=(1, 12, 33) exact=0.000 reach=(None,1.0,1.0) cut=(1.0,1.0,0.0) pos_rate=0.958
  sizes=(1, 13, 32) exact=0.000 reach=(None,1.0,1.0) cut=(1.0,1.0,0.0) pos_rate=0.958
  sizes=(1, 14, 31) exact=0.000 reach=(None,1.0,1.0) cut=(1.0,1.0,0.0) pos_rate=0.958
  sizes=(1, 15, 30) exact=0.000 reach=(None,1.0,1.0) cut=(1.0,1.0,0.0) pos_rate=0.958
  sizes=(1, 16, 29) exact=0.000 reach=(None,1.0,1.0) cut=(1.0,1.0,0.0) pos_rate=0.958
  sizes=(1, 17, 28) exact=0.000 reach=(None,1.0,1.0) cut=(1.0,1.0,0.0) pos_rate=0.958
  sizes=(1, 18, 27) exact=0.000 reach=(None,1.0,1.0) cut=(1.0,1.0,0.0) pos_rate=0.958
  sizes=(1, 19, 26) exact=0.000 reach=(None,1.0,1.0) cut=(1.0,1.0,0.0) pos_rate=0.958
  sizes=(1, 20, 25) exact=0.000 reach=(None,1.0,1.0) cut=(1.0,1.0,0.0) pos_rate=0.958
  sizes=(1, 21, 24) exact=0.000 reach=(None,1.0,1.0) cut=(1.0,1.0,0.0) pos_rate=0.958
  sizes=(1, 22, 23) exact=0.000 reach=(None,1.0,1.0) cut=(1.0,1.0,0.0) pos_rate=0.958
  sizes=(2, 2, 42) exact=0.000 reach=(1.0,1.0,1.0) cut=(0.0,1.0,1.0) pos_rate=0.841
  sizes=(2, 3, 41) exact=0.000 reach=(1.0,1.0,1.0) cut=(0.9917,0.0,1.0) pos_rate=0.878
  sizes=(2, 4, 40) exact=0.000 reach=(1.0,1.0,1.0) cut=(1.0,0.0,1.0) pos_rate=0.841
  sizes=(2, 5, 39) exact=0.000 reach=(1.0,1.0,1.0) cut=(0.999,0.0,1.0) pos_rate=0.806
  sizes=(2, 6, 38) exact=0.000 reach=(1.0,1.0,1.0) cut=(1.0,0.0,1.0) pos_rate=0.773
  sizes=(2, 7, 37) exact=0.000 reach=(1.0,1.0,1.0) cut=(1.0,0.0,1.0) pos_rate=0.742
  sizes=(2, 8, 36) exact=0.000 reach=(1.0,1.0,1.0) cut=(1.0,0.0,1.0) pos_rate=0.713
  sizes=(2, 9, 35) exact=0.000 reach=(1.0,1.0,1.0) cut=(1.0,0.0,1.0) pos_rate=0.685
  sizes=(2, 10, 34) exact=0.000 reach=(1.0,1.0,1.0) cut=(1.0,0.0,1.0) pos_rate=0.660
  sizes=(2, 11, 33) exact=0.000 reach=(1.0,1.0,1.0) cut=(0.9995,0.0,1.0) pos_rate=0.636
  sizes=(2, 12, 32) exact=0.000 reach=(1.0,1.0,0.8507) cut=(0.9363,0.0,1.0) pos_rate=0.546
  sizes=(2, 13, 31) exact=0.000 reach=(1.0,1.0,0.8559) cut=(0.9477,0.0,1.0) pos_rate=0.532
  sizes=(2, 14, 30) exact=0.000 reach=(1.0,1.0,0.8596) cut=(0.9371,0.0,1.0) pos_rate=0.520
  sizes=(2, 15, 29) exact=0.000 reach=(1.0,1.0,0.8696) cut=(0.883,0.0,1.0) pos_rate=0.514
  sizes=(2, 16, 28) exact=0.000 reach=(1.0,1.0,0.8826) cut=(0.7278,0.0,0.9787) pos_rate=0.522
  sizes=(2, 17, 27) exact=0.000 reach=(1.0,1.0,0.898) cut=(0.5547,0.0,0.959) pos_rate=0.532
  sizes=(2, 18, 26) exact=0.000 reach=(1.0,1.0,0.9141) cut=(0.3758,0.0006,0.9556) pos_rate=0.538
  sizes=(2, 19, 25) exact=0.000 reach=(1.0,1.0,0.9302) cut=(0.2184,0.0024,0.9703) pos_rate=0.537
  sizes=(2, 20, 24) exact=0.000 reach=(1.0,0.9948,0.9458) cut=(0.1172,0.0025,0.9871) pos_rate=0.532
  sizes=(2, 21, 23) exact=0.000 reach=(1.0,0.9857,0.9605) cut=(0.05,0.01,0.9961) pos_rate=0.531
  sizes=(2, 22, 22) exact=0.000 reach=(1.0,0.974,0.974) cut=(0.0268,0.0243,0.9977) pos_rate=0.530
  sizes=(3, 3, 40) exact=0.000 reach=(0.6017,0.6033,1.0) cut=(0.6261,0.3333,0.3333) pos_rate=0.917
  sizes=(3, 4, 39) exact=0.000 reach=(0.9867,1.0,1.0) cut=(0.5658,0.2365,0.2668) pos_rate=0.928
  sizes=(3, 5, 38) exact=0.000 reach=(1.0,1.0,1.0) cut=(0.991,0.6357,0.0079) pos_rate=0.916
  sizes=(3, 6, 37) exact=0.000 reach=(0.9733,1.0,1.0) cut=(0.7506,0.3225,0.0541) pos_rate=0.942
  sizes=(3, 7, 36) exact=0.000 reach=(1.0,1.0,1.0) cut=(0.9105,0.3131,0.0415) pos_rate=0.940
  sizes=(3, 8, 35) exact=0.000 reach=(0.9933,1.0,1.0) cut=(0.7954,0.2728,0.0222) pos_rate=0.949
  sizes=(3, 9, 34) exact=0.000 reach=(0.9983,1.0,1.0) cut=(0.8711,0.2589,0.0036) pos_rate=0.952
  sizes=(3, 10, 33) exact=0.000 reach=(1.0,1.0,1.0) cut=(0.9815,0.3277,0.0001) pos_rate=0.942
  sizes=(3, 11, 32) exact=0.000 reach=(1.0,1.0,1.0) cut=(1.0,0.4424,0.0001) pos_rate=0.929
  sizes=(3, 12, 31) exact=0.000 reach=(1.0,1.0,1.0) cut=(1.0,1.0,0.0) pos_rate=0.878
  sizes=(3, 13, 30) exact=0.000 reach=(1.0,1.0,1.0) cut=(1.0,1.0,0.0) pos_rate=0.878
  sizes=(3, 14, 29) exact=0.000 reach=(1.0,1.0,1.0) cut=(1.0,1.0,0.0) pos_rate=0.878
  sizes=(3, 15, 28) exact=0.000 reach=(1.0,1.0,1.0) cut=(1.0,1.0,0.0) pos_rate=0.878
  sizes=(3, 16, 27) exact=0.000 reach=(1.0,1.0,1.0) cut=(1.0,1.0,0.0) pos_rate=0.878
  sizes=(3, 17, 26) exact=0.000 reach=(1.0,1.0,1.0) cut=(1.0,1.0,0.0) pos_rate=0.878
  sizes=(3, 18, 25) exact=0.000 reach=(1.0,1.0,1.0) cut=(1.0,1.0,0.0) pos_rate=0.878
  sizes=(3, 19, 24) exact=0.000 reach=(1.0,1.0,1.0) cut=(1.0,1.0,0.0) pos_rate=0.878
  sizes=(3, 20, 23) exact=0.000 reach=(1.0,1.0,1.0) cut=(1.0,1.0,0.0) pos_rate=0.878
  sizes=(3, 21, 22) exact=0.000 reach=(1.0,1.0,1.0) cut=(1.0,1.0,0.0) pos_rate=0.878
  sizes=(4, 4, 38) exact=0.000 reach=(1.0,1.0,1.0) cut=(0.0,0.0,0.0) pos_rate=1.000
  sizes=(4, 5, 37) exact=0.000 reach=(1.0,1.0,1.0) cut=(0.3355,0.1231,0.0) pos_rate=0.976
  sizes=(4, 6, 36) exact=0.000 reach=(1.0,1.0,1.0) cut=(0.0019,0.0,0.0) pos_rate=1.000
  sizes=(4, 7, 35) exact=0.000 reach=(1.0,1.0,1.0) cut=(0.0089,0.001,0.0) pos_rate=1.000
  sizes=(4, 8, 34) exact=0.000 reach=(1.0,1.0,1.0) cut=(0.0,0.0,0.0) pos_rate=1.000
  sizes=(4, 9, 33) exact=0.000 reach=(1.0,1.0,1.0) cut=(0.0,0.0,0.0) pos_rate=1.000
  sizes=(4, 10, 32) exact=0.000 reach=(1.0,1.0,1.0) cut=(0.0036,0.0,0.0) pos_rate=1.000
  sizes=(4, 11, 31) exact=0.000 reach=(1.0,1.0,1.0) cut=(0.4153,0.0373,0.0) pos_rate=0.978
  sizes=(4, 12, 30) exact=0.000 reach=(1.0,1.0,1.0) cut=(1.0,1.0,0.0) pos_rate=0.841
  sizes=(4, 13, 29) exact=0.000 reach=(1.0,1.0,1.0) cut=(1.0,1.0,0.0) pos_rate=0.841
  sizes=(4, 14, 28) exact=0.000 reach=(1.0,1.0,1.0) cut=(1.0,1.0,0.0) pos_rate=0.841
  sizes=(4, 15, 27) exact=0.000 reach=(1.0,1.0,1.0) cut=(1.0,1.0,0.0) pos_rate=0.841
  sizes=(4, 16, 26) exact=0.000 reach=(1.0,1.0,1.0) cut=(1.0,1.0,0.0) pos_rate=0.841
  sizes=(4, 17, 25) exact=0.000 reach=(1.0,1.0,1.0) cut=(1.0,1.0,0.0) pos_rate=0.841
  sizes=(4, 18, 24) exact=0.000 reach=(1.0,1.0,1.0) cut=(1.0,1.0,0.0) pos_rate=0.841
  sizes=(4, 19, 23) exact=0.000 reach=(1.0,1.0,1.0) cut=(1.0,1.0,0.0) pos_rate=0.841
  sizes=(4, 20, 22) exact=0.000 reach=(1.0,1.0,1.0) cut=(1.0,1.0,0.0) pos_rate=0.841
  sizes=(4, 21, 21) exact=0.000 reach=(1.0,1.0,1.0) cut=(1.0,1.0,0.0) pos_rate=0.841
  sizes=(5, 5, 36) exact=0.000 reach=(1.0,1.0,1.0) cut=(0.0,0.0,0.0) pos_rate=1.000
  sizes=(5, 6, 35) exact=0.000 reach=(1.0,1.0,1.0) cut=(0.0015,0.0,0.0068) pos_rate=0.999
  sizes=(5, 7, 34) exact=0.000 reach=(1.0,1.0,1.0) cut=(0.0321,0.0,0.0508) pos_rate=0.988
  sizes=(5, 8, 33) exact=0.000 reach=(1.0,1.0,1.0) cut=(0.1456,0.0,0.0748) pos_rate=0.976
  sizes=(5, 9, 32) exact=0.000 reach=(1.0,1.0,1.0) cut=(0.2903,0.0,0.1236) pos_rate=0.954
  sizes=(5, 10, 31) exact=0.000 reach=(1.0,1.0,1.0) cut=(0.3832,0.0,0.1238) pos_rate=0.946
  sizes=(5, 11, 30) exact=0.000 reach=(1.0,1.0,1.0) cut=(0.6467,0.0,0.1391) pos_rate=0.923
  sizes=(5, 12, 29) exact=0.000 reach=(1.0,1.0,0.9999) cut=(0.9782,0.8517,0.1246) pos_rate=0.787
  sizes=(5, 13, 28) exact=0.000 reach=(1.0,1.0,1.0) cut=(0.9982,0.8749,0.1378) pos_rate=0.775
  sizes=(5, 14, 27) exact=0.000 reach=(1.0,1.0,1.0) cut=(0.9999,0.8839,0.153) pos_rate=0.766
  sizes=(5, 15, 26) exact=0.000 reach=(1.0,1.0,0.9997) cut=(0.9999,0.8569,0.1877) pos_rate=0.755
  sizes=(5, 16, 25) exact=0.000 reach=(1.0,1.0,1.0) cut=(0.9911,0.9013,0.1197) pos_rate=0.773
  sizes=(5, 17, 24) exact=0.000 reach=(1.0,1.0,1.0) cut=(0.967,0.897,0.1019) pos_rate=0.781
  sizes=(5, 18, 23) exact=0.000 reach=(1.0,1.0,1.0) cut=(0.9483,0.8962,0.1045) pos_rate=0.781
  sizes=(5, 19, 22) exact=0.000 reach=(1.0,1.0,1.0) cut=(0.9407,0.9032,0.1535) pos_rate=0.761
  sizes=(5, 20, 21) exact=0.000 reach=(1.0,1.0,1.0) cut=(0.9432,0.9237,0.1442) pos_rate=0.762
  sizes=(6, 6, 34) exact=0.000 reach=(1.0,1.0,1.0) cut=(0.0,0.0,0.0) pos_rate=1.000
  sizes=(6, 7, 33) exact=0.000 reach=(1.0,1.0,1.0) cut=(0.0,0.0,0.0) pos_rate=1.000
  sizes=(6, 8, 32) exact=0.000 reach=(1.0,1.0,1.0) cut=(0.0,0.0,0.0) pos_rate=1.000
  sizes=(6, 9, 31) exact=0.000 reach=(1.0,1.0,1.0) cut=(0.0,0.0,0.0) pos_rate=1.000
  sizes=(6, 10, 30) exact=0.000 reach=(1.0,1.0,1.0) cut=(0.0,0.0,0.0) pos_rate=1.000
  sizes=(6, 11, 29) exact=0.000 reach=(1.0,1.0,1.0) cut=(0.0186,0.0,0.0) pos_rate=0.999
  sizes=(6, 12, 28) exact=0.000 reach=(1.0,1.0,1.0) cut=(0.9975,0.9959,0.0) pos_rate=0.774
  sizes=(6, 13, 27) exact=0.000 reach=(1.0,1.0,1.0) cut=(1.0,0.9979,0.0) pos_rate=0.773
  sizes=(6, 14, 26) exact=0.000 reach=(1.0,1.0,1.0) cut=(1.0,0.9977,0.0) pos_rate=0.773
  sizes=(6, 15, 25) exact=0.000 reach=(1.0,1.0,1.0) cut=(1.0,0.9986,0.0) pos_rate=0.773
  sizes=(6, 16, 24) exact=0.000 reach=(1.0,1.0,1.0) cut=(0.9999,0.9986,0.0) pos_rate=0.773
  sizes=(6, 17, 23) exact=0.000 reach=(1.0,1.0,1.0) cut=(0.9991,0.9973,0.0) pos_rate=0.774
  sizes=(6, 18, 22) exact=0.000 reach=(1.0,1.0,1.0) cut=(0.9993,0.9982,0.0) pos_rate=0.773
  sizes=(6, 19, 21) exact=0.000 reach=(1.0,1.0,1.0) cut=(0.9994,0.999,0.0) pos_rate=0.773
  sizes=(6, 20, 20) exact=0.000 reach=(1.0,1.0,1.0) cut=(0.9985,0.9987,0.0) pos_rate=0.773
  sizes=(7, 7, 32) exact=0.000 reach=(1.0,1.0,1.0) cut=(0.0004,0.0,0.0) pos_rate=1.000
  sizes=(7, 8, 31) exact=0.000 reach=(1.0,1.0,1.0) cut=(0.0035,0.0,0.0037) pos_rate=0.999
  sizes=(7, 9, 30) exact=0.000 reach=(1.0,1.0,1.0) cut=(0.004,0.0,0.0004) pos_rate=1.000
  sizes=(7, 10, 29) exact=0.000 reach=(1.0,1.0,1.0) cut=(0.0006,0.0,0.0) pos_rate=1.000
  sizes=(7, 11, 28) exact=0.000 reach=(1.0,1.0,1.0) cut=(0.0908,0.0,0.0) pos_rate=0.993
  sizes=(7, 12, 27) exact=0.000 reach=(1.0,1.0,1.0) cut=(0.9863,0.9043,0.0) pos_rate=0.760
  sizes=(7, 13, 26) exact=0.000 reach=(1.0,1.0,1.0) cut=(0.9919,0.9033,0.0) pos_rate=0.759
  sizes=(7, 14, 25) exact=0.000 reach=(1.0,1.0,1.0) cut=(0.9961,0.9099,0.0) pos_rate=0.757
  sizes=(7, 15, 24) exact=0.000 reach=(1.0,1.0,1.0) cut=(0.9972,0.9212,0.0) pos_rate=0.755
  sizes=(7, 16, 23) exact=0.000 reach=(1.0,1.0,1.0) cut=(0.9865,0.927,0.0) pos_rate=0.754
  sizes=(7, 17, 22) exact=0.000 reach=(1.0,1.0,1.0) cut=(0.974,0.929,0.0) pos_rate=0.755
  sizes=(7, 18, 21) exact=0.000 reach=(1.0,1.0,1.0) cut=(0.9613,0.9355,0.0) pos_rate=0.755
  sizes=(7, 19, 20) exact=0.000 reach=(1.0,1.0,1.0) cut=(0.9555,0.9474,0.0) pos_rate=0.754
  sizes=(8, 8, 30) exact=0.000 reach=(1.0,1.0,1.0) cut=(0.0,0.0,0.0) pos_rate=1.000
  sizes=(8, 9, 29) exact=0.000 reach=(1.0,1.0,1.0) cut=(0.0,0.0,0.0) pos_rate=1.000
  sizes=(8, 10, 28) exact=0.000 reach=(1.0,1.0,1.0) cut=(0.0,0.0,0.0) pos_rate=1.000
  sizes=(8, 11, 27) exact=0.000 reach=(1.0,1.0,1.0) cut=(0.0267,0.0,0.0) pos_rate=0.998
  sizes=(8, 12, 26) exact=0.000 reach=(1.0,1.0,1.0) cut=(0.995,0.9367,0.0) pos_rate=0.726
  sizes=(8, 13, 25) exact=0.000 reach=(1.0,1.0,1.0) cut=(0.995,0.9396,0.0) pos_rate=0.725
  sizes=(8, 14, 24) exact=0.000 reach=(1.0,1.0,1.0) cut=(0.9983,0.9529,0.0) pos_rate=0.721
  sizes=(8, 15, 23) exact=0.000 reach=(1.0,1.0,1.0) cut=(0.9965,0.9482,0.0) pos_rate=0.722
  sizes=(8, 16, 22) exact=0.000 reach=(1.0,1.0,1.0) cut=(0.9911,0.9535,0.0) pos_rate=0.722
  sizes=(8, 17, 21) exact=0.000 reach=(1.0,1.0,1.0) cut=(0.9818,0.9573,0.0) pos_rate=0.722
  sizes=(8, 18, 20) exact=0.000 reach=(1.0,1.0,1.0) cut=(0.9717,0.9586,0.0) pos_rate=0.723
  sizes=(8, 19, 19) exact=0.000 reach=(1.0,1.0,1.0) cut=(0.9672,0.9671,0.0) pos_rate=0.722
  sizes=(9, 9, 28) exact=0.000 reach=(1.0,1.0,1.0) cut=(0.0,0.0,0.0) pos_rate=1.000
  sizes=(9, 10, 27) exact=0.000 reach=(1.0,1.0,1.0) cut=(0.0,0.0,0.0) pos_rate=1.000
  sizes=(9, 11, 26) exact=0.000 reach=(1.0,1.0,1.0) cut=(0.0198,0.0,0.0) pos_rate=0.998
  sizes=(9, 12, 25) exact=0.000 reach=(1.0,1.0,1.0) cut=(0.9806,0.8694,0.0) pos_rate=0.715
  sizes=(9, 13, 24) exact=0.000 reach=(1.0,1.0,1.0) cut=(0.986,0.8883,0.0) pos_rate=0.710
  sizes=(9, 14, 23) exact=0.000 reach=(1.0,1.0,1.0) cut=(0.9881,0.8952,0.0) pos_rate=0.707
  sizes=(9, 15, 22) exact=0.000 reach=(1.0,1.0,1.0) cut=(0.9789,0.8901,0.0) pos_rate=0.709
  sizes=(9, 16, 21) exact=0.000 reach=(1.0,1.0,1.0) cut=(0.9694,0.9143,0.0) pos_rate=0.705
  sizes=(9, 17, 20) exact=0.000 reach=(1.0,1.0,1.0) cut=(0.958,0.9257,0.0) pos_rate=0.704
  sizes=(9, 18, 19) exact=0.000 reach=(1.0,1.0,1.0) cut=(0.9432,0.9333,0.0) pos_rate=0.705
  sizes=(10, 10, 26) exact=0.000 reach=(1.0,1.0,1.0) cut=(0.0,0.0,0.0) pos_rate=1.000
  sizes=(10, 11, 25) exact=0.000 reach=(1.0,1.0,1.0) cut=(0.026,0.0,0.0) pos_rate=0.997
  sizes=(10, 12, 24) exact=0.000 reach=(1.0,1.0,1.0) cut=(0.8206,0.5173,0.0) pos_rate=0.790
  sizes=(10, 13, 23) exact=0.000 reach=(1.0,1.0,1.0) cut=(0.8168,0.5433,0.0) pos_rate=0.781
  sizes=(10, 14, 22) exact=0.000 reach=(1.0,1.0,1.0) cut=(0.8117,0.541,0.0) pos_rate=0.780
  sizes=(10, 15, 21) exact=0.000 reach=(1.0,1.0,1.0) cut=(0.8035,0.5938,0.0) pos_rate=0.768
  sizes=(10, 16, 20) exact=0.000 reach=(1.0,1.0,1.0) cut=(0.77,0.634,0.0) pos_rate=0.764
  sizes=(10, 17, 19) exact=0.000 reach=(1.0,1.0,1.0) cut=(0.7099,0.6467,0.0) pos_rate=0.770
  sizes=(10, 18, 18) exact=0.000 reach=(1.0,1.0,1.0) cut=(0.6749,0.6747,0.0) pos_rate=0.770
  sizes=(11, 11, 24) exact=0.000 reach=(1.0,1.0,1.0) cut=(0.2098,0.0,0.0) pos_rate=0.976
  sizes=(11, 12, 23) exact=0.000 reach=(1.0,1.0,1.0) cut=(0.6332,0.2199,0.0) pos_rate=0.868
  sizes=(11, 13, 22) exact=0.000 reach=(1.0,1.0,1.0) cut=(0.6445,0.2535,0.0) pos_rate=0.855
  sizes=(11, 14, 21) exact=0.000 reach=(1.0,1.0,1.0) cut=(0.6566,0.2836,0.0) pos_rate=0.843
  sizes=(11, 15, 20) exact=0.000 reach=(1.0,1.0,1.0) cut=(0.615,0.3335,0.0) pos_rate=0.835
  sizes=(11, 16, 19) exact=0.000 reach=(1.0,1.0,1.0) cut=(0.5501,0.3759,0.0) pos_rate=0.834
  sizes=(11, 17, 18) exact=0.000 reach=(1.0,1.0,1.0) cut=(0.4581,0.3985,0.0) pos_rate=0.845
  sizes=(12, 12, 22) exact=0.000 reach=(1.0,1.0,1.0) cut=(0.0404,0.0026,0.0023) pos_rate=0.993
  sizes=(12, 13, 21) exact=0.000 reach=(1.0,1.0,1.0) cut=(0.1289,0.0037,0.0569) pos_rate=0.965
  sizes=(12, 14, 20) exact=0.000 reach=(1.0,1.0,1.0) cut=(0.2001,0.0039,0.1083) pos_rate=0.939
  sizes=(12, 15, 19) exact=0.000 reach=(1.0,1.0,1.0) cut=(0.1861,0.0102,0.0947) pos_rate=0.941
  sizes=(12, 16, 18) exact=0.000 reach=(1.0,1.0,1.0) cut=(0.1309,0.0294,0.0758) pos_rate=0.950
  sizes=(12, 17, 17) exact=0.000 reach=(1.0,1.0,1.0) cut=(0.0562,0.0554,0.0621) pos_rate=0.962
  sizes=(13, 13, 20) exact=0.000 reach=(1.0,1.0,1.0) cut=(0.1985,0.0641,0.0695) pos_rate=0.935
  sizes=(13, 14, 19) exact=0.000 reach=(1.0,1.0,1.0) cut=(0.2509,0.0739,0.1167) pos_rate=0.910
  sizes=(13, 15, 18) exact=0.000 reach=(1.0,1.0,1.0) cut=(0.2381,0.0843,0.1148) pos_rate=0.908
  sizes=(13, 16, 17) exact=0.000 reach=(1.0,1.0,1.0) cut=(0.175,0.1062,0.1013) pos_rate=0.917
  sizes=(14, 14, 18) exact=0.000 reach=(1.0,1.0,1.0) cut=(0.2968,0.1326,0.1298) pos_rate=0.882
  sizes=(14, 15, 17) exact=0.000 reach=(1.0,1.0,1.0) cut=(0.274,0.1536,0.1442) pos_rate=0.876
  sizes=(14, 16, 16) exact=0.000 reach=(1.0,1.0,1.0) cut=(0.2149,0.22,0.1555) pos_rate=0.870
  sizes=(15, 15, 16) exact=0.000 reach=(1.0,1.0,1.0) cut=(0.2546,0.205,0.1976) pos_rate=0.855
  saved -> runs/report9/threeway_splitchains/n46_splitchains_seed1000/threeway_split.csv
done: runs/report9/threeway_splitchains/n46_splitchains_seed1000/threeway_split.csv
