== eval_threeway_splitchains.py --topology cycle (full behavioural sweep) ==
checkpoint=runs/report9/n46_train/n46_split_cycles_roberta_similarity_lam0_seed1000/last.pt
  arch=roberta readout=similarity n=46 device=cpu topology=cycle
testing 133 distinct 3-way size combinations (partitions of 46, min_size=3)
  sizes=(3, 3, 40) exact=0.000 reach=(1.0,1.0,1.0) cut=(0.0,0.03,0.0225) pos_rate=0.994
  sizes=(3, 4, 39) exact=0.000 reach=(1.0,1.0,1.0) cut=(0.0,0.0,0.0068) pos_rate=0.999
  sizes=(3, 5, 38) exact=0.000 reach=(1.0,1.0,1.0) cut=(0.048,0.0,0.2465) pos_rate=0.955
  sizes=(3, 6, 37) exact=0.000 reach=(1.0,1.0,1.0) cut=(0.625,0.9932,0.0) pos_rate=0.885
  sizes=(3, 7, 36) exact=0.000 reach=(1.0,1.0,1.0) cut=(0.8221,0.9782,0.0) pos_rate=0.884
  sizes=(3, 8, 35) exact=0.000 reach=(1.0,1.0,1.0) cut=(0.8819,0.977,0.0) pos_rate=0.883
  sizes=(3, 9, 34) exact=0.000 reach=(1.0,1.0,1.0) cut=(0.9522,0.9816,0.0) pos_rate=0.881
  sizes=(3, 10, 33) exact=0.000 reach=(1.0,1.0,1.0) cut=(0.971,0.9818,0.0) pos_rate=0.881
  sizes=(3, 11, 32) exact=0.000 reach=(1.0,1.0,1.0) cut=(0.9859,0.9838,0.0) pos_rate=0.880
  sizes=(3, 12, 31) exact=0.000 reach=(1.0,1.0,1.0) cut=(0.99,0.9919,0.0) pos_rate=0.879
  sizes=(3, 13, 30) exact=0.000 reach=(1.0,1.0,1.0) cut=(0.9896,0.9868,0.0) pos_rate=0.880
  sizes=(3, 14, 29) exact=0.000 reach=(1.0,1.0,1.0) cut=(0.9886,0.9852,0.0) pos_rate=0.880
  sizes=(3, 15, 28) exact=0.000 reach=(1.0,1.0,1.0) cut=(0.9837,0.988,0.0) pos_rate=0.880
  sizes=(3, 16, 27) exact=0.000 reach=(1.0,1.0,1.0) cut=(0.9816,0.9798,0.0) pos_rate=0.880
  sizes=(3, 17, 26) exact=0.000 reach=(1.0,1.0,1.0) cut=(0.9841,0.9831,0.0) pos_rate=0.880
  sizes=(3, 18, 25) exact=0.000 reach=(1.0,1.0,1.0) cut=(0.9781,0.983,0.0) pos_rate=0.880
  sizes=(3, 19, 24) exact=0.000 reach=(1.0,1.0,1.0) cut=(0.9853,0.9833,0.0) pos_rate=0.880
  sizes=(3, 20, 23) exact=0.000 reach=(1.0,1.0,1.0) cut=(0.9845,0.9793,0.0) pos_rate=0.880
  sizes=(3, 21, 22) exact=0.000 reach=(1.0,1.0,1.0) cut=(0.9874,0.988,0.0) pos_rate=0.880
  sizes=(4, 4, 38) exact=0.000 reach=(1.0,1.0,1.0) cut=(0.0,0.0,0.0) pos_rate=1.000
  sizes=(4, 5, 37) exact=0.000 reach=(1.0,1.0,1.0) cut=(0.0077,0.0,0.0252) pos_rate=0.995
  sizes=(4, 6, 36) exact=0.000 reach=(1.0,1.0,1.0) cut=(0.4715,0.9606,0.0) pos_rate=0.859
  sizes=(4, 7, 35) exact=0.000 reach=(1.0,1.0,1.0) cut=(0.7293,0.9404,0.0) pos_rate=0.856
  sizes=(4, 8, 34) exact=0.000 reach=(1.0,1.0,1.0) cut=(0.8039,0.9389,0.0) pos_rate=0.855
  sizes=(4, 9, 33) exact=0.000 reach=(1.0,1.0,1.0) cut=(0.8812,0.9495,0.0) pos_rate=0.852
  sizes=(4, 10, 32) exact=0.000 reach=(1.0,1.0,1.0) cut=(0.9253,0.95,0.0) pos_rate=0.850
  sizes=(4, 11, 31) exact=0.000 reach=(1.0,1.0,1.0) cut=(0.9428,0.9454,0.0) pos_rate=0.850
  sizes=(4, 12, 30) exact=0.000 reach=(1.0,1.0,1.0) cut=(0.9247,0.9274,0.0) pos_rate=0.853
  sizes=(4, 13, 29) exact=0.000 reach=(1.0,1.0,1.0) cut=(0.9441,0.9421,0.0) pos_rate=0.850
  sizes=(4, 14, 28) exact=0.000 reach=(1.0,1.0,1.0) cut=(0.9463,0.9342,0.0) pos_rate=0.851
  sizes=(4, 15, 27) exact=0.000 reach=(1.0,1.0,1.0) cut=(0.9438,0.9384,0.0) pos_rate=0.851
  sizes=(4, 16, 26) exact=0.000 reach=(1.0,1.0,1.0) cut=(0.947,0.9388,0.0) pos_rate=0.850
  sizes=(4, 17, 25) exact=0.000 reach=(1.0,1.0,1.0) cut=(0.9454,0.9318,0.0) pos_rate=0.851
  sizes=(4, 18, 24) exact=0.000 reach=(1.0,1.0,1.0) cut=(0.9333,0.9344,0.0) pos_rate=0.852
  sizes=(4, 19, 23) exact=0.000 reach=(1.0,1.0,1.0) cut=(0.9301,0.9279,0.0) pos_rate=0.853
  sizes=(4, 20, 22) exact=0.000 reach=(1.0,1.0,1.0) cut=(0.9457,0.9376,0.0) pos_rate=0.851
  sizes=(4, 21, 21) exact=0.000 reach=(1.0,1.0,1.0) cut=(0.9407,0.9345,0.0) pos_rate=0.851
  sizes=(5, 5, 36) exact=0.000 reach=(1.0,1.0,1.0) cut=(0.0,0.0,0.0) pos_rate=1.000
  sizes=(5, 6, 35) exact=0.000 reach=(1.0,1.0,1.0) cut=(0.3973,0.9159,0.0) pos_rate=0.837
  sizes=(5, 7, 34) exact=0.000 reach=(1.0,1.0,1.0) cut=(0.6869,0.9175,0.0) pos_rate=0.830
  sizes=(5, 8, 33) exact=0.000 reach=(1.0,1.0,1.0) cut=(0.7464,0.8997,0.0) pos_rate=0.832
  sizes=(5, 9, 32) exact=0.000 reach=(1.0,1.0,1.0) cut=(0.8053,0.8938,0.0) pos_rate=0.831
  sizes=(5, 10, 31) exact=0.000 reach=(1.0,1.0,1.0) cut=(0.8767,0.8951,0.0) pos_rate=0.827
  sizes=(5, 11, 30) exact=0.000 reach=(1.0,1.0,1.0) cut=(0.8985,0.8742,0.0) pos_rate=0.829
  sizes=(5, 12, 29) exact=0.000 reach=(1.0,1.0,1.0) cut=(0.8995,0.901,0.0) pos_rate=0.826
  sizes=(5, 13, 28) exact=0.000 reach=(1.0,1.0,1.0) cut=(0.9128,0.9156,0.0) pos_rate=0.823
  sizes=(5, 14, 27) exact=0.000 reach=(1.0,1.0,1.0) cut=(0.8871,0.8916,0.0) pos_rate=0.828
  sizes=(5, 15, 26) exact=0.000 reach=(1.0,1.0,1.0) cut=(0.8943,0.8842,0.0) pos_rate=0.828
  sizes=(5, 16, 25) exact=0.000 reach=(1.0,1.0,1.0) cut=(0.8939,0.8928,0.0) pos_rate=0.827
  sizes=(5, 17, 24) exact=0.000 reach=(1.0,1.0,1.0) cut=(0.9041,0.8958,0.0) pos_rate=0.826
  sizes=(5, 18, 23) exact=0.000 reach=(1.0,1.0,1.0) cut=(0.9108,0.9112,0.0) pos_rate=0.824
  sizes=(5, 19, 22) exact=0.000 reach=(1.0,1.0,1.0) cut=(0.9168,0.9121,0.0) pos_rate=0.823
  sizes=(5, 20, 21) exact=0.000 reach=(1.0,1.0,1.0) cut=(0.9188,0.895,0.0) pos_rate=0.824
  sizes=(6, 6, 34) exact=0.000 reach=(1.0,1.0,1.0) cut=(0.0,1.0,1.0) pos_rate=0.614
  sizes=(6, 7, 33) exact=0.000 reach=(1.0,1.0,1.0) cut=(0.0,1.0,1.0) pos_rate=0.595
  sizes=(6, 8, 32) exact=0.000 reach=(1.0,1.0,1.0) cut=(0.0,1.0,1.0) pos_rate=0.577
  sizes=(6, 9, 31) exact=0.000 reach=(1.0,1.0,1.0) cut=(0.0,1.0,1.0) pos_rate=0.560
  sizes=(6, 10, 30) exact=0.000 reach=(1.0,1.0,1.0) cut=(0.0863,1.0,0.9997) pos_rate=0.541
  sizes=(6, 11, 29) exact=0.100 reach=(1.0,1.0,1.0) cut=(0.9767,1.0,0.8901) pos_rate=0.506
  sizes=(6, 12, 28) exact=0.000 reach=(1.0,1.0,1.0) cut=(1.0,1.0,0.0) pos_rate=0.773
  sizes=(6, 13, 27) exact=0.000 reach=(1.0,1.0,1.0) cut=(1.0,1.0,0.0) pos_rate=0.773
  sizes=(6, 14, 26) exact=0.000 reach=(1.0,1.0,1.0) cut=(1.0,1.0,0.0) pos_rate=0.773
  sizes=(6, 15, 25) exact=0.000 reach=(1.0,1.0,1.0) cut=(1.0,1.0,0.0) pos_rate=0.773
  sizes=(6, 16, 24) exact=0.000 reach=(1.0,1.0,1.0) cut=(1.0,1.0,0.0) pos_rate=0.773
  sizes=(6, 17, 23) exact=0.000 reach=(1.0,1.0,1.0) cut=(1.0,1.0,0.0) pos_rate=0.773
  sizes=(6, 18, 22) exact=0.000 reach=(1.0,1.0,1.0) cut=(1.0,1.0,0.0) pos_rate=0.773
  sizes=(6, 19, 21) exact=0.000 reach=(1.0,1.0,1.0) cut=(1.0,1.0,0.0) pos_rate=0.773
  sizes=(6, 20, 20) exact=0.000 reach=(1.0,1.0,1.0) cut=(1.0,1.0,0.0) pos_rate=0.773
  sizes=(7, 7, 32) exact=0.000 reach=(1.0,1.0,1.0) cut=(0.0,1.0,1.0) pos_rate=0.577
  sizes=(7, 8, 31) exact=0.000 reach=(1.0,1.0,1.0) cut=(0.0,1.0,1.0) pos_rate=0.560
  sizes=(7, 9, 30) exact=0.000 reach=(1.0,1.0,1.0) cut=(0.0,1.0,1.0) pos_rate=0.546
  sizes=(7, 10, 29) exact=0.000 reach=(1.0,1.0,1.0) cut=(0.0,1.0,1.0) pos_rate=0.534
  sizes=(7, 11, 28) exact=0.000 reach=(1.0,1.0,1.0) cut=(0.0032,1.0,1.0) pos_rate=0.523
  sizes=(7, 12, 27) exact=0.000 reach=(1.0,1.0,1.0) cut=(1.0,1.0,0.0) pos_rate=0.742
  sizes=(7, 13, 26) exact=0.000 reach=(1.0,1.0,1.0) cut=(1.0,1.0,0.0) pos_rate=0.742
  sizes=(7, 14, 25) exact=0.000 reach=(1.0,1.0,1.0) cut=(1.0,1.0,0.0) pos_rate=0.742
  sizes=(7, 15, 24) exact=0.000 reach=(1.0,1.0,1.0) cut=(1.0,1.0,0.0) pos_rate=0.742
  sizes=(7, 16, 23) exact=0.000 reach=(1.0,1.0,1.0) cut=(1.0,1.0,0.0) pos_rate=0.742
  sizes=(7, 17, 22) exact=0.000 reach=(1.0,1.0,1.0) cut=(1.0,1.0,0.0) pos_rate=0.742
  sizes=(7, 18, 21) exact=0.000 reach=(1.0,1.0,1.0) cut=(1.0,1.0,0.0) pos_rate=0.742
  sizes=(7, 19, 20) exact=0.000 reach=(1.0,1.0,1.0) cut=(1.0,1.0,0.0) pos_rate=0.742
  sizes=(8, 8, 30) exact=0.000 reach=(1.0,1.0,1.0) cut=(0.0,1.0,1.0) pos_rate=0.546
  sizes=(8, 9, 29) exact=0.000 reach=(1.0,1.0,1.0) cut=(0.0,1.0,1.0) pos_rate=0.534
  sizes=(8, 10, 28) exact=0.000 reach=(1.0,1.0,1.0) cut=(0.0,1.0,1.0) pos_rate=0.524
  sizes=(8, 11, 27) exact=0.000 reach=(1.0,1.0,1.0) cut=(0.0017,1.0,1.0) pos_rate=0.515
  sizes=(8, 12, 26) exact=0.000 reach=(1.0,1.0,1.0) cut=(1.0,1.0,0.0) pos_rate=0.713
  sizes=(8, 13, 25) exact=0.000 reach=(1.0,1.0,1.0) cut=(1.0,1.0,0.0) pos_rate=0.713
  sizes=(8, 14, 24) exact=0.000 reach=(1.0,1.0,1.0) cut=(1.0,1.0,0.0) pos_rate=0.713
  sizes=(8, 15, 23) exact=0.000 reach=(1.0,1.0,1.0) cut=(1.0,1.0,0.0) pos_rate=0.713
  sizes=(8, 16, 22) exact=0.000 reach=(1.0,1.0,1.0) cut=(1.0,1.0,0.0) pos_rate=0.713
  sizes=(8, 17, 21) exact=0.000 reach=(1.0,1.0,1.0) cut=(1.0,1.0,0.0) pos_rate=0.713
  sizes=(8, 18, 20) exact=0.000 reach=(1.0,1.0,1.0) cut=(1.0,1.0,0.0) pos_rate=0.713
  sizes=(8, 19, 19) exact=0.000 reach=(1.0,1.0,1.0) cut=(1.0,1.0,0.0) pos_rate=0.713
  sizes=(9, 9, 28) exact=0.000 reach=(1.0,1.0,1.0) cut=(0.0,1.0,1.0) pos_rate=0.524
  sizes=(9, 10, 27) exact=0.000 reach=(1.0,1.0,1.0) cut=(0.0,1.0,1.0) pos_rate=0.515
  sizes=(9, 11, 26) exact=0.000 reach=(1.0,1.0,1.0) cut=(0.0111,1.0,1.0) pos_rate=0.507
  sizes=(9, 12, 25) exact=0.000 reach=(1.0,1.0,1.0) cut=(1.0,1.0,0.0) pos_rate=0.685
  sizes=(9, 13, 24) exact=0.000 reach=(1.0,1.0,1.0) cut=(1.0,1.0,0.0) pos_rate=0.685
  sizes=(9, 14, 23) exact=0.000 reach=(1.0,1.0,1.0) cut=(1.0,1.0,0.0) pos_rate=0.685
  sizes=(9, 15, 22) exact=0.000 reach=(1.0,1.0,1.0) cut=(1.0,1.0,0.0) pos_rate=0.685
  sizes=(9, 16, 21) exact=0.000 reach=(1.0,1.0,1.0) cut=(1.0,1.0,0.0) pos_rate=0.685
  sizes=(9, 17, 20) exact=0.000 reach=(1.0,1.0,1.0) cut=(1.0,1.0,0.0) pos_rate=0.685
  sizes=(9, 18, 19) exact=0.000 reach=(1.0,1.0,1.0) cut=(1.0,1.0,0.0) pos_rate=0.685
  sizes=(10, 10, 26) exact=0.000 reach=(1.0,1.0,1.0) cut=(0.0001,1.0,1.0) pos_rate=0.508
  sizes=(10, 11, 25) exact=0.000 reach=(1.0,1.0,1.0) cut=(0.2652,1.0,1.0) pos_rate=0.476
  sizes=(10, 12, 24) exact=0.000 reach=(1.0,1.0,1.0) cut=(1.0,1.0,0.0) pos_rate=0.660
  sizes=(10, 13, 23) exact=0.000 reach=(1.0,1.0,1.0) cut=(1.0,1.0,0.0) pos_rate=0.660
  sizes=(10, 14, 22) exact=0.000 reach=(1.0,1.0,1.0) cut=(1.0,1.0,0.0) pos_rate=0.660
  sizes=(10, 15, 21) exact=0.000 reach=(1.0,1.0,1.0) cut=(1.0,1.0,0.0) pos_rate=0.660
  sizes=(10, 16, 20) exact=0.000 reach=(1.0,1.0,1.0) cut=(1.0,1.0,0.0) pos_rate=0.660
  sizes=(10, 17, 19) exact=0.000 reach=(1.0,1.0,1.0) cut=(1.0,1.0,0.0) pos_rate=0.660
  sizes=(10, 18, 18) exact=0.000 reach=(1.0,1.0,1.0) cut=(1.0,1.0,0.0) pos_rate=0.660
  sizes=(11, 11, 24) exact=0.450 reach=(1.0,1.0,1.0) cut=(0.9686,1.0,1.0) pos_rate=0.390
  sizes=(11, 12, 23) exact=0.000 reach=(1.0,1.0,1.0) cut=(1.0,1.0,0.0) pos_rate=0.636
  sizes=(11, 13, 22) exact=0.000 reach=(1.0,1.0,1.0) cut=(1.0,1.0,0.0) pos_rate=0.636
  sizes=(11, 14, 21) exact=0.000 reach=(1.0,1.0,1.0) cut=(1.0,1.0,0.0) pos_rate=0.636
  sizes=(11, 15, 20) exact=0.000 reach=(1.0,1.0,1.0) cut=(1.0,1.0,0.0) pos_rate=0.636
  sizes=(11, 16, 19) exact=0.000 reach=(1.0,1.0,1.0) cut=(1.0,1.0,0.0) pos_rate=0.636
  sizes=(11, 17, 18) exact=0.000 reach=(1.0,1.0,1.0) cut=(1.0,1.0,0.0) pos_rate=0.636
  sizes=(12, 12, 22) exact=0.000 reach=(1.0,1.0,1.0) cut=(0.0,0.0,0.0) pos_rate=1.000
  sizes=(12, 13, 21) exact=0.000 reach=(1.0,1.0,1.0) cut=(0.0,0.0,0.0) pos_rate=1.000
  sizes=(12, 14, 20) exact=0.000 reach=(1.0,1.0,1.0) cut=(0.0,0.0,0.0) pos_rate=1.000
  sizes=(12, 15, 19) exact=0.000 reach=(1.0,1.0,1.0) cut=(0.0,0.0,0.0) pos_rate=1.000
  sizes=(12, 16, 18) exact=0.000 reach=(1.0,1.0,1.0) cut=(0.0,0.0,0.0) pos_rate=1.000
  sizes=(12, 17, 17) exact=0.000 reach=(1.0,1.0,1.0) cut=(0.0,0.0,0.0) pos_rate=1.000
  sizes=(13, 13, 20) exact=0.000 reach=(1.0,1.0,1.0) cut=(0.0,0.0,0.0) pos_rate=1.000
  sizes=(13, 14, 19) exact=0.000 reach=(1.0,1.0,1.0) cut=(0.0,0.0,0.0) pos_rate=1.000
  sizes=(13, 15, 18) exact=0.000 reach=(1.0,1.0,1.0) cut=(0.0,0.0,0.0) pos_rate=1.000
  sizes=(13, 16, 17) exact=0.000 reach=(1.0,1.0,1.0) cut=(0.0,0.0,0.0) pos_rate=1.000
  sizes=(14, 14, 18) exact=0.000 reach=(1.0,1.0,1.0) cut=(0.0,0.0,0.0) pos_rate=1.000
  sizes=(14, 15, 17) exact=0.000 reach=(1.0,1.0,1.0) cut=(0.0,0.0,0.0) pos_rate=1.000
  sizes=(14, 16, 16) exact=0.000 reach=(1.0,1.0,1.0) cut=(0.0,0.0,0.0) pos_rate=1.000
  sizes=(15, 15, 16) exact=0.000 reach=(1.0,1.0,1.0) cut=(0.0,0.0,0.0) pos_rate=1.000
  saved -> runs/report9/threeway_splitchains/n46_splitcycles_seed1000/threeway_split.csv
== stagewise_threeway.py --topology cycle (layerwise cosine geometry, 2 cells) ==
checkpoint=runs/report9/n46_train/n46_split_cycles_roberta_similarity_lam0_seed1000/last.pt
  arch=roberta readout=similarity n=46 device=cpu topology=cycle
  [selftest] run_with_stages H2/logits match model.forward_and_embeddings exactly
  stagewise sizes=(3, 21, 22) done (exact H0=0.000, H2=0.000, cut12/13/23 @H2=0.982/0.989/0.000)
  stagewise sizes=(15, 15, 16) done (exact H0=0.000, H2=0.000, cut12/13/23 @H2=0.000/0.000/0.000)
  saved -> runs/report9/stagewise_threeway/n46_splitcycles_seed1000/stagewise_{geometry.npz,metrics.csv,margins.csv}
done: n46_splitcycles_seed1000 (three-cycle test)
