== n46_split_chains_grid_roberta_similarity_lam0_seed4000 ==
 device=cuda arch=roberta readout=similarity attn_kind=normalized_relu sim_fixed=False lambda=0.0 params=6,329,858
 step    5000 loss=0.27362 bce=0.27362 lap=0.00 lam=0.0e+00 val=0.3854 2ch=0.000 2cl=0.000 67s
 step   10000 loss=0.12596 bce=0.12596 lap=0.00 lam=0.0e+00 val=0.7326 2ch=0.000 2cl=0.000 63s
 step   15000 loss=0.09587 bce=0.09587 lap=0.00 lam=0.0e+00 val=0.7432 2ch=0.000 2cl=0.000 63s
 step   20000 loss=0.08435 bce=0.08435 lap=0.00 lam=0.0e+00 val=0.7478 2ch=0.000 2cl=0.000 63s
 step   25000 loss=0.07524 bce=0.07524 lap=0.00 lam=0.0e+00 val=0.7530 2ch=0.000 2cl=0.000 63s
 step   30000 loss=0.06622 bce=0.06622 lap=0.00 lam=0.0e+00 val=0.8412 2ch=0.000 2cl=0.000 63s
 step   35000 loss=0.05677 bce=0.05677 lap=0.00 lam=0.0e+00 val=0.9766 2ch=0.000 2cl=0.000 63s
 step   40000 loss=0.04899 bce=0.04899 lap=0.00 lam=0.0e+00 val=0.9968 2ch=0.000 2cl=0.000 63s
 step   45000 loss=0.04361 bce=0.04361 lap=0.00 lam=0.0e+00 val=0.9994 2ch=0.000 2cl=0.000 63s
 step   50000 loss=0.04000 bce=0.04000 lap=0.00 lam=0.0e+00 val=1.0000 2ch=0.000 2cl=0.000 63s
 step   55000 loss=0.03756 bce=0.03756 lap=0.00 lam=0.0e+00 val=1.0000 2ch=0.000 2cl=0.000 63s
 step   60000 loss=0.03591 bce=0.03591 lap=0.00 lam=0.0e+00 val=1.0000 2ch=0.000 2cl=0.000 63s
 step   65000 loss=0.03462 bce=0.03462 lap=0.00 lam=0.0e+00 val=1.0000 2ch=0.000 2cl=0.000 63s
 step   70000 loss=0.03362 bce=0.03362 lap=0.00 lam=0.0e+00 val=1.0000 2ch=0.000 2cl=0.000 63s
 step   75000 loss=0.03280 bce=0.03280 lap=0.00 lam=0.0e+00 val=0.9998 2ch=0.000 2cl=0.000 63s
 step   80000 loss=0.03190 bce=0.03190 lap=0.00 lam=0.0e+00 val=1.0000 2ch=0.000 2cl=0.000 63s
 step   85000 loss=0.03072 bce=0.03072 lap=0.00 lam=0.0e+00 val=1.0000 2ch=0.000 2cl=0.000 63s
 step   90000 loss=0.02897 bce=0.02897 lap=0.00 lam=0.0e+00 val=1.0000 2ch=0.000 2cl=0.000 63s
 step   95000 loss=0.02621 bce=0.02621 lap=0.00 lam=0.0e+00 val=1.0000 2ch=0.000 2cl=0.000 63s
 step  100000 loss=0.02367 bce=0.02367 lap=0.00 lam=0.0e+00 val=1.0000 2ch=0.000 2cl=0.000 63s
 step  105000 loss=0.01713 bce=0.01713 lap=0.00 lam=0.0e+00 val=1.0000 2ch=0.000 2cl=0.000 63s
 step  110000 loss=0.00808 bce=0.00808 lap=0.00 lam=0.0e+00 val=1.0000 2ch=0.000 2cl=0.000 63s
 step  115000 loss=0.00586 bce=0.00586 lap=0.00 lam=0.0e+00 val=1.0000 2ch=0.000 2cl=0.000 63s
 step  120000 loss=0.00474 bce=0.00474 lap=0.00 lam=0.0e+00 val=1.0000 2ch=0.000 2cl=0.000 63s
 step  125000 loss=0.00406 bce=0.00406 lap=0.00 lam=0.0e+00 val=1.0000 2ch=0.000 2cl=0.000 63s
 step  130000 loss=0.00353 bce=0.00353 lap=0.00 lam=0.0e+00 val=1.0000 2ch=0.000 2cl=0.000 63s
 step  135000 loss=0.00313 bce=0.00313 lap=0.00 lam=0.0e+00 val=1.0000 2ch=0.000 2cl=0.000 63s
 step  140000 loss=0.00283 bce=0.00283 lap=0.00 lam=0.0e+00 val=1.0000 2ch=0.000 2cl=0.000 63s
 step  145000 loss=0.00259 bce=0.00259 lap=0.00 lam=0.0e+00 val=1.0000 2ch=0.000 2cl=0.000 63s
 step  150000 loss=0.00240 bce=0.00240 lap=0.00 lam=0.0e+00 val=1.0000 2ch=0.000 2cl=0.000 63s
 step  155000 loss=0.00222 bce=0.00222 lap=0.00 lam=0.0e+00 val=1.0000 2ch=0.000 2cl=0.000 63s
 step  160000 loss=0.00207 bce=0.00207 lap=0.00 lam=0.0e+00 val=1.0000 2ch=0.000 2cl=0.000 63s
 step  165000 loss=0.00192 bce=0.00192 lap=0.00 lam=0.0e+00 val=1.0000 2ch=0.000 2cl=0.000 63s
 step  170000 loss=0.00181 bce=0.00181 lap=0.00 lam=0.0e+00 val=1.0000 2ch=0.000 2cl=0.000 63s
 step  175000 loss=0.00169 bce=0.00169 lap=0.00 lam=0.0e+00 val=1.0000 2ch=0.000 2cl=0.000 63s
 step  180000 loss=0.00160 bce=0.00160 lap=0.00 lam=0.0e+00 val=1.0000 2ch=0.000 2cl=0.000 63s
 step  185000 loss=0.00149 bce=0.00149 lap=0.00 lam=0.0e+00 val=1.0000 2ch=0.000 2cl=0.000 63s
 step  190000 loss=0.00142 bce=0.00142 lap=0.00 lam=0.0e+00 val=1.0000 2ch=0.000 2cl=0.000 64s
 step  195000 loss=0.00134 bce=0.00134 lap=0.00 lam=0.0e+00 val=1.0000 2ch=0.000 2cl=0.000 64s
 step  200000 loss=0.00128 bce=0.00128 lap=0.00 lam=0.0e+00 val=1.0000 2ch=0.000 2cl=0.000 64s
 step  205000 loss=0.00121 bce=0.00121 lap=0.00 lam=0.0e+00 val=1.0000 2ch=0.000 2cl=0.000 64s
 step  210000 loss=0.00116 bce=0.00116 lap=0.00 lam=0.0e+00 val=1.0000 2ch=0.000 2cl=0.000 64s
 step  215000 loss=0.00112 bce=0.00112 lap=0.00 lam=0.0e+00 val=1.0000 2ch=0.000 2cl=0.000 64s
 step  220000 loss=0.00106 bce=0.00106 lap=0.00 lam=0.0e+00 val=1.0000 2ch=0.000 2cl=0.000 64s
 step  225000 loss=0.00102 bce=0.00102 lap=0.00 lam=0.0e+00 val=1.0000 2ch=0.000 2cl=0.000 64s
 step  230000 loss=0.00097 bce=0.00097 lap=0.00 lam=0.0e+00 val=1.0000 2ch=0.000 2cl=0.000 64s
 step  235000 loss=0.00094 bce=0.00094 lap=0.00 lam=0.0e+00 val=1.0000 2ch=0.000 2cl=0.000 64s
 step  240000 loss=0.00090 bce=0.00090 lap=0.00 lam=0.0e+00 val=1.0000 2ch=0.000 2cl=0.000 64s
 step  245000 loss=0.00088 bce=0.00088 lap=0.00 lam=0.0e+00 val=1.0000 2ch=0.000 2cl=0.000 65s
 step  250000 loss=0.00084 bce=0.00084 lap=0.00 lam=0.0e+00 val=1.0000 2ch=0.000 2cl=0.000 65s
 step  255000 loss=0.00081 bce=0.00081 lap=0.00 lam=0.0e+00 val=1.0000 2ch=0.000 2cl=0.000 64s
 step  260000 loss=0.00078 bce=0.00078 lap=0.00 lam=0.0e+00 val=1.0000 2ch=0.000 2cl=0.000 64s
 step  265000 loss=0.00076 bce=0.00076 lap=0.00 lam=0.0e+00 val=1.0000 2ch=0.000 2cl=0.000 63s
 step  270000 loss=0.00073 bce=0.00073 lap=0.00 lam=0.0e+00 val=1.0000 2ch=0.000 2cl=0.000 64s
 step  275000 loss=0.00070 bce=0.00070 lap=0.00 lam=0.0e+00 val=1.0000 2ch=0.000 2cl=0.000 64s
 step  280000 loss=0.00069 bce=0.00069 lap=0.00 lam=0.0e+00 val=1.0000 2ch=0.000 2cl=0.000 64s
 step  285000 loss=0.00067 bce=0.00067 lap=0.00 lam=0.0e+00 val=1.0000 2ch=0.000 2cl=0.000 64s
 step  290000 loss=0.00064 bce=0.00064 lap=0.00 lam=0.0e+00 val=1.0000 2ch=0.000 2cl=0.000 64s
 step  295000 loss=0.00064 bce=0.00064 lap=0.00 lam=0.0e+00 val=1.0000 2ch=0.000 2cl=0.000 64s
 step  300000 loss=0.00061 bce=0.00061 lap=0.00 lam=0.0e+00 val=1.0000 2ch=0.000 2cl=0.000 64s
 step  305000 loss=0.00060 bce=0.00060 lap=0.00 lam=0.0e+00 val=1.0000 2ch=0.000 2cl=0.000 64s
 step  310000 loss=0.00058 bce=0.00058 lap=0.00 lam=0.0e+00 val=1.0000 2ch=0.000 2cl=0.000 64s
 step  315000 loss=0.00057 bce=0.00057 lap=0.00 lam=0.0e+00 val=1.0000 2ch=0.000 2cl=0.000 64s
 step  320000 loss=0.00056 bce=0.00056 lap=0.00 lam=0.0e+00 val=1.0000 2ch=0.000 2cl=0.000 64s
 step  325000 loss=0.00054 bce=0.00054 lap=0.00 lam=0.0e+00 val=1.0000 2ch=0.000 2cl=0.000 64s
 step  330000 loss=0.00053 bce=0.00053 lap=0.00 lam=0.0e+00 val=1.0000 2ch=0.000 2cl=0.000 64s
 step  335000 loss=0.00051 bce=0.00051 lap=0.00 lam=0.0e+00 val=1.0000 2ch=0.000 2cl=0.000 64s
 step  340000 loss=0.00050 bce=0.00050 lap=0.00 lam=0.0e+00 val=1.0000 2ch=0.000 2cl=0.000 64s
 step  345000 loss=0.00050 bce=0.00050 lap=0.00 lam=0.0e+00 val=1.0000 2ch=0.000 2cl=0.000 65s
 step  350000 loss=0.00048 bce=0.00048 lap=0.00 lam=0.0e+00 val=1.0000 2ch=0.000 2cl=0.000 63s
 step  355000 loss=0.00048 bce=0.00048 lap=0.00 lam=0.0e+00 val=1.0000 2ch=0.000 2cl=0.000 64s
 step  360000 loss=0.00045 bce=0.00045 lap=0.00 lam=0.0e+00 val=1.0000 2ch=0.000 2cl=0.000 64s
 step  365000 loss=0.00045 bce=0.00045 lap=0.00 lam=0.0e+00 val=1.0000 2ch=0.000 2cl=0.000 64s
 step  370000 loss=0.00044 bce=0.00044 lap=0.00 lam=0.0e+00 val=1.0000 2ch=0.000 2cl=0.000 64s
 step  375000 loss=0.00043 bce=0.00043 lap=0.00 lam=0.0e+00 val=1.0000 2ch=0.000 2cl=0.000 64s
 step  380000 loss=0.00043 bce=0.00043 lap=0.00 lam=0.0e+00 val=1.0000 2ch=0.000 2cl=0.000 64s
 step  385000 loss=0.00041 bce=0.00041 lap=0.00 lam=0.0e+00 val=1.0000 2ch=0.000 2cl=0.000 64s
 step  390000 loss=0.00041 bce=0.00041 lap=0.00 lam=0.0e+00 val=1.0000 2ch=0.000 2cl=0.000 64s
 step  395000 loss=0.00040 bce=0.00040 lap=0.00 lam=0.0e+00 val=1.0000 2ch=0.000 2cl=0.000 64s
 step  400000 loss=0.00039 bce=0.00039 lap=0.00 lam=0.0e+00 val=1.0000 2ch=0.000 2cl=0.000 64s
 step  405000 loss=0.00039 bce=0.00039 lap=0.00 lam=0.0e+00 val=1.0000 2ch=0.000 2cl=0.000 65s
 step  410000 loss=0.00037 bce=0.00037 lap=0.00 lam=0.0e+00 val=1.0000 2ch=0.000 2cl=0.000 64s
 step  415000 loss=0.00038 bce=0.00038 lap=0.00 lam=0.0e+00 val=1.0000 2ch=0.000 2cl=0.000 65s
 step  420000 loss=0.00036 bce=0.00036 lap=0.00 lam=0.0e+00 val=1.0000 2ch=0.000 2cl=0.000 64s
 step  425000 loss=0.00036 bce=0.00036 lap=0.00 lam=0.0e+00 val=1.0000 2ch=0.000 2cl=0.000 64s
 step  430000 loss=0.00034 bce=0.00034 lap=0.00 lam=0.0e+00 val=1.0000 2ch=0.000 2cl=0.000 64s
 step  435000 loss=0.00034 bce=0.00034 lap=0.00 lam=0.0e+00 val=1.0000 2ch=0.000 2cl=0.000 64s
 step  440000 loss=0.00034 bce=0.00034 lap=0.00 lam=0.0e+00 val=1.0000 2ch=0.000 2cl=0.000 65s
 step  445000 loss=0.00033 bce=0.00033 lap=0.00 lam=0.0e+00 val=1.0000 2ch=0.000 2cl=0.000 63s
 step  450000 loss=0.00032 bce=0.00032 lap=0.00 lam=0.0e+00 val=1.0000 2ch=0.000 2cl=0.000 64s
 step  455000 loss=0.00031 bce=0.00031 lap=0.00 lam=0.0e+00 val=1.0000 2ch=0.000 2cl=0.000 64s
 step  460000 loss=0.00031 bce=0.00031 lap=0.00 lam=0.0e+00 val=1.0000 2ch=0.000 2cl=0.000 64s
 step  465000 loss=0.00030 bce=0.00030 lap=0.00 lam=0.0e+00 val=1.0000 2ch=0.000 2cl=0.000 64s
 step  470000 loss=0.00030 bce=0.00030 lap=0.00 lam=0.0e+00 val=1.0000 2ch=0.000 2cl=0.000 64s
 step  475000 loss=0.00029 bce=0.00029 lap=0.00 lam=0.0e+00 val=1.0000 2ch=0.000 2cl=0.000 64s
 step  480000 loss=0.00029 bce=0.00029 lap=0.00 lam=0.0e+00 val=1.0000 2ch=0.000 2cl=0.000 64s
 step  485000 loss=0.00028 bce=0.00028 lap=0.00 lam=0.0e+00 val=1.0000 2ch=0.000 2cl=0.000 63s
 step  490000 loss=0.00028 bce=0.00028 lap=0.00 lam=0.0e+00 val=1.0000 2ch=0.000 2cl=0.000 64s
 step  495000 loss=0.00027 bce=0.00027 lap=0.00 lam=0.0e+00 val=1.0000 2ch=0.000 2cl=0.000 64s
 step  500000 loss=0.00026 bce=0.00026 lap=0.00 lam=0.0e+00 val=1.0000 2ch=0.000 2cl=0.000 64s
 step  505000 loss=0.00026 bce=0.00026 lap=0.00 lam=0.0e+00 val=1.0000 2ch=0.000 2cl=0.000 65s
 step  510000 loss=0.00026 bce=0.00026 lap=0.00 lam=0.0e+00 val=1.0000 2ch=0.000 2cl=0.000 65s
 step  515000 loss=0.00025 bce=0.00025 lap=0.00 lam=0.0e+00 val=1.0000 2ch=0.000 2cl=0.000 65s
 step  520000 loss=0.00025 bce=0.00025 lap=0.00 lam=0.0e+00 val=1.0000 2ch=0.000 2cl=0.000 64s
 step  525000 loss=0.00024 bce=0.00024 lap=0.00 lam=0.0e+00 val=1.0000 2ch=0.000 2cl=0.000 64s
 step  530000 loss=0.00024 bce=0.00024 lap=0.00 lam=0.0e+00 val=1.0000 2ch=0.000 2cl=0.000 64s
 step  535000 loss=0.00023 bce=0.00023 lap=0.00 lam=0.0e+00 val=1.0000 2ch=0.000 2cl=0.000 64s
 step  540000 loss=0.00023 bce=0.00023 lap=0.00 lam=0.0e+00 val=1.0000 2ch=0.000 2cl=0.000 65s
 step  545000 loss=0.00023 bce=0.00023 lap=0.00 lam=0.0e+00 val=1.0000 2ch=0.000 2cl=0.000 64s
 step  550000 loss=0.00022 bce=0.00022 lap=0.00 lam=0.0e+00 val=1.0000 2ch=0.000 2cl=0.000 64s
 step  555000 loss=0.00022 bce=0.00022 lap=0.00 lam=0.0e+00 val=1.0000 2ch=0.000 2cl=0.000 66s
 step  560000 loss=0.00021 bce=0.00021 lap=0.00 lam=0.0e+00 val=1.0000 2ch=0.000 2cl=0.000 65s
 step  565000 loss=0.00021 bce=0.00021 lap=0.00 lam=0.0e+00 val=1.0000 2ch=0.000 2cl=0.000 65s
 step  570000 loss=0.00020 bce=0.00020 lap=0.00 lam=0.0e+00 val=1.0000 2ch=0.000 2cl=0.000 64s
 step  575000 loss=0.00020 bce=0.00020 lap=0.00 lam=0.0e+00 val=1.0000 2ch=0.000 2cl=0.000 64s
 step  580000 loss=0.00020 bce=0.00020 lap=0.00 lam=0.0e+00 val=1.0000 2ch=0.000 2cl=0.000 64s
 step  585000 loss=0.00020 bce=0.00020 lap=0.00 lam=0.0e+00 val=1.0000 2ch=0.000 2cl=0.000 64s
 step  590000 loss=0.00020 bce=0.00020 lap=0.00 lam=0.0e+00 val=1.0000 2ch=0.000 2cl=0.000 64s
 step  595000 loss=0.00019 bce=0.00019 lap=0.00 lam=0.0e+00 val=1.0000 2ch=0.000 2cl=0.000 64s
 step  600000 loss=0.00019 bce=0.00019 lap=0.00 lam=0.0e+00 val=1.0000 2ch=0.000 2cl=0.000 64s
 step  605000 loss=0.00018 bce=0.00018 lap=0.00 lam=0.0e+00 val=1.0000 2ch=0.000 2cl=0.000 64s
 step  610000 loss=0.00018 bce=0.00018 lap=0.00 lam=0.0e+00 val=1.0000 2ch=0.000 2cl=0.000 64s
 step  615000 loss=0.00017 bce=0.00017 lap=0.00 lam=0.0e+00 val=1.0000 2ch=0.000 2cl=0.000 64s
 step  620000 loss=0.00017 bce=0.00017 lap=0.00 lam=0.0e+00 val=1.0000 2ch=0.000 2cl=0.000 64s
 step  625000 loss=0.00017 bce=0.00017 lap=0.00 lam=0.0e+00 val=1.0000 2ch=0.000 2cl=0.000 64s
 step  630000 loss=0.00017 bce=0.00017 lap=0.00 lam=0.0e+00 val=1.0000 2ch=0.000 2cl=0.000 65s
 step  635000 loss=0.00017 bce=0.00017 lap=0.00 lam=0.0e+00 val=1.0000 2ch=0.000 2cl=0.000 64s
 step  640000 loss=0.00016 bce=0.00016 lap=0.00 lam=0.0e+00 val=1.0000 2ch=0.000 2cl=0.000 64s
 step  645000 loss=0.00016 bce=0.00016 lap=0.00 lam=0.0e+00 val=1.0000 2ch=0.000 2cl=0.000 64s
 step  650000 loss=0.00016 bce=0.00016 lap=0.00 lam=0.0e+00 val=1.0000 2ch=0.000 2cl=0.000 64s
 step  655000 loss=0.00015 bce=0.00015 lap=0.00 lam=0.0e+00 val=1.0000 2ch=0.000 2cl=0.000 64s
 step  660000 loss=0.00015 bce=0.00015 lap=0.00 lam=0.0e+00 val=1.0000 2ch=0.000 2cl=0.000 64s
 step  665000 loss=0.00015 bce=0.00015 lap=0.00 lam=0.0e+00 val=1.0000 2ch=0.000 2cl=0.000 64s
 step  670000 loss=0.00014 bce=0.00014 lap=0.00 lam=0.0e+00 val=1.0000 2ch=0.000 2cl=0.000 64s
 step  675000 loss=0.00014 bce=0.00014 lap=0.00 lam=0.0e+00 val=1.0000 2ch=0.000 2cl=0.000 64s
 step  680000 loss=0.00014 bce=0.00014 lap=0.00 lam=0.0e+00 val=1.0000 2ch=0.000 2cl=0.000 64s
 step  685000 loss=0.00014 bce=0.00014 lap=0.00 lam=0.0e+00 val=1.0000 2ch=0.000 2cl=0.000 64s
 step  690000 loss=0.00014 bce=0.00014 lap=0.00 lam=0.0e+00 val=1.0000 2ch=0.000 2cl=0.000 64s
 step  695000 loss=0.00013 bce=0.00013 lap=0.00 lam=0.0e+00 val=1.0000 2ch=0.000 2cl=0.000 64s
 step  700000 loss=0.00013 bce=0.00013 lap=0.00 lam=0.0e+00 val=1.0000 2ch=0.000 2cl=0.000 65s
 step  705000 loss=0.00013 bce=0.00013 lap=0.00 lam=0.0e+00 val=1.0000 2ch=0.000 2cl=0.000 64s
 step  710000 loss=0.00013 bce=0.00013 lap=0.00 lam=0.0e+00 val=1.0000 2ch=0.000 2cl=0.000 65s
 step  715000 loss=0.00012 bce=0.00012 lap=0.00 lam=0.0e+00 val=1.0000 2ch=0.000 2cl=0.000 65s
 step  720000 loss=0.00012 bce=0.00012 lap=0.00 lam=0.0e+00 val=1.0000 2ch=0.000 2cl=0.000 64s
 step  725000 loss=0.00012 bce=0.00012 lap=0.00 lam=0.0e+00 val=1.0000 2ch=0.000 2cl=0.000 65s
 step  730000 loss=0.00012 bce=0.00012 lap=0.00 lam=0.0e+00 val=1.0000 2ch=0.000 2cl=0.000 64s
 step  735000 loss=0.00012 bce=0.00012 lap=0.00 lam=0.0e+00 val=1.0000 2ch=0.000 2cl=0.000 65s
 step  740000 loss=0.00012 bce=0.00012 lap=0.00 lam=0.0e+00 val=1.0000 2ch=0.000 2cl=0.000 64s
 step  745000 loss=0.00011 bce=0.00011 lap=0.00 lam=0.0e+00 val=1.0000 2ch=0.000 2cl=0.000 65s
 step  750000 loss=0.00011 bce=0.00011 lap=0.00 lam=0.0e+00 val=1.0000 2ch=0.000 2cl=0.000 64s
 step  755000 loss=0.00011 bce=0.00011 lap=0.00 lam=0.0e+00 val=1.0000 2ch=0.000 2cl=0.000 64s
 step  760000 loss=0.00011 bce=0.00011 lap=0.00 lam=0.0e+00 val=1.0000 2ch=0.000 2cl=0.000 64s
 step  765000 loss=0.00011 bce=0.00011 lap=0.00 lam=0.0e+00 val=1.0000 2ch=0.000 2cl=0.000 64s
 step  770000 loss=0.00010 bce=0.00010 lap=0.00 lam=0.0e+00 val=1.0000 2ch=0.000 2cl=0.000 64s
 step  775000 loss=0.00010 bce=0.00010 lap=0.00 lam=0.0e+00 val=1.0000 2ch=0.000 2cl=0.000 64s
 step  780000 loss=0.00010 bce=0.00010 lap=0.00 lam=0.0e+00 val=1.0000 2ch=0.000 2cl=0.000 64s
 step  785000 loss=0.00010 bce=0.00010 lap=0.00 lam=0.0e+00 val=1.0000 2ch=0.000 2cl=0.000 64s
 step  790000 loss=0.00010 bce=0.00010 lap=0.00 lam=0.0e+00 val=1.0000 2ch=0.000 2cl=0.000 63s
 step  795000 loss=0.00010 bce=0.00010 lap=0.00 lam=0.0e+00 val=1.0000 2ch=0.000 2cl=0.000 65s
 step  800000 loss=0.00010 bce=0.00010 lap=0.00 lam=0.0e+00 val=1.0000 2ch=0.000 2cl=0.000 65s
 step  805000 loss=0.00009 bce=0.00009 lap=0.00 lam=0.0e+00 val=1.0000 2ch=0.000 2cl=0.000 66s
 step  810000 loss=0.00009 bce=0.00009 lap=0.00 lam=0.0e+00 val=1.0000 2ch=0.000 2cl=0.000 65s
 step  815000 loss=0.00009 bce=0.00009 lap=0.00 lam=0.0e+00 val=1.0000 2ch=0.000 2cl=0.000 65s
 step  820000 loss=0.00009 bce=0.00009 lap=0.00 lam=0.0e+00 val=1.0000 2ch=0.000 2cl=0.000 65s
 step  825000 loss=0.00009 bce=0.00009 lap=0.00 lam=0.0e+00 val=1.0000 2ch=0.000 2cl=0.000 64s
 step  830000 loss=0.00009 bce=0.00009 lap=0.00 lam=0.0e+00 val=1.0000 2ch=0.000 2cl=0.000 65s
 step  835000 loss=0.00009 bce=0.00009 lap=0.00 lam=0.0e+00 val=1.0000 2ch=0.000 2cl=0.000 65s
 step  840000 loss=0.00009 bce=0.00009 lap=0.00 lam=0.0e+00 val=1.0000 2ch=0.000 2cl=0.000 64s
 step  845000 loss=0.00009 bce=0.00009 lap=0.00 lam=0.0e+00 val=1.0000 2ch=0.000 2cl=0.000 64s
 step  850000 loss=0.00008 bce=0.00008 lap=0.00 lam=0.0e+00 val=1.0000 2ch=0.000 2cl=0.000 64s
 step  855000 loss=0.00008 bce=0.00008 lap=0.00 lam=0.0e+00 val=1.0000 2ch=0.000 2cl=0.000 64s
 step  860000 loss=0.00008 bce=0.00008 lap=0.00 lam=0.0e+00 val=1.0000 2ch=0.000 2cl=0.000 64s
 step  865000 loss=0.00008 bce=0.00008 lap=0.00 lam=0.0e+00 val=1.0000 2ch=0.000 2cl=0.000 64s
 step  870000 loss=0.00008 bce=0.00008 lap=0.00 lam=0.0e+00 val=1.0000 2ch=0.000 2cl=0.000 64s
 step  875000 loss=0.00008 bce=0.00008 lap=0.00 lam=0.0e+00 val=1.0000 2ch=0.000 2cl=0.000 65s
 step  880000 loss=0.00008 bce=0.00008 lap=0.00 lam=0.0e+00 val=1.0000 2ch=0.000 2cl=0.000 64s
 step  885000 loss=0.00008 bce=0.00008 lap=0.00 lam=0.0e+00 val=1.0000 2ch=0.000 2cl=0.000 64s
 step  890000 loss=0.00008 bce=0.00008 lap=0.00 lam=0.0e+00 val=1.0000 2ch=0.000 2cl=0.000 64s
 step  895000 loss=0.00008 bce=0.00008 lap=0.00 lam=0.0e+00 val=1.0000 2ch=0.000 2cl=0.000 64s
 step  900000 loss=0.00008 bce=0.00008 lap=0.00 lam=0.0e+00 val=1.0000 2ch=0.000 2cl=0.000 64s
 step  905000 loss=0.00008 bce=0.00008 lap=0.00 lam=0.0e+00 val=1.0000 2ch=0.000 2cl=0.000 64s
 step  910000 loss=0.00008 bce=0.00008 lap=0.00 lam=0.0e+00 val=1.0000 2ch=0.000 2cl=0.000 64s
 step  915000 loss=0.00008 bce=0.00008 lap=0.00 lam=0.0e+00 val=1.0000 2ch=0.000 2cl=0.000 64s
 step  920000 loss=0.00007 bce=0.00007 lap=0.00 lam=0.0e+00 val=1.0000 2ch=0.000 2cl=0.000 64s
 step  925000 loss=0.00007 bce=0.00007 lap=0.00 lam=0.0e+00 val=1.0000 2ch=0.000 2cl=0.000 64s
 step  930000 loss=0.00007 bce=0.00007 lap=0.00 lam=0.0e+00 val=1.0000 2ch=0.000 2cl=0.000 64s
 step  935000 loss=0.00007 bce=0.00007 lap=0.00 lam=0.0e+00 val=1.0000 2ch=0.000 2cl=0.000 64s
 step  940000 loss=0.00007 bce=0.00007 lap=0.00 lam=0.0e+00 val=1.0000 2ch=0.000 2cl=0.000 64s
 step  945000 loss=0.00007 bce=0.00007 lap=0.00 lam=0.0e+00 val=1.0000 2ch=0.000 2cl=0.000 64s
 step  950000 loss=0.00007 bce=0.00007 lap=0.00 lam=0.0e+00 val=1.0000 2ch=0.000 2cl=0.000 64s
 step  955000 loss=0.00007 bce=0.00007 lap=0.00 lam=0.0e+00 val=1.0000 2ch=0.000 2cl=0.000 64s
 step  960000 loss=0.00007 bce=0.00007 lap=0.00 lam=0.0e+00 val=1.0000 2ch=0.000 2cl=0.000 64s
 step  965000 loss=0.00007 bce=0.00007 lap=0.00 lam=0.0e+00 val=1.0000 2ch=0.000 2cl=0.000 64s
 step  970000 loss=0.00007 bce=0.00007 lap=0.00 lam=0.0e+00 val=1.0000 2ch=0.000 2cl=0.000 64s
 step  975000 loss=0.00007 bce=0.00007 lap=0.00 lam=0.0e+00 val=1.0000 2ch=0.000 2cl=0.000 64s
 step  980000 loss=0.00007 bce=0.00007 lap=0.00 lam=0.0e+00 val=1.0000 2ch=0.000 2cl=0.000 65s
 step  985000 loss=0.00007 bce=0.00007 lap=0.00 lam=0.0e+00 val=1.0000 2ch=0.000 2cl=0.000 64s
 step  990000 loss=0.00007 bce=0.00007 lap=0.00 lam=0.0e+00 val=1.0000 2ch=0.000 2cl=0.000 64s
 step  995000 loss=0.00007 bce=0.00007 lap=0.00 lam=0.0e+00 val=1.0000 2ch=0.000 2cl=0.000 64s
 step 1000000 loss=0.00007 bce=0.00007 lap=0.00 lam=0.0e+00 val=1.0000 2ch=0.000 2cl=0.000 64s
done. best in-dist exact=1.0000  -> runs/report9/n46_train/n46_split_chains_grid_roberta_similarity_lam0_seed4000
== eval_asym_chains.py (quick behavioural sweep, full 1..23 -- covers the held-out 4/6/8/10) ==
checkpoint=runs/report9/n46_train/n46_split_chains_grid_roberta_similarity_lam0_seed4000/last.pt
  arch=roberta readout=similarity n=46 device=cuda
  split=( 1,45) exact=0.217 reach_long=1.000 cut=0.448 longblock=1.000
  split=( 2,44) exact=1.000 reach_long=1.000 cut=1.000 longblock=1.000
  split=( 3,43) exact=1.000 reach_long=1.000 cut=1.000 longblock=1.000
  split=( 4,42) exact=1.000 reach_long=1.000 cut=1.000 longblock=1.000
  split=( 5,41) exact=1.000 reach_long=1.000 cut=1.000 longblock=1.000
  split=( 6,40) exact=1.000 reach_long=1.000 cut=1.000 longblock=1.000
  split=( 7,39) exact=1.000 reach_long=1.000 cut=1.000 longblock=1.000
  split=( 8,38) exact=1.000 reach_long=1.000 cut=1.000 longblock=1.000
  split=( 9,37) exact=1.000 reach_long=1.000 cut=1.000 longblock=1.000
  split=(10,36) exact=1.000 reach_long=1.000 cut=1.000 longblock=1.000
  split=(11,35) exact=1.000 reach_long=1.000 cut=1.000 longblock=1.000
  split=(12,34) exact=0.000 reach_long=1.000 cut=0.442 longblock=1.000
  split=(13,33) exact=0.000 reach_long=1.000 cut=0.005 longblock=1.000
  split=(14,32) exact=0.000 reach_long=1.000 cut=0.000 longblock=1.000
  split=(15,31) exact=0.000 reach_long=1.000 cut=0.000 longblock=1.000
  split=(16,30) exact=0.000 reach_long=1.000 cut=0.000 longblock=1.000
  split=(17,29) exact=0.000 reach_long=1.000 cut=0.000 longblock=1.000
  split=(18,28) exact=0.000 reach_long=1.000 cut=0.000 longblock=1.000
  split=(19,27) exact=0.000 reach_long=1.000 cut=0.000 longblock=1.000
  split=(20,26) exact=0.000 reach_long=1.000 cut=0.000 longblock=1.000
  split=(21,25) exact=0.000 reach_long=1.000 cut=0.000 longblock=1.000
  split=(22,24) exact=0.000 reach_long=1.000 cut=0.000 longblock=1.000
  split=(23,23) exact=0.000 reach_long=1.000 cut=0.000 longblock=1.000
  saved -> runs/report9/asym_chains_n46/n46_splitchainsgrid_seed4000/asym_chains.json
== mechanistic_asym_chains.py (sweep + logit -> Table 1 / Figure 1) ==
checkpoint=runs/report9/n46_train/n46_split_chains_grid_roberta_similarity_lam0_seed4000/last.pt
  arch=roberta readout=similarity n=46 device=cuda
  [selftest] run_with_cache matches model.forward_and_embeddings exactly
  [selftest] exact_contribution matches brute-force double loop (max diff 1.19e-07)

== behavioural sweep (random relabelling, the primary condition) ==
  a= 1 exact=0.195 reach_long=1.000 reach_short=nan cut=0.422 mode=random
  a= 2 exact=1.000 reach_long=1.000 reach_short=1.000 cut=1.000 mode=random
  a= 3 exact=1.000 reach_long=1.000 reach_short=1.000 cut=1.000 mode=random
  a= 4 exact=1.000 reach_long=1.000 reach_short=1.000 cut=1.000 mode=random
  a= 5 exact=1.000 reach_long=1.000 reach_short=1.000 cut=1.000 mode=random
  a= 6 exact=1.000 reach_long=1.000 reach_short=1.000 cut=1.000 mode=random
  a= 7 exact=1.000 reach_long=1.000 reach_short=1.000 cut=1.000 mode=random
  a= 8 exact=1.000 reach_long=1.000 reach_short=1.000 cut=1.000 mode=random
  a= 9 exact=1.000 reach_long=1.000 reach_short=1.000 cut=1.000 mode=random
  a=10 exact=1.000 reach_long=1.000 reach_short=1.000 cut=1.000 mode=random
  a=11 exact=1.000 reach_long=1.000 reach_short=1.000 cut=1.000 mode=random
  a=12 exact=0.000 reach_long=1.000 reach_short=1.000 cut=0.445 mode=random
  a=13 exact=0.000 reach_long=1.000 reach_short=1.000 cut=0.004 mode=random
  a=14 exact=0.000 reach_long=1.000 reach_short=1.000 cut=0.000 mode=random
  a=15 exact=0.000 reach_long=1.000 reach_short=1.000 cut=0.000 mode=random
  a=16 exact=0.000 reach_long=1.000 reach_short=1.000 cut=0.000 mode=random
  a=17 exact=0.000 reach_long=1.000 reach_short=1.000 cut=0.000 mode=random
  a=18 exact=0.000 reach_long=1.000 reach_short=1.000 cut=0.000 mode=random
  a=19 exact=0.000 reach_long=1.000 reach_short=1.000 cut=0.000 mode=random
  a=20 exact=0.000 reach_long=1.000 reach_short=1.000 cut=0.000 mode=random
  a=21 exact=0.000 reach_long=1.000 reach_short=1.000 cut=0.000 mode=random
  a=22 exact=0.000 reach_long=1.000 reach_short=1.000 cut=0.000 mode=random
  a=23 exact=0.000 reach_long=1.000 reach_short=1.000 cut=0.000 mode=random

== fixed-label comparison (identity permutation, confirmatory only) ==
  a= 1 exact=0.000 reach_long=1.000 reach_short=nan cut=0.000 mode=fixed
  a= 4 exact=1.000 reach_long=1.000 reach_short=1.000 cut=1.000 mode=fixed
  a= 7 exact=1.000 reach_long=1.000 reach_short=1.000 cut=1.000 mode=fixed
  a= 8 exact=1.000 reach_long=1.000 reach_short=1.000 cut=1.000 mode=fixed
  a=10 exact=1.000 reach_long=1.000 reach_short=1.000 cut=1.000 mode=fixed
  a=17 exact=0.000 reach_long=1.000 reach_short=1.000 cut=0.000 mode=fixed
  a=23 exact=0.000 reach_long=1.000 reach_short=1.000 cut=0.000 mode=fixed
  saved -> runs/report9/mechanistic/n46_splitchainsgrid_seed4000/metrics.csv

== readout decomposition cos(h_i,h_j) (similarity read-out) ==
  readout(similarity) a= 1 done
  readout(similarity) a= 2 done
  readout(similarity) a= 3 done
  readout(similarity) a= 4 done
  readout(similarity) a= 5 done
  readout(similarity) a= 6 done
  readout(similarity) a= 7 done
  readout(similarity) a= 8 done
  readout(similarity) a= 9 done
  readout(similarity) a=10 done
  readout(similarity) a=11 done
  readout(similarity) a=12 done
  readout(similarity) a=13 done
  readout(similarity) a=14 done
  readout(similarity) a=15 done
  readout(similarity) a=16 done
  readout(similarity) a=17 done
  readout(similarity) a=18 done
  readout(similarity) a=19 done
  readout(similarity) a=20 done
  readout(similarity) a=21 done
  readout(similarity) a=22 done
  readout(similarity) a=23 done
  saved -> runs/report9/mechanistic/n46_splitchainsgrid_seed4000/readout.csv

== W_in geometry (similarity read-out has no W_out) ==
  saved -> runs/report9/mechanistic/n46_splitchainsgrid_seed4000/weights_summary.json

== attention probe (representative splits) ==
  attention a= 3 done (row_mass1 mean=3.519, exact-contribution over 8 graphs)
  attention a= 4 done (row_mass1 mean=3.541, exact-contribution over 8 graphs)
  attention a= 5 done (row_mass1 mean=3.713, exact-contribution over 8 graphs)
  attention a= 6 done (row_mass1 mean=3.801, exact-contribution over 8 graphs)
  attention a= 7 done (row_mass1 mean=3.793, exact-contribution over 8 graphs)
  attention a= 8 done (row_mass1 mean=3.788, exact-contribution over 8 graphs)
  attention a= 9 done (row_mass1 mean=3.790, exact-contribution over 8 graphs)
  attention a=10 done (row_mass1 mean=3.792, exact-contribution over 8 graphs)
  attention a=11 done (row_mass1 mean=3.793, exact-contribution over 8 graphs)
  attention a=12 done (row_mass1 mean=3.797, exact-contribution over 8 graphs)
  attention a=23 done (row_mass1 mean=3.792, exact-contribution over 8 graphs)
  saved -> runs/report9/mechanistic/n46_splitchainsgrid_seed4000/attn_cache.npz (66 arrays)
== mechanistic_heatmaps.py (attention scores/alpha, held-out vs trained vs balanced) ==
checkpoint=runs/report9/n46_train/n46_split_chains_grid_roberta_similarity_lam0_seed4000/last.pt
  arch=roberta readout=similarity n=46 device=cuda
== attention/Q/K/V heatmap probe ==
  heatmap probe a= 4 done
  heatmap probe a= 8 done
  heatmap probe a=10 done
  heatmap probe a=23 done
  saved -> runs/report9/heatmaps/n46_splitchainsgrid_seed4000/heatmap_data.npz
== raw weight matrices ==
  saved -> runs/report9/heatmaps/n46_splitchainsgrid_seed4000/raw_weights.npz
== stagewise_diagnostics.py (layerwise cosine geometry) ==
checkpoint=runs/report9/n46_train/n46_split_chains_grid_roberta_similarity_lam0_seed4000/last.pt
  arch=roberta readout=similarity n=46 device=cuda
  [selftest] run_with_stages H2/logits match model.forward_and_embeddings exactly
  stagewise a= 4 done (M_far H0=0.012, H2=1.463)
  stagewise a= 8 done (M_far H0=0.004, H2=1.505)
  stagewise a=10 done (M_far H0=0.003, H2=1.247)
  stagewise a=23 done (M_far H0=-0.004, H2=-0.055)
  saved -> runs/report9/stagewise/n46_splitchainsgrid_seed4000/stagewise_{geometry.npz,metrics.csv,margins.csv,deltaz.csv}
done: n46_splitchainsgrid_seed4000
