seed=4000 checkpoint=runs/report6/a1_train/n40_path_union_roberta_similarity_lam0_seed4000/last.pt
== mechanistic_kway.py (sweep + logit -> Table 1 / Figure 1) ==
checkpoint=runs/report6/a1_train/n40_path_union_roberta_similarity_lam0_seed4000/last.pt
  arch=roberta readout=similarity n=40 device=cpu
  [selftest] run_with_cache matches model.forward_and_embeddings exactly
  cells: [(5, 2), (5, 3), (5, 4), (5, 5), (6, 2), (6, 3), (6, 4), (7, 2), (7, 3)]

== behavioural sweep (Table 1 / Figure 1, top panel) ==
  k=5 s= 2 exact=1.000 reach_long=1.000 reach_short=1.000 cut=1.000
  k=5 s= 3 exact=1.000 reach_long=1.000 reach_short=1.000 cut=1.000
  k=5 s= 4 exact=0.800 reach_long=1.000 reach_short=0.997 cut=0.996
  k=5 s= 5 exact=0.000 reach_long=1.000 reach_short=0.850 cut=0.365
  k=6 s= 2 exact=0.860 reach_long=1.000 reach_short=0.989 cut=0.997
  k=6 s= 3 exact=0.045 reach_long=1.000 reach_short=0.825 cut=0.897
  k=6 s= 4 exact=0.000 reach_long=1.000 reach_short=0.820 cut=0.609
  k=7 s= 2 exact=0.000 reach_long=1.000 reach_short=0.446 cut=0.511
  k=7 s= 3 exact=0.000 reach_long=1.000 reach_short=0.118 cut=0.246
  saved -> runs/report9/mechanistic_kway/n40_pathunion_seed4000_kway/metrics.csv

== readout decomposition cos(h_i,h_j) (Figure 1, bottom panel) ==
  readout(similarity) k=5 s= 2 done
  readout(similarity) k=5 s= 3 done
  readout(similarity) k=5 s= 4 done
  readout(similarity) k=5 s= 5 done
  readout(similarity) k=6 s= 2 done
  readout(similarity) k=6 s= 3 done
  readout(similarity) k=6 s= 4 done
  readout(similarity) k=7 s= 2 done
  readout(similarity) k=7 s= 3 done
  saved -> runs/report9/mechanistic_kway/n40_pathunion_seed4000_kway/readout.csv

== W_in geometry (similarity read-out has no W_out) ==
  saved -> runs/report9/mechanistic_kway/n40_pathunion_seed4000_kway/weights_summary.json
== mechanistic_kway_heatmaps.py (attention scores/alpha -> Figure 3) ==
checkpoint=runs/report6/a1_train/n40_path_union_roberta_similarity_lam0_seed4000/last.pt
  arch=roberta readout=similarity n=40 device=cpu
== attention/Q/K/V heatmap probe (K-way) ==
  heatmap probe k=5 s= 2 done
  heatmap probe k=5 s= 3 done
  heatmap probe k=5 s= 4 done
  heatmap probe k=5 s= 5 done
  heatmap probe k=6 s= 2 done
  heatmap probe k=6 s= 3 done
  heatmap probe k=6 s= 4 done
  heatmap probe k=7 s= 2 done
  heatmap probe k=7 s= 3 done
  saved -> runs/report9/heatmaps_kway/n40_pathunion_seed4000/heatmap_data.npz
== raw weight matrices ==
  saved -> runs/report9/heatmaps_kway/n40_pathunion_seed4000/raw_weights.npz
== stagewise_kway.py (layerwise cosine geometry) ==
checkpoint=runs/report6/a1_train/n40_path_union_roberta_similarity_lam0_seed4000/last.pt
  arch=roberta readout=similarity n=40 device=cpu
  [selftest] run_with_stages H2/logits match model.forward_and_embeddings exactly
  stagewise k=5 s= 2 done (M_far H0=0.054, H2=0.735)
  stagewise k=5 s= 3 done (M_far H0=0.029, H2=0.764)
  stagewise k=5 s= 4 done (M_far H0=0.014, H2=0.849)
  stagewise k=5 s= 5 done (M_far H0=0.003, H2=0.568)
  stagewise k=6 s= 2 done (M_far H0=0.051, H2=0.682)
  stagewise k=6 s= 3 done (M_far H0=0.025, H2=0.678)
  stagewise k=6 s= 4 done (M_far H0=0.008, H2=0.742)
  stagewise k=7 s= 2 done (M_far H0=0.048, H2=0.587)
  stagewise k=7 s= 3 done (M_far H0=0.020, H2=0.535)
  saved -> runs/report9/stagewise_kway/n40_pathunion_seed4000/stagewise_{geometry.npz,metrics.csv,margins.csv,deltaz.csv}
done seed 4000
