== n46_split_chains_roberta_similarity_lam0_L3_seed2000 ==
 device=cuda arch=roberta readout=similarity sim_fixed=False lambda=0.0 params=9,482,242
 step    5000 loss=0.42012 bce=0.42012 lap=0.00 lam=0.0e+00 val=0.0020 2ch=0.000 2cl=0.153 87s
 step   10000 loss=0.21505 bce=0.21505 lap=0.00 lam=0.0e+00 val=0.2848 2ch=0.838 2cl=0.000 87s
 step   15000 loss=0.12673 bce=0.12673 lap=0.00 lam=0.0e+00 val=0.8232 2ch=0.588 2cl=0.000 87s
 step   20000 loss=0.03429 bce=0.03429 lap=0.00 lam=0.0e+00 val=0.9906 2ch=0.994 2cl=0.000 87s
 step   25000 loss=0.01186 bce=0.01186 lap=0.00 lam=0.0e+00 val=0.9992 2ch=0.997 2cl=0.000 87s
 step   30000 loss=0.00647 bce=0.00647 lap=0.00 lam=0.0e+00 val=0.9998 2ch=1.000 2cl=0.000 87s
 step   35000 loss=0.00414 bce=0.00414 lap=0.00 lam=0.0e+00 val=1.0000 2ch=1.000 2cl=0.000 86s
 step   40000 loss=0.00292 bce=0.00292 lap=0.00 lam=0.0e+00 val=1.0000 2ch=1.000 2cl=0.000 87s
 step   45000 loss=0.00218 bce=0.00218 lap=0.00 lam=0.0e+00 val=1.0000 2ch=1.000 2cl=0.000 87s
 step   50000 loss=0.00161 bce=0.00161 lap=0.00 lam=0.0e+00 val=1.0000 2ch=1.000 2cl=0.000 87s
 step   55000 loss=0.00120 bce=0.00120 lap=0.00 lam=0.0e+00 val=1.0000 2ch=1.000 2cl=0.000 87s
 step   60000 loss=0.00099 bce=0.00099 lap=0.00 lam=0.0e+00 val=1.0000 2ch=1.000 2cl=0.000 86s
 step   65000 loss=0.00079 bce=0.00079 lap=0.00 lam=0.0e+00 val=1.0000 2ch=1.000 2cl=0.000 87s
 step   70000 loss=0.00069 bce=0.00069 lap=0.00 lam=0.0e+00 val=1.0000 2ch=1.000 2cl=0.000 87s
 step   75000 loss=0.00060 bce=0.00060 lap=0.00 lam=0.0e+00 val=1.0000 2ch=1.000 2cl=0.000 87s
 step   80000 loss=0.00056 bce=0.00056 lap=0.00 lam=0.0e+00 val=1.0000 2ch=1.000 2cl=0.000 87s
 step   85000 loss=0.00049 bce=0.00049 lap=0.00 lam=0.0e+00 val=1.0000 2ch=1.000 2cl=0.000 87s
 step   90000 loss=0.00044 bce=0.00044 lap=0.00 lam=0.0e+00 val=1.0000 2ch=1.000 2cl=0.000 87s
 step   95000 loss=0.00041 bce=0.00041 lap=0.00 lam=0.0e+00 val=1.0000 2ch=1.000 2cl=0.000 87s
 step  100000 loss=0.00035 bce=0.00035 lap=0.00 lam=0.0e+00 val=1.0000 2ch=1.000 2cl=0.000 87s
 step  105000 loss=0.00035 bce=0.00035 lap=0.00 lam=0.0e+00 val=1.0000 2ch=1.000 2cl=0.000 87s
 step  110000 loss=0.00031 bce=0.00031 lap=0.00 lam=0.0e+00 val=1.0000 2ch=1.000 2cl=0.000 87s
 step  115000 loss=0.00029 bce=0.00029 lap=0.00 lam=0.0e+00 val=1.0000 2ch=1.000 2cl=0.000 87s
 step  120000 loss=0.00029 bce=0.00029 lap=0.00 lam=0.0e+00 val=1.0000 2ch=1.000 2cl=0.000 87s
 step  125000 loss=0.00026 bce=0.00026 lap=0.00 lam=0.0e+00 val=1.0000 2ch=1.000 2cl=0.000 87s
 step  130000 loss=0.00027 bce=0.00027 lap=0.00 lam=0.0e+00 val=1.0000 2ch=1.000 2cl=0.000 87s
 step  135000 loss=0.00023 bce=0.00023 lap=0.00 lam=0.0e+00 val=1.0000 2ch=1.000 2cl=0.000 86s
 step  140000 loss=0.00023 bce=0.00023 lap=0.00 lam=0.0e+00 val=1.0000 2ch=1.000 2cl=0.000 87s
 step  145000 loss=0.00021 bce=0.00021 lap=0.00 lam=0.0e+00 val=1.0000 2ch=1.000 2cl=0.000 87s
 step  150000 loss=0.00021 bce=0.00021 lap=0.00 lam=0.0e+00 val=0.9998 2ch=1.000 2cl=0.000 87s
 step  155000 loss=0.00021 bce=0.00021 lap=0.00 lam=0.0e+00 val=1.0000 2ch=1.000 2cl=0.000 87s
 step  160000 loss=0.00018 bce=0.00018 lap=0.00 lam=0.0e+00 val=1.0000 2ch=1.000 2cl=0.000 87s
 step  165000 loss=0.00017 bce=0.00017 lap=0.00 lam=0.0e+00 val=1.0000 2ch=1.000 2cl=0.000 87s
 step  170000 loss=0.00018 bce=0.00018 lap=0.00 lam=0.0e+00 val=1.0000 2ch=1.000 2cl=0.000 87s
 step  175000 loss=0.00017 bce=0.00017 lap=0.00 lam=0.0e+00 val=1.0000 2ch=1.000 2cl=0.000 87s
 step  180000 loss=0.00017 bce=0.00017 lap=0.00 lam=0.0e+00 val=1.0000 2ch=1.000 2cl=0.000 87s
 step  185000 loss=0.00015 bce=0.00015 lap=0.00 lam=0.0e+00 val=1.0000 2ch=1.000 2cl=0.000 87s
 step  190000 loss=0.00015 bce=0.00015 lap=0.00 lam=0.0e+00 val=1.0000 2ch=1.000 2cl=0.000 87s
 step  195000 loss=0.00015 bce=0.00015 lap=0.00 lam=0.0e+00 val=1.0000 2ch=1.000 2cl=0.000 87s
 step  200000 loss=0.00014 bce=0.00014 lap=0.00 lam=0.0e+00 val=1.0000 2ch=1.000 2cl=0.000 86s
 step  205000 loss=0.00014 bce=0.00014 lap=0.00 lam=0.0e+00 val=1.0000 2ch=1.000 2cl=0.000 87s
 step  210000 loss=0.00012 bce=0.00012 lap=0.00 lam=0.0e+00 val=1.0000 2ch=1.000 2cl=0.000 87s
 step  215000 loss=0.00012 bce=0.00012 lap=0.00 lam=0.0e+00 val=1.0000 2ch=1.000 2cl=0.000 87s
 step  220000 loss=0.00013 bce=0.00013 lap=0.00 lam=0.0e+00 val=1.0000 2ch=1.000 2cl=0.000 87s
 step  225000 loss=0.00011 bce=0.00011 lap=0.00 lam=0.0e+00 val=1.0000 2ch=1.000 2cl=0.000 87s
 step  230000 loss=0.00012 bce=0.00012 lap=0.00 lam=0.0e+00 val=1.0000 2ch=1.000 2cl=0.000 87s
 step  235000 loss=0.00011 bce=0.00011 lap=0.00 lam=0.0e+00 val=1.0000 2ch=1.000 2cl=0.000 87s
 step  240000 loss=0.00010 bce=0.00010 lap=0.00 lam=0.0e+00 val=1.0000 2ch=1.000 2cl=0.000 87s
 step  245000 loss=0.00010 bce=0.00010 lap=0.00 lam=0.0e+00 val=1.0000 2ch=1.000 2cl=0.000 87s
 step  250000 loss=0.00010 bce=0.00010 lap=0.00 lam=0.0e+00 val=1.0000 2ch=1.000 2cl=0.000 87s
 step  255000 loss=0.00009 bce=0.00009 lap=0.00 lam=0.0e+00 val=0.9998 2ch=1.000 2cl=0.000 87s
 step  260000 loss=0.00010 bce=0.00010 lap=0.00 lam=0.0e+00 val=1.0000 2ch=1.000 2cl=0.000 87s
 step  265000 loss=0.00009 bce=0.00009 lap=0.00 lam=0.0e+00 val=1.0000 2ch=1.000 2cl=0.000 87s
 step  270000 loss=0.00008 bce=0.00008 lap=0.00 lam=0.0e+00 val=1.0000 2ch=1.000 2cl=0.000 86s
 step  275000 loss=0.00009 bce=0.00009 lap=0.00 lam=0.0e+00 val=1.0000 2ch=1.000 2cl=0.000 87s
 step  280000 loss=0.00008 bce=0.00008 lap=0.00 lam=0.0e+00 val=1.0000 2ch=1.000 2cl=0.000 87s
 step  285000 loss=0.00007 bce=0.00007 lap=0.00 lam=0.0e+00 val=1.0000 2ch=1.000 2cl=0.000 87s
 step  290000 loss=0.00008 bce=0.00008 lap=0.00 lam=0.0e+00 val=1.0000 2ch=1.000 2cl=0.000 87s
 step  295000 loss=0.00008 bce=0.00008 lap=0.00 lam=0.0e+00 val=1.0000 2ch=1.000 2cl=0.000 87s
 step  300000 loss=0.00007 bce=0.00007 lap=0.00 lam=0.0e+00 val=1.0000 2ch=1.000 2cl=0.000 87s
 step  305000 loss=0.00007 bce=0.00007 lap=0.00 lam=0.0e+00 val=1.0000 2ch=1.000 2cl=0.000 87s
 step  310000 loss=0.00006 bce=0.00006 lap=0.00 lam=0.0e+00 val=1.0000 2ch=1.000 2cl=0.000 87s
 step  315000 loss=0.00007 bce=0.00007 lap=0.00 lam=0.0e+00 val=1.0000 2ch=1.000 2cl=0.000 87s
 step  320000 loss=0.00007 bce=0.00007 lap=0.00 lam=0.0e+00 val=1.0000 2ch=1.000 2cl=0.000 87s
 step  325000 loss=0.00006 bce=0.00006 lap=0.00 lam=0.0e+00 val=1.0000 2ch=1.000 2cl=0.000 87s
 step  330000 loss=0.00006 bce=0.00006 lap=0.00 lam=0.0e+00 val=1.0000 2ch=1.000 2cl=0.000 87s
 step  335000 loss=0.00007 bce=0.00007 lap=0.00 lam=0.0e+00 val=1.0000 2ch=1.000 2cl=0.000 87s
 step  340000 loss=0.00005 bce=0.00005 lap=0.00 lam=0.0e+00 val=1.0000 2ch=1.000 2cl=0.000 87s
 step  345000 loss=0.00006 bce=0.00006 lap=0.00 lam=0.0e+00 val=1.0000 2ch=1.000 2cl=0.000 87s
 step  350000 loss=0.00006 bce=0.00006 lap=0.00 lam=0.0e+00 val=1.0000 2ch=1.000 2cl=0.000 87s
 step  355000 loss=0.00005 bce=0.00005 lap=0.00 lam=0.0e+00 val=1.0000 2ch=1.000 2cl=0.000 87s
 step  360000 loss=0.00005 bce=0.00005 lap=0.00 lam=0.0e+00 val=1.0000 2ch=1.000 2cl=0.000 87s
 step  365000 loss=0.00005 bce=0.00005 lap=0.00 lam=0.0e+00 val=1.0000 2ch=1.000 2cl=0.000 87s
 step  370000 loss=0.00004 bce=0.00004 lap=0.00 lam=0.0e+00 val=1.0000 2ch=1.000 2cl=0.000 87s
 step  375000 loss=0.00005 bce=0.00005 lap=0.00 lam=0.0e+00 val=1.0000 2ch=1.000 2cl=0.000 87s
 step  380000 loss=0.00004 bce=0.00004 lap=0.00 lam=0.0e+00 val=1.0000 2ch=1.000 2cl=0.000 87s
 step  385000 loss=0.00005 bce=0.00005 lap=0.00 lam=0.0e+00 val=1.0000 2ch=1.000 2cl=0.000 87s
 step  390000 loss=0.00004 bce=0.00004 lap=0.00 lam=0.0e+00 val=1.0000 2ch=1.000 2cl=0.000 87s
 step  395000 loss=0.00005 bce=0.00005 lap=0.00 lam=0.0e+00 val=1.0000 2ch=1.000 2cl=0.000 87s
 step  400000 loss=0.00004 bce=0.00004 lap=0.00 lam=0.0e+00 val=1.0000 2ch=1.000 2cl=0.000 87s
 step  405000 loss=0.00004 bce=0.00004 lap=0.00 lam=0.0e+00 val=1.0000 2ch=1.000 2cl=0.000 87s
 step  410000 loss=0.00004 bce=0.00004 lap=0.00 lam=0.0e+00 val=1.0000 2ch=1.000 2cl=0.000 87s
 step  415000 loss=0.00003 bce=0.00003 lap=0.00 lam=0.0e+00 val=1.0000 2ch=1.000 2cl=0.000 87s
 step  420000 loss=0.00004 bce=0.00004 lap=0.00 lam=0.0e+00 val=1.0000 2ch=1.000 2cl=0.000 87s
 step  425000 loss=0.00003 bce=0.00003 lap=0.00 lam=0.0e+00 val=1.0000 2ch=1.000 2cl=0.000 87s
 step  430000 loss=0.00004 bce=0.00004 lap=0.00 lam=0.0e+00 val=1.0000 2ch=1.000 2cl=0.000 87s
 step  435000 loss=0.00003 bce=0.00003 lap=0.00 lam=0.0e+00 val=1.0000 2ch=1.000 2cl=0.000 87s
 step  440000 loss=0.00003 bce=0.00003 lap=0.00 lam=0.0e+00 val=1.0000 2ch=1.000 2cl=0.000 87s
 step  445000 loss=0.00003 bce=0.00003 lap=0.00 lam=0.0e+00 val=1.0000 2ch=1.000 2cl=0.000 87s
 step  450000 loss=0.00003 bce=0.00003 lap=0.00 lam=0.0e+00 val=1.0000 2ch=1.000 2cl=0.000 87s
 step  455000 loss=0.00003 bce=0.00003 lap=0.00 lam=0.0e+00 val=1.0000 2ch=1.000 2cl=0.000 88s
 step  460000 loss=0.00003 bce=0.00003 lap=0.00 lam=0.0e+00 val=1.0000 2ch=1.000 2cl=0.000 87s
 step  465000 loss=0.00003 bce=0.00003 lap=0.00 lam=0.0e+00 val=1.0000 2ch=1.000 2cl=0.000 87s
 step  470000 loss=0.00003 bce=0.00003 lap=0.00 lam=0.0e+00 val=1.0000 2ch=1.000 2cl=0.000 87s
 step  475000 loss=0.00002 bce=0.00002 lap=0.00 lam=0.0e+00 val=1.0000 2ch=1.000 2cl=0.000 87s
 step  480000 loss=0.00002 bce=0.00002 lap=0.00 lam=0.0e+00 val=1.0000 2ch=1.000 2cl=0.000 87s
 step  485000 loss=0.00002 bce=0.00002 lap=0.00 lam=0.0e+00 val=1.0000 2ch=1.000 2cl=0.000 87s
 step  490000 loss=0.00002 bce=0.00002 lap=0.00 lam=0.0e+00 val=1.0000 2ch=1.000 2cl=0.000 88s
 step  495000 loss=0.00002 bce=0.00002 lap=0.00 lam=0.0e+00 val=1.0000 2ch=1.000 2cl=0.000 87s
 step  500000 loss=0.00002 bce=0.00002 lap=0.00 lam=0.0e+00 val=1.0000 2ch=1.000 2cl=0.000 87s
 step  505000 loss=0.00002 bce=0.00002 lap=0.00 lam=0.0e+00 val=1.0000 2ch=1.000 2cl=0.000 87s
 step  510000 loss=0.00002 bce=0.00002 lap=0.00 lam=0.0e+00 val=1.0000 2ch=1.000 2cl=0.000 86s
 step  515000 loss=0.00002 bce=0.00002 lap=0.00 lam=0.0e+00 val=1.0000 2ch=1.000 2cl=0.000 87s
 step  520000 loss=0.00002 bce=0.00002 lap=0.00 lam=0.0e+00 val=1.0000 2ch=1.000 2cl=0.000 87s
 step  525000 loss=0.00002 bce=0.00002 lap=0.00 lam=0.0e+00 val=1.0000 2ch=1.000 2cl=0.000 87s
 step  530000 loss=0.00002 bce=0.00002 lap=0.00 lam=0.0e+00 val=1.0000 2ch=1.000 2cl=0.000 87s
 step  535000 loss=0.00002 bce=0.00002 lap=0.00 lam=0.0e+00 val=1.0000 2ch=1.000 2cl=0.000 87s
 step  540000 loss=0.00001 bce=0.00001 lap=0.00 lam=0.0e+00 val=1.0000 2ch=1.000 2cl=0.000 87s
 step  545000 loss=0.00001 bce=0.00001 lap=0.00 lam=0.0e+00 val=1.0000 2ch=1.000 2cl=0.000 87s
 step  550000 loss=0.00002 bce=0.00002 lap=0.00 lam=0.0e+00 val=1.0000 2ch=1.000 2cl=0.000 87s
 step  555000 loss=0.00001 bce=0.00001 lap=0.00 lam=0.0e+00 val=1.0000 2ch=1.000 2cl=0.000 87s
 step  560000 loss=0.00002 bce=0.00002 lap=0.00 lam=0.0e+00 val=1.0000 2ch=1.000 2cl=0.000 87s
 step  565000 loss=0.00001 bce=0.00001 lap=0.00 lam=0.0e+00 val=1.0000 2ch=1.000 2cl=0.000 87s
 step  570000 loss=0.00001 bce=0.00001 lap=0.00 lam=0.0e+00 val=1.0000 2ch=1.000 2cl=0.000 87s
 step  575000 loss=0.00001 bce=0.00001 lap=0.00 lam=0.0e+00 val=1.0000 2ch=1.000 2cl=0.000 87s
 step  580000 loss=0.00001 bce=0.00001 lap=0.00 lam=0.0e+00 val=1.0000 2ch=1.000 2cl=0.000 87s
 step  585000 loss=0.00001 bce=0.00001 lap=0.00 lam=0.0e+00 val=1.0000 2ch=1.000 2cl=0.000 87s
 step  590000 loss=0.00001 bce=0.00001 lap=0.00 lam=0.0e+00 val=1.0000 2ch=1.000 2cl=0.000 87s
 step  595000 loss=0.00001 bce=0.00001 lap=0.00 lam=0.0e+00 val=1.0000 2ch=1.000 2cl=0.000 87s
 step  600000 loss=0.00001 bce=0.00001 lap=0.00 lam=0.0e+00 val=1.0000 2ch=1.000 2cl=0.000 87s
 step  605000 loss=0.00001 bce=0.00001 lap=0.00 lam=0.0e+00 val=1.0000 2ch=1.000 2cl=0.000 87s
 step  610000 loss=0.00001 bce=0.00001 lap=0.00 lam=0.0e+00 val=1.0000 2ch=1.000 2cl=0.000 87s
 step  615000 loss=0.00001 bce=0.00001 lap=0.00 lam=0.0e+00 val=1.0000 2ch=1.000 2cl=0.000 87s
 step  620000 loss=0.00001 bce=0.00001 lap=0.00 lam=0.0e+00 val=1.0000 2ch=1.000 2cl=0.000 87s
 step  625000 loss=0.00001 bce=0.00001 lap=0.00 lam=0.0e+00 val=1.0000 2ch=1.000 2cl=0.000 87s
 step  630000 loss=0.00001 bce=0.00001 lap=0.00 lam=0.0e+00 val=1.0000 2ch=1.000 2cl=0.000 87s
 step  635000 loss=0.00001 bce=0.00001 lap=0.00 lam=0.0e+00 val=1.0000 2ch=1.000 2cl=0.000 87s
 step  640000 loss=0.00001 bce=0.00001 lap=0.00 lam=0.0e+00 val=1.0000 2ch=1.000 2cl=0.000 87s
 step  645000 loss=0.00001 bce=0.00001 lap=0.00 lam=0.0e+00 val=1.0000 2ch=1.000 2cl=0.000 87s
 step  650000 loss=0.00001 bce=0.00001 lap=0.00 lam=0.0e+00 val=1.0000 2ch=1.000 2cl=0.000 87s
 step  655000 loss=0.00001 bce=0.00001 lap=0.00 lam=0.0e+00 val=1.0000 2ch=1.000 2cl=0.000 87s
 step  660000 loss=0.00001 bce=0.00001 lap=0.00 lam=0.0e+00 val=1.0000 2ch=1.000 2cl=0.000 87s
 step  665000 loss=0.00001 bce=0.00001 lap=0.00 lam=0.0e+00 val=1.0000 2ch=1.000 2cl=0.000 87s
 step  670000 loss=0.00001 bce=0.00001 lap=0.00 lam=0.0e+00 val=1.0000 2ch=1.000 2cl=0.000 87s
 step  675000 loss=0.00001 bce=0.00001 lap=0.00 lam=0.0e+00 val=1.0000 2ch=1.000 2cl=0.000 87s
 step  680000 loss=0.00000 bce=0.00000 lap=0.00 lam=0.0e+00 val=1.0000 2ch=1.000 2cl=0.000 87s
 step  685000 loss=0.00001 bce=0.00001 lap=0.00 lam=0.0e+00 val=1.0000 2ch=1.000 2cl=0.000 87s
 step  690000 loss=0.00000 bce=0.00000 lap=0.00 lam=0.0e+00 val=1.0000 2ch=1.000 2cl=0.000 87s
 step  695000 loss=0.00000 bce=0.00000 lap=0.00 lam=0.0e+00 val=1.0000 2ch=1.000 2cl=0.000 87s
 step  700000 loss=0.00000 bce=0.00000 lap=0.00 lam=0.0e+00 val=1.0000 2ch=1.000 2cl=0.000 87s
 step  705000 loss=0.00000 bce=0.00000 lap=0.00 lam=0.0e+00 val=1.0000 2ch=1.000 2cl=0.000 87s
 step  710000 loss=0.00000 bce=0.00000 lap=0.00 lam=0.0e+00 val=1.0000 2ch=1.000 2cl=0.000 87s
 step  715000 loss=0.00000 bce=0.00000 lap=0.00 lam=0.0e+00 val=1.0000 2ch=1.000 2cl=0.000 88s
 step  720000 loss=0.00000 bce=0.00000 lap=0.00 lam=0.0e+00 val=1.0000 2ch=1.000 2cl=0.000 87s
 step  725000 loss=0.00000 bce=0.00000 lap=0.00 lam=0.0e+00 val=1.0000 2ch=1.000 2cl=0.000 87s
 step  730000 loss=0.00000 bce=0.00000 lap=0.00 lam=0.0e+00 val=1.0000 2ch=1.000 2cl=0.000 87s
 step  735000 loss=0.00000 bce=0.00000 lap=0.00 lam=0.0e+00 val=1.0000 2ch=1.000 2cl=0.000 87s
 step  740000 loss=0.00000 bce=0.00000 lap=0.00 lam=0.0e+00 val=1.0000 2ch=1.000 2cl=0.000 87s
 step  745000 loss=0.00000 bce=0.00000 lap=0.00 lam=0.0e+00 val=1.0000 2ch=1.000 2cl=0.000 87s
 step  750000 loss=0.00000 bce=0.00000 lap=0.00 lam=0.0e+00 val=1.0000 2ch=1.000 2cl=0.000 87s
 step  755000 loss=0.00000 bce=0.00000 lap=0.00 lam=0.0e+00 val=1.0000 2ch=1.000 2cl=0.000 87s
 step  760000 loss=0.00000 bce=0.00000 lap=0.00 lam=0.0e+00 val=1.0000 2ch=1.000 2cl=0.000 87s
 step  765000 loss=0.00000 bce=0.00000 lap=0.00 lam=0.0e+00 val=1.0000 2ch=1.000 2cl=0.000 87s
 step  770000 loss=0.00000 bce=0.00000 lap=0.00 lam=0.0e+00 val=1.0000 2ch=1.000 2cl=0.000 87s
 step  775000 loss=0.00000 bce=0.00000 lap=0.00 lam=0.0e+00 val=1.0000 2ch=1.000 2cl=0.000 87s
 step  780000 loss=0.00000 bce=0.00000 lap=0.00 lam=0.0e+00 val=1.0000 2ch=1.000 2cl=0.000 87s
 step  785000 loss=0.00000 bce=0.00000 lap=0.00 lam=0.0e+00 val=1.0000 2ch=1.000 2cl=0.000 87s
 step  790000 loss=0.00000 bce=0.00000 lap=0.00 lam=0.0e+00 val=1.0000 2ch=1.000 2cl=0.000 87s
 step  795000 loss=0.00000 bce=0.00000 lap=0.00 lam=0.0e+00 val=1.0000 2ch=1.000 2cl=0.000 87s
 step  800000 loss=0.00000 bce=0.00000 lap=0.00 lam=0.0e+00 val=1.0000 2ch=1.000 2cl=0.000 88s
 step  805000 loss=0.00000 bce=0.00000 lap=0.00 lam=0.0e+00 val=1.0000 2ch=1.000 2cl=0.000 87s
 step  810000 loss=0.00000 bce=0.00000 lap=0.00 lam=0.0e+00 val=1.0000 2ch=1.000 2cl=0.000 87s
 step  815000 loss=0.00000 bce=0.00000 lap=0.00 lam=0.0e+00 val=1.0000 2ch=1.000 2cl=0.000 87s
 step  820000 loss=0.00000 bce=0.00000 lap=0.00 lam=0.0e+00 val=1.0000 2ch=1.000 2cl=0.000 87s
 step  825000 loss=0.00000 bce=0.00000 lap=0.00 lam=0.0e+00 val=1.0000 2ch=1.000 2cl=0.001 87s
 step  830000 loss=0.00000 bce=0.00000 lap=0.00 lam=0.0e+00 val=1.0000 2ch=1.000 2cl=0.000 87s
 step  835000 loss=0.00000 bce=0.00000 lap=0.00 lam=0.0e+00 val=1.0000 2ch=1.000 2cl=0.000 87s
 step  840000 loss=0.00000 bce=0.00000 lap=0.00 lam=0.0e+00 val=1.0000 2ch=1.000 2cl=0.000 88s
 step  845000 loss=0.00000 bce=0.00000 lap=0.00 lam=0.0e+00 val=1.0000 2ch=1.000 2cl=0.000 88s
 step  850000 loss=0.00000 bce=0.00000 lap=0.00 lam=0.0e+00 val=1.0000 2ch=1.000 2cl=0.000 87s
 step  855000 loss=0.00000 bce=0.00000 lap=0.00 lam=0.0e+00 val=1.0000 2ch=1.000 2cl=0.000 87s
 step  860000 loss=0.00000 bce=0.00000 lap=0.00 lam=0.0e+00 val=1.0000 2ch=1.000 2cl=0.000 87s
 step  865000 loss=0.00000 bce=0.00000 lap=0.00 lam=0.0e+00 val=1.0000 2ch=1.000 2cl=0.000 87s
 step  870000 loss=0.00000 bce=0.00000 lap=0.00 lam=0.0e+00 val=1.0000 2ch=1.000 2cl=0.000 87s
 step  875000 loss=0.00000 bce=0.00000 lap=0.00 lam=0.0e+00 val=1.0000 2ch=1.000 2cl=0.000 87s
 step  880000 loss=0.00000 bce=0.00000 lap=0.00 lam=0.0e+00 val=1.0000 2ch=1.000 2cl=0.000 88s
 step  885000 loss=0.00000 bce=0.00000 lap=0.00 lam=0.0e+00 val=1.0000 2ch=1.000 2cl=0.000 87s
 step  890000 loss=0.00000 bce=0.00000 lap=0.00 lam=0.0e+00 val=1.0000 2ch=1.000 2cl=0.000 87s
 step  895000 loss=0.00000 bce=0.00000 lap=0.00 lam=0.0e+00 val=1.0000 2ch=1.000 2cl=0.000 88s
 step  900000 loss=0.00000 bce=0.00000 lap=0.00 lam=0.0e+00 val=1.0000 2ch=1.000 2cl=0.000 87s
 step  905000 loss=0.00000 bce=0.00000 lap=0.00 lam=0.0e+00 val=1.0000 2ch=1.000 2cl=0.000 87s
 step  910000 loss=0.00000 bce=0.00000 lap=0.00 lam=0.0e+00 val=1.0000 2ch=1.000 2cl=0.000 87s
 step  915000 loss=0.00000 bce=0.00000 lap=0.00 lam=0.0e+00 val=1.0000 2ch=1.000 2cl=0.000 88s
 step  920000 loss=0.00000 bce=0.00000 lap=0.00 lam=0.0e+00 val=1.0000 2ch=1.000 2cl=0.000 87s
 step  925000 loss=0.00000 bce=0.00000 lap=0.00 lam=0.0e+00 val=1.0000 2ch=1.000 2cl=0.000 87s
 step  930000 loss=0.00000 bce=0.00000 lap=0.00 lam=0.0e+00 val=1.0000 2ch=1.000 2cl=0.000 87s
 step  935000 loss=0.00000 bce=0.00000 lap=0.00 lam=0.0e+00 val=1.0000 2ch=1.000 2cl=0.000 87s
 step  940000 loss=0.00000 bce=0.00000 lap=0.00 lam=0.0e+00 val=1.0000 2ch=1.000 2cl=0.000 87s
 step  945000 loss=0.00000 bce=0.00000 lap=0.00 lam=0.0e+00 val=1.0000 2ch=1.000 2cl=0.000 87s
 step  950000 loss=0.00000 bce=0.00000 lap=0.00 lam=0.0e+00 val=1.0000 2ch=1.000 2cl=0.000 87s
 step  955000 loss=0.00000 bce=0.00000 lap=0.00 lam=0.0e+00 val=1.0000 2ch=1.000 2cl=0.000 87s
 step  960000 loss=0.00000 bce=0.00000 lap=0.00 lam=0.0e+00 val=1.0000 2ch=1.000 2cl=0.000 88s
 step  965000 loss=0.00000 bce=0.00000 lap=0.00 lam=0.0e+00 val=1.0000 2ch=1.000 2cl=0.000 87s
 step  970000 loss=0.00000 bce=0.00000 lap=0.00 lam=0.0e+00 val=1.0000 2ch=1.000 2cl=0.000 88s
 step  975000 loss=0.00000 bce=0.00000 lap=0.00 lam=0.0e+00 val=1.0000 2ch=1.000 2cl=0.000 88s
 step  980000 loss=0.00000 bce=0.00000 lap=0.00 lam=0.0e+00 val=1.0000 2ch=1.000 2cl=0.000 87s
 step  985000 loss=0.00000 bce=0.00000 lap=0.00 lam=0.0e+00 val=1.0000 2ch=1.000 2cl=0.000 88s
 step  990000 loss=0.00000 bce=0.00000 lap=0.00 lam=0.0e+00 val=1.0000 2ch=1.000 2cl=0.000 87s
 step  995000 loss=0.00000 bce=0.00000 lap=0.00 lam=0.0e+00 val=1.0000 2ch=1.000 2cl=0.000 87s
 step 1000000 loss=0.00000 bce=0.00000 lap=0.00 lam=0.0e+00 val=1.0000 2ch=1.000 2cl=0.000 87s
done. best in-dist exact=1.0000  -> runs/report9/n46_train/n46_split_chains_roberta_similarity_lam0_L3_seed2000
== eval_asym_chains.py (own family, quick behavioural sweep) ==
checkpoint=runs/report9/n46_train/n46_split_chains_roberta_similarity_lam0_L3_seed2000/last.pt
  arch=roberta readout=similarity n=46 device=cuda
  split=( 1,45) exact=1.000 reach_long=1.000 cut=1.000 longblock=1.000
  split=( 2,44) exact=1.000 reach_long=1.000 cut=1.000 longblock=1.000
  split=( 3,43) exact=1.000 reach_long=1.000 cut=1.000 longblock=1.000
  split=( 4,42) exact=1.000 reach_long=1.000 cut=1.000 longblock=1.000
  split=( 5,41) exact=1.000 reach_long=1.000 cut=1.000 longblock=1.000
  split=( 6,40) exact=1.000 reach_long=1.000 cut=1.000 longblock=1.000
  split=( 7,39) exact=1.000 reach_long=1.000 cut=1.000 longblock=1.000
  split=( 8,38) exact=1.000 reach_long=1.000 cut=1.000 longblock=1.000
  split=( 9,37) exact=1.000 reach_long=1.000 cut=1.000 longblock=1.000
  split=(10,36) exact=1.000 reach_long=1.000 cut=1.000 longblock=1.000
  split=(11,35) exact=1.000 reach_long=1.000 cut=1.000 longblock=1.000
  split=(12,34) exact=1.000 reach_long=1.000 cut=1.000 longblock=1.000
  split=(13,33) exact=1.000 reach_long=1.000 cut=1.000 longblock=1.000
  split=(14,32) exact=1.000 reach_long=1.000 cut=1.000 longblock=1.000
  split=(15,31) exact=1.000 reach_long=1.000 cut=1.000 longblock=1.000
  split=(16,30) exact=1.000 reach_long=1.000 cut=1.000 longblock=1.000
  split=(17,29) exact=1.000 reach_long=1.000 cut=1.000 longblock=1.000
  split=(18,28) exact=1.000 reach_long=1.000 cut=1.000 longblock=1.000
  split=(19,27) exact=1.000 reach_long=1.000 cut=1.000 longblock=1.000
  split=(20,26) exact=1.000 reach_long=1.000 cut=1.000 longblock=1.000
  split=(21,25) exact=1.000 reach_long=1.000 cut=1.000 longblock=1.000
  split=(22,24) exact=1.000 reach_long=1.000 cut=1.000 longblock=1.000
  split=(23,23) exact=1.000 reach_long=1.000 cut=1.000 longblock=1.000
  saved -> runs/report9/asym_chains_n46/n46_splitchains_L3_seed2000/asym_chains.json
== mechanistic_asym_chains.py (own family: sweep+logit -> Table 1/Figure 1) ==
checkpoint=runs/report9/n46_train/n46_split_chains_roberta_similarity_lam0_L3_seed2000/last.pt
  arch=roberta readout=similarity n=46 device=cuda
  [selftest] run_with_cache matches model.forward_and_embeddings exactly
  [selftest] exact_contribution matches brute-force double loop (max diff 1.19e-07)

== behavioural sweep (random relabelling, the primary condition) ==
  a= 1 exact=1.000 reach_long=1.000 reach_short=nan cut=1.000 mode=random
  a= 2 exact=1.000 reach_long=1.000 reach_short=1.000 cut=1.000 mode=random
  a= 3 exact=1.000 reach_long=1.000 reach_short=1.000 cut=1.000 mode=random
  a= 4 exact=1.000 reach_long=1.000 reach_short=1.000 cut=1.000 mode=random
  a= 5 exact=1.000 reach_long=1.000 reach_short=1.000 cut=1.000 mode=random
  a= 6 exact=1.000 reach_long=1.000 reach_short=1.000 cut=1.000 mode=random
  a= 7 exact=1.000 reach_long=1.000 reach_short=1.000 cut=1.000 mode=random
  a= 8 exact=1.000 reach_long=1.000 reach_short=1.000 cut=1.000 mode=random
  a= 9 exact=1.000 reach_long=1.000 reach_short=1.000 cut=1.000 mode=random
  a=10 exact=1.000 reach_long=1.000 reach_short=1.000 cut=1.000 mode=random
  a=11 exact=1.000 reach_long=1.000 reach_short=1.000 cut=1.000 mode=random
  a=12 exact=1.000 reach_long=1.000 reach_short=1.000 cut=1.000 mode=random
  a=13 exact=1.000 reach_long=1.000 reach_short=1.000 cut=1.000 mode=random
  a=14 exact=1.000 reach_long=1.000 reach_short=1.000 cut=1.000 mode=random
  a=15 exact=1.000 reach_long=1.000 reach_short=1.000 cut=1.000 mode=random
  a=16 exact=1.000 reach_long=1.000 reach_short=1.000 cut=1.000 mode=random
  a=17 exact=1.000 reach_long=1.000 reach_short=1.000 cut=1.000 mode=random
  a=18 exact=1.000 reach_long=1.000 reach_short=1.000 cut=1.000 mode=random
  a=19 exact=1.000 reach_long=1.000 reach_short=1.000 cut=1.000 mode=random
  a=20 exact=1.000 reach_long=1.000 reach_short=1.000 cut=1.000 mode=random
  a=21 exact=1.000 reach_long=1.000 reach_short=1.000 cut=1.000 mode=random
  a=22 exact=1.000 reach_long=1.000 reach_short=1.000 cut=1.000 mode=random
  a=23 exact=1.000 reach_long=1.000 reach_short=1.000 cut=1.000 mode=random

== fixed-label comparison (identity permutation, confirmatory only) ==
  a= 1 exact=1.000 reach_long=1.000 reach_short=nan cut=1.000 mode=fixed
  a= 4 exact=1.000 reach_long=1.000 reach_short=1.000 cut=1.000 mode=fixed
  a= 7 exact=1.000 reach_long=1.000 reach_short=1.000 cut=1.000 mode=fixed
  a= 8 exact=1.000 reach_long=1.000 reach_short=1.000 cut=1.000 mode=fixed
  a=10 exact=1.000 reach_long=1.000 reach_short=1.000 cut=1.000 mode=fixed
  a=17 exact=1.000 reach_long=1.000 reach_short=1.000 cut=1.000 mode=fixed
  a=23 exact=1.000 reach_long=1.000 reach_short=1.000 cut=1.000 mode=fixed
  saved -> runs/report9/mechanistic/n46_splitchains_L3_seed2000/metrics.csv

== readout decomposition cos(h_i,h_j) (similarity read-out) ==
  readout(similarity) a= 1 done
  readout(similarity) a= 2 done
  readout(similarity) a= 3 done
  readout(similarity) a= 4 done
  readout(similarity) a= 5 done
  readout(similarity) a= 6 done
  readout(similarity) a= 7 done
  readout(similarity) a= 8 done
  readout(similarity) a= 9 done
  readout(similarity) a=10 done
  readout(similarity) a=11 done
  readout(similarity) a=12 done
  readout(similarity) a=13 done
  readout(similarity) a=14 done
  readout(similarity) a=15 done
  readout(similarity) a=16 done
  readout(similarity) a=17 done
  readout(similarity) a=18 done
  readout(similarity) a=19 done
  readout(similarity) a=20 done
  readout(similarity) a=21 done
  readout(similarity) a=22 done
  readout(similarity) a=23 done
  saved -> runs/report9/mechanistic/n46_splitchains_L3_seed2000/readout.csv

== W_in geometry (similarity read-out has no W_out) ==
  saved -> runs/report9/mechanistic/n46_splitchains_L3_seed2000/weights_summary.json

== attention probe (representative splits) ==
  attention a= 4 done (row_mass1 mean=0.569, exact-contribution over 8 graphs)
  attention a=23 done (row_mass1 mean=0.557, exact-contribution over 8 graphs)
  saved -> runs/report9/mechanistic/n46_splitchains_L3_seed2000/attn_cache.npz (12 arrays)
== mechanistic_heatmaps.py (own family: attention scores, all 3 layers) ==
checkpoint=runs/report9/n46_train/n46_split_chains_roberta_similarity_lam0_L3_seed2000/last.pt
  arch=roberta readout=similarity n=46 device=cuda
== attention/Q/K/V heatmap probe ==
  heatmap probe a= 4 done
  heatmap probe a=23 done
  saved -> runs/report9/heatmaps/n46_splitchains_L3_seed2000/heatmap_data.npz
== raw weight matrices ==
  saved -> runs/report9/heatmaps/n46_splitchains_L3_seed2000/raw_weights.npz
== mechanistic_asym_chains.py (OOD test: sweep+logit, topology=cycle) ==
checkpoint=runs/report9/n46_train/n46_split_chains_roberta_similarity_lam0_L3_seed2000/last.pt
  arch=roberta readout=similarity n=46 device=cuda
  [selftest] run_with_cache matches model.forward_and_embeddings exactly
  [selftest] exact_contribution matches brute-force double loop (max diff 1.19e-07)

== behavioural sweep (random relabelling, the primary condition) ==
  a= 3 exact=0.000 reach_long=1.000 reach_short=1.000 cut=0.000 mode=random
  a= 4 exact=0.000 reach_long=1.000 reach_short=1.000 cut=0.000 mode=random
  a= 5 exact=0.000 reach_long=1.000 reach_short=1.000 cut=0.000 mode=random
  a= 6 exact=0.000 reach_long=1.000 reach_short=1.000 cut=0.000 mode=random
  a= 7 exact=0.000 reach_long=1.000 reach_short=1.000 cut=0.000 mode=random
  a= 8 exact=0.000 reach_long=1.000 reach_short=1.000 cut=0.000 mode=random
  a= 9 exact=0.000 reach_long=1.000 reach_short=1.000 cut=0.000 mode=random
  a=10 exact=0.000 reach_long=1.000 reach_short=1.000 cut=0.000 mode=random
  a=11 exact=0.000 reach_long=1.000 reach_short=1.000 cut=0.000 mode=random
  a=12 exact=0.000 reach_long=1.000 reach_short=1.000 cut=0.000 mode=random
  a=13 exact=0.000 reach_long=1.000 reach_short=1.000 cut=0.000 mode=random
  a=14 exact=0.000 reach_long=1.000 reach_short=1.000 cut=0.000 mode=random
  a=15 exact=0.000 reach_long=1.000 reach_short=1.000 cut=0.000 mode=random
  a=16 exact=0.000 reach_long=1.000 reach_short=1.000 cut=0.000 mode=random
  a=17 exact=0.000 reach_long=1.000 reach_short=1.000 cut=0.000 mode=random
  a=18 exact=0.000 reach_long=1.000 reach_short=1.000 cut=0.000 mode=random
  a=19 exact=0.000 reach_long=1.000 reach_short=1.000 cut=0.000 mode=random
  a=20 exact=0.000 reach_long=1.000 reach_short=1.000 cut=0.000 mode=random
  a=21 exact=0.000 reach_long=1.000 reach_short=1.000 cut=0.000 mode=random
  a=22 exact=0.000 reach_long=1.000 reach_short=1.000 cut=0.000 mode=random
  a=23 exact=0.000 reach_long=1.000 reach_short=1.000 cut=0.000 mode=random

== fixed-label comparison (identity permutation, confirmatory only) ==
  a= 4 exact=0.000 reach_long=1.000 reach_short=1.000 cut=0.000 mode=fixed
  a= 7 exact=0.000 reach_long=1.000 reach_short=1.000 cut=0.000 mode=fixed
  a= 8 exact=0.000 reach_long=1.000 reach_short=1.000 cut=0.000 mode=fixed
  a=10 exact=0.000 reach_long=1.000 reach_short=1.000 cut=0.000 mode=fixed
  a=17 exact=0.000 reach_long=1.000 reach_short=1.000 cut=0.000 mode=fixed
  a=23 exact=0.000 reach_long=1.000 reach_short=1.000 cut=0.000 mode=fixed
  saved -> runs/report9/mechanistic/n46_splitchains_L3_seed2000_oodcycle/metrics.csv

== readout decomposition cos(h_i,h_j) (similarity read-out) ==
  readout(similarity) a= 3 done
  readout(similarity) a= 4 done
  readout(similarity) a= 5 done
  readout(similarity) a= 6 done
  readout(similarity) a= 7 done
  readout(similarity) a= 8 done
  readout(similarity) a= 9 done
  readout(similarity) a=10 done
  readout(similarity) a=11 done
  readout(similarity) a=12 done
  readout(similarity) a=13 done
  readout(similarity) a=14 done
  readout(similarity) a=15 done
  readout(similarity) a=16 done
  readout(similarity) a=17 done
  readout(similarity) a=18 done
  readout(similarity) a=19 done
  readout(similarity) a=20 done
  readout(similarity) a=21 done
  readout(similarity) a=22 done
  readout(similarity) a=23 done
  saved -> runs/report9/mechanistic/n46_splitchains_L3_seed2000_oodcycle/readout.csv

== W_in geometry (similarity read-out has no W_out) ==
  saved -> runs/report9/mechanistic/n46_splitchains_L3_seed2000_oodcycle/weights_summary.json

== attention probe (representative splits) ==
  attention a= 4 done (row_mass1 mean=0.592, exact-contribution over 8 graphs)
  attention a=23 done (row_mass1 mean=0.639, exact-contribution over 8 graphs)
  saved -> runs/report9/mechanistic/n46_splitchains_L3_seed2000_oodcycle/attn_cache.npz (12 arrays)
== mechanistic_heatmaps.py (OOD test: attention scores, topology=cycle) ==
checkpoint=runs/report9/n46_train/n46_split_chains_roberta_similarity_lam0_L3_seed2000/last.pt
  arch=roberta readout=similarity n=46 device=cuda
== attention/Q/K/V heatmap probe ==
  heatmap probe a= 4 done
  heatmap probe a=23 done
  saved -> runs/report9/heatmaps/n46_splitchains_L3_seed2000_oodcycle/heatmap_data.npz
== raw weight matrices ==
  saved -> runs/report9/heatmaps/n46_splitchains_L3_seed2000_oodcycle/raw_weights.npz
done: n46_splitchains_L3_seed2000
