== n46_path_union_roberta_similarity_lam0_seed1000 ==
 device=cuda arch=roberta readout=similarity lambda=0.0 params=6,329,858
 step    5000 loss=0.49044 bce=0.49044 lap=0.00 lam=0.0e+00 val=0.2752 2ch=0.000 2cl=0.000 65s
 step   10000 loss=0.33431 bce=0.33431 lap=0.00 lam=0.0e+00 val=0.2860 2ch=0.000 2cl=0.000 63s
 step   15000 loss=0.29847 bce=0.29847 lap=0.00 lam=0.0e+00 val=0.2860 2ch=0.000 2cl=0.000 63s
 step   20000 loss=0.28158 bce=0.28158 lap=0.00 lam=0.0e+00 val=0.2996 2ch=0.000 2cl=0.000 63s
 step   25000 loss=0.26387 bce=0.26387 lap=0.00 lam=0.0e+00 val=0.3078 2ch=0.000 2cl=0.000 63s
 step   30000 loss=0.24610 bce=0.24610 lap=0.00 lam=0.0e+00 val=0.3150 2ch=0.000 2cl=0.000 63s
 step   35000 loss=0.22982 bce=0.22982 lap=0.00 lam=0.0e+00 val=0.3208 2ch=0.000 2cl=0.000 63s
 step   40000 loss=0.21266 bce=0.21266 lap=0.00 lam=0.0e+00 val=0.3608 2ch=0.000 2cl=0.000 63s
 step   45000 loss=0.19802 bce=0.19802 lap=0.00 lam=0.0e+00 val=0.3606 2ch=0.000 2cl=0.000 63s
 step   50000 loss=0.18697 bce=0.18697 lap=0.00 lam=0.0e+00 val=0.3732 2ch=0.000 2cl=0.000 63s
 step   55000 loss=0.17822 bce=0.17822 lap=0.00 lam=0.0e+00 val=0.3798 2ch=0.000 2cl=0.000 63s
 step   60000 loss=0.17090 bce=0.17090 lap=0.00 lam=0.0e+00 val=0.4028 2ch=0.000 2cl=0.000 63s
 step   65000 loss=0.16477 bce=0.16477 lap=0.00 lam=0.0e+00 val=0.4276 2ch=0.000 2cl=0.000 63s
 step   70000 loss=0.15935 bce=0.15935 lap=0.00 lam=0.0e+00 val=0.4596 2ch=0.000 2cl=0.000 63s
 step   75000 loss=0.15491 bce=0.15491 lap=0.00 lam=0.0e+00 val=0.4604 2ch=0.000 2cl=0.000 63s
 step   80000 loss=0.15078 bce=0.15078 lap=0.00 lam=0.0e+00 val=0.4518 2ch=0.000 2cl=0.000 64s
 step   85000 loss=0.14681 bce=0.14681 lap=0.00 lam=0.0e+00 val=0.4576 2ch=0.000 2cl=0.000 65s
 step   90000 loss=0.14314 bce=0.14314 lap=0.00 lam=0.0e+00 val=0.4738 2ch=0.000 2cl=0.000 64s
 step   95000 loss=0.13991 bce=0.13991 lap=0.00 lam=0.0e+00 val=0.4826 2ch=0.000 2cl=0.000 65s
 step  100000 loss=0.13715 bce=0.13715 lap=0.00 lam=0.0e+00 val=0.5004 2ch=0.000 2cl=0.000 65s
 step  105000 loss=0.13448 bce=0.13448 lap=0.00 lam=0.0e+00 val=0.4946 2ch=0.000 2cl=0.000 65s
 step  110000 loss=0.13193 bce=0.13193 lap=0.00 lam=0.0e+00 val=0.4980 2ch=0.000 2cl=0.000 65s
 step  115000 loss=0.12989 bce=0.12989 lap=0.00 lam=0.0e+00 val=0.5300 2ch=0.000 2cl=0.000 66s
 step  120000 loss=0.12773 bce=0.12773 lap=0.00 lam=0.0e+00 val=0.4994 2ch=0.000 2cl=0.000 65s
 step  125000 loss=0.12580 bce=0.12580 lap=0.00 lam=0.0e+00 val=0.5250 2ch=0.000 2cl=0.000 65s
 step  130000 loss=0.12414 bce=0.12414 lap=0.00 lam=0.0e+00 val=0.5152 2ch=0.000 2cl=0.000 65s
 step  135000 loss=0.12232 bce=0.12232 lap=0.00 lam=0.0e+00 val=0.5370 2ch=0.000 2cl=0.000 66s
 step  140000 loss=0.12085 bce=0.12085 lap=0.00 lam=0.0e+00 val=0.5304 2ch=0.000 2cl=0.000 64s
 step  145000 loss=0.11936 bce=0.11936 lap=0.00 lam=0.0e+00 val=0.5314 2ch=0.000 2cl=0.000 65s
 step  150000 loss=0.11791 bce=0.11791 lap=0.00 lam=0.0e+00 val=0.5418 2ch=0.000 2cl=0.000 65s
 step  155000 loss=0.11668 bce=0.11668 lap=0.00 lam=0.0e+00 val=0.5508 2ch=0.000 2cl=0.000 66s
 step  160000 loss=0.11537 bce=0.11537 lap=0.00 lam=0.0e+00 val=0.5382 2ch=0.000 2cl=0.000 64s
 step  165000 loss=0.11412 bce=0.11412 lap=0.00 lam=0.0e+00 val=0.5432 2ch=0.000 2cl=0.000 65s
 step  170000 loss=0.11295 bce=0.11295 lap=0.00 lam=0.0e+00 val=0.5498 2ch=0.000 2cl=0.000 64s
 step  175000 loss=0.11210 bce=0.11210 lap=0.00 lam=0.0e+00 val=0.5586 2ch=0.000 2cl=0.000 64s
 step  180000 loss=0.11091 bce=0.11091 lap=0.00 lam=0.0e+00 val=0.5400 2ch=0.000 2cl=0.000 65s
 step  185000 loss=0.10991 bce=0.10991 lap=0.00 lam=0.0e+00 val=0.5566 2ch=0.000 2cl=0.000 65s
 step  190000 loss=0.10891 bce=0.10891 lap=0.00 lam=0.0e+00 val=0.5418 2ch=0.000 2cl=0.000 65s
 step  195000 loss=0.10799 bce=0.10799 lap=0.00 lam=0.0e+00 val=0.5614 2ch=0.000 2cl=0.000 64s
 step  200000 loss=0.10700 bce=0.10700 lap=0.00 lam=0.0e+00 val=0.5676 2ch=0.000 2cl=0.000 65s
 step  205000 loss=0.10619 bce=0.10619 lap=0.00 lam=0.0e+00 val=0.5582 2ch=0.000 2cl=0.000 66s
 step  210000 loss=0.10535 bce=0.10535 lap=0.00 lam=0.0e+00 val=0.5598 2ch=0.000 2cl=0.000 65s
 step  215000 loss=0.10448 bce=0.10448 lap=0.00 lam=0.0e+00 val=0.5662 2ch=0.000 2cl=0.000 65s
 step  220000 loss=0.10364 bce=0.10364 lap=0.00 lam=0.0e+00 val=0.5788 2ch=0.000 2cl=0.000 65s
 step  225000 loss=0.10294 bce=0.10294 lap=0.00 lam=0.0e+00 val=0.5802 2ch=0.000 2cl=0.000 65s
 step  230000 loss=0.10214 bce=0.10214 lap=0.00 lam=0.0e+00 val=0.5752 2ch=0.000 2cl=0.000 66s
 step  235000 loss=0.10137 bce=0.10137 lap=0.00 lam=0.0e+00 val=0.5770 2ch=0.000 2cl=0.000 65s
 step  240000 loss=0.10072 bce=0.10072 lap=0.00 lam=0.0e+00 val=0.5820 2ch=0.000 2cl=0.000 65s
 step  245000 loss=0.10000 bce=0.10000 lap=0.00 lam=0.0e+00 val=0.5844 2ch=0.000 2cl=0.000 65s
 step  250000 loss=0.09925 bce=0.09925 lap=0.00 lam=0.0e+00 val=0.5768 2ch=0.000 2cl=0.000 65s
 step  255000 loss=0.09863 bce=0.09863 lap=0.00 lam=0.0e+00 val=0.5856 2ch=0.000 2cl=0.000 65s
 step  260000 loss=0.09807 bce=0.09807 lap=0.00 lam=0.0e+00 val=0.5834 2ch=0.000 2cl=0.000 65s
 step  265000 loss=0.09743 bce=0.09743 lap=0.00 lam=0.0e+00 val=0.5780 2ch=0.000 2cl=0.000 65s
 step  270000 loss=0.09680 bce=0.09680 lap=0.00 lam=0.0e+00 val=0.5856 2ch=0.000 2cl=0.000 65s
 step  275000 loss=0.09622 bce=0.09622 lap=0.00 lam=0.0e+00 val=0.5790 2ch=0.000 2cl=0.000 65s
 step  280000 loss=0.09563 bce=0.09563 lap=0.00 lam=0.0e+00 val=0.5838 2ch=0.000 2cl=0.000 65s
 step  285000 loss=0.09511 bce=0.09511 lap=0.00 lam=0.0e+00 val=0.5834 2ch=0.000 2cl=0.000 65s
 step  290000 loss=0.09454 bce=0.09454 lap=0.00 lam=0.0e+00 val=0.5880 2ch=0.000 2cl=0.000 66s
 step  295000 loss=0.09405 bce=0.09405 lap=0.00 lam=0.0e+00 val=0.5898 2ch=0.000 2cl=0.000 65s
 step  300000 loss=0.09355 bce=0.09355 lap=0.00 lam=0.0e+00 val=0.5942 2ch=0.000 2cl=0.000 63s
 step  305000 loss=0.09296 bce=0.09296 lap=0.00 lam=0.0e+00 val=0.5948 2ch=0.000 2cl=0.000 65s
 step  310000 loss=0.09266 bce=0.09266 lap=0.00 lam=0.0e+00 val=0.5956 2ch=0.000 2cl=0.000 66s
 step  315000 loss=0.09214 bce=0.09214 lap=0.00 lam=0.0e+00 val=0.5930 2ch=0.000 2cl=0.000 65s
 step  320000 loss=0.09171 bce=0.09171 lap=0.00 lam=0.0e+00 val=0.5952 2ch=0.000 2cl=0.000 65s
 step  325000 loss=0.09124 bce=0.09124 lap=0.00 lam=0.0e+00 val=0.5988 2ch=0.000 2cl=0.000 65s
 step  330000 loss=0.09089 bce=0.09089 lap=0.00 lam=0.0e+00 val=0.5854 2ch=0.000 2cl=0.000 64s
 step  335000 loss=0.09049 bce=0.09049 lap=0.00 lam=0.0e+00 val=0.6006 2ch=0.000 2cl=0.000 65s
 step  340000 loss=0.09017 bce=0.09017 lap=0.00 lam=0.0e+00 val=0.5920 2ch=0.000 2cl=0.000 65s
 step  345000 loss=0.08983 bce=0.08983 lap=0.00 lam=0.0e+00 val=0.5974 2ch=0.000 2cl=0.000 65s
 step  350000 loss=0.08948 bce=0.08948 lap=0.00 lam=0.0e+00 val=0.5932 2ch=0.000 2cl=0.000 65s
 step  355000 loss=0.08912 bce=0.08912 lap=0.00 lam=0.0e+00 val=0.5948 2ch=0.000 2cl=0.000 65s
 step  360000 loss=0.08887 bce=0.08887 lap=0.00 lam=0.0e+00 val=0.5996 2ch=0.000 2cl=0.000 65s
 step  365000 loss=0.08849 bce=0.08849 lap=0.00 lam=0.0e+00 val=0.5878 2ch=0.000 2cl=0.000 65s
 step  370000 loss=0.08814 bce=0.08814 lap=0.00 lam=0.0e+00 val=0.5916 2ch=0.000 2cl=0.000 66s
 step  375000 loss=0.08791 bce=0.08791 lap=0.00 lam=0.0e+00 val=0.5940 2ch=0.000 2cl=0.000 65s
 step  380000 loss=0.08754 bce=0.08754 lap=0.00 lam=0.0e+00 val=0.5958 2ch=0.000 2cl=0.000 65s
 step  385000 loss=0.08733 bce=0.08733 lap=0.00 lam=0.0e+00 val=0.5972 2ch=0.000 2cl=0.000 66s
 step  390000 loss=0.08700 bce=0.08700 lap=0.00 lam=0.0e+00 val=0.6038 2ch=0.000 2cl=0.000 65s
 step  395000 loss=0.08677 bce=0.08677 lap=0.00 lam=0.0e+00 val=0.6080 2ch=0.000 2cl=0.000 65s
 step  400000 loss=0.08649 bce=0.08649 lap=0.00 lam=0.0e+00 val=0.5982 2ch=0.000 2cl=0.000 66s
 step  405000 loss=0.08628 bce=0.08628 lap=0.00 lam=0.0e+00 val=0.6006 2ch=0.000 2cl=0.000 66s
 step  410000 loss=0.08597 bce=0.08597 lap=0.00 lam=0.0e+00 val=0.5896 2ch=0.000 2cl=0.000 66s
 step  415000 loss=0.08581 bce=0.08581 lap=0.00 lam=0.0e+00 val=0.6040 2ch=0.000 2cl=0.000 65s
 step  420000 loss=0.08560 bce=0.08560 lap=0.00 lam=0.0e+00 val=0.5924 2ch=0.000 2cl=0.000 65s
 step  425000 loss=0.08531 bce=0.08531 lap=0.00 lam=0.0e+00 val=0.6088 2ch=0.000 2cl=0.000 65s
 step  430000 loss=0.08502 bce=0.08502 lap=0.00 lam=0.0e+00 val=0.6232 2ch=0.000 2cl=0.000 65s
 step  435000 loss=0.08482 bce=0.08482 lap=0.00 lam=0.0e+00 val=0.6030 2ch=0.000 2cl=0.000 65s
 step  440000 loss=0.08457 bce=0.08457 lap=0.00 lam=0.0e+00 val=0.6122 2ch=0.000 2cl=0.000 64s
 step  445000 loss=0.08441 bce=0.08441 lap=0.00 lam=0.0e+00 val=0.6178 2ch=0.000 2cl=0.000 65s
 step  450000 loss=0.08423 bce=0.08423 lap=0.00 lam=0.0e+00 val=0.6024 2ch=0.000 2cl=0.000 65s
 step  455000 loss=0.08410 bce=0.08410 lap=0.00 lam=0.0e+00 val=0.6090 2ch=0.000 2cl=0.000 65s
 step  460000 loss=0.08380 bce=0.08380 lap=0.00 lam=0.0e+00 val=0.5978 2ch=0.000 2cl=0.000 66s
 step  465000 loss=0.08367 bce=0.08367 lap=0.00 lam=0.0e+00 val=0.6166 2ch=0.000 2cl=0.000 66s
 step  470000 loss=0.08346 bce=0.08346 lap=0.00 lam=0.0e+00 val=0.6076 2ch=0.000 2cl=0.000 66s
 step  475000 loss=0.08329 bce=0.08329 lap=0.00 lam=0.0e+00 val=0.6044 2ch=0.000 2cl=0.000 65s
 step  480000 loss=0.08310 bce=0.08310 lap=0.00 lam=0.0e+00 val=0.6160 2ch=0.000 2cl=0.000 66s
 step  485000 loss=0.08275 bce=0.08275 lap=0.00 lam=0.0e+00 val=0.6040 2ch=0.000 2cl=0.000 65s
 step  490000 loss=0.08272 bce=0.08272 lap=0.00 lam=0.0e+00 val=0.6010 2ch=0.000 2cl=0.000 65s
 step  495000 loss=0.08256 bce=0.08256 lap=0.00 lam=0.0e+00 val=0.6132 2ch=0.000 2cl=0.000 66s
 step  500000 loss=0.08232 bce=0.08232 lap=0.00 lam=0.0e+00 val=0.6048 2ch=0.000 2cl=0.000 65s
 step  505000 loss=0.08223 bce=0.08223 lap=0.00 lam=0.0e+00 val=0.6106 2ch=0.000 2cl=0.000 65s
 step  510000 loss=0.08202 bce=0.08202 lap=0.00 lam=0.0e+00 val=0.6110 2ch=0.000 2cl=0.000 66s
 step  515000 loss=0.08186 bce=0.08186 lap=0.00 lam=0.0e+00 val=0.6042 2ch=0.000 2cl=0.000 65s
 step  520000 loss=0.08180 bce=0.08180 lap=0.00 lam=0.0e+00 val=0.6078 2ch=0.000 2cl=0.000 65s
 step  525000 loss=0.08156 bce=0.08156 lap=0.00 lam=0.0e+00 val=0.6030 2ch=0.000 2cl=0.000 65s
 step  530000 loss=0.08143 bce=0.08143 lap=0.00 lam=0.0e+00 val=0.6118 2ch=0.000 2cl=0.000 64s
 step  535000 loss=0.08121 bce=0.08121 lap=0.00 lam=0.0e+00 val=0.6166 2ch=0.000 2cl=0.000 63s
 step  540000 loss=0.08105 bce=0.08105 lap=0.00 lam=0.0e+00 val=0.6180 2ch=0.000 2cl=0.000 63s
 step  545000 loss=0.08097 bce=0.08097 lap=0.00 lam=0.0e+00 val=0.6192 2ch=0.000 2cl=0.000 64s
 step  550000 loss=0.08081 bce=0.08081 lap=0.00 lam=0.0e+00 val=0.6222 2ch=0.000 2cl=0.000 64s
 step  555000 loss=0.08077 bce=0.08077 lap=0.00 lam=0.0e+00 val=0.6084 2ch=0.000 2cl=0.000 66s
 step  560000 loss=0.08049 bce=0.08049 lap=0.00 lam=0.0e+00 val=0.6276 2ch=0.000 2cl=0.000 65s
 step  565000 loss=0.08033 bce=0.08033 lap=0.00 lam=0.0e+00 val=0.6138 2ch=0.000 2cl=0.000 65s
 step  570000 loss=0.08027 bce=0.08027 lap=0.00 lam=0.0e+00 val=0.6134 2ch=0.000 2cl=0.000 65s
 step  575000 loss=0.08012 bce=0.08012 lap=0.00 lam=0.0e+00 val=0.6144 2ch=0.000 2cl=0.000 65s
 step  580000 loss=0.07993 bce=0.07993 lap=0.00 lam=0.0e+00 val=0.6212 2ch=0.000 2cl=0.000 65s
 step  585000 loss=0.07988 bce=0.07988 lap=0.00 lam=0.0e+00 val=0.6232 2ch=0.000 2cl=0.000 65s
 step  590000 loss=0.07975 bce=0.07975 lap=0.00 lam=0.0e+00 val=0.6186 2ch=0.000 2cl=0.000 65s
 step  595000 loss=0.07959 bce=0.07959 lap=0.00 lam=0.0e+00 val=0.6148 2ch=0.000 2cl=0.000 65s
 step  600000 loss=0.07951 bce=0.07951 lap=0.00 lam=0.0e+00 val=0.6188 2ch=0.000 2cl=0.000 64s
 step  605000 loss=0.07929 bce=0.07929 lap=0.00 lam=0.0e+00 val=0.6186 2ch=0.000 2cl=0.000 65s
 step  610000 loss=0.07923 bce=0.07923 lap=0.00 lam=0.0e+00 val=0.6206 2ch=0.000 2cl=0.000 65s
 step  615000 loss=0.07907 bce=0.07907 lap=0.00 lam=0.0e+00 val=0.6124 2ch=0.000 2cl=0.000 65s
 step  620000 loss=0.07892 bce=0.07892 lap=0.00 lam=0.0e+00 val=0.6330 2ch=0.000 2cl=0.000 64s
 step  625000 loss=0.07884 bce=0.07884 lap=0.00 lam=0.0e+00 val=0.6212 2ch=0.000 2cl=0.000 65s
 step  630000 loss=0.07879 bce=0.07879 lap=0.00 lam=0.0e+00 val=0.6214 2ch=0.000 2cl=0.000 65s
 step  635000 loss=0.07864 bce=0.07864 lap=0.00 lam=0.0e+00 val=0.6104 2ch=0.000 2cl=0.000 65s
 step  640000 loss=0.07854 bce=0.07854 lap=0.00 lam=0.0e+00 val=0.6320 2ch=0.000 2cl=0.000 65s
 step  645000 loss=0.07837 bce=0.07837 lap=0.00 lam=0.0e+00 val=0.6296 2ch=0.000 2cl=0.000 66s
 step  650000 loss=0.07831 bce=0.07831 lap=0.00 lam=0.0e+00 val=0.6132 2ch=0.000 2cl=0.000 65s
 step  655000 loss=0.07814 bce=0.07814 lap=0.00 lam=0.0e+00 val=0.6180 2ch=0.000 2cl=0.000 66s
 step  660000 loss=0.07806 bce=0.07806 lap=0.00 lam=0.0e+00 val=0.6290 2ch=0.000 2cl=0.000 66s
 step  665000 loss=0.07801 bce=0.07801 lap=0.00 lam=0.0e+00 val=0.6308 2ch=0.000 2cl=0.000 65s
 step  670000 loss=0.07793 bce=0.07793 lap=0.00 lam=0.0e+00 val=0.6334 2ch=0.000 2cl=0.000 66s
 step  675000 loss=0.07781 bce=0.07781 lap=0.00 lam=0.0e+00 val=0.6354 2ch=0.000 2cl=0.000 65s
 step  680000 loss=0.07773 bce=0.07773 lap=0.00 lam=0.0e+00 val=0.6252 2ch=0.000 2cl=0.000 65s
 step  685000 loss=0.07757 bce=0.07757 lap=0.00 lam=0.0e+00 val=0.6334 2ch=0.000 2cl=0.000 66s
 step  690000 loss=0.07746 bce=0.07746 lap=0.00 lam=0.0e+00 val=0.6190 2ch=0.000 2cl=0.000 65s
 step  695000 loss=0.07741 bce=0.07741 lap=0.00 lam=0.0e+00 val=0.6220 2ch=0.000 2cl=0.000 65s
 step  700000 loss=0.07730 bce=0.07730 lap=0.00 lam=0.0e+00 val=0.6212 2ch=0.000 2cl=0.000 66s
 step  705000 loss=0.07719 bce=0.07719 lap=0.00 lam=0.0e+00 val=0.6276 2ch=0.000 2cl=0.000 66s
 step  710000 loss=0.07717 bce=0.07717 lap=0.00 lam=0.0e+00 val=0.6274 2ch=0.000 2cl=0.000 65s
 step  715000 loss=0.07704 bce=0.07704 lap=0.00 lam=0.0e+00 val=0.6216 2ch=0.000 2cl=0.000 65s
 step  720000 loss=0.07697 bce=0.07697 lap=0.00 lam=0.0e+00 val=0.6200 2ch=0.000 2cl=0.000 64s
 step  725000 loss=0.07687 bce=0.07687 lap=0.00 lam=0.0e+00 val=0.6266 2ch=0.000 2cl=0.000 66s
 step  730000 loss=0.07678 bce=0.07678 lap=0.00 lam=0.0e+00 val=0.6236 2ch=0.000 2cl=0.000 65s
 step  735000 loss=0.07670 bce=0.07670 lap=0.00 lam=0.0e+00 val=0.6224 2ch=0.000 2cl=0.000 65s
 step  740000 loss=0.07664 bce=0.07664 lap=0.00 lam=0.0e+00 val=0.6328 2ch=0.000 2cl=0.000 65s
 step  745000 loss=0.07654 bce=0.07654 lap=0.00 lam=0.0e+00 val=0.6218 2ch=0.000 2cl=0.000 65s
 step  750000 loss=0.07637 bce=0.07637 lap=0.00 lam=0.0e+00 val=0.6274 2ch=0.000 2cl=0.000 64s
 step  755000 loss=0.07635 bce=0.07635 lap=0.00 lam=0.0e+00 val=0.6256 2ch=0.000 2cl=0.000 65s
 step  760000 loss=0.07630 bce=0.07630 lap=0.00 lam=0.0e+00 val=0.6298 2ch=0.000 2cl=0.000 65s
 step  765000 loss=0.07636 bce=0.07636 lap=0.00 lam=0.0e+00 val=0.6290 2ch=0.000 2cl=0.000 65s
 step  770000 loss=0.07615 bce=0.07615 lap=0.00 lam=0.0e+00 val=0.6280 2ch=0.000 2cl=0.000 65s
 step  775000 loss=0.07609 bce=0.07609 lap=0.00 lam=0.0e+00 val=0.6336 2ch=0.000 2cl=0.000 65s
 step  780000 loss=0.07602 bce=0.07602 lap=0.00 lam=0.0e+00 val=0.6326 2ch=0.000 2cl=0.000 65s
 step  785000 loss=0.07591 bce=0.07591 lap=0.00 lam=0.0e+00 val=0.6278 2ch=0.000 2cl=0.000 65s
 step  790000 loss=0.07591 bce=0.07591 lap=0.00 lam=0.0e+00 val=0.6222 2ch=0.000 2cl=0.000 65s
 step  795000 loss=0.07585 bce=0.07585 lap=0.00 lam=0.0e+00 val=0.6344 2ch=0.000 2cl=0.000 65s
 step  800000 loss=0.07572 bce=0.07572 lap=0.00 lam=0.0e+00 val=0.6296 2ch=0.000 2cl=0.000 66s
 step  805000 loss=0.07568 bce=0.07568 lap=0.00 lam=0.0e+00 val=0.6230 2ch=0.000 2cl=0.000 66s
 step  810000 loss=0.07564 bce=0.07564 lap=0.00 lam=0.0e+00 val=0.6276 2ch=0.000 2cl=0.000 65s
 step  815000 loss=0.07563 bce=0.07563 lap=0.00 lam=0.0e+00 val=0.6244 2ch=0.000 2cl=0.000 66s
 step  820000 loss=0.07557 bce=0.07557 lap=0.00 lam=0.0e+00 val=0.6238 2ch=0.000 2cl=0.000 65s
 step  825000 loss=0.07550 bce=0.07550 lap=0.00 lam=0.0e+00 val=0.6252 2ch=0.000 2cl=0.000 66s
 step  830000 loss=0.07544 bce=0.07544 lap=0.00 lam=0.0e+00 val=0.6300 2ch=0.000 2cl=0.000 66s
 step  835000 loss=0.07538 bce=0.07538 lap=0.00 lam=0.0e+00 val=0.6270 2ch=0.000 2cl=0.000 66s
 step  840000 loss=0.07535 bce=0.07535 lap=0.00 lam=0.0e+00 val=0.6302 2ch=0.000 2cl=0.000 65s
 step  845000 loss=0.07530 bce=0.07530 lap=0.00 lam=0.0e+00 val=0.6276 2ch=0.000 2cl=0.000 65s
 step  850000 loss=0.07518 bce=0.07518 lap=0.00 lam=0.0e+00 val=0.6228 2ch=0.000 2cl=0.000 65s
 step  855000 loss=0.07512 bce=0.07512 lap=0.00 lam=0.0e+00 val=0.6264 2ch=0.000 2cl=0.000 65s
 step  860000 loss=0.07517 bce=0.07517 lap=0.00 lam=0.0e+00 val=0.6266 2ch=0.000 2cl=0.000 65s
 step  865000 loss=0.07510 bce=0.07510 lap=0.00 lam=0.0e+00 val=0.6316 2ch=0.000 2cl=0.000 66s
 step  870000 loss=0.07498 bce=0.07498 lap=0.00 lam=0.0e+00 val=0.6290 2ch=0.000 2cl=0.000 66s
 step  875000 loss=0.07498 bce=0.07498 lap=0.00 lam=0.0e+00 val=0.6240 2ch=0.000 2cl=0.000 66s
 step  880000 loss=0.07492 bce=0.07492 lap=0.00 lam=0.0e+00 val=0.6306 2ch=0.000 2cl=0.000 66s
 step  885000 loss=0.07488 bce=0.07488 lap=0.00 lam=0.0e+00 val=0.6252 2ch=0.000 2cl=0.000 65s
 step  890000 loss=0.07493 bce=0.07493 lap=0.00 lam=0.0e+00 val=0.6268 2ch=0.000 2cl=0.000 66s
 step  895000 loss=0.07490 bce=0.07490 lap=0.00 lam=0.0e+00 val=0.6304 2ch=0.000 2cl=0.000 65s
 step  900000 loss=0.07490 bce=0.07490 lap=0.00 lam=0.0e+00 val=0.6314 2ch=0.000 2cl=0.000 65s
 step  905000 loss=0.07481 bce=0.07481 lap=0.00 lam=0.0e+00 val=0.6306 2ch=0.000 2cl=0.000 66s
 step  910000 loss=0.07479 bce=0.07479 lap=0.00 lam=0.0e+00 val=0.6326 2ch=0.000 2cl=0.000 66s
 step  915000 loss=0.07472 bce=0.07472 lap=0.00 lam=0.0e+00 val=0.6264 2ch=0.000 2cl=0.000 65s
 step  920000 loss=0.07475 bce=0.07475 lap=0.00 lam=0.0e+00 val=0.6262 2ch=0.000 2cl=0.000 65s
 step  925000 loss=0.07471 bce=0.07471 lap=0.00 lam=0.0e+00 val=0.6294 2ch=0.000 2cl=0.000 66s
 step  930000 loss=0.07473 bce=0.07473 lap=0.00 lam=0.0e+00 val=0.6270 2ch=0.000 2cl=0.000 66s
 step  935000 loss=0.07470 bce=0.07470 lap=0.00 lam=0.0e+00 val=0.6292 2ch=0.000 2cl=0.000 66s
 step  940000 loss=0.07466 bce=0.07466 lap=0.00 lam=0.0e+00 val=0.6310 2ch=0.000 2cl=0.000 65s
 step  945000 loss=0.07462 bce=0.07462 lap=0.00 lam=0.0e+00 val=0.6278 2ch=0.000 2cl=0.000 66s
 step  950000 loss=0.07463 bce=0.07463 lap=0.00 lam=0.0e+00 val=0.6278 2ch=0.000 2cl=0.000 65s
 step  955000 loss=0.07463 bce=0.07463 lap=0.00 lam=0.0e+00 val=0.6282 2ch=0.000 2cl=0.000 66s
 step  960000 loss=0.07462 bce=0.07462 lap=0.00 lam=0.0e+00 val=0.6300 2ch=0.000 2cl=0.000 65s
 step  965000 loss=0.07456 bce=0.07456 lap=0.00 lam=0.0e+00 val=0.6306 2ch=0.000 2cl=0.000 66s
 step  970000 loss=0.07449 bce=0.07449 lap=0.00 lam=0.0e+00 val=0.6302 2ch=0.000 2cl=0.000 65s
 step  975000 loss=0.07450 bce=0.07450 lap=0.00 lam=0.0e+00 val=0.6300 2ch=0.000 2cl=0.000 66s
 step  980000 loss=0.07452 bce=0.07452 lap=0.00 lam=0.0e+00 val=0.6306 2ch=0.000 2cl=0.000 65s
 step  985000 loss=0.07448 bce=0.07448 lap=0.00 lam=0.0e+00 val=0.6302 2ch=0.000 2cl=0.000 65s
 step  990000 loss=0.07453 bce=0.07453 lap=0.00 lam=0.0e+00 val=0.6304 2ch=0.000 2cl=0.000 66s
 step  995000 loss=0.07459 bce=0.07459 lap=0.00 lam=0.0e+00 val=0.6304 2ch=0.000 2cl=0.000 65s
 step 1000000 loss=0.07458 bce=0.07458 lap=0.00 lam=0.0e+00 val=0.6294 2ch=0.000 2cl=0.000 65s
done. best in-dist exact=0.6354  -> runs/report9/n46_train/n46_path_union_roberta_similarity_lam0_seed1000
auto-eval asym-chains split sweep (endpoint-completion check): runs/report9/n46_train/n46_path_union_roberta_similarity_lam0_seed1000/last.pt
checkpoint=runs/report9/n46_train/n46_path_union_roberta_similarity_lam0_seed1000/last.pt
  arch=roberta readout=similarity n=46 device=cuda
  split=( 1,45) exact=1.000 reach_long=1.000 cut=1.000 longblock=1.000
  split=( 2,44) exact=1.000 reach_long=1.000 cut=1.000 longblock=1.000
  split=( 3,43) exact=1.000 reach_long=1.000 cut=1.000 longblock=1.000
  split=( 4,42) exact=1.000 reach_long=1.000 cut=1.000 longblock=1.000
  split=( 5,41) exact=1.000 reach_long=1.000 cut=1.000 longblock=1.000
  split=( 6,40) exact=1.000 reach_long=1.000 cut=1.000 longblock=1.000
  split=( 7,39) exact=1.000 reach_long=1.000 cut=1.000 longblock=1.000
  split=( 8,38) exact=1.000 reach_long=1.000 cut=1.000 longblock=1.000
  split=( 9,37) exact=1.000 reach_long=1.000 cut=1.000 longblock=1.000
  split=(10,36) exact=1.000 reach_long=1.000 cut=1.000 longblock=1.000
  split=(11,35) exact=1.000 reach_long=1.000 cut=1.000 longblock=1.000
  split=(12,34) exact=0.003 reach_long=0.913 cut=1.000 longblock=0.003
  split=(13,33) exact=0.003 reach_long=0.920 cut=1.000 longblock=0.003
  split=(14,32) exact=0.003 reach_long=0.925 cut=1.000 longblock=0.003
  split=(15,31) exact=0.000 reach_long=0.937 cut=0.971 longblock=0.010
  split=(16,30) exact=0.000 reach_long=0.943 cut=0.901 longblock=0.000
  split=(17,29) exact=0.000 reach_long=0.952 cut=0.821 longblock=0.017
  split=(18,28) exact=0.000 reach_long=0.962 cut=0.767 longblock=0.060
  split=(19,27) exact=0.000 reach_long=0.968 cut=0.734 longblock=0.067
  split=(20,26) exact=0.000 reach_long=0.977 cut=0.692 longblock=0.123
  split=(21,25) exact=0.000 reach_long=0.982 cut=0.662 longblock=0.217
  split=(22,24) exact=0.000 reach_long=0.987 cut=0.649 longblock=0.323
  split=(23,23) exact=0.000 reach_long=0.991 cut=0.646 longblock=0.413
  saved -> runs/report9/asym_chains_n46/n46_pathunion_seed1000/asym_chains.json
