seed=1000 checkpoint=runs/report9/n46_train/n46_path_union_roberta_similarity_lam0_seed1000/last.pt
== mechanistic_asym_chains.py (sweep + logit -> Table 1 / Figure 1) ==
checkpoint=runs/report9/n46_train/n46_path_union_roberta_similarity_lam0_seed1000/last.pt
  arch=roberta readout=similarity n=46 device=cpu
  [selftest] run_with_cache matches model.forward_and_embeddings exactly
  [selftest] exact_contribution matches brute-force double loop (max diff 0.00e+00)

== behavioural sweep (random relabelling, the primary condition) ==
  a= 1 exact=1.000 reach_long=1.000 reach_short=nan cut=1.000 mode=random
  a= 2 exact=1.000 reach_long=1.000 reach_short=1.000 cut=1.000 mode=random
  a= 3 exact=1.000 reach_long=1.000 reach_short=1.000 cut=1.000 mode=random
  a= 4 exact=1.000 reach_long=1.000 reach_short=1.000 cut=1.000 mode=random
  a= 5 exact=1.000 reach_long=1.000 reach_short=1.000 cut=1.000 mode=random
  a= 6 exact=1.000 reach_long=1.000 reach_short=1.000 cut=1.000 mode=random
  a= 7 exact=1.000 reach_long=1.000 reach_short=1.000 cut=1.000 mode=random
  a= 8 exact=1.000 reach_long=1.000 reach_short=1.000 cut=1.000 mode=random
  a= 9 exact=1.000 reach_long=1.000 reach_short=1.000 cut=1.000 mode=random
  a=10 exact=1.000 reach_long=1.000 reach_short=1.000 cut=1.000 mode=random
  a=11 exact=1.000 reach_long=1.000 reach_short=1.000 cut=1.000 mode=random
  a=12 exact=0.000 reach_long=0.920 reach_short=1.000 cut=1.000 mode=random
  a=13 exact=0.000 reach_long=0.932 reach_short=1.000 cut=1.000 mode=random
  a=14 exact=0.005 reach_long=0.935 reach_short=1.000 cut=1.000 mode=random
  a=15 exact=0.000 reach_long=0.946 reach_short=1.000 cut=0.968 mode=random
  a=16 exact=0.000 reach_long=0.951 reach_short=1.000 cut=0.889 mode=random
  a=17 exact=0.000 reach_long=0.963 reach_short=1.000 cut=0.806 mode=random
  a=18 exact=0.000 reach_long=0.967 reach_short=1.000 cut=0.757 mode=random
  a=19 exact=0.000 reach_long=0.971 reach_short=0.999 cut=0.723 mode=random
  a=20 exact=0.000 reach_long=0.980 reach_short=0.998 cut=0.675 mode=random
  a=21 exact=0.000 reach_long=0.986 reach_short=0.996 cut=0.641 mode=random
  a=22 exact=0.000 reach_long=0.991 reach_short=0.997 cut=0.623 mode=random
  a=23 exact=0.000 reach_long=0.994 reach_short=0.993 cut=0.628 mode=random

== fixed-label comparison (identity permutation, confirmatory only) ==
  a= 1 exact=1.000 reach_long=1.000 reach_short=nan cut=1.000 mode=fixed
  a= 4 exact=1.000 reach_long=1.000 reach_short=1.000 cut=1.000 mode=fixed
  a= 7 exact=1.000 reach_long=1.000 reach_short=1.000 cut=1.000 mode=fixed
  a= 8 exact=1.000 reach_long=1.000 reach_short=1.000 cut=1.000 mode=fixed
  a=10 exact=1.000 reach_long=1.000 reach_short=1.000 cut=1.000 mode=fixed
  a=17 exact=0.000 reach_long=0.887 reach_short=1.000 cut=0.809 mode=fixed
  a=23 exact=0.000 reach_long=0.992 reach_short=1.000 cut=0.652 mode=fixed
  saved -> runs/report9/mechanistic/n46_pathunion_seed1000/metrics.csv

== readout decomposition cos(h_i,h_j) (similarity read-out) ==
  readout(similarity) a= 1 done
  readout(similarity) a= 2 done
  readout(similarity) a= 3 done
  readout(similarity) a= 4 done
  readout(similarity) a= 5 done
  readout(similarity) a= 6 done
  readout(similarity) a= 7 done
  readout(similarity) a= 8 done
  readout(similarity) a= 9 done
  readout(similarity) a=10 done
  readout(similarity) a=11 done
  readout(similarity) a=12 done
  readout(similarity) a=13 done
  readout(similarity) a=14 done
  readout(similarity) a=15 done
  readout(similarity) a=16 done
  readout(similarity) a=17 done
  readout(similarity) a=18 done
  readout(similarity) a=19 done
  readout(similarity) a=20 done
  readout(similarity) a=21 done
  readout(similarity) a=22 done
  readout(similarity) a=23 done
  saved -> runs/report9/mechanistic/n46_pathunion_seed1000/readout.csv

== W_in geometry (similarity read-out has no W_out) ==
  saved -> runs/report9/mechanistic/n46_pathunion_seed1000/weights_summary.json

== attention probe (representative splits) ==
  attention a= 4 done (row_mass1 mean=7.327, exact-contribution over 8 graphs)
  attention a=23 done (row_mass1 mean=7.555, exact-contribution over 8 graphs)
  saved -> runs/report9/mechanistic/n46_pathunion_seed1000/attn_cache.npz (12 arrays)
== mechanistic_heatmaps.py (attention scores/alpha -> Figure 3) ==
checkpoint=runs/report9/n46_train/n46_path_union_roberta_similarity_lam0_seed1000/last.pt
  arch=roberta readout=similarity n=46 device=cpu
== attention/Q/K/V heatmap probe ==
  heatmap probe a= 4 done
  heatmap probe a=23 done
  saved -> runs/report9/heatmaps/n46_pathunion_seed1000/heatmap_data.npz
== raw weight matrices ==
  saved -> runs/report9/heatmaps/n46_pathunion_seed1000/raw_weights.npz
== stagewise_diagnostics.py (layerwise cosine geometry) ==
checkpoint=runs/report9/n46_train/n46_path_union_roberta_similarity_lam0_seed1000/last.pt
  arch=roberta readout=similarity n=46 device=cpu
  [selftest] run_with_stages H2/logits match model.forward_and_embeddings exactly
  stagewise a= 4 done (M_far H0=0.008, H2=0.933)
  stagewise a=23 done (M_far H0=-0.002, H2=0.198)
  saved -> runs/report9/stagewise/n46_pathunion_seed1000/stagewise_{geometry.npz,metrics.csv,margins.csv,deltaz.csv}
done seed 1000
