== n46_path_union_roberta_similarity_lam0_seed3000 ==
 device=cuda arch=roberta readout=similarity sim_fixed=False lambda=0.0 params=6,329,858
 step    5000 loss=0.47533 bce=0.47533 lap=0.00 lam=0.0e+00 val=0.2766 2ch=0.000 2cl=0.000 68s
 step   10000 loss=0.32980 bce=0.32980 lap=0.00 lam=0.0e+00 val=0.2788 2ch=0.000 2cl=0.000 64s
 step   15000 loss=0.29660 bce=0.29660 lap=0.00 lam=0.0e+00 val=0.2838 2ch=0.000 2cl=0.000 64s
 step   20000 loss=0.28178 bce=0.28178 lap=0.00 lam=0.0e+00 val=0.2958 2ch=0.000 2cl=0.000 64s
 step   25000 loss=0.26465 bce=0.26465 lap=0.00 lam=0.0e+00 val=0.3048 2ch=0.000 2cl=0.000 65s
 step   30000 loss=0.24530 bce=0.24530 lap=0.00 lam=0.0e+00 val=0.3124 2ch=0.000 2cl=0.000 65s
 step   35000 loss=0.22810 bce=0.22810 lap=0.00 lam=0.0e+00 val=0.3068 2ch=0.000 2cl=0.005 66s
 step   40000 loss=0.21138 bce=0.21138 lap=0.00 lam=0.0e+00 val=0.3548 2ch=0.000 2cl=0.330 66s
 step   45000 loss=0.19684 bce=0.19684 lap=0.00 lam=0.0e+00 val=0.3594 2ch=0.000 2cl=0.222 66s
 step   50000 loss=0.18582 bce=0.18582 lap=0.00 lam=0.0e+00 val=0.3702 2ch=0.000 2cl=0.022 66s
 step   55000 loss=0.17745 bce=0.17745 lap=0.00 lam=0.0e+00 val=0.3746 2ch=0.000 2cl=0.000 66s
 step   60000 loss=0.17056 bce=0.17056 lap=0.00 lam=0.0e+00 val=0.4136 2ch=0.000 2cl=0.000 66s
 step   65000 loss=0.16483 bce=0.16483 lap=0.00 lam=0.0e+00 val=0.4014 2ch=0.000 2cl=0.000 66s
 step   70000 loss=0.15974 bce=0.15974 lap=0.00 lam=0.0e+00 val=0.4118 2ch=0.000 2cl=0.000 66s
 step   75000 loss=0.15515 bce=0.15515 lap=0.00 lam=0.0e+00 val=0.4358 2ch=0.000 2cl=0.000 66s
 step   80000 loss=0.15095 bce=0.15095 lap=0.00 lam=0.0e+00 val=0.4442 2ch=0.000 2cl=0.000 66s
 step   85000 loss=0.14692 bce=0.14692 lap=0.00 lam=0.0e+00 val=0.4736 2ch=0.000 2cl=0.000 66s
 step   90000 loss=0.14320 bce=0.14320 lap=0.00 lam=0.0e+00 val=0.4726 2ch=0.000 2cl=0.000 66s
 step   95000 loss=0.13984 bce=0.13984 lap=0.00 lam=0.0e+00 val=0.4860 2ch=0.000 2cl=0.000 66s
 step  100000 loss=0.13674 bce=0.13674 lap=0.00 lam=0.0e+00 val=0.4926 2ch=0.000 2cl=0.000 66s
 step  105000 loss=0.13404 bce=0.13404 lap=0.00 lam=0.0e+00 val=0.5178 2ch=0.000 2cl=0.000 66s
 step  110000 loss=0.13166 bce=0.13166 lap=0.00 lam=0.0e+00 val=0.5116 2ch=0.000 2cl=0.000 66s
 step  115000 loss=0.12927 bce=0.12927 lap=0.00 lam=0.0e+00 val=0.5202 2ch=0.000 2cl=0.000 66s
 step  120000 loss=0.12726 bce=0.12726 lap=0.00 lam=0.0e+00 val=0.5226 2ch=0.000 2cl=0.000 66s
 step  125000 loss=0.12525 bce=0.12525 lap=0.00 lam=0.0e+00 val=0.5194 2ch=0.000 2cl=0.000 66s
 step  130000 loss=0.12331 bce=0.12331 lap=0.00 lam=0.0e+00 val=0.5448 2ch=0.000 2cl=0.000 66s
 step  135000 loss=0.12168 bce=0.12168 lap=0.00 lam=0.0e+00 val=0.5330 2ch=0.000 2cl=0.000 66s
 step  140000 loss=0.12011 bce=0.12011 lap=0.00 lam=0.0e+00 val=0.5416 2ch=0.000 2cl=0.000 66s
 step  145000 loss=0.11859 bce=0.11859 lap=0.00 lam=0.0e+00 val=0.5488 2ch=0.000 2cl=0.000 66s
 step  150000 loss=0.11723 bce=0.11723 lap=0.00 lam=0.0e+00 val=0.5496 2ch=0.000 2cl=0.000 66s
 step  155000 loss=0.11593 bce=0.11593 lap=0.00 lam=0.0e+00 val=0.5408 2ch=0.000 2cl=0.000 66s
 step  160000 loss=0.11459 bce=0.11459 lap=0.00 lam=0.0e+00 val=0.5598 2ch=0.000 2cl=0.000 66s
 step  165000 loss=0.11335 bce=0.11335 lap=0.00 lam=0.0e+00 val=0.5668 2ch=0.000 2cl=0.000 66s
 step  170000 loss=0.11219 bce=0.11219 lap=0.00 lam=0.0e+00 val=0.5582 2ch=0.000 2cl=0.000 66s
 step  175000 loss=0.11110 bce=0.11110 lap=0.00 lam=0.0e+00 val=0.5458 2ch=0.000 2cl=0.000 66s
 step  180000 loss=0.10996 bce=0.10996 lap=0.00 lam=0.0e+00 val=0.5578 2ch=0.000 2cl=0.000 66s
 step  185000 loss=0.10904 bce=0.10904 lap=0.00 lam=0.0e+00 val=0.5640 2ch=0.000 2cl=0.000 66s
 step  190000 loss=0.10800 bce=0.10800 lap=0.00 lam=0.0e+00 val=0.5660 2ch=0.000 2cl=0.000 65s
 step  195000 loss=0.10705 bce=0.10705 lap=0.00 lam=0.0e+00 val=0.5728 2ch=0.000 2cl=0.000 66s
 step  200000 loss=0.10610 bce=0.10610 lap=0.00 lam=0.0e+00 val=0.5652 2ch=0.000 2cl=0.000 65s
 step  205000 loss=0.10519 bce=0.10519 lap=0.00 lam=0.0e+00 val=0.5638 2ch=0.000 2cl=0.000 66s
 step  210000 loss=0.10437 bce=0.10437 lap=0.00 lam=0.0e+00 val=0.5702 2ch=0.000 2cl=0.000 66s
 step  215000 loss=0.10357 bce=0.10357 lap=0.00 lam=0.0e+00 val=0.5776 2ch=0.000 2cl=0.000 65s
 step  220000 loss=0.10275 bce=0.10275 lap=0.00 lam=0.0e+00 val=0.5782 2ch=0.000 2cl=0.000 65s
 step  225000 loss=0.10187 bce=0.10187 lap=0.00 lam=0.0e+00 val=0.5696 2ch=0.000 2cl=0.000 64s
 step  230000 loss=0.10116 bce=0.10116 lap=0.00 lam=0.0e+00 val=0.5800 2ch=0.000 2cl=0.000 64s
 step  235000 loss=0.10038 bce=0.10038 lap=0.00 lam=0.0e+00 val=0.5766 2ch=0.000 2cl=0.000 64s
 step  240000 loss=0.09954 bce=0.09954 lap=0.00 lam=0.0e+00 val=0.5774 2ch=0.000 2cl=0.000 65s
 step  245000 loss=0.09888 bce=0.09888 lap=0.00 lam=0.0e+00 val=0.5782 2ch=0.000 2cl=0.000 66s
 step  250000 loss=0.09815 bce=0.09815 lap=0.00 lam=0.0e+00 val=0.5774 2ch=0.000 2cl=0.000 66s
 step  255000 loss=0.09753 bce=0.09753 lap=0.00 lam=0.0e+00 val=0.5796 2ch=0.000 2cl=0.000 66s
 step  260000 loss=0.09693 bce=0.09693 lap=0.00 lam=0.0e+00 val=0.5888 2ch=0.000 2cl=0.000 66s
 step  265000 loss=0.09620 bce=0.09620 lap=0.00 lam=0.0e+00 val=0.5802 2ch=0.000 2cl=0.000 65s
 step  270000 loss=0.09567 bce=0.09567 lap=0.00 lam=0.0e+00 val=0.5872 2ch=0.000 2cl=0.000 64s
 step  275000 loss=0.09518 bce=0.09518 lap=0.00 lam=0.0e+00 val=0.5880 2ch=0.000 2cl=0.000 65s
 step  280000 loss=0.09477 bce=0.09477 lap=0.00 lam=0.0e+00 val=0.5946 2ch=0.000 2cl=0.000 66s
 step  285000 loss=0.09408 bce=0.09408 lap=0.00 lam=0.0e+00 val=0.5828 2ch=0.000 2cl=0.000 65s
 step  290000 loss=0.09357 bce=0.09357 lap=0.00 lam=0.0e+00 val=0.5988 2ch=0.000 2cl=0.000 63s
 step  295000 loss=0.09314 bce=0.09314 lap=0.00 lam=0.0e+00 val=0.5844 2ch=0.000 2cl=0.000 65s
 step  300000 loss=0.09278 bce=0.09278 lap=0.00 lam=0.0e+00 val=0.5992 2ch=0.000 2cl=0.000 65s
 step  305000 loss=0.09226 bce=0.09226 lap=0.00 lam=0.0e+00 val=0.5926 2ch=0.000 2cl=0.000 66s
 step  310000 loss=0.09184 bce=0.09184 lap=0.00 lam=0.0e+00 val=0.5954 2ch=0.000 2cl=0.000 66s
 step  315000 loss=0.09145 bce=0.09145 lap=0.00 lam=0.0e+00 val=0.5832 2ch=0.000 2cl=0.000 66s
 step  320000 loss=0.09105 bce=0.09105 lap=0.00 lam=0.0e+00 val=0.5968 2ch=0.000 2cl=0.000 66s
 step  325000 loss=0.09071 bce=0.09071 lap=0.00 lam=0.0e+00 val=0.5890 2ch=0.000 2cl=0.000 66s
 step  330000 loss=0.09037 bce=0.09037 lap=0.00 lam=0.0e+00 val=0.6044 2ch=0.000 2cl=0.000 66s
 step  335000 loss=0.08982 bce=0.08982 lap=0.00 lam=0.0e+00 val=0.6022 2ch=0.000 2cl=0.000 65s
 step  340000 loss=0.08950 bce=0.08950 lap=0.00 lam=0.0e+00 val=0.5962 2ch=0.000 2cl=0.000 66s
 step  345000 loss=0.08913 bce=0.08913 lap=0.00 lam=0.0e+00 val=0.5982 2ch=0.000 2cl=0.000 66s
 step  350000 loss=0.08885 bce=0.08885 lap=0.00 lam=0.0e+00 val=0.5972 2ch=0.000 2cl=0.000 66s
 step  355000 loss=0.08857 bce=0.08857 lap=0.00 lam=0.0e+00 val=0.6036 2ch=0.000 2cl=0.000 66s
 step  360000 loss=0.08825 bce=0.08825 lap=0.00 lam=0.0e+00 val=0.5936 2ch=0.000 2cl=0.000 65s
 step  365000 loss=0.08796 bce=0.08796 lap=0.00 lam=0.0e+00 val=0.5952 2ch=0.000 2cl=0.000 64s
 step  370000 loss=0.08762 bce=0.08762 lap=0.00 lam=0.0e+00 val=0.5958 2ch=0.000 2cl=0.000 65s
 step  375000 loss=0.08748 bce=0.08748 lap=0.00 lam=0.0e+00 val=0.6074 2ch=0.000 2cl=0.000 65s
 step  380000 loss=0.08716 bce=0.08716 lap=0.00 lam=0.0e+00 val=0.5950 2ch=0.000 2cl=0.000 64s
 step  385000 loss=0.08685 bce=0.08685 lap=0.00 lam=0.0e+00 val=0.5950 2ch=0.000 2cl=0.000 65s
 step  390000 loss=0.08663 bce=0.08663 lap=0.00 lam=0.0e+00 val=0.6136 2ch=0.000 2cl=0.000 65s
 step  395000 loss=0.08627 bce=0.08627 lap=0.00 lam=0.0e+00 val=0.5990 2ch=0.000 2cl=0.000 65s
 step  400000 loss=0.08597 bce=0.08597 lap=0.00 lam=0.0e+00 val=0.6072 2ch=0.000 2cl=0.000 65s
 step  405000 loss=0.08589 bce=0.08589 lap=0.00 lam=0.0e+00 val=0.6010 2ch=0.000 2cl=0.000 65s
 step  410000 loss=0.08554 bce=0.08554 lap=0.00 lam=0.0e+00 val=0.6012 2ch=0.000 2cl=0.000 65s
 step  415000 loss=0.08528 bce=0.08528 lap=0.00 lam=0.0e+00 val=0.5918 2ch=0.000 2cl=0.000 65s
 step  420000 loss=0.08516 bce=0.08516 lap=0.00 lam=0.0e+00 val=0.6068 2ch=0.000 2cl=0.000 65s
 step  425000 loss=0.08494 bce=0.08494 lap=0.00 lam=0.0e+00 val=0.6038 2ch=0.000 2cl=0.000 65s
 step  430000 loss=0.08467 bce=0.08467 lap=0.00 lam=0.0e+00 val=0.6128 2ch=0.000 2cl=0.000 64s
 step  435000 loss=0.08447 bce=0.08447 lap=0.00 lam=0.0e+00 val=0.6108 2ch=0.000 2cl=0.000 65s
 step  440000 loss=0.08423 bce=0.08423 lap=0.00 lam=0.0e+00 val=0.6056 2ch=0.000 2cl=0.000 65s
 step  445000 loss=0.08408 bce=0.08408 lap=0.00 lam=0.0e+00 val=0.6134 2ch=0.000 2cl=0.000 65s
 step  450000 loss=0.08385 bce=0.08385 lap=0.00 lam=0.0e+00 val=0.6130 2ch=0.000 2cl=0.000 64s
 step  455000 loss=0.08359 bce=0.08359 lap=0.00 lam=0.0e+00 val=0.6000 2ch=0.000 2cl=0.000 64s
 step  460000 loss=0.08345 bce=0.08345 lap=0.00 lam=0.0e+00 val=0.5962 2ch=0.000 2cl=0.000 64s
 step  465000 loss=0.08322 bce=0.08322 lap=0.00 lam=0.0e+00 val=0.6034 2ch=0.000 2cl=0.000 64s
 step  470000 loss=0.08306 bce=0.08306 lap=0.00 lam=0.0e+00 val=0.6062 2ch=0.000 2cl=0.000 64s
 step  475000 loss=0.08288 bce=0.08288 lap=0.00 lam=0.0e+00 val=0.6120 2ch=0.000 2cl=0.000 64s
 step  480000 loss=0.08268 bce=0.08268 lap=0.00 lam=0.0e+00 val=0.6196 2ch=0.000 2cl=0.000 64s
 step  485000 loss=0.08249 bce=0.08249 lap=0.00 lam=0.0e+00 val=0.6168 2ch=0.000 2cl=0.000 64s
 step  490000 loss=0.08232 bce=0.08232 lap=0.00 lam=0.0e+00 val=0.6022 2ch=0.000 2cl=0.000 65s
 step  495000 loss=0.08214 bce=0.08214 lap=0.00 lam=0.0e+00 val=0.6106 2ch=0.000 2cl=0.000 66s
 step  500000 loss=0.08188 bce=0.08188 lap=0.00 lam=0.0e+00 val=0.6038 2ch=0.000 2cl=0.000 66s
 step  505000 loss=0.08180 bce=0.08180 lap=0.00 lam=0.0e+00 val=0.6016 2ch=0.000 2cl=0.000 65s
 step  510000 loss=0.08168 bce=0.08168 lap=0.00 lam=0.0e+00 val=0.6102 2ch=0.000 2cl=0.000 67s
 step  515000 loss=0.08153 bce=0.08153 lap=0.00 lam=0.0e+00 val=0.6084 2ch=0.000 2cl=0.000 64s
 step  520000 loss=0.08130 bce=0.08130 lap=0.00 lam=0.0e+00 val=0.6170 2ch=0.000 2cl=0.000 64s
 step  525000 loss=0.08117 bce=0.08117 lap=0.00 lam=0.0e+00 val=0.5988 2ch=0.000 2cl=0.000 65s
 step  530000 loss=0.08111 bce=0.08111 lap=0.00 lam=0.0e+00 val=0.6074 2ch=0.000 2cl=0.000 66s
 step  535000 loss=0.08088 bce=0.08088 lap=0.00 lam=0.0e+00 val=0.6160 2ch=0.000 2cl=0.000 67s
 step  540000 loss=0.08073 bce=0.08073 lap=0.00 lam=0.0e+00 val=0.6116 2ch=0.000 2cl=0.000 66s
 step  545000 loss=0.08059 bce=0.08059 lap=0.00 lam=0.0e+00 val=0.6122 2ch=0.000 2cl=0.000 66s
 step  550000 loss=0.08047 bce=0.08047 lap=0.00 lam=0.0e+00 val=0.6050 2ch=0.000 2cl=0.000 65s
 step  555000 loss=0.08029 bce=0.08029 lap=0.00 lam=0.0e+00 val=0.6200 2ch=0.000 2cl=0.000 66s
 step  560000 loss=0.08014 bce=0.08014 lap=0.00 lam=0.0e+00 val=0.6068 2ch=0.000 2cl=0.000 66s
 step  565000 loss=0.07999 bce=0.07999 lap=0.00 lam=0.0e+00 val=0.6094 2ch=0.000 2cl=0.000 66s
 step  570000 loss=0.07987 bce=0.07987 lap=0.00 lam=0.0e+00 val=0.6186 2ch=0.000 2cl=0.000 65s
 step  575000 loss=0.07963 bce=0.07963 lap=0.00 lam=0.0e+00 val=0.6102 2ch=0.000 2cl=0.000 66s
 step  580000 loss=0.07968 bce=0.07968 lap=0.00 lam=0.0e+00 val=0.6100 2ch=0.000 2cl=0.000 67s
 step  585000 loss=0.07949 bce=0.07949 lap=0.00 lam=0.0e+00 val=0.6188 2ch=0.000 2cl=0.000 66s
 step  590000 loss=0.07935 bce=0.07935 lap=0.00 lam=0.0e+00 val=0.6082 2ch=0.000 2cl=0.000 66s
 step  595000 loss=0.07924 bce=0.07924 lap=0.00 lam=0.0e+00 val=0.6104 2ch=0.000 2cl=0.000 66s
 step  600000 loss=0.07909 bce=0.07909 lap=0.00 lam=0.0e+00 val=0.6190 2ch=0.000 2cl=0.000 66s
 step  605000 loss=0.07898 bce=0.07898 lap=0.00 lam=0.0e+00 val=0.6126 2ch=0.000 2cl=0.000 67s
 step  610000 loss=0.07881 bce=0.07881 lap=0.00 lam=0.0e+00 val=0.6186 2ch=0.000 2cl=0.000 66s
 step  615000 loss=0.07876 bce=0.07876 lap=0.00 lam=0.0e+00 val=0.6194 2ch=0.000 2cl=0.000 65s
 step  620000 loss=0.07858 bce=0.07858 lap=0.00 lam=0.0e+00 val=0.6204 2ch=0.000 2cl=0.000 65s
 step  625000 loss=0.07844 bce=0.07844 lap=0.00 lam=0.0e+00 val=0.6112 2ch=0.000 2cl=0.000 67s
 step  630000 loss=0.07840 bce=0.07840 lap=0.00 lam=0.0e+00 val=0.6280 2ch=0.000 2cl=0.000 66s
 step  635000 loss=0.07829 bce=0.07829 lap=0.00 lam=0.0e+00 val=0.6130 2ch=0.000 2cl=0.000 67s
 step  640000 loss=0.07813 bce=0.07813 lap=0.00 lam=0.0e+00 val=0.6142 2ch=0.000 2cl=0.000 68s
 step  645000 loss=0.07800 bce=0.07800 lap=0.00 lam=0.0e+00 val=0.6114 2ch=0.000 2cl=0.000 67s
 step  650000 loss=0.07798 bce=0.07798 lap=0.00 lam=0.0e+00 val=0.6120 2ch=0.000 2cl=0.000 66s
 step  655000 loss=0.07778 bce=0.07778 lap=0.00 lam=0.0e+00 val=0.6164 2ch=0.000 2cl=0.000 67s
 step  660000 loss=0.07771 bce=0.07771 lap=0.00 lam=0.0e+00 val=0.6168 2ch=0.000 2cl=0.000 66s
 step  665000 loss=0.07763 bce=0.07763 lap=0.00 lam=0.0e+00 val=0.6122 2ch=0.000 2cl=0.000 66s
 step  670000 loss=0.07756 bce=0.07756 lap=0.00 lam=0.0e+00 val=0.6150 2ch=0.000 2cl=0.000 67s
 step  675000 loss=0.07746 bce=0.07746 lap=0.00 lam=0.0e+00 val=0.6140 2ch=0.000 2cl=0.000 67s
 step  680000 loss=0.07726 bce=0.07726 lap=0.00 lam=0.0e+00 val=0.6298 2ch=0.000 2cl=0.000 65s
 step  685000 loss=0.07726 bce=0.07726 lap=0.00 lam=0.0e+00 val=0.6108 2ch=0.000 2cl=0.000 64s
 step  690000 loss=0.07714 bce=0.07714 lap=0.00 lam=0.0e+00 val=0.6166 2ch=0.000 2cl=0.000 64s
 step  695000 loss=0.07704 bce=0.07704 lap=0.00 lam=0.0e+00 val=0.6206 2ch=0.000 2cl=0.000 65s
 step  700000 loss=0.07700 bce=0.07700 lap=0.00 lam=0.0e+00 val=0.6152 2ch=0.000 2cl=0.000 65s
 step  705000 loss=0.07688 bce=0.07688 lap=0.00 lam=0.0e+00 val=0.6206 2ch=0.000 2cl=0.000 66s
 step  710000 loss=0.07679 bce=0.07679 lap=0.00 lam=0.0e+00 val=0.6178 2ch=0.000 2cl=0.000 67s
 step  715000 loss=0.07669 bce=0.07669 lap=0.00 lam=0.0e+00 val=0.6162 2ch=0.000 2cl=0.000 66s
 step  720000 loss=0.07654 bce=0.07654 lap=0.00 lam=0.0e+00 val=0.6174 2ch=0.000 2cl=0.000 65s
 step  725000 loss=0.07654 bce=0.07654 lap=0.00 lam=0.0e+00 val=0.6128 2ch=0.000 2cl=0.000 64s
 step  730000 loss=0.07645 bce=0.07645 lap=0.00 lam=0.0e+00 val=0.6212 2ch=0.000 2cl=0.000 65s
 step  735000 loss=0.07634 bce=0.07634 lap=0.00 lam=0.0e+00 val=0.6160 2ch=0.000 2cl=0.000 66s
 step  740000 loss=0.07629 bce=0.07629 lap=0.00 lam=0.0e+00 val=0.6182 2ch=0.000 2cl=0.000 67s
 step  745000 loss=0.07618 bce=0.07618 lap=0.00 lam=0.0e+00 val=0.6176 2ch=0.000 2cl=0.000 67s
 step  750000 loss=0.07617 bce=0.07617 lap=0.00 lam=0.0e+00 val=0.6212 2ch=0.000 2cl=0.000 68s
 step  755000 loss=0.07601 bce=0.07601 lap=0.00 lam=0.0e+00 val=0.6126 2ch=0.000 2cl=0.000 66s
 step  760000 loss=0.07597 bce=0.07597 lap=0.00 lam=0.0e+00 val=0.6222 2ch=0.000 2cl=0.000 66s
 step  765000 loss=0.07591 bce=0.07591 lap=0.00 lam=0.0e+00 val=0.6170 2ch=0.000 2cl=0.000 66s
 step  770000 loss=0.07582 bce=0.07582 lap=0.00 lam=0.0e+00 val=0.6206 2ch=0.000 2cl=0.000 66s
 step  775000 loss=0.07575 bce=0.07575 lap=0.00 lam=0.0e+00 val=0.6152 2ch=0.000 2cl=0.000 65s
 step  780000 loss=0.07563 bce=0.07563 lap=0.00 lam=0.0e+00 val=0.6216 2ch=0.000 2cl=0.000 67s
 step  785000 loss=0.07560 bce=0.07560 lap=0.00 lam=0.0e+00 val=0.6240 2ch=0.000 2cl=0.000 65s
 step  790000 loss=0.07554 bce=0.07554 lap=0.00 lam=0.0e+00 val=0.6166 2ch=0.000 2cl=0.000 66s
 step  795000 loss=0.07544 bce=0.07544 lap=0.00 lam=0.0e+00 val=0.6174 2ch=0.000 2cl=0.000 65s
 step  800000 loss=0.07541 bce=0.07541 lap=0.00 lam=0.0e+00 val=0.6190 2ch=0.000 2cl=0.000 66s
 step  805000 loss=0.07533 bce=0.07533 lap=0.00 lam=0.0e+00 val=0.6252 2ch=0.000 2cl=0.000 67s
 step  810000 loss=0.07533 bce=0.07533 lap=0.00 lam=0.0e+00 val=0.6182 2ch=0.000 2cl=0.000 64s
 step  815000 loss=0.07519 bce=0.07519 lap=0.00 lam=0.0e+00 val=0.6228 2ch=0.000 2cl=0.000 66s
 step  820000 loss=0.07521 bce=0.07521 lap=0.00 lam=0.0e+00 val=0.6256 2ch=0.000 2cl=0.000 65s
 step  825000 loss=0.07512 bce=0.07512 lap=0.00 lam=0.0e+00 val=0.6220 2ch=0.000 2cl=0.000 66s
 step  830000 loss=0.07501 bce=0.07501 lap=0.00 lam=0.0e+00 val=0.6194 2ch=0.000 2cl=0.000 66s
 step  835000 loss=0.07492 bce=0.07492 lap=0.00 lam=0.0e+00 val=0.6180 2ch=0.000 2cl=0.000 66s
 step  840000 loss=0.07496 bce=0.07496 lap=0.00 lam=0.0e+00 val=0.6240 2ch=0.000 2cl=0.000 67s
 step  845000 loss=0.07489 bce=0.07489 lap=0.00 lam=0.0e+00 val=0.6200 2ch=0.000 2cl=0.000 67s
 step  850000 loss=0.07484 bce=0.07484 lap=0.00 lam=0.0e+00 val=0.6286 2ch=0.000 2cl=0.000 68s
 step  855000 loss=0.07492 bce=0.07492 lap=0.00 lam=0.0e+00 val=0.6252 2ch=0.000 2cl=0.000 66s
 step  860000 loss=0.07479 bce=0.07479 lap=0.00 lam=0.0e+00 val=0.6226 2ch=0.000 2cl=0.000 66s
 step  865000 loss=0.07475 bce=0.07475 lap=0.00 lam=0.0e+00 val=0.6270 2ch=0.000 2cl=0.000 67s
 step  870000 loss=0.07468 bce=0.07468 lap=0.00 lam=0.0e+00 val=0.6212 2ch=0.000 2cl=0.000 67s
 step  875000 loss=0.07462 bce=0.07462 lap=0.00 lam=0.0e+00 val=0.6192 2ch=0.000 2cl=0.000 67s
 step  880000 loss=0.07458 bce=0.07458 lap=0.00 lam=0.0e+00 val=0.6242 2ch=0.000 2cl=0.000 65s
 step  885000 loss=0.07456 bce=0.07456 lap=0.00 lam=0.0e+00 val=0.6240 2ch=0.000 2cl=0.000 65s
 step  890000 loss=0.07450 bce=0.07450 lap=0.00 lam=0.0e+00 val=0.6186 2ch=0.000 2cl=0.000 66s
 step  895000 loss=0.07451 bce=0.07451 lap=0.00 lam=0.0e+00 val=0.6232 2ch=0.000 2cl=0.000 67s
 step  900000 loss=0.07444 bce=0.07444 lap=0.00 lam=0.0e+00 val=0.6204 2ch=0.000 2cl=0.000 66s
 step  905000 loss=0.07447 bce=0.07447 lap=0.00 lam=0.0e+00 val=0.6228 2ch=0.000 2cl=0.000 66s
 step  910000 loss=0.07447 bce=0.07447 lap=0.00 lam=0.0e+00 val=0.6192 2ch=0.000 2cl=0.000 66s
 step  915000 loss=0.07435 bce=0.07435 lap=0.00 lam=0.0e+00 val=0.6214 2ch=0.000 2cl=0.000 65s
 step  920000 loss=0.07443 bce=0.07443 lap=0.00 lam=0.0e+00 val=0.6218 2ch=0.000 2cl=0.000 66s
 step  925000 loss=0.07429 bce=0.07429 lap=0.00 lam=0.0e+00 val=0.6216 2ch=0.000 2cl=0.000 66s
 step  930000 loss=0.07436 bce=0.07436 lap=0.00 lam=0.0e+00 val=0.6210 2ch=0.000 2cl=0.000 66s
 step  935000 loss=0.07430 bce=0.07430 lap=0.00 lam=0.0e+00 val=0.6232 2ch=0.000 2cl=0.000 66s
 step  940000 loss=0.07429 bce=0.07429 lap=0.00 lam=0.0e+00 val=0.6220 2ch=0.000 2cl=0.000 67s
 step  945000 loss=0.07433 bce=0.07433 lap=0.00 lam=0.0e+00 val=0.6216 2ch=0.000 2cl=0.000 66s
 step  950000 loss=0.07431 bce=0.07431 lap=0.00 lam=0.0e+00 val=0.6246 2ch=0.000 2cl=0.000 65s
 step  955000 loss=0.07428 bce=0.07428 lap=0.00 lam=0.0e+00 val=0.6202 2ch=0.000 2cl=0.000 66s
 step  960000 loss=0.07425 bce=0.07425 lap=0.00 lam=0.0e+00 val=0.6228 2ch=0.000 2cl=0.000 67s
 step  965000 loss=0.07423 bce=0.07423 lap=0.00 lam=0.0e+00 val=0.6224 2ch=0.000 2cl=0.000 67s
 step  970000 loss=0.07429 bce=0.07429 lap=0.00 lam=0.0e+00 val=0.6228 2ch=0.000 2cl=0.000 67s
 step  975000 loss=0.07421 bce=0.07421 lap=0.00 lam=0.0e+00 val=0.6224 2ch=0.000 2cl=0.000 67s
 step  980000 loss=0.07420 bce=0.07420 lap=0.00 lam=0.0e+00 val=0.6242 2ch=0.000 2cl=0.000 66s
 step  985000 loss=0.07417 bce=0.07417 lap=0.00 lam=0.0e+00 val=0.6210 2ch=0.000 2cl=0.000 66s
 step  990000 loss=0.07420 bce=0.07420 lap=0.00 lam=0.0e+00 val=0.6236 2ch=0.000 2cl=0.000 65s
 step  995000 loss=0.07417 bce=0.07417 lap=0.00 lam=0.0e+00 val=0.6228 2ch=0.000 2cl=0.000 65s
 step 1000000 loss=0.07416 bce=0.07416 lap=0.00 lam=0.0e+00 val=0.6216 2ch=0.000 2cl=0.000 66s
done. best in-dist exact=0.6298  -> runs/report9/n46_train/n46_path_union_roberta_similarity_lam0_seed3000
== eval_asym_chains.py (quick behavioural sweep) ==
checkpoint=runs/report9/n46_train/n46_path_union_roberta_similarity_lam0_seed3000/last.pt
  arch=roberta readout=similarity n=46 device=cuda
  split=( 1,45) exact=1.000 reach_long=1.000 cut=1.000 longblock=1.000
  split=( 2,44) exact=1.000 reach_long=1.000 cut=1.000 longblock=1.000
  split=( 3,43) exact=1.000 reach_long=1.000 cut=1.000 longblock=1.000
  split=( 4,42) exact=1.000 reach_long=1.000 cut=1.000 longblock=1.000
  split=( 5,41) exact=1.000 reach_long=1.000 cut=1.000 longblock=1.000
  split=( 6,40) exact=1.000 reach_long=1.000 cut=1.000 longblock=1.000
  split=( 7,39) exact=1.000 reach_long=1.000 cut=1.000 longblock=1.000
  split=( 8,38) exact=1.000 reach_long=1.000 cut=1.000 longblock=1.000
  split=( 9,37) exact=1.000 reach_long=1.000 cut=1.000 longblock=1.000
  split=(10,36) exact=1.000 reach_long=1.000 cut=1.000 longblock=1.000
  split=(11,35) exact=1.000 reach_long=1.000 cut=1.000 longblock=1.000
  split=(12,34) exact=0.000 reach_long=0.915 cut=1.000 longblock=0.000
  split=(13,33) exact=0.003 reach_long=0.921 cut=1.000 longblock=0.003
  split=(14,32) exact=0.003 reach_long=0.932 cut=1.000 longblock=0.003
  split=(15,31) exact=0.000 reach_long=0.939 cut=0.969 longblock=0.003
  split=(16,30) exact=0.000 reach_long=0.950 cut=0.892 longblock=0.007
  split=(17,29) exact=0.000 reach_long=0.961 cut=0.820 longblock=0.027
  split=(18,28) exact=0.000 reach_long=0.968 cut=0.772 longblock=0.050
  split=(19,27) exact=0.000 reach_long=0.975 cut=0.726 longblock=0.083
  split=(20,26) exact=0.000 reach_long=0.981 cut=0.681 longblock=0.213
  split=(21,25) exact=0.000 reach_long=0.986 cut=0.645 longblock=0.280
  split=(22,24) exact=0.000 reach_long=0.990 cut=0.627 longblock=0.387
  split=(23,23) exact=0.000 reach_long=0.994 cut=0.628 longblock=0.547
  saved -> runs/report9/asym_chains_n46/n46_pathunion_seed3000/asym_chains.json
== mechanistic_asym_chains.py (sweep + logit -> Table 1 / Figure 1) ==
checkpoint=runs/report9/n46_train/n46_path_union_roberta_similarity_lam0_seed3000/last.pt
  arch=roberta readout=similarity n=46 device=cuda
  [selftest] run_with_cache matches model.forward_and_embeddings exactly
  [selftest] exact_contribution matches brute-force double loop (max diff 1.19e-07)

== behavioural sweep (random relabelling, the primary condition) ==
  a= 1 exact=1.000 reach_long=1.000 reach_short=nan cut=1.000 mode=random
  a= 2 exact=1.000 reach_long=1.000 reach_short=1.000 cut=1.000 mode=random
  a= 3 exact=1.000 reach_long=1.000 reach_short=1.000 cut=1.000 mode=random
  a= 4 exact=1.000 reach_long=1.000 reach_short=1.000 cut=1.000 mode=random
  a= 5 exact=1.000 reach_long=1.000 reach_short=1.000 cut=1.000 mode=random
  a= 6 exact=1.000 reach_long=1.000 reach_short=1.000 cut=1.000 mode=random
  a= 7 exact=1.000 reach_long=1.000 reach_short=1.000 cut=1.000 mode=random
  a= 8 exact=1.000 reach_long=1.000 reach_short=1.000 cut=1.000 mode=random
  a= 9 exact=1.000 reach_long=1.000 reach_short=1.000 cut=1.000 mode=random
  a=10 exact=1.000 reach_long=1.000 reach_short=1.000 cut=1.000 mode=random
  a=11 exact=1.000 reach_long=1.000 reach_short=1.000 cut=1.000 mode=random
  a=12 exact=0.000 reach_long=0.914 reach_short=1.000 cut=1.000 mode=random
  a=13 exact=0.005 reach_long=0.929 reach_short=1.000 cut=1.000 mode=random
  a=14 exact=0.010 reach_long=0.930 reach_short=1.000 cut=1.000 mode=random
  a=15 exact=0.000 reach_long=0.941 reach_short=1.000 cut=0.966 mode=random
  a=16 exact=0.000 reach_long=0.952 reach_short=1.000 cut=0.889 mode=random
  a=17 exact=0.000 reach_long=0.962 reach_short=1.000 cut=0.813 mode=random
  a=18 exact=0.000 reach_long=0.971 reach_short=1.000 cut=0.764 mode=random
  a=19 exact=0.000 reach_long=0.975 reach_short=0.999 cut=0.731 mode=random
  a=20 exact=0.000 reach_long=0.982 reach_short=0.998 cut=0.673 mode=random
  a=21 exact=0.000 reach_long=0.989 reach_short=0.997 cut=0.633 mode=random
  a=22 exact=0.000 reach_long=0.992 reach_short=0.997 cut=0.610 mode=random
  a=23 exact=0.000 reach_long=0.992 reach_short=0.994 cut=0.617 mode=random

== fixed-label comparison (identity permutation, confirmatory only) ==
  a= 1 exact=1.000 reach_long=1.000 reach_short=nan cut=1.000 mode=fixed
  a= 4 exact=1.000 reach_long=1.000 reach_short=1.000 cut=1.000 mode=fixed
  a= 7 exact=1.000 reach_long=1.000 reach_short=1.000 cut=1.000 mode=fixed
  a= 8 exact=1.000 reach_long=1.000 reach_short=1.000 cut=1.000 mode=fixed
  a=10 exact=1.000 reach_long=1.000 reach_short=1.000 cut=1.000 mode=fixed
  a=17 exact=0.000 reach_long=0.975 reach_short=1.000 cut=0.803 mode=fixed
  a=23 exact=0.000 reach_long=1.000 reach_short=1.000 cut=0.599 mode=fixed
  saved -> runs/report9/mechanistic/n46_pathunion_seed3000/metrics.csv

== readout decomposition cos(h_i,h_j) (similarity read-out) ==
  readout(similarity) a= 1 done
  readout(similarity) a= 2 done
  readout(similarity) a= 3 done
  readout(similarity) a= 4 done
  readout(similarity) a= 5 done
  readout(similarity) a= 6 done
  readout(similarity) a= 7 done
  readout(similarity) a= 8 done
  readout(similarity) a= 9 done
  readout(similarity) a=10 done
  readout(similarity) a=11 done
  readout(similarity) a=12 done
  readout(similarity) a=13 done
  readout(similarity) a=14 done
  readout(similarity) a=15 done
  readout(similarity) a=16 done
  readout(similarity) a=17 done
  readout(similarity) a=18 done
  readout(similarity) a=19 done
  readout(similarity) a=20 done
  readout(similarity) a=21 done
  readout(similarity) a=22 done
  readout(similarity) a=23 done
  saved -> runs/report9/mechanistic/n46_pathunion_seed3000/readout.csv

== W_in geometry (similarity read-out has no W_out) ==
  saved -> runs/report9/mechanistic/n46_pathunion_seed3000/weights_summary.json

== attention probe (representative splits) ==
  attention a= 4 done (row_mass1 mean=7.280, exact-contribution over 8 graphs)
  attention a=23 done (row_mass1 mean=7.518, exact-contribution over 8 graphs)
  saved -> runs/report9/mechanistic/n46_pathunion_seed3000/attn_cache.npz (12 arrays)
== mechanistic_heatmaps.py (attention scores/alpha -> Figure 3) ==
checkpoint=runs/report9/n46_train/n46_path_union_roberta_similarity_lam0_seed3000/last.pt
  arch=roberta readout=similarity n=46 device=cuda
== attention/Q/K/V heatmap probe ==
  heatmap probe a= 4 done
  heatmap probe a=23 done
  saved -> runs/report9/heatmaps/n46_pathunion_seed3000/heatmap_data.npz
== raw weight matrices ==
  saved -> runs/report9/heatmaps/n46_pathunion_seed3000/raw_weights.npz
== stagewise_diagnostics.py (layerwise cosine geometry) ==
checkpoint=runs/report9/n46_train/n46_path_union_roberta_similarity_lam0_seed3000/last.pt
  arch=roberta readout=similarity n=46 device=cuda
  [selftest] run_with_stages H2/logits match model.forward_and_embeddings exactly
  stagewise a= 4 done (M_far H0=0.005, H2=1.039)
  stagewise a=23 done (M_far H0=-0.002, H2=0.204)
  saved -> runs/report9/stagewise/n46_pathunion_seed3000/stagewise_{geometry.npz,metrics.csv,margins.csv,deltaz.csv}
done: n46_pathunion_seed3000
