== n46_split_chains_roberta_similarity_lam0_softmax_seed1000 ==
 device=cuda arch=roberta readout=similarity attn_kind=softmax sim_fixed=False lambda=0.0 params=6,329,858
 step    5000 loss=0.55382 bce=0.55382 lap=0.00 lam=0.0e+00 val=0.0000 2ch=0.000 2cl=0.000 64s
 step   10000 loss=0.46543 bce=0.46543 lap=0.00 lam=0.0e+00 val=0.0054 2ch=0.000 2cl=0.000 64s
 step   15000 loss=0.39149 bce=0.39149 lap=0.00 lam=0.0e+00 val=0.0184 2ch=0.000 2cl=0.000 64s
 step   20000 loss=0.36068 bce=0.36068 lap=0.00 lam=0.0e+00 val=0.0512 2ch=0.000 2cl=0.000 64s
 step   25000 loss=0.34266 bce=0.34266 lap=0.00 lam=0.0e+00 val=0.0818 2ch=0.000 2cl=0.000 65s
 step   30000 loss=0.33088 bce=0.33088 lap=0.00 lam=0.0e+00 val=0.0852 2ch=0.000 2cl=0.000 64s
 step   35000 loss=0.32256 bce=0.32256 lap=0.00 lam=0.0e+00 val=0.0836 2ch=0.000 2cl=0.000 64s
 step   40000 loss=0.31634 bce=0.31634 lap=0.00 lam=0.0e+00 val=0.0534 2ch=0.000 2cl=0.000 64s
 step   45000 loss=0.31190 bce=0.31190 lap=0.00 lam=0.0e+00 val=0.0712 2ch=0.000 2cl=0.000 64s
 step   50000 loss=0.30847 bce=0.30847 lap=0.00 lam=0.0e+00 val=0.0582 2ch=0.000 2cl=0.000 64s
 step   55000 loss=0.30623 bce=0.30623 lap=0.00 lam=0.0e+00 val=0.0578 2ch=0.000 2cl=0.000 64s
 step   60000 loss=0.30422 bce=0.30422 lap=0.00 lam=0.0e+00 val=0.0470 2ch=0.000 2cl=0.000 64s
 step   65000 loss=0.30144 bce=0.30144 lap=0.00 lam=0.0e+00 val=0.0570 2ch=0.000 2cl=0.000 64s
 step   70000 loss=0.29960 bce=0.29960 lap=0.00 lam=0.0e+00 val=0.0338 2ch=0.000 2cl=0.000 64s
 step   75000 loss=0.29785 bce=0.29785 lap=0.00 lam=0.0e+00 val=0.0108 2ch=0.000 2cl=0.000 64s
 step   80000 loss=0.29691 bce=0.29691 lap=0.00 lam=0.0e+00 val=0.0492 2ch=0.000 2cl=0.000 64s
 step   85000 loss=0.29408 bce=0.29408 lap=0.00 lam=0.0e+00 val=0.0612 2ch=0.000 2cl=0.000 64s
 step   90000 loss=0.29273 bce=0.29273 lap=0.00 lam=0.0e+00 val=0.0432 2ch=0.000 2cl=0.000 64s
 step   95000 loss=0.29076 bce=0.29076 lap=0.00 lam=0.0e+00 val=0.0544 2ch=0.000 2cl=0.000 64s
 step  100000 loss=0.28926 bce=0.28926 lap=0.00 lam=0.0e+00 val=0.0100 2ch=0.000 2cl=0.000 64s
 step  105000 loss=0.28795 bce=0.28795 lap=0.00 lam=0.0e+00 val=0.0426 2ch=0.000 2cl=0.000 64s
 step  110000 loss=0.28613 bce=0.28613 lap=0.00 lam=0.0e+00 val=0.0536 2ch=0.000 2cl=0.000 64s
 step  115000 loss=0.28465 bce=0.28465 lap=0.00 lam=0.0e+00 val=0.0846 2ch=0.000 2cl=0.000 64s
 step  120000 loss=0.28382 bce=0.28382 lap=0.00 lam=0.0e+00 val=0.0730 2ch=0.000 2cl=0.000 64s
 step  125000 loss=0.28175 bce=0.28175 lap=0.00 lam=0.0e+00 val=0.0536 2ch=0.000 2cl=0.000 65s
 step  130000 loss=0.28036 bce=0.28036 lap=0.00 lam=0.0e+00 val=0.0790 2ch=0.000 2cl=0.000 65s
 step  135000 loss=0.27837 bce=0.27837 lap=0.00 lam=0.0e+00 val=0.0558 2ch=0.000 2cl=0.000 64s
 step  140000 loss=0.27740 bce=0.27740 lap=0.00 lam=0.0e+00 val=0.0368 2ch=0.000 2cl=0.000 65s
 step  145000 loss=0.27640 bce=0.27640 lap=0.00 lam=0.0e+00 val=0.0830 2ch=0.000 2cl=0.000 64s
 step  150000 loss=0.27562 bce=0.27562 lap=0.00 lam=0.0e+00 val=0.1036 2ch=0.000 2cl=0.000 64s
 step  155000 loss=0.27427 bce=0.27427 lap=0.00 lam=0.0e+00 val=0.0872 2ch=0.000 2cl=0.000 64s
 step  160000 loss=0.27288 bce=0.27288 lap=0.00 lam=0.0e+00 val=0.0836 2ch=0.000 2cl=0.000 64s
 step  165000 loss=0.27136 bce=0.27136 lap=0.00 lam=0.0e+00 val=0.0980 2ch=0.000 2cl=0.000 64s
 step  170000 loss=0.27128 bce=0.27128 lap=0.00 lam=0.0e+00 val=0.0884 2ch=0.000 2cl=0.000 64s
 step  175000 loss=0.26951 bce=0.26951 lap=0.00 lam=0.0e+00 val=0.0872 2ch=0.000 2cl=0.000 64s
 step  180000 loss=0.26887 bce=0.26887 lap=0.00 lam=0.0e+00 val=0.0906 2ch=0.000 2cl=0.000 64s
 step  185000 loss=0.26687 bce=0.26687 lap=0.00 lam=0.0e+00 val=0.0828 2ch=0.000 2cl=0.000 64s
 step  190000 loss=0.26589 bce=0.26589 lap=0.00 lam=0.0e+00 val=0.0910 2ch=0.000 2cl=0.000 64s
 step  195000 loss=0.26522 bce=0.26522 lap=0.00 lam=0.0e+00 val=0.0894 2ch=0.000 2cl=0.000 64s
 step  200000 loss=0.26397 bce=0.26397 lap=0.00 lam=0.0e+00 val=0.0898 2ch=0.000 2cl=0.000 64s
 step  205000 loss=0.26299 bce=0.26299 lap=0.00 lam=0.0e+00 val=0.0890 2ch=0.000 2cl=0.000 64s
 step  210000 loss=0.26257 bce=0.26257 lap=0.00 lam=0.0e+00 val=0.0898 2ch=0.000 2cl=0.000 64s
 step  215000 loss=0.26082 bce=0.26082 lap=0.00 lam=0.0e+00 val=0.0880 2ch=0.000 2cl=0.000 64s
 step  220000 loss=0.25977 bce=0.25977 lap=0.00 lam=0.0e+00 val=0.0928 2ch=0.000 2cl=0.000 64s
 step  225000 loss=0.25819 bce=0.25819 lap=0.00 lam=0.0e+00 val=0.0898 2ch=0.000 2cl=0.000 65s
 step  230000 loss=0.25693 bce=0.25693 lap=0.00 lam=0.0e+00 val=0.0862 2ch=0.000 2cl=0.000 65s
 step  235000 loss=0.25626 bce=0.25626 lap=0.00 lam=0.0e+00 val=0.0932 2ch=0.000 2cl=0.000 64s
 step  240000 loss=0.25470 bce=0.25470 lap=0.00 lam=0.0e+00 val=0.0902 2ch=0.000 2cl=0.000 64s
 step  245000 loss=0.25376 bce=0.25376 lap=0.00 lam=0.0e+00 val=0.0908 2ch=0.000 2cl=0.000 64s
 step  250000 loss=0.25313 bce=0.25313 lap=0.00 lam=0.0e+00 val=0.0902 2ch=0.000 2cl=0.000 64s
 step  255000 loss=0.25187 bce=0.25187 lap=0.00 lam=0.0e+00 val=0.0898 2ch=0.000 2cl=0.000 64s
 step  260000 loss=0.25018 bce=0.25018 lap=0.00 lam=0.0e+00 val=0.0962 2ch=0.000 2cl=0.000 64s
 step  265000 loss=0.24879 bce=0.24879 lap=0.00 lam=0.0e+00 val=0.0900 2ch=0.000 2cl=0.000 64s
 step  270000 loss=0.24736 bce=0.24736 lap=0.00 lam=0.0e+00 val=0.0914 2ch=0.000 2cl=0.000 64s
 step  275000 loss=0.24649 bce=0.24649 lap=0.00 lam=0.0e+00 val=0.1002 2ch=0.000 2cl=0.000 64s
 step  280000 loss=0.24508 bce=0.24508 lap=0.00 lam=0.0e+00 val=0.0976 2ch=0.000 2cl=0.000 64s
 step  285000 loss=0.24366 bce=0.24366 lap=0.00 lam=0.0e+00 val=0.0990 2ch=0.000 2cl=0.000 64s
 step  290000 loss=0.24251 bce=0.24251 lap=0.00 lam=0.0e+00 val=0.0938 2ch=0.000 2cl=0.000 64s
 step  295000 loss=0.24123 bce=0.24123 lap=0.00 lam=0.0e+00 val=0.0950 2ch=0.000 2cl=0.000 65s
 step  300000 loss=0.23949 bce=0.23949 lap=0.00 lam=0.0e+00 val=0.1284 2ch=0.000 2cl=0.000 63s
 step  305000 loss=0.23794 bce=0.23794 lap=0.00 lam=0.0e+00 val=0.1278 2ch=0.000 2cl=0.000 64s
 step  310000 loss=0.23691 bce=0.23691 lap=0.00 lam=0.0e+00 val=0.1050 2ch=0.000 2cl=0.000 65s
 step  315000 loss=0.23501 bce=0.23501 lap=0.00 lam=0.0e+00 val=0.1192 2ch=0.000 2cl=0.000 64s
 step  320000 loss=0.23352 bce=0.23352 lap=0.00 lam=0.0e+00 val=0.1100 2ch=0.000 2cl=0.000 64s
 step  325000 loss=0.23205 bce=0.23205 lap=0.00 lam=0.0e+00 val=0.1446 2ch=0.000 2cl=0.000 64s
 step  330000 loss=0.22997 bce=0.22997 lap=0.00 lam=0.0e+00 val=0.1168 2ch=0.000 2cl=0.000 64s
 step  335000 loss=0.22846 bce=0.22846 lap=0.00 lam=0.0e+00 val=0.1200 2ch=0.000 2cl=0.000 64s
 step  340000 loss=0.22699 bce=0.22699 lap=0.00 lam=0.0e+00 val=0.1500 2ch=0.000 2cl=0.000 64s
 step  345000 loss=0.22551 bce=0.22551 lap=0.00 lam=0.0e+00 val=0.1324 2ch=0.000 2cl=0.000 64s
 step  350000 loss=0.22392 bce=0.22392 lap=0.00 lam=0.0e+00 val=0.1142 2ch=0.000 2cl=0.000 64s
 step  355000 loss=0.22231 bce=0.22231 lap=0.00 lam=0.0e+00 val=0.1472 2ch=0.000 2cl=0.000 64s
 step  360000 loss=0.22113 bce=0.22113 lap=0.00 lam=0.0e+00 val=0.1370 2ch=0.000 2cl=0.000 64s
 step  365000 loss=0.21975 bce=0.21975 lap=0.00 lam=0.0e+00 val=0.1358 2ch=0.000 2cl=0.000 64s
 step  370000 loss=0.21805 bce=0.21805 lap=0.00 lam=0.0e+00 val=0.1328 2ch=0.000 2cl=0.000 64s
 step  375000 loss=0.21667 bce=0.21667 lap=0.00 lam=0.0e+00 val=0.1362 2ch=0.000 2cl=0.000 64s
 step  380000 loss=0.21522 bce=0.21522 lap=0.00 lam=0.0e+00 val=0.1426 2ch=0.000 2cl=0.000 64s
 step  385000 loss=0.21406 bce=0.21406 lap=0.00 lam=0.0e+00 val=0.1410 2ch=0.000 2cl=0.000 64s
 step  390000 loss=0.21257 bce=0.21257 lap=0.00 lam=0.0e+00 val=0.1470 2ch=0.000 2cl=0.000 64s
 step  395000 loss=0.21108 bce=0.21108 lap=0.00 lam=0.0e+00 val=0.1712 2ch=0.000 2cl=0.000 64s
 step  400000 loss=0.20999 bce=0.20999 lap=0.00 lam=0.0e+00 val=0.1472 2ch=0.000 2cl=0.000 64s
 step  405000 loss=0.20889 bce=0.20889 lap=0.00 lam=0.0e+00 val=0.1616 2ch=0.000 2cl=0.000 64s
 step  410000 loss=0.20760 bce=0.20760 lap=0.00 lam=0.0e+00 val=0.1476 2ch=0.000 2cl=0.000 64s
 step  415000 loss=0.20639 bce=0.20639 lap=0.00 lam=0.0e+00 val=0.1642 2ch=0.000 2cl=0.000 64s
 step  420000 loss=0.20534 bce=0.20534 lap=0.00 lam=0.0e+00 val=0.1648 2ch=0.000 2cl=0.000 64s
 step  425000 loss=0.20418 bce=0.20418 lap=0.00 lam=0.0e+00 val=0.1794 2ch=0.000 2cl=0.000 64s
 step  430000 loss=0.20328 bce=0.20328 lap=0.00 lam=0.0e+00 val=0.1754 2ch=0.000 2cl=0.000 64s
 step  435000 loss=0.20209 bce=0.20209 lap=0.00 lam=0.0e+00 val=0.1768 2ch=0.000 2cl=0.000 64s
 step  440000 loss=0.20111 bce=0.20111 lap=0.00 lam=0.0e+00 val=0.1642 2ch=0.000 2cl=0.000 64s
 step  445000 loss=0.20019 bce=0.20019 lap=0.00 lam=0.0e+00 val=0.1580 2ch=0.000 2cl=0.000 64s
 step  450000 loss=0.19918 bce=0.19918 lap=0.00 lam=0.0e+00 val=0.1594 2ch=0.000 2cl=0.000 64s
 step  455000 loss=0.19824 bce=0.19824 lap=0.00 lam=0.0e+00 val=0.1658 2ch=0.000 2cl=0.000 64s
 step  460000 loss=0.19740 bce=0.19740 lap=0.00 lam=0.0e+00 val=0.1826 2ch=0.000 2cl=0.000 64s
 step  465000 loss=0.19674 bce=0.19674 lap=0.00 lam=0.0e+00 val=0.1640 2ch=0.000 2cl=0.000 64s
 step  470000 loss=0.19569 bce=0.19569 lap=0.00 lam=0.0e+00 val=0.1554 2ch=0.000 2cl=0.000 64s
 step  475000 loss=0.19497 bce=0.19497 lap=0.00 lam=0.0e+00 val=0.1784 2ch=0.000 2cl=0.000 64s
 step  480000 loss=0.19412 bce=0.19412 lap=0.00 lam=0.0e+00 val=0.1586 2ch=0.000 2cl=0.000 64s
 step  485000 loss=0.19342 bce=0.19342 lap=0.00 lam=0.0e+00 val=0.1950 2ch=0.000 2cl=0.000 64s
 step  490000 loss=0.19259 bce=0.19259 lap=0.00 lam=0.0e+00 val=0.1708 2ch=0.000 2cl=0.000 64s
 step  495000 loss=0.19173 bce=0.19173 lap=0.00 lam=0.0e+00 val=0.1460 2ch=0.000 2cl=0.000 64s
 step  500000 loss=0.19118 bce=0.19118 lap=0.00 lam=0.0e+00 val=0.1682 2ch=0.000 2cl=0.000 64s
 step  505000 loss=0.19033 bce=0.19033 lap=0.00 lam=0.0e+00 val=0.1744 2ch=0.000 2cl=0.000 64s
 step  510000 loss=0.18971 bce=0.18971 lap=0.00 lam=0.0e+00 val=0.1740 2ch=0.000 2cl=0.000 64s
 step  515000 loss=0.18888 bce=0.18888 lap=0.00 lam=0.0e+00 val=0.1686 2ch=0.000 2cl=0.000 64s
 step  520000 loss=0.18831 bce=0.18831 lap=0.00 lam=0.0e+00 val=0.1734 2ch=0.000 2cl=0.000 64s
 step  525000 loss=0.18766 bce=0.18766 lap=0.00 lam=0.0e+00 val=0.1564 2ch=0.000 2cl=0.000 64s
 step  530000 loss=0.18689 bce=0.18689 lap=0.00 lam=0.0e+00 val=0.1728 2ch=0.000 2cl=0.000 64s
 step  535000 loss=0.18637 bce=0.18637 lap=0.00 lam=0.0e+00 val=0.1568 2ch=0.000 2cl=0.000 64s
 step  540000 loss=0.18570 bce=0.18570 lap=0.00 lam=0.0e+00 val=0.1692 2ch=0.000 2cl=0.000 63s
 step  545000 loss=0.18515 bce=0.18515 lap=0.00 lam=0.0e+00 val=0.1704 2ch=0.000 2cl=0.000 64s
 step  550000 loss=0.18458 bce=0.18458 lap=0.00 lam=0.0e+00 val=0.1606 2ch=0.000 2cl=0.000 64s
 step  555000 loss=0.18409 bce=0.18409 lap=0.00 lam=0.0e+00 val=0.1610 2ch=0.000 2cl=0.000 64s
 step  560000 loss=0.18350 bce=0.18350 lap=0.00 lam=0.0e+00 val=0.1812 2ch=0.000 2cl=0.000 64s
 step  565000 loss=0.18300 bce=0.18300 lap=0.00 lam=0.0e+00 val=0.1798 2ch=0.000 2cl=0.000 64s
 step  570000 loss=0.18249 bce=0.18249 lap=0.00 lam=0.0e+00 val=0.1674 2ch=0.000 2cl=0.000 64s
 step  575000 loss=0.18201 bce=0.18201 lap=0.00 lam=0.0e+00 val=0.1508 2ch=0.000 2cl=0.000 64s
 step  580000 loss=0.18137 bce=0.18137 lap=0.00 lam=0.0e+00 val=0.1814 2ch=0.000 2cl=0.000 64s
 step  585000 loss=0.18096 bce=0.18096 lap=0.00 lam=0.0e+00 val=0.1608 2ch=0.000 2cl=0.000 64s
 step  590000 loss=0.18040 bce=0.18040 lap=0.00 lam=0.0e+00 val=0.1602 2ch=0.000 2cl=0.000 64s
 step  595000 loss=0.18006 bce=0.18006 lap=0.00 lam=0.0e+00 val=0.1596 2ch=0.000 2cl=0.000 64s
 step  600000 loss=0.17951 bce=0.17951 lap=0.00 lam=0.0e+00 val=0.1628 2ch=0.000 2cl=0.000 64s
 step  605000 loss=0.17906 bce=0.17906 lap=0.00 lam=0.0e+00 val=0.1572 2ch=0.000 2cl=0.000 64s
 step  610000 loss=0.17859 bce=0.17859 lap=0.00 lam=0.0e+00 val=0.1670 2ch=0.000 2cl=0.000 64s
 step  615000 loss=0.17821 bce=0.17821 lap=0.00 lam=0.0e+00 val=0.1698 2ch=0.000 2cl=0.000 64s
 step  620000 loss=0.17786 bce=0.17786 lap=0.00 lam=0.0e+00 val=0.1860 2ch=0.000 2cl=0.000 64s
 step  625000 loss=0.17742 bce=0.17742 lap=0.00 lam=0.0e+00 val=0.1642 2ch=0.000 2cl=0.000 64s
 step  630000 loss=0.17700 bce=0.17700 lap=0.00 lam=0.0e+00 val=0.1630 2ch=0.000 2cl=0.000 64s
 step  635000 loss=0.17659 bce=0.17659 lap=0.00 lam=0.0e+00 val=0.1760 2ch=0.000 2cl=0.000 64s
 step  640000 loss=0.17627 bce=0.17627 lap=0.00 lam=0.0e+00 val=0.1542 2ch=0.000 2cl=0.000 64s
 step  645000 loss=0.17585 bce=0.17585 lap=0.00 lam=0.0e+00 val=0.1446 2ch=0.000 2cl=0.000 64s
 step  650000 loss=0.17555 bce=0.17555 lap=0.00 lam=0.0e+00 val=0.1624 2ch=0.000 2cl=0.000 64s
 step  655000 loss=0.17507 bce=0.17507 lap=0.00 lam=0.0e+00 val=0.1648 2ch=0.000 2cl=0.000 64s
 step  660000 loss=0.17480 bce=0.17480 lap=0.00 lam=0.0e+00 val=0.1520 2ch=0.000 2cl=0.000 64s
 step  665000 loss=0.17445 bce=0.17445 lap=0.00 lam=0.0e+00 val=0.1740 2ch=0.000 2cl=0.000 64s
 step  670000 loss=0.17408 bce=0.17408 lap=0.00 lam=0.0e+00 val=0.1712 2ch=0.000 2cl=0.000 64s
 step  675000 loss=0.17371 bce=0.17371 lap=0.00 lam=0.0e+00 val=0.1722 2ch=0.000 2cl=0.000 64s
 step  680000 loss=0.17342 bce=0.17342 lap=0.00 lam=0.0e+00 val=0.1574 2ch=0.000 2cl=0.000 64s
 step  685000 loss=0.17319 bce=0.17319 lap=0.00 lam=0.0e+00 val=0.1760 2ch=0.000 2cl=0.000 64s
 step  690000 loss=0.17277 bce=0.17277 lap=0.00 lam=0.0e+00 val=0.1608 2ch=0.000 2cl=0.000 64s
 step  695000 loss=0.17249 bce=0.17249 lap=0.00 lam=0.0e+00 val=0.1674 2ch=0.000 2cl=0.000 64s
 step  700000 loss=0.17220 bce=0.17220 lap=0.00 lam=0.0e+00 val=0.1746 2ch=0.000 2cl=0.000 64s
 step  705000 loss=0.17182 bce=0.17182 lap=0.00 lam=0.0e+00 val=0.1612 2ch=0.000 2cl=0.000 64s
 step  710000 loss=0.17147 bce=0.17147 lap=0.00 lam=0.0e+00 val=0.1790 2ch=0.000 2cl=0.000 64s
 step  715000 loss=0.17134 bce=0.17134 lap=0.00 lam=0.0e+00 val=0.1738 2ch=0.000 2cl=0.000 64s
 step  720000 loss=0.17100 bce=0.17100 lap=0.00 lam=0.0e+00 val=0.1704 2ch=0.000 2cl=0.000 64s
 step  725000 loss=0.17070 bce=0.17070 lap=0.00 lam=0.0e+00 val=0.1740 2ch=0.000 2cl=0.000 64s
 step  730000 loss=0.17049 bce=0.17049 lap=0.00 lam=0.0e+00 val=0.1782 2ch=0.000 2cl=0.000 64s
 step  735000 loss=0.17026 bce=0.17026 lap=0.00 lam=0.0e+00 val=0.2006 2ch=0.000 2cl=0.000 64s
 step  740000 loss=0.17001 bce=0.17001 lap=0.00 lam=0.0e+00 val=0.1810 2ch=0.000 2cl=0.000 64s
 step  745000 loss=0.16967 bce=0.16967 lap=0.00 lam=0.0e+00 val=0.2078 2ch=0.000 2cl=0.000 64s
 step  750000 loss=0.16942 bce=0.16942 lap=0.00 lam=0.0e+00 val=0.1710 2ch=0.000 2cl=0.000 64s
 step  755000 loss=0.16923 bce=0.16923 lap=0.00 lam=0.0e+00 val=0.1602 2ch=0.000 2cl=0.000 64s
 step  760000 loss=0.16909 bce=0.16909 lap=0.00 lam=0.0e+00 val=0.1636 2ch=0.000 2cl=0.000 64s
 step  765000 loss=0.16882 bce=0.16882 lap=0.00 lam=0.0e+00 val=0.1848 2ch=0.000 2cl=0.000 64s
 step  770000 loss=0.16857 bce=0.16857 lap=0.00 lam=0.0e+00 val=0.1784 2ch=0.000 2cl=0.000 64s
 step  775000 loss=0.16836 bce=0.16836 lap=0.00 lam=0.0e+00 val=0.1886 2ch=0.000 2cl=0.000 65s
 step  780000 loss=0.16804 bce=0.16804 lap=0.00 lam=0.0e+00 val=0.1790 2ch=0.000 2cl=0.000 64s
 step  785000 loss=0.16787 bce=0.16787 lap=0.00 lam=0.0e+00 val=0.1638 2ch=0.000 2cl=0.000 64s
 step  790000 loss=0.16776 bce=0.16776 lap=0.00 lam=0.0e+00 val=0.1982 2ch=0.000 2cl=0.000 64s
 step  795000 loss=0.16750 bce=0.16750 lap=0.00 lam=0.0e+00 val=0.1694 2ch=0.000 2cl=0.000 64s
 step  800000 loss=0.16728 bce=0.16728 lap=0.00 lam=0.0e+00 val=0.1790 2ch=0.000 2cl=0.000 64s
 step  805000 loss=0.16712 bce=0.16712 lap=0.00 lam=0.0e+00 val=0.1784 2ch=0.000 2cl=0.000 65s
 step  810000 loss=0.16699 bce=0.16699 lap=0.00 lam=0.0e+00 val=0.1640 2ch=0.000 2cl=0.000 64s
 step  815000 loss=0.16675 bce=0.16675 lap=0.00 lam=0.0e+00 val=0.1790 2ch=0.000 2cl=0.000 64s
 step  820000 loss=0.16666 bce=0.16666 lap=0.00 lam=0.0e+00 val=0.1848 2ch=0.000 2cl=0.000 64s
 step  825000 loss=0.16644 bce=0.16644 lap=0.00 lam=0.0e+00 val=0.1786 2ch=0.000 2cl=0.000 64s
 step  830000 loss=0.16627 bce=0.16627 lap=0.00 lam=0.0e+00 val=0.1736 2ch=0.000 2cl=0.000 64s
 step  835000 loss=0.16616 bce=0.16616 lap=0.00 lam=0.0e+00 val=0.1788 2ch=0.000 2cl=0.000 64s
 step  840000 loss=0.16598 bce=0.16598 lap=0.00 lam=0.0e+00 val=0.1918 2ch=0.000 2cl=0.000 64s
 step  845000 loss=0.16577 bce=0.16577 lap=0.00 lam=0.0e+00 val=0.1894 2ch=0.000 2cl=0.000 64s
 step  850000 loss=0.16567 bce=0.16567 lap=0.00 lam=0.0e+00 val=0.1852 2ch=0.000 2cl=0.000 64s
 step  855000 loss=0.16553 bce=0.16553 lap=0.00 lam=0.0e+00 val=0.1788 2ch=0.000 2cl=0.000 64s
 step  860000 loss=0.16543 bce=0.16543 lap=0.00 lam=0.0e+00 val=0.1912 2ch=0.000 2cl=0.000 64s
 step  865000 loss=0.16534 bce=0.16534 lap=0.00 lam=0.0e+00 val=0.1814 2ch=0.000 2cl=0.000 64s
 step  870000 loss=0.16520 bce=0.16520 lap=0.00 lam=0.0e+00 val=0.1726 2ch=0.000 2cl=0.000 64s
 step  875000 loss=0.16504 bce=0.16504 lap=0.00 lam=0.0e+00 val=0.1974 2ch=0.000 2cl=0.000 64s
 step  880000 loss=0.16499 bce=0.16499 lap=0.00 lam=0.0e+00 val=0.1848 2ch=0.000 2cl=0.000 64s
 step  885000 loss=0.16489 bce=0.16489 lap=0.00 lam=0.0e+00 val=0.1760 2ch=0.000 2cl=0.000 64s
 step  890000 loss=0.16485 bce=0.16485 lap=0.00 lam=0.0e+00 val=0.1786 2ch=0.000 2cl=0.000 64s
 step  895000 loss=0.16464 bce=0.16464 lap=0.00 lam=0.0e+00 val=0.1836 2ch=0.000 2cl=0.000 65s
 step  900000 loss=0.16446 bce=0.16446 lap=0.00 lam=0.0e+00 val=0.1916 2ch=0.000 2cl=0.000 64s
 step  905000 loss=0.16445 bce=0.16445 lap=0.00 lam=0.0e+00 val=0.1894 2ch=0.000 2cl=0.000 64s
 step  910000 loss=0.16438 bce=0.16438 lap=0.00 lam=0.0e+00 val=0.1720 2ch=0.000 2cl=0.000 64s
 step  915000 loss=0.16427 bce=0.16427 lap=0.00 lam=0.0e+00 val=0.1924 2ch=0.000 2cl=0.000 64s
 step  920000 loss=0.16421 bce=0.16421 lap=0.00 lam=0.0e+00 val=0.1852 2ch=0.000 2cl=0.000 64s
 step  925000 loss=0.16413 bce=0.16413 lap=0.00 lam=0.0e+00 val=0.1984 2ch=0.000 2cl=0.000 64s
 step  930000 loss=0.16410 bce=0.16410 lap=0.00 lam=0.0e+00 val=0.1832 2ch=0.000 2cl=0.000 64s
 step  935000 loss=0.16396 bce=0.16396 lap=0.00 lam=0.0e+00 val=0.1844 2ch=0.000 2cl=0.000 64s
 step  940000 loss=0.16395 bce=0.16395 lap=0.00 lam=0.0e+00 val=0.1878 2ch=0.000 2cl=0.000 64s
 step  945000 loss=0.16385 bce=0.16385 lap=0.00 lam=0.0e+00 val=0.1902 2ch=0.000 2cl=0.000 64s
 step  950000 loss=0.16381 bce=0.16381 lap=0.00 lam=0.0e+00 val=0.1956 2ch=0.000 2cl=0.000 64s
 step  955000 loss=0.16388 bce=0.16388 lap=0.00 lam=0.0e+00 val=0.1860 2ch=0.000 2cl=0.000 64s
 step  960000 loss=0.16375 bce=0.16375 lap=0.00 lam=0.0e+00 val=0.1874 2ch=0.000 2cl=0.000 64s
 step  965000 loss=0.16371 bce=0.16371 lap=0.00 lam=0.0e+00 val=0.1774 2ch=0.000 2cl=0.000 64s
 step  970000 loss=0.16375 bce=0.16375 lap=0.00 lam=0.0e+00 val=0.1978 2ch=0.000 2cl=0.000 64s
 step  975000 loss=0.16367 bce=0.16367 lap=0.00 lam=0.0e+00 val=0.1806 2ch=0.000 2cl=0.000 64s
 step  980000 loss=0.16364 bce=0.16364 lap=0.00 lam=0.0e+00 val=0.1778 2ch=0.000 2cl=0.000 64s
 step  985000 loss=0.16358 bce=0.16358 lap=0.00 lam=0.0e+00 val=0.1826 2ch=0.000 2cl=0.000 64s
 step  990000 loss=0.16359 bce=0.16359 lap=0.00 lam=0.0e+00 val=0.1830 2ch=0.000 2cl=0.000 64s
 step  995000 loss=0.16356 bce=0.16356 lap=0.00 lam=0.0e+00 val=0.1866 2ch=0.000 2cl=0.000 64s
 step 1000000 loss=0.16351 bce=0.16351 lap=0.00 lam=0.0e+00 val=0.1864 2ch=0.000 2cl=0.000 64s
done. best in-dist exact=0.2078  -> runs/report9/n46_train/n46_split_chains_roberta_similarity_lam0_softmax_seed1000
== eval_asym_chains.py (quick behavioural sweep) ==
checkpoint=runs/report9/n46_train/n46_split_chains_roberta_similarity_lam0_softmax_seed1000/last.pt
  arch=roberta readout=similarity n=46 device=cuda
  split=( 1,45) exact=1.000 reach_long=1.000 cut=1.000 longblock=1.000
  split=( 2,44) exact=1.000 reach_long=1.000 cut=1.000 longblock=1.000
  split=( 3,43) exact=0.000 reach_long=0.924 cut=1.000 longblock=0.000
  split=( 4,42) exact=0.437 reach_long=0.998 cut=1.000 longblock=0.437
  split=( 5,41) exact=0.987 reach_long=1.000 cut=1.000 longblock=0.987
  split=( 6,40) exact=0.853 reach_long=1.000 cut=1.000 longblock=0.853
  split=( 7,39) exact=0.037 reach_long=0.954 cut=1.000 longblock=0.037
  split=( 8,38) exact=0.000 reach_long=0.624 cut=1.000 longblock=0.000
  split=( 9,37) exact=0.000 reach_long=0.561 cut=1.000 longblock=0.000
  split=(10,36) exact=0.000 reach_long=0.569 cut=1.000 longblock=0.000
  split=(11,35) exact=0.000 reach_long=0.580 cut=1.000 longblock=0.000
  split=(12,34) exact=0.000 reach_long=0.592 cut=1.000 longblock=0.000
  split=(13,33) exact=0.000 reach_long=0.606 cut=1.000 longblock=0.000
  split=(14,32) exact=0.000 reach_long=0.621 cut=1.000 longblock=0.000
  split=(15,31) exact=0.000 reach_long=0.636 cut=1.000 longblock=0.000
  split=(16,30) exact=0.000 reach_long=0.653 cut=1.000 longblock=0.000
  split=(17,29) exact=0.000 reach_long=0.670 cut=1.000 longblock=0.000
  split=(18,28) exact=0.000 reach_long=0.687 cut=1.000 longblock=0.000
  split=(19,27) exact=0.000 reach_long=0.706 cut=1.000 longblock=0.000
  split=(20,26) exact=0.000 reach_long=0.725 cut=1.000 longblock=0.000
  split=(21,25) exact=0.000 reach_long=0.745 cut=1.000 longblock=0.000
  split=(22,24) exact=0.000 reach_long=0.767 cut=1.000 longblock=0.000
  split=(23,23) exact=0.000 reach_long=0.789 cut=0.999 longblock=0.000
  saved -> runs/report9/asym_chains_n46/n46_splitchains_softmax_seed1000/asym_chains.json
== mechanistic_asym_chains.py (sweep + logit -> Table 1 / Figure 1) ==
checkpoint=runs/report9/n46_train/n46_split_chains_roberta_similarity_lam0_softmax_seed1000/last.pt
  arch=roberta readout=similarity n=46 device=cuda
  [selftest] run_with_cache matches model.forward_and_embeddings exactly
  [selftest] exact_contribution matches brute-force double loop (max diff 1.19e-07)

== behavioural sweep (random relabelling, the primary condition) ==
  a= 1 exact=1.000 reach_long=1.000 reach_short=nan cut=1.000 mode=random
  a= 2 exact=1.000 reach_long=1.000 reach_short=1.000 cut=1.000 mode=random
  a= 3 exact=0.000 reach_long=0.920 reach_short=1.000 cut=1.000 mode=random
  a= 4 exact=0.440 reach_long=0.997 reach_short=1.000 cut=1.000 mode=random
  a= 5 exact=0.975 reach_long=1.000 reach_short=1.000 cut=1.000 mode=random
  a= 6 exact=0.855 reach_long=0.999 reach_short=1.000 cut=1.000 mode=random
  a= 7 exact=0.035 reach_long=0.951 reach_short=1.000 cut=1.000 mode=random
  a= 8 exact=0.000 reach_long=0.610 reach_short=1.000 cut=1.000 mode=random
  a= 9 exact=0.000 reach_long=0.561 reach_short=1.000 cut=1.000 mode=random
  a=10 exact=0.000 reach_long=0.569 reach_short=1.000 cut=1.000 mode=random
  a=11 exact=0.000 reach_long=0.580 reach_short=1.000 cut=1.000 mode=random
  a=12 exact=0.000 reach_long=0.593 reach_short=1.000 cut=1.000 mode=random
  a=13 exact=0.000 reach_long=0.606 reach_short=1.000 cut=1.000 mode=random
  a=14 exact=0.000 reach_long=0.621 reach_short=1.000 cut=1.000 mode=random
  a=15 exact=0.000 reach_long=0.636 reach_short=1.000 cut=1.000 mode=random
  a=16 exact=0.000 reach_long=0.652 reach_short=0.967 cut=1.000 mode=random
  a=17 exact=0.000 reach_long=0.669 reach_short=0.941 cut=1.000 mode=random
  a=18 exact=0.000 reach_long=0.687 reach_short=0.915 cut=1.000 mode=random
  a=19 exact=0.000 reach_long=0.705 reach_short=0.888 cut=1.000 mode=random
  a=20 exact=0.000 reach_long=0.725 reach_short=0.862 cut=1.000 mode=random
  a=21 exact=0.000 reach_long=0.745 reach_short=0.837 cut=1.000 mode=random
  a=22 exact=0.000 reach_long=0.767 reach_short=0.813 cut=0.999 mode=random
  a=23 exact=0.000 reach_long=0.789 reach_short=0.789 cut=0.999 mode=random

== fixed-label comparison (identity permutation, confirmatory only) ==
  a= 1 exact=1.000 reach_long=1.000 reach_short=nan cut=1.000 mode=fixed
  a= 4 exact=1.000 reach_long=1.000 reach_short=1.000 cut=1.000 mode=fixed
  a= 7 exact=0.000 reach_long=0.918 reach_short=1.000 cut=1.000 mode=fixed
  a= 8 exact=0.000 reach_long=0.649 reach_short=1.000 cut=1.000 mode=fixed
  a=10 exact=0.000 reach_long=0.570 reach_short=1.000 cut=1.000 mode=fixed
  a=17 exact=0.000 reach_long=0.670 reach_short=0.941 cut=1.000 mode=fixed
  a=23 exact=0.000 reach_long=0.791 reach_short=0.791 cut=1.000 mode=fixed
  saved -> runs/report9/mechanistic/n46_splitchains_softmax_seed1000/metrics.csv

== readout decomposition cos(h_i,h_j) (similarity read-out) ==
  readout(similarity) a= 1 done
  readout(similarity) a= 2 done
  readout(similarity) a= 3 done
  readout(similarity) a= 4 done
  readout(similarity) a= 5 done
  readout(similarity) a= 6 done
  readout(similarity) a= 7 done
  readout(similarity) a= 8 done
  readout(similarity) a= 9 done
  readout(similarity) a=10 done
  readout(similarity) a=11 done
  readout(similarity) a=12 done
  readout(similarity) a=13 done
  readout(similarity) a=14 done
  readout(similarity) a=15 done
  readout(similarity) a=16 done
  readout(similarity) a=17 done
  readout(similarity) a=18 done
  readout(similarity) a=19 done
  readout(similarity) a=20 done
  readout(similarity) a=21 done
  readout(similarity) a=22 done
  readout(similarity) a=23 done
  saved -> runs/report9/mechanistic/n46_splitchains_softmax_seed1000/readout.csv

== W_in geometry (similarity read-out has no W_out) ==
  saved -> runs/report9/mechanistic/n46_splitchains_softmax_seed1000/weights_summary.json

== attention probe (representative splits) ==
  attention a= 4 done (row_mass1 mean=1.000, exact-contribution over 8 graphs)
  attention a=23 done (row_mass1 mean=1.000, exact-contribution over 8 graphs)
  saved -> runs/report9/mechanistic/n46_splitchains_softmax_seed1000/attn_cache.npz (12 arrays)
== mechanistic_heatmaps.py (attention scores/alpha -> Figure 3) ==
checkpoint=runs/report9/n46_train/n46_split_chains_roberta_similarity_lam0_softmax_seed1000/last.pt
  arch=roberta readout=similarity n=46 device=cuda
== attention/Q/K/V heatmap probe ==
  heatmap probe a= 4 done
  heatmap probe a=23 done
  saved -> runs/report9/heatmaps/n46_splitchains_softmax_seed1000/heatmap_data.npz
== raw weight matrices ==
  saved -> runs/report9/heatmaps/n46_splitchains_softmax_seed1000/raw_weights.npz
== stagewise_diagnostics.py (layerwise cosine geometry) ==
checkpoint=runs/report9/n46_train/n46_split_chains_roberta_similarity_lam0_softmax_seed1000/last.pt
  arch=roberta readout=similarity n=46 device=cuda
  [selftest] run_with_stages H2/logits match model.forward_and_embeddings exactly
  stagewise a= 4 done (M_far H0=0.002, H2=0.512)
  stagewise a=23 done (M_far H0=-0.001, H2=0.115)
  saved -> runs/report9/stagewise/n46_splitchains_softmax_seed1000/stagewise_{geometry.npz,metrics.csv,margins.csv,deltaz.csv}
done: n46_splitchains_softmax_seed1000
