== n46_split_chains_roberta_similarityfixed_lam0_seed2000 ==
 device=cuda arch=roberta readout=similarity sim_fixed=True lambda=0.0 params=6,329,858
 step    5000 loss=0.58892 bce=0.58892 lap=0.00 lam=0.0e+00 val=0.0392 2ch=0.000 2cl=0.000 64s
 step   10000 loss=0.55444 bce=0.55444 lap=0.00 lam=0.0e+00 val=0.1454 2ch=0.000 2cl=0.612 63s
 step   15000 loss=0.53378 bce=0.53378 lap=0.00 lam=0.0e+00 val=0.2584 2ch=0.000 2cl=0.000 64s
 step   20000 loss=0.51302 bce=0.51302 lap=0.00 lam=0.0e+00 val=0.3082 2ch=0.000 2cl=0.000 65s
 step   25000 loss=0.50178 bce=0.50178 lap=0.00 lam=0.0e+00 val=0.3226 2ch=0.000 2cl=0.000 66s
 step   30000 loss=0.49455 bce=0.49455 lap=0.00 lam=0.0e+00 val=0.3482 2ch=0.000 2cl=0.000 66s
 step   35000 loss=0.48929 bce=0.48929 lap=0.00 lam=0.0e+00 val=0.3472 2ch=0.000 2cl=0.000 66s
 step   40000 loss=0.48544 bce=0.48544 lap=0.00 lam=0.0e+00 val=0.3552 2ch=0.000 2cl=0.000 66s
 step   45000 loss=0.48231 bce=0.48231 lap=0.00 lam=0.0e+00 val=0.3592 2ch=0.000 2cl=0.000 65s
 step   50000 loss=0.47933 bce=0.47933 lap=0.00 lam=0.0e+00 val=0.3618 2ch=0.000 2cl=0.000 66s
 step   55000 loss=0.47643 bce=0.47643 lap=0.00 lam=0.0e+00 val=0.3660 2ch=0.000 2cl=0.000 66s
 step   60000 loss=0.47373 bce=0.47373 lap=0.00 lam=0.0e+00 val=0.3644 2ch=0.000 2cl=0.000 66s
 step   65000 loss=0.47110 bce=0.47110 lap=0.00 lam=0.0e+00 val=0.3632 2ch=0.001 2cl=0.000 66s
 step   70000 loss=0.46860 bce=0.46860 lap=0.00 lam=0.0e+00 val=0.3728 2ch=0.000 2cl=0.000 65s
 step   75000 loss=0.46626 bce=0.46626 lap=0.00 lam=0.0e+00 val=0.3696 2ch=0.001 2cl=0.000 65s
 step   80000 loss=0.46461 bce=0.46461 lap=0.00 lam=0.0e+00 val=0.3672 2ch=0.000 2cl=0.000 65s
 step   85000 loss=0.46306 bce=0.46306 lap=0.00 lam=0.0e+00 val=0.3718 2ch=0.000 2cl=0.000 66s
 step   90000 loss=0.46094 bce=0.46094 lap=0.00 lam=0.0e+00 val=0.3762 2ch=0.000 2cl=0.000 65s
 step   95000 loss=0.45961 bce=0.45961 lap=0.00 lam=0.0e+00 val=0.3874 2ch=0.000 2cl=0.000 66s
 step  100000 loss=0.45859 bce=0.45859 lap=0.00 lam=0.0e+00 val=0.3760 2ch=0.000 2cl=0.000 66s
 step  105000 loss=0.45765 bce=0.45765 lap=0.00 lam=0.0e+00 val=0.3788 2ch=0.000 2cl=0.000 65s
 step  110000 loss=0.45682 bce=0.45682 lap=0.00 lam=0.0e+00 val=0.3774 2ch=0.000 2cl=0.000 65s
 step  115000 loss=0.45624 bce=0.45624 lap=0.00 lam=0.0e+00 val=0.3780 2ch=0.000 2cl=0.000 66s
 step  120000 loss=0.45575 bce=0.45575 lap=0.00 lam=0.0e+00 val=0.3744 2ch=0.001 2cl=0.003 66s
 step  125000 loss=0.45533 bce=0.45533 lap=0.00 lam=0.0e+00 val=0.3750 2ch=0.000 2cl=0.000 65s
 step  130000 loss=0.45463 bce=0.45463 lap=0.00 lam=0.0e+00 val=0.3854 2ch=0.000 2cl=0.000 65s
 step  135000 loss=0.45337 bce=0.45337 lap=0.00 lam=0.0e+00 val=0.3850 2ch=0.000 2cl=0.000 65s
 step  140000 loss=0.45261 bce=0.45261 lap=0.00 lam=0.0e+00 val=0.3812 2ch=0.000 2cl=0.000 66s
 step  145000 loss=0.45214 bce=0.45214 lap=0.00 lam=0.0e+00 val=0.3810 2ch=0.000 2cl=0.000 66s
 step  150000 loss=0.45157 bce=0.45157 lap=0.00 lam=0.0e+00 val=0.3824 2ch=0.000 2cl=0.000 66s
 step  155000 loss=0.45117 bce=0.45117 lap=0.00 lam=0.0e+00 val=0.3850 2ch=0.000 2cl=0.000 66s
 step  160000 loss=0.45070 bce=0.45070 lap=0.00 lam=0.0e+00 val=0.3844 2ch=0.000 2cl=0.000 66s
 step  165000 loss=0.45046 bce=0.45046 lap=0.00 lam=0.0e+00 val=0.3824 2ch=0.000 2cl=0.000 66s
 step  170000 loss=0.45009 bce=0.45009 lap=0.00 lam=0.0e+00 val=0.3874 2ch=0.001 2cl=0.000 66s
 step  175000 loss=0.44979 bce=0.44979 lap=0.00 lam=0.0e+00 val=0.3836 2ch=0.000 2cl=0.000 65s
 step  180000 loss=0.44943 bce=0.44943 lap=0.00 lam=0.0e+00 val=0.3834 2ch=0.000 2cl=0.000 65s
 step  185000 loss=0.44920 bce=0.44920 lap=0.00 lam=0.0e+00 val=0.3830 2ch=0.000 2cl=0.000 65s
 step  190000 loss=0.44901 bce=0.44901 lap=0.00 lam=0.0e+00 val=0.3790 2ch=0.000 2cl=0.000 66s
 step  195000 loss=0.44862 bce=0.44862 lap=0.00 lam=0.0e+00 val=0.3842 2ch=0.000 2cl=0.000 65s
 step  200000 loss=0.44850 bce=0.44850 lap=0.00 lam=0.0e+00 val=0.3848 2ch=0.000 2cl=0.000 65s
 step  205000 loss=0.44827 bce=0.44827 lap=0.00 lam=0.0e+00 val=0.3796 2ch=0.000 2cl=0.000 65s
 step  210000 loss=0.44799 bce=0.44799 lap=0.00 lam=0.0e+00 val=0.3822 2ch=0.000 2cl=0.000 66s
 step  215000 loss=0.44781 bce=0.44781 lap=0.00 lam=0.0e+00 val=0.3852 2ch=0.001 2cl=0.000 65s
 step  220000 loss=0.44761 bce=0.44761 lap=0.00 lam=0.0e+00 val=0.3862 2ch=0.000 2cl=0.000 66s
 step  225000 loss=0.44743 bce=0.44743 lap=0.00 lam=0.0e+00 val=0.3820 2ch=0.000 2cl=0.000 65s
 step  230000 loss=0.44724 bce=0.44724 lap=0.00 lam=0.0e+00 val=0.3844 2ch=0.000 2cl=0.000 65s
 step  235000 loss=0.44710 bce=0.44710 lap=0.00 lam=0.0e+00 val=0.3838 2ch=0.000 2cl=0.000 65s
 step  240000 loss=0.44694 bce=0.44694 lap=0.00 lam=0.0e+00 val=0.3834 2ch=0.000 2cl=0.000 65s
 step  245000 loss=0.44685 bce=0.44685 lap=0.00 lam=0.0e+00 val=0.3826 2ch=0.000 2cl=0.000 65s
 step  250000 loss=0.44668 bce=0.44668 lap=0.00 lam=0.0e+00 val=0.3810 2ch=0.000 2cl=0.000 65s
 step  255000 loss=0.44656 bce=0.44656 lap=0.00 lam=0.0e+00 val=0.3834 2ch=0.000 2cl=0.000 66s
 step  260000 loss=0.44647 bce=0.44647 lap=0.00 lam=0.0e+00 val=0.3838 2ch=0.000 2cl=0.000 66s
 step  265000 loss=0.44631 bce=0.44631 lap=0.00 lam=0.0e+00 val=0.3824 2ch=0.000 2cl=0.000 66s
 step  270000 loss=0.44619 bce=0.44619 lap=0.00 lam=0.0e+00 val=0.3820 2ch=0.000 2cl=0.000 66s
 step  275000 loss=0.44608 bce=0.44608 lap=0.00 lam=0.0e+00 val=0.3800 2ch=0.000 2cl=0.000 65s
 step  280000 loss=0.44600 bce=0.44600 lap=0.00 lam=0.0e+00 val=0.3842 2ch=0.000 2cl=0.000 65s
 step  285000 loss=0.44596 bce=0.44596 lap=0.00 lam=0.0e+00 val=0.3814 2ch=0.000 2cl=0.000 65s
 step  290000 loss=0.44578 bce=0.44578 lap=0.00 lam=0.0e+00 val=0.3798 2ch=0.000 2cl=0.000 65s
 step  295000 loss=0.44575 bce=0.44575 lap=0.00 lam=0.0e+00 val=0.3814 2ch=0.000 2cl=0.000 65s
 step  300000 loss=0.44563 bce=0.44563 lap=0.00 lam=0.0e+00 val=0.3838 2ch=0.000 2cl=0.000 65s
 step  305000 loss=0.44555 bce=0.44555 lap=0.00 lam=0.0e+00 val=0.3832 2ch=0.000 2cl=0.000 65s
 step  310000 loss=0.44548 bce=0.44548 lap=0.00 lam=0.0e+00 val=0.3804 2ch=0.001 2cl=0.000 65s
 step  315000 loss=0.44531 bce=0.44531 lap=0.00 lam=0.0e+00 val=0.3826 2ch=0.000 2cl=0.000 66s
 step  320000 loss=0.44527 bce=0.44527 lap=0.00 lam=0.0e+00 val=0.3842 2ch=0.000 2cl=0.000 65s
 step  325000 loss=0.44522 bce=0.44522 lap=0.00 lam=0.0e+00 val=0.3812 2ch=0.000 2cl=0.000 65s
 step  330000 loss=0.44510 bce=0.44510 lap=0.00 lam=0.0e+00 val=0.3814 2ch=0.000 2cl=0.000 65s
 step  335000 loss=0.44500 bce=0.44500 lap=0.00 lam=0.0e+00 val=0.3812 2ch=0.000 2cl=0.000 66s
 step  340000 loss=0.44492 bce=0.44492 lap=0.00 lam=0.0e+00 val=0.3832 2ch=0.000 2cl=0.000 66s
 step  345000 loss=0.44492 bce=0.44492 lap=0.00 lam=0.0e+00 val=0.3828 2ch=0.000 2cl=0.000 66s
 step  350000 loss=0.44481 bce=0.44481 lap=0.00 lam=0.0e+00 val=0.3818 2ch=0.000 2cl=0.000 66s
 step  355000 loss=0.44481 bce=0.44481 lap=0.00 lam=0.0e+00 val=0.3822 2ch=0.000 2cl=0.002 65s
 step  360000 loss=0.44475 bce=0.44475 lap=0.00 lam=0.0e+00 val=0.3820 2ch=0.000 2cl=0.000 66s
 step  365000 loss=0.44466 bce=0.44466 lap=0.00 lam=0.0e+00 val=0.3808 2ch=0.001 2cl=0.000 66s
 step  370000 loss=0.44447 bce=0.44447 lap=0.00 lam=0.0e+00 val=0.3824 2ch=0.000 2cl=0.000 65s
 step  375000 loss=0.44447 bce=0.44447 lap=0.00 lam=0.0e+00 val=0.3832 2ch=0.000 2cl=0.000 65s
 step  380000 loss=0.44443 bce=0.44443 lap=0.00 lam=0.0e+00 val=0.3828 2ch=0.000 2cl=0.459 66s
 step  385000 loss=0.44434 bce=0.44434 lap=0.00 lam=0.0e+00 val=0.3838 2ch=0.000 2cl=0.153 65s
 step  390000 loss=0.44420 bce=0.44420 lap=0.00 lam=0.0e+00 val=0.3842 2ch=0.000 2cl=0.001 66s
 step  395000 loss=0.44404 bce=0.44404 lap=0.00 lam=0.0e+00 val=0.3860 2ch=0.000 2cl=0.001 66s
 step  400000 loss=0.44400 bce=0.44400 lap=0.00 lam=0.0e+00 val=0.3822 2ch=0.000 2cl=0.071 66s
 step  405000 loss=0.44393 bce=0.44393 lap=0.00 lam=0.0e+00 val=0.3834 2ch=0.000 2cl=0.012 65s
 step  410000 loss=0.44381 bce=0.44381 lap=0.00 lam=0.0e+00 val=0.3884 2ch=0.000 2cl=0.000 65s
 step  415000 loss=0.44377 bce=0.44377 lap=0.00 lam=0.0e+00 val=0.3850 2ch=0.000 2cl=0.001 66s
 step  420000 loss=0.44368 bce=0.44368 lap=0.00 lam=0.0e+00 val=0.3838 2ch=0.000 2cl=0.564 66s
 step  425000 loss=0.44361 bce=0.44361 lap=0.00 lam=0.0e+00 val=0.3842 2ch=0.000 2cl=0.002 66s
 step  430000 loss=0.44344 bce=0.44344 lap=0.00 lam=0.0e+00 val=0.3848 2ch=0.000 2cl=0.016 66s
 step  435000 loss=0.44345 bce=0.44345 lap=0.00 lam=0.0e+00 val=0.3840 2ch=0.000 2cl=0.555 65s
 step  440000 loss=0.44336 bce=0.44336 lap=0.00 lam=0.0e+00 val=0.3866 2ch=0.000 2cl=0.180 66s
 step  445000 loss=0.44336 bce=0.44336 lap=0.00 lam=0.0e+00 val=0.3876 2ch=0.000 2cl=0.302 65s
 step  450000 loss=0.44322 bce=0.44322 lap=0.00 lam=0.0e+00 val=0.3844 2ch=0.000 2cl=0.000 65s
 step  455000 loss=0.44317 bce=0.44317 lap=0.00 lam=0.0e+00 val=0.3884 2ch=0.000 2cl=0.000 65s
 step  460000 loss=0.44312 bce=0.44312 lap=0.00 lam=0.0e+00 val=0.3868 2ch=0.000 2cl=0.000 65s
 step  465000 loss=0.44300 bce=0.44300 lap=0.00 lam=0.0e+00 val=0.3852 2ch=0.000 2cl=0.000 65s
 step  470000 loss=0.44299 bce=0.44299 lap=0.00 lam=0.0e+00 val=0.3856 2ch=0.000 2cl=0.000 65s
 step  475000 loss=0.44296 bce=0.44296 lap=0.00 lam=0.0e+00 val=0.3890 2ch=0.000 2cl=0.016 65s
 step  480000 loss=0.44281 bce=0.44281 lap=0.00 lam=0.0e+00 val=0.3874 2ch=0.000 2cl=0.000 65s
 step  485000 loss=0.44276 bce=0.44276 lap=0.00 lam=0.0e+00 val=0.3874 2ch=0.000 2cl=0.000 65s
 step  490000 loss=0.44260 bce=0.44260 lap=0.00 lam=0.0e+00 val=0.3856 2ch=0.000 2cl=0.000 66s
 step  495000 loss=0.44263 bce=0.44263 lap=0.00 lam=0.0e+00 val=0.3870 2ch=0.000 2cl=0.008 65s
 step  500000 loss=0.44259 bce=0.44259 lap=0.00 lam=0.0e+00 val=0.3892 2ch=0.000 2cl=0.000 66s
 step  505000 loss=0.44260 bce=0.44260 lap=0.00 lam=0.0e+00 val=0.3822 2ch=0.000 2cl=0.000 66s
 step  510000 loss=0.44246 bce=0.44246 lap=0.00 lam=0.0e+00 val=0.3842 2ch=0.000 2cl=0.000 65s
 step  515000 loss=0.44247 bce=0.44247 lap=0.00 lam=0.0e+00 val=0.3876 2ch=0.000 2cl=0.000 65s
 step  520000 loss=0.44232 bce=0.44232 lap=0.00 lam=0.0e+00 val=0.3876 2ch=0.000 2cl=0.000 65s
 step  525000 loss=0.44233 bce=0.44233 lap=0.00 lam=0.0e+00 val=0.3880 2ch=0.000 2cl=0.000 66s
 step  530000 loss=0.44231 bce=0.44231 lap=0.00 lam=0.0e+00 val=0.3884 2ch=0.000 2cl=0.000 65s
 step  535000 loss=0.44218 bce=0.44218 lap=0.00 lam=0.0e+00 val=0.3854 2ch=0.000 2cl=0.000 65s
 step  540000 loss=0.44213 bce=0.44213 lap=0.00 lam=0.0e+00 val=0.3840 2ch=0.000 2cl=0.012 66s
 step  545000 loss=0.44210 bce=0.44210 lap=0.00 lam=0.0e+00 val=0.3864 2ch=0.000 2cl=0.000 66s
 step  550000 loss=0.44212 bce=0.44212 lap=0.00 lam=0.0e+00 val=0.3902 2ch=0.000 2cl=0.000 66s
 step  555000 loss=0.44203 bce=0.44203 lap=0.00 lam=0.0e+00 val=0.3870 2ch=0.000 2cl=0.000 65s
 step  560000 loss=0.44197 bce=0.44197 lap=0.00 lam=0.0e+00 val=0.3874 2ch=0.000 2cl=0.604 65s
 step  565000 loss=0.44198 bce=0.44198 lap=0.00 lam=0.0e+00 val=0.3884 2ch=0.000 2cl=0.000 65s
 step  570000 loss=0.44190 bce=0.44190 lap=0.00 lam=0.0e+00 val=0.3862 2ch=0.000 2cl=0.040 65s
 step  575000 loss=0.44185 bce=0.44185 lap=0.00 lam=0.0e+00 val=0.3874 2ch=0.000 2cl=0.122 65s
 step  580000 loss=0.44177 bce=0.44177 lap=0.00 lam=0.0e+00 val=0.3886 2ch=0.000 2cl=0.020 65s
 step  585000 loss=0.44174 bce=0.44174 lap=0.00 lam=0.0e+00 val=0.3882 2ch=0.000 2cl=0.001 65s
 step  590000 loss=0.44160 bce=0.44160 lap=0.00 lam=0.0e+00 val=0.3868 2ch=0.000 2cl=0.000 65s
 step  595000 loss=0.44161 bce=0.44161 lap=0.00 lam=0.0e+00 val=0.3884 2ch=0.000 2cl=0.002 65s
 step  600000 loss=0.44152 bce=0.44152 lap=0.00 lam=0.0e+00 val=0.3894 2ch=0.000 2cl=0.000 65s
 step  605000 loss=0.44135 bce=0.44135 lap=0.00 lam=0.0e+00 val=0.3846 2ch=0.000 2cl=0.002 66s
 step  610000 loss=0.44125 bce=0.44125 lap=0.00 lam=0.0e+00 val=0.3888 2ch=0.000 2cl=0.026 66s
 step  615000 loss=0.44116 bce=0.44116 lap=0.00 lam=0.0e+00 val=0.3896 2ch=0.000 2cl=0.000 65s
 step  620000 loss=0.44117 bce=0.44117 lap=0.00 lam=0.0e+00 val=0.3848 2ch=0.000 2cl=0.000 65s
 step  625000 loss=0.44108 bce=0.44108 lap=0.00 lam=0.0e+00 val=0.3866 2ch=0.000 2cl=0.002 65s
 step  630000 loss=0.44092 bce=0.44092 lap=0.00 lam=0.0e+00 val=0.3852 2ch=0.000 2cl=0.445 65s
 step  635000 loss=0.44103 bce=0.44103 lap=0.00 lam=0.0e+00 val=0.3868 2ch=0.000 2cl=0.071 65s
 step  640000 loss=0.44094 bce=0.44094 lap=0.00 lam=0.0e+00 val=0.3868 2ch=0.000 2cl=0.018 65s
 step  645000 loss=0.44084 bce=0.44084 lap=0.00 lam=0.0e+00 val=0.3890 2ch=0.000 2cl=0.051 65s
 step  650000 loss=0.44082 bce=0.44082 lap=0.00 lam=0.0e+00 val=0.3880 2ch=0.000 2cl=0.079 65s
 step  655000 loss=0.44068 bce=0.44068 lap=0.00 lam=0.0e+00 val=0.3876 2ch=0.000 2cl=0.005 65s
 step  660000 loss=0.44043 bce=0.44043 lap=0.00 lam=0.0e+00 val=0.3892 2ch=0.000 2cl=0.023 65s
 step  665000 loss=0.44023 bce=0.44023 lap=0.00 lam=0.0e+00 val=0.3906 2ch=0.000 2cl=0.002 66s
 step  670000 loss=0.44006 bce=0.44006 lap=0.00 lam=0.0e+00 val=0.3920 2ch=0.000 2cl=0.014 65s
 step  675000 loss=0.43966 bce=0.43966 lap=0.00 lam=0.0e+00 val=0.3924 2ch=0.000 2cl=0.225 65s
 step  680000 loss=0.43958 bce=0.43958 lap=0.00 lam=0.0e+00 val=0.3898 2ch=0.000 2cl=0.003 65s
 step  685000 loss=0.43938 bce=0.43938 lap=0.00 lam=0.0e+00 val=0.3928 2ch=0.000 2cl=0.112 65s
 step  690000 loss=0.43913 bce=0.43913 lap=0.00 lam=0.0e+00 val=0.3944 2ch=0.000 2cl=0.163 65s
 step  695000 loss=0.43912 bce=0.43912 lap=0.00 lam=0.0e+00 val=0.3946 2ch=0.000 2cl=0.362 65s
 step  700000 loss=0.43890 bce=0.43890 lap=0.00 lam=0.0e+00 val=0.3898 2ch=0.000 2cl=0.154 65s
 step  705000 loss=0.43874 bce=0.43874 lap=0.00 lam=0.0e+00 val=0.3940 2ch=0.000 2cl=0.142 65s
 step  710000 loss=0.43877 bce=0.43877 lap=0.00 lam=0.0e+00 val=0.3932 2ch=0.000 2cl=0.459 65s
 step  715000 loss=0.43863 bce=0.43863 lap=0.00 lam=0.0e+00 val=0.3926 2ch=0.000 2cl=0.097 65s
 step  720000 loss=0.43855 bce=0.43855 lap=0.00 lam=0.0e+00 val=0.3924 2ch=0.000 2cl=0.000 65s
 step  725000 loss=0.43856 bce=0.43856 lap=0.00 lam=0.0e+00 val=0.3956 2ch=0.000 2cl=0.233 65s
 step  730000 loss=0.43828 bce=0.43828 lap=0.00 lam=0.0e+00 val=0.3936 2ch=0.000 2cl=0.173 65s
 step  735000 loss=0.43826 bce=0.43826 lap=0.00 lam=0.0e+00 val=0.3912 2ch=0.000 2cl=0.308 65s
 step  740000 loss=0.43810 bce=0.43810 lap=0.00 lam=0.0e+00 val=0.3954 2ch=0.000 2cl=0.097 65s
 step  745000 loss=0.43802 bce=0.43802 lap=0.00 lam=0.0e+00 val=0.3966 2ch=0.000 2cl=0.001 65s
 step  750000 loss=0.43785 bce=0.43785 lap=0.00 lam=0.0e+00 val=0.3924 2ch=0.000 2cl=0.005 65s
 step  755000 loss=0.43774 bce=0.43774 lap=0.00 lam=0.0e+00 val=0.3946 2ch=0.000 2cl=0.209 65s
 step  760000 loss=0.43762 bce=0.43762 lap=0.00 lam=0.0e+00 val=0.3916 2ch=0.000 2cl=0.444 65s
 step  765000 loss=0.43753 bce=0.43753 lap=0.00 lam=0.0e+00 val=0.3914 2ch=0.000 2cl=0.290 65s
 step  770000 loss=0.43757 bce=0.43757 lap=0.00 lam=0.0e+00 val=0.3932 2ch=0.000 2cl=0.168 65s
 step  775000 loss=0.43746 bce=0.43746 lap=0.00 lam=0.0e+00 val=0.3932 2ch=0.000 2cl=0.049 65s
 step  780000 loss=0.43751 bce=0.43751 lap=0.00 lam=0.0e+00 val=0.3938 2ch=0.000 2cl=0.380 65s
 step  785000 loss=0.43739 bce=0.43739 lap=0.00 lam=0.0e+00 val=0.3920 2ch=0.000 2cl=0.040 65s
 step  790000 loss=0.43721 bce=0.43721 lap=0.00 lam=0.0e+00 val=0.3942 2ch=0.000 2cl=0.238 65s
 step  795000 loss=0.43722 bce=0.43722 lap=0.00 lam=0.0e+00 val=0.3928 2ch=0.000 2cl=0.046 65s
 step  800000 loss=0.43722 bce=0.43722 lap=0.00 lam=0.0e+00 val=0.3958 2ch=0.000 2cl=0.202 65s
 step  805000 loss=0.43713 bce=0.43713 lap=0.00 lam=0.0e+00 val=0.3940 2ch=0.000 2cl=0.009 65s
 step  810000 loss=0.43716 bce=0.43716 lap=0.00 lam=0.0e+00 val=0.3930 2ch=0.000 2cl=0.278 65s
 step  815000 loss=0.43702 bce=0.43702 lap=0.00 lam=0.0e+00 val=0.3966 2ch=0.000 2cl=0.171 65s
 step  820000 loss=0.43701 bce=0.43701 lap=0.00 lam=0.0e+00 val=0.3936 2ch=0.000 2cl=0.414 65s
 step  825000 loss=0.43703 bce=0.43703 lap=0.00 lam=0.0e+00 val=0.3926 2ch=0.000 2cl=0.381 65s
 step  830000 loss=0.43696 bce=0.43696 lap=0.00 lam=0.0e+00 val=0.3956 2ch=0.000 2cl=0.079 65s
 step  835000 loss=0.43693 bce=0.43693 lap=0.00 lam=0.0e+00 val=0.3940 2ch=0.000 2cl=0.115 65s
 step  840000 loss=0.43682 bce=0.43682 lap=0.00 lam=0.0e+00 val=0.3960 2ch=0.000 2cl=0.206 65s
 step  845000 loss=0.43690 bce=0.43690 lap=0.00 lam=0.0e+00 val=0.3944 2ch=0.000 2cl=0.113 65s
 step  850000 loss=0.43684 bce=0.43684 lap=0.00 lam=0.0e+00 val=0.3932 2ch=0.000 2cl=0.010 65s
 step  855000 loss=0.43684 bce=0.43684 lap=0.00 lam=0.0e+00 val=0.3948 2ch=0.000 2cl=0.108 65s
 step  860000 loss=0.43677 bce=0.43677 lap=0.00 lam=0.0e+00 val=0.3938 2ch=0.000 2cl=0.002 65s
 step  865000 loss=0.43678 bce=0.43678 lap=0.00 lam=0.0e+00 val=0.3946 2ch=0.000 2cl=0.023 65s
 step  870000 loss=0.43672 bce=0.43672 lap=0.00 lam=0.0e+00 val=0.3928 2ch=0.000 2cl=0.315 65s
 step  875000 loss=0.43670 bce=0.43670 lap=0.00 lam=0.0e+00 val=0.3964 2ch=0.000 2cl=0.192 65s
 step  880000 loss=0.43663 bce=0.43663 lap=0.00 lam=0.0e+00 val=0.3952 2ch=0.000 2cl=0.079 65s
 step  885000 loss=0.43658 bce=0.43658 lap=0.00 lam=0.0e+00 val=0.3940 2ch=0.000 2cl=0.033 65s
 step  890000 loss=0.43664 bce=0.43664 lap=0.00 lam=0.0e+00 val=0.3966 2ch=0.000 2cl=0.064 65s
 step  895000 loss=0.43659 bce=0.43659 lap=0.00 lam=0.0e+00 val=0.3954 2ch=0.000 2cl=0.082 65s
 step  900000 loss=0.43659 bce=0.43659 lap=0.00 lam=0.0e+00 val=0.3962 2ch=0.000 2cl=0.031 65s
 step  905000 loss=0.43672 bce=0.43672 lap=0.00 lam=0.0e+00 val=0.3944 2ch=0.000 2cl=0.014 65s
 step  910000 loss=0.43667 bce=0.43667 lap=0.00 lam=0.0e+00 val=0.3940 2ch=0.000 2cl=0.002 65s
 step  915000 loss=0.43661 bce=0.43661 lap=0.00 lam=0.0e+00 val=0.3952 2ch=0.000 2cl=0.006 65s
 step  920000 loss=0.43654 bce=0.43654 lap=0.00 lam=0.0e+00 val=0.3944 2ch=0.000 2cl=0.006 65s
 step  925000 loss=0.43651 bce=0.43651 lap=0.00 lam=0.0e+00 val=0.3952 2ch=0.000 2cl=0.008 65s
 step  930000 loss=0.43650 bce=0.43650 lap=0.00 lam=0.0e+00 val=0.3956 2ch=0.000 2cl=0.032 65s
 step  935000 loss=0.43655 bce=0.43655 lap=0.00 lam=0.0e+00 val=0.3966 2ch=0.000 2cl=0.035 65s
 step  940000 loss=0.43653 bce=0.43653 lap=0.00 lam=0.0e+00 val=0.3940 2ch=0.000 2cl=0.018 65s
 step  945000 loss=0.43652 bce=0.43652 lap=0.00 lam=0.0e+00 val=0.3960 2ch=0.000 2cl=0.011 65s
 step  950000 loss=0.43652 bce=0.43652 lap=0.00 lam=0.0e+00 val=0.3954 2ch=0.000 2cl=0.014 65s
 step  955000 loss=0.43654 bce=0.43654 lap=0.00 lam=0.0e+00 val=0.3952 2ch=0.000 2cl=0.011 65s
 step  960000 loss=0.43657 bce=0.43657 lap=0.00 lam=0.0e+00 val=0.3960 2ch=0.000 2cl=0.015 65s
 step  965000 loss=0.43649 bce=0.43649 lap=0.00 lam=0.0e+00 val=0.3958 2ch=0.000 2cl=0.016 65s
 step  970000 loss=0.43650 bce=0.43650 lap=0.00 lam=0.0e+00 val=0.3956 2ch=0.000 2cl=0.020 65s
 step  975000 loss=0.43646 bce=0.43646 lap=0.00 lam=0.0e+00 val=0.3952 2ch=0.000 2cl=0.018 65s
 step  980000 loss=0.43649 bce=0.43649 lap=0.00 lam=0.0e+00 val=0.3952 2ch=0.000 2cl=0.017 65s
 step  985000 loss=0.43656 bce=0.43656 lap=0.00 lam=0.0e+00 val=0.3954 2ch=0.000 2cl=0.023 65s
 step  990000 loss=0.43647 bce=0.43647 lap=0.00 lam=0.0e+00 val=0.3950 2ch=0.000 2cl=0.021 65s
 step  995000 loss=0.43644 bce=0.43644 lap=0.00 lam=0.0e+00 val=0.3952 2ch=0.000 2cl=0.021 65s
 step 1000000 loss=0.43651 bce=0.43651 lap=0.00 lam=0.0e+00 val=0.3952 2ch=0.000 2cl=0.021 65s
done. best in-dist exact=0.3966  -> runs/report9/n46_train/n46_split_chains_roberta_similarityfixed_lam0_seed2000
== eval_asym_chains.py (quick behavioural sweep) ==
checkpoint=runs/report9/n46_train/n46_split_chains_roberta_similarityfixed_lam0_seed2000/last.pt
  arch=roberta readout=similarity n=46 device=cuda
  split=( 1,45) exact=1.000 reach_long=1.000 cut=1.000 longblock=1.000
  split=( 2,44) exact=1.000 reach_long=1.000 cut=1.000 longblock=1.000
  split=( 3,43) exact=1.000 reach_long=1.000 cut=1.000 longblock=1.000
  split=( 4,42) exact=1.000 reach_long=1.000 cut=1.000 longblock=1.000
  split=( 5,41) exact=1.000 reach_long=1.000 cut=1.000 longblock=1.000
  split=( 6,40) exact=0.920 reach_long=0.995 cut=0.998 longblock=0.920
  split=( 7,39) exact=0.873 reach_long=0.986 cut=0.995 longblock=0.873
  split=( 8,38) exact=0.777 reach_long=0.962 cut=0.989 longblock=0.777
  split=( 9,37) exact=0.643 reach_long=0.939 cut=0.986 longblock=0.643
  split=(10,36) exact=0.470 reach_long=0.888 cut=0.974 longblock=0.470
  split=(11,35) exact=0.270 reach_long=0.854 cut=0.976 longblock=0.273
  split=(12,34) exact=0.007 reach_long=0.799 cut=0.971 longblock=0.013
  split=(13,33) exact=0.003 reach_long=0.795 cut=0.966 longblock=0.010
  split=(14,32) exact=0.007 reach_long=0.801 cut=0.961 longblock=0.010
  split=(15,31) exact=0.003 reach_long=0.807 cut=0.953 longblock=0.013
  split=(16,30) exact=0.000 reach_long=0.814 cut=0.932 longblock=0.003
  split=(17,29) exact=0.000 reach_long=0.826 cut=0.894 longblock=0.013
  split=(18,28) exact=0.000 reach_long=0.838 cut=0.860 longblock=0.013
  split=(19,27) exact=0.000 reach_long=0.847 cut=0.844 longblock=0.017
  split=(20,26) exact=0.000 reach_long=0.859 cut=0.844 longblock=0.020
  split=(21,25) exact=0.000 reach_long=0.876 cut=0.823 longblock=0.020
  split=(22,24) exact=0.000 reach_long=0.895 cut=0.819 longblock=0.040
  split=(23,23) exact=0.000 reach_long=0.908 cut=0.815 longblock=0.050
  saved -> runs/report9/asym_chains_n46/n46_splitchains_simfixed_seed2000/asym_chains.json
== mechanistic_asym_chains.py (sweep + logit -> Table 1 / Figure 1) ==
checkpoint=runs/report9/n46_train/n46_split_chains_roberta_similarityfixed_lam0_seed2000/last.pt
  arch=roberta readout=similarity n=46 device=cuda
  [selftest] run_with_cache matches model.forward_and_embeddings exactly
  [selftest] exact_contribution matches brute-force double loop (max diff 1.19e-07)

== behavioural sweep (random relabelling, the primary condition) ==
  a= 1 exact=1.000 reach_long=1.000 reach_short=nan cut=1.000 mode=random
  a= 2 exact=1.000 reach_long=1.000 reach_short=1.000 cut=1.000 mode=random
  a= 3 exact=1.000 reach_long=1.000 reach_short=1.000 cut=1.000 mode=random
  a= 4 exact=1.000 reach_long=1.000 reach_short=1.000 cut=1.000 mode=random
  a= 5 exact=1.000 reach_long=1.000 reach_short=1.000 cut=1.000 mode=random
  a= 6 exact=0.925 reach_long=0.993 reach_short=1.000 cut=0.997 mode=random
  a= 7 exact=0.875 reach_long=0.982 reach_short=1.000 cut=0.994 mode=random
  a= 8 exact=0.765 reach_long=0.963 reach_short=1.000 cut=0.990 mode=random
  a= 9 exact=0.655 reach_long=0.931 reach_short=1.000 cut=0.984 mode=random
  a=10 exact=0.505 reach_long=0.903 reach_short=1.000 cut=0.980 mode=random
  a=11 exact=0.295 reach_long=0.849 reach_short=0.999 cut=0.979 mode=random
  a=12 exact=0.020 reach_long=0.807 reach_short=0.990 cut=0.972 mode=random
  a=13 exact=0.015 reach_long=0.804 reach_short=0.998 cut=0.974 mode=random
  a=14 exact=0.010 reach_long=0.807 reach_short=0.991 cut=0.964 mode=random
  a=15 exact=0.005 reach_long=0.809 reach_short=0.991 cut=0.950 mode=random
  a=16 exact=0.000 reach_long=0.818 reach_short=0.972 cut=0.920 mode=random
  a=17 exact=0.000 reach_long=0.816 reach_short=0.977 cut=0.909 mode=random
  a=18 exact=0.000 reach_long=0.827 reach_short=0.966 cut=0.892 mode=random
  a=19 exact=0.000 reach_long=0.847 reach_short=0.955 cut=0.839 mode=random
  a=20 exact=0.000 reach_long=0.855 reach_short=0.941 cut=0.818 mode=random
  a=21 exact=0.000 reach_long=0.875 reach_short=0.941 cut=0.822 mode=random
  a=22 exact=0.000 reach_long=0.892 reach_short=0.921 cut=0.798 mode=random
  a=23 exact=0.000 reach_long=0.909 reach_short=0.911 cut=0.815 mode=random

== fixed-label comparison (identity permutation, confirmatory only) ==
  a= 1 exact=1.000 reach_long=1.000 reach_short=nan cut=1.000 mode=fixed
  a= 4 exact=1.000 reach_long=1.000 reach_short=1.000 cut=1.000 mode=fixed
  a= 7 exact=1.000 reach_long=1.000 reach_short=1.000 cut=1.000 mode=fixed
  a= 8 exact=1.000 reach_long=1.000 reach_short=1.000 cut=1.000 mode=fixed
  a=10 exact=0.000 reach_long=0.771 reach_short=1.000 cut=0.861 mode=fixed
  a=17 exact=0.000 reach_long=0.734 reach_short=0.934 cut=0.866 mode=fixed
  a=23 exact=0.000 reach_long=0.897 reach_short=0.909 cut=0.898 mode=fixed
  saved -> runs/report9/mechanistic/n46_splitchains_simfixed_seed2000/metrics.csv

== readout decomposition cos(h_i,h_j) (similarity read-out) ==
  readout(similarity) a= 1 done
  readout(similarity) a= 2 done
  readout(similarity) a= 3 done
  readout(similarity) a= 4 done
  readout(similarity) a= 5 done
  readout(similarity) a= 6 done
  readout(similarity) a= 7 done
  readout(similarity) a= 8 done
  readout(similarity) a= 9 done
  readout(similarity) a=10 done
  readout(similarity) a=11 done
  readout(similarity) a=12 done
  readout(similarity) a=13 done
  readout(similarity) a=14 done
  readout(similarity) a=15 done
  readout(similarity) a=16 done
  readout(similarity) a=17 done
  readout(similarity) a=18 done
  readout(similarity) a=19 done
  readout(similarity) a=20 done
  readout(similarity) a=21 done
  readout(similarity) a=22 done
  readout(similarity) a=23 done
  saved -> runs/report9/mechanistic/n46_splitchains_simfixed_seed2000/readout.csv

== W_in geometry (similarity read-out has no W_out) ==
  saved -> runs/report9/mechanistic/n46_splitchains_simfixed_seed2000/weights_summary.json

== attention probe (representative splits) ==
  attention a= 4 done (row_mass1 mean=2.242, exact-contribution over 8 graphs)
  attention a=23 done (row_mass1 mean=2.504, exact-contribution over 8 graphs)
  saved -> runs/report9/mechanistic/n46_splitchains_simfixed_seed2000/attn_cache.npz (12 arrays)
== mechanistic_heatmaps.py (attention scores/alpha -> Figure 3) ==
checkpoint=runs/report9/n46_train/n46_split_chains_roberta_similarityfixed_lam0_seed2000/last.pt
  arch=roberta readout=similarity n=46 device=cuda
== attention/Q/K/V heatmap probe ==
  heatmap probe a= 4 done
  heatmap probe a=23 done
  saved -> runs/report9/heatmaps/n46_splitchains_simfixed_seed2000/heatmap_data.npz
== raw weight matrices ==
  saved -> runs/report9/heatmaps/n46_splitchains_simfixed_seed2000/raw_weights.npz
== stagewise_diagnostics.py (layerwise cosine geometry) ==
checkpoint=runs/report9/n46_train/n46_split_chains_roberta_similarityfixed_lam0_seed2000/last.pt
  arch=roberta readout=similarity n=46 device=cuda
  [selftest] run_with_stages H2/logits match model.forward_and_embeddings exactly
  stagewise a= 4 done (M_far H0=0.012, H2=2.000)
  stagewise a=23 done (M_far H0=-0.004, H2=0.556)
  saved -> runs/report9/stagewise/n46_splitchains_simfixed_seed2000/stagewise_{geometry.npz,metrics.csv,margins.csv,deltaz.csv}
== eval_threeway_splitchains.py (Thread A.3 sec 5.2: all 176 combos) ==
checkpoint=runs/report9/n46_train/n46_split_chains_roberta_similarityfixed_lam0_seed2000/last.pt
  arch=roberta readout=similarity n=46 device=cuda topology=chain
testing 176 distinct 3-way size combinations (partitions of 46, min_size=1)
  sizes=(1, 1, 44) exact=0.000 reach=(None,None,1.0) cut=(0.0,1.0,1.0) pos_rate=0.917
  sizes=(1, 2, 43) exact=0.000 reach=(None,1.0,1.0) cut=(0.0,1.0,1.0) pos_rate=0.878
  sizes=(1, 3, 42) exact=0.000 reach=(None,0.3333,1.0) cut=(0.6567,0.97,0.3333) pos_rate=0.918
  sizes=(1, 4, 41) exact=0.000 reach=(None,0.48,1.0) cut=(0.5975,0.785,0.3675) pos_rate=0.907
  sizes=(1, 5, 40) exact=0.000 reach=(None,1.0,1.0) cut=(0.995,0.995,0.0) pos_rate=0.958
  sizes=(1, 6, 39) exact=0.000 reach=(None,0.9907,1.0) cut=(0.995,1.0,0.005) pos_rate=0.956
  sizes=(1, 7, 38) exact=0.000 reach=(None,0.9843,1.0) cut=(0.9914,1.0,0.0086) pos_rate=0.955
  sizes=(1, 8, 37) exact=0.000 reach=(None,0.9871,1.0) cut=(0.99,1.0,0.0106) pos_rate=0.954
  sizes=(1, 9, 36) exact=0.000 reach=(None,0.9892,1.0) cut=(0.9928,1.0,0.0072) pos_rate=0.955
  sizes=(1, 10, 35) exact=0.000 reach=(None,0.999,1.0) cut=(0.9995,1.0,0.0005) pos_rate=0.957
  sizes=(1, 11, 34) exact=0.000 reach=(None,1.0,1.0) cut=(1.0,1.0,0.0) pos_rate=0.958
  sizes=(1, 12, 33) exact=0.000 reach=(None,0.9992,1.0) cut=(0.9996,1.0,0.0004) pos_rate=0.957
  sizes=(1, 13, 32) exact=0.000 reach=(None,1.0,1.0) cut=(1.0,1.0,0.0) pos_rate=0.958
  sizes=(1, 14, 31) exact=0.000 reach=(None,1.0,1.0) cut=(1.0,1.0,0.0) pos_rate=0.958
  sizes=(1, 15, 30) exact=0.000 reach=(None,1.0,1.0) cut=(1.0,1.0,0.0) pos_rate=0.958
  sizes=(1, 16, 29) exact=0.000 reach=(None,1.0,1.0) cut=(1.0,1.0,0.0) pos_rate=0.958
  sizes=(1, 17, 28) exact=0.000 reach=(None,1.0,1.0) cut=(1.0,1.0,0.0) pos_rate=0.958
  sizes=(1, 18, 27) exact=0.000 reach=(None,1.0,1.0) cut=(1.0,1.0,0.0) pos_rate=0.958
  sizes=(1, 19, 26) exact=0.000 reach=(None,1.0,1.0) cut=(1.0,1.0,0.0) pos_rate=0.958
  sizes=(1, 20, 25) exact=0.000 reach=(None,1.0,1.0) cut=(1.0,1.0,0.0) pos_rate=0.958
  sizes=(1, 21, 24) exact=0.000 reach=(None,1.0,1.0) cut=(1.0,1.0,0.0) pos_rate=0.958
  sizes=(1, 22, 23) exact=0.000 reach=(None,1.0,1.0) cut=(1.0,1.0,0.0) pos_rate=0.958
  sizes=(2, 2, 42) exact=0.000 reach=(1.0,1.0,1.0) cut=(0.26,0.87,0.87) pos_rate=0.861
  sizes=(2, 3, 41) exact=0.000 reach=(1.0,0.3333,1.0) cut=(0.6667,1.0,0.3333) pos_rate=0.878
  sizes=(2, 4, 40) exact=0.000 reach=(1.0,0.9033,1.0) cut=(0.815,0.82,0.0587) pos_rate=0.922
  sizes=(2, 5, 39) exact=0.000 reach=(1.0,1.0,1.0) cut=(0.875,0.875,0.0) pos_rate=0.927
  sizes=(2, 6, 38) exact=0.000 reach=(1.0,0.9983,1.0) cut=(0.9958,0.995,0.0008) pos_rate=0.917
  sizes=(2, 7, 37) exact=0.000 reach=(1.0,0.9986,1.0) cut=(0.9943,0.995,0.0007) pos_rate=0.917
  sizes=(2, 8, 36) exact=0.000 reach=(1.0,1.0,1.0) cut=(0.995,0.995,0.0) pos_rate=0.917
  sizes=(2, 9, 35) exact=0.000 reach=(1.0,1.0,1.0) cut=(1.0,1.0,0.0) pos_rate=0.917
  sizes=(2, 10, 34) exact=0.000 reach=(1.0,1.0,1.0) cut=(1.0,1.0,0.0) pos_rate=0.917
  sizes=(2, 11, 33) exact=0.000 reach=(1.0,0.9984,1.0) cut=(0.9991,1.0,0.0009) pos_rate=0.916
  sizes=(2, 12, 32) exact=0.000 reach=(1.0,1.0,1.0) cut=(1.0,1.0,0.0) pos_rate=0.917
  sizes=(2, 13, 31) exact=0.000 reach=(1.0,1.0,1.0) cut=(1.0,1.0,0.0) pos_rate=0.917
  sizes=(2, 14, 30) exact=0.000 reach=(1.0,1.0,1.0) cut=(1.0,1.0,0.0) pos_rate=0.917
  sizes=(2, 15, 29) exact=0.000 reach=(1.0,1.0,1.0) cut=(1.0,1.0,0.0) pos_rate=0.917
  sizes=(2, 16, 28) exact=0.000 reach=(1.0,1.0,1.0) cut=(1.0,1.0,0.0) pos_rate=0.917
  sizes=(2, 17, 27) exact=0.000 reach=(1.0,1.0,1.0) cut=(1.0,1.0,0.0) pos_rate=0.917
  sizes=(2, 18, 26) exact=0.000 reach=(1.0,1.0,1.0) cut=(1.0,1.0,0.0) pos_rate=0.917
  sizes=(2, 19, 25) exact=0.000 reach=(1.0,1.0,1.0) cut=(1.0,1.0,0.0) pos_rate=0.917
  sizes=(2, 20, 24) exact=0.000 reach=(1.0,1.0,1.0) cut=(1.0,1.0,0.0) pos_rate=0.917
  sizes=(2, 21, 23) exact=0.000 reach=(1.0,1.0,1.0) cut=(1.0,1.0,0.0) pos_rate=0.917
  sizes=(2, 22, 22) exact=0.000 reach=(1.0,1.0,1.0) cut=(1.0,1.0,0.0) pos_rate=0.917
  sizes=(3, 3, 40) exact=0.000 reach=(0.5383,0.4967,1.0) cut=(0.4139,0.5467,0.5017) pos_rate=0.875
  sizes=(3, 4, 39) exact=0.000 reach=(0.3567,0.4733,1.0) cut=(0.5288,0.3533,0.5925) pos_rate=0.863
  sizes=(3, 5, 38) exact=0.000 reach=(0.35,0.8175,1.0) cut=(0.4143,0.3517,0.26) pos_rate=0.906
  sizes=(3, 6, 37) exact=0.000 reach=(0.4567,0.637,1.0) cut=(0.4542,0.46,0.3067) pos_rate=0.873
  sizes=(3, 7, 36) exact=0.000 reach=(0.54,0.7248,1.0) cut=(0.4905,0.5417,0.2471) pos_rate=0.869
  sizes=(3, 8, 35) exact=0.000 reach=(0.5,0.7905,1.0) cut=(0.5058,0.5017,0.1675) pos_rate=0.887
  sizes=(3, 9, 34) exact=0.000 reach=(0.645,0.9024,1.0) cut=(0.65,0.6467,0.0678) pos_rate=0.897
  sizes=(3, 10, 33) exact=0.000 reach=(0.7983,0.9414,1.0) cut=(0.7872,0.7983,0.035) pos_rate=0.889
  sizes=(3, 11, 32) exact=0.000 reach=(0.9317,0.969,1.0) cut=(0.918,0.9333,0.0159) pos_rate=0.880
  sizes=(3, 12, 31) exact=0.000 reach=(0.9983,0.9934,0.9997) cut=(0.9953,0.9982,0.0035) pos_rate=0.877
  sizes=(3, 13, 30) exact=0.000 reach=(0.9983,0.994,1.0) cut=(0.9955,0.9983,0.0031) pos_rate=0.877
  sizes=(3, 14, 29) exact=0.000 reach=(0.995,0.9965,1.0) cut=(0.9951,0.9967,0.0018) pos_rate=0.877
  sizes=(3, 15, 28) exact=0.000 reach=(0.9983,0.9987,1.0) cut=(0.9977,0.9983,0.0007) pos_rate=0.878
  sizes=(3, 16, 27) exact=0.000 reach=(0.9967,1.0,1.0) cut=(0.9967,0.9969,0.0) pos_rate=0.878
  sizes=(3, 17, 26) exact=0.000 reach=(0.9967,1.0,1.0) cut=(0.9967,0.9967,0.0) pos_rate=0.878
  sizes=(3, 18, 25) exact=0.000 reach=(0.9983,0.9995,0.9996) cut=(0.9982,0.9981,0.0005) pos_rate=0.878
  sizes=(3, 19, 24) exact=0.000 reach=(0.9933,1.0,0.9996) cut=(0.995,0.9948,0.0002) pos_rate=0.878
  sizes=(3, 20, 23) exact=0.000 reach=(0.995,0.9995,1.0) cut=(0.9948,0.995,0.0003) pos_rate=0.878
  sizes=(3, 21, 22) exact=0.000 reach=(0.995,1.0,1.0) cut=(0.995,0.995,0.0) pos_rate=0.879
  sizes=(4, 4, 38) exact=0.000 reach=(0.72,0.7442,1.0) cut=(0.3906,0.23,0.2225) pos_rate=0.926
  sizes=(4, 5, 37) exact=0.000 reach=(0.9358,0.99,1.0) cut=(0.1082,0.0813,0.029) pos_rate=0.981
  sizes=(4, 6, 36) exact=0.000 reach=(0.8083,0.988,1.0) cut=(0.4248,0.4163,0.0233) pos_rate=0.928
  sizes=(4, 7, 35) exact=0.000 reach=(0.8133,0.9883,1.0) cut=(0.4621,0.4525,0.0271) pos_rate=0.920
  sizes=(4, 8, 34) exact=0.000 reach=(0.8258,0.9964,1.0) cut=(0.5125,0.5088,0.0213) pos_rate=0.913
  sizes=(4, 9, 33) exact=0.000 reach=(0.7983,0.9958,1.0) cut=(0.5318,0.535,0.0172) pos_rate=0.909
  sizes=(4, 10, 32) exact=0.000 reach=(0.8092,0.994,1.0) cut=(0.729,0.7275,0.024) pos_rate=0.876
  sizes=(4, 11, 31) exact=0.000 reach=(0.94,0.9964,1.0) cut=(0.9397,0.9387,0.0123) pos_rate=0.846
  sizes=(4, 12, 30) exact=0.000 reach=(0.9942,0.994,0.9993) cut=(0.9725,0.9931,0.0214) pos_rate=0.835
  sizes=(4, 13, 29) exact=0.000 reach=(0.9967,0.9932,1.0) cut=(0.9867,0.9975,0.0108) pos_rate=0.838
  sizes=(4, 14, 28) exact=0.000 reach=(0.995,0.9947,0.9999) cut=(0.9817,0.9962,0.0151) pos_rate=0.837
  sizes=(4, 15, 27) exact=0.000 reach=(0.9983,0.9993,0.9999) cut=(0.9931,0.9988,0.0057) pos_rate=0.839
  sizes=(4, 16, 26) exact=0.000 reach=(0.9875,1.0,1.0) cut=(0.9912,0.9912,0.0) pos_rate=0.843
  sizes=(4, 17, 25) exact=0.000 reach=(0.9983,0.9903,0.9996) cut=(0.9885,0.9988,0.0108) pos_rate=0.836
  sizes=(4, 18, 24) exact=0.000 reach=(0.9983,0.9993,0.9998) cut=(0.9962,0.9985,0.0031) pos_rate=0.840
  sizes=(4, 19, 23) exact=0.000 reach=(0.9942,0.996,0.9988) cut=(0.9853,0.9939,0.0131) pos_rate=0.836
  sizes=(4, 20, 22) exact=0.000 reach=(0.9958,0.9969,0.9998) cut=(0.9925,0.9958,0.0055) pos_rate=0.839
  sizes=(4, 21, 21) exact=0.000 reach=(0.9975,0.9997,0.9994) cut=(0.9985,0.9983,0.0011) pos_rate=0.841
  sizes=(5, 5, 36) exact=0.000 reach=(0.991,0.995,1.0) cut=(0.046,0.022,0.024) pos_rate=0.991
  sizes=(5, 6, 35) exact=0.000 reach=(0.8895,0.979,1.0) cut=(0.2812,0.2701,0.0217) pos_rate=0.942
  sizes=(5, 7, 34) exact=0.000 reach=(0.939,0.9862,1.0) cut=(0.2726,0.255,0.04) pos_rate=0.940
  sizes=(5, 8, 33) exact=0.000 reach=(0.952,0.9877,1.0) cut=(0.3964,0.364,0.0456) pos_rate=0.916
  sizes=(5, 9, 32) exact=0.000 reach=(0.941,0.9925,1.0) cut=(0.5488,0.563,0.0161) pos_rate=0.886
  sizes=(5, 10, 31) exact=0.000 reach=(0.935,0.9934,1.0) cut=(0.617,0.595,0.039) pos_rate=0.871
  sizes=(5, 11, 30) exact=0.000 reach=(0.957,0.9905,1.0) cut=(0.8584,0.876,0.0232) pos_rate=0.823
  sizes=(5, 12, 29) exact=0.000 reach=(0.9975,0.9959,1.0) cut=(0.9854,0.995,0.0096) pos_rate=0.804
  sizes=(5, 13, 28) exact=0.000 reach=(0.9945,0.9938,0.9999) cut=(0.9771,0.993,0.0162) pos_rate=0.802
  sizes=(5, 14, 27) exact=0.000 reach=(1.0,0.9892,1.0) cut=(0.9896,1.0,0.0104) pos_rate=0.802
  sizes=(5, 15, 26) exact=0.000 reach=(0.998,0.998,1.0) cut=(0.9967,0.998,0.0013) pos_rate=0.806
  sizes=(5, 16, 25) exact=0.000 reach=(0.997,1.0,1.0) cut=(0.997,0.997,0.0) pos_rate=0.807
  sizes=(5, 17, 24) exact=0.000 reach=(1.0,0.9983,0.9999) cut=(0.9979,1.0,0.0022) pos_rate=0.805
  sizes=(5, 18, 23) exact=0.000 reach=(0.9955,0.9972,1.0) cut=(0.9927,0.995,0.0051) pos_rate=0.805
  sizes=(5, 19, 22) exact=0.000 reach=(1.0,0.9995,1.0) cut=(0.9997,1.0,0.0003) pos_rate=0.806
  sizes=(5, 20, 21) exact=0.000 reach=(1.0,1.0,1.0) cut=(0.9991,0.999,0.0) pos_rate=0.806
  sizes=(6, 6, 34) exact=0.000 reach=(0.8427,0.847,0.9982) cut=(0.3586,0.3016,0.3225) pos_rate=0.862
  sizes=(6, 7, 33) exact=0.000 reach=(0.8443,0.8793,0.9932) cut=(0.3767,0.373,0.3278) pos_rate=0.836
  sizes=(6, 8, 32) exact=0.000 reach=(0.883,0.8861,0.9971) cut=(0.4169,0.3897,0.2539) pos_rate=0.843
  sizes=(6, 9, 31) exact=0.000 reach=(0.8997,0.9031,0.9868) cut=(0.519,0.5118,0.251) pos_rate=0.807
  sizes=(6, 10, 30) exact=0.000 reach=(0.886,0.9432,0.9784) cut=(0.583,0.658,0.2176) pos_rate=0.780
  sizes=(6, 11, 29) exact=0.000 reach=(0.947,0.949,0.982) cut=(0.7606,0.9185,0.188) pos_rate=0.735
  sizes=(6, 12, 28) exact=0.000 reach=(1.0,0.9888,0.9508) cut=(0.7731,0.9779,0.2144) pos_rate=0.706
  sizes=(6, 13, 27) exact=0.000 reach=(1.0,0.9908,0.9732) cut=(0.8418,0.9871,0.1536) pos_rate=0.726
  sizes=(6, 14, 26) exact=0.000 reach=(0.9973,0.9873,0.9746) cut=(0.8439,0.9798,0.1524) pos_rate=0.727
  sizes=(6, 15, 25) exact=0.000 reach=(1.0,0.9911,0.9772) cut=(0.8747,0.9802,0.1329) pos_rate=0.732
  sizes=(6, 16, 24) exact=0.000 reach=(0.9983,0.9831,0.9828) cut=(0.8613,0.9824,0.1571) pos_rate=0.725
  sizes=(6, 17, 23) exact=0.000 reach=(0.9983,0.9812,0.9842) cut=(0.8959,0.9641,0.136) pos_rate=0.731
  sizes=(6, 18, 22) exact=0.000 reach=(1.0,0.9944,0.9885) cut=(0.9243,0.9648,0.1087) pos_rate=0.741
  sizes=(6, 19, 21) exact=0.000 reach=(0.9993,0.9858,0.9852) cut=(0.9261,0.9511,0.1235) pos_rate=0.735
  sizes=(6, 20, 20) exact=0.000 reach=(0.999,0.9876,0.9857) cut=(0.9408,0.9371,0.1368) pos_rate=0.731
  sizes=(7, 7, 32) exact=0.000 reach=(0.9186,0.9236,0.9981) cut=(0.482,0.3603,0.3497) pos_rate=0.823
  sizes=(7, 8, 31) exact=0.000 reach=(0.9388,0.9266,0.9926) cut=(0.466,0.4058,0.3413) pos_rate=0.806
  sizes=(7, 9, 30) exact=0.000 reach=(0.931,0.935,0.9787) cut=(0.4752,0.5204,0.3453) pos_rate=0.768
  sizes=(7, 10, 29) exact=0.000 reach=(0.9421,0.9347,0.98) cut=(0.5979,0.7508,0.2909) pos_rate=0.725
  sizes=(7, 11, 28) exact=0.000 reach=(0.9564,0.9602,0.9741) cut=(0.6753,0.9283,0.3051) pos_rate=0.678
  sizes=(7, 12, 27) exact=0.000 reach=(1.0,0.9829,0.9659) cut=(0.7376,0.9866,0.2583) pos_rate=0.674
  sizes=(7, 13, 26) exact=0.000 reach=(1.0,0.9917,0.9723) cut=(0.8318,0.9834,0.1661) pos_rate=0.697
  sizes=(7, 14, 25) exact=0.000 reach=(1.0,0.992,0.9738) cut=(0.7909,0.9801,0.2248) pos_rate=0.682
  sizes=(7, 15, 24) exact=0.000 reach=(1.0,0.9874,0.9792) cut=(0.8315,0.9773,0.1919) pos_rate=0.690
  sizes=(7, 16, 23) exact=0.000 reach=(1.0,0.991,0.9831) cut=(0.8519,0.9716,0.1887) pos_rate=0.691
  sizes=(7, 17, 22) exact=0.000 reach=(1.0,0.9878,0.9847) cut=(0.8548,0.9567,0.1848) pos_rate=0.694
  sizes=(7, 18, 21) exact=0.000 reach=(1.0,0.9814,0.9845) cut=(0.8674,0.9388,0.2106) pos_rate=0.685
  sizes=(7, 19, 20) exact=0.000 reach=(1.0,0.9856,0.9824) cut=(0.9057,0.908,0.2184) pos_rate=0.682
  sizes=(8, 8, 30) exact=0.000 reach=(0.9277,0.9287,0.9854) cut=(0.4494,0.3847,0.338) pos_rate=0.799
  sizes=(8, 9, 29) exact=0.000 reach=(0.9325,0.9513,0.9855) cut=(0.5018,0.4661,0.3357) pos_rate=0.772
  sizes=(8, 10, 28) exact=0.000 reach=(0.9152,0.9683,0.9888) cut=(0.6318,0.6247,0.2842) pos_rate=0.737
  sizes=(8, 11, 27) exact=0.000 reach=(0.9582,0.9714,0.9686) cut=(0.6631,0.9118,0.2823) pos_rate=0.666
  sizes=(8, 12, 26) exact=0.000 reach=(0.9989,0.986,0.9671) cut=(0.6891,0.9884,0.3125) pos_rate=0.640
  sizes=(8, 13, 25) exact=0.000 reach=(1.0,0.9801,0.9754) cut=(0.7312,0.9894,0.275) pos_rate=0.648
  sizes=(8, 14, 24) exact=0.000 reach=(1.0,0.979,0.9736) cut=(0.6943,0.9758,0.3251) pos_rate=0.637
  sizes=(8, 15, 23) exact=0.000 reach=(1.0,0.9819,0.9865) cut=(0.7923,0.9801,0.24) pos_rate=0.656
  sizes=(8, 16, 22) exact=0.000 reach=(1.0,0.9719,0.9819) cut=(0.7993,0.9614,0.2669) pos_rate=0.647
  sizes=(8, 17, 21) exact=0.000 reach=(0.9989,0.9746,0.9845) cut=(0.8332,0.9353,0.2716) pos_rate=0.646
  sizes=(8, 18, 20) exact=0.000 reach=(1.0,0.9874,0.9871) cut=(0.8994,0.9243,0.1951) pos_rate=0.667
  sizes=(8, 19, 19) exact=0.000 reach=(1.0,0.9828,0.9875) cut=(0.8981,0.8985,0.2225) pos_rate=0.661
  sizes=(9, 9, 28) exact=0.000 reach=(0.945,0.9376,0.9739) cut=(0.5025,0.4315,0.5232) pos_rate=0.721
  sizes=(9, 10, 27) exact=0.000 reach=(0.9329,0.9637,0.9791) cut=(0.6014,0.6384,0.4093) pos_rate=0.687
  sizes=(9, 11, 26) exact=0.000 reach=(0.9567,0.9714,0.9743) cut=(0.5893,0.8405,0.4337) pos_rate=0.631
  sizes=(9, 12, 25) exact=0.000 reach=(1.0,0.9819,0.9657) cut=(0.5696,0.9839,0.4347) pos_rate=0.599
  sizes=(9, 13, 24) exact=0.000 reach=(0.9993,0.9821,0.9757) cut=(0.6276,0.9813,0.3907) pos_rate=0.607
  sizes=(9, 14, 23) exact=0.000 reach=(0.9993,0.9843,0.9759) cut=(0.6762,0.9695,0.3637) pos_rate=0.612
  sizes=(9, 15, 22) exact=0.000 reach=(1.0,0.9778,0.9748) cut=(0.6835,0.9496,0.3896) pos_rate=0.606
  sizes=(9, 16, 21) exact=0.000 reach=(1.0,0.965,0.9831) cut=(0.7605,0.9402,0.3223) pos_rate=0.619
  sizes=(9, 17, 20) exact=0.000 reach=(1.0,0.9795,0.9827) cut=(0.802,0.9028,0.3344) pos_rate=0.617
  sizes=(9, 18, 19) exact=0.000 reach=(0.9988,0.9776,0.9795) cut=(0.8319,0.8715,0.3458) pos_rate=0.613
  sizes=(10, 10, 26) exact=0.000 reach=(0.9511,0.9526,0.9787) cut=(0.5,0.5851,0.5893) pos_rate=0.653
  sizes=(10, 11, 25) exact=0.000 reach=(0.9374,0.975,0.9639) cut=(0.477,0.8204,0.6074) pos_rate=0.585
  sizes=(10, 12, 24) exact=0.000 reach=(0.992,0.9861,0.9792) cut=(0.5139,0.983,0.5135) pos_rate=0.572
  sizes=(10, 13, 23) exact=0.000 reach=(0.9869,0.9782,0.9803) cut=(0.4729,0.9712,0.5736) pos_rate=0.562
  sizes=(10, 14, 22) exact=0.000 reach=(0.9858,0.9751,0.979) cut=(0.5296,0.958,0.5439) pos_rate=0.565
  sizes=(10, 15, 21) exact=0.000 reach=(0.988,0.9658,0.9835) cut=(0.6383,0.9421,0.4629) pos_rate=0.578
  sizes=(10, 16, 20) exact=0.000 reach=(0.9941,0.9577,0.9807) cut=(0.6617,0.9118,0.4925) pos_rate=0.570
  sizes=(10, 17, 19) exact=0.000 reach=(0.987,0.9664,0.9812) cut=(0.7656,0.8644,0.4128) pos_rate=0.588
  sizes=(10, 18, 18) exact=0.000 reach=(0.9864,0.9671,0.9732) cut=(0.7872,0.7861,0.5154) pos_rate=0.565
  sizes=(11, 11, 24) exact=0.000 reach=(0.9692,0.9545,0.9721) cut=(0.3813,0.8146,0.7775) pos_rate=0.548
  sizes=(11, 12, 23) exact=0.000 reach=(0.9779,0.9717,0.9814) cut=(0.3033,0.9658,0.7663) pos_rate=0.524
  sizes=(11, 13, 22) exact=0.000 reach=(0.9845,0.9704,0.9801) cut=(0.3559,0.9576,0.7419) pos_rate=0.525
  sizes=(11, 14, 21) exact=0.000 reach=(0.9788,0.956,0.9757) cut=(0.46,0.939,0.6773) pos_rate=0.530
  sizes=(11, 15, 20) exact=0.000 reach=(0.9833,0.9562,0.9814) cut=(0.5255,0.9238,0.6647) pos_rate=0.529
  sizes=(11, 16, 19) exact=0.000 reach=(0.9782,0.9584,0.975) cut=(0.6526,0.8647,0.6123) pos_rate=0.535
  sizes=(11, 17, 18) exact=0.000 reach=(0.9858,0.9685,0.9718) cut=(0.7426,0.8304,0.5811) pos_rate=0.536
  sizes=(12, 12, 22) exact=0.000 reach=(0.9799,0.9759,0.9831) cut=(0.1812,0.95,0.9465) pos_rate=0.496
  sizes=(12, 13, 21) exact=0.000 reach=(0.974,0.9669,0.9828) cut=(0.2652,0.9403,0.9028) pos_rate=0.496
  sizes=(12, 14, 20) exact=0.000 reach=(0.9763,0.9671,0.9793) cut=(0.3833,0.9163,0.8774) pos_rate=0.491
  sizes=(12, 15, 19) exact=0.000 reach=(0.9697,0.9485,0.982) cut=(0.4865,0.8962,0.8418) pos_rate=0.487
  sizes=(12, 16, 18) exact=0.000 reach=(0.9708,0.9429,0.9679) cut=(0.6156,0.8299,0.7938) pos_rate=0.490
  sizes=(12, 17, 17) exact=0.000 reach=(0.978,0.9651,0.9631) cut=(0.776,0.7611,0.7554) pos_rate=0.487
  sizes=(13, 13, 20) exact=0.000 reach=(0.9644,0.9673,0.9845) cut=(0.3557,0.9114,0.9166) pos_rate=0.486
  sizes=(13, 14, 19) exact=0.000 reach=(0.9737,0.9632,0.9819) cut=(0.4804,0.8821,0.8627) pos_rate=0.486
  sizes=(13, 15, 18) exact=0.000 reach=(0.9637,0.954,0.9601) cut=(0.572,0.8472,0.8294) pos_rate=0.482
  sizes=(13, 16, 17) exact=0.000 reach=(0.9678,0.9495,0.9684) cut=(0.6763,0.7852,0.8044) pos_rate=0.484
  sizes=(14, 14, 18) exact=0.000 reach=(0.956,0.9608,0.9582) cut=(0.5513,0.853,0.8593) pos_rate=0.477
  sizes=(14, 15, 17) exact=0.000 reach=(0.9564,0.9562,0.9646) cut=(0.6359,0.8309,0.8287) pos_rate=0.474
  sizes=(14, 16, 16) exact=0.000 reach=(0.9616,0.9577,0.9527) cut=(0.7569,0.7391,0.8099) pos_rate=0.474
  sizes=(15, 15, 16) exact=0.000 reach=(0.9527,0.9536,0.9434) cut=(0.7581,0.793,0.8104) pos_rate=0.459
  saved -> runs/report9/threeway_splitchains/n46_splitchains_simfixed_seed2000/threeway_split.csv
done: n46_splitchains_simfixed_seed2000
