== n46_split_chains_roberta_similarity_lam0_seed5000 ==
 device=cuda arch=roberta readout=similarity attn_kind=normalized_relu sim_fixed=False lambda=0.0 params=6,329,858
 step    5000 loss=0.50999 bce=0.50999 lap=0.00 lam=0.0e+00 val=0.0000 2ch=0.000 2cl=0.000 69s
 step   10000 loss=0.44062 bce=0.44062 lap=0.00 lam=0.0e+00 val=0.0000 2ch=0.000 2cl=0.000 62s
 step   15000 loss=0.40071 bce=0.40071 lap=0.00 lam=0.0e+00 val=0.0000 2ch=0.000 2cl=0.000 62s
 step   20000 loss=0.36519 bce=0.36519 lap=0.00 lam=0.0e+00 val=0.0000 2ch=0.000 2cl=0.000 62s
 step   25000 loss=0.33030 bce=0.33030 lap=0.00 lam=0.0e+00 val=0.0126 2ch=0.000 2cl=0.000 62s
 step   30000 loss=0.30080 bce=0.30080 lap=0.00 lam=0.0e+00 val=0.0370 2ch=0.000 2cl=0.000 62s
 step   35000 loss=0.27545 bce=0.27545 lap=0.00 lam=0.0e+00 val=0.1808 2ch=0.000 2cl=0.000 62s
 step   40000 loss=0.24912 bce=0.24912 lap=0.00 lam=0.0e+00 val=0.2210 2ch=0.000 2cl=0.000 62s
 step   45000 loss=0.22936 bce=0.22936 lap=0.00 lam=0.0e+00 val=0.2534 2ch=0.000 2cl=0.000 62s
 step   50000 loss=0.21196 bce=0.21196 lap=0.00 lam=0.0e+00 val=0.2722 2ch=0.000 2cl=0.000 62s
 step   55000 loss=0.19742 bce=0.19742 lap=0.00 lam=0.0e+00 val=0.3022 2ch=0.000 2cl=0.000 62s
 step   60000 loss=0.18582 bce=0.18582 lap=0.00 lam=0.0e+00 val=0.3472 2ch=0.000 2cl=0.000 63s
 step   65000 loss=0.17597 bce=0.17597 lap=0.00 lam=0.0e+00 val=0.3606 2ch=0.000 2cl=0.000 63s
 step   70000 loss=0.16788 bce=0.16788 lap=0.00 lam=0.0e+00 val=0.3814 2ch=0.000 2cl=0.000 63s
 step   75000 loss=0.16110 bce=0.16110 lap=0.00 lam=0.0e+00 val=0.3710 2ch=0.000 2cl=0.000 63s
 step   80000 loss=0.15494 bce=0.15494 lap=0.00 lam=0.0e+00 val=0.3910 2ch=0.000 2cl=0.000 63s
 step   85000 loss=0.14913 bce=0.14913 lap=0.00 lam=0.0e+00 val=0.4016 2ch=0.000 2cl=0.000 63s
 step   90000 loss=0.14419 bce=0.14419 lap=0.00 lam=0.0e+00 val=0.3960 2ch=0.000 2cl=0.000 63s
 step   95000 loss=0.13966 bce=0.13966 lap=0.00 lam=0.0e+00 val=0.4150 2ch=0.000 2cl=0.000 63s
 step  100000 loss=0.13524 bce=0.13524 lap=0.00 lam=0.0e+00 val=0.4154 2ch=0.000 2cl=0.000 63s
 step  105000 loss=0.13140 bce=0.13140 lap=0.00 lam=0.0e+00 val=0.4408 2ch=0.000 2cl=0.000 63s
 step  110000 loss=0.12766 bce=0.12766 lap=0.00 lam=0.0e+00 val=0.4384 2ch=0.000 2cl=0.000 63s
 step  115000 loss=0.12453 bce=0.12453 lap=0.00 lam=0.0e+00 val=0.4384 2ch=0.000 2cl=0.000 63s
 step  120000 loss=0.12183 bce=0.12183 lap=0.00 lam=0.0e+00 val=0.4480 2ch=0.000 2cl=0.000 63s
 step  125000 loss=0.11944 bce=0.11944 lap=0.00 lam=0.0e+00 val=0.4460 2ch=0.000 2cl=0.000 63s
 step  130000 loss=0.11736 bce=0.11736 lap=0.00 lam=0.0e+00 val=0.4500 2ch=0.000 2cl=0.000 63s
 step  135000 loss=0.11550 bce=0.11550 lap=0.00 lam=0.0e+00 val=0.4526 2ch=0.000 2cl=0.000 63s
 step  140000 loss=0.11380 bce=0.11380 lap=0.00 lam=0.0e+00 val=0.4594 2ch=0.000 2cl=0.000 63s
 step  145000 loss=0.11210 bce=0.11210 lap=0.00 lam=0.0e+00 val=0.4684 2ch=0.000 2cl=0.000 63s
 step  150000 loss=0.11059 bce=0.11059 lap=0.00 lam=0.0e+00 val=0.4640 2ch=0.000 2cl=0.000 63s
 step  155000 loss=0.10914 bce=0.10914 lap=0.00 lam=0.0e+00 val=0.4630 2ch=0.000 2cl=0.000 63s
 step  160000 loss=0.10785 bce=0.10785 lap=0.00 lam=0.0e+00 val=0.4650 2ch=0.000 2cl=0.000 63s
 step  165000 loss=0.10657 bce=0.10657 lap=0.00 lam=0.0e+00 val=0.4692 2ch=0.000 2cl=0.000 63s
 step  170000 loss=0.10538 bce=0.10538 lap=0.00 lam=0.0e+00 val=0.4692 2ch=0.000 2cl=0.000 62s
 step  175000 loss=0.10422 bce=0.10422 lap=0.00 lam=0.0e+00 val=0.4722 2ch=0.000 2cl=0.000 62s
 step  180000 loss=0.10322 bce=0.10322 lap=0.00 lam=0.0e+00 val=0.4734 2ch=0.000 2cl=0.000 63s
 step  185000 loss=0.10232 bce=0.10232 lap=0.00 lam=0.0e+00 val=0.4722 2ch=0.000 2cl=0.000 62s
 step  190000 loss=0.10140 bce=0.10140 lap=0.00 lam=0.0e+00 val=0.4750 2ch=0.000 2cl=0.000 63s
 step  195000 loss=0.10061 bce=0.10061 lap=0.00 lam=0.0e+00 val=0.4738 2ch=0.000 2cl=0.000 63s
 step  200000 loss=0.09969 bce=0.09969 lap=0.00 lam=0.0e+00 val=0.4720 2ch=0.000 2cl=0.000 62s
 step  205000 loss=0.09902 bce=0.09902 lap=0.00 lam=0.0e+00 val=0.4792 2ch=0.000 2cl=0.000 62s
 step  210000 loss=0.09837 bce=0.09837 lap=0.00 lam=0.0e+00 val=0.4772 2ch=0.000 2cl=0.000 62s
 step  215000 loss=0.09771 bce=0.09771 lap=0.00 lam=0.0e+00 val=0.4778 2ch=0.000 2cl=0.000 62s
 step  220000 loss=0.09704 bce=0.09704 lap=0.00 lam=0.0e+00 val=0.4772 2ch=0.000 2cl=0.000 62s
 step  225000 loss=0.09656 bce=0.09656 lap=0.00 lam=0.0e+00 val=0.4770 2ch=0.000 2cl=0.000 63s
 step  230000 loss=0.09600 bce=0.09600 lap=0.00 lam=0.0e+00 val=0.4772 2ch=0.000 2cl=0.000 63s
 step  235000 loss=0.09550 bce=0.09550 lap=0.00 lam=0.0e+00 val=0.4800 2ch=0.000 2cl=0.000 62s
 step  240000 loss=0.09505 bce=0.09505 lap=0.00 lam=0.0e+00 val=0.4782 2ch=0.000 2cl=0.000 63s
 step  245000 loss=0.09458 bce=0.09458 lap=0.00 lam=0.0e+00 val=0.4762 2ch=0.000 2cl=0.000 62s
 step  250000 loss=0.09405 bce=0.09405 lap=0.00 lam=0.0e+00 val=0.4772 2ch=0.000 2cl=0.000 62s
 step  255000 loss=0.09362 bce=0.09362 lap=0.00 lam=0.0e+00 val=0.4780 2ch=0.000 2cl=0.000 62s
 step  260000 loss=0.09303 bce=0.09303 lap=0.00 lam=0.0e+00 val=0.4766 2ch=0.000 2cl=0.000 62s
 step  265000 loss=0.09251 bce=0.09251 lap=0.00 lam=0.0e+00 val=0.4784 2ch=0.000 2cl=0.000 62s
 step  270000 loss=0.09202 bce=0.09202 lap=0.00 lam=0.0e+00 val=0.4810 2ch=0.000 2cl=0.000 62s
 step  275000 loss=0.09150 bce=0.09150 lap=0.00 lam=0.0e+00 val=0.4762 2ch=0.000 2cl=0.000 62s
 step  280000 loss=0.09090 bce=0.09090 lap=0.00 lam=0.0e+00 val=0.4742 2ch=0.000 2cl=0.000 62s
 step  285000 loss=0.09047 bce=0.09047 lap=0.00 lam=0.0e+00 val=0.4786 2ch=0.000 2cl=0.000 62s
 step  290000 loss=0.08992 bce=0.08992 lap=0.00 lam=0.0e+00 val=0.4746 2ch=0.000 2cl=0.000 62s
 step  295000 loss=0.08932 bce=0.08932 lap=0.00 lam=0.0e+00 val=0.4800 2ch=0.000 2cl=0.000 62s
 step  300000 loss=0.08887 bce=0.08887 lap=0.00 lam=0.0e+00 val=0.4814 2ch=0.000 2cl=0.000 62s
 step  305000 loss=0.08845 bce=0.08845 lap=0.00 lam=0.0e+00 val=0.4810 2ch=0.000 2cl=0.000 63s
 step  310000 loss=0.08801 bce=0.08801 lap=0.00 lam=0.0e+00 val=0.4812 2ch=0.000 2cl=0.000 62s
 step  315000 loss=0.08761 bce=0.08761 lap=0.00 lam=0.0e+00 val=0.4806 2ch=0.000 2cl=0.000 62s
 step  320000 loss=0.08731 bce=0.08731 lap=0.00 lam=0.0e+00 val=0.4822 2ch=0.000 2cl=0.000 62s
 step  325000 loss=0.08703 bce=0.08703 lap=0.00 lam=0.0e+00 val=0.4798 2ch=0.000 2cl=0.000 62s
 step  330000 loss=0.08665 bce=0.08665 lap=0.00 lam=0.0e+00 val=0.4824 2ch=0.000 2cl=0.000 62s
 step  335000 loss=0.08636 bce=0.08636 lap=0.00 lam=0.0e+00 val=0.4824 2ch=0.000 2cl=0.000 63s
 step  340000 loss=0.08607 bce=0.08607 lap=0.00 lam=0.0e+00 val=0.4824 2ch=0.000 2cl=0.000 63s
 step  345000 loss=0.08584 bce=0.08584 lap=0.00 lam=0.0e+00 val=0.4826 2ch=0.000 2cl=0.000 62s
 step  350000 loss=0.08564 bce=0.08564 lap=0.00 lam=0.0e+00 val=0.4826 2ch=0.000 2cl=0.000 63s
 step  355000 loss=0.08535 bce=0.08535 lap=0.00 lam=0.0e+00 val=0.4824 2ch=0.000 2cl=0.000 63s
 step  360000 loss=0.08519 bce=0.08519 lap=0.00 lam=0.0e+00 val=0.4826 2ch=0.000 2cl=0.000 63s
 step  365000 loss=0.08505 bce=0.08505 lap=0.00 lam=0.0e+00 val=0.4826 2ch=0.000 2cl=0.000 62s
 step  370000 loss=0.08477 bce=0.08477 lap=0.00 lam=0.0e+00 val=0.4822 2ch=0.000 2cl=0.000 62s
 step  375000 loss=0.08466 bce=0.08466 lap=0.00 lam=0.0e+00 val=0.4826 2ch=0.000 2cl=0.000 63s
 step  380000 loss=0.08451 bce=0.08451 lap=0.00 lam=0.0e+00 val=0.4826 2ch=0.000 2cl=0.000 63s
 step  385000 loss=0.08435 bce=0.08435 lap=0.00 lam=0.0e+00 val=0.4826 2ch=0.000 2cl=0.000 63s
 step  390000 loss=0.08421 bce=0.08421 lap=0.00 lam=0.0e+00 val=0.4826 2ch=0.000 2cl=0.000 62s
 step  395000 loss=0.08406 bce=0.08406 lap=0.00 lam=0.0e+00 val=0.4826 2ch=0.000 2cl=0.000 63s
 step  400000 loss=0.08385 bce=0.08385 lap=0.00 lam=0.0e+00 val=0.4826 2ch=0.000 2cl=0.000 62s
 step  405000 loss=0.08382 bce=0.08382 lap=0.00 lam=0.0e+00 val=0.4826 2ch=0.000 2cl=0.000 62s
 step  410000 loss=0.08364 bce=0.08364 lap=0.00 lam=0.0e+00 val=0.4826 2ch=0.000 2cl=0.000 62s
 step  415000 loss=0.08344 bce=0.08344 lap=0.00 lam=0.0e+00 val=0.4826 2ch=0.000 2cl=0.000 63s
 step  420000 loss=0.08339 bce=0.08339 lap=0.00 lam=0.0e+00 val=0.4826 2ch=0.000 2cl=0.000 62s
 step  425000 loss=0.08325 bce=0.08325 lap=0.00 lam=0.0e+00 val=0.4826 2ch=0.000 2cl=0.000 62s
 step  430000 loss=0.08311 bce=0.08311 lap=0.00 lam=0.0e+00 val=0.4826 2ch=0.000 2cl=0.000 62s
 step  435000 loss=0.08297 bce=0.08297 lap=0.00 lam=0.0e+00 val=0.4826 2ch=0.000 2cl=0.000 62s
 step  440000 loss=0.08283 bce=0.08283 lap=0.00 lam=0.0e+00 val=0.4826 2ch=0.000 2cl=0.000 62s
 step  445000 loss=0.08278 bce=0.08278 lap=0.00 lam=0.0e+00 val=0.4826 2ch=0.000 2cl=0.000 63s
 step  450000 loss=0.08265 bce=0.08265 lap=0.00 lam=0.0e+00 val=0.4826 2ch=0.000 2cl=0.000 63s
 step  455000 loss=0.08249 bce=0.08249 lap=0.00 lam=0.0e+00 val=0.4826 2ch=0.000 2cl=0.000 62s
 step  460000 loss=0.08240 bce=0.08240 lap=0.00 lam=0.0e+00 val=0.4826 2ch=0.000 2cl=0.000 62s
 step  465000 loss=0.08237 bce=0.08237 lap=0.00 lam=0.0e+00 val=0.4826 2ch=0.000 2cl=0.000 62s
 step  470000 loss=0.08220 bce=0.08220 lap=0.00 lam=0.0e+00 val=0.4826 2ch=0.000 2cl=0.000 62s
 step  475000 loss=0.08209 bce=0.08209 lap=0.00 lam=0.0e+00 val=0.4826 2ch=0.000 2cl=0.000 62s
 step  480000 loss=0.08195 bce=0.08195 lap=0.00 lam=0.0e+00 val=0.4826 2ch=0.000 2cl=0.000 62s
 step  485000 loss=0.08187 bce=0.08187 lap=0.00 lam=0.0e+00 val=0.4826 2ch=0.000 2cl=0.000 62s
 step  490000 loss=0.08188 bce=0.08188 lap=0.00 lam=0.0e+00 val=0.4826 2ch=0.000 2cl=0.000 62s
 step  495000 loss=0.08175 bce=0.08175 lap=0.00 lam=0.0e+00 val=0.4826 2ch=0.000 2cl=0.000 63s
 step  500000 loss=0.08161 bce=0.08161 lap=0.00 lam=0.0e+00 val=0.4826 2ch=0.000 2cl=0.000 62s
 step  505000 loss=0.08150 bce=0.08150 lap=0.00 lam=0.0e+00 val=0.4826 2ch=0.000 2cl=0.000 63s
 step  510000 loss=0.08149 bce=0.08149 lap=0.00 lam=0.0e+00 val=0.4826 2ch=0.000 2cl=0.000 63s
 step  515000 loss=0.08132 bce=0.08132 lap=0.00 lam=0.0e+00 val=0.4826 2ch=0.000 2cl=0.000 62s
 step  520000 loss=0.08125 bce=0.08125 lap=0.00 lam=0.0e+00 val=0.4826 2ch=0.000 2cl=0.000 62s
 step  525000 loss=0.08118 bce=0.08118 lap=0.00 lam=0.0e+00 val=0.4826 2ch=0.000 2cl=0.000 62s
 step  530000 loss=0.08106 bce=0.08106 lap=0.00 lam=0.0e+00 val=0.4826 2ch=0.000 2cl=0.000 63s
 step  535000 loss=0.08103 bce=0.08103 lap=0.00 lam=0.0e+00 val=0.4826 2ch=0.000 2cl=0.000 63s
 step  540000 loss=0.08094 bce=0.08094 lap=0.00 lam=0.0e+00 val=0.4826 2ch=0.000 2cl=0.000 63s
 step  545000 loss=0.08084 bce=0.08084 lap=0.00 lam=0.0e+00 val=0.4826 2ch=0.000 2cl=0.000 62s
 step  550000 loss=0.08079 bce=0.08079 lap=0.00 lam=0.0e+00 val=0.4826 2ch=0.000 2cl=0.000 62s
 step  555000 loss=0.08066 bce=0.08066 lap=0.00 lam=0.0e+00 val=0.4826 2ch=0.000 2cl=0.000 63s
 step  560000 loss=0.08060 bce=0.08060 lap=0.00 lam=0.0e+00 val=0.4826 2ch=0.000 2cl=0.000 63s
 step  565000 loss=0.08056 bce=0.08056 lap=0.00 lam=0.0e+00 val=0.4826 2ch=0.000 2cl=0.000 63s
 step  570000 loss=0.08041 bce=0.08041 lap=0.00 lam=0.0e+00 val=0.4826 2ch=0.000 2cl=0.000 62s
 step  575000 loss=0.08042 bce=0.08042 lap=0.00 lam=0.0e+00 val=0.4826 2ch=0.000 2cl=0.000 62s
 step  580000 loss=0.08024 bce=0.08024 lap=0.00 lam=0.0e+00 val=0.4826 2ch=0.000 2cl=0.000 62s
 step  585000 loss=0.08018 bce=0.08018 lap=0.00 lam=0.0e+00 val=0.4826 2ch=0.000 2cl=0.000 62s
 step  590000 loss=0.08015 bce=0.08015 lap=0.00 lam=0.0e+00 val=0.4826 2ch=0.000 2cl=0.000 62s
 step  595000 loss=0.08013 bce=0.08013 lap=0.00 lam=0.0e+00 val=0.4826 2ch=0.000 2cl=0.000 63s
 step  600000 loss=0.08001 bce=0.08001 lap=0.00 lam=0.0e+00 val=0.4826 2ch=0.000 2cl=0.000 62s
 step  605000 loss=0.07989 bce=0.07989 lap=0.00 lam=0.0e+00 val=0.4826 2ch=0.000 2cl=0.000 62s
 step  610000 loss=0.07990 bce=0.07990 lap=0.00 lam=0.0e+00 val=0.4826 2ch=0.000 2cl=0.000 62s
 step  615000 loss=0.07978 bce=0.07978 lap=0.00 lam=0.0e+00 val=0.4826 2ch=0.000 2cl=0.000 62s
 step  620000 loss=0.07976 bce=0.07976 lap=0.00 lam=0.0e+00 val=0.4826 2ch=0.000 2cl=0.000 63s
 step  625000 loss=0.07972 bce=0.07972 lap=0.00 lam=0.0e+00 val=0.4826 2ch=0.000 2cl=0.000 62s
 step  630000 loss=0.07965 bce=0.07965 lap=0.00 lam=0.0e+00 val=0.4826 2ch=0.000 2cl=0.000 62s
 step  635000 loss=0.07953 bce=0.07953 lap=0.00 lam=0.0e+00 val=0.4826 2ch=0.000 2cl=0.000 62s
 step  640000 loss=0.07951 bce=0.07951 lap=0.00 lam=0.0e+00 val=0.4826 2ch=0.000 2cl=0.000 63s
 step  645000 loss=0.07940 bce=0.07940 lap=0.00 lam=0.0e+00 val=0.4826 2ch=0.000 2cl=0.000 62s
 step  650000 loss=0.07937 bce=0.07937 lap=0.00 lam=0.0e+00 val=0.4826 2ch=0.000 2cl=0.000 62s
 step  655000 loss=0.07926 bce=0.07926 lap=0.00 lam=0.0e+00 val=0.4826 2ch=0.000 2cl=0.000 62s
 step  660000 loss=0.07930 bce=0.07930 lap=0.00 lam=0.0e+00 val=0.4826 2ch=0.000 2cl=0.000 62s
 step  665000 loss=0.07915 bce=0.07915 lap=0.00 lam=0.0e+00 val=0.4826 2ch=0.000 2cl=0.000 62s
 step  670000 loss=0.07912 bce=0.07912 lap=0.00 lam=0.0e+00 val=0.4826 2ch=0.000 2cl=0.000 62s
 step  675000 loss=0.07910 bce=0.07910 lap=0.00 lam=0.0e+00 val=0.4826 2ch=0.000 2cl=0.000 62s
 step  680000 loss=0.07901 bce=0.07901 lap=0.00 lam=0.0e+00 val=0.4826 2ch=0.000 2cl=0.000 62s
 step  685000 loss=0.07888 bce=0.07888 lap=0.00 lam=0.0e+00 val=0.4826 2ch=0.000 2cl=0.000 62s
 step  690000 loss=0.07892 bce=0.07892 lap=0.00 lam=0.0e+00 val=0.4826 2ch=0.000 2cl=0.000 62s
 step  695000 loss=0.07877 bce=0.07877 lap=0.00 lam=0.0e+00 val=0.4826 2ch=0.000 2cl=0.000 63s
 step  700000 loss=0.07873 bce=0.07873 lap=0.00 lam=0.0e+00 val=0.4826 2ch=0.000 2cl=0.000 62s
 step  705000 loss=0.07873 bce=0.07873 lap=0.00 lam=0.0e+00 val=0.4826 2ch=0.000 2cl=0.000 62s
 step  710000 loss=0.07868 bce=0.07868 lap=0.00 lam=0.0e+00 val=0.4826 2ch=0.000 2cl=0.000 62s
 step  715000 loss=0.07862 bce=0.07862 lap=0.00 lam=0.0e+00 val=0.4826 2ch=0.000 2cl=0.000 62s
 step  720000 loss=0.07857 bce=0.07857 lap=0.00 lam=0.0e+00 val=0.4826 2ch=0.000 2cl=0.000 63s
 step  725000 loss=0.07844 bce=0.07844 lap=0.00 lam=0.0e+00 val=0.4826 2ch=0.000 2cl=0.000 62s
 step  730000 loss=0.07851 bce=0.07851 lap=0.00 lam=0.0e+00 val=0.4826 2ch=0.000 2cl=0.000 63s
 step  735000 loss=0.07842 bce=0.07842 lap=0.00 lam=0.0e+00 val=0.4826 2ch=0.000 2cl=0.000 63s
 step  740000 loss=0.07845 bce=0.07845 lap=0.00 lam=0.0e+00 val=0.4826 2ch=0.000 2cl=0.000 62s
 step  745000 loss=0.07835 bce=0.07835 lap=0.00 lam=0.0e+00 val=0.4826 2ch=0.000 2cl=0.000 63s
 step  750000 loss=0.07829 bce=0.07829 lap=0.00 lam=0.0e+00 val=0.4826 2ch=0.000 2cl=0.000 63s
 step  755000 loss=0.07822 bce=0.07822 lap=0.00 lam=0.0e+00 val=0.4826 2ch=0.000 2cl=0.000 63s
 step  760000 loss=0.07821 bce=0.07821 lap=0.00 lam=0.0e+00 val=0.4826 2ch=0.000 2cl=0.000 63s
 step  765000 loss=0.07816 bce=0.07816 lap=0.00 lam=0.0e+00 val=0.4826 2ch=0.000 2cl=0.000 63s
 step  770000 loss=0.07815 bce=0.07815 lap=0.00 lam=0.0e+00 val=0.4826 2ch=0.000 2cl=0.000 63s
 step  775000 loss=0.07808 bce=0.07808 lap=0.00 lam=0.0e+00 val=0.4826 2ch=0.000 2cl=0.000 63s
 step  780000 loss=0.07806 bce=0.07806 lap=0.00 lam=0.0e+00 val=0.4826 2ch=0.000 2cl=0.000 63s
 step  785000 loss=0.07803 bce=0.07803 lap=0.00 lam=0.0e+00 val=0.4826 2ch=0.000 2cl=0.000 63s
 step  790000 loss=0.07798 bce=0.07798 lap=0.00 lam=0.0e+00 val=0.4826 2ch=0.000 2cl=0.000 63s
 step  795000 loss=0.07797 bce=0.07797 lap=0.00 lam=0.0e+00 val=0.4826 2ch=0.000 2cl=0.000 63s
 step  800000 loss=0.07789 bce=0.07789 lap=0.00 lam=0.0e+00 val=0.4826 2ch=0.000 2cl=0.000 63s
 step  805000 loss=0.07786 bce=0.07786 lap=0.00 lam=0.0e+00 val=0.4826 2ch=0.000 2cl=0.000 63s
 step  810000 loss=0.07777 bce=0.07777 lap=0.00 lam=0.0e+00 val=0.4826 2ch=0.000 2cl=0.000 63s
 step  815000 loss=0.07778 bce=0.07778 lap=0.00 lam=0.0e+00 val=0.4826 2ch=0.000 2cl=0.000 63s
 step  820000 loss=0.07769 bce=0.07769 lap=0.00 lam=0.0e+00 val=0.4826 2ch=0.000 2cl=0.000 63s
 step  825000 loss=0.07780 bce=0.07780 lap=0.00 lam=0.0e+00 val=0.4826 2ch=0.000 2cl=0.000 63s
 step  830000 loss=0.07770 bce=0.07770 lap=0.00 lam=0.0e+00 val=0.4826 2ch=0.000 2cl=0.000 63s
 step  835000 loss=0.07763 bce=0.07763 lap=0.00 lam=0.0e+00 val=0.4826 2ch=0.000 2cl=0.000 63s
 step  840000 loss=0.07772 bce=0.07772 lap=0.00 lam=0.0e+00 val=0.4826 2ch=0.000 2cl=0.000 63s
 step  845000 loss=0.07759 bce=0.07759 lap=0.00 lam=0.0e+00 val=0.4826 2ch=0.000 2cl=0.000 63s
 step  850000 loss=0.07757 bce=0.07757 lap=0.00 lam=0.0e+00 val=0.4826 2ch=0.000 2cl=0.000 63s
 step  855000 loss=0.07752 bce=0.07752 lap=0.00 lam=0.0e+00 val=0.4826 2ch=0.000 2cl=0.000 63s
 step  860000 loss=0.07752 bce=0.07752 lap=0.00 lam=0.0e+00 val=0.4826 2ch=0.000 2cl=0.000 63s
 step  865000 loss=0.07752 bce=0.07752 lap=0.00 lam=0.0e+00 val=0.4826 2ch=0.000 2cl=0.000 63s
 step  870000 loss=0.07746 bce=0.07746 lap=0.00 lam=0.0e+00 val=0.4826 2ch=0.000 2cl=0.000 63s
 step  875000 loss=0.07748 bce=0.07748 lap=0.00 lam=0.0e+00 val=0.4826 2ch=0.000 2cl=0.000 63s
 step  880000 loss=0.07738 bce=0.07738 lap=0.00 lam=0.0e+00 val=0.4826 2ch=0.000 2cl=0.000 63s
 step  885000 loss=0.07738 bce=0.07738 lap=0.00 lam=0.0e+00 val=0.4826 2ch=0.000 2cl=0.000 63s
 step  890000 loss=0.07742 bce=0.07742 lap=0.00 lam=0.0e+00 val=0.4826 2ch=0.000 2cl=0.000 63s
 step  895000 loss=0.07738 bce=0.07738 lap=0.00 lam=0.0e+00 val=0.4826 2ch=0.000 2cl=0.000 63s
 step  900000 loss=0.07731 bce=0.07731 lap=0.00 lam=0.0e+00 val=0.4826 2ch=0.000 2cl=0.000 63s
 step  905000 loss=0.07732 bce=0.07732 lap=0.00 lam=0.0e+00 val=0.4826 2ch=0.000 2cl=0.000 63s
 step  910000 loss=0.07726 bce=0.07726 lap=0.00 lam=0.0e+00 val=0.4826 2ch=0.000 2cl=0.000 63s
 step  915000 loss=0.07733 bce=0.07733 lap=0.00 lam=0.0e+00 val=0.4826 2ch=0.000 2cl=0.000 63s
 step  920000 loss=0.07733 bce=0.07733 lap=0.00 lam=0.0e+00 val=0.4826 2ch=0.000 2cl=0.000 63s
 step  925000 loss=0.07723 bce=0.07723 lap=0.00 lam=0.0e+00 val=0.4826 2ch=0.000 2cl=0.000 63s
 step  930000 loss=0.07728 bce=0.07728 lap=0.00 lam=0.0e+00 val=0.4826 2ch=0.000 2cl=0.000 63s
 step  935000 loss=0.07724 bce=0.07724 lap=0.00 lam=0.0e+00 val=0.4826 2ch=0.000 2cl=0.000 63s
 step  940000 loss=0.07720 bce=0.07720 lap=0.00 lam=0.0e+00 val=0.4826 2ch=0.000 2cl=0.000 63s
 step  945000 loss=0.07719 bce=0.07719 lap=0.00 lam=0.0e+00 val=0.4826 2ch=0.000 2cl=0.000 63s
 step  950000 loss=0.07719 bce=0.07719 lap=0.00 lam=0.0e+00 val=0.4826 2ch=0.000 2cl=0.000 63s
 step  955000 loss=0.07719 bce=0.07719 lap=0.00 lam=0.0e+00 val=0.4826 2ch=0.000 2cl=0.000 63s
 step  960000 loss=0.07719 bce=0.07719 lap=0.00 lam=0.0e+00 val=0.4826 2ch=0.000 2cl=0.000 63s
 step  965000 loss=0.07716 bce=0.07716 lap=0.00 lam=0.0e+00 val=0.4826 2ch=0.000 2cl=0.000 63s
 step  970000 loss=0.07718 bce=0.07718 lap=0.00 lam=0.0e+00 val=0.4826 2ch=0.000 2cl=0.000 63s
 step  975000 loss=0.07718 bce=0.07718 lap=0.00 lam=0.0e+00 val=0.4826 2ch=0.000 2cl=0.000 63s
 step  980000 loss=0.07715 bce=0.07715 lap=0.00 lam=0.0e+00 val=0.4826 2ch=0.000 2cl=0.000 63s
 step  985000 loss=0.07723 bce=0.07723 lap=0.00 lam=0.0e+00 val=0.4826 2ch=0.000 2cl=0.000 63s
 step  990000 loss=0.07723 bce=0.07723 lap=0.00 lam=0.0e+00 val=0.4826 2ch=0.000 2cl=0.000 63s
 step  995000 loss=0.07719 bce=0.07719 lap=0.00 lam=0.0e+00 val=0.4826 2ch=0.000 2cl=0.000 63s
 step 1000000 loss=0.07716 bce=0.07716 lap=0.00 lam=0.0e+00 val=0.4826 2ch=0.000 2cl=0.000 63s
done. best in-dist exact=0.4826  -> runs/report9/n46_train/n46_split_chains_roberta_similarity_lam0_seed5000
== eval_asym_chains.py (quick behavioural sweep) ==
checkpoint=runs/report9/n46_train/n46_split_chains_roberta_similarity_lam0_seed5000/last.pt
  arch=roberta readout=similarity n=46 device=cuda
  split=( 1,45) exact=1.000 reach_long=1.000 cut=1.000 longblock=1.000
  split=( 2,44) exact=1.000 reach_long=1.000 cut=1.000 longblock=1.000
  split=( 3,43) exact=1.000 reach_long=1.000 cut=1.000 longblock=1.000
  split=( 4,42) exact=1.000 reach_long=1.000 cut=1.000 longblock=1.000
  split=( 5,41) exact=1.000 reach_long=1.000 cut=1.000 longblock=1.000
  split=( 6,40) exact=1.000 reach_long=1.000 cut=1.000 longblock=1.000
  split=( 7,39) exact=1.000 reach_long=1.000 cut=1.000 longblock=1.000
  split=( 8,38) exact=1.000 reach_long=1.000 cut=1.000 longblock=1.000
  split=( 9,37) exact=1.000 reach_long=1.000 cut=1.000 longblock=1.000
  split=(10,36) exact=1.000 reach_long=1.000 cut=1.000 longblock=1.000
  split=(11,35) exact=1.000 reach_long=1.000 cut=1.000 longblock=1.000
  split=(12,34) exact=0.000 reach_long=0.786 cut=1.000 longblock=0.000
  split=(13,33) exact=0.000 reach_long=0.801 cut=1.000 longblock=0.000
  split=(14,32) exact=0.000 reach_long=0.817 cut=1.000 longblock=0.000
  split=(15,31) exact=0.000 reach_long=0.832 cut=1.000 longblock=0.000
  split=(16,30) exact=0.000 reach_long=0.848 cut=1.000 longblock=0.000
  split=(17,29) exact=0.000 reach_long=0.865 cut=1.000 longblock=0.000
  split=(18,28) exact=0.000 reach_long=0.881 cut=1.000 longblock=0.000
  split=(19,27) exact=0.000 reach_long=0.897 cut=1.000 longblock=0.000
  split=(20,26) exact=0.000 reach_long=0.914 cut=1.000 longblock=0.000
  split=(21,25) exact=0.000 reach_long=0.930 cut=1.000 longblock=0.000
  split=(22,24) exact=0.000 reach_long=0.946 cut=1.000 longblock=0.000
  split=(23,23) exact=0.000 reach_long=0.961 cut=1.000 longblock=0.000
  saved -> runs/report9/asym_chains_n46/n46_splitchains_seed5000/asym_chains.json
== mechanistic_asym_chains.py (sweep + logit -> Table 1 / Figure 1) ==
checkpoint=runs/report9/n46_train/n46_split_chains_roberta_similarity_lam0_seed5000/last.pt
  arch=roberta readout=similarity n=46 device=cuda
  [selftest] run_with_cache matches model.forward_and_embeddings exactly
  [selftest] exact_contribution matches brute-force double loop (max diff 1.19e-07)

== behavioural sweep (random relabelling, the primary condition) ==
  a= 1 exact=1.000 reach_long=1.000 reach_short=nan cut=1.000 mode=random
  a= 2 exact=1.000 reach_long=1.000 reach_short=1.000 cut=1.000 mode=random
  a= 3 exact=1.000 reach_long=1.000 reach_short=1.000 cut=1.000 mode=random
  a= 4 exact=1.000 reach_long=1.000 reach_short=1.000 cut=1.000 mode=random
  a= 5 exact=1.000 reach_long=1.000 reach_short=1.000 cut=1.000 mode=random
  a= 6 exact=1.000 reach_long=1.000 reach_short=1.000 cut=1.000 mode=random
  a= 7 exact=1.000 reach_long=1.000 reach_short=1.000 cut=1.000 mode=random
  a= 8 exact=1.000 reach_long=1.000 reach_short=1.000 cut=1.000 mode=random
  a= 9 exact=1.000 reach_long=1.000 reach_short=1.000 cut=1.000 mode=random
  a=10 exact=1.000 reach_long=1.000 reach_short=1.000 cut=1.000 mode=random
  a=11 exact=1.000 reach_long=1.000 reach_short=1.000 cut=1.000 mode=random
  a=12 exact=0.000 reach_long=0.786 reach_short=1.000 cut=1.000 mode=random
  a=13 exact=0.000 reach_long=0.801 reach_short=1.000 cut=1.000 mode=random
  a=14 exact=0.000 reach_long=0.817 reach_short=1.000 cut=1.000 mode=random
  a=15 exact=0.000 reach_long=0.832 reach_short=1.000 cut=1.000 mode=random
  a=16 exact=0.000 reach_long=0.848 reach_short=1.000 cut=1.000 mode=random
  a=17 exact=0.000 reach_long=0.865 reach_short=1.000 cut=1.000 mode=random
  a=18 exact=0.000 reach_long=0.881 reach_short=1.000 cut=1.000 mode=random
  a=19 exact=0.000 reach_long=0.897 reach_short=1.000 cut=1.000 mode=random
  a=20 exact=0.000 reach_long=0.914 reach_short=0.995 cut=1.000 mode=random
  a=21 exact=0.000 reach_long=0.930 reach_short=0.986 cut=1.000 mode=random
  a=22 exact=0.000 reach_long=0.946 reach_short=0.974 cut=1.000 mode=random
  a=23 exact=0.000 reach_long=0.960 reach_short=0.960 cut=1.000 mode=random

== fixed-label comparison (identity permutation, confirmatory only) ==
  a= 1 exact=1.000 reach_long=1.000 reach_short=nan cut=1.000 mode=fixed
  a= 4 exact=1.000 reach_long=1.000 reach_short=1.000 cut=1.000 mode=fixed
  a= 7 exact=1.000 reach_long=1.000 reach_short=1.000 cut=1.000 mode=fixed
  a= 8 exact=1.000 reach_long=1.000 reach_short=1.000 cut=1.000 mode=fixed
  a=10 exact=1.000 reach_long=1.000 reach_short=1.000 cut=1.000 mode=fixed
  a=17 exact=0.000 reach_long=0.865 reach_short=1.000 cut=1.000 mode=fixed
  a=23 exact=0.000 reach_long=0.960 reach_short=0.960 cut=1.000 mode=fixed
  saved -> runs/report9/mechanistic/n46_splitchains_seed5000/metrics.csv

== readout decomposition cos(h_i,h_j) (similarity read-out) ==
  readout(similarity) a= 1 done
  readout(similarity) a= 2 done
  readout(similarity) a= 3 done
  readout(similarity) a= 4 done
  readout(similarity) a= 5 done
  readout(similarity) a= 6 done
  readout(similarity) a= 7 done
  readout(similarity) a= 8 done
  readout(similarity) a= 9 done
  readout(similarity) a=10 done
  readout(similarity) a=11 done
  readout(similarity) a=12 done
  readout(similarity) a=13 done
  readout(similarity) a=14 done
  readout(similarity) a=15 done
  readout(similarity) a=16 done
  readout(similarity) a=17 done
  readout(similarity) a=18 done
  readout(similarity) a=19 done
  readout(similarity) a=20 done
  readout(similarity) a=21 done
  readout(similarity) a=22 done
  readout(similarity) a=23 done
  saved -> runs/report9/mechanistic/n46_splitchains_seed5000/readout.csv

== W_in geometry (similarity read-out has no W_out) ==
  saved -> runs/report9/mechanistic/n46_splitchains_seed5000/weights_summary.json

== attention probe (representative splits) ==
  attention a= 4 done (row_mass1 mean=2.793, exact-contribution over 8 graphs)
  attention a=23 done (row_mass1 mean=2.821, exact-contribution over 8 graphs)
  saved -> runs/report9/mechanistic/n46_splitchains_seed5000/attn_cache.npz (12 arrays)
== mechanistic_heatmaps.py (attention scores/alpha -> Figure 3) ==
checkpoint=runs/report9/n46_train/n46_split_chains_roberta_similarity_lam0_seed5000/last.pt
  arch=roberta readout=similarity n=46 device=cuda
== attention/Q/K/V heatmap probe ==
  heatmap probe a= 4 done
  heatmap probe a=23 done
  saved -> runs/report9/heatmaps/n46_splitchains_seed5000/heatmap_data.npz
== raw weight matrices ==
  saved -> runs/report9/heatmaps/n46_splitchains_seed5000/raw_weights.npz
== stagewise_diagnostics.py (layerwise cosine geometry) ==
checkpoint=runs/report9/n46_train/n46_split_chains_roberta_similarity_lam0_seed5000/last.pt
  arch=roberta readout=similarity n=46 device=cuda
  [selftest] run_with_stages H2/logits match model.forward_and_embeddings exactly
  stagewise a= 4 done (M_far H0=0.002, H2=1.624)
  stagewise a=23 done (M_far H0=-0.001, H2=0.501)
  saved -> runs/report9/stagewise/n46_splitchains_seed5000/stagewise_{geometry.npz,metrics.csv,margins.csv,deltaz.csv}
done: n46_splitchains_seed5000
