== n46_split_regular3_roberta_similarity_lam0_seed1000 ==
 device=cuda arch=roberta readout=similarity sim_fixed=False lambda=0.0 params=6,329,858
 step    5000 loss=0.07081 bce=0.07081 lap=0.00 lam=0.0e+00 val=0.9644 2ch=0.000 2cl=0.668 142s
 step   10000 loss=0.01164 bce=0.01164 lap=0.00 lam=0.0e+00 val=0.9588 2ch=0.000 2cl=1.000 140s
 step   15000 loss=0.00844 bce=0.00844 lap=0.00 lam=0.0e+00 val=0.9636 2ch=0.000 2cl=1.000 139s
 step   20000 loss=0.00626 bce=0.00626 lap=0.00 lam=0.0e+00 val=0.9736 2ch=0.000 2cl=1.000 139s
 step   25000 loss=0.00458 bce=0.00458 lap=0.00 lam=0.0e+00 val=0.9792 2ch=0.000 2cl=1.000 140s
 step   30000 loss=0.00342 bce=0.00342 lap=0.00 lam=0.0e+00 val=0.9788 2ch=0.000 2cl=0.984 140s
 step   35000 loss=0.00264 bce=0.00264 lap=0.00 lam=0.0e+00 val=0.9774 2ch=0.000 2cl=0.015 140s
 step   40000 loss=0.00203 bce=0.00203 lap=0.00 lam=0.0e+00 val=0.9786 2ch=0.000 2cl=0.000 140s
 step   45000 loss=0.00164 bce=0.00164 lap=0.00 lam=0.0e+00 val=0.9858 2ch=0.000 2cl=0.000 140s
 step   50000 loss=0.00136 bce=0.00136 lap=0.00 lam=0.0e+00 val=0.9926 2ch=0.000 2cl=0.000 140s
 step   55000 loss=0.00116 bce=0.00116 lap=0.00 lam=0.0e+00 val=0.9938 2ch=0.000 2cl=0.000 143s
 step   60000 loss=0.00103 bce=0.00103 lap=0.00 lam=0.0e+00 val=0.9936 2ch=0.000 2cl=0.000 140s
 step   65000 loss=0.00091 bce=0.00091 lap=0.00 lam=0.0e+00 val=0.9952 2ch=0.000 2cl=0.000 140s
 step   70000 loss=0.00083 bce=0.00083 lap=0.00 lam=0.0e+00 val=0.9966 2ch=0.000 2cl=0.000 142s
 step   75000 loss=0.00075 bce=0.00075 lap=0.00 lam=0.0e+00 val=0.9968 2ch=0.000 2cl=0.000 145s
 step   80000 loss=0.00069 bce=0.00069 lap=0.00 lam=0.0e+00 val=0.9970 2ch=0.000 2cl=0.000 140s
 step   85000 loss=0.00065 bce=0.00065 lap=0.00 lam=0.0e+00 val=0.9968 2ch=0.000 2cl=0.000 139s
 step   90000 loss=0.00060 bce=0.00060 lap=0.00 lam=0.0e+00 val=0.9984 2ch=0.000 2cl=0.000 143s
 step   95000 loss=0.00056 bce=0.00056 lap=0.00 lam=0.0e+00 val=0.9968 2ch=0.000 2cl=0.000 140s
 step  100000 loss=0.00053 bce=0.00053 lap=0.00 lam=0.0e+00 val=0.9980 2ch=0.000 2cl=0.000 141s
 step  105000 loss=0.00051 bce=0.00051 lap=0.00 lam=0.0e+00 val=0.9986 2ch=0.000 2cl=0.002 141s
 step  110000 loss=0.00048 bce=0.00048 lap=0.00 lam=0.0e+00 val=0.9988 2ch=0.000 2cl=0.000 140s
 step  115000 loss=0.00046 bce=0.00046 lap=0.00 lam=0.0e+00 val=0.9984 2ch=0.000 2cl=0.000 141s
 step  120000 loss=0.00043 bce=0.00043 lap=0.00 lam=0.0e+00 val=0.9984 2ch=0.000 2cl=0.087 141s
 step  125000 loss=0.00041 bce=0.00041 lap=0.00 lam=0.0e+00 val=0.9978 2ch=0.000 2cl=0.001 144s
 step  130000 loss=0.00039 bce=0.00039 lap=0.00 lam=0.0e+00 val=0.9994 2ch=0.000 2cl=0.167 142s
 step  135000 loss=0.00037 bce=0.00037 lap=0.00 lam=0.0e+00 val=0.9988 2ch=0.000 2cl=0.844 140s
 step  140000 loss=0.00037 bce=0.00037 lap=0.00 lam=0.0e+00 val=0.9988 2ch=0.000 2cl=0.260 140s
 step  145000 loss=0.00035 bce=0.00035 lap=0.00 lam=0.0e+00 val=0.9986 2ch=0.000 2cl=0.619 140s
 step  150000 loss=0.00034 bce=0.00034 lap=0.00 lam=0.0e+00 val=0.9994 2ch=0.000 2cl=0.492 149s
 step  155000 loss=0.00032 bce=0.00032 lap=0.00 lam=0.0e+00 val=0.9986 2ch=0.000 2cl=0.433 139s
 step  160000 loss=0.00030 bce=0.00030 lap=0.00 lam=0.0e+00 val=0.9994 2ch=0.000 2cl=0.984 140s
 step  165000 loss=0.00030 bce=0.00030 lap=0.00 lam=0.0e+00 val=0.9990 2ch=0.000 2cl=0.977 140s
 step  170000 loss=0.00028 bce=0.00028 lap=0.00 lam=0.0e+00 val=0.9998 2ch=0.000 2cl=0.999 141s
 step  175000 loss=0.00028 bce=0.00028 lap=0.00 lam=0.0e+00 val=0.9982 2ch=0.000 2cl=1.000 143s
 step  180000 loss=0.00026 bce=0.00026 lap=0.00 lam=0.0e+00 val=0.9988 2ch=0.000 2cl=1.000 140s
 step  185000 loss=0.00027 bce=0.00027 lap=0.00 lam=0.0e+00 val=0.9994 2ch=0.000 2cl=1.000 140s
 step  190000 loss=0.00025 bce=0.00025 lap=0.00 lam=0.0e+00 val=0.9990 2ch=0.000 2cl=0.997 141s
 step  195000 loss=0.00024 bce=0.00024 lap=0.00 lam=0.0e+00 val=0.9988 2ch=0.000 2cl=0.995 140s
 step  200000 loss=0.00024 bce=0.00024 lap=0.00 lam=0.0e+00 val=0.9996 2ch=0.000 2cl=0.014 139s
 step  205000 loss=0.00024 bce=0.00024 lap=0.00 lam=0.0e+00 val=0.9988 2ch=0.000 2cl=0.596 140s
 step  210000 loss=0.00022 bce=0.00022 lap=0.00 lam=0.0e+00 val=0.9998 2ch=0.000 2cl=0.195 140s
 step  215000 loss=0.00021 bce=0.00021 lap=0.00 lam=0.0e+00 val=0.9996 2ch=0.000 2cl=0.000 142s
 step  220000 loss=0.00021 bce=0.00021 lap=0.00 lam=0.0e+00 val=0.9994 2ch=0.000 2cl=0.000 140s
 step  225000 loss=0.00020 bce=0.00020 lap=0.00 lam=0.0e+00 val=0.9988 2ch=0.000 2cl=0.000 140s
 step  230000 loss=0.00020 bce=0.00020 lap=0.00 lam=0.0e+00 val=0.9988 2ch=0.000 2cl=0.000 141s
 step  235000 loss=0.00020 bce=0.00020 lap=0.00 lam=0.0e+00 val=0.9996 2ch=0.000 2cl=0.000 140s
 step  240000 loss=0.00019 bce=0.00019 lap=0.00 lam=0.0e+00 val=0.9982 2ch=0.000 2cl=0.000 140s
 step  245000 loss=0.00018 bce=0.00018 lap=0.00 lam=0.0e+00 val=0.9990 2ch=0.000 2cl=0.000 142s
 step  250000 loss=0.00018 bce=0.00018 lap=0.00 lam=0.0e+00 val=0.9994 2ch=0.000 2cl=0.000 140s
 step  255000 loss=0.00017 bce=0.00017 lap=0.00 lam=0.0e+00 val=0.9992 2ch=0.000 2cl=0.000 139s
 step  260000 loss=0.00017 bce=0.00017 lap=0.00 lam=0.0e+00 val=0.9990 2ch=0.000 2cl=0.000 139s
 step  265000 loss=0.00016 bce=0.00016 lap=0.00 lam=0.0e+00 val=1.0000 2ch=0.000 2cl=0.000 140s
 step  270000 loss=0.00016 bce=0.00016 lap=0.00 lam=0.0e+00 val=0.9998 2ch=0.000 2cl=0.000 141s
 step  275000 loss=0.00016 bce=0.00016 lap=0.00 lam=0.0e+00 val=0.9992 2ch=0.000 2cl=0.000 140s
 step  280000 loss=0.00015 bce=0.00015 lap=0.00 lam=0.0e+00 val=1.0000 2ch=0.000 2cl=0.000 139s
 step  285000 loss=0.00015 bce=0.00015 lap=0.00 lam=0.0e+00 val=0.9994 2ch=0.000 2cl=0.000 139s
 step  290000 loss=0.00015 bce=0.00015 lap=0.00 lam=0.0e+00 val=1.0000 2ch=0.000 2cl=0.000 140s
 step  295000 loss=0.00014 bce=0.00014 lap=0.00 lam=0.0e+00 val=0.9990 2ch=0.000 2cl=0.000 139s
 step  300000 loss=0.00014 bce=0.00014 lap=0.00 lam=0.0e+00 val=0.9992 2ch=0.000 2cl=0.000 139s
 step  305000 loss=0.00013 bce=0.00013 lap=0.00 lam=0.0e+00 val=0.9998 2ch=0.000 2cl=0.000 140s
 step  310000 loss=0.00014 bce=0.00014 lap=0.00 lam=0.0e+00 val=0.9998 2ch=0.000 2cl=0.000 139s
 step  315000 loss=0.00014 bce=0.00014 lap=0.00 lam=0.0e+00 val=0.9998 2ch=0.000 2cl=0.000 139s
 step  320000 loss=0.00013 bce=0.00013 lap=0.00 lam=0.0e+00 val=0.9998 2ch=0.000 2cl=0.000 140s
 step  325000 loss=0.00013 bce=0.00013 lap=0.00 lam=0.0e+00 val=0.9998 2ch=0.000 2cl=0.000 140s
 step  330000 loss=0.00012 bce=0.00012 lap=0.00 lam=0.0e+00 val=0.9994 2ch=0.000 2cl=0.000 139s
 step  335000 loss=0.00011 bce=0.00011 lap=0.00 lam=0.0e+00 val=0.9996 2ch=0.000 2cl=0.000 140s
 step  340000 loss=0.00013 bce=0.00013 lap=0.00 lam=0.0e+00 val=0.9998 2ch=0.000 2cl=0.000 140s
 step  345000 loss=0.00011 bce=0.00011 lap=0.00 lam=0.0e+00 val=0.9998 2ch=0.000 2cl=0.000 140s
 step  350000 loss=0.00011 bce=0.00011 lap=0.00 lam=0.0e+00 val=0.9998 2ch=0.000 2cl=0.000 140s
 step  355000 loss=0.00011 bce=0.00011 lap=0.00 lam=0.0e+00 val=0.9996 2ch=0.000 2cl=0.000 141s
 step  360000 loss=0.00011 bce=0.00011 lap=0.00 lam=0.0e+00 val=0.9996 2ch=0.000 2cl=0.000 140s
 step  365000 loss=0.00010 bce=0.00010 lap=0.00 lam=0.0e+00 val=1.0000 2ch=0.000 2cl=0.000 140s
 step  370000 loss=0.00010 bce=0.00010 lap=0.00 lam=0.0e+00 val=0.9998 2ch=0.000 2cl=0.000 140s
 step  375000 loss=0.00010 bce=0.00010 lap=0.00 lam=0.0e+00 val=0.9996 2ch=0.000 2cl=0.000 142s
 step  380000 loss=0.00010 bce=0.00010 lap=0.00 lam=0.0e+00 val=0.9996 2ch=0.000 2cl=0.000 139s
 step  385000 loss=0.00010 bce=0.00010 lap=0.00 lam=0.0e+00 val=0.9996 2ch=0.000 2cl=0.000 139s
 step  390000 loss=0.00009 bce=0.00009 lap=0.00 lam=0.0e+00 val=0.9994 2ch=0.000 2cl=0.000 139s
 step  395000 loss=0.00009 bce=0.00009 lap=0.00 lam=0.0e+00 val=1.0000 2ch=0.000 2cl=0.000 141s
 step  400000 loss=0.00009 bce=0.00009 lap=0.00 lam=0.0e+00 val=0.9996 2ch=0.000 2cl=0.000 142s
 step  405000 loss=0.00009 bce=0.00009 lap=0.00 lam=0.0e+00 val=0.9996 2ch=0.000 2cl=0.000 142s
 step  410000 loss=0.00008 bce=0.00008 lap=0.00 lam=0.0e+00 val=0.9996 2ch=0.000 2cl=0.000 140s
 step  415000 loss=0.00008 bce=0.00008 lap=0.00 lam=0.0e+00 val=0.9998 2ch=0.000 2cl=0.000 139s
 step  420000 loss=0.00008 bce=0.00008 lap=0.00 lam=0.0e+00 val=1.0000 2ch=0.000 2cl=0.000 140s
 step  425000 loss=0.00008 bce=0.00008 lap=0.00 lam=0.0e+00 val=0.9998 2ch=0.000 2cl=0.000 138s
 step  430000 loss=0.00008 bce=0.00008 lap=0.00 lam=0.0e+00 val=1.0000 2ch=0.000 2cl=0.000 138s
 step  435000 loss=0.00008 bce=0.00008 lap=0.00 lam=0.0e+00 val=1.0000 2ch=0.000 2cl=0.000 139s
 step  440000 loss=0.00008 bce=0.00008 lap=0.00 lam=0.0e+00 val=1.0000 2ch=0.000 2cl=0.000 139s
 step  445000 loss=0.00008 bce=0.00008 lap=0.00 lam=0.0e+00 val=0.9996 2ch=0.000 2cl=0.000 138s
 step  450000 loss=0.00007 bce=0.00007 lap=0.00 lam=0.0e+00 val=0.9998 2ch=0.000 2cl=0.000 138s
 step  455000 loss=0.00007 bce=0.00007 lap=0.00 lam=0.0e+00 val=0.9998 2ch=0.000 2cl=0.000 140s
 step  460000 loss=0.00007 bce=0.00007 lap=0.00 lam=0.0e+00 val=1.0000 2ch=0.000 2cl=0.000 139s
 step  465000 loss=0.00007 bce=0.00007 lap=0.00 lam=0.0e+00 val=0.9998 2ch=0.000 2cl=0.000 139s
 step  470000 loss=0.00007 bce=0.00007 lap=0.00 lam=0.0e+00 val=0.9998 2ch=0.000 2cl=0.000 139s
 step  475000 loss=0.00007 bce=0.00007 lap=0.00 lam=0.0e+00 val=1.0000 2ch=0.000 2cl=0.000 139s
 step  480000 loss=0.00006 bce=0.00006 lap=0.00 lam=0.0e+00 val=0.9998 2ch=0.000 2cl=0.000 140s
 step  485000 loss=0.00006 bce=0.00006 lap=0.00 lam=0.0e+00 val=1.0000 2ch=0.000 2cl=0.000 140s
 step  490000 loss=0.00006 bce=0.00006 lap=0.00 lam=0.0e+00 val=1.0000 2ch=0.000 2cl=0.000 140s
 step  495000 loss=0.00006 bce=0.00006 lap=0.00 lam=0.0e+00 val=0.9998 2ch=0.000 2cl=0.000 140s
 step  500000 loss=0.00006 bce=0.00006 lap=0.00 lam=0.0e+00 val=1.0000 2ch=0.000 2cl=0.000 140s
 step  505000 loss=0.00006 bce=0.00006 lap=0.00 lam=0.0e+00 val=1.0000 2ch=0.000 2cl=0.000 142s
 step  510000 loss=0.00006 bce=0.00006 lap=0.00 lam=0.0e+00 val=1.0000 2ch=0.000 2cl=0.000 140s
 step  515000 loss=0.00005 bce=0.00005 lap=0.00 lam=0.0e+00 val=0.9998 2ch=0.000 2cl=0.000 139s
 step  520000 loss=0.00005 bce=0.00005 lap=0.00 lam=0.0e+00 val=1.0000 2ch=0.000 2cl=0.000 140s
 step  525000 loss=0.00005 bce=0.00005 lap=0.00 lam=0.0e+00 val=1.0000 2ch=0.000 2cl=0.000 139s
 step  530000 loss=0.00005 bce=0.00005 lap=0.00 lam=0.0e+00 val=0.9994 2ch=0.000 2cl=0.000 139s
 step  535000 loss=0.00005 bce=0.00005 lap=0.00 lam=0.0e+00 val=0.9998 2ch=0.000 2cl=0.000 140s
 step  540000 loss=0.00005 bce=0.00005 lap=0.00 lam=0.0e+00 val=0.9996 2ch=0.000 2cl=0.000 140s
 step  545000 loss=0.00005 bce=0.00005 lap=0.00 lam=0.0e+00 val=1.0000 2ch=0.000 2cl=0.000 139s
 step  550000 loss=0.00005 bce=0.00005 lap=0.00 lam=0.0e+00 val=0.9998 2ch=0.000 2cl=0.000 140s
 step  555000 loss=0.00005 bce=0.00005 lap=0.00 lam=0.0e+00 val=0.9998 2ch=0.000 2cl=0.000 140s
 step  560000 loss=0.00004 bce=0.00004 lap=0.00 lam=0.0e+00 val=1.0000 2ch=0.000 2cl=0.000 140s
 step  565000 loss=0.00004 bce=0.00004 lap=0.00 lam=0.0e+00 val=1.0000 2ch=0.000 2cl=0.000 140s
 step  570000 loss=0.00004 bce=0.00004 lap=0.00 lam=0.0e+00 val=1.0000 2ch=0.000 2cl=0.000 140s
 step  575000 loss=0.00004 bce=0.00004 lap=0.00 lam=0.0e+00 val=1.0000 2ch=0.000 2cl=0.000 139s
 step  580000 loss=0.00004 bce=0.00004 lap=0.00 lam=0.0e+00 val=1.0000 2ch=0.000 2cl=0.000 140s
 step  585000 loss=0.00004 bce=0.00004 lap=0.00 lam=0.0e+00 val=1.0000 2ch=0.000 2cl=0.000 140s
 step  590000 loss=0.00004 bce=0.00004 lap=0.00 lam=0.0e+00 val=1.0000 2ch=0.000 2cl=0.000 140s
 step  595000 loss=0.00004 bce=0.00004 lap=0.00 lam=0.0e+00 val=1.0000 2ch=0.000 2cl=0.000 141s
 step  600000 loss=0.00004 bce=0.00004 lap=0.00 lam=0.0e+00 val=1.0000 2ch=0.000 2cl=0.000 140s
 step  605000 loss=0.00004 bce=0.00004 lap=0.00 lam=0.0e+00 val=1.0000 2ch=0.000 2cl=0.000 140s
 step  610000 loss=0.00003 bce=0.00003 lap=0.00 lam=0.0e+00 val=0.9998 2ch=0.000 2cl=0.000 140s
 step  615000 loss=0.00004 bce=0.00004 lap=0.00 lam=0.0e+00 val=1.0000 2ch=0.000 2cl=0.000 143s
 step  620000 loss=0.00003 bce=0.00003 lap=0.00 lam=0.0e+00 val=1.0000 2ch=0.000 2cl=0.000 140s
 step  625000 loss=0.00003 bce=0.00003 lap=0.00 lam=0.0e+00 val=0.9998 2ch=0.000 2cl=0.000 140s
 step  630000 loss=0.00003 bce=0.00003 lap=0.00 lam=0.0e+00 val=1.0000 2ch=0.000 2cl=0.000 140s
 step  635000 loss=0.00003 bce=0.00003 lap=0.00 lam=0.0e+00 val=1.0000 2ch=0.000 2cl=0.000 142s
 step  640000 loss=0.00003 bce=0.00003 lap=0.00 lam=0.0e+00 val=1.0000 2ch=0.000 2cl=0.000 140s
 step  645000 loss=0.00003 bce=0.00003 lap=0.00 lam=0.0e+00 val=0.9998 2ch=0.000 2cl=0.000 140s
 step  650000 loss=0.00003 bce=0.00003 lap=0.00 lam=0.0e+00 val=1.0000 2ch=0.000 2cl=0.000 140s
 step  655000 loss=0.00003 bce=0.00003 lap=0.00 lam=0.0e+00 val=1.0000 2ch=0.000 2cl=0.000 139s
 step  660000 loss=0.00003 bce=0.00003 lap=0.00 lam=0.0e+00 val=1.0000 2ch=0.000 2cl=0.000 140s
 step  665000 loss=0.00003 bce=0.00003 lap=0.00 lam=0.0e+00 val=1.0000 2ch=0.000 2cl=0.000 140s
 step  670000 loss=0.00003 bce=0.00003 lap=0.00 lam=0.0e+00 val=1.0000 2ch=0.000 2cl=0.000 139s
 step  675000 loss=0.00003 bce=0.00003 lap=0.00 lam=0.0e+00 val=1.0000 2ch=0.000 2cl=0.000 140s
 step  680000 loss=0.00002 bce=0.00002 lap=0.00 lam=0.0e+00 val=1.0000 2ch=0.000 2cl=0.000 140s
 step  685000 loss=0.00002 bce=0.00002 lap=0.00 lam=0.0e+00 val=1.0000 2ch=0.000 2cl=0.000 139s
 step  690000 loss=0.00002 bce=0.00002 lap=0.00 lam=0.0e+00 val=1.0000 2ch=0.000 2cl=0.000 141s
 step  695000 loss=0.00002 bce=0.00002 lap=0.00 lam=0.0e+00 val=1.0000 2ch=0.000 2cl=0.000 140s
 step  700000 loss=0.00002 bce=0.00002 lap=0.00 lam=0.0e+00 val=0.9998 2ch=0.000 2cl=0.000 140s
 step  705000 loss=0.00002 bce=0.00002 lap=0.00 lam=0.0e+00 val=0.9998 2ch=0.000 2cl=0.000 139s
 step  710000 loss=0.00002 bce=0.00002 lap=0.00 lam=0.0e+00 val=1.0000 2ch=0.000 2cl=0.000 141s
 step  715000 loss=0.00002 bce=0.00002 lap=0.00 lam=0.0e+00 val=1.0000 2ch=0.000 2cl=0.000 141s
 step  720000 loss=0.00002 bce=0.00002 lap=0.00 lam=0.0e+00 val=1.0000 2ch=0.000 2cl=0.000 140s
 step  725000 loss=0.00002 bce=0.00002 lap=0.00 lam=0.0e+00 val=1.0000 2ch=0.000 2cl=0.000 140s
 step  730000 loss=0.00002 bce=0.00002 lap=0.00 lam=0.0e+00 val=1.0000 2ch=0.000 2cl=0.000 139s
 step  735000 loss=0.00002 bce=0.00002 lap=0.00 lam=0.0e+00 val=1.0000 2ch=0.000 2cl=0.000 141s
 step  740000 loss=0.00002 bce=0.00002 lap=0.00 lam=0.0e+00 val=0.9998 2ch=0.000 2cl=0.000 140s
 step  745000 loss=0.00002 bce=0.00002 lap=0.00 lam=0.0e+00 val=1.0000 2ch=0.000 2cl=0.000 140s
 step  750000 loss=0.00002 bce=0.00002 lap=0.00 lam=0.0e+00 val=1.0000 2ch=0.000 2cl=0.000 140s
 step  755000 loss=0.00002 bce=0.00002 lap=0.00 lam=0.0e+00 val=1.0000 2ch=0.000 2cl=0.000 140s
 step  760000 loss=0.00002 bce=0.00002 lap=0.00 lam=0.0e+00 val=1.0000 2ch=0.000 2cl=0.000 139s
 step  765000 loss=0.00002 bce=0.00002 lap=0.00 lam=0.0e+00 val=1.0000 2ch=0.000 2cl=0.000 140s
 step  770000 loss=0.00001 bce=0.00001 lap=0.00 lam=0.0e+00 val=1.0000 2ch=0.000 2cl=0.000 141s
 step  775000 loss=0.00002 bce=0.00002 lap=0.00 lam=0.0e+00 val=1.0000 2ch=0.000 2cl=0.000 145s
 step  780000 loss=0.00002 bce=0.00002 lap=0.00 lam=0.0e+00 val=1.0000 2ch=0.000 2cl=0.000 143s
 step  785000 loss=0.00001 bce=0.00001 lap=0.00 lam=0.0e+00 val=1.0000 2ch=0.000 2cl=0.000 139s
 step  790000 loss=0.00001 bce=0.00001 lap=0.00 lam=0.0e+00 val=0.9998 2ch=0.000 2cl=0.000 140s
 step  795000 loss=0.00001 bce=0.00001 lap=0.00 lam=0.0e+00 val=1.0000 2ch=0.000 2cl=0.000 139s
 step  800000 loss=0.00001 bce=0.00001 lap=0.00 lam=0.0e+00 val=1.0000 2ch=0.000 2cl=0.000 141s
 step  805000 loss=0.00001 bce=0.00001 lap=0.00 lam=0.0e+00 val=1.0000 2ch=0.000 2cl=0.000 141s
 step  810000 loss=0.00001 bce=0.00001 lap=0.00 lam=0.0e+00 val=1.0000 2ch=0.000 2cl=0.000 140s
 step  815000 loss=0.00001 bce=0.00001 lap=0.00 lam=0.0e+00 val=1.0000 2ch=0.000 2cl=0.000 142s
 step  820000 loss=0.00001 bce=0.00001 lap=0.00 lam=0.0e+00 val=1.0000 2ch=0.000 2cl=0.000 140s
 step  825000 loss=0.00001 bce=0.00001 lap=0.00 lam=0.0e+00 val=1.0000 2ch=0.000 2cl=0.000 140s
 step  830000 loss=0.00001 bce=0.00001 lap=0.00 lam=0.0e+00 val=1.0000 2ch=0.000 2cl=0.000 139s
 step  835000 loss=0.00001 bce=0.00001 lap=0.00 lam=0.0e+00 val=1.0000 2ch=0.000 2cl=0.000 140s
 step  840000 loss=0.00001 bce=0.00001 lap=0.00 lam=0.0e+00 val=1.0000 2ch=0.000 2cl=0.000 139s
 step  845000 loss=0.00001 bce=0.00001 lap=0.00 lam=0.0e+00 val=1.0000 2ch=0.000 2cl=0.000 139s
 step  850000 loss=0.00001 bce=0.00001 lap=0.00 lam=0.0e+00 val=1.0000 2ch=0.000 2cl=0.000 142s
 step  855000 loss=0.00001 bce=0.00001 lap=0.00 lam=0.0e+00 val=1.0000 2ch=0.000 2cl=0.000 140s
 step  860000 loss=0.00001 bce=0.00001 lap=0.00 lam=0.0e+00 val=1.0000 2ch=0.000 2cl=0.000 140s
 step  865000 loss=0.00001 bce=0.00001 lap=0.00 lam=0.0e+00 val=1.0000 2ch=0.000 2cl=0.000 140s
 step  870000 loss=0.00001 bce=0.00001 lap=0.00 lam=0.0e+00 val=1.0000 2ch=0.000 2cl=0.000 139s
 step  875000 loss=0.00001 bce=0.00001 lap=0.00 lam=0.0e+00 val=1.0000 2ch=0.000 2cl=0.000 139s
 step  880000 loss=0.00001 bce=0.00001 lap=0.00 lam=0.0e+00 val=1.0000 2ch=0.000 2cl=0.000 140s
 step  885000 loss=0.00001 bce=0.00001 lap=0.00 lam=0.0e+00 val=1.0000 2ch=0.000 2cl=0.000 139s
 step  890000 loss=0.00001 bce=0.00001 lap=0.00 lam=0.0e+00 val=1.0000 2ch=0.000 2cl=0.000 139s
 step  895000 loss=0.00001 bce=0.00001 lap=0.00 lam=0.0e+00 val=0.9998 2ch=0.000 2cl=0.000 139s
 step  900000 loss=0.00001 bce=0.00001 lap=0.00 lam=0.0e+00 val=1.0000 2ch=0.000 2cl=0.000 138s
 step  905000 loss=0.00001 bce=0.00001 lap=0.00 lam=0.0e+00 val=1.0000 2ch=0.000 2cl=0.000 139s
 step  910000 loss=0.00001 bce=0.00001 lap=0.00 lam=0.0e+00 val=1.0000 2ch=0.000 2cl=0.000 140s
 step  915000 loss=0.00001 bce=0.00001 lap=0.00 lam=0.0e+00 val=1.0000 2ch=0.000 2cl=0.000 139s
 step  920000 loss=0.00001 bce=0.00001 lap=0.00 lam=0.0e+00 val=0.9998 2ch=0.000 2cl=0.000 140s
 step  925000 loss=0.00001 bce=0.00001 lap=0.00 lam=0.0e+00 val=0.9998 2ch=0.000 2cl=0.000 138s
 step  930000 loss=0.00001 bce=0.00001 lap=0.00 lam=0.0e+00 val=0.9998 2ch=0.000 2cl=0.000 139s
 step  935000 loss=0.00001 bce=0.00001 lap=0.00 lam=0.0e+00 val=0.9998 2ch=0.000 2cl=0.000 140s
 step  940000 loss=0.00001 bce=0.00001 lap=0.00 lam=0.0e+00 val=0.9998 2ch=0.000 2cl=0.000 138s
 step  945000 loss=0.00001 bce=0.00001 lap=0.00 lam=0.0e+00 val=0.9998 2ch=0.000 2cl=0.000 139s
 step  950000 loss=0.00001 bce=0.00001 lap=0.00 lam=0.0e+00 val=0.9998 2ch=0.000 2cl=0.000 138s
 step  955000 loss=0.00001 bce=0.00001 lap=0.00 lam=0.0e+00 val=0.9998 2ch=0.000 2cl=0.000 138s
 step  960000 loss=0.00001 bce=0.00001 lap=0.00 lam=0.0e+00 val=0.9998 2ch=0.000 2cl=0.000 141s
 step  965000 loss=0.00001 bce=0.00001 lap=0.00 lam=0.0e+00 val=0.9998 2ch=0.000 2cl=0.000 138s
 step  970000 loss=0.00001 bce=0.00001 lap=0.00 lam=0.0e+00 val=0.9998 2ch=0.000 2cl=0.000 139s
 step  975000 loss=0.00001 bce=0.00001 lap=0.00 lam=0.0e+00 val=0.9998 2ch=0.000 2cl=0.000 139s
 step  980000 loss=0.00001 bce=0.00001 lap=0.00 lam=0.0e+00 val=0.9998 2ch=0.000 2cl=0.000 137s
 step  985000 loss=0.00001 bce=0.00001 lap=0.00 lam=0.0e+00 val=0.9998 2ch=0.000 2cl=0.000 137s
 step  990000 loss=0.00001 bce=0.00001 lap=0.00 lam=0.0e+00 val=0.9998 2ch=0.000 2cl=0.000 137s
 step  995000 loss=0.00001 bce=0.00001 lap=0.00 lam=0.0e+00 val=0.9998 2ch=0.000 2cl=0.000 137s
 step 1000000 loss=0.00001 bce=0.00001 lap=0.00 lam=0.0e+00 val=0.9998 2ch=0.000 2cl=0.000 136s
done. best in-dist exact=1.0000  -> runs/report9/n46_train/n46_split_regular3_roberta_similarity_lam0_seed1000
== mechanistic_asym_chains.py (sweep+logit, topology=split_regular3) ==
checkpoint=runs/report9/n46_train/n46_split_regular3_roberta_similarity_lam0_seed1000/last.pt
  arch=roberta readout=similarity n=46 device=cuda
  [selftest] run_with_cache matches model.forward_and_embeddings exactly
  [selftest] exact_contribution matches brute-force double loop (max diff 1.19e-07)

== behavioural sweep (random relabelling, the primary condition) ==
  a= 4 exact=1.000 reach_long=1.000 reach_short=1.000 cut=1.000 mode=random
  a= 6 exact=1.000 reach_long=1.000 reach_short=1.000 cut=1.000 mode=random
  a= 8 exact=1.000 reach_long=1.000 reach_short=1.000 cut=1.000 mode=random
  a=10 exact=1.000 reach_long=1.000 reach_short=1.000 cut=1.000 mode=random
  a=12 exact=1.000 reach_long=1.000 reach_short=1.000 cut=1.000 mode=random
  a=14 exact=1.000 reach_long=1.000 reach_short=1.000 cut=1.000 mode=random
  a=16 exact=1.000 reach_long=1.000 reach_short=1.000 cut=1.000 mode=random
  a=18 exact=1.000 reach_long=1.000 reach_short=1.000 cut=1.000 mode=random
  a=20 exact=1.000 reach_long=1.000 reach_short=1.000 cut=1.000 mode=random
  a=22 exact=1.000 reach_long=1.000 reach_short=1.000 cut=1.000 mode=random

== fixed-label comparison (identity permutation, confirmatory only) ==
  a= 4 exact=1.000 reach_long=1.000 reach_short=1.000 cut=1.000 mode=fixed
  a= 8 exact=1.000 reach_long=1.000 reach_short=1.000 cut=1.000 mode=fixed
  a=10 exact=1.000 reach_long=1.000 reach_short=1.000 cut=1.000 mode=fixed
  saved -> runs/report9/mechanistic/n46_split_regular3_seed1000/metrics.csv

== readout decomposition cos(h_i,h_j) (similarity read-out) ==
  readout(similarity) a= 4 done
  readout(similarity) a= 6 done
  readout(similarity) a= 8 done
  readout(similarity) a=10 done
  readout(similarity) a=12 done
  readout(similarity) a=14 done
  readout(similarity) a=16 done
  readout(similarity) a=18 done
  readout(similarity) a=20 done
  readout(similarity) a=22 done
  saved -> runs/report9/mechanistic/n46_split_regular3_seed1000/readout.csv

== W_in geometry (similarity read-out has no W_out) ==
  saved -> runs/report9/mechanistic/n46_split_regular3_seed1000/weights_summary.json

== attention probe (representative splits) ==
  attention a= 4 done (row_mass1 mean=1.445, exact-contribution over 8 graphs)
  attention a=22 done (row_mass1 mean=3.020, exact-contribution over 8 graphs)
  saved -> runs/report9/mechanistic/n46_split_regular3_seed1000/attn_cache.npz (12 arrays)
== mechanistic_heatmaps.py (attention scores, topology=split_regular3) ==
checkpoint=runs/report9/n46_train/n46_split_regular3_roberta_similarity_lam0_seed1000/last.pt
  arch=roberta readout=similarity n=46 device=cuda
== attention/Q/K/V heatmap probe ==
  heatmap probe a= 4 done
  heatmap probe a=22 done
  saved -> runs/report9/heatmaps/n46_split_regular3_seed1000/heatmap_data.npz
== raw weight matrices ==
  saved -> runs/report9/heatmaps/n46_split_regular3_seed1000/raw_weights.npz
== stagewise_diagnostics.py (layerwise cosine geometry, topology=split_regular3) ==
checkpoint=runs/report9/n46_train/n46_split_regular3_roberta_similarity_lam0_seed1000/last.pt
  arch=roberta readout=similarity n=46 device=cuda
  [selftest] run_with_stages H2/logits match model.forward_and_embeddings exactly
  stagewise a= 4 done (M_far H0=nan, H2=nan)
  stagewise a=22 done (M_far H0=nan, H2=nan)
  saved -> runs/report9/stagewise/n46_split_regular3_seed1000/stagewise_{geometry.npz,metrics.csv,margins.csv,deltaz.csv}
done: n46_split_regular3_seed1000
