=== Job info ===
Node:  gnode10
Array task: 2  -> seed=3000
NVIDIA H200 NVL, 143771 MiB
PyTorch 2.11.0+cu130 | CUDA: True | bf16: True
================

========================================================================
  Paper reproduction (standard Transformer): ER(n=20, p=0.08), filter=diam9, seed=3000
  arch=roberta, d_model=512, single-head, normalized-ReLU, 2 layers, online, bf16
  Output: runs/repro_paper_n20_roberta/n20_p008_diam9_seed3000
========================================================================

Generating 10,000 ER test graphs (D≤9) with 16 workers …
  done in 6.5s
Generating 10,000 two_chains test graphs …
  done in 0.4s
Generating 10,000 two_cliques test graphs …
  done in 0.5s
  device: cuda
  arch: roberta
  parameters: 6,326,804
  Starting training: 1,000,000 steps × batch 1000 = 1,000,000,000 samples
  step    5000 | lr=1.00e-04 | loss=0.141476 | ER=0.6908 | 2chain=0.0000 | 2clique=0.0000 | 103.2s/5000
  step   10000 | lr=1.00e-04 | loss=0.057074 | ER=0.7925 | 2chain=0.0000 | 2clique=0.0000 | 94.2s/5000
  step   15000 | lr=1.00e-04 | loss=0.040693 | ER=0.8456 | 2chain=0.0000 | 2clique=0.0000 | 93.8s/5000
  step   20000 | lr=9.99e-05 | loss=0.031481 | ER=0.8794 | 2chain=0.0000 | 2clique=0.0000 | 93.5s/5000
  step   25000 | lr=9.99e-05 | loss=0.026477 | ER=0.9098 | 2chain=0.0000 | 2clique=0.0000 | 94.1s/5000
  step   30000 | lr=9.98e-05 | loss=0.023145 | ER=0.9125 | 2chain=0.0000 | 2clique=0.0000 | 94.9s/5000
  step   35000 | lr=9.97e-05 | loss=0.020670 | ER=0.9402 | 2chain=0.0000 | 2clique=0.0000 | 93.2s/5000
  step   40000 | lr=9.96e-05 | loss=0.018703 | ER=0.9580 | 2chain=0.0000 | 2clique=0.0000 | 93.9s/5000
  step   45000 | lr=9.95e-05 | loss=0.017042 | ER=0.9666 | 2chain=0.0000 | 2clique=0.0000 | 92.7s/5000
  step   50000 | lr=9.94e-05 | loss=0.015317 | ER=0.9691 | 2chain=0.0000 | 2clique=0.0000 | 92.8s/5000
  step   55000 | lr=9.93e-05 | loss=0.013109 | ER=0.9771 | 2chain=0.0000 | 2clique=0.0000 | 93.0s/5000
  step   60000 | lr=9.91e-05 | loss=0.011338 | ER=0.9857 | 2chain=0.0000 | 2clique=0.0000 | 93.1s/5000
  step   65000 | lr=9.90e-05 | loss=0.010319 | ER=0.9834 | 2chain=0.0040 | 2clique=0.0000 | 93.3s/5000
  step   70000 | lr=9.88e-05 | loss=0.009582 | ER=0.9877 | 2chain=0.0042 | 2clique=0.0000 | 93.9s/5000
  step   75000 | lr=9.87e-05 | loss=0.008954 | ER=0.9833 | 2chain=0.0096 | 2clique=0.0000 | 94.3s/5000
  step   80000 | lr=9.85e-05 | loss=0.008222 | ER=0.9800 | 2chain=0.0137 | 2clique=0.0000 | 93.8s/5000
  step   85000 | lr=9.83e-05 | loss=0.007342 | ER=0.9912 | 2chain=0.0129 | 2clique=0.0000 | 94.3s/5000
  step   90000 | lr=9.81e-05 | loss=0.006664 | ER=0.9931 | 2chain=0.0206 | 2clique=0.0000 | 94.2s/5000
  step   95000 | lr=9.78e-05 | loss=0.006166 | ER=0.9953 | 2chain=0.0343 | 2clique=0.0000 | 93.7s/5000
  step  100000 | lr=9.76e-05 | loss=0.005733 | ER=0.9946 | 2chain=0.0714 | 2clique=0.0000 | 93.9s/5000
  step  105000 | lr=9.73e-05 | loss=0.005135 | ER=0.9928 | 2chain=0.0390 | 2clique=0.0000 | 93.8s/5000
  step  110000 | lr=9.71e-05 | loss=0.003997 | ER=0.9910 | 2chain=0.0378 | 2clique=0.0000 | 93.5s/5000
  step  115000 | lr=9.68e-05 | loss=0.003283 | ER=0.9915 | 2chain=0.0063 | 2clique=0.0000 | 93.8s/5000
  step  120000 | lr=9.65e-05 | loss=0.002879 | ER=0.9937 | 2chain=0.0049 | 2clique=0.0000 | 93.4s/5000
  step  125000 | lr=9.62e-05 | loss=0.002587 | ER=0.9951 | 2chain=0.0004 | 2clique=0.0000 | 93.5s/5000
  step  130000 | lr=9.59e-05 | loss=0.002361 | ER=0.9945 | 2chain=0.0000 | 2clique=0.0000 | 93.6s/5000
  step  135000 | lr=9.56e-05 | loss=0.002188 | ER=0.9931 | 2chain=0.0005 | 2clique=0.0000 | 93.4s/5000
  step  140000 | lr=9.53e-05 | loss=0.002037 | ER=0.9929 | 2chain=0.0002 | 2clique=0.0000 | 94.4s/5000
  step  145000 | lr=9.50e-05 | loss=0.001931 | ER=0.9949 | 2chain=0.0000 | 2clique=0.0000 | 93.7s/5000
  step  150000 | lr=9.46e-05 | loss=0.001828 | ER=0.9965 | 2chain=0.0002 | 2clique=0.0000 | 93.7s/5000
  step  155000 | lr=9.43e-05 | loss=0.001723 | ER=0.9935 | 2chain=0.0000 | 2clique=0.0000 | 93.5s/5000
  step  160000 | lr=9.39e-05 | loss=0.001663 | ER=0.9930 | 2chain=0.0001 | 2clique=0.0000 | 93.5s/5000
  step  165000 | lr=9.35e-05 | loss=0.001591 | ER=0.9954 | 2chain=0.0001 | 2clique=0.0000 | 93.2s/5000
  step  170000 | lr=9.31e-05 | loss=0.001535 | ER=0.9944 | 2chain=0.0006 | 2clique=0.0000 | 93.9s/5000
  step  175000 | lr=9.27e-05 | loss=0.001471 | ER=0.9948 | 2chain=0.0002 | 2clique=0.0000 | 92.7s/5000
  step  180000 | lr=9.23e-05 | loss=0.001412 | ER=0.9956 | 2chain=0.0002 | 2clique=0.0000 | 93.4s/5000
  step  185000 | lr=9.19e-05 | loss=0.001370 | ER=0.9952 | 2chain=0.0005 | 2clique=0.0000 | 93.2s/5000
  step  190000 | lr=9.14e-05 | loss=0.001333 | ER=0.9941 | 2chain=0.0001 | 2clique=0.0000 | 94.1s/5000
  step  195000 | lr=9.10e-05 | loss=0.001283 | ER=0.9942 | 2chain=0.0003 | 2clique=0.0000 | 93.1s/5000
  step  200000 | lr=9.05e-05 | loss=0.001242 | ER=0.9952 | 2chain=0.0005 | 2clique=0.0000 | 93.0s/5000
  step  205000 | lr=9.01e-05 | loss=0.001220 | ER=0.9960 | 2chain=0.0001 | 2clique=0.0000 | 93.0s/5000
  step  210000 | lr=8.96e-05 | loss=0.001186 | ER=0.9951 | 2chain=0.0003 | 2clique=0.0000 | 93.7s/5000
  step  215000 | lr=8.91e-05 | loss=0.001149 | ER=0.9928 | 2chain=0.0004 | 2clique=0.0000 | 92.9s/5000
  step  220000 | lr=8.86e-05 | loss=0.001127 | ER=0.9960 | 2chain=0.0004 | 2clique=0.0000 | 93.3s/5000
  step  225000 | lr=8.81e-05 | loss=0.001099 | ER=0.9915 | 2chain=0.0000 | 2clique=0.0000 | 94.3s/5000
  step  230000 | lr=8.76e-05 | loss=0.001068 | ER=0.9938 | 2chain=0.0001 | 2clique=0.0000 | 93.4s/5000
  step  235000 | lr=8.71e-05 | loss=0.001044 | ER=0.9962 | 2chain=0.0002 | 2clique=0.0000 | 93.8s/5000
  step  240000 | lr=8.65e-05 | loss=0.001012 | ER=0.9947 | 2chain=0.0002 | 2clique=0.0000 | 93.7s/5000
  step  245000 | lr=8.60e-05 | loss=0.001006 | ER=0.9934 | 2chain=0.0000 | 2clique=0.0000 | 93.1s/5000
  step  250000 | lr=8.54e-05 | loss=0.000973 | ER=0.9953 | 2chain=0.0020 | 2clique=0.0000 | 93.4s/5000
  step  255000 | lr=8.49e-05 | loss=0.000957 | ER=0.9948 | 2chain=0.0007 | 2clique=0.0000 | 93.1s/5000
  step  260000 | lr=8.43e-05 | loss=0.000937 | ER=0.9934 | 2chain=0.0000 | 2clique=0.0000 | 92.6s/5000
  step  265000 | lr=8.37e-05 | loss=0.000911 | ER=0.9949 | 2chain=0.0007 | 2clique=0.0000 | 92.9s/5000
  step  270000 | lr=8.32e-05 | loss=0.000900 | ER=0.9974 | 2chain=0.0003 | 2clique=0.0000 | 93.8s/5000
  step  275000 | lr=8.26e-05 | loss=0.000881 | ER=0.9963 | 2chain=0.0003 | 2clique=0.0000 | 94.9s/5000
  step  280000 | lr=8.20e-05 | loss=0.000866 | ER=0.9959 | 2chain=0.0001 | 2clique=0.0000 | 93.3s/5000
  step  285000 | lr=8.13e-05 | loss=0.000841 | ER=0.9948 | 2chain=0.0001 | 2clique=0.0000 | 92.8s/5000
  step  290000 | lr=8.07e-05 | loss=0.000831 | ER=0.9950 | 2chain=0.0001 | 2clique=0.0000 | 93.5s/5000
  step  295000 | lr=8.01e-05 | loss=0.000812 | ER=0.9950 | 2chain=0.0004 | 2clique=0.0000 | 93.3s/5000
  step  300000 | lr=7.95e-05 | loss=0.000798 | ER=0.9959 | 2chain=0.0002 | 2clique=0.0000 | 92.9s/5000
  step  305000 | lr=7.88e-05 | loss=0.000786 | ER=0.9922 | 2chain=0.0000 | 2clique=0.0000 | 93.3s/5000
  step  310000 | lr=7.82e-05 | loss=0.000771 | ER=0.9958 | 2chain=0.0000 | 2clique=0.0000 | 92.6s/5000
  step  315000 | lr=7.75e-05 | loss=0.000749 | ER=0.9961 | 2chain=0.0002 | 2clique=0.0000 | 92.8s/5000
  step  320000 | lr=7.69e-05 | loss=0.000743 | ER=0.9966 | 2chain=0.0001 | 2clique=0.0000 | 93.6s/5000
  step  325000 | lr=7.62e-05 | loss=0.000732 | ER=0.9942 | 2chain=0.0000 | 2clique=0.0000 | 93.2s/5000
  step  330000 | lr=7.55e-05 | loss=0.000717 | ER=0.9970 | 2chain=0.0000 | 2clique=0.0000 | 93.1s/5000
  step  335000 | lr=7.49e-05 | loss=0.000702 | ER=0.9956 | 2chain=0.0003 | 2clique=0.0000 | 93.3s/5000
  step  340000 | lr=7.42e-05 | loss=0.000691 | ER=0.9958 | 2chain=0.0001 | 2clique=0.0000 | 93.1s/5000
  step  345000 | lr=7.35e-05 | loss=0.000684 | ER=0.9969 | 2chain=0.0000 | 2clique=0.0000 | 93.1s/5000
  step  350000 | lr=7.28e-05 | loss=0.000673 | ER=0.9953 | 2chain=0.0001 | 2clique=0.0000 | 93.0s/5000
  step  355000 | lr=7.21e-05 | loss=0.000669 | ER=0.9958 | 2chain=0.0000 | 2clique=0.0000 | 92.7s/5000
  step  360000 | lr=7.14e-05 | loss=0.000651 | ER=0.9960 | 2chain=0.0000 | 2clique=0.0000 | 92.6s/5000
  step  365000 | lr=7.07e-05 | loss=0.000645 | ER=0.9962 | 2chain=0.0003 | 2clique=0.0000 | 93.4s/5000
  step  370000 | lr=6.99e-05 | loss=0.000631 | ER=0.9953 | 2chain=0.0000 | 2clique=0.0000 | 92.7s/5000
  step  375000 | lr=6.92e-05 | loss=0.000623 | ER=0.9948 | 2chain=0.0001 | 2clique=0.0000 | 93.5s/5000
  step  380000 | lr=6.85e-05 | loss=0.000614 | ER=0.9963 | 2chain=0.0000 | 2clique=0.0000 | 93.5s/5000
  step  385000 | lr=6.78e-05 | loss=0.000605 | ER=0.9960 | 2chain=0.0000 | 2clique=0.0000 | 93.3s/5000
  step  390000 | lr=6.70e-05 | loss=0.000600 | ER=0.9941 | 2chain=0.0000 | 2clique=0.0000 | 93.2s/5000
  step  395000 | lr=6.63e-05 | loss=0.000586 | ER=0.9964 | 2chain=0.0001 | 2clique=0.0000 | 93.4s/5000
  step  400000 | lr=6.55e-05 | loss=0.000584 | ER=0.9956 | 2chain=0.0000 | 2clique=0.0000 | 93.1s/5000
  step  405000 | lr=6.48e-05 | loss=0.000569 | ER=0.9963 | 2chain=0.0000 | 2clique=0.0000 | 93.3s/5000
  step  410000 | lr=6.40e-05 | loss=0.000566 | ER=0.9966 | 2chain=0.0000 | 2clique=0.0000 | 92.8s/5000
  step  415000 | lr=6.33e-05 | loss=0.000561 | ER=0.9968 | 2chain=0.0000 | 2clique=0.0001 | 92.7s/5000
  step  420000 | lr=6.25e-05 | loss=0.000551 | ER=0.9970 | 2chain=0.0000 | 2clique=0.0000 | 93.1s/5000
  step  425000 | lr=6.18e-05 | loss=0.000548 | ER=0.9966 | 2chain=0.0000 | 2clique=0.0000 | 93.8s/5000
  step  430000 | lr=6.10e-05 | loss=0.000532 | ER=0.9962 | 2chain=0.0000 | 2clique=0.0000 | 94.4s/5000
  step  435000 | lr=6.02e-05 | loss=0.000533 | ER=0.9957 | 2chain=0.0000 | 2clique=0.0000 | 93.2s/5000
  step  440000 | lr=5.95e-05 | loss=0.000522 | ER=0.9958 | 2chain=0.0000 | 2clique=0.0000 | 92.9s/5000
  step  445000 | lr=5.87e-05 | loss=0.000516 | ER=0.9970 | 2chain=0.0000 | 2clique=0.0000 | 93.2s/5000
  step  450000 | lr=5.79e-05 | loss=0.000511 | ER=0.9970 | 2chain=0.0002 | 2clique=0.0000 | 92.9s/5000
  step  455000 | lr=5.71e-05 | loss=0.000502 | ER=0.9968 | 2chain=0.0000 | 2clique=0.0000 | 92.9s/5000
  step  460000 | lr=5.64e-05 | loss=0.000495 | ER=0.9973 | 2chain=0.0000 | 2clique=0.0000 | 92.5s/5000
  step  465000 | lr=5.56e-05 | loss=0.000493 | ER=0.9974 | 2chain=0.0000 | 2clique=0.0000 | 93.4s/5000
  step  470000 | lr=5.48e-05 | loss=0.000487 | ER=0.9965 | 2chain=0.0000 | 2clique=0.0000 | 92.8s/5000
  step  475000 | lr=5.40e-05 | loss=0.000479 | ER=0.9960 | 2chain=0.0000 | 2clique=0.0000 | 93.2s/5000
  step  480000 | lr=5.32e-05 | loss=0.000474 | ER=0.9980 | 2chain=0.0000 | 2clique=0.0000 | 92.9s/5000
  step  485000 | lr=5.24e-05 | loss=0.000469 | ER=0.9961 | 2chain=0.0000 | 2clique=0.0000 | 93.0s/5000
  step  490000 | lr=5.17e-05 | loss=0.000462 | ER=0.9958 | 2chain=0.0000 | 2clique=0.0000 | 92.9s/5000
  step  495000 | lr=5.09e-05 | loss=0.000457 | ER=0.9975 | 2chain=0.0000 | 2clique=0.0000 | 93.1s/5000
  step  500000 | lr=5.01e-05 | loss=0.000450 | ER=0.9975 | 2chain=0.0001 | 2clique=0.0000 | 93.4s/5000
  step  505000 | lr=4.93e-05 | loss=0.000446 | ER=0.9974 | 2chain=0.0000 | 2clique=0.0000 | 94.4s/5000
  step  510000 | lr=4.85e-05 | loss=0.000440 | ER=0.9974 | 2chain=0.0000 | 2clique=0.0000 | 94.1s/5000
  step  515000 | lr=4.77e-05 | loss=0.000436 | ER=0.9978 | 2chain=0.0000 | 2clique=0.0000 | 93.7s/5000
  step  520000 | lr=4.69e-05 | loss=0.000429 | ER=0.9964 | 2chain=0.0000 | 2clique=0.0000 | 93.1s/5000
  step  525000 | lr=4.62e-05 | loss=0.000427 | ER=0.9963 | 2chain=0.0000 | 2clique=0.0000 | 93.4s/5000
  step  530000 | lr=4.54e-05 | loss=0.000417 | ER=0.9969 | 2chain=0.0000 | 2clique=0.0000 | 93.3s/5000
  step  535000 | lr=4.46e-05 | loss=0.000412 | ER=0.9975 | 2chain=0.0000 | 2clique=0.0000 | 93.7s/5000
  step  540000 | lr=4.38e-05 | loss=0.000405 | ER=0.9971 | 2chain=0.0000 | 2clique=0.0000 | 93.0s/5000
  step  545000 | lr=4.30e-05 | loss=0.000407 | ER=0.9976 | 2chain=0.0000 | 2clique=0.0000 | 92.6s/5000
  step  550000 | lr=4.22e-05 | loss=0.000398 | ER=0.9978 | 2chain=0.0000 | 2clique=0.0000 | 92.8s/5000
  step  555000 | lr=4.15e-05 | loss=0.000392 | ER=0.9982 | 2chain=0.0000 | 2clique=0.0000 | 92.7s/5000
  step  560000 | lr=4.07e-05 | loss=0.000389 | ER=0.9966 | 2chain=0.0000 | 2clique=0.0000 | 92.8s/5000
  step  565000 | lr=3.99e-05 | loss=0.000385 | ER=0.9970 | 2chain=0.0000 | 2clique=0.0000 | 93.0s/5000
  step  570000 | lr=3.92e-05 | loss=0.000382 | ER=0.9955 | 2chain=0.0000 | 2clique=0.0000 | 92.8s/5000
  step  575000 | lr=3.84e-05 | loss=0.000376 | ER=0.9979 | 2chain=0.0000 | 2clique=0.0000 | 93.0s/5000
  step  580000 | lr=3.76e-05 | loss=0.000372 | ER=0.9983 | 2chain=0.0000 | 2clique=0.0000 | 93.0s/5000
  step  585000 | lr=3.69e-05 | loss=0.000369 | ER=0.9969 | 2chain=0.0000 | 2clique=0.0000 | 93.0s/5000
  step  590000 | lr=3.61e-05 | loss=0.000360 | ER=0.9977 | 2chain=0.0000 | 2clique=0.0000 | 93.0s/5000
  step  595000 | lr=3.54e-05 | loss=0.000359 | ER=0.9977 | 2chain=0.0000 | 2clique=0.0000 | 92.8s/5000
  step  600000 | lr=3.46e-05 | loss=0.000354 | ER=0.9977 | 2chain=0.0000 | 2clique=0.0000 | 93.0s/5000
  step  605000 | lr=3.39e-05 | loss=0.000351 | ER=0.9982 | 2chain=0.0000 | 2clique=0.0000 | 93.3s/5000
  step  610000 | lr=3.31e-05 | loss=0.000346 | ER=0.9980 | 2chain=0.0001 | 2clique=0.0000 | 93.8s/5000
  step  615000 | lr=3.24e-05 | loss=0.000342 | ER=0.9980 | 2chain=0.0000 | 2clique=0.0000 | 92.8s/5000
  step  620000 | lr=3.16e-05 | loss=0.000337 | ER=0.9980 | 2chain=0.0000 | 2clique=0.0000 | 92.8s/5000
  step  625000 | lr=3.09e-05 | loss=0.000334 | ER=0.9980 | 2chain=0.0000 | 2clique=0.0000 | 93.1s/5000
  step  630000 | lr=3.02e-05 | loss=0.000329 | ER=0.9978 | 2chain=0.0000 | 2clique=0.0000 | 93.0s/5000
  step  635000 | lr=2.95e-05 | loss=0.000330 | ER=0.9973 | 2chain=0.0000 | 2clique=0.0000 | 93.6s/5000
  step  640000 | lr=2.88e-05 | loss=0.000324 | ER=0.9974 | 2chain=0.0000 | 2clique=0.0000 | 93.8s/5000
  step  645000 | lr=2.81e-05 | loss=0.000317 | ER=0.9973 | 2chain=0.0000 | 2clique=0.0000 | 93.6s/5000
  step  650000 | lr=2.73e-05 | loss=0.000317 | ER=0.9987 | 2chain=0.0000 | 2clique=0.0000 | 94.3s/5000
  step  655000 | lr=2.67e-05 | loss=0.000309 | ER=0.9980 | 2chain=0.0000 | 2clique=0.0000 | 93.0s/5000
  step  660000 | lr=2.60e-05 | loss=0.000310 | ER=0.9985 | 2chain=0.0000 | 2clique=0.0000 | 93.1s/5000
  step  665000 | lr=2.53e-05 | loss=0.000307 | ER=0.9979 | 2chain=0.0001 | 2clique=0.0000 | 93.0s/5000
  step  670000 | lr=2.46e-05 | loss=0.000302 | ER=0.9981 | 2chain=0.0000 | 2clique=0.0000 | 93.5s/5000
  step  675000 | lr=2.39e-05 | loss=0.000300 | ER=0.9984 | 2chain=0.0000 | 2clique=0.0000 | 93.7s/5000
  step  680000 | lr=2.33e-05 | loss=0.000293 | ER=0.9981 | 2chain=0.0000 | 2clique=0.0000 | 93.2s/5000
  step  685000 | lr=2.26e-05 | loss=0.000292 | ER=0.9987 | 2chain=0.0002 | 2clique=0.0000 | 93.5s/5000
  step  690000 | lr=2.19e-05 | loss=0.000289 | ER=0.9979 | 2chain=0.0001 | 2clique=0.0000 | 92.5s/5000
  step  695000 | lr=2.13e-05 | loss=0.000284 | ER=0.9981 | 2chain=0.0000 | 2clique=0.0000 | 92.7s/5000
  step  700000 | lr=2.06e-05 | loss=0.000282 | ER=0.9981 | 2chain=0.0000 | 2clique=0.0000 | 92.4s/5000
  step  705000 | lr=2.00e-05 | loss=0.000279 | ER=0.9982 | 2chain=0.0000 | 2clique=0.0000 | 92.7s/5000
  step  710000 | lr=1.94e-05 | loss=0.000277 | ER=0.9982 | 2chain=0.0000 | 2clique=0.0000 | 92.9s/5000
  step  715000 | lr=1.88e-05 | loss=0.000273 | ER=0.9983 | 2chain=0.0000 | 2clique=0.0000 | 92.8s/5000
  step  720000 | lr=1.82e-05 | loss=0.000270 | ER=0.9985 | 2chain=0.0000 | 2clique=0.0000 | 93.0s/5000
  step  725000 | lr=1.76e-05 | loss=0.000266 | ER=0.9984 | 2chain=0.0000 | 2clique=0.0000 | 93.5s/5000
  step  730000 | lr=1.70e-05 | loss=0.000265 | ER=0.9985 | 2chain=0.0000 | 2clique=0.0000 | 92.7s/5000
  step  735000 | lr=1.64e-05 | loss=0.000261 | ER=0.9985 | 2chain=0.0000 | 2clique=0.0000 | 92.6s/5000
  step  740000 | lr=1.58e-05 | loss=0.000259 | ER=0.9983 | 2chain=0.0000 | 2clique=0.0000 | 93.3s/5000
  step  745000 | lr=1.52e-05 | loss=0.000258 | ER=0.9984 | 2chain=0.0000 | 2clique=0.0000 | 92.4s/5000
  step  750000 | lr=1.47e-05 | loss=0.000255 | ER=0.9978 | 2chain=0.0000 | 2clique=0.0000 | 92.9s/5000
  step  755000 | lr=1.41e-05 | loss=0.000251 | ER=0.9990 | 2chain=0.0000 | 2clique=0.0000 | 92.9s/5000
  step  760000 | lr=1.36e-05 | loss=0.000248 | ER=0.9983 | 2chain=0.0000 | 2clique=0.0000 | 93.0s/5000
  step  765000 | lr=1.30e-05 | loss=0.000248 | ER=0.9984 | 2chain=0.0000 | 2clique=0.0000 | 93.6s/5000
  step  770000 | lr=1.25e-05 | loss=0.000243 | ER=0.9982 | 2chain=0.0000 | 2clique=0.0000 | 93.5s/5000
  step  775000 | lr=1.20e-05 | loss=0.000241 | ER=0.9986 | 2chain=0.0000 | 2clique=0.0000 | 94.0s/5000
  step  780000 | lr=1.15e-05 | loss=0.000239 | ER=0.9982 | 2chain=0.0000 | 2clique=0.0000 | 93.5s/5000
  step  785000 | lr=1.10e-05 | loss=0.000239 | ER=0.9982 | 2chain=0.0000 | 2clique=0.0000 | 92.9s/5000
  step  790000 | lr=1.05e-05 | loss=0.000235 | ER=0.9986 | 2chain=0.0000 | 2clique=0.0000 | 93.0s/5000
  step  795000 | lr=1.00e-05 | loss=0.000234 | ER=0.9983 | 2chain=0.0000 | 2clique=0.0000 | 93.0s/5000
  step  800000 | lr=9.57e-06 | loss=0.000231 | ER=0.9982 | 2chain=0.0000 | 2clique=0.0000 | 93.0s/5000
  step  805000 | lr=9.11e-06 | loss=0.000231 | ER=0.9988 | 2chain=0.0000 | 2clique=0.0000 | 93.2s/5000
  step  810000 | lr=8.66e-06 | loss=0.000227 | ER=0.9984 | 2chain=0.0000 | 2clique=0.0000 | 93.4s/5000
  step  815000 | lr=8.23e-06 | loss=0.000225 | ER=0.9984 | 2chain=0.0000 | 2clique=0.0000 | 93.5s/5000
  step  820000 | lr=7.80e-06 | loss=0.000224 | ER=0.9982 | 2chain=0.0000 | 2clique=0.0000 | 93.4s/5000
  step  825000 | lr=7.38e-06 | loss=0.000225 | ER=0.9987 | 2chain=0.0000 | 2clique=0.0000 | 93.2s/5000
  step  830000 | lr=6.98e-06 | loss=0.000219 | ER=0.9986 | 2chain=0.0000 | 2clique=0.0000 | 93.6s/5000
  step  835000 | lr=6.58e-06 | loss=0.000216 | ER=0.9986 | 2chain=0.0000 | 2clique=0.0000 | 93.0s/5000
  step  840000 | lr=6.20e-06 | loss=0.000218 | ER=0.9984 | 2chain=0.0000 | 2clique=0.0000 | 92.7s/5000
  step  845000 | lr=5.82e-06 | loss=0.000214 | ER=0.9982 | 2chain=0.0000 | 2clique=0.0000 | 92.9s/5000
  step  850000 | lr=5.46e-06 | loss=0.000213 | ER=0.9983 | 2chain=0.0000 | 2clique=0.0000 | 93.6s/5000
  step  855000 | lr=5.11e-06 | loss=0.000213 | ER=0.9984 | 2chain=0.0000 | 2clique=0.0000 | 93.3s/5000
  step  860000 | lr=4.77e-06 | loss=0.000212 | ER=0.9987 | 2chain=0.0000 | 2clique=0.0000 | 93.0s/5000
  step  865000 | lr=4.44e-06 | loss=0.000208 | ER=0.9984 | 2chain=0.0000 | 2clique=0.0000 | 93.5s/5000
  step  870000 | lr=4.12e-06 | loss=0.000209 | ER=0.9985 | 2chain=0.0000 | 2clique=0.0000 | 93.3s/5000
  step  875000 | lr=3.81e-06 | loss=0.000206 | ER=0.9983 | 2chain=0.0000 | 2clique=0.0000 | 93.8s/5000
  step  880000 | lr=3.52e-06 | loss=0.000206 | ER=0.9986 | 2chain=0.0000 | 2clique=0.0000 | 93.2s/5000
  step  885000 | lr=3.23e-06 | loss=0.000205 | ER=0.9989 | 2chain=0.0000 | 2clique=0.0000 | 92.8s/5000
  step  890000 | lr=2.96e-06 | loss=0.000201 | ER=0.9986 | 2chain=0.0000 | 2clique=0.0000 | 92.6s/5000
  step  895000 | lr=2.70e-06 | loss=0.000202 | ER=0.9986 | 2chain=0.0000 | 2clique=0.0000 | 93.0s/5000
  step  900000 | lr=2.45e-06 | loss=0.000200 | ER=0.9986 | 2chain=0.0000 | 2clique=0.0000 | 92.9s/5000
  step  905000 | lr=2.21e-06 | loss=0.000200 | ER=0.9987 | 2chain=0.0000 | 2clique=0.0000 | 93.4s/5000
  step  910000 | lr=1.99e-06 | loss=0.000199 | ER=0.9985 | 2chain=0.0000 | 2clique=0.0000 | 93.0s/5000
  step  915000 | lr=1.78e-06 | loss=0.000200 | ER=0.9986 | 2chain=0.0000 | 2clique=0.0000 | 92.9s/5000
  step  920000 | lr=1.57e-06 | loss=0.000196 | ER=0.9986 | 2chain=0.0000 | 2clique=0.0000 | 93.3s/5000
  step  925000 | lr=1.38e-06 | loss=0.000195 | ER=0.9984 | 2chain=0.0000 | 2clique=0.0000 | 93.1s/5000
  step  930000 | lr=1.21e-06 | loss=0.000195 | ER=0.9985 | 2chain=0.0000 | 2clique=0.0000 | 92.8s/5000
  step  935000 | lr=1.04e-06 | loss=0.000195 | ER=0.9984 | 2chain=0.0000 | 2clique=0.0000 | 93.4s/5000
  step  940000 | lr=8.87e-07 | loss=0.000195 | ER=0.9985 | 2chain=0.0000 | 2clique=0.0000 | 93.1s/5000
  step  945000 | lr=7.46e-07 | loss=0.000195 | ER=0.9985 | 2chain=0.0000 | 2clique=0.0000 | 92.6s/5000
  step  950000 | lr=6.17e-07 | loss=0.000193 | ER=0.9986 | 2chain=0.0000 | 2clique=0.0000 | 94.3s/5000
  step  955000 | lr=5.00e-07 | loss=0.000192 | ER=0.9987 | 2chain=0.0000 | 2clique=0.0000 | 94.5s/5000
  step  960000 | lr=3.95e-07 | loss=0.000192 | ER=0.9986 | 2chain=0.0000 | 2clique=0.0000 | 94.1s/5000
  step  965000 | lr=3.03e-07 | loss=0.000191 | ER=0.9985 | 2chain=0.0000 | 2clique=0.0000 | 92.7s/5000
  step  970000 | lr=2.22e-07 | loss=0.000191 | ER=0.9985 | 2chain=0.0000 | 2clique=0.0000 | 92.9s/5000
  step  975000 | lr=1.54e-07 | loss=0.000193 | ER=0.9986 | 2chain=0.0000 | 2clique=0.0000 | 92.8s/5000
  step  980000 | lr=9.89e-08 | loss=0.000192 | ER=0.9986 | 2chain=0.0000 | 2clique=0.0000 | 92.8s/5000
  step  985000 | lr=5.56e-08 | loss=0.000191 | ER=0.9985 | 2chain=0.0000 | 2clique=0.0000 | 93.4s/5000
  step  990000 | lr=2.47e-08 | loss=0.000192 | ER=0.9985 | 2chain=0.0000 | 2clique=0.0000 | 93.4s/5000
  step  995000 | lr=6.18e-09 | loss=0.000191 | ER=0.9986 | 2chain=0.0000 | 2clique=0.0000 | 93.2s/5000
  step 1000000 | lr=0.00e+00 | loss=0.000192 | ER=0.9986 | 2chain=0.0000 | 2clique=0.0000 | 93.3s/5000

Done. Best ER exact=0.9990 | final 2chain=0.0000 | final 2clique=0.0000
Results in: runs/repro_paper_n20_roberta/n20_p008_diam9_seed3000
