Generating fixed TRAIN dataset for p=0.2 with 16 processes...
  Train p=0.2: generated 100000/6000000
  Train p=0.2: generated 200000/6000000
  Train p=0.2: generated 300000/6000000
  Train p=0.2: generated 400000/6000000
  Train p=0.2: generated 500000/6000000
  Train p=0.2: generated 600000/6000000
  Train p=0.2: generated 700000/6000000
  Train p=0.2: generated 800000/6000000
  Train p=0.2: generated 900000/6000000
  Train p=0.2: generated 1000000/6000000
  Train p=0.2: generated 1100000/6000000
  Train p=0.2: generated 1200000/6000000
  Train p=0.2: generated 1300000/6000000
  Train p=0.2: generated 1400000/6000000
  Train p=0.2: generated 1500000/6000000
  Train p=0.2: generated 1600000/6000000
  Train p=0.2: generated 1700000/6000000
  Train p=0.2: generated 1800000/6000000
  Train p=0.2: generated 1900000/6000000
  Train p=0.2: generated 2000000/6000000
  Train p=0.2: generated 2100000/6000000
  Train p=0.2: generated 2200000/6000000
  Train p=0.2: generated 2300000/6000000
  Train p=0.2: generated 2400000/6000000
  Train p=0.2: generated 2500000/6000000
  Train p=0.2: generated 2600000/6000000
  Train p=0.2: generated 2700000/6000000
  Train p=0.2: generated 2800000/6000000
  Train p=0.2: generated 2900000/6000000
  Train p=0.2: generated 3000000/6000000
  Train p=0.2: generated 3100000/6000000
  Train p=0.2: generated 3200000/6000000
  Train p=0.2: generated 3300000/6000000
  Train p=0.2: generated 3400000/6000000
  Train p=0.2: generated 3500000/6000000
  Train p=0.2: generated 3600000/6000000
  Train p=0.2: generated 3700000/6000000
  Train p=0.2: generated 3800000/6000000
  Train p=0.2: generated 3900000/6000000
  Train p=0.2: generated 4000000/6000000
  Train p=0.2: generated 4100000/6000000
  Train p=0.2: generated 4200000/6000000
  Train p=0.2: generated 4300000/6000000
  Train p=0.2: generated 4400000/6000000
  Train p=0.2: generated 4500000/6000000
  Train p=0.2: generated 4600000/6000000
  Train p=0.2: generated 4700000/6000000
  Train p=0.2: generated 4800000/6000000
  Train p=0.2: generated 4900000/6000000
  Train p=0.2: generated 5000000/6000000
  Train p=0.2: generated 5100000/6000000
  Train p=0.2: generated 5200000/6000000
  Train p=0.2: generated 5300000/6000000
  Train p=0.2: generated 5400000/6000000
  Train p=0.2: generated 5500000/6000000
  Train p=0.2: generated 5600000/6000000
  Train p=0.2: generated 5700000/6000000
  Train p=0.2: generated 5800000/6000000
  Train p=0.2: generated 5900000/6000000
  Train p=0.2: generated 6000000/6000000
Generating fixed TEST dataset for p=0.2 with 16 processes...
  Test p=0.2: generated 10000/10000
Generating fixed TRAIN dataset for p=0.5 with 16 processes...
  Train p=0.5: generated 100000/6000000
  Train p=0.5: generated 200000/6000000
  Train p=0.5: generated 300000/6000000
  Train p=0.5: generated 400000/6000000
  Train p=0.5: generated 500000/6000000
  Train p=0.5: generated 600000/6000000
  Train p=0.5: generated 700000/6000000
  Train p=0.5: generated 800000/6000000
  Train p=0.5: generated 900000/6000000
  Train p=0.5: generated 1000000/6000000
  Train p=0.5: generated 1100000/6000000
  Train p=0.5: generated 1200000/6000000
  Train p=0.5: generated 1300000/6000000
  Train p=0.5: generated 1400000/6000000
  Train p=0.5: generated 1500000/6000000
  Train p=0.5: generated 1600000/6000000
  Train p=0.5: generated 1700000/6000000
  Train p=0.5: generated 1800000/6000000
  Train p=0.5: generated 1900000/6000000
  Train p=0.5: generated 2000000/6000000
  Train p=0.5: generated 2100000/6000000
  Train p=0.5: generated 2200000/6000000
  Train p=0.5: generated 2300000/6000000
  Train p=0.5: generated 2400000/6000000
  Train p=0.5: generated 2500000/6000000
  Train p=0.5: generated 2600000/6000000
  Train p=0.5: generated 2700000/6000000
  Train p=0.5: generated 2800000/6000000
  Train p=0.5: generated 2900000/6000000
  Train p=0.5: generated 3000000/6000000
  Train p=0.5: generated 3100000/6000000
  Train p=0.5: generated 3200000/6000000
  Train p=0.5: generated 3300000/6000000
  Train p=0.5: generated 3400000/6000000
  Train p=0.5: generated 3500000/6000000
  Train p=0.5: generated 3600000/6000000
  Train p=0.5: generated 3700000/6000000
  Train p=0.5: generated 3800000/6000000
  Train p=0.5: generated 3900000/6000000
  Train p=0.5: generated 4000000/6000000
  Train p=0.5: generated 4100000/6000000
  Train p=0.5: generated 4200000/6000000
  Train p=0.5: generated 4300000/6000000
  Train p=0.5: generated 4400000/6000000
  Train p=0.5: generated 4500000/6000000
  Train p=0.5: generated 4600000/6000000
  Train p=0.5: generated 4700000/6000000
  Train p=0.5: generated 4800000/6000000
  Train p=0.5: generated 4900000/6000000
  Train p=0.5: generated 5000000/6000000
  Train p=0.5: generated 5100000/6000000
  Train p=0.5: generated 5200000/6000000
  Train p=0.5: generated 5300000/6000000
  Train p=0.5: generated 5400000/6000000
  Train p=0.5: generated 5500000/6000000
  Train p=0.5: generated 5600000/6000000
  Train p=0.5: generated 5700000/6000000
  Train p=0.5: generated 5800000/6000000
  Train p=0.5: generated 5900000/6000000
  Train p=0.5: generated 6000000/6000000
Generating fixed TEST dataset for p=0.5 with 16 processes...
  Test p=0.5: generated 10000/10000
Starting run: p=0.2 -> runs/retrain_er_3352759/n10_p0.2_rep0
Starting run: p=0.5 -> runs/retrain_er_3352759/n10_p0.5_rep0
All runs finished. Summaries written to runs/retrain_er_3352759
