Generating fixed TRAIN dataset for TwoChains (n=14, k=7) with 8 processes...
  Train TwoChains: generated 100000/6000000
  Train TwoChains: generated 200000/6000000
  Train TwoChains: generated 300000/6000000
  Train TwoChains: generated 400000/6000000
  Train TwoChains: generated 500000/6000000
  Train TwoChains: generated 600000/6000000
  Train TwoChains: generated 700000/6000000
  Train TwoChains: generated 800000/6000000
  Train TwoChains: generated 900000/6000000
  Train TwoChains: generated 1000000/6000000
  Train TwoChains: generated 1100000/6000000
  Train TwoChains: generated 1200000/6000000
  Train TwoChains: generated 1300000/6000000
  Train TwoChains: generated 1400000/6000000
  Train TwoChains: generated 1500000/6000000
  Train TwoChains: generated 1600000/6000000
  Train TwoChains: generated 1700000/6000000
  Train TwoChains: generated 1800000/6000000
  Train TwoChains: generated 1900000/6000000
  Train TwoChains: generated 2000000/6000000
  Train TwoChains: generated 2100000/6000000
  Train TwoChains: generated 2200000/6000000
  Train TwoChains: generated 2300000/6000000
  Train TwoChains: generated 2400000/6000000
  Train TwoChains: generated 2500000/6000000
  Train TwoChains: generated 2600000/6000000
  Train TwoChains: generated 2700000/6000000
  Train TwoChains: generated 2800000/6000000
  Train TwoChains: generated 2900000/6000000
  Train TwoChains: generated 3000000/6000000
  Train TwoChains: generated 3100000/6000000
  Train TwoChains: generated 3200000/6000000
  Train TwoChains: generated 3300000/6000000
  Train TwoChains: generated 3400000/6000000
  Train TwoChains: generated 3500000/6000000
  Train TwoChains: generated 3600000/6000000
  Train TwoChains: generated 3700000/6000000
  Train TwoChains: generated 3800000/6000000
  Train TwoChains: generated 3900000/6000000
  Train TwoChains: generated 4000000/6000000
  Train TwoChains: generated 4100000/6000000
  Train TwoChains: generated 4200000/6000000
  Train TwoChains: generated 4300000/6000000
  Train TwoChains: generated 4400000/6000000
  Train TwoChains: generated 4500000/6000000
  Train TwoChains: generated 4600000/6000000
  Train TwoChains: generated 4700000/6000000
  Train TwoChains: generated 4800000/6000000
  Train TwoChains: generated 4900000/6000000
  Train TwoChains: generated 5000000/6000000
  Train TwoChains: generated 5100000/6000000
  Train TwoChains: generated 5200000/6000000
  Train TwoChains: generated 5300000/6000000
  Train TwoChains: generated 5400000/6000000
  Train TwoChains: generated 5500000/6000000
  Train TwoChains: generated 5600000/6000000
  Train TwoChains: generated 5700000/6000000
  Train TwoChains: generated 5800000/6000000
  Train TwoChains: generated 5900000/6000000
  Train TwoChains: generated 6000000/6000000
Generating fixed TEST dataset for TwoChains (n=14, k=7) with 8 processes...
  Test TwoChains: generated 10000/10000
Starting run: TwoChains n=14, k=7 -> runs/retrain_2chains_3352759/n14_k7_rep0
All runs finished. Summaries written to runs/retrain_2chains_3352759
