task 5 -> n=20 p=0.08 seed=2000  (mixed + bridged/split in stream)
== n20_mixedbr_roberta_linear_lam0_seed2000 ==
 device=cuda arch=roberta readout=linear lambda=0.0 params=6,326,804
 step    5000 loss=0.25272 bce=0.25272 lap=0.00 lam=0.0e+00 val=0.4024 2ch=0.000 2cl=0.517 34s
 step   10000 loss=0.12550 bce=0.12550 lap=0.00 lam=0.0e+00 val=0.7662 2ch=0.000 2cl=1.000 33s
 step   15000 loss=0.06068 bce=0.06068 lap=0.00 lam=0.0e+00 val=0.7824 2ch=0.000 2cl=1.000 33s
 step   20000 loss=0.04428 bce=0.04428 lap=0.00 lam=0.0e+00 val=0.7964 2ch=0.000 2cl=1.000 34s
 step   25000 loss=0.03242 bce=0.03242 lap=0.00 lam=0.0e+00 val=0.8190 2ch=0.000 2cl=1.000 34s
 step   30000 loss=0.02569 bce=0.02569 lap=0.00 lam=0.0e+00 val=0.8230 2ch=0.000 2cl=1.000 34s
 step   35000 loss=0.02219 bce=0.02219 lap=0.00 lam=0.0e+00 val=0.8332 2ch=0.051 2cl=1.000 34s
 step   40000 loss=0.01956 bce=0.01956 lap=0.00 lam=0.0e+00 val=0.8722 2ch=0.409 2cl=1.000 34s
 step   45000 loss=0.01756 bce=0.01756 lap=0.00 lam=0.0e+00 val=0.9310 2ch=0.941 2cl=1.000 34s
 step   50000 loss=0.01579 bce=0.01579 lap=0.00 lam=0.0e+00 val=0.9458 2ch=0.994 2cl=1.000 34s
 step   55000 loss=0.01423 bce=0.01423 lap=0.00 lam=0.0e+00 val=0.9394 2ch=0.929 2cl=1.000 34s
 step   60000 loss=0.01275 bce=0.01275 lap=0.00 lam=0.0e+00 val=0.9520 2ch=1.000 2cl=1.000 34s
 step   65000 loss=0.01102 bce=0.01102 lap=0.00 lam=0.0e+00 val=0.9610 2ch=1.000 2cl=1.000 34s
 step   70000 loss=0.00957 bce=0.00957 lap=0.00 lam=0.0e+00 val=0.9664 2ch=1.000 2cl=1.000 34s
 step   75000 loss=0.00876 bce=0.00876 lap=0.00 lam=0.0e+00 val=0.9690 2ch=1.000 2cl=1.000 34s
 step   80000 loss=0.00817 bce=0.00817 lap=0.00 lam=0.0e+00 val=0.9720 2ch=1.000 2cl=1.000 34s
 step   85000 loss=0.00763 bce=0.00763 lap=0.00 lam=0.0e+00 val=0.9718 2ch=1.000 2cl=1.000 34s
 step   90000 loss=0.00737 bce=0.00737 lap=0.00 lam=0.0e+00 val=0.9722 2ch=1.000 2cl=1.000 34s
 step   95000 loss=0.00694 bce=0.00694 lap=0.00 lam=0.0e+00 val=0.9692 2ch=1.000 2cl=1.000 34s
 step  100000 loss=0.00675 bce=0.00675 lap=0.00 lam=0.0e+00 val=0.9582 2ch=0.988 2cl=1.000 34s
 step  105000 loss=0.00650 bce=0.00650 lap=0.00 lam=0.0e+00 val=0.9730 2ch=1.000 2cl=1.000 34s
 step  110000 loss=0.00631 bce=0.00631 lap=0.00 lam=0.0e+00 val=0.9742 2ch=1.000 2cl=1.000 34s
 step  115000 loss=0.00611 bce=0.00611 lap=0.00 lam=0.0e+00 val=0.9730 2ch=1.000 2cl=1.000 34s
 step  120000 loss=0.00595 bce=0.00595 lap=0.00 lam=0.0e+00 val=0.9766 2ch=1.000 2cl=1.000 34s
 step  125000 loss=0.00587 bce=0.00587 lap=0.00 lam=0.0e+00 val=0.9756 2ch=1.000 2cl=1.000 34s
 step  130000 loss=0.00575 bce=0.00575 lap=0.00 lam=0.0e+00 val=0.9696 2ch=0.999 2cl=1.000 34s
 step  135000 loss=0.00560 bce=0.00560 lap=0.00 lam=0.0e+00 val=0.9762 2ch=1.000 2cl=1.000 34s
 step  140000 loss=0.00549 bce=0.00549 lap=0.00 lam=0.0e+00 val=0.9782 2ch=1.000 2cl=1.000 34s
 step  145000 loss=0.00535 bce=0.00535 lap=0.00 lam=0.0e+00 val=0.9776 2ch=1.000 2cl=1.000 34s
 step  150000 loss=0.00530 bce=0.00530 lap=0.00 lam=0.0e+00 val=0.9796 2ch=1.000 2cl=1.000 34s
 step  155000 loss=0.00523 bce=0.00523 lap=0.00 lam=0.0e+00 val=0.9782 2ch=1.000 2cl=1.000 34s
 step  160000 loss=0.00511 bce=0.00511 lap=0.00 lam=0.0e+00 val=0.9804 2ch=1.000 2cl=1.000 34s
 step  165000 loss=0.00504 bce=0.00504 lap=0.00 lam=0.0e+00 val=0.9804 2ch=1.000 2cl=1.000 34s
 step  170000 loss=0.00500 bce=0.00500 lap=0.00 lam=0.0e+00 val=0.9802 2ch=1.000 2cl=1.000 34s
 step  175000 loss=0.00497 bce=0.00497 lap=0.00 lam=0.0e+00 val=0.9820 2ch=1.000 2cl=1.000 34s
 step  180000 loss=0.00489 bce=0.00489 lap=0.00 lam=0.0e+00 val=0.9774 2ch=1.000 2cl=1.000 34s
 step  185000 loss=0.00478 bce=0.00478 lap=0.00 lam=0.0e+00 val=0.9796 2ch=1.000 2cl=1.000 34s
 step  190000 loss=0.00474 bce=0.00474 lap=0.00 lam=0.0e+00 val=0.9348 2ch=0.956 2cl=0.866 34s
 step  195000 loss=0.00466 bce=0.00466 lap=0.00 lam=0.0e+00 val=0.9682 2ch=0.988 2cl=0.999 34s
 step  200000 loss=0.00464 bce=0.00464 lap=0.00 lam=0.0e+00 val=0.9822 2ch=1.000 2cl=1.000 33s
 step  205000 loss=0.00455 bce=0.00455 lap=0.00 lam=0.0e+00 val=0.9748 2ch=1.000 2cl=1.000 34s
 step  210000 loss=0.00453 bce=0.00453 lap=0.00 lam=0.0e+00 val=0.9750 2ch=1.000 2cl=1.000 34s
 step  215000 loss=0.00451 bce=0.00451 lap=0.00 lam=0.0e+00 val=0.9814 2ch=1.000 2cl=1.000 34s
 step  220000 loss=0.00442 bce=0.00442 lap=0.00 lam=0.0e+00 val=0.9828 2ch=1.000 2cl=1.000 34s
 step  225000 loss=0.00448 bce=0.00448 lap=0.00 lam=0.0e+00 val=0.9814 2ch=1.000 2cl=1.000 34s
 step  230000 loss=0.00437 bce=0.00437 lap=0.00 lam=0.0e+00 val=0.9838 2ch=1.000 2cl=1.000 34s
 step  235000 loss=0.00433 bce=0.00433 lap=0.00 lam=0.0e+00 val=0.9824 2ch=1.000 2cl=1.000 34s
 step  240000 loss=0.00431 bce=0.00431 lap=0.00 lam=0.0e+00 val=0.9832 2ch=1.000 2cl=1.000 33s
 step  245000 loss=0.00425 bce=0.00425 lap=0.00 lam=0.0e+00 val=0.9828 2ch=1.000 2cl=1.000 34s
 step  250000 loss=0.00425 bce=0.00425 lap=0.00 lam=0.0e+00 val=0.9826 2ch=1.000 2cl=1.000 33s
 step  255000 loss=0.00423 bce=0.00423 lap=0.00 lam=0.0e+00 val=0.9822 2ch=1.000 2cl=1.000 34s
 step  260000 loss=0.00419 bce=0.00419 lap=0.00 lam=0.0e+00 val=0.9808 2ch=1.000 2cl=1.000 34s
 step  265000 loss=0.00412 bce=0.00412 lap=0.00 lam=0.0e+00 val=0.9824 2ch=1.000 2cl=1.000 34s
 step  270000 loss=0.00413 bce=0.00413 lap=0.00 lam=0.0e+00 val=0.9830 2ch=1.000 2cl=1.000 34s
 step  275000 loss=0.00408 bce=0.00408 lap=0.00 lam=0.0e+00 val=0.9834 2ch=1.000 2cl=1.000 34s
 step  280000 loss=0.00402 bce=0.00402 lap=0.00 lam=0.0e+00 val=0.9826 2ch=1.000 2cl=1.000 34s
 step  285000 loss=0.00400 bce=0.00400 lap=0.00 lam=0.0e+00 val=0.9810 2ch=1.000 2cl=1.000 33s
 step  290000 loss=0.00397 bce=0.00397 lap=0.00 lam=0.0e+00 val=0.9834 2ch=1.000 2cl=1.000 33s
 step  295000 loss=0.00398 bce=0.00398 lap=0.00 lam=0.0e+00 val=0.9828 2ch=1.000 2cl=1.000 34s
 step  300000 loss=0.00390 bce=0.00390 lap=0.00 lam=0.0e+00 val=0.9836 2ch=1.000 2cl=1.000 33s
 step  305000 loss=0.00392 bce=0.00392 lap=0.00 lam=0.0e+00 val=0.9838 2ch=1.000 2cl=1.000 34s
 step  310000 loss=0.00384 bce=0.00384 lap=0.00 lam=0.0e+00 val=0.9826 2ch=1.000 2cl=1.000 34s
 step  315000 loss=0.00388 bce=0.00388 lap=0.00 lam=0.0e+00 val=0.9834 2ch=1.000 2cl=1.000 33s
 step  320000 loss=0.00380 bce=0.00380 lap=0.00 lam=0.0e+00 val=0.9824 2ch=1.000 2cl=1.000 34s
 step  325000 loss=0.00385 bce=0.00385 lap=0.00 lam=0.0e+00 val=0.9828 2ch=1.000 2cl=1.000 34s
 step  330000 loss=0.00377 bce=0.00377 lap=0.00 lam=0.0e+00 val=0.9830 2ch=1.000 2cl=1.000 34s
 step  335000 loss=0.00376 bce=0.00376 lap=0.00 lam=0.0e+00 val=0.9838 2ch=1.000 2cl=1.000 34s
 step  340000 loss=0.00373 bce=0.00373 lap=0.00 lam=0.0e+00 val=0.9838 2ch=1.000 2cl=1.000 34s
 step  345000 loss=0.00370 bce=0.00370 lap=0.00 lam=0.0e+00 val=0.9832 2ch=1.000 2cl=1.000 34s
 step  350000 loss=0.00367 bce=0.00367 lap=0.00 lam=0.0e+00 val=0.9830 2ch=1.000 2cl=1.000 34s
 step  355000 loss=0.00368 bce=0.00368 lap=0.00 lam=0.0e+00 val=0.9826 2ch=1.000 2cl=1.000 34s
 step  360000 loss=0.00365 bce=0.00365 lap=0.00 lam=0.0e+00 val=0.9840 2ch=1.000 2cl=1.000 34s
 step  365000 loss=0.00362 bce=0.00362 lap=0.00 lam=0.0e+00 val=0.9834 2ch=1.000 2cl=1.000 34s
 step  370000 loss=0.00366 bce=0.00366 lap=0.00 lam=0.0e+00 val=0.9836 2ch=1.000 2cl=1.000 34s
 step  375000 loss=0.00358 bce=0.00358 lap=0.00 lam=0.0e+00 val=0.9834 2ch=1.000 2cl=1.000 34s
 step  380000 loss=0.00358 bce=0.00358 lap=0.00 lam=0.0e+00 val=0.9830 2ch=1.000 2cl=1.000 34s
 step  385000 loss=0.00356 bce=0.00356 lap=0.00 lam=0.0e+00 val=0.9828 2ch=1.000 2cl=1.000 34s
 step  390000 loss=0.00358 bce=0.00358 lap=0.00 lam=0.0e+00 val=0.9840 2ch=1.000 2cl=1.000 34s
 step  395000 loss=0.00352 bce=0.00352 lap=0.00 lam=0.0e+00 val=0.9838 2ch=1.000 2cl=1.000 33s
 step  400000 loss=0.00352 bce=0.00352 lap=0.00 lam=0.0e+00 val=0.9838 2ch=1.000 2cl=1.000 34s
 step  405000 loss=0.00350 bce=0.00350 lap=0.00 lam=0.0e+00 val=0.9830 2ch=1.000 2cl=1.000 34s
 step  410000 loss=0.00350 bce=0.00350 lap=0.00 lam=0.0e+00 val=0.9836 2ch=1.000 2cl=1.000 34s
 step  415000 loss=0.00341 bce=0.00341 lap=0.00 lam=0.0e+00 val=0.9838 2ch=1.000 2cl=1.000 34s
 step  420000 loss=0.00344 bce=0.00344 lap=0.00 lam=0.0e+00 val=0.9842 2ch=1.000 2cl=1.000 34s
 step  425000 loss=0.00342 bce=0.00342 lap=0.00 lam=0.0e+00 val=0.9840 2ch=1.000 2cl=1.000 34s
 step  430000 loss=0.00341 bce=0.00341 lap=0.00 lam=0.0e+00 val=0.9830 2ch=1.000 2cl=1.000 34s
 step  435000 loss=0.00335 bce=0.00335 lap=0.00 lam=0.0e+00 val=0.9840 2ch=1.000 2cl=1.000 34s
 step  440000 loss=0.00338 bce=0.00338 lap=0.00 lam=0.0e+00 val=0.9824 2ch=1.000 2cl=1.000 34s
 step  445000 loss=0.00335 bce=0.00335 lap=0.00 lam=0.0e+00 val=0.9840 2ch=1.000 2cl=1.000 34s
 step  450000 loss=0.00333 bce=0.00333 lap=0.00 lam=0.0e+00 val=0.9840 2ch=1.000 2cl=1.000 34s
 step  455000 loss=0.00330 bce=0.00330 lap=0.00 lam=0.0e+00 val=0.9836 2ch=1.000 2cl=1.000 33s
 step  460000 loss=0.00331 bce=0.00331 lap=0.00 lam=0.0e+00 val=0.9840 2ch=1.000 2cl=1.000 34s
 step  465000 loss=0.00327 bce=0.00327 lap=0.00 lam=0.0e+00 val=0.9836 2ch=1.000 2cl=1.000 34s
 step  470000 loss=0.00324 bce=0.00324 lap=0.00 lam=0.0e+00 val=0.9840 2ch=1.000 2cl=1.000 34s
 step  475000 loss=0.00324 bce=0.00324 lap=0.00 lam=0.0e+00 val=0.9838 2ch=1.000 2cl=1.000 34s
 step  480000 loss=0.00322 bce=0.00322 lap=0.00 lam=0.0e+00 val=0.9836 2ch=1.000 2cl=1.000 34s
 step  485000 loss=0.00321 bce=0.00321 lap=0.00 lam=0.0e+00 val=0.9836 2ch=1.000 2cl=1.000 34s
 step  490000 loss=0.00318 bce=0.00318 lap=0.00 lam=0.0e+00 val=0.9836 2ch=1.000 2cl=1.000 34s
 step  495000 loss=0.00316 bce=0.00316 lap=0.00 lam=0.0e+00 val=0.9836 2ch=1.000 2cl=1.000 34s
 step  500000 loss=0.00316 bce=0.00316 lap=0.00 lam=0.0e+00 val=0.9834 2ch=1.000 2cl=1.000 34s
 step  505000 loss=0.00313 bce=0.00313 lap=0.00 lam=0.0e+00 val=0.9840 2ch=1.000 2cl=1.000 34s
 step  510000 loss=0.00309 bce=0.00309 lap=0.00 lam=0.0e+00 val=0.9836 2ch=1.000 2cl=1.000 34s
 step  515000 loss=0.00308 bce=0.00308 lap=0.00 lam=0.0e+00 val=0.9844 2ch=1.000 2cl=1.000 34s
 step  520000 loss=0.00307 bce=0.00307 lap=0.00 lam=0.0e+00 val=0.9840 2ch=1.000 2cl=1.000 34s
 step  525000 loss=0.00303 bce=0.00303 lap=0.00 lam=0.0e+00 val=0.9848 2ch=1.000 2cl=1.000 34s
 step  530000 loss=0.00300 bce=0.00300 lap=0.00 lam=0.0e+00 val=0.9846 2ch=1.000 2cl=1.000 34s
 step  535000 loss=0.00300 bce=0.00300 lap=0.00 lam=0.0e+00 val=0.9848 2ch=1.000 2cl=1.000 34s
 step  540000 loss=0.00299 bce=0.00299 lap=0.00 lam=0.0e+00 val=0.9838 2ch=1.000 2cl=1.000 34s
 step  545000 loss=0.00293 bce=0.00293 lap=0.00 lam=0.0e+00 val=0.9844 2ch=1.000 2cl=1.000 34s
 step  550000 loss=0.00292 bce=0.00292 lap=0.00 lam=0.0e+00 val=0.9836 2ch=1.000 2cl=1.000 34s
 step  555000 loss=0.00288 bce=0.00288 lap=0.00 lam=0.0e+00 val=0.9844 2ch=1.000 2cl=1.000 34s
 step  560000 loss=0.00287 bce=0.00287 lap=0.00 lam=0.0e+00 val=0.9844 2ch=1.000 2cl=1.000 34s
 step  565000 loss=0.00286 bce=0.00286 lap=0.00 lam=0.0e+00 val=0.9844 2ch=1.000 2cl=1.000 34s
 step  570000 loss=0.00281 bce=0.00281 lap=0.00 lam=0.0e+00 val=0.9844 2ch=1.000 2cl=1.000 34s
 step  575000 loss=0.00279 bce=0.00279 lap=0.00 lam=0.0e+00 val=0.9856 2ch=1.000 2cl=1.000 34s
 step  580000 loss=0.00276 bce=0.00276 lap=0.00 lam=0.0e+00 val=0.9856 2ch=1.000 2cl=1.000 34s
 step  585000 loss=0.00274 bce=0.00274 lap=0.00 lam=0.0e+00 val=0.9856 2ch=1.000 2cl=1.000 34s
 step  590000 loss=0.00271 bce=0.00271 lap=0.00 lam=0.0e+00 val=0.9852 2ch=1.000 2cl=1.000 34s
 step  595000 loss=0.00269 bce=0.00269 lap=0.00 lam=0.0e+00 val=0.9850 2ch=1.000 2cl=1.000 34s
 step  600000 loss=0.00269 bce=0.00269 lap=0.00 lam=0.0e+00 val=0.9840 2ch=1.000 2cl=1.000 34s
 step  605000 loss=0.00264 bce=0.00264 lap=0.00 lam=0.0e+00 val=0.9858 2ch=1.000 2cl=1.000 33s
 step  610000 loss=0.00262 bce=0.00262 lap=0.00 lam=0.0e+00 val=0.9856 2ch=1.000 2cl=1.000 34s
 step  615000 loss=0.00259 bce=0.00259 lap=0.00 lam=0.0e+00 val=0.9858 2ch=1.000 2cl=1.000 33s
 step  620000 loss=0.00258 bce=0.00258 lap=0.00 lam=0.0e+00 val=0.9850 2ch=1.000 2cl=1.000 34s
 step  625000 loss=0.00256 bce=0.00256 lap=0.00 lam=0.0e+00 val=0.9856 2ch=1.000 2cl=1.000 34s
 step  630000 loss=0.00253 bce=0.00253 lap=0.00 lam=0.0e+00 val=0.9850 2ch=1.000 2cl=1.000 34s
 step  635000 loss=0.00250 bce=0.00250 lap=0.00 lam=0.0e+00 val=0.9864 2ch=1.000 2cl=1.000 33s
 step  640000 loss=0.00252 bce=0.00252 lap=0.00 lam=0.0e+00 val=0.9858 2ch=1.000 2cl=1.000 34s
 step  645000 loss=0.00247 bce=0.00247 lap=0.00 lam=0.0e+00 val=0.9866 2ch=1.000 2cl=1.000 34s
 step  650000 loss=0.00244 bce=0.00244 lap=0.00 lam=0.0e+00 val=0.9864 2ch=1.000 2cl=1.000 34s
 step  655000 loss=0.00244 bce=0.00244 lap=0.00 lam=0.0e+00 val=0.9852 2ch=1.000 2cl=1.000 34s
 step  660000 loss=0.00241 bce=0.00241 lap=0.00 lam=0.0e+00 val=0.9858 2ch=1.000 2cl=1.000 34s
 step  665000 loss=0.00238 bce=0.00238 lap=0.00 lam=0.0e+00 val=0.9854 2ch=1.000 2cl=1.000 34s
 step  670000 loss=0.00238 bce=0.00238 lap=0.00 lam=0.0e+00 val=0.9864 2ch=1.000 2cl=1.000 34s
 step  675000 loss=0.00234 bce=0.00234 lap=0.00 lam=0.0e+00 val=0.9870 2ch=1.000 2cl=1.000 34s
 step  680000 loss=0.00234 bce=0.00234 lap=0.00 lam=0.0e+00 val=0.9866 2ch=1.000 2cl=1.000 34s
 step  685000 loss=0.00232 bce=0.00232 lap=0.00 lam=0.0e+00 val=0.9858 2ch=1.000 2cl=1.000 34s
 step  690000 loss=0.00229 bce=0.00229 lap=0.00 lam=0.0e+00 val=0.9866 2ch=1.000 2cl=1.000 34s
 step  695000 loss=0.00230 bce=0.00230 lap=0.00 lam=0.0e+00 val=0.9860 2ch=1.000 2cl=1.000 34s
 step  700000 loss=0.00227 bce=0.00227 lap=0.00 lam=0.0e+00 val=0.9868 2ch=1.000 2cl=1.000 34s
 step  705000 loss=0.00225 bce=0.00225 lap=0.00 lam=0.0e+00 val=0.9882 2ch=1.000 2cl=1.000 34s
 step  710000 loss=0.00224 bce=0.00224 lap=0.00 lam=0.0e+00 val=0.9872 2ch=1.000 2cl=1.000 34s
 step  715000 loss=0.00222 bce=0.00222 lap=0.00 lam=0.0e+00 val=0.9876 2ch=1.000 2cl=1.000 34s
 step  720000 loss=0.00221 bce=0.00221 lap=0.00 lam=0.0e+00 val=0.9870 2ch=1.000 2cl=1.000 34s
 step  725000 loss=0.00221 bce=0.00221 lap=0.00 lam=0.0e+00 val=0.9870 2ch=1.000 2cl=1.000 34s
 step  730000 loss=0.00219 bce=0.00219 lap=0.00 lam=0.0e+00 val=0.9870 2ch=1.000 2cl=1.000 34s
 step  735000 loss=0.00217 bce=0.00217 lap=0.00 lam=0.0e+00 val=0.9874 2ch=1.000 2cl=1.000 34s
 step  740000 loss=0.00215 bce=0.00215 lap=0.00 lam=0.0e+00 val=0.9872 2ch=1.000 2cl=1.000 34s
 step  745000 loss=0.00215 bce=0.00215 lap=0.00 lam=0.0e+00 val=0.9868 2ch=1.000 2cl=1.000 34s
 step  750000 loss=0.00213 bce=0.00213 lap=0.00 lam=0.0e+00 val=0.9876 2ch=1.000 2cl=1.000 34s
 step  755000 loss=0.00212 bce=0.00212 lap=0.00 lam=0.0e+00 val=0.9886 2ch=1.000 2cl=1.000 33s
 step  760000 loss=0.00210 bce=0.00210 lap=0.00 lam=0.0e+00 val=0.9874 2ch=1.000 2cl=1.000 34s
 step  765000 loss=0.00210 bce=0.00210 lap=0.00 lam=0.0e+00 val=0.9876 2ch=1.000 2cl=1.000 33s
 step  770000 loss=0.00209 bce=0.00209 lap=0.00 lam=0.0e+00 val=0.9882 2ch=1.000 2cl=1.000 34s
 step  775000 loss=0.00207 bce=0.00207 lap=0.00 lam=0.0e+00 val=0.9876 2ch=1.000 2cl=1.000 34s
 step  780000 loss=0.00206 bce=0.00206 lap=0.00 lam=0.0e+00 val=0.9872 2ch=1.000 2cl=1.000 34s
 step  785000 loss=0.00206 bce=0.00206 lap=0.00 lam=0.0e+00 val=0.9882 2ch=1.000 2cl=1.000 34s
 step  790000 loss=0.00205 bce=0.00205 lap=0.00 lam=0.0e+00 val=0.9884 2ch=1.000 2cl=1.000 34s
 step  795000 loss=0.00204 bce=0.00204 lap=0.00 lam=0.0e+00 val=0.9880 2ch=1.000 2cl=1.000 34s
 step  800000 loss=0.00203 bce=0.00203 lap=0.00 lam=0.0e+00 val=0.9886 2ch=1.000 2cl=1.000 34s
 step  805000 loss=0.00202 bce=0.00202 lap=0.00 lam=0.0e+00 val=0.9874 2ch=1.000 2cl=1.000 34s
 step  810000 loss=0.00201 bce=0.00201 lap=0.00 lam=0.0e+00 val=0.9882 2ch=1.000 2cl=1.000 34s
 step  815000 loss=0.00200 bce=0.00200 lap=0.00 lam=0.0e+00 val=0.9878 2ch=1.000 2cl=1.000 34s
 step  820000 loss=0.00200 bce=0.00200 lap=0.00 lam=0.0e+00 val=0.9884 2ch=1.000 2cl=1.000 33s
 step  825000 loss=0.00199 bce=0.00199 lap=0.00 lam=0.0e+00 val=0.9884 2ch=1.000 2cl=1.000 34s
 step  830000 loss=0.00198 bce=0.00198 lap=0.00 lam=0.0e+00 val=0.9880 2ch=1.000 2cl=1.000 34s
 step  835000 loss=0.00199 bce=0.00199 lap=0.00 lam=0.0e+00 val=0.9876 2ch=1.000 2cl=1.000 34s
 step  840000 loss=0.00197 bce=0.00197 lap=0.00 lam=0.0e+00 val=0.9886 2ch=1.000 2cl=1.000 34s
 step  845000 loss=0.00196 bce=0.00196 lap=0.00 lam=0.0e+00 val=0.9884 2ch=1.000 2cl=1.000 34s
 step  850000 loss=0.00196 bce=0.00196 lap=0.00 lam=0.0e+00 val=0.9884 2ch=1.000 2cl=1.000 34s
 step  855000 loss=0.00195 bce=0.00195 lap=0.00 lam=0.0e+00 val=0.9880 2ch=1.000 2cl=1.000 33s
 step  860000 loss=0.00194 bce=0.00194 lap=0.00 lam=0.0e+00 val=0.9886 2ch=1.000 2cl=1.000 34s
 step  865000 loss=0.00194 bce=0.00194 lap=0.00 lam=0.0e+00 val=0.9882 2ch=1.000 2cl=1.000 34s
 step  870000 loss=0.00194 bce=0.00194 lap=0.00 lam=0.0e+00 val=0.9876 2ch=1.000 2cl=1.000 33s
 step  875000 loss=0.00194 bce=0.00194 lap=0.00 lam=0.0e+00 val=0.9882 2ch=1.000 2cl=1.000 34s
 step  880000 loss=0.00193 bce=0.00193 lap=0.00 lam=0.0e+00 val=0.9888 2ch=1.000 2cl=1.000 34s
 step  885000 loss=0.00193 bce=0.00193 lap=0.00 lam=0.0e+00 val=0.9888 2ch=1.000 2cl=1.000 34s
 step  890000 loss=0.00193 bce=0.00193 lap=0.00 lam=0.0e+00 val=0.9886 2ch=1.000 2cl=1.000 34s
 step  895000 loss=0.00192 bce=0.00192 lap=0.00 lam=0.0e+00 val=0.9884 2ch=1.000 2cl=1.000 34s
 step  900000 loss=0.00191 bce=0.00191 lap=0.00 lam=0.0e+00 val=0.9884 2ch=1.000 2cl=1.000 34s
 step  905000 loss=0.00191 bce=0.00191 lap=0.00 lam=0.0e+00 val=0.9888 2ch=1.000 2cl=1.000 34s
 step  910000 loss=0.00191 bce=0.00191 lap=0.00 lam=0.0e+00 val=0.9886 2ch=1.000 2cl=1.000 34s
 step  915000 loss=0.00190 bce=0.00190 lap=0.00 lam=0.0e+00 val=0.9882 2ch=1.000 2cl=1.000 34s
 step  920000 loss=0.00191 bce=0.00191 lap=0.00 lam=0.0e+00 val=0.9882 2ch=1.000 2cl=1.000 34s
 step  925000 loss=0.00191 bce=0.00191 lap=0.00 lam=0.0e+00 val=0.9886 2ch=1.000 2cl=1.000 34s
 step  930000 loss=0.00190 bce=0.00190 lap=0.00 lam=0.0e+00 val=0.9888 2ch=1.000 2cl=1.000 34s
 step  935000 loss=0.00190 bce=0.00190 lap=0.00 lam=0.0e+00 val=0.9886 2ch=1.000 2cl=1.000 33s
 step  940000 loss=0.00190 bce=0.00190 lap=0.00 lam=0.0e+00 val=0.9886 2ch=1.000 2cl=1.000 34s
 step  945000 loss=0.00190 bce=0.00190 lap=0.00 lam=0.0e+00 val=0.9886 2ch=1.000 2cl=1.000 33s
 step  950000 loss=0.00189 bce=0.00189 lap=0.00 lam=0.0e+00 val=0.9888 2ch=1.000 2cl=1.000 34s
 step  955000 loss=0.00189 bce=0.00189 lap=0.00 lam=0.0e+00 val=0.9886 2ch=1.000 2cl=1.000 34s
 step  960000 loss=0.00189 bce=0.00189 lap=0.00 lam=0.0e+00 val=0.9888 2ch=1.000 2cl=1.000 34s
 step  965000 loss=0.00188 bce=0.00188 lap=0.00 lam=0.0e+00 val=0.9886 2ch=1.000 2cl=1.000 34s
 step  970000 loss=0.00189 bce=0.00189 lap=0.00 lam=0.0e+00 val=0.9888 2ch=1.000 2cl=1.000 34s
 step  975000 loss=0.00189 bce=0.00189 lap=0.00 lam=0.0e+00 val=0.9890 2ch=1.000 2cl=1.000 34s
 step  980000 loss=0.00188 bce=0.00188 lap=0.00 lam=0.0e+00 val=0.9888 2ch=1.000 2cl=1.000 34s
 step  985000 loss=0.00188 bce=0.00188 lap=0.00 lam=0.0e+00 val=0.9888 2ch=1.000 2cl=1.000 34s
 step  990000 loss=0.00189 bce=0.00189 lap=0.00 lam=0.0e+00 val=0.9888 2ch=1.000 2cl=1.000 34s
 step  995000 loss=0.00189 bce=0.00189 lap=0.00 lam=0.0e+00 val=0.9888 2ch=1.000 2cl=1.000 34s
 step 1000000 loss=0.00188 bce=0.00188 lap=0.00 lam=0.0e+00 val=0.9890 2ch=1.000 2cl=1.000 34s
done. best in-dist exact=0.9890  -> runs/report5/train_bridged_in_stream/n20_mixedbr_roberta_linear_lam0_seed2000
auto-eval bridged: runs/report5/train_bridged_in_stream/n20_mixedbr_roberta_linear_lam0_seed2000/last.pt
checkpoint=runs/report5/train_bridged_in_stream/n20_mixedbr_roberta_linear_lam0_seed2000/last.pt
  arch=roberta readout=linear n=20 L=2 device=cuda
  [bridged] exact=1.000 withinA=1.000 withinB=1.000 cross=1.000 crossPredConn=1.000
  [split] exact=1.000 withinA=1.000 withinB=1.000 cross=1.000 crossPredConn=0.000
  discrimination acc=1.000 (bridged->conn 1.00, split->conn 0.00)
  c= 2  model cross=1.000 disc=1.000 | MP=1.00 BFS(b=c)=0.19 DFS(b=c)=0.19
  c= 3  model cross=1.000 disc=1.000 | MP=1.00 BFS(b=c)=0.10 DFS(b=c)=0.31
  c= 4  model cross=1.000 disc=1.000 | MP=1.00 BFS(b=c)=0.06 DFS(b=c)=0.44
  c= 5  model cross=1.000 disc=1.000 | MP=1.00 BFS(b=c)=0.04 DFS(b=c)=0.47
  c= 6  model cross=1.000 disc=1.000 | MP=1.00 BFS(b=c)=0.03 DFS(b=c)=0.54
  c= 7  model cross=1.000 disc=1.000 | MP=1.00 BFS(b=c)=0.02 DFS(b=c)=0.56
  c= 8  model cross=1.000 disc=1.000 | MP=1.00 BFS(b=c)=0.02 DFS(b=c)=0.59
  c= 9  model cross=1.000 disc=1.000 | MP=1.00 BFS(b=c)=0.01 DFS(b=c)=0.61
  c=10  model cross=1.000 disc=1.000 | MP=1.00 BFS(b=c)=0.01 DFS(b=c)=0.62
  saved -> runs/report5/bridged_cliques_trained/n20_seed2000/bridged_cliques.json
