task 7 -> n=20 p=0.08 seed=4000  (mixed + bridged/split in stream)
== n20_mixedbr_roberta_linear_lam0_seed4000 ==
 device=cuda arch=roberta readout=linear lambda=0.0 params=6,326,804
 step    5000 loss=0.25220 bce=0.25220 lap=0.00 lam=0.0e+00 val=0.4588 2ch=0.000 2cl=0.998 34s
 step   10000 loss=0.12708 bce=0.12708 lap=0.00 lam=0.0e+00 val=0.7650 2ch=0.000 2cl=1.000 34s
 step   15000 loss=0.06100 bce=0.06100 lap=0.00 lam=0.0e+00 val=0.7928 2ch=0.000 2cl=1.000 34s
 step   20000 loss=0.04440 bce=0.04440 lap=0.00 lam=0.0e+00 val=0.7988 2ch=0.000 2cl=1.000 34s
 step   25000 loss=0.03279 bce=0.03279 lap=0.00 lam=0.0e+00 val=0.8162 2ch=0.000 2cl=1.000 34s
 step   30000 loss=0.02592 bce=0.02592 lap=0.00 lam=0.0e+00 val=0.8258 2ch=0.000 2cl=1.000 34s
 step   35000 loss=0.02190 bce=0.02190 lap=0.00 lam=0.0e+00 val=0.8258 2ch=0.000 2cl=1.000 34s
 step   40000 loss=0.01914 bce=0.01914 lap=0.00 lam=0.0e+00 val=0.8636 2ch=0.304 2cl=1.000 34s
 step   45000 loss=0.01710 bce=0.01710 lap=0.00 lam=0.0e+00 val=0.9182 2ch=0.811 2cl=1.000 34s
 step   50000 loss=0.01542 bce=0.01542 lap=0.00 lam=0.0e+00 val=0.9406 2ch=0.975 2cl=1.000 34s
 step   55000 loss=0.01368 bce=0.01368 lap=0.00 lam=0.0e+00 val=0.9244 2ch=0.772 2cl=1.000 34s
 step   60000 loss=0.01243 bce=0.01243 lap=0.00 lam=0.0e+00 val=0.9498 2ch=0.999 2cl=1.000 34s
 step   65000 loss=0.01098 bce=0.01098 lap=0.00 lam=0.0e+00 val=0.9604 2ch=1.000 2cl=1.000 34s
 step   70000 loss=0.00959 bce=0.00959 lap=0.00 lam=0.0e+00 val=0.9652 2ch=1.000 2cl=1.000 34s
 step   75000 loss=0.00868 bce=0.00868 lap=0.00 lam=0.0e+00 val=0.9684 2ch=1.000 2cl=1.000 34s
 step   80000 loss=0.00814 bce=0.00814 lap=0.00 lam=0.0e+00 val=0.9686 2ch=1.000 2cl=1.000 34s
 step   85000 loss=0.00767 bce=0.00767 lap=0.00 lam=0.0e+00 val=0.9728 2ch=1.000 2cl=1.000 34s
 step   90000 loss=0.00717 bce=0.00717 lap=0.00 lam=0.0e+00 val=0.9714 2ch=1.000 2cl=1.000 34s
 step   95000 loss=0.00692 bce=0.00692 lap=0.00 lam=0.0e+00 val=0.9748 2ch=1.000 2cl=1.000 34s
 step  100000 loss=0.00669 bce=0.00669 lap=0.00 lam=0.0e+00 val=0.9734 2ch=1.000 2cl=1.000 34s
 step  105000 loss=0.00649 bce=0.00649 lap=0.00 lam=0.0e+00 val=0.9740 2ch=1.000 2cl=1.000 34s
 step  110000 loss=0.00627 bce=0.00627 lap=0.00 lam=0.0e+00 val=0.9752 2ch=1.000 2cl=1.000 34s
 step  115000 loss=0.00612 bce=0.00612 lap=0.00 lam=0.0e+00 val=0.9750 2ch=1.000 2cl=1.000 34s
 step  120000 loss=0.00591 bce=0.00591 lap=0.00 lam=0.0e+00 val=0.9758 2ch=1.000 2cl=1.000 34s
 step  125000 loss=0.00579 bce=0.00579 lap=0.00 lam=0.0e+00 val=0.9782 2ch=1.000 2cl=1.000 34s
 step  130000 loss=0.00568 bce=0.00568 lap=0.00 lam=0.0e+00 val=0.9720 2ch=0.996 2cl=1.000 34s
 step  135000 loss=0.00559 bce=0.00559 lap=0.00 lam=0.0e+00 val=0.9778 2ch=1.000 2cl=1.000 34s
 step  140000 loss=0.00544 bce=0.00544 lap=0.00 lam=0.0e+00 val=0.9782 2ch=1.000 2cl=1.000 34s
 step  145000 loss=0.00526 bce=0.00526 lap=0.00 lam=0.0e+00 val=0.9786 2ch=1.000 2cl=1.000 34s
 step  150000 loss=0.00524 bce=0.00524 lap=0.00 lam=0.0e+00 val=0.9782 2ch=1.000 2cl=1.000 34s
 step  155000 loss=0.00517 bce=0.00517 lap=0.00 lam=0.0e+00 val=0.9768 2ch=1.000 2cl=1.000 34s
 step  160000 loss=0.00508 bce=0.00508 lap=0.00 lam=0.0e+00 val=0.9778 2ch=1.000 2cl=1.000 34s
 step  165000 loss=0.00499 bce=0.00499 lap=0.00 lam=0.0e+00 val=0.9800 2ch=1.000 2cl=1.000 34s
 step  170000 loss=0.00494 bce=0.00494 lap=0.00 lam=0.0e+00 val=0.9766 2ch=1.000 2cl=1.000 34s
 step  175000 loss=0.00490 bce=0.00490 lap=0.00 lam=0.0e+00 val=0.9806 2ch=1.000 2cl=1.000 34s
 step  180000 loss=0.00482 bce=0.00482 lap=0.00 lam=0.0e+00 val=0.9774 2ch=1.000 2cl=1.000 34s
 step  185000 loss=0.00484 bce=0.00484 lap=0.00 lam=0.0e+00 val=0.9812 2ch=1.000 2cl=1.000 34s
 step  190000 loss=0.00462 bce=0.00462 lap=0.00 lam=0.0e+00 val=0.9802 2ch=1.000 2cl=1.000 34s
 step  195000 loss=0.00461 bce=0.00461 lap=0.00 lam=0.0e+00 val=0.9826 2ch=1.000 2cl=1.000 34s
 step  200000 loss=0.00461 bce=0.00461 lap=0.00 lam=0.0e+00 val=0.9824 2ch=1.000 2cl=1.000 34s
 step  205000 loss=0.00454 bce=0.00454 lap=0.00 lam=0.0e+00 val=0.9820 2ch=1.000 2cl=1.000 34s
 step  210000 loss=0.00444 bce=0.00444 lap=0.00 lam=0.0e+00 val=0.9824 2ch=1.000 2cl=1.000 34s
 step  215000 loss=0.00448 bce=0.00448 lap=0.00 lam=0.0e+00 val=0.9826 2ch=1.000 2cl=1.000 34s
 step  220000 loss=0.00440 bce=0.00440 lap=0.00 lam=0.0e+00 val=0.9824 2ch=1.000 2cl=1.000 34s
 step  225000 loss=0.00438 bce=0.00438 lap=0.00 lam=0.0e+00 val=0.9822 2ch=1.000 2cl=1.000 34s
 step  230000 loss=0.00433 bce=0.00433 lap=0.00 lam=0.0e+00 val=0.9824 2ch=1.000 2cl=1.000 34s
 step  235000 loss=0.00426 bce=0.00426 lap=0.00 lam=0.0e+00 val=0.9828 2ch=1.000 2cl=1.000 34s
 step  240000 loss=0.00426 bce=0.00426 lap=0.00 lam=0.0e+00 val=0.9832 2ch=1.000 2cl=1.000 34s
 step  245000 loss=0.00420 bce=0.00420 lap=0.00 lam=0.0e+00 val=0.9826 2ch=1.000 2cl=1.000 34s
 step  250000 loss=0.00421 bce=0.00421 lap=0.00 lam=0.0e+00 val=0.9816 2ch=1.000 2cl=1.000 34s
 step  255000 loss=0.00412 bce=0.00412 lap=0.00 lam=0.0e+00 val=0.9816 2ch=1.000 2cl=1.000 34s
 step  260000 loss=0.00415 bce=0.00415 lap=0.00 lam=0.0e+00 val=0.9836 2ch=1.000 2cl=1.000 34s
 step  265000 loss=0.00411 bce=0.00411 lap=0.00 lam=0.0e+00 val=0.9826 2ch=1.000 2cl=1.000 34s
 step  270000 loss=0.00407 bce=0.00407 lap=0.00 lam=0.0e+00 val=0.9834 2ch=1.000 2cl=1.000 34s
 step  275000 loss=0.00402 bce=0.00402 lap=0.00 lam=0.0e+00 val=0.9834 2ch=1.000 2cl=1.000 34s
 step  280000 loss=0.00400 bce=0.00400 lap=0.00 lam=0.0e+00 val=0.9828 2ch=1.000 2cl=1.000 34s
 step  285000 loss=0.00399 bce=0.00399 lap=0.00 lam=0.0e+00 val=0.9832 2ch=1.000 2cl=1.000 34s
 step  290000 loss=0.00389 bce=0.00389 lap=0.00 lam=0.0e+00 val=0.9832 2ch=1.000 2cl=1.000 34s
 step  295000 loss=0.00398 bce=0.00398 lap=0.00 lam=0.0e+00 val=0.9838 2ch=1.000 2cl=1.000 34s
 step  300000 loss=0.00387 bce=0.00387 lap=0.00 lam=0.0e+00 val=0.9832 2ch=1.000 2cl=1.000 34s
 step  305000 loss=0.00386 bce=0.00386 lap=0.00 lam=0.0e+00 val=0.9830 2ch=1.000 2cl=1.000 34s
 step  310000 loss=0.00384 bce=0.00384 lap=0.00 lam=0.0e+00 val=0.9830 2ch=1.000 2cl=1.000 34s
 step  315000 loss=0.00382 bce=0.00382 lap=0.00 lam=0.0e+00 val=0.9828 2ch=1.000 2cl=1.000 34s
 step  320000 loss=0.00384 bce=0.00384 lap=0.00 lam=0.0e+00 val=0.9830 2ch=1.000 2cl=1.000 34s
 step  325000 loss=0.00375 bce=0.00375 lap=0.00 lam=0.0e+00 val=0.9830 2ch=1.000 2cl=1.000 34s
 step  330000 loss=0.00375 bce=0.00375 lap=0.00 lam=0.0e+00 val=0.9832 2ch=1.000 2cl=1.000 34s
 step  335000 loss=0.00378 bce=0.00378 lap=0.00 lam=0.0e+00 val=0.9830 2ch=1.000 2cl=1.000 34s
 step  340000 loss=0.00370 bce=0.00370 lap=0.00 lam=0.0e+00 val=0.9832 2ch=1.000 2cl=1.000 33s
 step  345000 loss=0.00365 bce=0.00365 lap=0.00 lam=0.0e+00 val=0.9842 2ch=1.000 2cl=1.000 34s
 step  350000 loss=0.00369 bce=0.00369 lap=0.00 lam=0.0e+00 val=0.9832 2ch=1.000 2cl=1.000 34s
 step  355000 loss=0.00365 bce=0.00365 lap=0.00 lam=0.0e+00 val=0.9836 2ch=1.000 2cl=1.000 34s
 step  360000 loss=0.00362 bce=0.00362 lap=0.00 lam=0.0e+00 val=0.9836 2ch=1.000 2cl=1.000 34s
 step  365000 loss=0.00366 bce=0.00366 lap=0.00 lam=0.0e+00 val=0.9836 2ch=1.000 2cl=1.000 34s
 step  370000 loss=0.00354 bce=0.00354 lap=0.00 lam=0.0e+00 val=0.9838 2ch=1.000 2cl=1.000 34s
 step  375000 loss=0.00357 bce=0.00357 lap=0.00 lam=0.0e+00 val=0.9830 2ch=1.000 2cl=1.000 34s
 step  380000 loss=0.00356 bce=0.00356 lap=0.00 lam=0.0e+00 val=0.9836 2ch=1.000 2cl=1.000 34s
 step  385000 loss=0.00361 bce=0.00361 lap=0.00 lam=0.0e+00 val=0.9830 2ch=1.000 2cl=1.000 34s
 step  390000 loss=0.00349 bce=0.00349 lap=0.00 lam=0.0e+00 val=0.9826 2ch=1.000 2cl=1.000 34s
 step  395000 loss=0.00351 bce=0.00351 lap=0.00 lam=0.0e+00 val=0.9834 2ch=1.000 2cl=1.000 34s
 step  400000 loss=0.00346 bce=0.00346 lap=0.00 lam=0.0e+00 val=0.9834 2ch=1.000 2cl=1.000 34s
 step  405000 loss=0.00343 bce=0.00343 lap=0.00 lam=0.0e+00 val=0.9834 2ch=1.000 2cl=1.000 34s
 step  410000 loss=0.00346 bce=0.00346 lap=0.00 lam=0.0e+00 val=0.9834 2ch=1.000 2cl=1.000 34s
 step  415000 loss=0.00339 bce=0.00339 lap=0.00 lam=0.0e+00 val=0.9832 2ch=1.000 2cl=1.000 34s
 step  420000 loss=0.00337 bce=0.00337 lap=0.00 lam=0.0e+00 val=0.9830 2ch=1.000 2cl=1.000 34s
 step  425000 loss=0.00340 bce=0.00340 lap=0.00 lam=0.0e+00 val=0.9836 2ch=1.000 2cl=1.000 34s
 step  430000 loss=0.00335 bce=0.00335 lap=0.00 lam=0.0e+00 val=0.9832 2ch=1.000 2cl=1.000 33s
 step  435000 loss=0.00347 bce=0.00347 lap=0.00 lam=0.0e+00 val=0.9836 2ch=1.000 2cl=1.000 34s
 step  440000 loss=0.00334 bce=0.00334 lap=0.00 lam=0.0e+00 val=0.9830 2ch=1.000 2cl=1.000 34s
 step  445000 loss=0.00329 bce=0.00329 lap=0.00 lam=0.0e+00 val=0.9834 2ch=1.000 2cl=1.000 34s
 step  450000 loss=0.00329 bce=0.00329 lap=0.00 lam=0.0e+00 val=0.9832 2ch=1.000 2cl=1.000 33s
 step  455000 loss=0.00327 bce=0.00327 lap=0.00 lam=0.0e+00 val=0.9834 2ch=1.000 2cl=1.000 34s
 step  460000 loss=0.00328 bce=0.00328 lap=0.00 lam=0.0e+00 val=0.9836 2ch=1.000 2cl=1.000 34s
 step  465000 loss=0.00323 bce=0.00323 lap=0.00 lam=0.0e+00 val=0.9836 2ch=1.000 2cl=1.000 34s
 step  470000 loss=0.00321 bce=0.00321 lap=0.00 lam=0.0e+00 val=0.9834 2ch=1.000 2cl=1.000 34s
 step  475000 loss=0.00319 bce=0.00319 lap=0.00 lam=0.0e+00 val=0.9842 2ch=1.000 2cl=1.000 34s
 step  480000 loss=0.00320 bce=0.00320 lap=0.00 lam=0.0e+00 val=0.9836 2ch=1.000 2cl=1.000 34s
 step  485000 loss=0.00312 bce=0.00312 lap=0.00 lam=0.0e+00 val=0.9830 2ch=1.000 2cl=1.000 33s
 step  490000 loss=0.00312 bce=0.00312 lap=0.00 lam=0.0e+00 val=0.9834 2ch=1.000 2cl=1.000 34s
 step  495000 loss=0.00314 bce=0.00314 lap=0.00 lam=0.0e+00 val=0.9838 2ch=1.000 2cl=1.000 34s
 step  500000 loss=0.00309 bce=0.00309 lap=0.00 lam=0.0e+00 val=0.9832 2ch=1.000 2cl=1.000 34s
 step  505000 loss=0.00306 bce=0.00306 lap=0.00 lam=0.0e+00 val=0.9840 2ch=1.000 2cl=1.000 34s
 step  510000 loss=0.00306 bce=0.00306 lap=0.00 lam=0.0e+00 val=0.9838 2ch=1.000 2cl=1.000 34s
 step  515000 loss=0.00303 bce=0.00303 lap=0.00 lam=0.0e+00 val=0.9840 2ch=1.000 2cl=1.000 34s
 step  520000 loss=0.00301 bce=0.00301 lap=0.00 lam=0.0e+00 val=0.9840 2ch=1.000 2cl=1.000 34s
 step  525000 loss=0.00295 bce=0.00295 lap=0.00 lam=0.0e+00 val=0.9840 2ch=1.000 2cl=1.000 34s
 step  530000 loss=0.00295 bce=0.00295 lap=0.00 lam=0.0e+00 val=0.9836 2ch=1.000 2cl=1.000 33s
 step  535000 loss=0.00291 bce=0.00291 lap=0.00 lam=0.0e+00 val=0.9830 2ch=1.000 2cl=1.000 34s
 step  540000 loss=0.00292 bce=0.00292 lap=0.00 lam=0.0e+00 val=0.9836 2ch=1.000 2cl=1.000 34s
 step  545000 loss=0.00288 bce=0.00288 lap=0.00 lam=0.0e+00 val=0.9840 2ch=1.000 2cl=1.000 34s
 step  550000 loss=0.00284 bce=0.00284 lap=0.00 lam=0.0e+00 val=0.9840 2ch=1.000 2cl=1.000 34s
 step  555000 loss=0.00283 bce=0.00283 lap=0.00 lam=0.0e+00 val=0.9844 2ch=1.000 2cl=1.000 34s
 step  560000 loss=0.00281 bce=0.00281 lap=0.00 lam=0.0e+00 val=0.9834 2ch=1.000 2cl=1.000 34s
 step  565000 loss=0.00277 bce=0.00277 lap=0.00 lam=0.0e+00 val=0.9844 2ch=1.000 2cl=1.000 34s
 step  570000 loss=0.00278 bce=0.00278 lap=0.00 lam=0.0e+00 val=0.9838 2ch=1.000 2cl=1.000 34s
 step  575000 loss=0.00272 bce=0.00272 lap=0.00 lam=0.0e+00 val=0.9846 2ch=1.000 2cl=1.000 34s
 step  580000 loss=0.00272 bce=0.00272 lap=0.00 lam=0.0e+00 val=0.9844 2ch=1.000 2cl=1.000 34s
 step  585000 loss=0.00268 bce=0.00268 lap=0.00 lam=0.0e+00 val=0.9846 2ch=1.000 2cl=1.000 34s
 step  590000 loss=0.00266 bce=0.00266 lap=0.00 lam=0.0e+00 val=0.9840 2ch=1.000 2cl=1.000 34s
 step  595000 loss=0.00266 bce=0.00266 lap=0.00 lam=0.0e+00 val=0.9840 2ch=1.000 2cl=1.000 34s
 step  600000 loss=0.00264 bce=0.00264 lap=0.00 lam=0.0e+00 val=0.9842 2ch=1.000 2cl=1.000 34s
 step  605000 loss=0.00260 bce=0.00260 lap=0.00 lam=0.0e+00 val=0.9850 2ch=1.000 2cl=1.000 34s
 step  610000 loss=0.00258 bce=0.00258 lap=0.00 lam=0.0e+00 val=0.9850 2ch=1.000 2cl=1.000 34s
 step  615000 loss=0.00258 bce=0.00258 lap=0.00 lam=0.0e+00 val=0.9850 2ch=1.000 2cl=1.000 34s
 step  620000 loss=0.00253 bce=0.00253 lap=0.00 lam=0.0e+00 val=0.9854 2ch=1.000 2cl=1.000 34s
 step  625000 loss=0.00251 bce=0.00251 lap=0.00 lam=0.0e+00 val=0.9856 2ch=1.000 2cl=1.000 34s
 step  630000 loss=0.00250 bce=0.00250 lap=0.00 lam=0.0e+00 val=0.9848 2ch=1.000 2cl=1.000 34s
 step  635000 loss=0.00248 bce=0.00248 lap=0.00 lam=0.0e+00 val=0.9858 2ch=1.000 2cl=1.000 34s
 step  640000 loss=0.00248 bce=0.00248 lap=0.00 lam=0.0e+00 val=0.9858 2ch=1.000 2cl=1.000 34s
 step  645000 loss=0.00245 bce=0.00245 lap=0.00 lam=0.0e+00 val=0.9858 2ch=1.000 2cl=1.000 34s
 step  650000 loss=0.00242 bce=0.00242 lap=0.00 lam=0.0e+00 val=0.9858 2ch=1.000 2cl=1.000 34s
 step  655000 loss=0.00241 bce=0.00241 lap=0.00 lam=0.0e+00 val=0.9858 2ch=1.000 2cl=1.000 34s
 step  660000 loss=0.00241 bce=0.00241 lap=0.00 lam=0.0e+00 val=0.9860 2ch=1.000 2cl=1.000 33s
 step  665000 loss=0.00238 bce=0.00238 lap=0.00 lam=0.0e+00 val=0.9860 2ch=1.000 2cl=1.000 34s
 step  670000 loss=0.00235 bce=0.00235 lap=0.00 lam=0.0e+00 val=0.9858 2ch=1.000 2cl=1.000 34s
 step  675000 loss=0.00233 bce=0.00233 lap=0.00 lam=0.0e+00 val=0.9864 2ch=1.000 2cl=1.000 34s
 step  680000 loss=0.00233 bce=0.00233 lap=0.00 lam=0.0e+00 val=0.9854 2ch=1.000 2cl=1.000 34s
 step  685000 loss=0.00231 bce=0.00231 lap=0.00 lam=0.0e+00 val=0.9868 2ch=1.000 2cl=1.000 34s
 step  690000 loss=0.00230 bce=0.00230 lap=0.00 lam=0.0e+00 val=0.9862 2ch=1.000 2cl=1.000 34s
 step  695000 loss=0.00227 bce=0.00227 lap=0.00 lam=0.0e+00 val=0.9858 2ch=1.000 2cl=1.000 34s
 step  700000 loss=0.00225 bce=0.00225 lap=0.00 lam=0.0e+00 val=0.9858 2ch=1.000 2cl=1.000 34s
 step  705000 loss=0.00224 bce=0.00224 lap=0.00 lam=0.0e+00 val=0.9862 2ch=1.000 2cl=1.000 34s
 step  710000 loss=0.00223 bce=0.00223 lap=0.00 lam=0.0e+00 val=0.9866 2ch=1.000 2cl=1.000 34s
 step  715000 loss=0.00222 bce=0.00222 lap=0.00 lam=0.0e+00 val=0.9868 2ch=1.000 2cl=1.000 34s
 step  720000 loss=0.00221 bce=0.00221 lap=0.00 lam=0.0e+00 val=0.9870 2ch=1.000 2cl=1.000 34s
 step  725000 loss=0.00219 bce=0.00219 lap=0.00 lam=0.0e+00 val=0.9862 2ch=1.000 2cl=1.000 34s
 step  730000 loss=0.00218 bce=0.00218 lap=0.00 lam=0.0e+00 val=0.9862 2ch=1.000 2cl=1.000 34s
 step  735000 loss=0.00217 bce=0.00217 lap=0.00 lam=0.0e+00 val=0.9868 2ch=1.000 2cl=1.000 34s
 step  740000 loss=0.00216 bce=0.00216 lap=0.00 lam=0.0e+00 val=0.9872 2ch=1.000 2cl=1.000 34s
 step  745000 loss=0.00213 bce=0.00213 lap=0.00 lam=0.0e+00 val=0.9868 2ch=1.000 2cl=1.000 34s
 step  750000 loss=0.00212 bce=0.00212 lap=0.00 lam=0.0e+00 val=0.9872 2ch=1.000 2cl=1.000 34s
 step  755000 loss=0.00212 bce=0.00212 lap=0.00 lam=0.0e+00 val=0.9874 2ch=1.000 2cl=1.000 34s
 step  760000 loss=0.00211 bce=0.00211 lap=0.00 lam=0.0e+00 val=0.9860 2ch=1.000 2cl=1.000 34s
 step  765000 loss=0.00210 bce=0.00210 lap=0.00 lam=0.0e+00 val=0.9874 2ch=1.000 2cl=1.000 34s
 step  770000 loss=0.00208 bce=0.00208 lap=0.00 lam=0.0e+00 val=0.9868 2ch=1.000 2cl=1.000 34s
 step  775000 loss=0.00208 bce=0.00208 lap=0.00 lam=0.0e+00 val=0.9870 2ch=1.000 2cl=1.000 34s
 step  780000 loss=0.00207 bce=0.00207 lap=0.00 lam=0.0e+00 val=0.9878 2ch=1.000 2cl=1.000 34s
 step  785000 loss=0.00207 bce=0.00207 lap=0.00 lam=0.0e+00 val=0.9870 2ch=1.000 2cl=1.000 34s
 step  790000 loss=0.00204 bce=0.00204 lap=0.00 lam=0.0e+00 val=0.9872 2ch=1.000 2cl=1.000 34s
 step  795000 loss=0.00205 bce=0.00205 lap=0.00 lam=0.0e+00 val=0.9884 2ch=1.000 2cl=1.000 34s
 step  800000 loss=0.00204 bce=0.00204 lap=0.00 lam=0.0e+00 val=0.9870 2ch=1.000 2cl=1.000 34s
 step  805000 loss=0.00202 bce=0.00202 lap=0.00 lam=0.0e+00 val=0.9880 2ch=1.000 2cl=1.000 34s
 step  810000 loss=0.00201 bce=0.00201 lap=0.00 lam=0.0e+00 val=0.9880 2ch=1.000 2cl=1.000 34s
 step  815000 loss=0.00200 bce=0.00200 lap=0.00 lam=0.0e+00 val=0.9872 2ch=1.000 2cl=1.000 34s
 step  820000 loss=0.00200 bce=0.00200 lap=0.00 lam=0.0e+00 val=0.9878 2ch=1.000 2cl=1.000 34s
 step  825000 loss=0.00200 bce=0.00200 lap=0.00 lam=0.0e+00 val=0.9874 2ch=1.000 2cl=1.000 34s
 step  830000 loss=0.00199 bce=0.00199 lap=0.00 lam=0.0e+00 val=0.9876 2ch=1.000 2cl=1.000 34s
 step  835000 loss=0.00198 bce=0.00198 lap=0.00 lam=0.0e+00 val=0.9866 2ch=1.000 2cl=1.000 34s
 step  840000 loss=0.00198 bce=0.00198 lap=0.00 lam=0.0e+00 val=0.9878 2ch=1.000 2cl=1.000 34s
 step  845000 loss=0.00197 bce=0.00197 lap=0.00 lam=0.0e+00 val=0.9878 2ch=1.000 2cl=1.000 34s
 step  850000 loss=0.00197 bce=0.00197 lap=0.00 lam=0.0e+00 val=0.9876 2ch=1.000 2cl=1.000 34s
 step  855000 loss=0.00196 bce=0.00196 lap=0.00 lam=0.0e+00 val=0.9880 2ch=1.000 2cl=1.000 34s
 step  860000 loss=0.00195 bce=0.00195 lap=0.00 lam=0.0e+00 val=0.9876 2ch=1.000 2cl=1.000 34s
 step  865000 loss=0.00196 bce=0.00196 lap=0.00 lam=0.0e+00 val=0.9878 2ch=1.000 2cl=1.000 34s
 step  870000 loss=0.00194 bce=0.00194 lap=0.00 lam=0.0e+00 val=0.9872 2ch=1.000 2cl=1.000 34s
 step  875000 loss=0.00194 bce=0.00194 lap=0.00 lam=0.0e+00 val=0.9876 2ch=1.000 2cl=1.000 34s
 step  880000 loss=0.00193 bce=0.00193 lap=0.00 lam=0.0e+00 val=0.9878 2ch=1.000 2cl=1.000 34s
 step  885000 loss=0.00194 bce=0.00194 lap=0.00 lam=0.0e+00 val=0.9878 2ch=1.000 2cl=1.000 34s
 step  890000 loss=0.00193 bce=0.00193 lap=0.00 lam=0.0e+00 val=0.9874 2ch=1.000 2cl=1.000 34s
 step  895000 loss=0.00193 bce=0.00193 lap=0.00 lam=0.0e+00 val=0.9878 2ch=1.000 2cl=1.000 34s
 step  900000 loss=0.00192 bce=0.00192 lap=0.00 lam=0.0e+00 val=0.9882 2ch=1.000 2cl=1.000 34s
 step  905000 loss=0.00192 bce=0.00192 lap=0.00 lam=0.0e+00 val=0.9878 2ch=1.000 2cl=1.000 34s
 step  910000 loss=0.00192 bce=0.00192 lap=0.00 lam=0.0e+00 val=0.9878 2ch=1.000 2cl=1.000 34s
 step  915000 loss=0.00191 bce=0.00191 lap=0.00 lam=0.0e+00 val=0.9880 2ch=1.000 2cl=1.000 34s
 step  920000 loss=0.00191 bce=0.00191 lap=0.00 lam=0.0e+00 val=0.9880 2ch=1.000 2cl=1.000 34s
 step  925000 loss=0.00191 bce=0.00191 lap=0.00 lam=0.0e+00 val=0.9882 2ch=1.000 2cl=1.000 34s
 step  930000 loss=0.00191 bce=0.00191 lap=0.00 lam=0.0e+00 val=0.9882 2ch=1.000 2cl=1.000 34s
 step  935000 loss=0.00190 bce=0.00190 lap=0.00 lam=0.0e+00 val=0.9882 2ch=1.000 2cl=1.000 34s
 step  940000 loss=0.00190 bce=0.00190 lap=0.00 lam=0.0e+00 val=0.9878 2ch=1.000 2cl=1.000 34s
 step  945000 loss=0.00190 bce=0.00190 lap=0.00 lam=0.0e+00 val=0.9878 2ch=1.000 2cl=1.000 34s
 step  950000 loss=0.00190 bce=0.00190 lap=0.00 lam=0.0e+00 val=0.9878 2ch=1.000 2cl=1.000 34s
 step  955000 loss=0.00191 bce=0.00191 lap=0.00 lam=0.0e+00 val=0.9880 2ch=1.000 2cl=1.000 34s
 step  960000 loss=0.00188 bce=0.00188 lap=0.00 lam=0.0e+00 val=0.9880 2ch=1.000 2cl=1.000 34s
 step  965000 loss=0.00191 bce=0.00191 lap=0.00 lam=0.0e+00 val=0.9880 2ch=1.000 2cl=1.000 34s
 step  970000 loss=0.00189 bce=0.00189 lap=0.00 lam=0.0e+00 val=0.9880 2ch=1.000 2cl=1.000 34s
 step  975000 loss=0.00190 bce=0.00190 lap=0.00 lam=0.0e+00 val=0.9880 2ch=1.000 2cl=1.000 34s
 step  980000 loss=0.00189 bce=0.00189 lap=0.00 lam=0.0e+00 val=0.9880 2ch=1.000 2cl=1.000 34s
 step  985000 loss=0.00190 bce=0.00190 lap=0.00 lam=0.0e+00 val=0.9880 2ch=1.000 2cl=1.000 34s
 step  990000 loss=0.00189 bce=0.00189 lap=0.00 lam=0.0e+00 val=0.9880 2ch=1.000 2cl=1.000 34s
 step  995000 loss=0.00189 bce=0.00189 lap=0.00 lam=0.0e+00 val=0.9880 2ch=1.000 2cl=1.000 34s
 step 1000000 loss=0.00189 bce=0.00189 lap=0.00 lam=0.0e+00 val=0.9880 2ch=1.000 2cl=1.000 34s
done. best in-dist exact=0.9884  -> runs/report5/train_bridged_in_stream/n20_mixedbr_roberta_linear_lam0_seed4000
auto-eval bridged: runs/report5/train_bridged_in_stream/n20_mixedbr_roberta_linear_lam0_seed4000/last.pt
checkpoint=runs/report5/train_bridged_in_stream/n20_mixedbr_roberta_linear_lam0_seed4000/last.pt
  arch=roberta readout=linear n=20 L=2 device=cuda
  [bridged] exact=1.000 withinA=1.000 withinB=1.000 cross=1.000 crossPredConn=1.000
  [split] exact=1.000 withinA=1.000 withinB=1.000 cross=1.000 crossPredConn=0.000
  discrimination acc=1.000 (bridged->conn 1.00, split->conn 0.00)
  c= 2  model cross=1.000 disc=1.000 | MP=1.00 BFS(b=c)=0.19 DFS(b=c)=0.19
  c= 3  model cross=1.000 disc=1.000 | MP=1.00 BFS(b=c)=0.10 DFS(b=c)=0.31
  c= 4  model cross=1.000 disc=1.000 | MP=1.00 BFS(b=c)=0.06 DFS(b=c)=0.44
  c= 5  model cross=1.000 disc=1.000 | MP=1.00 BFS(b=c)=0.04 DFS(b=c)=0.47
  c= 6  model cross=1.000 disc=1.000 | MP=1.00 BFS(b=c)=0.03 DFS(b=c)=0.54
  c= 7  model cross=1.000 disc=1.000 | MP=1.00 BFS(b=c)=0.02 DFS(b=c)=0.56
  c= 8  model cross=1.000 disc=1.000 | MP=1.00 BFS(b=c)=0.02 DFS(b=c)=0.59
  c= 9  model cross=1.000 disc=1.000 | MP=1.00 BFS(b=c)=0.01 DFS(b=c)=0.61
  c=10  model cross=1.000 disc=1.000 | MP=1.00 BFS(b=c)=0.01 DFS(b=c)=0.62
  saved -> runs/report5/bridged_cliques_trained/n20_seed4000/bridged_cliques.json
