\BOOKMARK [1][-]{section.1}{\376\377\000I\000n\000t\000r\000o\000d\000u\000c\000t\000i\000o\000n}{}% 1
\BOOKMARK [1][-]{section.2}{\376\377\000M\000o\000d\000e\000l\000\040\000a\000n\000d\000\040\000t\000a\000s\000k}{}% 2
\BOOKMARK [1][-]{section.3}{\376\377\000C\000h\000a\000p\000t\000e\000r\000\040\0001\000\040\040\024\000\040\000S\000m\000a\000l\000l\000-\000s\000c\000a\000l\000e\000\040\000e\000x\000p\000e\000r\000i\000m\000e\000n\000t\000s\000\040\000\050\000n\000\040\000=\000\040\0001\0000\000\040\000a\000n\000d\000\040\000n\000\040\000=\000\040\0001\0004\000\051}{}% 3
\BOOKMARK [2][-]{subsection.3.1}{\376\377\000E\000R\000\050\000n\000\040\000=\000\040\0001\0000\000\051}{section.3}% 4
\BOOKMARK [2][-]{subsection.3.2}{\376\377\0002\000-\000c\000h\000a\000i\000n\000s\000\040\000\050\000n\000\040\000=\000\040\0001\0004\000\051}{section.3}% 5
\BOOKMARK [3][-]{subsubsection.3.2.1}{\376\377\000P\000e\000r\000i\000o\000d\000i\000c\000\040\000s\000p\000i\000k\000e\000s\000\040\000i\000n\000\040\000t\000h\000e\000\040\000t\000r\000a\000i\000n\000i\000n\000g\000\040\000l\000o\000s\000s}{subsection.3.2}% 6
\BOOKMARK [3][-]{subsubsection.3.2.2}{\376\377\000O\000u\000t\000-\000o\000f\000-\000d\000i\000s\000t\000r\000i\000b\000u\000t\000i\000o\000n\000\040\000e\000v\000a\000l\000u\000a\000t\000i\000o\000n\000\040\000\050\000c\000h\000a\000i\000n\000s\000\040\000\040\000E\000R\000\051}{subsection.3.2}% 7
\BOOKMARK [2][-]{subsection.3.3}{\376\377\0002\000-\000c\000l\000i\000q\000u\000e\000s\000\040\000\050\000n\000\040\000=\000\040\0001\0004\000\051}{section.3}% 8
\BOOKMARK [3][-]{subsubsection.3.3.1}{\376\377\000O\000u\000t\000-\000o\000f\000-\000d\000i\000s\000t\000r\000i\000b\000u\000t\000i\000o\000n\000\040\000e\000v\000a\000l\000u\000a\000t\000i\000o\000n\000\040\000\050\000c\000l\000i\000q\000u\000e\000s\000\040\000\040\000E\000R\000\051}{subsection.3.3}% 9
\BOOKMARK [1][-]{section.4}{\376\377\000C\000h\000a\000p\000t\000e\000r\000\040\0002\000\040\040\024\000\040\000D\000i\000a\000m\000e\000t\000e\000r\000-\000c\000o\000n\000t\000r\000o\000l\000l\000e\000d\000\040\000t\000r\000a\000i\000n\000i\000n\000g\000\040\000o\000n\000\040\000E\000R\000\050\000n\000\040\000=\000\040\0004\0000\000\051\000\040\000\050\000s\000m\000a\000l\000l\000\040\000m\000o\000d\000e\000l\000\051}{}% 10
\BOOKMARK [2][-]{subsection.4.1}{\376\377\000M\000o\000t\000i\000v\000a\000t\000i\000o\000n\000\040\000a\000n\000d\000\040\000s\000e\000t\000u\000p}{section.4}% 11
\BOOKMARK [2][-]{subsection.4.2}{\376\377\000C\000r\000o\000s\000s\000-\000e\000x\000p\000e\000r\000i\000m\000e\000n\000t\000\040\000v\000i\000e\000w\000:\000\040\000c\000o\000n\000v\000e\000r\000g\000e\000n\000c\000e\000\040\000a\000n\000d\000\040\000f\000i\000n\000a\000l\000\040\000a\000c\000c\000u\000r\000a\000c\000y}{section.4}% 12
\BOOKMARK [2][-]{subsection.4.3}{\376\377\000C\000r\000o\000s\000s\000-\000e\000x\000p\000e\000r\000i\000m\000e\000n\000t\000\040\000v\000i\000e\000w\000:\000\040\000p\000a\000i\000r\000w\000i\000s\000e\000\040\000a\000c\000c\000u\000r\000a\000c\000y\000\040\000b\000y\000\040\000d\000i\000s\000t\000a\000n\000c\000e}{section.4}% 13
\BOOKMARK [2][-]{subsection.4.4}{\376\377\000C\000r\000o\000s\000s\000-\000e\000x\000p\000e\000r\000i\000m\000e\000n\000t\000\040\000v\000i\000e\000w\000:\000\040\000o\000u\000t\000-\000o\000f\000-\000d\000i\000s\000t\000r\000i\000b\000u\000t\000i\000o\000n}{section.4}% 14
\BOOKMARK [2][-]{subsection.4.5}{\376\377\000P\000e\000r\000-\000e\000x\000p\000e\000r\000i\000m\000e\000n\000t\000\040\000f\000i\000g\000u\000r\000e\000s\000\040\000\050\000s\000m\000a\000l\000l\000\040\000m\000o\000d\000e\000l\000\051}{section.4}% 15
\BOOKMARK [3][-]{subsubsection.4.5.1}{\376\377\000U\000n\000f\000i\000l\000t\000e\000r\000e\000d}{subsection.4.5}% 16
\BOOKMARK [3][-]{subsubsection.4.5.2}{\376\377\000D\000\040\0001\0001}{subsection.4.5}% 17
\BOOKMARK [3][-]{subsubsection.4.5.3}{\376\377\000D\000\040\0009}{subsection.4.5}% 18
\BOOKMARK [3][-]{subsubsection.4.5.4}{\376\377\000D\000\040\0007}{subsection.4.5}% 19
\BOOKMARK [2][-]{subsection.4.6}{\376\377\000C\000o\000m\000m\000e\000n\000t\000s\000\040\000o\000n\000\040\000C\000h\000a\000p\000t\000e\000r\000\040\0004}{section.4}% 20
\BOOKMARK [1][-]{section.5}{\376\377\000C\000h\000a\000p\000t\000e\000r\000\040\0003\000\040\040\024\000\040\000D\000i\000a\000m\000e\000t\000e\000r\000-\000c\000o\000n\000t\000r\000o\000l\000l\000e\000d\000\040\000t\000r\000a\000i\000n\000i\000n\000g\000\040\000o\000n\000\040\000E\000R\000\050\000n\000\040\000=\000\040\0004\0000\000\051\000\040\000\050\000l\000a\000r\000g\000e\000\040\000m\000o\000d\000e\000l\000\051}{}% 21
\BOOKMARK [2][-]{subsection.5.1}{\376\377\000M\000o\000t\000i\000v\000a\000t\000i\000o\000n\000\040\000a\000n\000d\000\040\000s\000e\000t\000u\000p}{section.5}% 22
\BOOKMARK [2][-]{subsection.5.2}{\376\377\000C\000r\000o\000s\000s\000-\000e\000x\000p\000e\000r\000i\000m\000e\000n\000t\000\040\000v\000i\000e\000w\000:\000\040\000c\000o\000n\000v\000e\000r\000g\000e\000n\000c\000e\000\040\000a\000n\000d\000\040\000f\000i\000n\000a\000l\000\040\000a\000c\000c\000u\000r\000a\000c\000y}{section.5}% 23
\BOOKMARK [2][-]{subsection.5.3}{\376\377\000C\000r\000o\000s\000s\000-\000e\000x\000p\000e\000r\000i\000m\000e\000n\000t\000\040\000v\000i\000e\000w\000:\000\040\000o\000u\000t\000-\000o\000f\000-\000d\000i\000s\000t\000r\000i\000b\000u\000t\000i\000o\000n}{section.5}% 24
\BOOKMARK [2][-]{subsection.5.4}{\376\377\000P\000e\000r\000-\000e\000x\000p\000e\000r\000i\000m\000e\000n\000t\000\040\000f\000i\000g\000u\000r\000e\000s\000\040\000\050\000l\000a\000r\000g\000e\000\040\000m\000o\000d\000e\000l\000\051}{section.5}% 25
\BOOKMARK [3][-]{subsubsection.5.4.1}{\376\377\000U\000n\000f\000i\000l\000t\000e\000r\000e\000d}{subsection.5.4}% 26
\BOOKMARK [3][-]{subsubsection.5.4.2}{\376\377\000D\000\040\0001\0001}{subsection.5.4}% 27
\BOOKMARK [3][-]{subsubsection.5.4.3}{\376\377\000D\000\040\0009}{subsection.5.4}% 28
\BOOKMARK [3][-]{subsubsection.5.4.4}{\376\377\000D\000\040\0007}{subsection.5.4}% 29
\BOOKMARK [3][-]{subsubsection.5.4.5}{\376\377\000C\000u\000r\000r\000i\000c\000u\000l\000u\000m}{subsection.5.4}% 30
\BOOKMARK [2][-]{subsection.5.5}{\376\377\000C\000o\000m\000m\000e\000n\000t\000s\000\040\000o\000n\000\040\000C\000h\000a\000p\000t\000e\000r\000\040\0005}{section.5}% 31
